PLC connected
Register SQL local success
Prichal connected
Register SQL local success
curent name:OPC_Prichal
data rcv RT:[ [32m'0.00'[39m, [32m'4.31'[39m, [32m'3.38'[39m, [32m'0.01'[39m ]
data rcv RT:[ [32m'0.00'[39m, [32m'4.36'[39m, [32m'3.40'[39m, [32m'0.01'[39m ]
data rcv RT:[ [32m'0.00'[39m, [32m'4.36'[39m, [32m'3.37'[39m, [32m'0.03'[39m ]
data rcv RT:[ [32m'0.00'[39m, [32m'4.35'[39m, [32m'3.42'[39m, [32m'0.00'[39m ]
data rcv RT:[ [32m'0.00'[39m, [32m'4.31'[39m, [32m'3.40'[39m, [32m'0.00'[39m ]
data rcv RT:[ [32m'0.00'[39m, [32m'4.29'[39m, [32m'3.45'[39m, [32m'0.00'[39m ]
data rcv RT:[ [32m'0.00'[39m, [32m'4.27'[39m, [32m'3.43'[39m, [32m'0.00'[39m ]
data rcv RT:[ [32m'0.00'[39m, [32m'4.26'[39m, [32m'3.39'[39m, [32m'0.00'[39m ]
data rcv RT:[ [32m'0.00'[39m, [32m'4.28'[39m, [32m'3.38'[39m, [32m'0.00'[39m ]
data rcv RT:[ [32m'0.00'[39m, [32m'4.35'[39m, [32m'3.37'[39m, [32m'0.03'[39m ]
row:0 value:0 utc:1474967974497
row:1 value:0 utc:1474967975498
row:2 value:0 utc:1474967976497
row:3 value:0 utc:1474967977499
row:4 value:0 utc:1474967978499
row:5 value:0 utc:1474967979502
row:6 value:0 utc:1474967982503
row:7 value:0 utc:1474967983505
row:8 value:0 utc:1474967984505
prepare to del id:1474967984505 on tube 1
row:0 value:4.33 utc:1474967974497
row:1 value:4.34 utc:1474967975498
row:2 value:4.33 utc:1474967976497
row:3 value:4.32 utc:1474967977499
row:4 value:4.31 utc:1474967978499
row:5 value:4.31 utc:1474967979502
row:6 value:4.28 utc:1474967982503
row:7 value:4.26 utc:1474967983505
row:8 value:4.28 utc:1474967984505
prepare to del id:1474967984505 on tube 2
row:0 value:3.49 utc:1474967974497
row:1 value:3.47 utc:1474967975498
row:2 value:3.46 utc:1474967976497
row:3 value:3.47 utc:1474967977499
row:4 value:3.47 utc:1474967978499
row:5 value:3.47 utc:1474967979502
row:6 value:3.46 utc:1474967982503
row:7 value:3.46 utc:1474967983505
row:8 value:3.45 utc:1474967984505
prepare to del id:1474967984505 on tube 3
row:0 value:0 utc:1474967974497
row:1 value:0 utc:1474967975498
row:2 value:0 utc:1474967976497
row:3 value:0 utc:1474967977499
row:4 value:0 utc:1474967978499
row:5 value:0 utc:1474967979502
row:6 value:0 utc:1474967982503
row:7 value:0 utc:1474967983505
row:8 value:0 utc:1474967984505
prepare to del id:1474967984505 on tube 4
data rcv RT:[ [32m'0.00'[39m, [32m'4.33'[39m, [32m'3.35'[39m, [32m'0.03'[39m ]
data rcv RT:[ [32m'0.00'[39m, [32m'4.38'[39m, [32m'3.42'[39m, [32m'0.00'[39m ]
data rcv RT:[ [32m'0.00'[39m, [32m'4.34'[39m, [32m'3.43'[39m, [32m'0.00'[39m ]
data rcv RT:[ [32m'0.00'[39m, [32m'4.34'[39m, [32m'3.42'[39m, [32m'0.00'[39m ]
data rcv RT:[ [32m'0.00'[39m, [32m'4.27'[39m, [32m'3.41'[39m, [32m'0.00'[39m ]
data rcv RT:[ [32m'0.00'[39m, [32m'4.29'[39m, [32m'3.40'[39m, [32m'0.00'[39m ]
data rcv RT:[ [32m'0.00'[39m, [32m'4.27'[39m, [32m'3.36'[39m, [32m'0.00'[39m ]
data rcv RT:[ [32m'0.00'[39m, [32m'4.29'[39m, [32m'3.37'[39m, [32m'0.00'[39m ]
data rcv RT:[ [32m'0.00'[39m, [32m'4.32'[39m, [32m'3.36'[39m, [32m'0.01'[39m ]
data rcv RT:[ [32m'0.00'[39m, [32m'4.35'[39m, [32m'3.40'[39m, [32m'0.01'[39m ]
data rcv RT:[ [32m'0.00'[39m, [32m'4.39'[39m, [32m'3.41'[39m, [32m'0.00'[39m ]
data rcv RT:[ [32m'0.00'[39m, [32m'4.35'[39m, [32m'3.44'[39m, [32m'0.00'[39m ]
data rcv RT:[ [32m'0.00'[39m, [32m'4.30'[39m, [32m'3.42'[39m, [32m'0.00'[39m ]
data rcv RT:[ [32m'0.00'[39m, [32m'4.28'[39m, [32m'3.45'[39m, [32m'0.00'[39m ]
data rcv RT:[ [32m'0.00'[39m, [32m'4.30'[39m, [32m'3.45'[39m, [32m'0.00'[39m ]
data rcv RT:[ [32m'0.00'[39m, [32m'4.26'[39m, [32m'3.44'[39m, [32m'0.00'[39m ]
data rcv RT:[ [32m'0.00'[39m, [32m'4.26'[39m, [32m'3.40'[39m, [32m'0.00'[39m ]
data rcv RT:[ [32m'0.00'[39m, [32m'4.32'[39m, [32m'3.38'[39m, [32m'0.02'[39m ]
data rcv RT:[ [32m'0.00'[39m, [32m'4.35'[39m, [32m'3.37'[39m, [32m'0.01'[39m ]
data rcv RT:[ [32m'0.00'[39m, [32m'4.33'[39m, [32m'3.38'[39m, [32m'0.00'[39m ]
data rcv RT:[ [32m'0.00'[39m, [32m'4.35'[39m, [32m'3.45'[39m, [32m'0.00'[39m ]
data rcv RT:[ [32m'0.00'[39m, [32m'4.34'[39m, [32m'3.44'[39m, [32m'0.00'[39m ]
data rcv RT:[ [32m'0.00'[39m, [32m'4.32'[39m, [32m'3.44'[39m, [32m'0.00'[39m ]
data rcv RT:[ [32m'0.00'[39m, [32m'4.25'[39m, [32m'3.40'[39m, [32m'0.00'[39m ]
data rcv RT:[ [32m'0.00'[39m, [32m'4.27'[39m, [32m'3.41'[39m, [32m'0.00'[39m ]
data rcv RT:[ [32m'0.00'[39m, [32m'4.28'[39m, [32m'3.38'[39m, [32m'0.00'[39m ]
data rcv RT:[ [32m'0.00'[39m, [32m'4.33'[39m, [32m'3.37'[39m, [32m'0.01'[39m ]
data rcv RT:[ [32m'0.00'[39m, [32m'4.34'[39m, [32m'3.37'[39m, [32m'0.02'[39m ]
data rcv RT:[ [32m'0.00'[39m, [32m'4.39'[39m, [32m'3.42'[39m, [32m'0.01'[39m ]
data rcv RT:[ [32m'0.00'[39m, [32m'4.35'[39m, [32m'3.42'[39m, [32m'0.00'[39m ]
data rcv RT:[ [32m'0.00'[39m, [32m'4.32'[39m, [32m'3.42'[39m, [32m'0.00'[39m ]
Data RT Minutly saved in DB successuful on tube4
data rcv RT:[ [32m'0.00'[39m, [32m'4.31'[39m, [32m'3.44'[39m, [32m'0.00'[39m ]
data rcv RT:[ [32m'0.00'[39m, [32m'4.31'[39m, [32m'3.47'[39m, [32m'0.00'[39m ]
data rcv RT:[ [32m'0.00'[39m, [32m'4.27'[39m, [32m'3.40'[39m, [32m'0.00'[39m ]
data rcv RT:[ [32m'0.00'[39m, [32m'4.27'[39m, [32m'3.41'[39m, [32m'0.00'[39m ]
data rcv RT:[ [32m'0.00'[39m, [32m'4.34'[39m, [32m'3.38'[39m, [32m'0.01'[39m ]
data rcv RT:[ [32m'0.00'[39m, [32m'4.37'[39m, [32m'3.39'[39m, [32m'0.04'[39m ]
data rcv RT:[ [32m'0.00'[39m, [32m'4.38'[39m, [32m'3.43'[39m, [32m'0.00'[39m ]
data rcv RT:[ [32m'0.00'[39m, [32m'4.32'[39m, [32m'3.42'[39m, [32m'0.00'[39m ]
data rcv RT:[ [32m'0.00'[39m, [32m'4.32'[39m, [32m'3.45'[39m, [32m'0.00'[39m ]
data rcv RT:[ [32m'0.00'[39m, [32m'4.31'[39m, [32m'3.42'[39m, [32m'0.00'[39m ]
data rcv RT:[ [32m'0.00'[39m, [32m'4.29'[39m, [32m'3.44'[39m, [32m'0.00'[39m ]
data rcv RT:[ [32m'0.00'[39m, [32m'4.28'[39m, [32m'3.44'[39m, [32m'0.00'[39m ]
data rcv RT:[ [32m'0.00'[39m, [32m'4.26'[39m, [32m'3.37'[39m, [32m'0.00'[39m ]
data rcv RT:[ [32m'0.00'[39m, [32m'4.31'[39m, [32m'3.39'[39m, [32m'0.01'[39m ]
data rcv RT:[ [32m'0.00'[39m, [32m'4.35'[39m, [32m'3.37'[39m, [32m'0.04'[39m ]
data rcv RT:[ [32m'0.00'[39m, [32m'4.35'[39m, [32m'3.36'[39m, [32m'0.05'[39m ]
data rcv RT:[ [32m'0.00'[39m, [32m'4.38'[39m, [32m'3.41'[39m, [32m'0.00'[39m ]
data rcv RT:[ [32m'0.00'[39m, [32m'4.30'[39m, [32m'3.42'[39m, [32m'0.00'[39m ]
data rcv RT:[ [32m'0.00'[39m, [32m'4.31'[39m, [32m'3.41'[39m, [32m'0.00'[39m ]
data rcv RT:[ [32m'0.00'[39m, [32m'4.32'[39m, [32m'3.43'[39m, [32m'0.00'[39m ]
data rcv RT:[ [32m'0.00'[39m, [32m'4.26'[39m, [32m'3.44'[39m, [32m'0.00'[39m ]
data rcv RT:[ [32m'0.00'[39m, [32m'4.27'[39m, [32m'3.39'[39m, [32m'0.00'[39m ]
data rcv RT:[ [32m'0.00'[39m, [32m'4.25'[39m, [32m'3.38'[39m, [32m'0.00'[39m ]
data rcv RT:[ [32m'0.00'[39m, [32m'4.31'[39m, [32m'3.39'[39m, [32m'0.00'[39m ]
data rcv RT:[ [32m'0.00'[39m, [32m'4.31'[39m, [32m'3.40'[39m, [32m'0.01'[39m ]
data rcv RT:[ [32m'0.00'[39m, [32m'4.37'[39m, [32m'3.41'[39m, [32m'0.00'[39m ]
data rcv RT:[ [32m'0.00'[39m, [32m'4.37'[39m, [32m'3.42'[39m, [32m'0.00'[39m ]
data rcv RT:[ [32m'0.00'[39m, [32m'4.36'[39m, [32m'3.45'[39m, [32m'0.00'[39m ]
data rcv RT:[ [32m'0.00'[39m, [32m'4.34'[39m, [32m'3.41'[39m, [32m'0.00'[39m ]
data rcv RT:[ [32m'0.00'[39m, [32m'4.33'[39m, [32m'3.42'[39m, [32m'0.00'[39m ]
data rcv RT:[ [32m'0.00'[39m, [32m'4.26'[39m, [32m'3.42'[39m, [32m'0.00'[39m ]
data rcv RT:[ [32m'0.00'[39m, [32m'4.25'[39m, [32m'3.43'[39m, [32m'0.00'[39m ]
data rcv RT:[ [32m'0.00'[39m, [32m'4.26'[39m, [32m'3.40'[39m, [32m'0.00'[39m ]
data rcv RT:[ [32m'0.00'[39m, [32m'4.31'[39m, [32m'3.38'[39m, [32m'0.00'[39m ]
data rcv RT:[ [32m'0.00'[39m, [32m'4.35'[39m, [32m'3.41'[39m, [32m'0.00'[39m ]
data rcv RT:[ [32m'0.00'[39m, [32m'4.34'[39m, [32m'3.38'[39m, [32m'0.02'[39m ]
data rcv RT:[ [32m'0.00'[39m, [32m'4.38'[39m, [32m'3.36'[39m, [32m'0.01'[39m ]
data rcv RT:[ [32m'0.00'[39m, [32m'4.34'[39m, [32m'3.42'[39m, [32m'0.00'[39m ]
data rcv RT:[ [32m'0.00'[39m, [32m'4.31'[39m, [32m'3.45'[39m, [32m'0.00'[39m ]
data rcv RT:[ [32m'0.00'[39m, [32m'4.33'[39m, [32m'3.44'[39m, [32m'0.00'[39m ]
data rcv RT:[ [32m'0.00'[39m, [32m'4.25'[39m, [32m'3.42'[39m, [32m'0.00'[39m ]
data rcv RT:[ [32m'0.00'[39m, [32m'4.23'[39m, [32m'3.36'[39m, [32m'0.00'[39m ]
data rcv RT:[ [32m'0.00'[39m, [32m'4.33'[39m, [32m'3.39'[39m, [32m'0.01'[39m ]
data rcv RT:[ [32m'0.00'[39m, [32m'4.34'[39m, [32m'3.37'[39m, [32m'0.04'[39m ]
data rcv RT:[ [32m'0.00'[39m, [32m'4.34'[39m, [32m'3.37'[39m, [32m'0.05'[39m ]
data rcv RT:[ [32m'0.00'[39m, [32m'4.37'[39m, [32m'3.39'[39m, [32m'0.02'[39m ]
data rcv RT:[ [32m'0.00'[39m, [32m'4.34'[39m, [32m'3.43'[39m, [32m'0.00'[39m ]
data rcv RT:[ [32m'0.00'[39m, [32m'4.32'[39m, [32m'3.42'[39m, [32m'0.00'[39m ]
data rcv RT:[ [32m'0.00'[39m, [32m'4.28'[39m, [32m'3.43'[39m, [32m'0.00'[39m ]
data rcv RT:[ [32m'0.00'[39m, [32m'4.28'[39m, [32m'3.37'[39m, [32m'0.00'[39m ]
data rcv RT:[ [32m'0.00'[39m, [32m'4.30'[39m, [32m'3.40'[39m, [32m'0.01'[39m ]
data rcv RT:[ [32m'0.00'[39m, [32m'4.35'[39m, [32m'3.38'[39m, [32m'0.02'[39m ]
data rcv RT:[ [32m'0.00'[39m, [32m'4.33'[39m, [32m'3.35'[39m, [32m'0.07'[39m ]
data rcv RT:[ [32m'0.00'[39m, [32m'4.36'[39m, [32m'3.46'[39m, [32m'0.00'[39m ]
data rcv RT:[ [32m'0.00'[39m, [32m'4.32'[39m, [32m'3.41'[39m, [32m'0.00'[39m ]
data rcv RT:[ [32m'0.00'[39m, [32m'4.32'[39m, [32m'3.43'[39m, [32m'0.00'[39m ]
data rcv RT:[ [32m'0.00'[39m, [32m'4.24'[39m, [32m'3.40'[39m, [32m'0.00'[39m ]
data rcv RT:[ [32m'0.00'[39m, [32m'4.29'[39m, [32m'3.41'[39m, [32m'0.01'[39m ]
data rcv RT:[ [32m'0.00'[39m, [32m'4.29'[39m, [32m'3.40'[39m, [32m'0.00'[39m ]
data rcv RT:[ [32m'0.00'[39m, [32m'4.34'[39m, [32m'3.39'[39m, [32m'0.01'[39m ]
data rcv RT:[ [32m'0.00'[39m, [32m'4.39'[39m, [32m'3.37'[39m, [32m'0.01'[39m ]
data rcv RT:[ [32m'0.00'[39m, [32m'4.36'[39m, [32m'3.45'[39m, [32m'0.00'[39m ]
data rcv RT:[ [32m'0.00'[39m, [32m'4.30'[39m, [32m'3.41'[39m, [32m'0.00'[39m ]
data rcv RT:[ [32m'0.00'[39m, [32m'4.30'[39m, [32m'3.42'[39m, [32m'0.00'[39m ]
data rcv RT:[ [32m'0.00'[39m, [32m'4.28'[39m, [32m'3.40'[39m, [32m'0.00'[39m ]
data rcv RT:[ [32m'0.00'[39m, [32m'4.29'[39m, [32m'3.38'[39m, [32m'0.01'[39m ]
data rcv RT:[ [32m'0.00'[39m, [32m'4.30'[39m, [32m'3.38'[39m, [32m'0.00'[39m ]
data rcv RT:[ [32m'0.00'[39m, [32m'4.32'[39m, [32m'3.38'[39m, [32m'0.00'[39m ]
data rcv RT:[ [32m'0.00'[39m, [32m'4.37'[39m, [32m'3.38'[39m, [32m'0.05'[39m ]
data rcv RT:[ [32m'0.00'[39m, [32m'4.39'[39m, [32m'3.44'[39m, [32m'0.00'[39m ]
data rcv RT:[ [32m'0.00'[39m, [32m'4.36'[39m, [32m'3.40'[39m, [32m'0.00'[39m ]
data rcv RT:[ [32m'0.00'[39m, [32m'4.31'[39m, [32m'3.43'[39m, [32m'0.00'[39m ]
data rcv RT:[ [32m'0.00'[39m, [32m'4.29'[39m, [32m'3.43'[39m, [32m'0.00'[39m ]
data rcv RT:[ [32m'0.00'[39m, [32m'4.27'[39m, [32m'3.44'[39m, [32m'0.00'[39m ]
data rcv RT:[ [32m'0.00'[39m, [32m'4.28'[39m, [32m'3.40'[39m, [32m'0.00'[39m ]
data rcv RT:[ [32m'0.00'[39m, [32m'4.30'[39m, [32m'3.40'[39m, [32m'0.00'[39m ]
data rcv RT:[ [32m'0.00'[39m, [32m'4.30'[39m, [32m'3.38'[39m, [32m'0.02'[39m ]
data rcv RT:[ [32m'0.00'[39m, [32m'4.36'[39m, [32m'3.40'[39m, [32m'0.02'[39m ]
data rcv RT:[ [32m'0.00'[39m, [32m'4.36'[39m, [32m'3.42'[39m, [32m'0.00'[39m ]
data rcv RT:[ [32m'0.00'[39m, [32m'4.31'[39m, [32m'3.45'[39m, [32m'0.00'[39m ]
data rcv RT:[ [32m'0.00'[39m, [32m'4.30'[39m, [32m'3.42'[39m, [32m'0.00'[39m ]
data rcv RT:[ [32m'0.00'[39m, [32m'4.31'[39m, [32m'3.44'[39m, [32m'0.00'[39m ]
data rcv RT:[ [32m'0.00'[39m, [32m'4.26'[39m, [32m'3.39'[39m, [32m'0.00'[39m ]
data rcv RT:[ [32m'0.00'[39m, [32m'4.28'[39m, [32m'3.40'[39m, [32m'0.00'[39m ]
data rcv RT:[ [32m'0.00'[39m, [32m'4.31'[39m, [32m'3.40'[39m, [32m'0.01'[39m ]
data rcv RT:[ [32m'0.00'[39m, [32m'4.35'[39m, [32m'3.37'[39m, [32m'0.05'[39m ]
data rcv RT:[ [32m'0.00'[39m, [32m'4.32'[39m, [32m'3.35'[39m, [32m'0.05'[39m ]
data rcv RT:[ [32m'0.00'[39m, [32m'4.36'[39m, [32m'3.42'[39m, [32m'0.01'[39m ]
data rcv RT:[ [32m'0.00'[39m, [32m'4.36'[39m, [32m'3.42'[39m, [32m'0.00'[39m ]
data rcv RT:[ [32m'0.00'[39m, [32m'4.33'[39m, [32m'3.42'[39m, [32m'0.00'[39m ]
data rcv RT:[ [32m'0.00'[39m, [32m'4.26'[39m, [32m'3.39'[39m, [32m'0.00'[39m ]
data rcv RT:[ [32m'0.00'[39m, [32m'4.23'[39m, [32m'3.41'[39m, [32m'0.00'[39m ]
data rcv RT:[ [32m'0.00'[39m, [32m'4.30'[39m, [32m'3.36'[39m, [32m'0.00'[39m ]
data rcv RT:[ [32m'0.00'[39m, [32m'4.33'[39m, [32m'3.40'[39m, [32m'0.02'[39m ]
data rcv RT:[ [32m'0.00'[39m, [32m'4.33'[39m, [32m'3.35'[39m, [32m'0.05'[39m ]
data rcv RT:[ [32m'0.00'[39m, [32m'4.35'[39m, [32m'3.42'[39m, [32m'0.00'[39m ]
data rcv RT:[ [32m'0.00'[39m, [32m'4.36'[39m, [32m'3.42'[39m, [32m'0.00'[39m ]
data rcv RT:[ [32m'0.00'[39m, [32m'4.33'[39m, [32m'3.43'[39m, [32m'0.00'[39m ]
data rcv RT:[ [32m'0.00'[39m, [32m'4.30'[39m, [32m'3.43'[39m, [32m'0.00'[39m ]
data rcv RT:[ [32m'0.00'[39m, [32m'4.25'[39m, [32m'3.41'[39m, [32m'0.00'[39m ]
data rcv RT:[ [32m'0.00'[39m, [32m'4.23'[39m, [32m'3.42'[39m, [32m'0.00'[39m ]
data rcv RT:[ [32m'0.00'[39m, [32m'4.28'[39m, [32m'3.40'[39m, [32m'0.01'[39m ]
data rcv RT:[ [32m'0.00'[39m, [32m'4.30'[39m, [32m'3.38'[39m, [32m'0.00'[39m ]
data rcv RT:[ [32m'0.00'[39m, [32m'4.34'[39m, [32m'3.37'[39m, [32m'0.05'[39m ]
data rcv RT:[ [32m'0.00'[39m, [32m'4.35'[39m, [32m'3.42'[39m, [32m'0.01'[39m ]
data rcv RT:[ [32m'0.00'[39m, [32m'4.38'[39m, [32m'3.40'[39m, [32m'0.00'[39m ]
data rcv RT:[ [32m'0.00'[39m, [32m'4.36'[39m, [32m'3.44'[39m, [32m'0.00'[39m ]
data rcv RT:[ [32m'0.00'[39m, [32m'4.32'[39m, [32m'3.43'[39m, [32m'0.00'[39m ]
data rcv RT:[ [32m'0.00'[39m, [32m'4.33'[39m, [32m'3.44'[39m, [32m'0.00'[39m ]
data rcv RT:[ [32m'0.00'[39m, [32m'4.27'[39m, [32m'3.45'[39m, [32m'0.00'[39m ]
data rcv RT:[ [32m'0.00'[39m, [32m'4.27'[39m, [32m'3.41'[39m, [32m'0.00'[39m ]
data rcv RT:[ [32m'0.00'[39m, [32m'4.27'[39m, [32m'3.39'[39m, [32m'0.00'[39m ]
data rcv RT:[ [32m'0.00'[39m, [32m'4.29'[39m, [32m'3.39'[39m, [32m'0.00'[39m ]
data rcv RT:[ [32m'0.00'[39m, [32m'4.34'[39m, [32m'3.37'[39m, [32m'0.02'[39m ]
data rcv RT:[ [32m'0.00'[39m, [32m'4.32'[39m, [32m'3.35'[39m, [32m'0.06'[39m ]
data rcv RT:[ [32m'0.00'[39m, [32m'4.36'[39m, [32m'3.40'[39m, [32m'0.00'[39m ]
data rcv RT:[ [32m'0.00'[39m, [32m'4.34'[39m, [32m'3.43'[39m, [32m'0.00'[39m ]
data rcv RT:[ [32m'0.00'[39m, [32m'4.32'[39m, [32m'3.42'[39m, [32m'0.00'[39m ]
data rcv RT:[ [32m'0.00'[39m, [32m'4.33'[39m, [32m'3.43'[39m, [32m'0.00'[39m ]
data rcv RT:[ [32m'0.00'[39m, [32m'4.28'[39m, [32m'3.39'[39m, [32m'0.00'[39m ]
data rcv RT:[ [32m'0.00'[39m, [32m'4.27'[39m, [32m'3.43'[39m, [32m'0.00'[39m ]
data rcv RT:[ [32m'0.00'[39m, [32m'4.31'[39m, [32m'3.39'[39m, [32m'0.01'[39m ]
data rcv RT:[ [32m'0.00'[39m, [32m'4.29'[39m, [32m'3.37'[39m, [32m'0.00'[39m ]
data rcv RT:[ [32m'0.00'[39m, [32m'4.33'[39m, [32m'3.37'[39m, [32m'0.02'[39m ]
data rcv RT:[ [32m'0.00'[39m, [32m'4.33'[39m, [32m'3.37'[39m, [32m'0.06'[39m ]
data rcv RT:[ [32m'0.00'[39m, [32m'4.38'[39m, [32m'3.40'[39m, [32m'0.01'[39m ]
data rcv RT:[ [32m'0.00'[39m, [32m'4.35'[39m, [32m'3.43'[39m, [32m'0.00'[39m ]
data rcv RT:[ [32m'0.00'[39m, [32m'4.30'[39m, [32m'3.44'[39m, [32m'0.00'[39m ]
data rcv RT:[ [32m'0.00'[39m, [32m'4.31'[39m, [32m'3.42'[39m, [32m'0.00'[39m ]
data rcv RT:[ [32m'0.00'[39m, [32m'4.24'[39m, [32m'3.41'[39m, [32m'0.00'[39m ]
data rcv RT:[ [32m'0.00'[39m, [32m'4.28'[39m, [32m'3.38'[39m, [32m'0.00'[39m ]
data rcv RT:[ [32m'0.00'[39m, [32m'4.29'[39m, [32m'3.38'[39m, [32m'0.00'[39m ]
data rcv RT:[ [32m'0.00'[39m, [32m'4.33'[39m, [32m'3.37'[39m, [32m'0.02'[39m ]
data rcv RT:[ [32m'0.00'[39m, [32m'4.31'[39m, [32m'3.37'[39m, [32m'0.01'[39m ]
data rcv RT:[ [32m'0.00'[39m, [32m'4.37'[39m, [32m'3.40'[39m, [32m'0.03'[39m ]
data rcv RT:[ [32m'0.00'[39m, [32m'4.36'[39m, [32m'3.39'[39m, [32m'0.00'[39m ]
data rcv RT:[ [32m'0.00'[39m, [32m'4.37'[39m, [32m'3.43'[39m, [32m'0.00'[39m ]
data rcv RT:[ [32m'0.00'[39m, [32m'4.31'[39m, [32m'3.44'[39m, [32m'0.00'[39m ]
data rcv RT:[ [32m'0.00'[39m, [32m'4.31'[39m, [32m'3.42'[39m, [32m'0.00'[39m ]
data rcv RT:[ [32m'0.00'[39m, [32m'4.32'[39m, [32m'3.41'[39m, [32m'0.00'[39m ]
data rcv RT:[ [32m'0.00'[39m, [32m'4.31'[39m, [32m'3.46'[39m, [32m'0.00'[39m ]
data rcv RT:[ [32m'0.00'[39m, [32m'4.28'[39m, [32m'3.43'[39m, [32m'0.00'[39m ]
data rcv RT:[ [32m'0.00'[39m, [32m'4.25'[39m, [32m'3.38'[39m, [32m'0.00'[39m ]
data rcv RT:[ [32m'0.00'[39m, [32m'4.27'[39m, [32m'3.38'[39m, [32m'0.00'[39m ]
data rcv RT:[ [32m'0.00'[39m, [32m'4.28'[39m, [32m'3.40'[39m, [32m'0.00'[39m ]
data rcv RT:[ [32m'0.00'[39m, [32m'4.33'[39m, [32m'3.39'[39m, [32m'0.00'[39m ]
data rcv RT:[ [32m'0.00'[39m, [32m'4.35'[39m, [32m'3.39'[39m, [32m'0.03'[39m ]
data rcv RT:[ [32m'0.00'[39m, [32m'4.37'[39m, [32m'3.40'[39m, [32m'0.00'[39m ]
data rcv RT:[ [32m'0.00'[39m, [32m'4.34'[39m, [32m'3.42'[39m, [32m'0.00'[39m ]
data rcv RT:[ [32m'0.00'[39m, [32m'4.33'[39m, [32m'3.42'[39m, [32m'0.00'[39m ]
data rcv RT:[ [32m'0.00'[39m, [32m'4.32'[39m, [32m'3.42'[39m, [32m'0.00'[39m ]
data rcv RT:[ [32m'0.00'[39m, [32m'4.26'[39m, [32m'3.44'[39m, [32m'0.00'[39m ]
data rcv RT:[ [32m'0.00'[39m, [32m'4.25'[39m, [32m'3.44'[39m, [32m'0.00'[39m ]
data rcv RT:[ [32m'0.00'[39m, [32m'4.25'[39m, [32m'3.37'[39m, [32m'0.00'[39m ]
data rcv RT:[ [32m'0.00'[39m, [32m'4.33'[39m, [32m'3.38'[39m, [32m'0.01'[39m ]
data rcv RT:[ [32m'0.00'[39m, [32m'4.32'[39m, [32m'3.36'[39m, [32m'0.05'[39m ]
data rcv RT:[ [32m'0.00'[39m, [32m'4.36'[39m, [32m'3.42'[39m, [32m'0.01'[39m ]
data rcv RT:[ [32m'0.00'[39m, [32m'4.35'[39m, [32m'3.41'[39m, [32m'0.00'[39m ]
data rcv RT:[ [32m'0.00'[39m, [32m'4.34'[39m, [32m'3.41'[39m, [32m'0.00'[39m ]
data rcv RT:[ [32m'0.00'[39m, [32m'4.33'[39m, [32m'3.45'[39m, [32m'0.00'[39m ]
data rcv RT:[ [32m'0.00'[39m, [32m'4.31'[39m, [32m'3.42'[39m, [32m'0.00'[39m ]
data rcv RT:[ [32m'0.00'[39m, [32m'4.30'[39m, [32m'3.44'[39m, [32m'0.00'[39m ]
data rcv RT:[ [32m'0.00'[39m, [32m'4.31'[39m, [32m'3.45'[39m, [32m'0.00'[39m ]
data rcv RT:[ [32m'0.00'[39m, [32m'4.28'[39m, [32m'3.41'[39m, [32m'0.00'[39m ]
data rcv RT:[ [32m'0.00'[39m, [32m'4.28'[39m, [32m'3.38'[39m, [32m'0.00'[39m ]
data rcv RT:[ [32m'0.00'[39m, [32m'4.26'[39m, [32m'3.39'[39m, [32m'0.00'[39m ]
data rcv RT:[ [32m'0.00'[39m, [32m'4.34'[39m, [32m'3.38'[39m, [32m'0.02'[39m ]
data rcv RT:[ [32m'0.00'[39m, [32m'4.37'[39m, [32m'3.37'[39m, [32m'0.01'[39m ]
data rcv RT:[ [32m'0.00'[39m, [32m'4.37'[39m, [32m'3.39'[39m, [32m'0.01'[39m ]
data rcv RT:[ [32m'0.00'[39m, [32m'4.36'[39m, [32m'3.43'[39m, [32m'0.00'[39m ]
data rcv RT:[ [32m'0.00'[39m, [32m'4.34'[39m, [32m'3.43'[39m, [32m'0.00'[39m ]
data rcv RT:[ [32m'0.00'[39m, [32m'4.30'[39m, [32m'3.43'[39m, [32m'0.00'[39m ]
data rcv RT:[ [32m'0.00'[39m, [32m'4.31'[39m, [32m'3.43'[39m, [32m'0.00'[39m ]
data rcv RT:[ [32m'0.00'[39m, [32m'4.27'[39m, [32m'3.39'[39m, [32m'0.00'[39m ]
data rcv RT:[ [32m'0.00'[39m, [32m'4.24'[39m, [32m'3.42'[39m, [32m'0.00'[39m ]
data rcv RT:[ [32m'0.00'[39m, [32m'4.27'[39m, [32m'3.38'[39m, [32m'0.00'[39m ]
data rcv RT:[ [32m'0.00'[39m, [32m'4.29'[39m, [32m'3.36'[39m, [32m'0.00'[39m ]
data rcv RT:[ [32m'0.00'[39m, [32m'4.32'[39m, [32m'3.37'[39m, [32m'0.02'[39m ]
data rcv RT:[ [32m'0.00'[39m, [32m'4.35'[39m, [32m'3.36'[39m, [32m'0.09'[39m ]
data rcv RT:[ [32m'0.00'[39m, [32m'4.38'[39m, [32m'3.41'[39m, [32m'0.00'[39m ]
data rcv RT:[ [32m'0.00'[39m, [32m'4.38'[39m, [32m'3.41'[39m, [32m'0.00'[39m ]
data rcv RT:[ [32m'0.00'[39m, [32m'4.33'[39m, [32m'3.43'[39m, [32m'0.00'[39m ]
data rcv RT:[ [32m'0.00'[39m, [32m'4.34'[39m, [32m'3.43'[39m, [32m'0.00'[39m ]
data rcv RT:[ [32m'0.00'[39m, [32m'4.34'[39m, [32m'3.43'[39m, [32m'0.00'[39m ]
data rcv RT:[ [32m'0.00'[39m, [32m'4.32'[39m, [32m'3.42'[39m, [32m'0.00'[39m ]
data rcv RT:[ [32m'0.00'[39m, [32m'4.31'[39m, [32m'3.42'[39m, [32m'0.00'[39m ]
data rcv RT:[ [32m'0.00'[39m, [32m'4.31'[39m, [32m'3.42'[39m, [32m'0.00'[39m ]
data rcv RT:[ [32m'0.00'[39m, [32m'4.25'[39m, [32m'3.40'[39m, [32m'0.00'[39m ]
data rcv RT:[ [32m'0.00'[39m, [32m'4.28'[39m, [32m'3.40'[39m, [32m'0.00'[39m ]
data rcv RT:[ [32m'0.00'[39m, [32m'4.27'[39m, [32m'3.38'[39m, [32m'0.00'[39m ]
data rcv RT:[ [32m'0.00'[39m, [32m'4.33'[39m, [32m'3.39'[39m, [32m'0.01'[39m ]
data rcv RT:[ [32m'0.00'[39m, [32m'4.32'[39m, [32m'3.38'[39m, [32m'0.05'[39m ]
data rcv RT:[ [32m'0.00'[39m, [32m'4.38'[39m, [32m'3.41'[39m, [32m'0.03'[39m ]
data rcv RT:[ [32m'0.00'[39m, [32m'4.35'[39m, [32m'3.39'[39m, [32m'0.00'[39m ]
data rcv RT:[ [32m'0.00'[39m, [32m'4.33'[39m, [32m'3.45'[39m, [32m'0.00'[39m ]
data rcv RT:[ [32m'0.00'[39m, [32m'4.33'[39m, [32m'3.42'[39m, [32m'0.00'[39m ]
data rcv RT:[ [32m'0.00'[39m, [32m'4.32'[39m, [32m'3.42'[39m, [32m'0.00'[39m ]
data rcv RT:[ [32m'0.00'[39m, [32m'4.30'[39m, [32m'3.44'[39m, [32m'0.00'[39m ]
data rcv RT:[ [32m'0.00'[39m, [32m'4.27'[39m, [32m'3.44'[39m, [32m'0.00'[39m ]
data rcv RT:[ [32m'0.00'[39m, [32m'4.25'[39m, [32m'3.38'[39m, [32m'0.00'[39m ]
data rcv RT:[ [32m'0.00'[39m, [32m'4.28'[39m, [32m'3.39'[39m, [32m'0.00'[39m ]
data rcv RT:[ [32m'0.00'[39m, [32m'4.29'[39m, [32m'3.39'[39m, [32m'0.00'[39m ]
data rcv RT:[ [32m'0.00'[39m, [32m'4.30'[39m, [32m'3.38'[39m, [32m'0.00'[39m ]
data rcv RT:[ [32m'0.00'[39m, [32m'4.34'[39m, [32m'3.38'[39m, [32m'0.04'[39m ]
data rcv RT:[ [32m'0.00'[39m, [32m'4.34'[39m, [32m'3.42'[39m, [32m'0.00'[39m ]
data rcv RT:[ [32m'0.00'[39m, [32m'4.39'[39m, [32m'3.42'[39m, [32m'0.00'[39m ]
data rcv RT:[ [32m'0.00'[39m, [32m'4.36'[39m, [32m'3.44'[39m, [32m'0.00'[39m ]
data rcv RT:[ [32m'0.00'[39m, [32m'4.29'[39m, [32m'3.42'[39m, [32m'0.00'[39m ]
data rcv RT:[ [32m'0.00'[39m, [32m'4.30'[39m, [32m'3.45'[39m, [32m'0.00'[39m ]
data rcv RT:[ [32m'0.00'[39m, [32m'4.32'[39m, [32m'3.43'[39m, [32m'0.00'[39m ]
data rcv RT:[ [32m'0.00'[39m, [32m'4.27'[39m, [32m'3.41'[39m, [32m'0.00'[39m ]
data rcv RT:[ [32m'0.00'[39m, [32m'4.26'[39m, [32m'3.38'[39m, [32m'0.00'[39m ]
data rcv RT:[ [32m'0.00'[39m, [32m'4.28'[39m, [32m'3.39'[39m, [32m'0.00'[39m ]
data rcv RT:[ [32m'0.00'[39m, [32m'4.32'[39m, [32m'3.40'[39m, [32m'0.00'[39m ]
data rcv RT:[ [32m'0.00'[39m, [32m'4.35'[39m, [32m'3.35'[39m, [32m'0.06'[39m ]
data rcv RT:[ [32m'0.00'[39m, [32m'4.34'[39m, [32m'3.38'[39m, [32m'0.04'[39m ]
data rcv RT:[ [32m'0.00'[39m, [32m'4.38'[39m, [32m'3.44'[39m, [32m'0.00'[39m ]
data rcv RT:[ [32m'0.00'[39m, [32m'4.33'[39m, [32m'3.42'[39m, [32m'0.00'[39m ]
data rcv RT:[ [32m'0.00'[39m, [32m'4.32'[39m, [32m'3.45'[39m, [32m'0.00'[39m ]
data rcv RT:[ [32m'0.00'[39m, [32m'4.31'[39m, [32m'3.43'[39m, [32m'0.00'[39m ]
data rcv RT:[ [32m'0.00'[39m, [32m'4.28'[39m, [32m'3.43'[39m, [32m'0.00'[39m ]
data rcv RT:[ [32m'0.00'[39m, [32m'4.25'[39m, [32m'3.41'[39m, [32m'0.00'[39m ]
data rcv RT:[ [32m'0.00'[39m, [32m'4.28'[39m, [32m'3.38'[39m, [32m'0.00'[39m ]
data rcv RT:[ [32m'0.00'[39m, [32m'4.27'[39m, [32m'3.40'[39m, [32m'0.00'[39m ]
data rcv RT:[ [32m'0.00'[39m, [32m'4.32'[39m, [32m'3.40'[39m, [32m'0.00'[39m ]
data rcv RT:[ [32m'0.00'[39m, [32m'4.33'[39m, [32m'3.40'[39m, [32m'0.00'[39m ]
data rcv RT:[ [32m'0.00'[39m, [32m'4.38'[39m, [32m'3.39'[39m, [32m'0.02'[39m ]
data rcv RT:[ [32m'0.00'[39m, [32m'4.33'[39m, [32m'3.42'[39m, [32m'0.00'[39m ]
data rcv RT:[ [32m'0.00'[39m, [32m'4.33'[39m, [32m'3.45'[39m, [32m'0.00'[39m ]
data rcv RT:[ [32m'0.00'[39m, [32m'4.32'[39m, [32m'3.41'[39m, [32m'0.00'[39m ]
data rcv RT:[ [32m'0.00'[39m, [32m'4.27'[39m, [32m'3.38'[39m, [32m'0.00'[39m ]
data rcv RT:[ [32m'0.00'[39m, [32m'4.27'[39m, [32m'3.41'[39m, [32m'0.00'[39m ]
data rcv RT:[ [32m'0.00'[39m, [32m'4.29'[39m, [32m'3.38'[39m, [32m'0.00'[39m ]
data rcv RT:[ [32m'0.00'[39m, [32m'4.30'[39m, [32m'3.38'[39m, [32m'0.00'[39m ]
data rcv RT:[ [32m'0.00'[39m, [32m'4.30'[39m, [32m'3.38'[39m, [32m'0.00'[39m ]
data rcv RT:[ [32m'0.00'[39m, [32m'4.33'[39m, [32m'3.38'[39m, [32m'0.01'[39m ]
data rcv RT:[ [32m'0.00'[39m, [32m'4.37'[39m, [32m'3.39'[39m, [32m'0.01'[39m ]
data rcv RT:[ [32m'0.00'[39m, [32m'4.35'[39m, [32m'3.42'[39m, [32m'0.00'[39m ]
data rcv RT:[ [32m'0.00'[39m, [32m'4.35'[39m, [32m'3.41'[39m, [32m'0.00'[39m ]
data rcv RT:[ [32m'0.00'[39m, [32m'4.31'[39m, [32m'3.45'[39m, [32m'0.00'[39m ]
data rcv RT:[ [32m'0.00'[39m, [32m'4.32'[39m, [32m'3.43'[39m, [32m'0.00'[39m ]
data rcv RT:[ [32m'0.00'[39m, [32m'4.31'[39m, [32m'3.46'[39m, [32m'0.00'[39m ]
data rcv RT:[ [32m'0.00'[39m, [32m'4.32'[39m, [32m'3.44'[39m, [32m'0.00'[39m ]
data rcv RT:[ [32m'0.00'[39m, [32m'4.28'[39m, [32m'3.40'[39m, [32m'0.00'[39m ]
data rcv RT:[ [32m'0.00'[39m, [32m'4.25'[39m, [32m'3.41'[39m, [32m'0.00'[39m ]
data rcv RT:[ [32m'0.00'[39m, [32m'4.27'[39m, [32m'3.39'[39m, [32m'0.00'[39m ]
data rcv RT:[ [32m'0.00'[39m, [32m'4.34'[39m, [32m'3.39'[39m, [32m'0.01'[39m ]
data rcv RT:[ [32m'0.00'[39m, [32m'4.33'[39m, [32m'3.39'[39m, [32m'0.04'[39m ]
data rcv RT:[ [32m'0.00'[39m, [32m'4.37'[39m, [32m'3.42'[39m, [32m'0.00'[39m ]
data rcv RT:[ [32m'0.00'[39m, [32m'4.34'[39m, [32m'3.44'[39m, [32m'0.00'[39m ]
data rcv RT:[ [32m'0.00'[39m, [32m'4.36'[39m, [32m'3.42'[39m, [32m'0.00'[39m ]
client Front End connected
Socket {
  nsp: 
   Namespace {
     name: [32m'/'[39m,
     server: 
      Server {
        nsps: [36m[Object][39m,
        _path: [32m'/socket.io'[39m,
        _serveClient: [33mtrue[39m,
        _adapter: [36m[Function: Adapter][39m,
        _origins: [32m'*:*'[39m,
        sockets: [36m[Circular][39m,
        eio: [36m[Object][39m,
        httpServer: [36m[Object][39m,
        engine: [36m[Object][39m },
     sockets: { [32m'/#a4EONAoc-wLkbFboAAAB'[39m: [36m[Circular][39m },
     connected: { [32m'/#a4EONAoc-wLkbFboAAAB'[39m: [36m[Circular][39m },
     fns: [],
     ids: [33m0[39m,
     adapter: 
      Adapter {
        nsp: [36m[Circular][39m,
        rooms: [36m[Object][39m,
        sids: [36m[Object][39m,
        encoder: Encoder {} },
     _events: { connection: [36m[Function][39m },
     _eventsCount: [33m1[39m },
  server: 
   Server {
     nsps: { [32m'/'[39m: [36m[Object][39m },
     _path: [32m'/socket.io'[39m,
     _serveClient: [33mtrue[39m,
     _adapter: [36m[Function: Adapter][39m,
     _origins: [32m'*:*'[39m,
     sockets: 
      Namespace {
        name: [32m'/'[39m,
        server: [36m[Circular][39m,
        sockets: [36m[Object][39m,
        connected: [36m[Object][39m,
        fns: [],
        ids: [33m0[39m,
        adapter: [36m[Object][39m,
        _events: [36m[Object][39m,
        _eventsCount: [33m1[39m },
     eio: 
      Server {
        clients: [36m[Object][39m,
        clientsCount: [33m1[39m,
        pingTimeout: [33m60000[39m,
        pingInterval: [33m25000[39m,
        upgradeTimeout: [33m10000[39m,
        maxHttpBufferSize: [33m100000000[39m,
        transports: [36m[Object][39m,
        allowUpgrades: [33mtrue[39m,
        allowRequest: [36m[Function: bound ][39m,
        cookie: [32m'io'[39m,
        cookiePath: [33mfalse[39m,
        perMessageDeflate: [36m[Object][39m,
        httpCompression: [36m[Object][39m,
        ws: [36m[Object][39m,
        _events: [36m[Object][39m,
        _eventsCount: [33m1[39m },
     httpServer: 
      Server {
        domain: [1mnull[22m,
        _events: [36m[Object][39m,
        _eventsCount: [33m4[39m,
        _maxListeners: [90mundefined[39m,
        _connections: [33m2[39m,
        _handle: [36m[Object][39m,
        _usingSlaves: [33mfalse[39m,
        _slaves: [],
        _unref: [33mfalse[39m,
        allowHalfOpen: [33mtrue[39m,
        pauseOnConnect: [33mfalse[39m,
        httpAllowHalfOpen: [33mfalse[39m,
        timeout: [33m120000[39m,
        _pendingResponseData: [33m0[39m,
        _connectionKey: [32m'6::::3000'[39m },
     engine: 
      Server {
        clients: [36m[Object][39m,
        clientsCount: [33m1[39m,
        pingTimeout: [33m60000[39m,
        pingInterval: [33m25000[39m,
        upgradeTimeout: [33m10000[39m,
        maxHttpBufferSize: [33m100000000[39m,
        transports: [36m[Object][39m,
        allowUpgrades: [33mtrue[39m,
        allowRequest: [36m[Function: bound ][39m,
        cookie: [32m'io'[39m,
        cookiePath: [33mfalse[39m,
        perMessageDeflate: [36m[Object][39m,
        httpCompression: [36m[Object][39m,
        ws: [36m[Object][39m,
        _events: [36m[Object][39m,
        _eventsCount: [33m1[39m } },
  adapter: 
   Adapter {
     nsp: 
      Namespace {
        name: [32m'/'[39m,
        server: [36m[Object][39m,
        sockets: [36m[Object][39m,
        connected: [36m[Object][39m,
        fns: [],
        ids: [33m0[39m,
        adapter: [36m[Circular][39m,
        _events: [36m[Object][39m,
        _eventsCount: [33m1[39m },
     rooms: { [32m'/#a4EONAoc-wLkbFboAAAB'[39m: [36m[Object][39m },
     sids: { [32m'/#a4EONAoc-wLkbFboAAAB'[39m: [36m[Object][39m },
     encoder: Encoder {} },
  id: [32m'/#a4EONAoc-wLkbFboAAAB'[39m,
  client: 
   Client {
     server: 
      Server {
        nsps: [36m[Object][39m,
        _path: [32m'/socket.io'[39m,
        _serveClient: [33mtrue[39m,
        _adapter: [36m[Function: Adapter][39m,
        _origins: [32m'*:*'[39m,
        sockets: [36m[Object][39m,
        eio: [36m[Object][39m,
        httpServer: [36m[Object][39m,
        engine: [36m[Object][39m },
     conn: 
      Socket {
        id: [32m'a4EONAoc-wLkbFboAAAB'[39m,
        server: [36m[Object][39m,
        upgrading: [33mfalse[39m,
        upgraded: [33mfalse[39m,
        readyState: [32m'open'[39m,
        writeBuffer: [36m[Object][39m,
        packetsFn: [36m[Object][39m,
        sentCallbackFn: [],
        cleanupFn: [36m[Object][39m,
        request: [36m[Object][39m,
        remoteAddress: [32m'::ffff:10.210.30.41'[39m,
        checkIntervalTimer: [1mnull[22m,
        upgradeTimeoutTimer: [1mnull[22m,
        pingTimeoutTimer: [36m[Object][39m,
        transport: [36m[Object][39m,
        _events: [36m[Object][39m,
        _eventsCount: [33m3[39m },
     encoder: Encoder {},
     decoder: Decoder { reconstructor: [1mnull[22m, _callbacks: [36m[Object][39m },
     id: [32m'a4EONAoc-wLkbFboAAAB'[39m,
     request: 
      IncomingMessage {
        _readableState: [36m[Object][39m,
        readable: [33mtrue[39m,
        domain: [1mnull[22m,
        _events: {},
        _eventsCount: [33m0[39m,
        _maxListeners: [90mundefined[39m,
        socket: [36m[Object][39m,
        connection: [36m[Object][39m,
        httpVersionMajor: [33m1[39m,
        httpVersionMinor: [33m1[39m,
        httpVersion: [32m'1.1'[39m,
        complete: [33mtrue[39m,
        headers: [36m[Object][39m,
        rawHeaders: [36m[Object][39m,
        trailers: {},
        rawTrailers: [],
        upgrade: [33mfalse[39m,
        url: [32m'/socket.io/?EIO=3&transport=polling&t=LTl5yf6'[39m,
        method: [32m'GET'[39m,
        statusCode: [1mnull[22m,
        statusMessage: [1mnull[22m,
        client: [36m[Object][39m,
        _consuming: [33mfalse[39m,
        _dumped: [33mtrue[39m,
        _query: [36m[Object][39m,
        res: [36m[Object][39m,
        cleanup: [36m[Function: cleanup][39m },
     onclose: [36m[Function: bound ][39m,
     ondata: [36m[Function: bound ][39m,
     onerror: [36m[Function: bound ][39m,
     ondecoded: [36m[Function: bound ][39m,
     sockets: { [32m'/#a4EONAoc-wLkbFboAAAB'[39m: [36m[Circular][39m },
     nsps: { [32m'/'[39m: [36m[Circular][39m },
     connectBuffer: [] },
  conn: 
   Socket {
     id: [32m'a4EONAoc-wLkbFboAAAB'[39m,
     server: 
      Server {
        clients: [36m[Object][39m,
        clientsCount: [33m1[39m,
        pingTimeout: [33m60000[39m,
        pingInterval: [33m25000[39m,
        upgradeTimeout: [33m10000[39m,
        maxHttpBufferSize: [33m100000000[39m,
        transports: [36m[Object][39m,
        allowUpgrades: [33mtrue[39m,
        allowRequest: [36m[Function: bound ][39m,
        cookie: [32m'io'[39m,
        cookiePath: [33mfalse[39m,
        perMessageDeflate: [36m[Object][39m,
        httpCompression: [36m[Object][39m,
        ws: [36m[Object][39m,
        _events: [36m[Object][39m,
        _eventsCount: [33m1[39m },
     upgrading: [33mfalse[39m,
     upgraded: [33mfalse[39m,
     readyState: [32m'open'[39m,
     writeBuffer: [ [36m[Object][39m ],
     packetsFn: [ [90mundefined[39m ],
     sentCallbackFn: [],
     cleanupFn: [ [36m[Function][39m, [36m[Function][39m ],
     request: 
      IncomingMessage {
        _readableState: [36m[Object][39m,
        readable: [33mtrue[39m,
        domain: [1mnull[22m,
        _events: {},
        _eventsCount: [33m0[39m,
        _maxListeners: [90mundefined[39m,
        socket: [36m[Object][39m,
        connection: [36m[Object][39m,
        httpVersionMajor: [33m1[39m,
        httpVersionMinor: [33m1[39m,
        httpVersion: [32m'1.1'[39m,
        complete: [33mtrue[39m,
        headers: [36m[Object][39m,
        rawHeaders: [36m[Object][39m,
        trailers: {},
        rawTrailers: [],
        upgrade: [33mfalse[39m,
        url: [32m'/socket.io/?EIO=3&transport=polling&t=LTl5yf6'[39m,
        method: [32m'GET'[39m,
        statusCode: [1mnull[22m,
        statusMessage: [1mnull[22m,
        client: [36m[Object][39m,
        _consuming: [33mfalse[39m,
        _dumped: [33mtrue[39m,
        _query: [36m[Object][39m,
        res: [36m[Object][39m,
        cleanup: [36m[Function: cleanup][39m },
     remoteAddress: [32m'::ffff:10.210.30.41'[39m,
     checkIntervalTimer: [1mnull[22m,
     upgradeTimeoutTimer: [1mnull[22m,
     pingTimeoutTimer: 
      Timeout {
        _called: [33mfalse[39m,
        _idleTimeout: [33m85000[39m,
        _idlePrev: [36m[Object][39m,
        _idleNext: [36m[Object][39m,
        _idleStart: [33m299823[39m,
        _onTimeout: [36m[Function][39m,
        _repeat: [1mnull[22m },
     transport: 
      XHR {
        readyState: [32m'open'[39m,
        discarded: [33mfalse[39m,
        closeTimeout: [33m30000[39m,
        maxHttpBufferSize: [33m100000000[39m,
        httpCompression: [36m[Object][39m,
        supportsBinary: [33mtrue[39m,
        _events: [36m[Object][39m,
        _eventsCount: [33m5[39m,
        sid: [32m'a4EONAoc-wLkbFboAAAB'[39m,
        req: [1mnull[22m,
        res: [1mnull[22m,
        writable: [33mfalse[39m },
     _events: 
      { close: [36m[Object][39m,
        data: [36m[Function: bound ][39m,
        error: [36m[Function: bound ][39m },
     _eventsCount: [33m3[39m },
  rooms: {},
  acks: {},
  connected: [33mtrue[39m,
  disconnected: [33mfalse[39m,
  handshake: 
   { headers: 
      { host: [32m'10.210.30.148:3000'[39m,
        connection: [32m'keep-alive'[39m,
        [32m'user-agent'[39m: [32m'Mozilla/5.0 (Windows NT 5.1) AppleWebKit/537.36 (KHTML, like Gecko) Chrome/49.0.2623.112 Safari/537.36'[39m,
        origin: [32m'http://10.210.30.148'[39m,
        accept: [32m'*/*'[39m,
        referer: [32m'http://10.210.30.148/sku/'[39m,
        [32m'accept-encoding'[39m: [32m'gzip, deflate, sdch'[39m,
        [32m'accept-language'[39m: [32m'ru-RU,ru;q=0.8,en-US;q=0.6,en;q=0.4'[39m,
        cookie: [32m'io=wSdijsAnHF5tHJOcAAAA'[39m },
     time: [32m'Wed Sep 28 2016 08:40:12 GMT+0400 (SAMT)'[39m,
     address: [32m'::ffff:10.210.30.41'[39m,
     xdomain: [33mtrue[39m,
     secure: [33mfalse[39m,
     issued: [33m1475037612041[39m,
     url: [32m'/socket.io/?EIO=3&transport=polling&t=LTl5yf6'[39m,
     query: { EIO: [32m'3'[39m, transport: [32m'polling'[39m, t: [32m'LTl5yf6'[39m } } }
data rcv RT:[ [32m'0.00'[39m, [32m'4.32'[39m, [32m'3.45'[39m, [32m'0.00'[39m ]
data rcv RT:[ [32m'0.00'[39m, [32m'4.30'[39m, [32m'3.44'[39m, [32m'0.00'[39m ]
data rcv RT:[ [32m'0.00'[39m, [32m'4.29'[39m, [32m'3.45'[39m, [32m'0.00'[39m ]
client Front End connected
Socket {
  nsp: 
   Namespace {
     name: [32m'/'[39m,
     server: 
      Server {
        nsps: [36m[Object][39m,
        _path: [32m'/socket.io'[39m,
        _serveClient: [33mtrue[39m,
        _adapter: [36m[Function: Adapter][39m,
        _origins: [32m'*:*'[39m,
        sockets: [36m[Circular][39m,
        eio: [36m[Object][39m,
        httpServer: [36m[Object][39m,
        engine: [36m[Object][39m },
     sockets: { [32m'/#EWs1xbsjL8aadtRWAAAC'[39m: [36m[Circular][39m },
     connected: { [32m'/#EWs1xbsjL8aadtRWAAAC'[39m: [36m[Circular][39m },
     fns: [],
     ids: [33m0[39m,
     adapter: 
      Adapter {
        nsp: [36m[Circular][39m,
        rooms: [36m[Object][39m,
        sids: [36m[Object][39m,
        encoder: Encoder {} },
     _events: { connection: [36m[Function][39m },
     _eventsCount: [33m1[39m },
  server: 
   Server {
     nsps: { [32m'/'[39m: [36m[Object][39m },
     _path: [32m'/socket.io'[39m,
     _serveClient: [33mtrue[39m,
     _adapter: [36m[Function: Adapter][39m,
     _origins: [32m'*:*'[39m,
     sockets: 
      Namespace {
        name: [32m'/'[39m,
        server: [36m[Circular][39m,
        sockets: [36m[Object][39m,
        connected: [36m[Object][39m,
        fns: [],
        ids: [33m0[39m,
        adapter: [36m[Object][39m,
        _events: [36m[Object][39m,
        _eventsCount: [33m1[39m },
     eio: 
      Server {
        clients: [36m[Object][39m,
        clientsCount: [33m1[39m,
        pingTimeout: [33m60000[39m,
        pingInterval: [33m25000[39m,
        upgradeTimeout: [33m10000[39m,
        maxHttpBufferSize: [33m100000000[39m,
        transports: [36m[Object][39m,
        allowUpgrades: [33mtrue[39m,
        allowRequest: [36m[Function: bound ][39m,
        cookie: [32m'io'[39m,
        cookiePath: [33mfalse[39m,
        perMessageDeflate: [36m[Object][39m,
        httpCompression: [36m[Object][39m,
        ws: [36m[Object][39m,
        _events: [36m[Object][39m,
        _eventsCount: [33m1[39m },
     httpServer: 
      Server {
        domain: [1mnull[22m,
        _events: [36m[Object][39m,
        _eventsCount: [33m4[39m,
        _maxListeners: [90mundefined[39m,
        _connections: [33m3[39m,
        _handle: [36m[Object][39m,
        _usingSlaves: [33mfalse[39m,
        _slaves: [],
        _unref: [33mfalse[39m,
        allowHalfOpen: [33mtrue[39m,
        pauseOnConnect: [33mfalse[39m,
        httpAllowHalfOpen: [33mfalse[39m,
        timeout: [33m120000[39m,
        _pendingResponseData: [33m0[39m,
        _connectionKey: [32m'6::::3000'[39m },
     engine: 
      Server {
        clients: [36m[Object][39m,
        clientsCount: [33m1[39m,
        pingTimeout: [33m60000[39m,
        pingInterval: [33m25000[39m,
        upgradeTimeout: [33m10000[39m,
        maxHttpBufferSize: [33m100000000[39m,
        transports: [36m[Object][39m,
        allowUpgrades: [33mtrue[39m,
        allowRequest: [36m[Function: bound ][39m,
        cookie: [32m'io'[39m,
        cookiePath: [33mfalse[39m,
        perMessageDeflate: [36m[Object][39m,
        httpCompression: [36m[Object][39m,
        ws: [36m[Object][39m,
        _events: [36m[Object][39m,
        _eventsCount: [33m1[39m } },
  adapter: 
   Adapter {
     nsp: 
      Namespace {
        name: [32m'/'[39m,
        server: [36m[Object][39m,
        sockets: [36m[Object][39m,
        connected: [36m[Object][39m,
        fns: [],
        ids: [33m0[39m,
        adapter: [36m[Circular][39m,
        _events: [36m[Object][39m,
        _eventsCount: [33m1[39m },
     rooms: { [32m'/#EWs1xbsjL8aadtRWAAAC'[39m: [36m[Object][39m },
     sids: { [32m'/#EWs1xbsjL8aadtRWAAAC'[39m: [36m[Object][39m },
     encoder: Encoder {} },
  id: [32m'/#EWs1xbsjL8aadtRWAAAC'[39m,
  client: 
   Client {
     server: 
      Server {
        nsps: [36m[Object][39m,
        _path: [32m'/socket.io'[39m,
        _serveClient: [33mtrue[39m,
        _adapter: [36m[Function: Adapter][39m,
        _origins: [32m'*:*'[39m,
        sockets: [36m[Object][39m,
        eio: [36m[Object][39m,
        httpServer: [36m[Object][39m,
        engine: [36m[Object][39m },
     conn: 
      Socket {
        id: [32m'EWs1xbsjL8aadtRWAAAC'[39m,
        server: [36m[Object][39m,
        upgrading: [33mfalse[39m,
        upgraded: [33mfalse[39m,
        readyState: [32m'open'[39m,
        writeBuffer: [36m[Object][39m,
        packetsFn: [36m[Object][39m,
        sentCallbackFn: [],
        cleanupFn: [36m[Object][39m,
        request: [36m[Object][39m,
        remoteAddress: [32m'::ffff:10.210.30.41'[39m,
        checkIntervalTimer: [1mnull[22m,
        upgradeTimeoutTimer: [1mnull[22m,
        pingTimeoutTimer: [36m[Object][39m,
        transport: [36m[Object][39m,
        _events: [36m[Object][39m,
        _eventsCount: [33m3[39m },
     encoder: Encoder {},
     decoder: Decoder { reconstructor: [1mnull[22m, _callbacks: [36m[Object][39m },
     id: [32m'EWs1xbsjL8aadtRWAAAC'[39m,
     request: 
      IncomingMessage {
        _readableState: [36m[Object][39m,
        readable: [33mtrue[39m,
        domain: [1mnull[22m,
        _events: {},
        _eventsCount: [33m0[39m,
        _maxListeners: [90mundefined[39m,
        socket: [36m[Object][39m,
        connection: [36m[Object][39m,
        httpVersionMajor: [33m1[39m,
        httpVersionMinor: [33m1[39m,
        httpVersion: [32m'1.1'[39m,
        complete: [33mtrue[39m,
        headers: [36m[Object][39m,
        rawHeaders: [36m[Object][39m,
        trailers: {},
        rawTrailers: [],
        upgrade: [33mfalse[39m,
        url: [32m'/socket.io/?EIO=3&transport=polling&t=LTl5zPl'[39m,
        method: [32m'GET'[39m,
        statusCode: [1mnull[22m,
        statusMessage: [1mnull[22m,
        client: [36m[Object][39m,
        _consuming: [33mfalse[39m,
        _dumped: [33mtrue[39m,
        _query: [36m[Object][39m,
        res: [36m[Object][39m,
        cleanup: [36m[Function: cleanup][39m },
     onclose: [36m[Function: bound ][39m,
     ondata: [36m[Function: bound ][39m,
     onerror: [36m[Function: bound ][39m,
     ondecoded: [36m[Function: bound ][39m,
     sockets: { [32m'/#EWs1xbsjL8aadtRWAAAC'[39m: [36m[Circular][39m },
     nsps: { [32m'/'[39m: [36m[Circular][39m },
     connectBuffer: [] },
  conn: 
   Socket {
     id: [32m'EWs1xbsjL8aadtRWAAAC'[39m,
     server: 
      Server {
        clients: [36m[Object][39m,
        clientsCount: [33m1[39m,
        pingTimeout: [33m60000[39m,
        pingInterval: [33m25000[39m,
        upgradeTimeout: [33m10000[39m,
        maxHttpBufferSize: [33m100000000[39m,
        transports: [36m[Object][39m,
        allowUpgrades: [33mtrue[39m,
        allowRequest: [36m[Function: bound ][39m,
        cookie: [32m'io'[39m,
        cookiePath: [33mfalse[39m,
        perMessageDeflate: [36m[Object][39m,
        httpCompression: [36m[Object][39m,
        ws: [36m[Object][39m,
        _events: [36m[Object][39m,
        _eventsCount: [33m1[39m },
     upgrading: [33mfalse[39m,
     upgraded: [33mfalse[39m,
     readyState: [32m'open'[39m,
     writeBuffer: [ [36m[Object][39m ],
     packetsFn: [ [90mundefined[39m ],
     sentCallbackFn: [],
     cleanupFn: [ [36m[Function][39m, [36m[Function][39m ],
     request: 
      IncomingMessage {
        _readableState: [36m[Object][39m,
        readable: [33mtrue[39m,
        domain: [1mnull[22m,
        _events: {},
        _eventsCount: [33m0[39m,
        _maxListeners: [90mundefined[39m,
        socket: [36m[Object][39m,
        connection: [36m[Object][39m,
        httpVersionMajor: [33m1[39m,
        httpVersionMinor: [33m1[39m,
        httpVersion: [32m'1.1'[39m,
        complete: [33mtrue[39m,
        headers: [36m[Object][39m,
        rawHeaders: [36m[Object][39m,
        trailers: {},
        rawTrailers: [],
        upgrade: [33mfalse[39m,
        url: [32m'/socket.io/?EIO=3&transport=polling&t=LTl5zPl'[39m,
        method: [32m'GET'[39m,
        statusCode: [1mnull[22m,
        statusMessage: [1mnull[22m,
        client: [36m[Object][39m,
        _consuming: [33mfalse[39m,
        _dumped: [33mtrue[39m,
        _query: [36m[Object][39m,
        res: [36m[Object][39m,
        cleanup: [36m[Function: cleanup][39m },
     remoteAddress: [32m'::ffff:10.210.30.41'[39m,
     checkIntervalTimer: [1mnull[22m,
     upgradeTimeoutTimer: [1mnull[22m,
     pingTimeoutTimer: 
      Timeout {
        _called: [33mfalse[39m,
        _idleTimeout: [33m85000[39m,
        _idlePrev: [36m[Object][39m,
        _idleNext: [36m[Object][39m,
        _idleStart: [33m302911[39m,
        _onTimeout: [36m[Function][39m,
        _repeat: [1mnull[22m },
     transport: 
      XHR {
        readyState: [32m'open'[39m,
        discarded: [33mfalse[39m,
        closeTimeout: [33m30000[39m,
        maxHttpBufferSize: [33m100000000[39m,
        httpCompression: [36m[Object][39m,
        supportsBinary: [33mtrue[39m,
        _events: [36m[Object][39m,
        _eventsCount: [33m5[39m,
        sid: [32m'EWs1xbsjL8aadtRWAAAC'[39m,
        req: [1mnull[22m,
        res: [1mnull[22m,
        writable: [33mfalse[39m },
     _events: 
      { close: [36m[Object][39m,
        data: [36m[Function: bound ][39m,
        error: [36m[Function: bound ][39m },
     _eventsCount: [33m3[39m },
  rooms: {},
  acks: {},
  connected: [33mtrue[39m,
  disconnected: [33mfalse[39m,
  handshake: 
   { headers: 
      { host: [32m'10.210.30.148:3000'[39m,
        connection: [32m'keep-alive'[39m,
        [32m'cache-control'[39m: [32m'max-age=0'[39m,
        [32m'user-agent'[39m: [32m'Mozilla/5.0 (Windows NT 5.1) AppleWebKit/537.36 (KHTML, like Gecko) Chrome/49.0.2623.112 Safari/537.36'[39m,
        origin: [32m'http://10.210.30.148'[39m,
        accept: [32m'*/*'[39m,
        referer: [32m'http://10.210.30.148/sku/'[39m,
        [32m'accept-encoding'[39m: [32m'gzip, deflate, sdch'[39m,
        [32m'accept-language'[39m: [32m'ru-RU,ru;q=0.8,en-US;q=0.6,en;q=0.4'[39m,
        cookie: [32m'io=a4EONAoc-wLkbFboAAAB'[39m },
     time: [32m'Wed Sep 28 2016 08:40:15 GMT+0400 (SAMT)'[39m,
     address: [32m'::ffff:10.210.30.41'[39m,
     xdomain: [33mtrue[39m,
     secure: [33mfalse[39m,
     issued: [33m1475037615128[39m,
     url: [32m'/socket.io/?EIO=3&transport=polling&t=LTl5zPl'[39m,
     query: { EIO: [32m'3'[39m, transport: [32m'polling'[39m, t: [32m'LTl5zPl'[39m } } }
data rcv RT:[ [32m'0.00'[39m, [32m'4.30'[39m, [32m'3.46'[39m, [32m'0.00'[39m ]
data rcv RT:[ [32m'0.00'[39m, [32m'4.27'[39m, [32m'3.40'[39m, [32m'0.00'[39m ]
data rcv RT:[ [32m'0.00'[39m, [32m'4.27'[39m, [32m'3.39'[39m, [32m'0.00'[39m ]
data rcv RT:[ [32m'0.00'[39m, [32m'4.28'[39m, [32m'3.38'[39m, [32m'0.00'[39m ]
data rcv RT:[ [32m'0.00'[39m, [32m'4.28'[39m, [32m'3.38'[39m, [32m'0.00'[39m ]
data rcv RT:[ [32m'0.00'[39m, [32m'4.33'[39m, [32m'3.40'[39m, [32m'0.01'[39m ]
data rcv RT:[ [32m'0.00'[39m, [32m'4.32'[39m, [32m'3.40'[39m, [32m'0.01'[39m ]
data rcv RT:[ [32m'0.00'[39m, [32m'4.36'[39m, [32m'3.41'[39m, [32m'0.00'[39m ]
data rcv RT:[ [32m'0.00'[39m, [32m'4.37'[39m, [32m'3.37'[39m, [32m'0.03'[39m ]
data rcv RT:[ [32m'0.00'[39m, [32m'4.38'[39m, [32m'3.44'[39m, [32m'0.00'[39m ]
data rcv RT:[ [32m'0.00'[39m, [32m'4.31'[39m, [32m'3.43'[39m, [32m'0.00'[39m ]
data rcv RT:[ [32m'0.00'[39m, [32m'4.27'[39m, [32m'3.42'[39m, [32m'0.00'[39m ]
data rcv RT:[ [32m'0.00'[39m, [32m'4.26'[39m, [32m'3.42'[39m, [32m'0.00'[39m ]
data rcv RT:[ [32m'0.00'[39m, [32m'4.26'[39m, [32m'3.38'[39m, [32m'0.00'[39m ]
data rcv RT:[ [32m'0.00'[39m, [32m'4.28'[39m, [32m'3.40'[39m, [32m'0.00'[39m ]
data rcv RT:[ [32m'0.00'[39m, [32m'4.35'[39m, [32m'3.38'[39m, [32m'0.01'[39m ]
data rcv RT:[ [32m'0.00'[39m, [32m'4.32'[39m, [32m'3.39'[39m, [32m'0.02'[39m ]
data rcv RT:[ [32m'0.00'[39m, [32m'4.38'[39m, [32m'3.40'[39m, [32m'0.00'[39m ]
data rcv RT:[ [32m'0.00'[39m, [32m'4.35'[39m, [32m'3.43'[39m, [32m'0.00'[39m ]
data rcv RT:[ [32m'0.00'[39m, [32m'4.32'[39m, [32m'3.44'[39m, [32m'0.00'[39m ]
data rcv RT:[ [32m'0.00'[39m, [32m'4.30'[39m, [32m'3.43'[39m, [32m'0.00'[39m ]
data rcv RT:[ [32m'0.00'[39m, [32m'4.28'[39m, [32m'3.42'[39m, [32m'0.00'[39m ]
data rcv RT:[ [32m'0.00'[39m, [32m'4.25'[39m, [32m'3.38'[39m, [32m'0.00'[39m ]
data rcv RT:[ [32m'0.00'[39m, [32m'4.27'[39m, [32m'3.38'[39m, [32m'0.00'[39m ]
data rcv RT:[ [32m'0.00'[39m, [32m'4.29'[39m, [32m'3.36'[39m, [32m'0.00'[39m ]
data rcv RT:[ [32m'0.00'[39m, [32m'4.35'[39m, [32m'3.39'[39m, [32m'0.02'[39m ]
data rcv RT:[ [32m'0.00'[39m, [32m'4.36'[39m, [32m'3.38'[39m, [32m'0.05'[39m ]
data rcv RT:[ [32m'0.00'[39m, [32m'4.38'[39m, [32m'3.39'[39m, [32m'0.05'[39m ]
data rcv RT:[ [32m'0.00'[39m, [32m'4.37'[39m, [32m'3.44'[39m, [32m'0.00'[39m ]
data rcv RT:[ [32m'0.00'[39m, [32m'4.35'[39m, [32m'3.45'[39m, [32m'0.00'[39m ]
data rcv RT:[ [32m'0.00'[39m, [32m'4.36'[39m, [32m'3.42'[39m, [32m'0.00'[39m ]
data rcv RT:[ [32m'0.00'[39m, [32m'4.27'[39m, [32m'3.47'[39m, [32m'0.00'[39m ]
data rcv RT:[ [32m'0.00'[39m, [32m'4.25'[39m, [32m'3.40'[39m, [32m'0.00'[39m ]
data rcv RT:[ [32m'0.00'[39m, [32m'4.28'[39m, [32m'3.38'[39m, [32m'0.00'[39m ]
data rcv RT:[ [32m'0.00'[39m, [32m'4.32'[39m, [32m'3.38'[39m, [32m'0.00'[39m ]
data rcv RT:[ [32m'0.00'[39m, [32m'4.29'[39m, [32m'3.40'[39m, [32m'0.01'[39m ]
data rcv RT:[ [32m'0.00'[39m, [32m'4.32'[39m, [32m'3.36'[39m, [32m'0.05'[39m ]
data rcv RT:[ [32m'0.00'[39m, [32m'4.35'[39m, [32m'3.40'[39m, [32m'0.02'[39m ]
data rcv RT:[ [32m'0.00'[39m, [32m'4.38'[39m, [32m'3.43'[39m, [32m'0.00'[39m ]
data rcv RT:[ [32m'0.00'[39m, [32m'4.34'[39m, [32m'3.43'[39m, [32m'0.00'[39m ]
data rcv RT:[ [32m'0.00'[39m, [32m'4.31'[39m, [32m'3.43'[39m, [32m'0.00'[39m ]
data rcv RT:[ [32m'0.00'[39m, [32m'4.31'[39m, [32m'3.42'[39m, [32m'0.00'[39m ]
data rcv RT:[ [32m'0.00'[39m, [32m'4.31'[39m, [32m'3.47'[39m, [32m'0.00'[39m ]
data rcv RT:[ [32m'0.00'[39m, [32m'4.27'[39m, [32m'3.37'[39m, [32m'0.00'[39m ]
data rcv RT:[ [32m'0.00'[39m, [32m'4.25'[39m, [32m'3.39'[39m, [32m'0.00'[39m ]
data rcv RT:[ [32m'0.00'[39m, [32m'4.34'[39m, [32m'3.37'[39m, [32m'0.00'[39m ]
data rcv RT:[ [32m'0.00'[39m, [32m'4.33'[39m, [32m'3.39'[39m, [32m'0.03'[39m ]
data rcv RT:[ [32m'0.00'[39m, [32m'4.37'[39m, [32m'3.40'[39m, [32m'0.00'[39m ]
data rcv RT:[ [32m'0.00'[39m, [32m'4.35'[39m, [32m'3.42'[39m, [32m'0.00'[39m ]
data rcv RT:[ [32m'0.00'[39m, [32m'4.34'[39m, [32m'3.41'[39m, [32m'0.00'[39m ]
data rcv RT:[ [32m'0.00'[39m, [32m'4.33'[39m, [32m'3.48'[39m, [32m'0.00'[39m ]
data rcv RT:[ [32m'0.00'[39m, [32m'4.32'[39m, [32m'3.44'[39m, [32m'0.00'[39m ]
data rcv RT:[ [32m'0.00'[39m, [32m'4.27'[39m, [32m'3.41'[39m, [32m'0.00'[39m ]
data rcv RT:[ [32m'0.00'[39m, [32m'4.24'[39m, [32m'3.39'[39m, [32m'0.00'[39m ]
data rcv RT:[ [32m'0.00'[39m, [32m'4.27'[39m, [32m'3.40'[39m, [32m'0.00'[39m ]
data rcv RT:[ [32m'0.00'[39m, [32m'4.32'[39m, [32m'3.37'[39m, [32m'0.01'[39m ]
data rcv RT:[ [32m'0.00'[39m, [32m'4.36'[39m, [32m'3.40'[39m, [32m'0.03'[39m ]
data rcv RT:[ [32m'0.00'[39m, [32m'4.38'[39m, [32m'3.39'[39m, [32m'0.01'[39m ]
data rcv RT:[ [32m'0.00'[39m, [32m'4.36'[39m, [32m'3.39'[39m, [32m'0.01'[39m ]
data rcv RT:[ [32m'0.00'[39m, [32m'4.33'[39m, [32m'3.43'[39m, [32m'0.00'[39m ]
data rcv RT:[ [32m'0.00'[39m, [32m'4.30'[39m, [32m'3.43'[39m, [32m'0.00'[39m ]
data rcv RT:[ [32m'0.00'[39m, [32m'4.33'[39m, [32m'3.44'[39m, [32m'0.00'[39m ]
data rcv RT:[ [32m'0.00'[39m, [32m'4.29'[39m, [32m'3.40'[39m, [32m'0.00'[39m ]
data rcv RT:[ [32m'0.00'[39m, [32m'4.29'[39m, [32m'3.37'[39m, [32m'0.00'[39m ]
data rcv RT:[ [32m'0.00'[39m, [32m'4.30'[39m, [32m'3.36'[39m, [32m'0.00'[39m ]
data rcv RT:[ [32m'0.00'[39m, [32m'4.33'[39m, [32m'3.36'[39m, [32m'0.01'[39m ]
data rcv RT:[ [32m'0.00'[39m, [32m'4.34'[39m, [32m'3.39'[39m, [32m'0.03'[39m ]
data rcv RT:[ [32m'0.00'[39m, [32m'4.36'[39m, [32m'3.41'[39m, [32m'0.00'[39m ]
data rcv RT:[ [32m'0.00'[39m, [32m'4.38'[39m, [32m'3.42'[39m, [32m'0.00'[39m ]
data rcv RT:[ [32m'0.00'[39m, [32m'4.36'[39m, [32m'3.45'[39m, [32m'0.00'[39m ]
data rcv RT:[ [32m'0.00'[39m, [32m'4.29'[39m, [32m'3.42'[39m, [32m'0.00'[39m ]
data rcv RT:[ [32m'0.00'[39m, [32m'4.29'[39m, [32m'3.43'[39m, [32m'0.00'[39m ]
data rcv RT:[ [32m'0.00'[39m, [32m'4.29'[39m, [32m'3.41'[39m, [32m'0.00'[39m ]
data rcv RT:[ [32m'0.00'[39m, [32m'4.26'[39m, [32m'3.39'[39m, [32m'0.00'[39m ]
data rcv RT:[ [32m'0.00'[39m, [32m'4.28'[39m, [32m'3.38'[39m, [32m'0.00'[39m ]
data rcv RT:[ [32m'0.00'[39m, [32m'4.29'[39m, [32m'3.38'[39m, [32m'0.01'[39m ]
data rcv RT:[ [32m'0.00'[39m, [32m'4.33'[39m, [32m'3.39'[39m, [32m'0.02'[39m ]
data rcv RT:[ [32m'0.00'[39m, [32m'4.36'[39m, [32m'3.42'[39m, [32m'0.01'[39m ]
data rcv RT:[ [32m'0.00'[39m, [32m'4.34'[39m, [32m'3.43'[39m, [32m'0.00'[39m ]
data rcv RT:[ [32m'0.00'[39m, [32m'4.33'[39m, [32m'3.45'[39m, [32m'0.00'[39m ]
data rcv RT:[ [32m'0.00'[39m, [32m'4.32'[39m, [32m'3.44'[39m, [32m'0.00'[39m ]
data rcv RT:[ [32m'0.00'[39m, [32m'4.32'[39m, [32m'3.44'[39m, [32m'0.00'[39m ]
data rcv RT:[ [32m'0.00'[39m, [32m'4.32'[39m, [32m'3.43'[39m, [32m'0.00'[39m ]
data rcv RT:[ [32m'0.00'[39m, [32m'4.27'[39m, [32m'3.38'[39m, [32m'0.00'[39m ]
data rcv RT:[ [32m'0.00'[39m, [32m'4.26'[39m, [32m'3.39'[39m, [32m'0.00'[39m ]
data rcv RT:[ [32m'0.00'[39m, [32m'4.24'[39m, [32m'3.39'[39m, [32m'0.00'[39m ]
data rcv RT:[ [32m'0.00'[39m, [32m'4.28'[39m, [32m'3.38'[39m, [32m'0.00'[39m ]
data rcv RT:[ [32m'0.00'[39m, [32m'4.32'[39m, [32m'3.38'[39m, [32m'0.00'[39m ]
data rcv RT:[ [32m'0.00'[39m, [32m'4.33'[39m, [32m'3.39'[39m, [32m'0.01'[39m ]
data rcv RT:[ [32m'0.00'[39m, [32m'4.34'[39m, [32m'3.37'[39m, [32m'0.03'[39m ]
data rcv RT:[ [32m'0.00'[39m, [32m'4.37'[39m, [32m'3.40'[39m, [32m'0.02'[39m ]
data rcv RT:[ [32m'0.00'[39m, [32m'4.32'[39m, [32m'3.45'[39m, [32m'0.00'[39m ]
data rcv RT:[ [32m'0.00'[39m, [32m'4.32'[39m, [32m'3.43'[39m, [32m'0.00'[39m ]
data rcv RT:[ [32m'0.00'[39m, [32m'4.29'[39m, [32m'3.41'[39m, [32m'0.00'[39m ]
data rcv RT:[ [32m'0.00'[39m, [32m'4.28'[39m, [32m'3.39'[39m, [32m'0.00'[39m ]
data rcv RT:[ [32m'0.00'[39m, [32m'4.31'[39m, [32m'3.40'[39m, [32m'0.00'[39m ]
data rcv RT:[ [32m'0.00'[39m, [32m'4.31'[39m, [32m'3.38'[39m, [32m'0.01'[39m ]
data rcv RT:[ [32m'0.00'[39m, [32m'4.31'[39m, [32m'3.39'[39m, [32m'0.00'[39m ]
data rcv RT:[ [32m'0.00'[39m, [32m'4.34'[39m, [32m'3.35'[39m, [32m'0.04'[39m ]
data rcv RT:[ [32m'0.00'[39m, [32m'4.39'[39m, [32m'3.43'[39m, [32m'0.02'[39m ]
data rcv RT:[ [32m'0.00'[39m, [32m'4.34'[39m, [32m'3.42'[39m, [32m'0.00'[39m ]
data rcv RT:[ [32m'0.00'[39m, [32m'4.32'[39m, [32m'3.43'[39m, [32m'0.00'[39m ]
data rcv RT:[ [32m'0.00'[39m, [32m'4.31'[39m, [32m'3.43'[39m, [32m'0.00'[39m ]
data rcv RT:[ [32m'0.00'[39m, [32m'4.30'[39m, [32m'3.44'[39m, [32m'0.00'[39m ]
data rcv RT:[ [32m'0.00'[39m, [32m'4.27'[39m, [32m'3.45'[39m, [32m'0.00'[39m ]
data rcv RT:[ [32m'0.00'[39m, [32m'4.26'[39m, [32m'3.40'[39m, [32m'0.00'[39m ]
data rcv RT:[ [32m'0.00'[39m, [32m'4.29'[39m, [32m'3.37'[39m, [32m'0.00'[39m ]
data rcv RT:[ [32m'0.00'[39m, [32m'4.31'[39m, [32m'3.40'[39m, [32m'0.00'[39m ]
data rcv RT:[ [32m'0.00'[39m, [32m'4.34'[39m, [32m'3.36'[39m, [32m'0.03'[39m ]
data rcv RT:[ [32m'0.00'[39m, [32m'4.36'[39m, [32m'3.42'[39m, [32m'0.02'[39m ]
data rcv RT:[ [32m'0.00'[39m, [32m'4.37'[39m, [32m'3.41'[39m, [32m'0.01'[39m ]
data rcv RT:[ [32m'0.00'[39m, [32m'4.34'[39m, [32m'3.43'[39m, [32m'0.00'[39m ]
data rcv RT:[ [32m'0.00'[39m, [32m'4.31'[39m, [32m'3.43'[39m, [32m'0.00'[39m ]
data rcv RT:[ [32m'0.00'[39m, [32m'4.29'[39m, [32m'3.48'[39m, [32m'0.00'[39m ]
data rcv RT:[ [32m'0.00'[39m, [32m'4.30'[39m, [32m'3.45'[39m, [32m'0.00'[39m ]
data rcv RT:[ [32m'0.00'[39m, [32m'4.24'[39m, [32m'3.41'[39m, [32m'0.00'[39m ]
data rcv RT:[ [32m'0.00'[39m, [32m'4.27'[39m, [32m'3.41'[39m, [32m'0.00'[39m ]
data rcv RT:[ [32m'0.00'[39m, [32m'4.28'[39m, [32m'3.39'[39m, [32m'0.00'[39m ]
data rcv RT:[ [32m'0.00'[39m, [32m'4.32'[39m, [32m'3.41'[39m, [32m'0.00'[39m ]
data rcv RT:[ [32m'0.00'[39m, [32m'4.36'[39m, [32m'3.38'[39m, [32m'0.02'[39m ]
data rcv RT:[ [32m'0.00'[39m, [32m'4.35'[39m, [32m'3.36'[39m, [32m'0.04'[39m ]
data rcv RT:[ [32m'0.00'[39m, [32m'4.37'[39m, [32m'3.40'[39m, [32m'0.00'[39m ]
data rcv RT:[ [32m'0.00'[39m, [32m'4.36'[39m, [32m'3.42'[39m, [32m'0.00'[39m ]
data rcv RT:[ [32m'0.00'[39m, [32m'4.33'[39m, [32m'3.45'[39m, [32m'0.00'[39m ]
data rcv RT:[ [32m'0.00'[39m, [32m'4.31'[39m, [32m'3.45'[39m, [32m'0.00'[39m ]
data rcv RT:[ [32m'0.00'[39m, [32m'4.31'[39m, [32m'3.44'[39m, [32m'0.00'[39m ]
data rcv RT:[ [32m'0.00'[39m, [32m'4.26'[39m, [32m'3.41'[39m, [32m'0.00'[39m ]
data rcv RT:[ [32m'0.00'[39m, [32m'4.28'[39m, [32m'3.37'[39m, [32m'0.00'[39m ]
data rcv RT:[ [32m'0.00'[39m, [32m'4.30'[39m, [32m'3.37'[39m, [32m'0.00'[39m ]
data rcv RT:[ [32m'0.00'[39m, [32m'4.32'[39m, [32m'3.39'[39m, [32m'0.00'[39m ]
data rcv RT:[ [32m'0.00'[39m, [32m'4.34'[39m, [32m'3.36'[39m, [32m'0.02'[39m ]
data rcv RT:[ [32m'0.00'[39m, [32m'4.36'[39m, [32m'3.40'[39m, [32m'0.03'[39m ]
data rcv RT:[ [32m'0.00'[39m, [32m'4.35'[39m, [32m'3.40'[39m, [32m'0.03'[39m ]
data rcv RT:[ [32m'0.00'[39m, [32m'4.33'[39m, [32m'3.43'[39m, [32m'0.00'[39m ]
data rcv RT:[ [32m'0.00'[39m, [32m'4.33'[39m, [32m'3.45'[39m, [32m'0.00'[39m ]
data rcv RT:[ [32m'0.00'[39m, [32m'4.28'[39m, [32m'3.44'[39m, [32m'0.00'[39m ]
data rcv RT:[ [32m'0.00'[39m, [32m'4.26'[39m, [32m'3.44'[39m, [32m'0.00'[39m ]
data rcv RT:[ [32m'0.00'[39m, [32m'4.28'[39m, [32m'3.40'[39m, [32m'0.00'[39m ]
data rcv RT:[ [32m'0.00'[39m, [32m'4.27'[39m, [32m'3.40'[39m, [32m'0.00'[39m ]
data rcv RT:[ [32m'0.00'[39m, [32m'4.35'[39m, [32m'3.38'[39m, [32m'0.02'[39m ]
client Front End connected
Socket {
  nsp: 
   Namespace {
     name: [32m'/'[39m,
     server: 
      Server {
        nsps: [36m[Object][39m,
        _path: [32m'/socket.io'[39m,
        _serveClient: [33mtrue[39m,
        _adapter: [36m[Function: Adapter][39m,
        _origins: [32m'*:*'[39m,
        sockets: [36m[Circular][39m,
        eio: [36m[Object][39m,
        httpServer: [36m[Object][39m,
        engine: [36m[Object][39m },
     sockets: { [32m'/#GBiIOyjf-hASjDkxAAAD'[39m: [36m[Circular][39m },
     connected: { [32m'/#GBiIOyjf-hASjDkxAAAD'[39m: [36m[Circular][39m },
     fns: [],
     ids: [33m0[39m,
     adapter: 
      Adapter {
        nsp: [36m[Circular][39m,
        rooms: [36m[Object][39m,
        sids: [36m[Object][39m,
        encoder: Encoder {} },
     _events: { connection: [36m[Function][39m },
     _eventsCount: [33m1[39m },
  server: 
   Server {
     nsps: { [32m'/'[39m: [36m[Object][39m },
     _path: [32m'/socket.io'[39m,
     _serveClient: [33mtrue[39m,
     _adapter: [36m[Function: Adapter][39m,
     _origins: [32m'*:*'[39m,
     sockets: 
      Namespace {
        name: [32m'/'[39m,
        server: [36m[Circular][39m,
        sockets: [36m[Object][39m,
        connected: [36m[Object][39m,
        fns: [],
        ids: [33m0[39m,
        adapter: [36m[Object][39m,
        _events: [36m[Object][39m,
        _eventsCount: [33m1[39m },
     eio: 
      Server {
        clients: [36m[Object][39m,
        clientsCount: [33m1[39m,
        pingTimeout: [33m60000[39m,
        pingInterval: [33m25000[39m,
        upgradeTimeout: [33m10000[39m,
        maxHttpBufferSize: [33m100000000[39m,
        transports: [36m[Object][39m,
        allowUpgrades: [33mtrue[39m,
        allowRequest: [36m[Function: bound ][39m,
        cookie: [32m'io'[39m,
        cookiePath: [33mfalse[39m,
        perMessageDeflate: [36m[Object][39m,
        httpCompression: [36m[Object][39m,
        ws: [36m[Object][39m,
        _events: [36m[Object][39m,
        _eventsCount: [33m1[39m },
     httpServer: 
      Server {
        domain: [1mnull[22m,
        _events: [36m[Object][39m,
        _eventsCount: [33m4[39m,
        _maxListeners: [90mundefined[39m,
        _connections: [33m1[39m,
        _handle: [36m[Object][39m,
        _usingSlaves: [33mfalse[39m,
        _slaves: [],
        _unref: [33mfalse[39m,
        allowHalfOpen: [33mtrue[39m,
        pauseOnConnect: [33mfalse[39m,
        httpAllowHalfOpen: [33mfalse[39m,
        timeout: [33m120000[39m,
        _pendingResponseData: [33m0[39m,
        _connectionKey: [32m'6::::3000'[39m },
     engine: 
      Server {
        clients: [36m[Object][39m,
        clientsCount: [33m1[39m,
        pingTimeout: [33m60000[39m,
        pingInterval: [33m25000[39m,
        upgradeTimeout: [33m10000[39m,
        maxHttpBufferSize: [33m100000000[39m,
        transports: [36m[Object][39m,
        allowUpgrades: [33mtrue[39m,
        allowRequest: [36m[Function: bound ][39m,
        cookie: [32m'io'[39m,
        cookiePath: [33mfalse[39m,
        perMessageDeflate: [36m[Object][39m,
        httpCompression: [36m[Object][39m,
        ws: [36m[Object][39m,
        _events: [36m[Object][39m,
        _eventsCount: [33m1[39m } },
  adapter: 
   Adapter {
     nsp: 
      Namespace {
        name: [32m'/'[39m,
        server: [36m[Object][39m,
        sockets: [36m[Object][39m,
        connected: [36m[Object][39m,
        fns: [],
        ids: [33m0[39m,
        adapter: [36m[Circular][39m,
        _events: [36m[Object][39m,
        _eventsCount: [33m1[39m },
     rooms: { [32m'/#GBiIOyjf-hASjDkxAAAD'[39m: [36m[Object][39m },
     sids: { [32m'/#GBiIOyjf-hASjDkxAAAD'[39m: [36m[Object][39m },
     encoder: Encoder {} },
  id: [32m'/#GBiIOyjf-hASjDkxAAAD'[39m,
  client: 
   Client {
     server: 
      Server {
        nsps: [36m[Object][39m,
        _path: [32m'/socket.io'[39m,
        _serveClient: [33mtrue[39m,
        _adapter: [36m[Function: Adapter][39m,
        _origins: [32m'*:*'[39m,
        sockets: [36m[Object][39m,
        eio: [36m[Object][39m,
        httpServer: [36m[Object][39m,
        engine: [36m[Object][39m },
     conn: 
      Socket {
        id: [32m'GBiIOyjf-hASjDkxAAAD'[39m,
        server: [36m[Object][39m,
        upgrading: [33mfalse[39m,
        upgraded: [33mfalse[39m,
        readyState: [32m'open'[39m,
        writeBuffer: [36m[Object][39m,
        packetsFn: [36m[Object][39m,
        sentCallbackFn: [],
        cleanupFn: [36m[Object][39m,
        request: [36m[Object][39m,
        remoteAddress: [32m'::ffff:10.210.30.41'[39m,
        checkIntervalTimer: [1mnull[22m,
        upgradeTimeoutTimer: [1mnull[22m,
        pingTimeoutTimer: [36m[Object][39m,
        transport: [36m[Object][39m,
        _events: [36m[Object][39m,
        _eventsCount: [33m3[39m },
     encoder: Encoder {},
     decoder: Decoder { reconstructor: [1mnull[22m, _callbacks: [36m[Object][39m },
     id: [32m'GBiIOyjf-hASjDkxAAAD'[39m,
     request: 
      IncomingMessage {
        _readableState: [36m[Object][39m,
        readable: [33mtrue[39m,
        domain: [1mnull[22m,
        _events: {},
        _eventsCount: [33m0[39m,
        _maxListeners: [90mundefined[39m,
        socket: [36m[Object][39m,
        connection: [36m[Object][39m,
        httpVersionMajor: [33m1[39m,
        httpVersionMinor: [33m1[39m,
        httpVersion: [32m'1.1'[39m,
        complete: [33mtrue[39m,
        headers: [36m[Object][39m,
        rawHeaders: [36m[Object][39m,
        trailers: {},
        rawTrailers: [],
        upgrade: [33mfalse[39m,
        url: [32m'/socket.io/?EIO=3&transport=polling&t=LTl6W5e'[39m,
        method: [32m'GET'[39m,
        statusCode: [1mnull[22m,
        statusMessage: [1mnull[22m,
        client: [36m[Object][39m,
        _consuming: [33mfalse[39m,
        _dumped: [33mtrue[39m,
        _query: [36m[Object][39m,
        res: [36m[Object][39m,
        cleanup: [36m[Function: cleanup][39m },
     onclose: [36m[Function: bound ][39m,
     ondata: [36m[Function: bound ][39m,
     onerror: [36m[Function: bound ][39m,
     ondecoded: [36m[Function: bound ][39m,
     sockets: { [32m'/#GBiIOyjf-hASjDkxAAAD'[39m: [36m[Circular][39m },
     nsps: { [32m'/'[39m: [36m[Circular][39m },
     connectBuffer: [] },
  conn: 
   Socket {
     id: [32m'GBiIOyjf-hASjDkxAAAD'[39m,
     server: 
      Server {
        clients: [36m[Object][39m,
        clientsCount: [33m1[39m,
        pingTimeout: [33m60000[39m,
        pingInterval: [33m25000[39m,
        upgradeTimeout: [33m10000[39m,
        maxHttpBufferSize: [33m100000000[39m,
        transports: [36m[Object][39m,
        allowUpgrades: [33mtrue[39m,
        allowRequest: [36m[Function: bound ][39m,
        cookie: [32m'io'[39m,
        cookiePath: [33mfalse[39m,
        perMessageDeflate: [36m[Object][39m,
        httpCompression: [36m[Object][39m,
        ws: [36m[Object][39m,
        _events: [36m[Object][39m,
        _eventsCount: [33m1[39m },
     upgrading: [33mfalse[39m,
     upgraded: [33mfalse[39m,
     readyState: [32m'open'[39m,
     writeBuffer: [ [36m[Object][39m ],
     packetsFn: [ [90mundefined[39m ],
     sentCallbackFn: [],
     cleanupFn: [ [36m[Function][39m, [36m[Function][39m ],
     request: 
      IncomingMessage {
        _readableState: [36m[Object][39m,
        readable: [33mtrue[39m,
        domain: [1mnull[22m,
        _events: {},
        _eventsCount: [33m0[39m,
        _maxListeners: [90mundefined[39m,
        socket: [36m[Object][39m,
        connection: [36m[Object][39m,
        httpVersionMajor: [33m1[39m,
        httpVersionMinor: [33m1[39m,
        httpVersion: [32m'1.1'[39m,
        complete: [33mtrue[39m,
        headers: [36m[Object][39m,
        rawHeaders: [36m[Object][39m,
        trailers: {},
        rawTrailers: [],
        upgrade: [33mfalse[39m,
        url: [32m'/socket.io/?EIO=3&transport=polling&t=LTl6W5e'[39m,
        method: [32m'GET'[39m,
        statusCode: [1mnull[22m,
        statusMessage: [1mnull[22m,
        client: [36m[Object][39m,
        _consuming: [33mfalse[39m,
        _dumped: [33mtrue[39m,
        _query: [36m[Object][39m,
        res: [36m[Object][39m,
        cleanup: [36m[Function: cleanup][39m },
     remoteAddress: [32m'::ffff:10.210.30.41'[39m,
     checkIntervalTimer: [1mnull[22m,
     upgradeTimeoutTimer: [1mnull[22m,
     pingTimeoutTimer: 
      Timeout {
        _called: [33mfalse[39m,
        _idleTimeout: [33m85000[39m,
        _idlePrev: [36m[Object][39m,
        _idleNext: [36m[Object][39m,
        _idleStart: [33m442495[39m,
        _onTimeout: [36m[Function][39m,
        _repeat: [1mnull[22m },
     transport: 
      XHR {
        readyState: [32m'open'[39m,
        discarded: [33mfalse[39m,
        closeTimeout: [33m30000[39m,
        maxHttpBufferSize: [33m100000000[39m,
        httpCompression: [36m[Object][39m,
        supportsBinary: [33mtrue[39m,
        _events: [36m[Object][39m,
        _eventsCount: [33m5[39m,
        sid: [32m'GBiIOyjf-hASjDkxAAAD'[39m,
        req: [1mnull[22m,
        res: [1mnull[22m,
        writable: [33mfalse[39m },
     _events: 
      { close: [36m[Object][39m,
        data: [36m[Function: bound ][39m,
        error: [36m[Function: bound ][39m },
     _eventsCount: [33m3[39m },
  rooms: {},
  acks: {},
  connected: [33mtrue[39m,
  disconnected: [33mfalse[39m,
  handshake: 
   { headers: 
      { host: [32m'10.210.30.148:3000'[39m,
        connection: [32m'keep-alive'[39m,
        [32m'cache-control'[39m: [32m'max-age=0'[39m,
        origin: [32m'http://10.210.30.148'[39m,
        [32m'user-agent'[39m: [32m'Mozilla/5.0 (Windows NT 5.1) AppleWebKit/537.36 (KHTML, like Gecko) Chrome/49.0.2623.112 Safari/537.36'[39m,
        accept: [32m'*/*'[39m,
        referer: [32m'http://10.210.30.148/sku/'[39m,
        [32m'accept-encoding'[39m: [32m'gzip, deflate, sdch'[39m,
        [32m'accept-language'[39m: [32m'ru-RU,ru;q=0.8,en-US;q=0.6,en;q=0.4'[39m,
        cookie: [32m'io=EWs1xbsjL8aadtRWAAAC'[39m },
     time: [32m'Wed Sep 28 2016 08:42:34 GMT+0400 (SAMT)'[39m,
     address: [32m'::ffff:10.210.30.41'[39m,
     xdomain: [33mtrue[39m,
     secure: [33mfalse[39m,
     issued: [33m1475037754712[39m,
     url: [32m'/socket.io/?EIO=3&transport=polling&t=LTl6W5e'[39m,
     query: { EIO: [32m'3'[39m, transport: [32m'polling'[39m, t: [32m'LTl6W5e'[39m } } }
data rcv RT:[ [32m'0.00'[39m, [32m'4.35'[39m, [32m'3.38'[39m, [32m'0.06'[39m ]
data rcv RT:[ [32m'0.00'[39m, [32m'4.36'[39m, [32m'3.37'[39m, [32m'0.03'[39m ]
data rcv RT:[ [32m'0.00'[39m, [32m'4.37'[39m, [32m'3.38'[39m, [32m'0.02'[39m ]
data rcv RT:[ [32m'0.00'[39m, [32m'4.37'[39m, [32m'3.40'[39m, [32m'0.01'[39m ]
data rcv RT:[ [32m'0.00'[39m, [32m'4.34'[39m, [32m'3.43'[39m, [32m'0.00'[39m ]
data rcv RT:[ [32m'0.00'[39m, [32m'4.30'[39m, [32m'3.44'[39m, [32m'0.00'[39m ]
data rcv RT:[ [32m'0.00'[39m, [32m'4.29'[39m, [32m'3.44'[39m, [32m'0.00'[39m ]
data rcv RT:[ [32m'0.00'[39m, [32m'4.26'[39m, [32m'3.41'[39m, [32m'0.00'[39m ]
data rcv RT:[ [32m'0.00'[39m, [32m'4.28'[39m, [32m'3.38'[39m, [32m'0.00'[39m ]
data rcv RT:[ [32m'0.00'[39m, [32m'4.27'[39m, [32m'3.39'[39m, [32m'0.00'[39m ]
data rcv RT:[ [32m'0.00'[39m, [32m'4.32'[39m, [32m'3.38'[39m, [32m'0.02'[39m ]
data rcv RT:[ [32m'0.00'[39m, [32m'4.35'[39m, [32m'3.39'[39m, [32m'0.02'[39m ]
data rcv RT:[ [32m'0.00'[39m, [32m'4.38'[39m, [32m'3.38'[39m, [32m'0.03'[39m ]
data rcv RT:[ [32m'0.00'[39m, [32m'4.38'[39m, [32m'3.40'[39m, [32m'0.01'[39m ]
data rcv RT:[ [32m'0.00'[39m, [32m'4.34'[39m, [32m'3.43'[39m, [32m'0.00'[39m ]
data rcv RT:[ [32m'0.00'[39m, [32m'4.29'[39m, [32m'3.45'[39m, [32m'0.00'[39m ]
data rcv RT:[ [32m'0.00'[39m, [32m'4.33'[39m, [32m'3.43'[39m, [32m'0.00'[39m ]
data rcv RT:[ [32m'0.00'[39m, [32m'4.25'[39m, [32m'3.46'[39m, [32m'0.00'[39m ]
data rcv RT:[ [32m'0.00'[39m, [32m'4.28'[39m, [32m'3.36'[39m, [32m'0.00'[39m ]
data rcv RT:[ [32m'0.00'[39m, [32m'4.32'[39m, [32m'3.40'[39m, [32m'0.01'[39m ]
data rcv RT:[ [32m'0.00'[39m, [32m'4.33'[39m, [32m'3.37'[39m, [32m'0.04'[39m ]
data rcv RT:[ [32m'0.00'[39m, [32m'4.33'[39m, [32m'3.37'[39m, [32m'0.06'[39m ]
data rcv RT:[ [32m'0.00'[39m, [32m'4.36'[39m, [32m'3.39'[39m, [32m'0.03'[39m ]
data rcv RT:[ [32m'0.00'[39m, [32m'4.34'[39m, [32m'3.44'[39m, [32m'0.00'[39m ]
data rcv RT:[ [32m'0.00'[39m, [32m'4.32'[39m, [32m'3.42'[39m, [32m'0.00'[39m ]
data rcv RT:[ [32m'0.00'[39m, [32m'4.31'[39m, [32m'3.43'[39m, [32m'0.00'[39m ]
data rcv RT:[ [32m'0.00'[39m, [32m'4.32'[39m, [32m'3.45'[39m, [32m'0.00'[39m ]
data rcv RT:[ [32m'0.00'[39m, [32m'4.26'[39m, [32m'3.36'[39m, [32m'0.00'[39m ]
data rcv RT:[ [32m'0.00'[39m, [32m'4.30'[39m, [32m'3.37'[39m, [32m'0.00'[39m ]
data rcv RT:[ [32m'0.00'[39m, [32m'4.31'[39m, [32m'3.39'[39m, [32m'0.00'[39m ]
data rcv RT:[ [32m'0.00'[39m, [32m'4.33'[39m, [32m'3.38'[39m, [32m'0.02'[39m ]
data rcv RT:[ [32m'0.00'[39m, [32m'4.38'[39m, [32m'3.39'[39m, [32m'0.02'[39m ]
data rcv RT:[ [32m'0.00'[39m, [32m'4.35'[39m, [32m'3.39'[39m, [32m'0.00'[39m ]
data rcv RT:[ [32m'0.00'[39m, [32m'4.34'[39m, [32m'3.42'[39m, [32m'0.00'[39m ]
data rcv RT:[ [32m'0.00'[39m, [32m'4.31'[39m, [32m'3.43'[39m, [32m'0.00'[39m ]
data rcv RT:[ [32m'0.00'[39m, [32m'4.25'[39m, [32m'3.43'[39m, [32m'0.00'[39m ]
data rcv RT:[ [32m'0.00'[39m, [32m'4.28'[39m, [32m'3.40'[39m, [32m'0.00'[39m ]
data rcv RT:[ [32m'0.00'[39m, [32m'4.29'[39m, [32m'3.38'[39m, [32m'0.01'[39m ]
data rcv RT:[ [32m'0.00'[39m, [32m'4.32'[39m, [32m'3.36'[39m, [32m'0.01'[39m ]
data rcv RT:[ [32m'0.00'[39m, [32m'4.35'[39m, [32m'3.38'[39m, [32m'0.02'[39m ]
data rcv RT:[ [32m'0.00'[39m, [32m'4.37'[39m, [32m'3.42'[39m, [32m'0.02'[39m ]
data rcv RT:[ [32m'0.00'[39m, [32m'4.37'[39m, [32m'3.39'[39m, [32m'0.00'[39m ]
data rcv RT:[ [32m'0.00'[39m, [32m'4.32'[39m, [32m'3.44'[39m, [32m'0.00'[39m ]
data rcv RT:[ [32m'0.00'[39m, [32m'4.32'[39m, [32m'3.42'[39m, [32m'0.00'[39m ]
data rcv RT:[ [32m'0.00'[39m, [32m'4.29'[39m, [32m'3.43'[39m, [32m'0.00'[39m ]
data rcv RT:[ [32m'0.00'[39m, [32m'4.26'[39m, [32m'3.46'[39m, [32m'0.00'[39m ]
data rcv RT:[ [32m'0.00'[39m, [32m'4.27'[39m, [32m'3.38'[39m, [32m'0.00'[39m ]
data rcv RT:[ [32m'0.00'[39m, [32m'4.31'[39m, [32m'3.40'[39m, [32m'0.00'[39m ]
data rcv RT:[ [32m'0.00'[39m, [32m'4.34'[39m, [32m'3.41'[39m, [32m'0.00'[39m ]
data rcv RT:[ [32m'0.00'[39m, [32m'4.35'[39m, [32m'3.38'[39m, [32m'0.01'[39m ]
data rcv RT:[ [32m'0.00'[39m, [32m'4.33'[39m, [32m'3.35'[39m, [32m'0.07'[39m ]
data rcv RT:[ [32m'0.00'[39m, [32m'4.34'[39m, [32m'3.45'[39m, [32m'0.00'[39m ]
data rcv RT:[ [32m'0.00'[39m, [32m'4.32'[39m, [32m'3.43'[39m, [32m'0.00'[39m ]
data rcv RT:[ [32m'0.00'[39m, [32m'4.28'[39m, [32m'3.45'[39m, [32m'0.00'[39m ]
data rcv RT:[ [32m'0.00'[39m, [32m'4.26'[39m, [32m'3.46'[39m, [32m'0.00'[39m ]
data rcv RT:[ [32m'0.00'[39m, [32m'4.26'[39m, [32m'3.42'[39m, [32m'0.00'[39m ]
data rcv RT:[ [32m'0.00'[39m, [32m'4.28'[39m, [32m'3.35'[39m, [32m'0.00'[39m ]
data rcv RT:[ [32m'0.00'[39m, [32m'4.31'[39m, [32m'3.37'[39m, [32m'0.00'[39m ]
data rcv RT:[ [32m'0.00'[39m, [32m'4.33'[39m, [32m'3.38'[39m, [32m'0.00'[39m ]
data rcv RT:[ [32m'0.00'[39m, [32m'4.34'[39m, [32m'3.38'[39m, [32m'0.01'[39m ]
data rcv RT:[ [32m'0.00'[39m, [32m'4.36'[39m, [32m'3.41'[39m, [32m'0.00'[39m ]
data rcv RT:[ [32m'0.00'[39m, [32m'4.35'[39m, [32m'3.40'[39m, [32m'0.01'[39m ]
data rcv RT:[ [32m'0.00'[39m, [32m'4.33'[39m, [32m'3.42'[39m, [32m'0.00'[39m ]
data rcv RT:[ [32m'0.00'[39m, [32m'4.34'[39m, [32m'3.42'[39m, [32m'0.00'[39m ]
data rcv RT:[ [32m'0.00'[39m, [32m'4.32'[39m, [32m'3.42'[39m, [32m'0.00'[39m ]
data rcv RT:[ [32m'0.00'[39m, [32m'4.31'[39m, [32m'3.44'[39m, [32m'0.00'[39m ]
data rcv RT:[ [32m'0.00'[39m, [32m'4.27'[39m, [32m'3.39'[39m, [32m'0.00'[39m ]
data rcv RT:[ [32m'0.00'[39m, [32m'4.24'[39m, [32m'3.42'[39m, [32m'0.00'[39m ]
data rcv RT:[ [32m'0.00'[39m, [32m'4.27'[39m, [32m'3.38'[39m, [32m'0.00'[39m ]
data rcv RT:[ [32m'0.00'[39m, [32m'4.32'[39m, [32m'3.39'[39m, [32m'0.00'[39m ]
data rcv RT:[ [32m'0.00'[39m, [32m'4.34'[39m, [32m'3.38'[39m, [32m'0.03'[39m ]
data rcv RT:[ [32m'0.00'[39m, [32m'4.36'[39m, [32m'3.37'[39m, [32m'0.03'[39m ]
data rcv RT:[ [32m'0.00'[39m, [32m'4.38'[39m, [32m'3.38'[39m, [32m'0.00'[39m ]
data rcv RT:[ [32m'0.00'[39m, [32m'4.34'[39m, [32m'3.42'[39m, [32m'0.00'[39m ]
data rcv RT:[ [32m'0.00'[39m, [32m'4.32'[39m, [32m'3.43'[39m, [32m'0.00'[39m ]
data rcv RT:[ [32m'0.00'[39m, [32m'4.31'[39m, [32m'3.40'[39m, [32m'0.00'[39m ]
data rcv RT:[ [32m'0.00'[39m, [32m'4.30'[39m, [32m'3.48'[39m, [32m'0.00'[39m ]
data rcv RT:[ [32m'0.00'[39m, [32m'4.25'[39m, [32m'3.42'[39m, [32m'0.00'[39m ]
data rcv RT:[ [32m'0.00'[39m, [32m'4.32'[39m, [32m'3.37'[39m, [32m'0.00'[39m ]
data rcv RT:[ [32m'0.00'[39m, [32m'4.31'[39m, [32m'3.40'[39m, [32m'0.00'[39m ]
data rcv RT:[ [32m'0.00'[39m, [32m'4.33'[39m, [32m'3.38'[39m, [32m'0.01'[39m ]
data rcv RT:[ [32m'0.00'[39m, [32m'4.37'[39m, [32m'3.40'[39m, [32m'0.01'[39m ]
data rcv RT:[ [32m'0.00'[39m, [32m'4.34'[39m, [32m'3.43'[39m, [32m'0.00'[39m ]
data rcv RT:[ [32m'0.00'[39m, [32m'4.35'[39m, [32m'3.42'[39m, [32m'0.00'[39m ]
data rcv RT:[ [32m'0.00'[39m, [32m'4.33'[39m, [32m'3.42'[39m, [32m'0.00'[39m ]
data rcv RT:[ [32m'0.00'[39m, [32m'4.31'[39m, [32m'3.45'[39m, [32m'0.00'[39m ]
data rcv RT:[ [32m'0.00'[39m, [32m'4.28'[39m, [32m'3.42'[39m, [32m'0.00'[39m ]
data rcv RT:[ [32m'0.00'[39m, [32m'4.27'[39m, [32m'3.37'[39m, [32m'0.00'[39m ]
data rcv RT:[ [32m'0.00'[39m, [32m'4.33'[39m, [32m'3.37'[39m, [32m'0.01'[39m ]
data rcv RT:[ [32m'0.00'[39m, [32m'4.32'[39m, [32m'3.38'[39m, [32m'0.01'[39m ]
data rcv RT:[ [32m'0.00'[39m, [32m'4.36'[39m, [32m'3.41'[39m, [32m'0.01'[39m ]
data rcv RT:[ [32m'0.00'[39m, [32m'4.32'[39m, [32m'3.44'[39m, [32m'0.00'[39m ]
data rcv RT:[ [32m'0.00'[39m, [32m'4.31'[39m, [32m'3.42'[39m, [32m'0.00'[39m ]
data rcv RT:[ [32m'0.00'[39m, [32m'4.31'[39m, [32m'3.41'[39m, [32m'0.00'[39m ]
data rcv RT:[ [32m'0.00'[39m, [32m'4.30'[39m, [32m'3.43'[39m, [32m'0.00'[39m ]
data rcv RT:[ [32m'0.00'[39m, [32m'4.26'[39m, [32m'3.41'[39m, [32m'0.00'[39m ]
data rcv RT:[ [32m'0.00'[39m, [32m'4.27'[39m, [32m'3.39'[39m, [32m'0.00'[39m ]
data rcv RT:[ [32m'0.00'[39m, [32m'4.30'[39m, [32m'3.39'[39m, [32m'0.00'[39m ]
data rcv RT:[ [32m'0.00'[39m, [32m'4.30'[39m, [32m'3.37'[39m, [32m'0.02'[39m ]
data rcv RT:[ [32m'0.00'[39m, [32m'4.33'[39m, [32m'3.33'[39m, [32m'0.05'[39m ]
data rcv RT:[ [32m'0.00'[39m, [32m'4.35'[39m, [32m'3.40'[39m, [32m'0.02'[39m ]
data rcv RT:[ [32m'0.00'[39m, [32m'4.36'[39m, [32m'3.43'[39m, [32m'0.00'[39m ]
data rcv RT:[ [32m'0.00'[39m, [32m'4.35'[39m, [32m'3.44'[39m, [32m'0.00'[39m ]
data rcv RT:[ [32m'0.00'[39m, [32m'4.33'[39m, [32m'3.44'[39m, [32m'0.00'[39m ]
data rcv RT:[ [32m'0.00'[39m, [32m'4.32'[39m, [32m'3.43'[39m, [32m'0.00'[39m ]
data rcv RT:[ [32m'0.00'[39m, [32m'4.29'[39m, [32m'3.44'[39m, [32m'0.00'[39m ]
data rcv RT:[ [32m'0.00'[39m, [32m'4.27'[39m, [32m'3.39'[39m, [32m'0.00'[39m ]
data rcv RT:[ [32m'0.00'[39m, [32m'4.32'[39m, [32m'3.38'[39m, [32m'0.01'[39m ]
data rcv RT:[ [32m'0.00'[39m, [32m'4.29'[39m, [32m'3.40'[39m, [32m'0.00'[39m ]
data rcv RT:[ [32m'0.00'[39m, [32m'4.32'[39m, [32m'3.37'[39m, [32m'0.06'[39m ]
data rcv RT:[ [32m'0.00'[39m, [32m'4.37'[39m, [32m'3.41'[39m, [32m'0.00'[39m ]
data rcv RT:[ [32m'0.00'[39m, [32m'4.35'[39m, [32m'3.46'[39m, [32m'0.00'[39m ]
data rcv RT:[ [32m'0.00'[39m, [32m'4.32'[39m, [32m'3.40'[39m, [32m'0.00'[39m ]
data rcv RT:[ [32m'0.00'[39m, [32m'4.29'[39m, [32m'3.40'[39m, [32m'0.00'[39m ]
data rcv RT:[ [32m'0.00'[39m, [32m'4.28'[39m, [32m'3.46'[39m, [32m'0.00'[39m ]
data rcv RT:[ [32m'0.00'[39m, [32m'4.27'[39m, [32m'3.44'[39m, [32m'0.00'[39m ]
data rcv RT:[ [32m'0.00'[39m, [32m'4.29'[39m, [32m'3.37'[39m, [32m'0.00'[39m ]
data rcv RT:[ [32m'0.00'[39m, [32m'4.31'[39m, [32m'3.37'[39m, [32m'0.00'[39m ]
data rcv RT:[ [32m'0.00'[39m, [32m'4.36'[39m, [32m'3.39'[39m, [32m'0.02'[39m ]
data rcv RT:[ [32m'0.00'[39m, [32m'4.37'[39m, [32m'3.39'[39m, [32m'0.01'[39m ]
data rcv RT:[ [32m'0.00'[39m, [32m'4.33'[39m, [32m'3.39'[39m, [32m'0.00'[39m ]
data rcv RT:[ [32m'0.00'[39m, [32m'4.35'[39m, [32m'3.41'[39m, [32m'0.00'[39m ]
data rcv RT:[ [32m'0.00'[39m, [32m'4.31'[39m, [32m'3.44'[39m, [32m'0.00'[39m ]
data rcv RT:[ [32m'0.00'[39m, [32m'4.32'[39m, [32m'3.44'[39m, [32m'0.00'[39m ]
data rcv RT:[ [32m'0.00'[39m, [32m'4.28'[39m, [32m'3.41'[39m, [32m'0.00'[39m ]
data rcv RT:[ [32m'0.00'[39m, [32m'4.24'[39m, [32m'3.42'[39m, [32m'0.00'[39m ]
data rcv RT:[ [32m'0.00'[39m, [32m'4.28'[39m, [32m'3.38'[39m, [32m'0.00'[39m ]
data rcv RT:[ [32m'0.00'[39m, [32m'4.26'[39m, [32m'3.40'[39m, [32m'0.00'[39m ]
data rcv RT:[ [32m'0.00'[39m, [32m'4.29'[39m, [32m'3.38'[39m, [32m'0.00'[39m ]
data rcv RT:[ [32m'0.00'[39m, [32m'4.33'[39m, [32m'3.36'[39m, [32m'0.00'[39m ]
data rcv RT:[ [32m'0.00'[39m, [32m'4.34'[39m, [32m'3.38'[39m, [32m'0.02'[39m ]
data rcv RT:[ [32m'0.00'[39m, [32m'4.34'[39m, [32m'3.36'[39m, [32m'0.01'[39m ]
data rcv RT:[ [32m'0.00'[39m, [32m'4.38'[39m, [32m'3.38'[39m, [32m'0.02'[39m ]
data rcv RT:[ [32m'0.00'[39m, [32m'4.36'[39m, [32m'3.41'[39m, [32m'0.00'[39m ]
data rcv RT:[ [32m'0.00'[39m, [32m'4.34'[39m, [32m'3.41'[39m, [32m'0.00'[39m ]
data rcv RT:[ [32m'0.00'[39m, [32m'4.31'[39m, [32m'3.45'[39m, [32m'0.00'[39m ]
data rcv RT:[ [32m'0.00'[39m, [32m'4.30'[39m, [32m'3.39'[39m, [32m'0.00'[39m ]
data rcv RT:[ [32m'0.00'[39m, [32m'4.27'[39m, [32m'3.42'[39m, [32m'0.00'[39m ]
data rcv RT:[ [32m'0.00'[39m, [32m'4.26'[39m, [32m'3.42'[39m, [32m'0.00'[39m ]
data rcv RT:[ [32m'0.00'[39m, [32m'4.27'[39m, [32m'3.39'[39m, [32m'0.00'[39m ]
data rcv RT:[ [32m'0.00'[39m, [32m'4.31'[39m, [32m'3.37'[39m, [32m'0.01'[39m ]
data rcv RT:[ [32m'0.00'[39m, [32m'4.31'[39m, [32m'3.39'[39m, [32m'0.00'[39m ]
data rcv RT:[ [32m'0.00'[39m, [32m'4.34'[39m, [32m'3.37'[39m, [32m'0.04'[39m ]
data rcv RT:[ [32m'0.00'[39m, [32m'4.38'[39m, [32m'3.39'[39m, [32m'0.03'[39m ]
data rcv RT:[ [32m'0.00'[39m, [32m'4.35'[39m, [32m'3.41'[39m, [32m'0.00'[39m ]
data rcv RT:[ [32m'0.00'[39m, [32m'4.36'[39m, [32m'3.45'[39m, [32m'0.00'[39m ]
data rcv RT:[ [32m'0.00'[39m, [32m'4.35'[39m, [32m'3.43'[39m, [32m'0.00'[39m ]
data rcv RT:[ [32m'0.00'[39m, [32m'4.28'[39m, [32m'3.42'[39m, [32m'0.00'[39m ]
data rcv RT:[ [32m'0.00'[39m, [32m'4.25'[39m, [32m'3.44'[39m, [32m'0.00'[39m ]
data rcv RT:[ [32m'0.00'[39m, [32m'4.28'[39m, [32m'3.44'[39m, [32m'0.00'[39m ]
data rcv RT:[ [32m'0.00'[39m, [32m'4.24'[39m, [32m'3.39'[39m, [32m'0.00'[39m ]
data rcv RT:[ [32m'0.00'[39m, [32m'4.30'[39m, [32m'3.38'[39m, [32m'0.01'[39m ]
data rcv RT:[ [32m'0.00'[39m, [32m'4.30'[39m, [32m'3.38'[39m, [32m'0.01'[39m ]
data rcv RT:[ [32m'0.00'[39m, [32m'4.31'[39m, [32m'3.39'[39m, [32m'0.00'[39m ]
data rcv RT:[ [32m'0.00'[39m, [32m'4.37'[39m, [32m'3.41'[39m, [32m'0.03'[39m ]
data rcv RT:[ [32m'0.00'[39m, [32m'4.39'[39m, [32m'3.42'[39m, [32m'0.00'[39m ]
data rcv RT:[ [32m'0.00'[39m, [32m'4.34'[39m, [32m'3.40'[39m, [32m'0.00'[39m ]
data rcv RT:[ [32m'0.00'[39m, [32m'4.34'[39m, [32m'3.44'[39m, [32m'0.00'[39m ]
data rcv RT:[ [32m'0.00'[39m, [32m'4.32'[39m, [32m'3.44'[39m, [32m'0.00'[39m ]
data rcv RT:[ [32m'0.00'[39m, [32m'4.29'[39m, [32m'3.42'[39m, [32m'0.00'[39m ]
data rcv RT:[ [32m'0.00'[39m, [32m'4.26'[39m, [32m'3.44'[39m, [32m'0.00'[39m ]
data rcv RT:[ [32m'0.00'[39m, [32m'4.29'[39m, [32m'3.37'[39m, [32m'0.00'[39m ]
data rcv RT:[ [32m'0.00'[39m, [32m'4.32'[39m, [32m'3.38'[39m, [32m'0.00'[39m ]
data rcv RT:[ [32m'0.00'[39m, [32m'4.30'[39m, [32m'3.40'[39m, [32m'0.01'[39m ]
data rcv RT:[ [32m'0.00'[39m, [32m'4.33'[39m, [32m'3.39'[39m, [32m'0.02'[39m ]
data rcv RT:[ [32m'0.00'[39m, [32m'4.36'[39m, [32m'3.38'[39m, [32m'0.04'[39m ]
data rcv RT:[ [32m'0.00'[39m, [32m'4.38'[39m, [32m'3.42'[39m, [32m'0.00'[39m ]
data rcv RT:[ [32m'0.00'[39m, [32m'4.38'[39m, [32m'3.44'[39m, [32m'0.00'[39m ]
data rcv RT:[ [32m'0.00'[39m, [32m'4.33'[39m, [32m'3.42'[39m, [32m'0.00'[39m ]
data rcv RT:[ [32m'0.00'[39m, [32m'4.32'[39m, [32m'3.42'[39m, [32m'0.00'[39m ]
data rcv RT:[ [32m'0.00'[39m, [32m'4.30'[39m, [32m'3.42'[39m, [32m'0.00'[39m ]
data rcv RT:[ [32m'0.00'[39m, [32m'4.27'[39m, [32m'3.40'[39m, [32m'0.00'[39m ]
data rcv RT:[ [32m'0.00'[39m, [32m'4.25'[39m, [32m'3.39'[39m, [32m'0.00'[39m ]
data rcv RT:[ [32m'0.00'[39m, [32m'4.26'[39m, [32m'3.41'[39m, [32m'0.00'[39m ]
data rcv RT:[ [32m'0.00'[39m, [32m'4.28'[39m, [32m'3.38'[39m, [32m'0.00'[39m ]
data rcv RT:[ [32m'0.00'[39m, [32m'4.34'[39m, [32m'3.38'[39m, [32m'0.02'[39m ]
data rcv RT:[ [32m'0.00'[39m, [32m'4.32'[39m, [32m'3.40'[39m, [32m'0.01'[39m ]
data rcv RT:[ [32m'0.00'[39m, [32m'4.34'[39m, [32m'3.39'[39m, [32m'0.02'[39m ]
data rcv RT:[ [32m'0.00'[39m, [32m'4.39'[39m, [32m'3.38'[39m, [32m'0.05'[39m ]
data rcv RT:[ [32m'0.00'[39m, [32m'4.34'[39m, [32m'3.41'[39m, [32m'0.00'[39m ]
data rcv RT:[ [32m'0.00'[39m, [32m'4.31'[39m, [32m'3.44'[39m, [32m'0.00'[39m ]
data rcv RT:[ [32m'0.00'[39m, [32m'4.31'[39m, [32m'3.41'[39m, [32m'0.00'[39m ]
data rcv RT:[ [32m'0.00'[39m, [32m'4.31'[39m, [32m'3.44'[39m, [32m'0.00'[39m ]
data rcv RT:[ [32m'0.00'[39m, [32m'4.28'[39m, [32m'3.41'[39m, [32m'0.00'[39m ]
data rcv RT:[ [32m'0.00'[39m, [32m'4.27'[39m, [32m'3.40'[39m, [32m'0.00'[39m ]
data rcv RT:[ [32m'0.00'[39m, [32m'4.28'[39m, [32m'3.38'[39m, [32m'0.00'[39m ]
data rcv RT:[ [32m'0.00'[39m, [32m'4.28'[39m, [32m'3.39'[39m, [32m'0.00'[39m ]
data rcv RT:[ [32m'0.00'[39m, [32m'4.38'[39m, [32m'3.42'[39m, [32m'0.00'[39m ]
data rcv RT:[ [32m'0.00'[39m, [32m'4.37'[39m, [32m'3.42'[39m, [32m'0.01'[39m ]
data rcv RT:[ [32m'0.00'[39m, [32m'4.36'[39m, [32m'3.41'[39m, [32m'0.00'[39m ]
data rcv RT:[ [32m'0.00'[39m, [32m'4.33'[39m, [32m'3.41'[39m, [32m'0.00'[39m ]
data rcv RT:[ [32m'0.00'[39m, [32m'4.33'[39m, [32m'3.43'[39m, [32m'0.00'[39m ]
data rcv RT:[ [32m'0.00'[39m, [32m'4.31'[39m, [32m'3.41'[39m, [32m'0.00'[39m ]
data rcv RT:[ [32m'0.00'[39m, [32m'4.25'[39m, [32m'3.38'[39m, [32m'0.00'[39m ]
data rcv RT:[ [32m'0.00'[39m, [32m'4.26'[39m, [32m'3.38'[39m, [32m'0.00'[39m ]
data rcv RT:[ [32m'0.00'[39m, [32m'4.29'[39m, [32m'3.37'[39m, [32m'0.00'[39m ]
data rcv RT:[ [32m'0.00'[39m, [32m'4.30'[39m, [32m'3.37'[39m, [32m'0.00'[39m ]
data rcv RT:[ [32m'0.00'[39m, [32m'4.33'[39m, [32m'3.37'[39m, [32m'0.01'[39m ]
data rcv RT:[ [32m'0.00'[39m, [32m'4.34'[39m, [32m'3.38'[39m, [32m'0.03'[39m ]
data rcv RT:[ [32m'0.00'[39m, [32m'4.37'[39m, [32m'3.42'[39m, [32m'0.00'[39m ]
data rcv RT:[ [32m'0.00'[39m, [32m'4.38'[39m, [32m'3.43'[39m, [32m'0.00'[39m ]
data rcv RT:[ [32m'0.00'[39m, [32m'4.32'[39m, [32m'3.44'[39m, [32m'0.00'[39m ]
data rcv RT:[ [32m'0.00'[39m, [32m'4.32'[39m, [32m'3.44'[39m, [32m'0.00'[39m ]
data rcv RT:[ [32m'0.00'[39m, [32m'4.30'[39m, [32m'3.40'[39m, [32m'0.00'[39m ]
data rcv RT:[ [32m'0.00'[39m, [32m'4.27'[39m, [32m'3.42'[39m, [32m'0.00'[39m ]
data rcv RT:[ [32m'0.00'[39m, [32m'4.28'[39m, [32m'3.39'[39m, [32m'0.00'[39m ]
data rcv RT:[ [32m'0.00'[39m, [32m'4.26'[39m, [32m'3.37'[39m, [32m'0.00'[39m ]
data rcv RT:[ [32m'0.00'[39m, [32m'4.32'[39m, [32m'3.39'[39m, [32m'0.01'[39m ]
data rcv RT:[ [32m'0.00'[39m, [32m'4.33'[39m, [32m'3.37'[39m, [32m'0.02'[39m ]
data rcv RT:[ [32m'0.00'[39m, [32m'4.35'[39m, [32m'3.39'[39m, [32m'0.02'[39m ]
data rcv RT:[ [32m'0.00'[39m, [32m'4.35'[39m, [32m'3.39'[39m, [32m'0.05'[39m ]
data rcv RT:[ [32m'0.00'[39m, [32m'4.37'[39m, [32m'3.37'[39m, [32m'0.04'[39m ]
data rcv RT:[ [32m'0.00'[39m, [32m'4.36'[39m, [32m'3.42'[39m, [32m'0.02'[39m ]
data rcv RT:[ [32m'0.00'[39m, [32m'4.35'[39m, [32m'3.46'[39m, [32m'0.00'[39m ]
data rcv RT:[ [32m'0.00'[39m, [32m'4.32'[39m, [32m'3.43'[39m, [32m'0.00'[39m ]
data rcv RT:[ [32m'0.00'[39m, [32m'4.29'[39m, [32m'3.42'[39m, [32m'0.00'[39m ]
data rcv RT:[ [32m'0.00'[39m, [32m'4.28'[39m, [32m'3.39'[39m, [32m'0.00'[39m ]
data rcv RT:[ [32m'0.00'[39m, [32m'4.23'[39m, [32m'3.39'[39m, [32m'0.00'[39m ]
data rcv RT:[ [32m'0.00'[39m, [32m'4.32'[39m, [32m'3.40'[39m, [32m'0.00'[39m ]
data rcv RT:[ [32m'0.00'[39m, [32m'4.30'[39m, [32m'3.41'[39m, [32m'0.01'[39m ]
data rcv RT:[ [32m'0.00'[39m, [32m'4.34'[39m, [32m'3.35'[39m, [32m'0.08'[39m ]
data rcv RT:[ [32m'0.00'[39m, [32m'4.34'[39m, [32m'3.41'[39m, [32m'0.00'[39m ]
data rcv RT:[ [32m'0.00'[39m, [32m'4.37'[39m, [32m'3.41'[39m, [32m'0.00'[39m ]
data rcv RT:[ [32m'0.00'[39m, [32m'4.34'[39m, [32m'3.45'[39m, [32m'0.00'[39m ]
data rcv RT:[ [32m'0.00'[39m, [32m'4.32'[39m, [32m'3.44'[39m, [32m'0.00'[39m ]
data rcv RT:[ [32m'0.00'[39m, [32m'4.32'[39m, [32m'3.43'[39m, [32m'0.00'[39m ]
data rcv RT:[ [32m'0.00'[39m, [32m'4.31'[39m, [32m'3.42'[39m, [32m'0.00'[39m ]
data rcv RT:[ [32m'0.00'[39m, [32m'4.25'[39m, [32m'3.40'[39m, [32m'0.00'[39m ]
data rcv RT:[ [32m'0.00'[39m, [32m'4.25'[39m, [32m'3.41'[39m, [32m'0.00'[39m ]
data rcv RT:[ [32m'0.00'[39m, [32m'4.26'[39m, [32m'3.36'[39m, [32m'0.00'[39m ]
data rcv RT:[ [32m'0.00'[39m, [32m'4.34'[39m, [32m'3.40'[39m, [32m'0.01'[39m ]
data rcv RT:[ [32m'0.00'[39m, [32m'4.32'[39m, [32m'3.36'[39m, [32m'0.03'[39m ]
data rcv RT:[ [32m'0.00'[39m, [32m'4.37'[39m, [32m'3.40'[39m, [32m'0.01'[39m ]
data rcv RT:[ [32m'0.00'[39m, [32m'4.34'[39m, [32m'3.44'[39m, [32m'0.00'[39m ]
data rcv RT:[ [32m'0.00'[39m, [32m'4.32'[39m, [32m'3.42'[39m, [32m'0.00'[39m ]
data rcv RT:[ [32m'0.00'[39m, [32m'4.32'[39m, [32m'3.42'[39m, [32m'0.00'[39m ]
data rcv RT:[ [32m'0.00'[39m, [32m'4.26'[39m, [32m'3.47'[39m, [32m'0.00'[39m ]
data rcv RT:[ [32m'0.00'[39m, [32m'4.26'[39m, [32m'3.39'[39m, [32m'0.00'[39m ]
data rcv RT:[ [32m'0.00'[39m, [32m'4.28'[39m, [32m'3.41'[39m, [32m'0.01'[39m ]
data rcv RT:[ [32m'0.00'[39m, [32m'4.30'[39m, [32m'3.38'[39m, [32m'0.00'[39m ]
data rcv RT:[ [32m'0.00'[39m, [32m'4.34'[39m, [32m'3.37'[39m, [32m'0.02'[39m ]
data rcv RT:[ [32m'0.00'[39m, [32m'4.36'[39m, [32m'3.38'[39m, [32m'0.05'[39m ]
data rcv RT:[ [32m'0.00'[39m, [32m'4.38'[39m, [32m'3.41'[39m, [32m'0.04'[39m ]
data rcv RT:[ [32m'0.00'[39m, [32m'4.34'[39m, [32m'3.43'[39m, [32m'0.00'[39m ]
data rcv RT:[ [32m'0.00'[39m, [32m'4.32'[39m, [32m'3.43'[39m, [32m'0.00'[39m ]
data rcv RT:[ [32m'0.00'[39m, [32m'4.30'[39m, [32m'3.44'[39m, [32m'0.00'[39m ]
data rcv RT:[ [32m'0.00'[39m, [32m'4.27'[39m, [32m'3.43'[39m, [32m'0.00'[39m ]
data rcv RT:[ [32m'0.00'[39m, [32m'4.27'[39m, [32m'3.41'[39m, [32m'0.00'[39m ]
data rcv RT:[ [32m'0.00'[39m, [32m'4.28'[39m, [32m'3.39'[39m, [32m'0.00'[39m ]
data rcv RT:[ [32m'0.00'[39m, [32m'4.31'[39m, [32m'3.37'[39m, [32m'0.00'[39m ]
data rcv RT:[ [32m'0.00'[39m, [32m'4.31'[39m, [32m'3.37'[39m, [32m'0.00'[39m ]
data rcv RT:[ [32m'0.00'[39m, [32m'4.34'[39m, [32m'3.34'[39m, [32m'0.07'[39m ]
data rcv RT:[ [32m'0.00'[39m, [32m'4.35'[39m, [32m'3.42'[39m, [32m'0.00'[39m ]
data rcv RT:[ [32m'0.00'[39m, [32m'4.35'[39m, [32m'3.42'[39m, [32m'0.00'[39m ]
data rcv RT:[ [32m'0.00'[39m, [32m'4.28'[39m, [32m'3.44'[39m, [32m'0.00'[39m ]
data rcv RT:[ [32m'0.00'[39m, [32m'4.26'[39m, [32m'3.40'[39m, [32m'0.00'[39m ]
data rcv RT:[ [32m'0.00'[39m, [32m'4.26'[39m, [32m'3.39'[39m, [32m'0.00'[39m ]
data rcv RT:[ [32m'0.00'[39m, [32m'4.26'[39m, [32m'3.42'[39m, [32m'0.00'[39m ]
data rcv RT:[ [32m'0.00'[39m, [32m'4.31'[39m, [32m'3.39'[39m, [32m'0.01'[39m ]
data rcv RT:[ [32m'0.00'[39m, [32m'4.33'[39m, [32m'3.37'[39m, [32m'0.04'[39m ]
data rcv RT:[ [32m'0.00'[39m, [32m'4.35'[39m, [32m'3.40'[39m, [32m'0.00'[39m ]
data rcv RT:[ [32m'0.00'[39m, [32m'4.39'[39m, [32m'3.40'[39m, [32m'0.01'[39m ]
data rcv RT:[ [32m'0.00'[39m, [32m'4.34'[39m, [32m'3.43'[39m, [32m'0.00'[39m ]
data rcv RT:[ [32m'0.00'[39m, [32m'4.31'[39m, [32m'3.45'[39m, [32m'0.00'[39m ]
data rcv RT:[ [32m'0.00'[39m, [32m'4.31'[39m, [32m'3.44'[39m, [32m'0.00'[39m ]
data rcv RT:[ [32m'0.00'[39m, [32m'4.27'[39m, [32m'3.44'[39m, [32m'0.00'[39m ]
data rcv RT:[ [32m'0.00'[39m, [32m'4.27'[39m, [32m'3.43'[39m, [32m'0.00'[39m ]
data rcv RT:[ [32m'0.00'[39m, [32m'4.30'[39m, [32m'3.36'[39m, [32m'0.00'[39m ]
data rcv RT:[ [32m'0.00'[39m, [32m'4.27'[39m, [32m'3.40'[39m, [32m'0.00'[39m ]
data rcv RT:[ [32m'0.00'[39m, [32m'4.35'[39m, [32m'3.40'[39m, [32m'0.02'[39m ]
data rcv RT:[ [32m'0.00'[39m, [32m'4.33'[39m, [32m'3.35'[39m, [32m'0.02'[39m ]
data rcv RT:[ [32m'0.00'[39m, [32m'4.36'[39m, [32m'3.40'[39m, [32m'0.01'[39m ]
data rcv RT:[ [32m'0.00'[39m, [32m'4.36'[39m, [32m'3.42'[39m, [32m'0.00'[39m ]
data rcv RT:[ [32m'0.00'[39m, [32m'4.31'[39m, [32m'3.43'[39m, [32m'0.00'[39m ]
data rcv RT:[ [32m'0.00'[39m, [32m'4.33'[39m, [32m'3.42'[39m, [32m'0.00'[39m ]
data rcv RT:[ [32m'0.00'[39m, [32m'4.30'[39m, [32m'3.43'[39m, [32m'0.00'[39m ]
data rcv RT:[ [32m'0.00'[39m, [32m'4.29'[39m, [32m'3.41'[39m, [32m'0.00'[39m ]
data rcv RT:[ [32m'0.00'[39m, [32m'4.27'[39m, [32m'3.39'[39m, [32m'0.00'[39m ]
data rcv RT:[ [32m'0.00'[39m, [32m'4.27'[39m, [32m'3.40'[39m, [32m'0.00'[39m ]
data rcv RT:[ [32m'0.00'[39m, [32m'4.32'[39m, [32m'3.37'[39m, [32m'0.01'[39m ]
data rcv RT:[ [32m'0.00'[39m, [32m'4.30'[39m, [32m'3.38'[39m, [32m'0.00'[39m ]
data rcv RT:[ [32m'0.00'[39m, [32m'4.35'[39m, [32m'3.40'[39m, [32m'0.04'[39m ]
data rcv RT:[ [32m'0.00'[39m, [32m'4.34'[39m, [32m'3.43'[39m, [32m'0.00'[39m ]
data rcv RT:[ [32m'0.00'[39m, [32m'4.37'[39m, [32m'3.41'[39m, [32m'0.00'[39m ]
data rcv RT:[ [32m'0.00'[39m, [32m'4.28'[39m, [32m'3.44'[39m, [32m'0.00'[39m ]
data rcv RT:[ [32m'0.00'[39m, [32m'4.30'[39m, [32m'3.41'[39m, [32m'0.00'[39m ]
data rcv RT:[ [32m'0.00'[39m, [32m'4.24'[39m, [32m'3.40'[39m, [32m'0.00'[39m ]
data rcv RT:[ [32m'0.00'[39m, [32m'4.29'[39m, [32m'3.38'[39m, [32m'0.00'[39m ]
data rcv RT:[ [32m'0.00'[39m, [32m'4.32'[39m, [32m'3.38'[39m, [32m'0.01'[39m ]
data rcv RT:[ [32m'0.00'[39m, [32m'4.30'[39m, [32m'3.37'[39m, [32m'0.01'[39m ]
data rcv RT:[ [32m'0.00'[39m, [32m'4.36'[39m, [32m'3.41'[39m, [32m'0.00'[39m ]
data rcv RT:[ [32m'0.00'[39m, [32m'4.37'[39m, [32m'3.43'[39m, [32m'0.00'[39m ]
data rcv RT:[ [32m'0.00'[39m, [32m'4.33'[39m, [32m'3.43'[39m, [32m'0.00'[39m ]
data rcv RT:[ [32m'0.00'[39m, [32m'4.35'[39m, [32m'3.44'[39m, [32m'0.00'[39m ]
data rcv RT:[ [32m'0.00'[39m, [32m'4.33'[39m, [32m'3.42'[39m, [32m'0.00'[39m ]
data rcv RT:[ [32m'0.00'[39m, [32m'4.28'[39m, [32m'3.45'[39m, [32m'0.00'[39m ]
data rcv RT:[ [32m'0.00'[39m, [32m'4.28'[39m, [32m'3.45'[39m, [32m'0.00'[39m ]
data rcv RT:[ [32m'0.00'[39m, [32m'4.25'[39m, [32m'3.42'[39m, [32m'0.00'[39m ]
data rcv RT:[ [32m'0.00'[39m, [32m'4.27'[39m, [32m'3.37'[39m, [32m'0.00'[39m ]
data rcv RT:[ [32m'0.00'[39m, [32m'4.29'[39m, [32m'3.37'[39m, [32m'0.00'[39m ]
data rcv RT:[ [32m'0.00'[39m, [32m'4.30'[39m, [32m'3.38'[39m, [32m'0.00'[39m ]
data rcv RT:[ [32m'0.00'[39m, [32m'4.34'[39m, [32m'3.40'[39m, [32m'0.01'[39m ]
data rcv RT:[ [32m'0.00'[39m, [32m'4.35'[39m, [32m'3.37'[39m, [32m'0.03'[39m ]
data rcv RT:[ [32m'0.00'[39m, [32m'4.37'[39m, [32m'3.42'[39m, [32m'0.00'[39m ]
data rcv RT:[ [32m'0.00'[39m, [32m'4.35'[39m, [32m'3.42'[39m, [32m'0.00'[39m ]
data rcv RT:[ [32m'0.00'[39m, [32m'4.30'[39m, [32m'3.42'[39m, [32m'0.00'[39m ]
data rcv RT:[ [32m'0.00'[39m, [32m'4.28'[39m, [32m'3.40'[39m, [32m'0.00'[39m ]
data rcv RT:[ [32m'0.00'[39m, [32m'4.27'[39m, [32m'3.42'[39m, [32m'0.00'[39m ]
data rcv RT:[ [32m'0.00'[39m, [32m'4.26'[39m, [32m'3.41'[39m, [32m'0.00'[39m ]
data rcv RT:[ [32m'0.00'[39m, [32m'4.26'[39m, [32m'3.40'[39m, [32m'0.00'[39m ]
data rcv RT:[ [32m'0.00'[39m, [32m'4.32'[39m, [32m'3.38'[39m, [32m'0.02'[39m ]
data rcv RT:[ [32m'0.00'[39m, [32m'4.33'[39m, [32m'3.39'[39m, [32m'0.00'[39m ]
data rcv RT:[ [32m'0.00'[39m, [32m'4.36'[39m, [32m'3.40'[39m, [32m'0.00'[39m ]
data rcv RT:[ [32m'0.00'[39m, [32m'4.36'[39m, [32m'3.41'[39m, [32m'0.00'[39m ]
data rcv RT:[ [32m'0.00'[39m, [32m'4.36'[39m, [32m'3.39'[39m, [32m'0.00'[39m ]
data rcv RT:[ [32m'0.00'[39m, [32m'4.36'[39m, [32m'3.41'[39m, [32m'0.00'[39m ]
data rcv RT:[ [32m'0.00'[39m, [32m'4.33'[39m, [32m'3.42'[39m, [32m'0.00'[39m ]
data rcv RT:[ [32m'0.00'[39m, [32m'4.29'[39m, [32m'3.43'[39m, [32m'0.00'[39m ]
data rcv RT:[ [32m'0.00'[39m, [32m'4.30'[39m, [32m'3.44'[39m, [32m'0.00'[39m ]
data rcv RT:[ [32m'0.00'[39m, [32m'4.27'[39m, [32m'3.38'[39m, [32m'0.00'[39m ]
data rcv RT:[ [32m'0.00'[39m, [32m'4.27'[39m, [32m'3.38'[39m, [32m'0.00'[39m ]
data rcv RT:[ [32m'0.00'[39m, [32m'4.28'[39m, [32m'3.38'[39m, [32m'0.00'[39m ]
data rcv RT:[ [32m'0.00'[39m, [32m'4.32'[39m, [32m'3.38'[39m, [32m'0.02'[39m ]
data rcv RT:[ [32m'0.00'[39m, [32m'4.36'[39m, [32m'3.39'[39m, [32m'0.00'[39m ]
data rcv RT:[ [32m'0.00'[39m, [32m'4.38'[39m, [32m'3.40'[39m, [32m'0.00'[39m ]
data rcv RT:[ [32m'0.00'[39m, [32m'4.39'[39m, [32m'3.41'[39m, [32m'0.00'[39m ]
data rcv RT:[ [32m'0.00'[39m, [32m'4.34'[39m, [32m'3.45'[39m, [32m'0.00'[39m ]
data rcv RT:[ [32m'0.00'[39m, [32m'4.32'[39m, [32m'3.42'[39m, [32m'0.00'[39m ]
data rcv RT:[ [32m'0.00'[39m, [32m'4.30'[39m, [32m'3.44'[39m, [32m'0.00'[39m ]
data rcv RT:[ [32m'0.00'[39m, [32m'4.27'[39m, [32m'3.41'[39m, [32m'0.00'[39m ]
data rcv RT:[ [32m'0.00'[39m, [32m'4.25'[39m, [32m'3.41'[39m, [32m'0.00'[39m ]
data rcv RT:[ [32m'0.00'[39m, [32m'4.30'[39m, [32m'3.39'[39m, [32m'0.00'[39m ]
data rcv RT:[ [32m'0.00'[39m, [32m'4.31'[39m, [32m'3.37'[39m, [32m'0.00'[39m ]
data rcv RT:[ [32m'0.00'[39m, [32m'4.35'[39m, [32m'3.38'[39m, [32m'0.02'[39m ]
data rcv RT:[ [32m'0.00'[39m, [32m'4.34'[39m, [32m'3.38'[39m, [32m'0.05'[39m ]
data rcv RT:[ [32m'0.00'[39m, [32m'4.35'[39m, [32m'3.36'[39m, [32m'0.04'[39m ]
data rcv RT:[ [32m'0.00'[39m, [32m'4.37'[39m, [32m'3.39'[39m, [32m'0.04'[39m ]
data rcv RT:[ [32m'0.00'[39m, [32m'4.37'[39m, [32m'3.42'[39m, [32m'0.00'[39m ]
data rcv RT:[ [32m'0.00'[39m, [32m'4.31'[39m, [32m'3.44'[39m, [32m'0.00'[39m ]
data rcv RT:[ [32m'0.00'[39m, [32m'4.32'[39m, [32m'3.42'[39m, [32m'0.00'[39m ]
data rcv RT:[ [32m'0.00'[39m, [32m'4.30'[39m, [32m'3.41'[39m, [32m'0.00'[39m ]
data rcv RT:[ [32m'0.00'[39m, [32m'4.34'[39m, [32m'3.45'[39m, [32m'0.00'[39m ]
data rcv RT:[ [32m'0.00'[39m, [32m'4.26'[39m, [32m'3.45'[39m, [32m'0.00'[39m ]
data rcv RT:[ [32m'0.00'[39m, [32m'4.30'[39m, [32m'3.38'[39m, [32m'0.00'[39m ]
data rcv RT:[ [32m'0.00'[39m, [32m'4.29'[39m, [32m'3.38'[39m, [32m'0.00'[39m ]
data rcv RT:[ [32m'0.00'[39m, [32m'4.33'[39m, [32m'3.39'[39m, [32m'0.00'[39m ]
data rcv RT:[ [32m'0.00'[39m, [32m'4.32'[39m, [32m'3.35'[39m, [32m'0.06'[39m ]
data rcv RT:[ [32m'0.00'[39m, [32m'4.33'[39m, [32m'3.42'[39m, [32m'0.00'[39m ]
data rcv RT:[ [32m'0.00'[39m, [32m'4.35'[39m, [32m'3.44'[39m, [32m'0.00'[39m ]
data rcv RT:[ [32m'0.00'[39m, [32m'4.29'[39m, [32m'3.44'[39m, [32m'0.00'[39m ]
data rcv RT:[ [32m'0.00'[39m, [32m'4.31'[39m, [32m'3.45'[39m, [32m'0.00'[39m ]
data rcv RT:[ [32m'0.00'[39m, [32m'4.25'[39m, [32m'3.39'[39m, [32m'0.00'[39m ]
data rcv RT:[ [32m'0.00'[39m, [32m'4.27'[39m, [32m'3.39'[39m, [32m'0.00'[39m ]
data rcv RT:[ [32m'0.00'[39m, [32m'4.30'[39m, [32m'3.37'[39m, [32m'0.00'[39m ]
data rcv RT:[ [32m'0.00'[39m, [32m'4.34'[39m, [32m'3.35'[39m, [32m'0.03'[39m ]
data rcv RT:[ [32m'0.00'[39m, [32m'4.37'[39m, [32m'3.37'[39m, [32m'0.03'[39m ]
data rcv RT:[ [32m'0.00'[39m, [32m'4.35'[39m, [32m'3.40'[39m, [32m'0.00'[39m ]
data rcv RT:[ [32m'0.00'[39m, [32m'4.35'[39m, [32m'3.41'[39m, [32m'0.00'[39m ]
data rcv RT:[ [32m'0.00'[39m, [32m'4.33'[39m, [32m'3.44'[39m, [32m'0.00'[39m ]
data rcv RT:[ [32m'0.00'[39m, [32m'4.30'[39m, [32m'3.43'[39m, [32m'0.00'[39m ]
data rcv RT:[ [32m'0.00'[39m, [32m'4.25'[39m, [32m'3.42'[39m, [32m'0.00'[39m ]
data rcv RT:[ [32m'0.00'[39m, [32m'4.28'[39m, [32m'3.38'[39m, [32m'0.00'[39m ]
data rcv RT:[ [32m'0.00'[39m, [32m'4.27'[39m, [32m'3.36'[39m, [32m'0.00'[39m ]
data rcv RT:[ [32m'0.00'[39m, [32m'4.32'[39m, [32m'3.37'[39m, [32m'0.02'[39m ]
data rcv RT:[ [32m'0.00'[39m, [32m'4.32'[39m, [32m'3.37'[39m, [32m'0.01'[39m ]
data rcv RT:[ [32m'0.00'[39m, [32m'4.38'[39m, [32m'3.42'[39m, [32m'0.01'[39m ]
data rcv RT:[ [32m'0.00'[39m, [32m'4.37'[39m, [32m'3.37'[39m, [32m'0.01'[39m ]
data rcv RT:[ [32m'0.00'[39m, [32m'4.36'[39m, [32m'3.42'[39m, [32m'0.00'[39m ]
data rcv RT:[ [32m'0.00'[39m, [32m'4.34'[39m, [32m'3.43'[39m, [32m'0.00'[39m ]
data rcv RT:[ [32m'0.00'[39m, [32m'4.33'[39m, [32m'3.43'[39m, [32m'0.00'[39m ]
data rcv RT:[ [32m'0.00'[39m, [32m'4.32'[39m, [32m'3.45'[39m, [32m'0.00'[39m ]
data rcv RT:[ [32m'0.00'[39m, [32m'4.32'[39m, [32m'3.42'[39m, [32m'0.00'[39m ]
data rcv RT:[ [32m'0.00'[39m, [32m'4.25'[39m, [32m'3.39'[39m, [32m'0.00'[39m ]
data rcv RT:[ [32m'0.00'[39m, [32m'4.26'[39m, [32m'3.37'[39m, [32m'0.00'[39m ]
data rcv RT:[ [32m'0.00'[39m, [32m'4.27'[39m, [32m'3.38'[39m, [32m'0.00'[39m ]
data rcv RT:[ [32m'0.00'[39m, [32m'4.32'[39m, [32m'3.39'[39m, [32m'0.00'[39m ]
data rcv RT:[ [32m'0.00'[39m, [32m'4.35'[39m, [32m'3.39'[39m, [32m'0.02'[39m ]
data rcv RT:[ [32m'0.00'[39m, [32m'4.34'[39m, [32m'3.40'[39m, [32m'0.02'[39m ]
data rcv RT:[ [32m'0.00'[39m, [32m'4.38'[39m, [32m'3.40'[39m, [32m'0.01'[39m ]
data rcv RT:[ [32m'0.00'[39m, [32m'4.39'[39m, [32m'3.41'[39m, [32m'0.01'[39m ]
data rcv RT:[ [32m'0.00'[39m, [32m'4.35'[39m, [32m'3.44'[39m, [32m'0.00'[39m ]
data rcv RT:[ [32m'0.00'[39m, [32m'4.30'[39m, [32m'3.44'[39m, [32m'0.00'[39m ]
data rcv RT:[ [32m'0.00'[39m, [32m'4.28'[39m, [32m'3.43'[39m, [32m'0.00'[39m ]
data rcv RT:[ [32m'0.00'[39m, [32m'4.30'[39m, [32m'3.44'[39m, [32m'0.00'[39m ]
data rcv RT:[ [32m'0.00'[39m, [32m'4.25'[39m, [32m'3.40'[39m, [32m'0.00'[39m ]
data rcv RT:[ [32m'0.00'[39m, [32m'4.27'[39m, [32m'3.37'[39m, [32m'0.00'[39m ]
data rcv RT:[ [32m'0.00'[39m, [32m'4.27'[39m, [32m'3.39'[39m, [32m'0.00'[39m ]
data rcv RT:[ [32m'0.00'[39m, [32m'4.31'[39m, [32m'3.39'[39m, [32m'0.01'[39m ]
data rcv RT:[ [32m'0.00'[39m, [32m'4.36'[39m, [32m'3.42'[39m, [32m'0.01'[39m ]
data rcv RT:[ [32m'0.00'[39m, [32m'4.38'[39m, [32m'3.40'[39m, [32m'0.00'[39m ]
data rcv RT:[ [32m'0.00'[39m, [32m'4.38'[39m, [32m'3.40'[39m, [32m'0.00'[39m ]
data rcv RT:[ [32m'0.00'[39m, [32m'4.36'[39m, [32m'3.43'[39m, [32m'0.00'[39m ]
data rcv RT:[ [32m'0.00'[39m, [32m'4.31'[39m, [32m'3.42'[39m, [32m'0.00'[39m ]
data rcv RT:[ [32m'0.00'[39m, [32m'4.29'[39m, [32m'3.45'[39m, [32m'0.00'[39m ]
data rcv RT:[ [32m'0.00'[39m, [32m'4.25'[39m, [32m'3.36'[39m, [32m'0.00'[39m ]
data rcv RT:[ [32m'0.00'[39m, [32m'4.27'[39m, [32m'3.39'[39m, [32m'0.00'[39m ]
data rcv RT:[ [32m'0.00'[39m, [32m'4.29'[39m, [32m'3.37'[39m, [32m'0.00'[39m ]
data rcv RT:[ [32m'0.00'[39m, [32m'4.30'[39m, [32m'3.39'[39m, [32m'0.02'[39m ]
data rcv RT:[ [32m'0.00'[39m, [32m'4.32'[39m, [32m'3.38'[39m, [32m'0.00'[39m ]
data rcv RT:[ [32m'0.00'[39m, [32m'4.36'[39m, [32m'3.35'[39m, [32m'0.06'[39m ]
data rcv RT:[ [32m'0.00'[39m, [32m'4.37'[39m, [32m'3.42'[39m, [32m'0.01'[39m ]
data rcv RT:[ [32m'0.00'[39m, [32m'4.34'[39m, [32m'3.44'[39m, [32m'0.00'[39m ]
data rcv RT:[ [32m'0.00'[39m, [32m'4.32'[39m, [32m'3.44'[39m, [32m'0.00'[39m ]
data rcv RT:[ [32m'0.00'[39m, [32m'4.33'[39m, [32m'3.43'[39m, [32m'0.00'[39m ]
data rcv RT:[ [32m'0.00'[39m, [32m'4.31'[39m, [32m'3.44'[39m, [32m'0.00'[39m ]
data rcv RT:[ [32m'0.00'[39m, [32m'4.30'[39m, [32m'3.41'[39m, [32m'0.00'[39m ]
data rcv RT:[ [32m'0.00'[39m, [32m'4.25'[39m, [32m'3.41'[39m, [32m'0.00'[39m ]
data rcv RT:[ [32m'0.00'[39m, [32m'4.27'[39m, [32m'3.39'[39m, [32m'0.00'[39m ]
data rcv RT:[ [32m'0.00'[39m, [32m'4.28'[39m, [32m'3.37'[39m, [32m'0.00'[39m ]
data rcv RT:[ [32m'0.00'[39m, [32m'4.31'[39m, [32m'3.38'[39m, [32m'0.01'[39m ]
data rcv RT:[ [32m'0.00'[39m, [32m'4.30'[39m, [32m'3.39'[39m, [32m'0.00'[39m ]
data rcv RT:[ [32m'0.00'[39m, [32m'4.34'[39m, [32m'3.38'[39m, [32m'0.01'[39m ]
data rcv RT:[ [32m'0.00'[39m, [32m'4.34'[39m, [32m'3.38'[39m, [32m'0.01'[39m ]
data rcv RT:[ [32m'0.00'[39m, [32m'4.38'[39m, [32m'3.40'[39m, [32m'0.00'[39m ]
data rcv RT:[ [32m'0.00'[39m, [32m'4.34'[39m, [32m'3.41'[39m, [32m'0.00'[39m ]
data rcv RT:[ [32m'0.00'[39m, [32m'4.32'[39m, [32m'3.44'[39m, [32m'0.00'[39m ]
data rcv RT:[ [32m'0.00'[39m, [32m'4.31'[39m, [32m'3.43'[39m, [32m'0.00'[39m ]
data rcv RT:[ [32m'0.00'[39m, [32m'4.27'[39m, [32m'3.40'[39m, [32m'0.00'[39m ]
data rcv RT:[ [32m'0.00'[39m, [32m'4.28'[39m, [32m'3.40'[39m, [32m'0.00'[39m ]
data rcv RT:[ [32m'0.00'[39m, [32m'4.26'[39m, [32m'3.40'[39m, [32m'0.00'[39m ]
data rcv RT:[ [32m'0.00'[39m, [32m'4.29'[39m, [32m'3.36'[39m, [32m'0.00'[39m ]
data rcv RT:[ [32m'0.00'[39m, [32m'4.28'[39m, [32m'3.38'[39m, [32m'0.00'[39m ]
data rcv RT:[ [32m'0.00'[39m, [32m'4.31'[39m, [32m'3.38'[39m, [32m'0.01'[39m ]
data rcv RT:[ [32m'0.00'[39m, [32m'4.31'[39m, [32m'3.40'[39m, [32m'0.00'[39m ]
data rcv RT:[ [32m'0.00'[39m, [32m'4.37'[39m, [32m'3.40'[39m, [32m'0.01'[39m ]
data rcv RT:[ [32m'0.00'[39m, [32m'4.36'[39m, [32m'3.38'[39m, [32m'0.03'[39m ]
data rcv RT:[ [32m'0.00'[39m, [32m'4.34'[39m, [32m'3.45'[39m, [32m'0.00'[39m ]
data rcv RT:[ [32m'0.00'[39m, [32m'4.33'[39m, [32m'3.42'[39m, [32m'0.00'[39m ]
data rcv RT:[ [32m'0.00'[39m, [32m'4.30'[39m, [32m'3.41'[39m, [32m'0.00'[39m ]
data rcv RT:[ [32m'0.00'[39m, [32m'4.27'[39m, [32m'3.43'[39m, [32m'0.00'[39m ]
data rcv RT:[ [32m'0.00'[39m, [32m'4.26'[39m, [32m'3.39'[39m, [32m'0.00'[39m ]
data rcv RT:[ [32m'0.00'[39m, [32m'4.27'[39m, [32m'3.40'[39m, [32m'0.00'[39m ]
data rcv RT:[ [32m'0.00'[39m, [32m'4.30'[39m, [32m'3.39'[39m, [32m'0.01'[39m ]
data rcv RT:[ [32m'0.00'[39m, [32m'4.34'[39m, [32m'3.39'[39m, [32m'0.03'[39m ]
data rcv RT:[ [32m'0.00'[39m, [32m'4.34'[39m, [32m'3.36'[39m, [32m'0.03'[39m ]
data rcv RT:[ [32m'0.00'[39m, [32m'4.38'[39m, [32m'3.41'[39m, [32m'0.00'[39m ]
data rcv RT:[ [32m'0.00'[39m, [32m'4.33'[39m, [32m'3.44'[39m, [32m'0.00'[39m ]
data rcv RT:[ [32m'0.00'[39m, [32m'4.31'[39m, [32m'3.42'[39m, [32m'0.00'[39m ]
data rcv RT:[ [32m'0.00'[39m, [32m'4.31'[39m, [32m'3.43'[39m, [32m'0.00'[39m ]
data rcv RT:[ [32m'0.00'[39m, [32m'4.29'[39m, [32m'3.45'[39m, [32m'0.00'[39m ]
data rcv RT:[ [32m'0.00'[39m, [32m'4.25'[39m, [32m'3.41'[39m, [32m'0.00'[39m ]
data rcv RT:[ [32m'0.00'[39m, [32m'4.27'[39m, [32m'3.42'[39m, [32m'0.00'[39m ]
data rcv RT:[ [32m'0.00'[39m, [32m'4.29'[39m, [32m'3.39'[39m, [32m'0.00'[39m ]
data rcv RT:[ [32m'0.00'[39m, [32m'4.31'[39m, [32m'3.38'[39m, [32m'0.01'[39m ]
data rcv RT:[ [32m'0.00'[39m, [32m'4.33'[39m, [32m'3.38'[39m, [32m'0.01'[39m ]
data rcv RT:[ [32m'0.00'[39m, [32m'4.38'[39m, [32m'3.41'[39m, [32m'0.03'[39m ]
data rcv RT:[ [32m'0.00'[39m, [32m'4.38'[39m, [32m'3.43'[39m, [32m'0.00'[39m ]
data rcv RT:[ [32m'0.00'[39m, [32m'4.35'[39m, [32m'3.42'[39m, [32m'0.00'[39m ]
data rcv RT:[ [32m'0.00'[39m, [32m'4.33'[39m, [32m'3.42'[39m, [32m'0.00'[39m ]
data rcv RT:[ [32m'0.00'[39m, [32m'4.31'[39m, [32m'3.46'[39m, [32m'0.00'[39m ]
data rcv RT:[ [32m'0.00'[39m, [32m'4.28'[39m, [32m'3.45'[39m, [32m'0.00'[39m ]
data rcv RT:[ [32m'0.00'[39m, [32m'4.25'[39m, [32m'3.39'[39m, [32m'0.00'[39m ]
data rcv RT:[ [32m'0.00'[39m, [32m'4.27'[39m, [32m'3.39'[39m, [32m'0.00'[39m ]
data rcv RT:[ [32m'0.00'[39m, [32m'4.29'[39m, [32m'3.39'[39m, [32m'0.00'[39m ]
data rcv RT:[ [32m'0.00'[39m, [32m'4.31'[39m, [32m'3.39'[39m, [32m'0.02'[39m ]
data rcv RT:[ [32m'0.00'[39m, [32m'4.35'[39m, [32m'3.40'[39m, [32m'0.04'[39m ]
data rcv RT:[ [32m'0.00'[39m, [32m'4.35'[39m, [32m'3.36'[39m, [32m'0.04'[39m ]
data rcv RT:[ [32m'0.00'[39m, [32m'4.38'[39m, [32m'3.40'[39m, [32m'0.04'[39m ]
data rcv RT:[ [32m'0.00'[39m, [32m'4.36'[39m, [32m'3.43'[39m, [32m'0.00'[39m ]
data rcv RT:[ [32m'0.00'[39m, [32m'4.36'[39m, [32m'3.45'[39m, [32m'0.00'[39m ]
data rcv RT:[ [32m'0.00'[39m, [32m'4.30'[39m, [32m'3.43'[39m, [32m'0.00'[39m ]
data rcv RT:[ [32m'0.00'[39m, [32m'4.29'[39m, [32m'3.44'[39m, [32m'0.00'[39m ]
data rcv RT:[ [32m'0.00'[39m, [32m'4.32'[39m, [32m'3.47'[39m, [32m'0.00'[39m ]
data rcv RT:[ [32m'0.00'[39m, [32m'4.26'[39m, [32m'3.40'[39m, [32m'0.00'[39m ]
data rcv RT:[ [32m'0.00'[39m, [32m'4.24'[39m, [32m'3.40'[39m, [32m'0.00'[39m ]
data rcv RT:[ [32m'0.00'[39m, [32m'4.27'[39m, [32m'3.38'[39m, [32m'0.00'[39m ]
data rcv RT:[ [32m'0.00'[39m, [32m'4.27'[39m, [32m'3.38'[39m, [32m'0.00'[39m ]
data rcv RT:[ [32m'0.00'[39m, [32m'4.30'[39m, [32m'3.37'[39m, [32m'0.02'[39m ]
data rcv RT:[ [32m'0.00'[39m, [32m'4.32'[39m, [32m'3.37'[39m, [32m'0.01'[39m ]
data rcv RT:[ [32m'0.00'[39m, [32m'4.35'[39m, [32m'3.36'[39m, [32m'0.02'[39m ]
data rcv RT:[ [32m'0.00'[39m, [32m'4.34'[39m, [32m'3.35'[39m, [32m'0.07'[39m ]
data rcv RT:[ [32m'0.00'[39m, [32m'4.37'[39m, [32m'3.43'[39m, [32m'0.03'[39m ]
data rcv RT:[ [32m'0.00'[39m, [32m'4.37'[39m, [32m'3.42'[39m, [32m'0.00'[39m ]
data rcv RT:[ [32m'0.00'[39m, [32m'4.30'[39m, [32m'3.42'[39m, [32m'0.00'[39m ]
data rcv RT:[ [32m'0.00'[39m, [32m'4.28'[39m, [32m'3.44'[39m, [32m'0.00'[39m ]
data rcv RT:[ [32m'0.00'[39m, [32m'4.26'[39m, [32m'3.41'[39m, [32m'0.00'[39m ]
data rcv RT:[ [32m'0.00'[39m, [32m'4.28'[39m, [32m'3.43'[39m, [32m'0.00'[39m ]
data rcv RT:[ [32m'0.00'[39m, [32m'4.25'[39m, [32m'3.38'[39m, [32m'0.00'[39m ]
data rcv RT:[ [32m'0.00'[39m, [32m'4.28'[39m, [32m'3.37'[39m, [32m'0.00'[39m ]
data rcv RT:[ [32m'0.00'[39m, [32m'4.31'[39m, [32m'3.38'[39m, [32m'0.01'[39m ]
data rcv RT:[ [32m'0.00'[39m, [32m'4.30'[39m, [32m'3.39'[39m, [32m'0.00'[39m ]
data rcv RT:[ [32m'0.00'[39m, [32m'4.35'[39m, [32m'3.39'[39m, [32m'0.01'[39m ]
data rcv RT:[ [32m'0.00'[39m, [32m'4.34'[39m, [32m'3.36'[39m, [32m'0.06'[39m ]
data rcv RT:[ [32m'0.00'[39m, [32m'4.34'[39m, [32m'3.43'[39m, [32m'0.00'[39m ]
data rcv RT:[ [32m'0.00'[39m, [32m'4.36'[39m, [32m'3.43'[39m, [32m'0.00'[39m ]
data rcv RT:[ [32m'0.00'[39m, [32m'4.34'[39m, [32m'3.44'[39m, [32m'0.00'[39m ]
data rcv RT:[ [32m'0.00'[39m, [32m'4.32'[39m, [32m'3.43'[39m, [32m'0.00'[39m ]
data rcv RT:[ [32m'0.00'[39m, [32m'4.31'[39m, [32m'3.45'[39m, [32m'0.00'[39m ]
data rcv RT:[ [32m'0.00'[39m, [32m'4.30'[39m, [32m'3.45'[39m, [32m'0.00'[39m ]
data rcv RT:[ [32m'0.00'[39m, [32m'4.28'[39m, [32m'3.37'[39m, [32m'0.00'[39m ]
data rcv RT:[ [32m'0.00'[39m, [32m'4.30'[39m, [32m'3.40'[39m, [32m'0.00'[39m ]
data rcv RT:[ [32m'0.00'[39m, [32m'4.29'[39m, [32m'3.38'[39m, [32m'0.00'[39m ]
data rcv RT:[ [32m'0.00'[39m, [32m'4.33'[39m, [32m'3.39'[39m, [32m'0.00'[39m ]
data rcv RT:[ [32m'0.00'[39m, [32m'4.34'[39m, [32m'3.38'[39m, [32m'0.02'[39m ]
data rcv RT:[ [32m'0.00'[39m, [32m'4.36'[39m, [32m'3.40'[39m, [32m'0.02'[39m ]
data rcv RT:[ [32m'0.00'[39m, [32m'4.36'[39m, [32m'3.38'[39m, [32m'0.04'[39m ]
data rcv RT:[ [32m'0.00'[39m, [32m'4.35'[39m, [32m'3.43'[39m, [32m'0.00'[39m ]
data rcv RT:[ [32m'0.00'[39m, [32m'4.37'[39m, [32m'3.41'[39m, [32m'0.00'[39m ]
data rcv RT:[ [32m'0.00'[39m, [32m'4.30'[39m, [32m'3.42'[39m, [32m'0.00'[39m ]
data rcv RT:[ [32m'0.00'[39m, [32m'4.30'[39m, [32m'3.43'[39m, [32m'0.00'[39m ]
data rcv RT:[ [32m'0.00'[39m, [32m'4.28'[39m, [32m'3.44'[39m, [32m'0.00'[39m ]
data rcv RT:[ [32m'0.00'[39m, [32m'4.29'[39m, [32m'3.42'[39m, [32m'0.00'[39m ]
data rcv RT:[ [32m'0.00'[39m, [32m'4.27'[39m, [32m'3.42'[39m, [32m'0.00'[39m ]
data rcv RT:[ [32m'0.00'[39m, [32m'4.25'[39m, [32m'3.42'[39m, [32m'0.00'[39m ]
data rcv RT:[ [32m'0.00'[39m, [32m'4.24'[39m, [32m'3.41'[39m, [32m'0.00'[39m ]
data rcv RT:[ [32m'0.00'[39m, [32m'4.29'[39m, [32m'3.39'[39m, [32m'0.00'[39m ]
data rcv RT:[ [32m'0.00'[39m, [32m'4.28'[39m, [32m'3.37'[39m, [32m'0.00'[39m ]
data rcv RT:[ [32m'0.00'[39m, [32m'4.31'[39m, [32m'3.40'[39m, [32m'0.00'[39m ]
data rcv RT:[ [32m'0.00'[39m, [32m'4.35'[39m, [32m'3.38'[39m, [32m'0.02'[39m ]
data rcv RT:[ [32m'0.00'[39m, [32m'4.32'[39m, [32m'3.37'[39m, [32m'0.01'[39m ]
data rcv RT:[ [32m'0.00'[39m, [32m'4.37'[39m, [32m'3.41'[39m, [32m'0.00'[39m ]
data rcv RT:[ [32m'0.00'[39m, [32m'4.36'[39m, [32m'3.41'[39m, [32m'0.00'[39m ]
data rcv RT:[ [32m'0.00'[39m, [32m'4.32'[39m, [32m'3.42'[39m, [32m'0.00'[39m ]
data rcv RT:[ [32m'0.00'[39m, [32m'4.32'[39m, [32m'3.45'[39m, [32m'0.00'[39m ]
data rcv RT:[ [32m'0.00'[39m, [32m'4.28'[39m, [32m'3.42'[39m, [32m'0.00'[39m ]
data rcv RT:[ [32m'0.00'[39m, [32m'4.28'[39m, [32m'3.39'[39m, [32m'0.00'[39m ]
data rcv RT:[ [32m'0.00'[39m, [32m'4.26'[39m, [32m'3.41'[39m, [32m'0.00'[39m ]
data rcv RT:[ [32m'0.00'[39m, [32m'4.26'[39m, [32m'3.41'[39m, [32m'0.00'[39m ]
data rcv RT:[ [32m'0.00'[39m, [32m'4.26'[39m, [32m'3.40'[39m, [32m'0.00'[39m ]
data rcv RT:[ [32m'0.00'[39m, [32m'4.27'[39m, [32m'3.40'[39m, [32m'0.00'[39m ]
data rcv RT:[ [32m'0.00'[39m, [32m'4.30'[39m, [32m'3.38'[39m, [32m'0.01'[39m ]
data rcv RT:[ [32m'0.00'[39m, [32m'4.34'[39m, [32m'3.37'[39m, [32m'0.04'[39m ]
data rcv RT:[ [32m'0.00'[39m, [32m'4.33'[39m, [32m'3.35'[39m, [32m'0.02'[39m ]
data rcv RT:[ [32m'0.00'[39m, [32m'4.38'[39m, [32m'3.42'[39m, [32m'0.01'[39m ]
data rcv RT:[ [32m'0.00'[39m, [32m'4.36'[39m, [32m'3.35'[39m, [32m'0.04'[39m ]
data rcv RT:[ [32m'0.00'[39m, [32m'4.37'[39m, [32m'3.42'[39m, [32m'0.00'[39m ]
data rcv RT:[ [32m'0.00'[39m, [32m'4.35'[39m, [32m'3.42'[39m, [32m'0.00'[39m ]
data rcv RT:[ [32m'0.00'[39m, [32m'4.34'[39m, [32m'3.43'[39m, [32m'0.00'[39m ]
data rcv RT:[ [32m'0.00'[39m, [32m'4.33'[39m, [32m'3.42'[39m, [32m'0.00'[39m ]
data rcv RT:[ [32m'0.00'[39m, [32m'4.32'[39m, [32m'3.44'[39m, [32m'0.00'[39m ]
data rcv RT:[ [32m'0.00'[39m, [32m'4.32'[39m, [32m'3.42'[39m, [32m'0.00'[39m ]
data rcv RT:[ [32m'0.00'[39m, [32m'4.26'[39m, [32m'3.41'[39m, [32m'0.00'[39m ]
data rcv RT:[ [32m'0.00'[39m, [32m'4.29'[39m, [32m'3.41'[39m, [32m'0.00'[39m ]
data rcv RT:[ [32m'0.00'[39m, [32m'4.26'[39m, [32m'3.38'[39m, [32m'0.00'[39m ]
data rcv RT:[ [32m'0.00'[39m, [32m'4.32'[39m, [32m'3.39'[39m, [32m'0.00'[39m ]
data rcv RT:[ [32m'0.00'[39m, [32m'4.30'[39m, [32m'3.37'[39m, [32m'0.00'[39m ]
data rcv RT:[ [32m'0.00'[39m, [32m'4.35'[39m, [32m'3.37'[39m, [32m'0.04'[39m ]
data rcv RT:[ [32m'0.00'[39m, [32m'4.33'[39m, [32m'3.41'[39m, [32m'0.00'[39m ]
data rcv RT:[ [32m'0.00'[39m, [32m'4.36'[39m, [32m'3.42'[39m, [32m'0.00'[39m ]
data rcv RT:[ [32m'0.00'[39m, [32m'4.34'[39m, [32m'3.39'[39m, [32m'0.00'[39m ]
data rcv RT:[ [32m'0.00'[39m, [32m'4.33'[39m, [32m'3.42'[39m, [32m'0.00'[39m ]
data rcv RT:[ [32m'0.00'[39m, [32m'4.31'[39m, [32m'3.45'[39m, [32m'0.00'[39m ]
data rcv RT:[ [32m'0.00'[39m, [32m'4.30'[39m, [32m'3.43'[39m, [32m'0.00'[39m ]
data rcv RT:[ [32m'0.00'[39m, [32m'4.29'[39m, [32m'3.43'[39m, [32m'0.00'[39m ]
data rcv RT:[ [32m'0.00'[39m, [32m'4.26'[39m, [32m'3.39'[39m, [32m'0.00'[39m ]
data rcv RT:[ [32m'0.00'[39m, [32m'4.27'[39m, [32m'3.37'[39m, [32m'0.00'[39m ]
data rcv RT:[ [32m'0.00'[39m, [32m'4.28'[39m, [32m'3.37'[39m, [32m'0.00'[39m ]
data rcv RT:[ [32m'0.00'[39m, [32m'4.33'[39m, [32m'3.37'[39m, [32m'0.00'[39m ]
data rcv RT:[ [32m'0.00'[39m, [32m'4.34'[39m, [32m'3.40'[39m, [32m'0.01'[39m ]
data rcv RT:[ [32m'0.00'[39m, [32m'4.33'[39m, [32m'3.34'[39m, [32m'0.04'[39m ]
data rcv RT:[ [32m'0.00'[39m, [32m'4.35'[39m, [32m'3.39'[39m, [32m'0.01'[39m ]
data rcv RT:[ [32m'0.00'[39m, [32m'4.35'[39m, [32m'3.44'[39m, [32m'0.00'[39m ]
data rcv RT:[ [32m'0.00'[39m, [32m'4.32'[39m, [32m'3.43'[39m, [32m'0.00'[39m ]
data rcv RT:[ [32m'0.00'[39m, [32m'4.31'[39m, [32m'3.42'[39m, [32m'0.00'[39m ]
data rcv RT:[ [32m'0.00'[39m, [32m'4.25'[39m, [32m'3.40'[39m, [32m'0.00'[39m ]
data rcv RT:[ [32m'0.00'[39m, [32m'4.26'[39m, [32m'3.41'[39m, [32m'0.00'[39m ]
data rcv RT:[ [32m'0.00'[39m, [32m'4.26'[39m, [32m'3.39'[39m, [32m'0.00'[39m ]
data rcv RT:[ [32m'0.00'[39m, [32m'4.29'[39m, [32m'3.36'[39m, [32m'0.00'[39m ]
data rcv RT:[ [32m'0.00'[39m, [32m'4.28'[39m, [32m'3.38'[39m, [32m'0.00'[39m ]
data rcv RT:[ [32m'0.00'[39m, [32m'4.31'[39m, [32m'3.37'[39m, [32m'0.00'[39m ]
data rcv RT:[ [32m'0.00'[39m, [32m'4.31'[39m, [32m'3.39'[39m, [32m'0.01'[39m ]
data rcv RT:[ [32m'0.00'[39m, [32m'4.35'[39m, [32m'3.37'[39m, [32m'0.01'[39m ]
data rcv RT:[ [32m'0.00'[39m, [32m'4.36'[39m, [32m'3.37'[39m, [32m'0.05'[39m ]
data rcv RT:[ [32m'0.00'[39m, [32m'4.38'[39m, [32m'3.42'[39m, [32m'0.01'[39m ]
data rcv RT:[ [32m'0.00'[39m, [32m'4.38'[39m, [32m'3.39'[39m, [32m'0.02'[39m ]
data rcv RT:[ [32m'0.00'[39m, [32m'4.37'[39m, [32m'3.42'[39m, [32m'0.01'[39m ]
data rcv RT:[ [32m'0.00'[39m, [32m'4.35'[39m, [32m'3.41'[39m, [32m'0.00'[39m ]
data rcv RT:[ [32m'0.00'[39m, [32m'4.38'[39m, [32m'3.41'[39m, [32m'0.00'[39m ]
data rcv RT:[ [32m'0.00'[39m, [32m'4.30'[39m, [32m'3.42'[39m, [32m'0.00'[39m ]
data rcv RT:[ [32m'0.00'[39m, [32m'4.29'[39m, [32m'3.43'[39m, [32m'0.00'[39m ]
data rcv RT:[ [32m'0.00'[39m, [32m'4.29'[39m, [32m'3.43'[39m, [32m'0.00'[39m ]
data rcv RT:[ [32m'0.00'[39m, [32m'4.25'[39m, [32m'3.42'[39m, [32m'0.00'[39m ]
data rcv RT:[ [32m'0.00'[39m, [32m'4.30'[39m, [32m'3.38'[39m, [32m'0.00'[39m ]
data rcv RT:[ [32m'0.00'[39m, [32m'4.32'[39m, [32m'3.38'[39m, [32m'0.01'[39m ]
data rcv RT:[ [32m'0.00'[39m, [32m'4.31'[39m, [32m'3.39'[39m, [32m'0.01'[39m ]
data rcv RT:[ [32m'0.00'[39m, [32m'4.33'[39m, [32m'3.37'[39m, [32m'0.05'[39m ]
data rcv RT:[ [32m'0.00'[39m, [32m'4.36'[39m, [32m'3.37'[39m, [32m'0.03'[39m ]
data rcv RT:[ [32m'0.00'[39m, [32m'4.36'[39m, [32m'3.40'[39m, [32m'0.04'[39m ]
data rcv RT:[ [32m'0.00'[39m, [32m'4.36'[39m, [32m'3.43'[39m, [32m'0.00'[39m ]
data rcv RT:[ [32m'0.00'[39m, [32m'4.36'[39m, [32m'3.43'[39m, [32m'0.00'[39m ]
data rcv RT:[ [32m'0.00'[39m, [32m'4.30'[39m, [32m'3.45'[39m, [32m'0.00'[39m ]
data rcv RT:[ [32m'0.00'[39m, [32m'4.31'[39m, [32m'3.43'[39m, [32m'0.00'[39m ]
data rcv RT:[ [32m'0.00'[39m, [32m'4.31'[39m, [32m'3.43'[39m, [32m'0.00'[39m ]
data rcv RT:[ [32m'0.00'[39m, [32m'4.27'[39m, [32m'3.43'[39m, [32m'0.00'[39m ]
data rcv RT:[ [32m'0.00'[39m, [32m'4.25'[39m, [32m'3.39'[39m, [32m'0.00'[39m ]
data rcv RT:[ [32m'0.00'[39m, [32m'4.26'[39m, [32m'3.39'[39m, [32m'0.00'[39m ]
data rcv RT:[ [32m'0.00'[39m, [32m'4.33'[39m, [32m'3.37'[39m, [32m'0.00'[39m ]
data rcv RT:[ [32m'0.00'[39m, [32m'4.32'[39m, [32m'3.39'[39m, [32m'0.01'[39m ]
data rcv RT:[ [32m'0.00'[39m, [32m'4.32'[39m, [32m'3.38'[39m, [32m'0.02'[39m ]
data rcv RT:[ [32m'0.00'[39m, [32m'4.33'[39m, [32m'3.40'[39m, [32m'0.00'[39m ]
data rcv RT:[ [32m'0.00'[39m, [32m'4.38'[39m, [32m'3.42'[39m, [32m'0.02'[39m ]
data rcv RT:[ [32m'0.00'[39m, [32m'4.37'[39m, [32m'3.42'[39m, [32m'0.00'[39m ]
data rcv RT:[ [32m'0.00'[39m, [32m'4.35'[39m, [32m'3.40'[39m, [32m'0.00'[39m ]
data rcv RT:[ [32m'0.00'[39m, [32m'4.34'[39m, [32m'3.44'[39m, [32m'0.00'[39m ]
data rcv RT:[ [32m'0.00'[39m, [32m'4.32'[39m, [32m'3.43'[39m, [32m'0.00'[39m ]
data rcv RT:[ [32m'0.00'[39m, [32m'4.30'[39m, [32m'3.43'[39m, [32m'0.00'[39m ]
data rcv RT:[ [32m'0.00'[39m, [32m'4.28'[39m, [32m'3.44'[39m, [32m'0.00'[39m ]
data rcv RT:[ [32m'0.00'[39m, [32m'4.26'[39m, [32m'3.39'[39m, [32m'0.00'[39m ]
data rcv RT:[ [32m'0.00'[39m, [32m'4.28'[39m, [32m'3.39'[39m, [32m'0.00'[39m ]
data rcv RT:[ [32m'0.00'[39m, [32m'4.28'[39m, [32m'3.38'[39m, [32m'0.00'[39m ]
data rcv RT:[ [32m'0.00'[39m, [32m'4.34'[39m, [32m'3.37'[39m, [32m'0.03'[39m ]
data rcv RT:[ [32m'0.00'[39m, [32m'4.35'[39m, [32m'3.38'[39m, [32m'0.02'[39m ]
data rcv RT:[ [32m'0.00'[39m, [32m'4.35'[39m, [32m'3.38'[39m, [32m'0.05'[39m ]
data rcv RT:[ [32m'0.00'[39m, [32m'4.39'[39m, [32m'3.43'[39m, [32m'0.00'[39m ]
data rcv RT:[ [32m'0.00'[39m, [32m'4.35'[39m, [32m'3.43'[39m, [32m'0.00'[39m ]
data rcv RT:[ [32m'0.00'[39m, [32m'4.33'[39m, [32m'3.44'[39m, [32m'0.00'[39m ]
data rcv RT:[ [32m'0.00'[39m, [32m'4.30'[39m, [32m'3.44'[39m, [32m'0.00'[39m ]
data rcv RT:[ [32m'0.00'[39m, [32m'4.28'[39m, [32m'3.45'[39m, [32m'0.00'[39m ]
data rcv RT:[ [32m'0.00'[39m, [32m'4.27'[39m, [32m'3.40'[39m, [32m'0.00'[39m ]
data rcv RT:[ [32m'0.00'[39m, [32m'4.26'[39m, [32m'3.42'[39m, [32m'0.00'[39m ]
data rcv RT:[ [32m'0.00'[39m, [32m'4.29'[39m, [32m'3.38'[39m, [32m'0.00'[39m ]
data rcv RT:[ [32m'0.00'[39m, [32m'4.29'[39m, [32m'3.38'[39m, [32m'0.00'[39m ]
data rcv RT:[ [32m'0.00'[39m, [32m'4.33'[39m, [32m'3.38'[39m, [32m'0.00'[39m ]
data rcv RT:[ [32m'0.00'[39m, [32m'4.34'[39m, [32m'3.34'[39m, [32m'0.08'[39m ]
data rcv RT:[ [32m'0.00'[39m, [32m'4.38'[39m, [32m'3.41'[39m, [32m'0.00'[39m ]
data rcv RT:[ [32m'0.00'[39m, [32m'4.36'[39m, [32m'3.40'[39m, [32m'0.00'[39m ]
data rcv RT:[ [32m'0.00'[39m, [32m'4.37'[39m, [32m'3.42'[39m, [32m'0.00'[39m ]
data rcv RT:[ [32m'0.00'[39m, [32m'4.35'[39m, [32m'3.44'[39m, [32m'0.00'[39m ]
data rcv RT:[ [32m'0.00'[39m, [32m'4.31'[39m, [32m'3.43'[39m, [32m'0.00'[39m ]
data rcv RT:[ [32m'0.00'[39m, [32m'4.31'[39m, [32m'3.43'[39m, [32m'0.00'[39m ]
data rcv RT:[ [32m'0.00'[39m, [32m'4.28'[39m, [32m'3.47'[39m, [32m'0.00'[39m ]
data rcv RT:[ [32m'0.00'[39m, [32m'4.25'[39m, [32m'3.37'[39m, [32m'0.00'[39m ]
data rcv RT:[ [32m'0.00'[39m, [32m'4.27'[39m, [32m'3.39'[39m, [32m'0.00'[39m ]
data rcv RT:[ [32m'0.00'[39m, [32m'4.30'[39m, [32m'3.37'[39m, [32m'0.00'[39m ]
data rcv RT:[ [32m'0.00'[39m, [32m'4.35'[39m, [32m'3.38'[39m, [32m'0.02'[39m ]
data rcv RT:[ [32m'0.00'[39m, [32m'4.35'[39m, [32m'3.39'[39m, [32m'0.03'[39m ]
data rcv RT:[ [32m'0.00'[39m, [32m'4.38'[39m, [32m'3.42'[39m, [32m'0.01'[39m ]
data rcv RT:[ [32m'0.00'[39m, [32m'4.39'[39m, [32m'3.39'[39m, [32m'0.03'[39m ]
data rcv RT:[ [32m'0.00'[39m, [32m'4.31'[39m, [32m'3.45'[39m, [32m'0.00'[39m ]
data rcv RT:[ [32m'0.00'[39m, [32m'4.31'[39m, [32m'3.44'[39m, [32m'0.00'[39m ]
data rcv RT:[ [32m'0.00'[39m, [32m'4.31'[39m, [32m'3.44'[39m, [32m'0.00'[39m ]
data rcv RT:[ [32m'0.00'[39m, [32m'4.29'[39m, [32m'3.43'[39m, [32m'0.00'[39m ]
data rcv RT:[ [32m'0.00'[39m, [32m'4.27'[39m, [32m'3.46'[39m, [32m'0.00'[39m ]
data rcv RT:[ [32m'0.00'[39m, [32m'4.29'[39m, [32m'3.41'[39m, [32m'0.00'[39m ]
data rcv RT:[ [32m'0.00'[39m, [32m'4.26'[39m, [32m'3.42'[39m, [32m'0.00'[39m ]
data rcv RT:[ [32m'0.00'[39m, [32m'4.29'[39m, [32m'3.39'[39m, [32m'0.00'[39m ]
data rcv RT:[ [32m'0.00'[39m, [32m'4.31'[39m, [32m'3.36'[39m, [32m'0.00'[39m ]
data rcv RT:[ [32m'0.00'[39m, [32m'4.29'[39m, [32m'3.36'[39m, [32m'0.01'[39m ]
data rcv RT:[ [32m'0.00'[39m, [32m'4.34'[39m, [32m'3.39'[39m, [32m'0.01'[39m ]
data rcv RT:[ [32m'0.00'[39m, [32m'4.37'[39m, [32m'3.37'[39m, [32m'0.05'[39m ]
data rcv RT:[ [32m'0.00'[39m, [32m'4.38'[39m, [32m'3.41'[39m, [32m'0.02'[39m ]
data rcv RT:[ [32m'0.00'[39m, [32m'4.37'[39m, [32m'3.40'[39m, [32m'0.01'[39m ]
data rcv RT:[ [32m'0.00'[39m, [32m'4.35'[39m, [32m'3.42'[39m, [32m'0.00'[39m ]
data rcv RT:[ [32m'0.00'[39m, [32m'4.31'[39m, [32m'3.43'[39m, [32m'0.00'[39m ]
data rcv RT:[ [32m'0.00'[39m, [32m'4.31'[39m, [32m'3.44'[39m, [32m'0.00'[39m ]
data rcv RT:[ [32m'0.00'[39m, [32m'4.30'[39m, [32m'3.45'[39m, [32m'0.00'[39m ]
data rcv RT:[ [32m'0.00'[39m, [32m'4.29'[39m, [32m'3.42'[39m, [32m'0.00'[39m ]
data rcv RT:[ [32m'0.00'[39m, [32m'4.28'[39m, [32m'3.42'[39m, [32m'0.00'[39m ]
data rcv RT:[ [32m'0.00'[39m, [32m'4.26'[39m, [32m'3.43'[39m, [32m'0.00'[39m ]
data rcv RT:[ [32m'0.00'[39m, [32m'4.27'[39m, [32m'3.42'[39m, [32m'0.00'[39m ]
data rcv RT:[ [32m'0.00'[39m, [32m'4.28'[39m, [32m'3.37'[39m, [32m'0.00'[39m ]
data rcv RT:[ [32m'0.00'[39m, [32m'4.32'[39m, [32m'3.38'[39m, [32m'0.02'[39m ]
data rcv RT:[ [32m'0.00'[39m, [32m'4.31'[39m, [32m'3.39'[39m, [32m'0.02'[39m ]
data rcv RT:[ [32m'0.00'[39m, [32m'4.34'[39m, [32m'3.37'[39m, [32m'0.02'[39m ]
data rcv RT:[ [32m'0.00'[39m, [32m'4.36'[39m, [32m'3.43'[39m, [32m'0.01'[39m ]
data rcv RT:[ [32m'0.00'[39m, [32m'4.37'[39m, [32m'3.39'[39m, [32m'0.02'[39m ]
data rcv RT:[ [32m'0.00'[39m, [32m'4.35'[39m, [32m'3.42'[39m, [32m'0.00'[39m ]
data rcv RT:[ [32m'0.00'[39m, [32m'4.35'[39m, [32m'3.44'[39m, [32m'0.00'[39m ]
data rcv RT:[ [32m'0.00'[39m, [32m'4.31'[39m, [32m'3.44'[39m, [32m'0.00'[39m ]
data rcv RT:[ [32m'0.00'[39m, [32m'4.31'[39m, [32m'3.42'[39m, [32m'0.00'[39m ]
data rcv RT:[ [32m'0.00'[39m, [32m'4.31'[39m, [32m'3.44'[39m, [32m'0.00'[39m ]
data rcv RT:[ [32m'0.00'[39m, [32m'4.26'[39m, [32m'3.40'[39m, [32m'0.00'[39m ]
data rcv RT:[ [32m'0.00'[39m, [32m'4.26'[39m, [32m'3.40'[39m, [32m'0.00'[39m ]
data rcv RT:[ [32m'0.00'[39m, [32m'4.27'[39m, [32m'3.43'[39m, [32m'0.00'[39m ]
data rcv RT:[ [32m'0.00'[39m, [32m'4.27'[39m, [32m'3.39'[39m, [32m'0.00'[39m ]
data rcv RT:[ [32m'0.00'[39m, [32m'4.28'[39m, [32m'3.37'[39m, [32m'0.00'[39m ]
data rcv RT:[ [32m'0.00'[39m, [32m'4.30'[39m, [32m'3.37'[39m, [32m'0.01'[39m ]
data rcv RT:[ [32m'0.00'[39m, [32m'4.33'[39m, [32m'3.38'[39m, [32m'0.03'[39m ]
data rcv RT:[ [32m'0.00'[39m, [32m'4.36'[39m, [32m'3.32'[39m, [32m'0.04'[39m ]
data rcv RT:[ [32m'0.00'[39m, [32m'4.37'[39m, [32m'3.39'[39m, [32m'0.03'[39m ]
data rcv RT:[ [32m'0.00'[39m, [32m'4.36'[39m, [32m'3.42'[39m, [32m'0.01'[39m ]
data rcv RT:[ [32m'0.00'[39m, [32m'4.38'[39m, [32m'3.39'[39m, [32m'0.02'[39m ]
data rcv RT:[ [32m'0.00'[39m, [32m'4.37'[39m, [32m'3.40'[39m, [32m'0.00'[39m ]
data rcv RT:[ [32m'0.00'[39m, [32m'4.33'[39m, [32m'3.44'[39m, [32m'0.00'[39m ]
data rcv RT:[ [32m'0.00'[39m, [32m'4.33'[39m, [32m'3.43'[39m, [32m'0.00'[39m ]
data rcv RT:[ [32m'0.00'[39m, [32m'4.33'[39m, [32m'3.43'[39m, [32m'0.00'[39m ]
data rcv RT:[ [32m'0.00'[39m, [32m'4.32'[39m, [32m'3.43'[39m, [32m'0.00'[39m ]
data rcv RT:[ [32m'0.00'[39m, [32m'4.29'[39m, [32m'3.42'[39m, [32m'0.00'[39m ]
data rcv RT:[ [32m'0.00'[39m, [32m'4.29'[39m, [32m'3.44'[39m, [32m'0.00'[39m ]
data rcv RT:[ [32m'0.00'[39m, [32m'4.28'[39m, [32m'3.39'[39m, [32m'0.00'[39m ]
data rcv RT:[ [32m'0.00'[39m, [32m'4.27'[39m, [32m'3.38'[39m, [32m'0.00'[39m ]
data rcv RT:[ [32m'0.00'[39m, [32m'4.27'[39m, [32m'3.41'[39m, [32m'0.00'[39m ]
data rcv RT:[ [32m'0.00'[39m, [32m'4.27'[39m, [32m'3.42'[39m, [32m'0.00'[39m ]
data rcv RT:[ [32m'0.00'[39m, [32m'4.29'[39m, [32m'3.40'[39m, [32m'0.00'[39m ]
data rcv RT:[ [32m'0.00'[39m, [32m'4.26'[39m, [32m'3.38'[39m, [32m'0.00'[39m ]
data rcv RT:[ [32m'0.00'[39m, [32m'4.30'[39m, [32m'3.39'[39m, [32m'0.01'[39m ]
data rcv RT:[ [32m'0.00'[39m, [32m'4.29'[39m, [32m'3.40'[39m, [32m'0.00'[39m ]
data rcv RT:[ [32m'0.00'[39m, [32m'4.29'[39m, [32m'3.39'[39m, [32m'0.00'[39m ]
data rcv RT:[ [32m'0.00'[39m, [32m'4.33'[39m, [32m'3.39'[39m, [32m'0.02'[39m ]
data rcv RT:[ [32m'0.00'[39m, [32m'4.32'[39m, [32m'3.37'[39m, [32m'0.00'[39m ]
data rcv RT:[ [32m'0.00'[39m, [32m'4.33'[39m, [32m'3.40'[39m, [32m'0.01'[39m ]
data rcv RT:[ [32m'0.00'[39m, [32m'4.37'[39m, [32m'3.40'[39m, [32m'0.00'[39m ]
data rcv RT:[ [32m'0.00'[39m, [32m'4.37'[39m, [32m'3.38'[39m, [32m'0.05'[39m ]
data rcv RT:[ [32m'0.00'[39m, [32m'4.37'[39m, [32m'3.40'[39m, [32m'0.01'[39m ]
data rcv RT:[ [32m'0.00'[39m, [32m'4.35'[39m, [32m'3.42'[39m, [32m'0.00'[39m ]
data rcv RT:[ [32m'0.00'[39m, [32m'4.38'[39m, [32m'3.43'[39m, [32m'0.00'[39m ]
data rcv RT:[ [32m'0.00'[39m, [32m'4.33'[39m, [32m'3.42'[39m, [32m'0.00'[39m ]
data rcv RT:[ [32m'0.00'[39m, [32m'4.31'[39m, [32m'3.41'[39m, [32m'0.00'[39m ]
data rcv RT:[ [32m'0.00'[39m, [32m'4.28'[39m, [32m'3.43'[39m, [32m'0.00'[39m ]
data rcv RT:[ [32m'0.00'[39m, [32m'4.31'[39m, [32m'3.46'[39m, [32m'0.00'[39m ]
data rcv RT:[ [32m'0.00'[39m, [32m'4.26'[39m, [32m'3.41'[39m, [32m'0.00'[39m ]
data rcv RT:[ [32m'0.00'[39m, [32m'4.29'[39m, [32m'3.45'[39m, [32m'0.00'[39m ]
data rcv RT:[ [32m'0.00'[39m, [32m'4.31'[39m, [32m'3.42'[39m, [32m'0.00'[39m ]
data rcv RT:[ [32m'0.00'[39m, [32m'4.27'[39m, [32m'3.45'[39m, [32m'0.00'[39m ]
data rcv RT:[ [32m'0.00'[39m, [32m'4.27'[39m, [32m'3.38'[39m, [32m'0.00'[39m ]
data rcv RT:[ [32m'0.00'[39m, [32m'4.32'[39m, [32m'3.38'[39m, [32m'0.00'[39m ]
data rcv RT:[ [32m'0.00'[39m, [32m'4.31'[39m, [32m'3.38'[39m, [32m'0.02'[39m ]
data rcv RT:[ [32m'0.00'[39m, [32m'4.31'[39m, [32m'3.38'[39m, [32m'0.01'[39m ]
data rcv RT:[ [32m'0.00'[39m, [32m'4.31'[39m, [32m'3.37'[39m, [32m'0.02'[39m ]
data rcv RT:[ [32m'0.00'[39m, [32m'4.37'[39m, [32m'3.38'[39m, [32m'0.03'[39m ]
data rcv RT:[ [32m'0.00'[39m, [32m'4.35'[39m, [32m'3.38'[39m, [32m'0.06'[39m ]
data rcv RT:[ [32m'0.00'[39m, [32m'4.37'[39m, [32m'3.40'[39m, [32m'0.02'[39m ]
data rcv RT:[ [32m'0.00'[39m, [32m'4.34'[39m, [32m'3.35'[39m, [32m'0.02'[39m ]
data rcv RT:[ [32m'0.00'[39m, [32m'4.36'[39m, [32m'3.36'[39m, [32m'0.04'[39m ]
data rcv RT:[ [32m'0.00'[39m, [32m'4.37'[39m, [32m'3.43'[39m, [32m'0.00'[39m ]
data rcv RT:[ [32m'0.00'[39m, [32m'4.36'[39m, [32m'3.40'[39m, [32m'0.00'[39m ]
data rcv RT:[ [32m'0.00'[39m, [32m'4.34'[39m, [32m'3.43'[39m, [32m'0.00'[39m ]
data rcv RT:[ [32m'0.00'[39m, [32m'4.35'[39m, [32m'3.44'[39m, [32m'0.00'[39m ]
data rcv RT:[ [32m'0.00'[39m, [32m'4.29'[39m, [32m'3.46'[39m, [32m'0.00'[39m ]
data rcv RT:[ [32m'0.00'[39m, [32m'4.27'[39m, [32m'3.46'[39m, [32m'0.00'[39m ]
data rcv RT:[ [32m'0.00'[39m, [32m'4.29'[39m, [32m'3.43'[39m, [32m'0.00'[39m ]
data rcv RT:[ [32m'0.00'[39m, [32m'4.26'[39m, [32m'3.39'[39m, [32m'0.00'[39m ]
data rcv RT:[ [32m'0.00'[39m, [32m'4.30'[39m, [32m'3.38'[39m, [32m'0.00'[39m ]
data rcv RT:[ [32m'0.00'[39m, [32m'4.25'[39m, [32m'3.41'[39m, [32m'0.00'[39m ]
data rcv RT:[ [32m'0.00'[39m, [32m'4.25'[39m, [32m'3.40'[39m, [32m'0.00'[39m ]
data rcv RT:[ [32m'0.00'[39m, [32m'4.32'[39m, [32m'3.37'[39m, [32m'0.00'[39m ]
data rcv RT:[ [32m'0.00'[39m, [32m'4.33'[39m, [32m'3.37'[39m, [32m'0.02'[39m ]
data rcv RT:[ [32m'0.00'[39m, [32m'4.34'[39m, [32m'3.39'[39m, [32m'0.02'[39m ]
data rcv RT:[ [32m'0.00'[39m, [32m'4.38'[39m, [32m'3.39'[39m, [32m'0.03'[39m ]
data rcv RT:[ [32m'0.00'[39m, [32m'4.39'[39m, [32m'3.41'[39m, [32m'0.02'[39m ]
data rcv RT:[ [32m'0.00'[39m, [32m'4.39'[39m, [32m'3.44'[39m, [32m'0.00'[39m ]
data rcv RT:[ [32m'0.00'[39m, [32m'4.36'[39m, [32m'3.45'[39m, [32m'0.00'[39m ]
data rcv RT:[ [32m'0.00'[39m, [32m'4.31'[39m, [32m'3.44'[39m, [32m'0.00'[39m ]
data rcv RT:[ [32m'0.00'[39m, [32m'4.32'[39m, [32m'3.41'[39m, [32m'0.00'[39m ]
data rcv RT:[ [32m'0.00'[39m, [32m'4.32'[39m, [32m'3.42'[39m, [32m'0.00'[39m ]
data rcv RT:[ [32m'0.00'[39m, [32m'4.26'[39m, [32m'3.42'[39m, [32m'0.00'[39m ]
data rcv RT:[ [32m'0.00'[39m, [32m'4.24'[39m, [32m'3.41'[39m, [32m'0.00'[39m ]
data rcv RT:[ [32m'0.00'[39m, [32m'4.27'[39m, [32m'3.38'[39m, [32m'0.00'[39m ]
data rcv RT:[ [32m'0.00'[39m, [32m'4.26'[39m, [32m'3.39'[39m, [32m'0.00'[39m ]
data rcv RT:[ [32m'0.00'[39m, [32m'4.27'[39m, [32m'3.41'[39m, [32m'0.00'[39m ]
data rcv RT:[ [32m'0.00'[39m, [32m'4.32'[39m, [32m'3.38'[39m, [32m'0.00'[39m ]
data rcv RT:[ [32m'0.00'[39m, [32m'4.31'[39m, [32m'3.39'[39m, [32m'0.00'[39m ]
data rcv RT:[ [32m'0.00'[39m, [32m'4.34'[39m, [32m'3.37'[39m, [32m'0.02'[39m ]
data rcv RT:[ [32m'0.00'[39m, [32m'4.34'[39m, [32m'3.38'[39m, [32m'0.01'[39m ]
data rcv RT:[ [32m'0.00'[39m, [32m'4.36'[39m, [32m'3.36'[39m, [32m'0.04'[39m ]
data rcv RT:[ [32m'0.00'[39m, [32m'4.37'[39m, [32m'3.39'[39m, [32m'0.02'[39m ]
data rcv RT:[ [32m'0.00'[39m, [32m'4.36'[39m, [32m'3.43'[39m, [32m'0.00'[39m ]
data rcv RT:[ [32m'0.00'[39m, [32m'4.32'[39m, [32m'3.42'[39m, [32m'0.00'[39m ]
data rcv RT:[ [32m'0.00'[39m, [32m'4.33'[39m, [32m'3.41'[39m, [32m'0.00'[39m ]
data rcv RT:[ [32m'0.00'[39m, [32m'4.32'[39m, [32m'3.44'[39m, [32m'0.00'[39m ]
data rcv RT:[ [32m'0.00'[39m, [32m'4.31'[39m, [32m'3.42'[39m, [32m'0.00'[39m ]
data rcv RT:[ [32m'0.00'[39m, [32m'4.27'[39m, [32m'3.42'[39m, [32m'0.00'[39m ]
data rcv RT:[ [32m'0.00'[39m, [32m'4.28'[39m, [32m'3.40'[39m, [32m'0.00'[39m ]
data rcv RT:[ [32m'0.00'[39m, [32m'4.28'[39m, [32m'3.38'[39m, [32m'0.00'[39m ]
data rcv RT:[ [32m'0.00'[39m, [32m'4.30'[39m, [32m'3.39'[39m, [32m'0.01'[39m ]
data rcv RT:[ [32m'0.00'[39m, [32m'4.31'[39m, [32m'3.38'[39m, [32m'0.02'[39m ]
data rcv RT:[ [32m'0.00'[39m, [32m'4.32'[39m, [32m'3.38'[39m, [32m'0.02'[39m ]
data rcv RT:[ [32m'0.00'[39m, [32m'4.34'[39m, [32m'3.38'[39m, [32m'0.05'[39m ]
data rcv RT:[ [32m'0.00'[39m, [32m'4.37'[39m, [32m'3.46'[39m, [32m'0.00'[39m ]
data rcv RT:[ [32m'0.00'[39m, [32m'4.37'[39m, [32m'3.42'[39m, [32m'0.00'[39m ]
data rcv RT:[ [32m'0.00'[39m, [32m'4.35'[39m, [32m'3.45'[39m, [32m'0.00'[39m ]
data rcv RT:[ [32m'0.00'[39m, [32m'4.33'[39m, [32m'3.44'[39m, [32m'0.00'[39m ]
data rcv RT:[ [32m'0.00'[39m, [32m'4.31'[39m, [32m'3.42'[39m, [32m'0.00'[39m ]
data rcv RT:[ [32m'0.00'[39m, [32m'4.28'[39m, [32m'3.46'[39m, [32m'0.00'[39m ]
data rcv RT:[ [32m'0.00'[39m, [32m'4.27'[39m, [32m'3.40'[39m, [32m'0.00'[39m ]
data rcv RT:[ [32m'0.00'[39m, [32m'4.28'[39m, [32m'3.38'[39m, [32m'0.00'[39m ]
data rcv RT:[ [32m'0.00'[39m, [32m'4.30'[39m, [32m'3.39'[39m, [32m'0.00'[39m ]
data rcv RT:[ [32m'0.00'[39m, [32m'4.30'[39m, [32m'3.40'[39m, [32m'0.00'[39m ]
data rcv RT:[ [32m'0.00'[39m, [32m'4.34'[39m, [32m'3.38'[39m, [32m'0.01'[39m ]
data rcv RT:[ [32m'0.00'[39m, [32m'4.35'[39m, [32m'3.39'[39m, [32m'0.02'[39m ]
data rcv RT:[ [32m'0.00'[39m, [32m'4.32'[39m, [32m'3.45'[39m, [32m'0.00'[39m ]
data rcv RT:[ [32m'0.00'[39m, [32m'4.35'[39m, [32m'3.44'[39m, [32m'0.00'[39m ]
data rcv RT:[ [32m'0.00'[39m, [32m'4.35'[39m, [32m'3.44'[39m, [32m'0.00'[39m ]
data rcv RT:[ [32m'0.00'[39m, [32m'4.28'[39m, [32m'3.43'[39m, [32m'0.00'[39m ]
data rcv RT:[ [32m'0.00'[39m, [32m'4.26'[39m, [32m'3.39'[39m, [32m'0.00'[39m ]
data rcv RT:[ [32m'0.00'[39m, [32m'4.26'[39m, [32m'3.38'[39m, [32m'0.00'[39m ]
data rcv RT:[ [32m'0.00'[39m, [32m'4.26'[39m, [32m'3.38'[39m, [32m'0.00'[39m ]
data rcv RT:[ [32m'0.00'[39m, [32m'4.29'[39m, [32m'3.39'[39m, [32m'0.02'[39m ]
data rcv RT:[ [32m'0.00'[39m, [32m'4.37'[39m, [32m'3.37'[39m, [32m'0.03'[39m ]
data rcv RT:[ [32m'0.00'[39m, [32m'4.38'[39m, [32m'3.42'[39m, [32m'0.00'[39m ]
data rcv RT:[ [32m'0.00'[39m, [32m'4.35'[39m, [32m'3.42'[39m, [32m'0.00'[39m ]
data rcv RT:[ [32m'0.00'[39m, [32m'4.32'[39m, [32m'3.40'[39m, [32m'0.00'[39m ]
data rcv RT:[ [32m'0.00'[39m, [32m'4.30'[39m, [32m'3.43'[39m, [32m'0.00'[39m ]
data rcv RT:[ [32m'0.00'[39m, [32m'4.30'[39m, [32m'3.49'[39m, [32m'0.00'[39m ]
data rcv RT:[ [32m'0.00'[39m, [32m'4.28'[39m, [32m'3.41'[39m, [32m'0.00'[39m ]
data rcv RT:[ [32m'0.00'[39m, [32m'4.27'[39m, [32m'3.41'[39m, [32m'0.00'[39m ]
data rcv RT:[ [32m'0.00'[39m, [32m'4.25'[39m, [32m'3.42'[39m, [32m'0.00'[39m ]
data rcv RT:[ [32m'0.00'[39m, [32m'4.28'[39m, [32m'3.38'[39m, [32m'0.00'[39m ]
data rcv RT:[ [32m'0.00'[39m, [32m'4.31'[39m, [32m'3.40'[39m, [32m'0.01'[39m ]
data rcv RT:[ [32m'0.00'[39m, [32m'4.34'[39m, [32m'3.36'[39m, [32m'0.06'[39m ]
data rcv RT:[ [32m'0.00'[39m, [32m'4.33'[39m, [32m'3.36'[39m, [32m'0.03'[39m ]
data rcv RT:[ [32m'0.00'[39m, [32m'4.39'[39m, [32m'3.41'[39m, [32m'0.00'[39m ]
data rcv RT:[ [32m'0.00'[39m, [32m'4.40'[39m, [32m'3.44'[39m, [32m'0.00'[39m ]
data rcv RT:[ [32m'0.00'[39m, [32m'4.36'[39m, [32m'3.43'[39m, [32m'0.00'[39m ]
data rcv RT:[ [32m'0.00'[39m, [32m'4.30'[39m, [32m'3.42'[39m, [32m'0.00'[39m ]
data rcv RT:[ [32m'0.00'[39m, [32m'4.30'[39m, [32m'3.44'[39m, [32m'0.00'[39m ]
data rcv RT:[ [32m'0.00'[39m, [32m'4.22'[39m, [32m'3.43'[39m, [32m'0.00'[39m ]
data rcv RT:[ [32m'0.00'[39m, [32m'4.24'[39m, [32m'3.38'[39m, [32m'0.00'[39m ]
data rcv RT:[ [32m'0.00'[39m, [32m'4.30'[39m, [32m'3.42'[39m, [32m'0.00'[39m ]
data rcv RT:[ [32m'0.00'[39m, [32m'4.33'[39m, [32m'3.35'[39m, [32m'0.01'[39m ]
data rcv RT:[ [32m'0.00'[39m, [32m'4.37'[39m, [32m'3.39'[39m, [32m'0.03'[39m ]
data rcv RT:[ [32m'0.00'[39m, [32m'4.31'[39m, [32m'3.37'[39m, [32m'0.02'[39m ]
data rcv RT:[ [32m'0.00'[39m, [32m'4.32'[39m, [32m'3.42'[39m, [32m'0.00'[39m ]
data rcv RT:[ [32m'0.00'[39m, [32m'4.31'[39m, [32m'3.42'[39m, [32m'0.00'[39m ]
data rcv RT:[ [32m'0.00'[39m, [32m'4.35'[39m, [32m'3.41'[39m, [32m'0.00'[39m ]
data rcv RT:[ [32m'0.00'[39m, [32m'4.33'[39m, [32m'3.40'[39m, [32m'0.00'[39m ]
data rcv RT:[ [32m'0.00'[39m, [32m'4.32'[39m, [32m'3.40'[39m, [32m'0.00'[39m ]
data rcv RT:[ [32m'0.00'[39m, [32m'4.30'[39m, [32m'3.38'[39m, [32m'0.00'[39m ]
data rcv RT:[ [32m'0.00'[39m, [32m'4.25'[39m, [32m'3.41'[39m, [32m'0.00'[39m ]
data rcv RT:[ [32m'0.00'[39m, [32m'4.22'[39m, [32m'3.36'[39m, [32m'0.00'[39m ]
data rcv RT:[ [32m'0.00'[39m, [32m'4.30'[39m, [32m'3.36'[39m, [32m'0.01'[39m ]
data rcv RT:[ [32m'0.00'[39m, [32m'4.34'[39m, [32m'3.38'[39m, [32m'0.01'[39m ]
data rcv RT:[ [32m'0.00'[39m, [32m'4.35'[39m, [32m'3.37'[39m, [32m'0.01'[39m ]
data rcv RT:[ [32m'0.00'[39m, [32m'4.36'[39m, [32m'3.37'[39m, [32m'0.01'[39m ]
data rcv RT:[ [32m'0.00'[39m, [32m'4.41'[39m, [32m'3.41'[39m, [32m'0.00'[39m ]
data rcv RT:[ [32m'0.00'[39m, [32m'4.41'[39m, [32m'3.40'[39m, [32m'0.02'[39m ]
data rcv RT:[ [32m'0.00'[39m, [32m'4.36'[39m, [32m'3.42'[39m, [32m'0.00'[39m ]
data rcv RT:[ [32m'0.00'[39m, [32m'4.38'[39m, [32m'3.42'[39m, [32m'0.00'[39m ]
data rcv RT:[ [32m'0.00'[39m, [32m'4.31'[39m, [32m'3.42'[39m, [32m'0.00'[39m ]
data rcv RT:[ [32m'0.00'[39m, [32m'4.28'[39m, [32m'3.41'[39m, [32m'0.00'[39m ]
data rcv RT:[ [32m'0.00'[39m, [32m'4.30'[39m, [32m'3.42'[39m, [32m'0.00'[39m ]
data rcv RT:[ [32m'0.00'[39m, [32m'4.27'[39m, [32m'3.44'[39m, [32m'0.00'[39m ]
data rcv RT:[ [32m'0.00'[39m, [32m'4.27'[39m, [32m'3.37'[39m, [32m'0.00'[39m ]
data rcv RT:[ [32m'0.00'[39m, [32m'4.27'[39m, [32m'3.36'[39m, [32m'0.00'[39m ]
data rcv RT:[ [32m'0.00'[39m, [32m'4.29'[39m, [32m'3.38'[39m, [32m'0.00'[39m ]
data rcv RT:[ [32m'0.00'[39m, [32m'4.31'[39m, [32m'3.39'[39m, [32m'0.00'[39m ]
data rcv RT:[ [32m'0.00'[39m, [32m'4.32'[39m, [32m'3.36'[39m, [32m'0.01'[39m ]
data rcv RT:[ [32m'0.00'[39m, [32m'4.31'[39m, [32m'3.35'[39m, [32m'0.01'[39m ]
data rcv RT:[ [32m'0.00'[39m, [32m'4.33'[39m, [32m'3.36'[39m, [32m'0.00'[39m ]
data rcv RT:[ [32m'0.00'[39m, [32m'4.32'[39m, [32m'3.37'[39m, [32m'0.03'[39m ]
data rcv RT:[ [32m'0.00'[39m, [32m'4.39'[39m, [32m'3.37'[39m, [32m'0.03'[39m ]
data rcv RT:[ [32m'0.00'[39m, [32m'4.37'[39m, [32m'3.39'[39m, [32m'0.00'[39m ]
data rcv RT:[ [32m'0.00'[39m, [32m'4.34'[39m, [32m'3.40'[39m, [32m'0.00'[39m ]
data rcv RT:[ [32m'0.00'[39m, [32m'4.34'[39m, [32m'3.43'[39m, [32m'0.00'[39m ]
data rcv RT:[ [32m'0.00'[39m, [32m'4.34'[39m, [32m'3.41'[39m, [32m'0.00'[39m ]
data rcv RT:[ [32m'0.00'[39m, [32m'4.29'[39m, [32m'3.45'[39m, [32m'0.00'[39m ]
data rcv RT:[ [32m'0.00'[39m, [32m'4.28'[39m, [32m'3.42'[39m, [32m'0.00'[39m ]
data rcv RT:[ [32m'0.00'[39m, [32m'4.27'[39m, [32m'3.40'[39m, [32m'0.00'[39m ]
data rcv RT:[ [32m'0.00'[39m, [32m'4.25'[39m, [32m'3.43'[39m, [32m'0.00'[39m ]
data rcv RT:[ [32m'0.00'[39m, [32m'4.27'[39m, [32m'3.38'[39m, [32m'0.00'[39m ]
data rcv RT:[ [32m'0.00'[39m, [32m'4.25'[39m, [32m'3.39'[39m, [32m'0.00'[39m ]
data rcv RT:[ [32m'0.00'[39m, [32m'4.29'[39m, [32m'3.36'[39m, [32m'0.00'[39m ]
data rcv RT:[ [32m'0.00'[39m, [32m'4.26'[39m, [32m'3.39'[39m, [32m'0.00'[39m ]
data rcv RT:[ [32m'0.00'[39m, [32m'4.29'[39m, [32m'3.39'[39m, [32m'0.00'[39m ]
data rcv RT:[ [32m'0.00'[39m, [32m'4.32'[39m, [32m'3.36'[39m, [32m'0.06'[39m ]
data rcv RT:[ [32m'0.00'[39m, [32m'4.35'[39m, [32m'3.41'[39m, [32m'0.01'[39m ]
data rcv RT:[ [32m'0.00'[39m, [32m'4.37'[39m, [32m'3.40'[39m, [32m'0.01'[39m ]
data rcv RT:[ [32m'0.00'[39m, [32m'4.36'[39m, [32m'3.40'[39m, [32m'0.00'[39m ]
data rcv RT:[ [32m'0.00'[39m, [32m'4.30'[39m, [32m'3.43'[39m, [32m'0.00'[39m ]
data rcv RT:[ [32m'0.00'[39m, [32m'4.32'[39m, [32m'3.41'[39m, [32m'0.00'[39m ]
data rcv RT:[ [32m'0.00'[39m, [32m'4.30'[39m, [32m'3.44'[39m, [32m'0.00'[39m ]
data rcv RT:[ [32m'0.00'[39m, [32m'4.32'[39m, [32m'3.45'[39m, [32m'0.00'[39m ]
data rcv RT:[ [32m'0.00'[39m, [32m'4.30'[39m, [32m'3.45'[39m, [32m'0.00'[39m ]
data rcv RT:[ [32m'0.00'[39m, [32m'4.30'[39m, [32m'3.37'[39m, [32m'0.00'[39m ]
data rcv RT:[ [32m'0.00'[39m, [32m'4.30'[39m, [32m'3.35'[39m, [32m'0.00'[39m ]
data rcv RT:[ [32m'0.00'[39m, [32m'4.27'[39m, [32m'3.38'[39m, [32m'0.00'[39m ]
data rcv RT:[ [32m'0.00'[39m, [32m'4.31'[39m, [32m'3.36'[39m, [32m'0.01'[39m ]
data rcv RT:[ [32m'0.00'[39m, [32m'4.35'[39m, [32m'3.39'[39m, [32m'0.06'[39m ]
data rcv RT:[ [32m'0.00'[39m, [32m'4.35'[39m, [32m'3.38'[39m, [32m'0.02'[39m ]
data rcv RT:[ [32m'0.00'[39m, [32m'4.36'[39m, [32m'3.42'[39m, [32m'0.00'[39m ]
data rcv RT:[ [32m'0.00'[39m, [32m'4.39'[39m, [32m'3.38'[39m, [32m'0.02'[39m ]
data rcv RT:[ [32m'0.00'[39m, [32m'4.35'[39m, [32m'3.39'[39m, [32m'0.00'[39m ]
data rcv RT:[ [32m'0.00'[39m, [32m'4.30'[39m, [32m'3.43'[39m, [32m'0.00'[39m ]
data rcv RT:[ [32m'0.00'[39m, [32m'4.34'[39m, [32m'3.43'[39m, [32m'0.00'[39m ]
data rcv RT:[ [32m'0.00'[39m, [32m'4.29'[39m, [32m'3.45'[39m, [32m'0.00'[39m ]
data rcv RT:[ [32m'0.00'[39m, [32m'4.30'[39m, [32m'3.47'[39m, [32m'0.00'[39m ]
data rcv RT:[ [32m'0.00'[39m, [32m'4.29'[39m, [32m'3.48'[39m, [32m'0.00'[39m ]
data rcv RT:[ [32m'0.00'[39m, [32m'4.28'[39m, [32m'3.44'[39m, [32m'0.00'[39m ]
data rcv RT:[ [32m'0.00'[39m, [32m'4.26'[39m, [32m'3.39'[39m, [32m'0.00'[39m ]
data rcv RT:[ [32m'0.00'[39m, [32m'4.32'[39m, [32m'3.37'[39m, [32m'0.00'[39m ]
data rcv RT:[ [32m'0.00'[39m, [32m'4.34'[39m, [32m'3.36'[39m, [32m'0.01'[39m ]
data rcv RT:[ [32m'0.00'[39m, [32m'4.33'[39m, [32m'3.38'[39m, [32m'0.01'[39m ]
data rcv RT:[ [32m'0.00'[39m, [32m'4.34'[39m, [32m'3.37'[39m, [32m'0.02'[39m ]
data rcv RT:[ [32m'0.00'[39m, [32m'4.35'[39m, [32m'3.42'[39m, [32m'0.00'[39m ]
data rcv RT:[ [32m'0.00'[39m, [32m'4.31'[39m, [32m'3.44'[39m, [32m'0.00'[39m ]
data rcv RT:[ [32m'0.00'[39m, [32m'4.32'[39m, [32m'3.43'[39m, [32m'0.00'[39m ]
data rcv RT:[ [32m'0.00'[39m, [32m'4.30'[39m, [32m'3.42'[39m, [32m'0.00'[39m ]
data rcv RT:[ [32m'0.00'[39m, [32m'4.26'[39m, [32m'3.38'[39m, [32m'0.00'[39m ]
data rcv RT:[ [32m'0.00'[39m, [32m'4.25'[39m, [32m'3.40'[39m, [32m'0.00'[39m ]
data rcv RT:[ [32m'0.00'[39m, [32m'4.27'[39m, [32m'3.37'[39m, [32m'0.00'[39m ]
data rcv RT:[ [32m'0.00'[39m, [32m'4.35'[39m, [32m'3.38'[39m, [32m'0.02'[39m ]
data rcv RT:[ [32m'0.00'[39m, [32m'4.38'[39m, [32m'3.39'[39m, [32m'0.01'[39m ]
data rcv RT:[ [32m'0.00'[39m, [32m'4.38'[39m, [32m'3.43'[39m, [32m'0.00'[39m ]
data rcv RT:[ [32m'0.00'[39m, [32m'4.39'[39m, [32m'3.40'[39m, [32m'0.02'[39m ]
data rcv RT:[ [32m'0.00'[39m, [32m'4.36'[39m, [32m'3.45'[39m, [32m'0.00'[39m ]
data rcv RT:[ [32m'0.00'[39m, [32m'4.31'[39m, [32m'3.45'[39m, [32m'0.00'[39m ]
data rcv RT:[ [32m'0.00'[39m, [32m'4.33'[39m, [32m'3.43'[39m, [32m'0.00'[39m ]
data rcv RT:[ [32m'0.00'[39m, [32m'4.24'[39m, [32m'3.42'[39m, [32m'0.00'[39m ]
data rcv RT:[ [32m'0.00'[39m, [32m'4.28'[39m, [32m'3.45'[39m, [32m'0.00'[39m ]
data rcv RT:[ [32m'0.00'[39m, [32m'4.26'[39m, [32m'3.40'[39m, [32m'0.00'[39m ]
data rcv RT:[ [32m'0.00'[39m, [32m'4.26'[39m, [32m'3.38'[39m, [32m'0.00'[39m ]
data rcv RT:[ [32m'0.00'[39m, [32m'4.27'[39m, [32m'3.38'[39m, [32m'0.00'[39m ]
data rcv RT:[ [32m'0.00'[39m, [32m'4.31'[39m, [32m'3.39'[39m, [32m'0.01'[39m ]
data rcv RT:[ [32m'0.00'[39m, [32m'4.33'[39m, [32m'3.40'[39m, [32m'0.01'[39m ]
data rcv RT:[ [32m'0.00'[39m, [32m'4.35'[39m, [32m'3.34'[39m, [32m'0.01'[39m ]
data rcv RT:[ [32m'0.00'[39m, [32m'4.36'[39m, [32m'3.37'[39m, [32m'0.05'[39m ]
data rcv RT:[ [32m'0.00'[39m, [32m'4.37'[39m, [32m'3.38'[39m, [32m'0.03'[39m ]
data rcv RT:[ [32m'0.00'[39m, [32m'4.33'[39m, [32m'3.41'[39m, [32m'0.00'[39m ]
data rcv RT:[ [32m'0.00'[39m, [32m'4.32'[39m, [32m'3.43'[39m, [32m'0.00'[39m ]
data rcv RT:[ [32m'0.00'[39m, [32m'4.28'[39m, [32m'3.44'[39m, [32m'0.00'[39m ]
data rcv RT:[ [32m'0.00'[39m, [32m'4.30'[39m, [32m'3.43'[39m, [32m'0.00'[39m ]
data rcv RT:[ [32m'0.00'[39m, [32m'4.27'[39m, [32m'3.41'[39m, [32m'0.00'[39m ]
data rcv RT:[ [32m'0.00'[39m, [32m'4.26'[39m, [32m'3.38'[39m, [32m'0.00'[39m ]
data rcv RT:[ [32m'0.00'[39m, [32m'4.28'[39m, [32m'3.37'[39m, [32m'0.00'[39m ]
data rcv RT:[ [32m'0.00'[39m, [32m'4.30'[39m, [32m'3.40'[39m, [32m'0.00'[39m ]
data rcv RT:[ [32m'0.00'[39m, [32m'4.30'[39m, [32m'3.39'[39m, [32m'0.00'[39m ]
data rcv RT:[ [32m'0.00'[39m, [32m'4.37'[39m, [32m'3.40'[39m, [32m'0.00'[39m ]
data rcv RT:[ [32m'0.00'[39m, [32m'4.36'[39m, [32m'3.41'[39m, [32m'0.03'[39m ]
data rcv RT:[ [32m'0.00'[39m, [32m'4.36'[39m, [32m'3.39'[39m, [32m'0.02'[39m ]
data rcv RT:[ [32m'0.00'[39m, [32m'4.36'[39m, [32m'3.41'[39m, [32m'0.00'[39m ]
data rcv RT:[ [32m'0.00'[39m, [32m'4.32'[39m, [32m'3.42'[39m, [32m'0.00'[39m ]
data rcv RT:[ [32m'0.00'[39m, [32m'4.31'[39m, [32m'3.43'[39m, [32m'0.00'[39m ]
data rcv RT:[ [32m'0.00'[39m, [32m'4.26'[39m, [32m'3.42'[39m, [32m'0.00'[39m ]
data rcv RT:[ [32m'0.00'[39m, [32m'4.25'[39m, [32m'3.43'[39m, [32m'0.00'[39m ]
data rcv RT:[ [32m'0.00'[39m, [32m'4.25'[39m, [32m'3.37'[39m, [32m'0.00'[39m ]
data rcv RT:[ [32m'0.00'[39m, [32m'4.27'[39m, [32m'3.39'[39m, [32m'0.00'[39m ]
data rcv RT:[ [32m'0.00'[39m, [32m'4.31'[39m, [32m'3.36'[39m, [32m'0.00'[39m ]
data rcv RT:[ [32m'0.00'[39m, [32m'4.33'[39m, [32m'3.37'[39m, [32m'0.01'[39m ]
data rcv RT:[ [32m'0.00'[39m, [32m'4.31'[39m, [32m'3.40'[39m, [32m'0.00'[39m ]
data rcv RT:[ [32m'0.00'[39m, [32m'4.34'[39m, [32m'3.41'[39m, [32m'0.00'[39m ]
data rcv RT:[ [32m'0.00'[39m, [32m'4.37'[39m, [32m'3.40'[39m, [32m'0.00'[39m ]
data rcv RT:[ [32m'0.00'[39m, [32m'4.38'[39m, [32m'3.42'[39m, [32m'0.00'[39m ]
data rcv RT:[ [32m'0.00'[39m, [32m'4.32'[39m, [32m'3.43'[39m, [32m'0.00'[39m ]
data rcv RT:[ [32m'0.00'[39m, [32m'4.29'[39m, [32m'3.46'[39m, [32m'0.00'[39m ]
data rcv RT:[ [32m'0.00'[39m, [32m'4.26'[39m, [32m'3.41'[39m, [32m'0.00'[39m ]
data rcv RT:[ [32m'0.00'[39m, [32m'4.26'[39m, [32m'3.42'[39m, [32m'0.00'[39m ]
data rcv RT:[ [32m'0.00'[39m, [32m'4.28'[39m, [32m'3.39'[39m, [32m'0.00'[39m ]
data rcv RT:[ [32m'0.00'[39m, [32m'4.27'[39m, [32m'3.40'[39m, [32m'0.00'[39m ]
data rcv RT:[ [32m'0.00'[39m, [32m'4.31'[39m, [32m'3.37'[39m, [32m'0.01'[39m ]
data rcv RT:[ [32m'0.00'[39m, [32m'4.36'[39m, [32m'3.37'[39m, [32m'0.04'[39m ]
data rcv RT:[ [32m'0.00'[39m, [32m'4.37'[39m, [32m'3.39'[39m, [32m'0.00'[39m ]
data rcv RT:[ [32m'0.00'[39m, [32m'4.35'[39m, [32m'3.42'[39m, [32m'0.00'[39m ]
data rcv RT:[ [32m'0.00'[39m, [32m'4.31'[39m, [32m'3.42'[39m, [32m'0.00'[39m ]
data rcv RT:[ [32m'0.00'[39m, [32m'4.30'[39m, [32m'3.42'[39m, [32m'0.00'[39m ]
data rcv RT:[ [32m'0.00'[39m, [32m'4.28'[39m, [32m'3.46'[39m, [32m'0.00'[39m ]
data rcv RT:[ [32m'0.00'[39m, [32m'4.27'[39m, [32m'3.43'[39m, [32m'0.00'[39m ]
data rcv RT:[ [32m'0.00'[39m, [32m'4.28'[39m, [32m'3.38'[39m, [32m'0.00'[39m ]
data rcv RT:[ [32m'0.00'[39m, [32m'4.31'[39m, [32m'3.38'[39m, [32m'0.01'[39m ]
data rcv RT:[ [32m'0.00'[39m, [32m'4.33'[39m, [32m'3.36'[39m, [32m'0.06'[39m ]
data rcv RT:[ [32m'0.00'[39m, [32m'4.37'[39m, [32m'3.39'[39m, [32m'0.01'[39m ]
data rcv RT:[ [32m'0.00'[39m, [32m'4.37'[39m, [32m'3.44'[39m, [32m'0.00'[39m ]
data rcv RT:[ [32m'0.00'[39m, [32m'4.34'[39m, [32m'3.45'[39m, [32m'0.00'[39m ]
data rcv RT:[ [32m'0.00'[39m, [32m'4.32'[39m, [32m'3.44'[39m, [32m'0.00'[39m ]
data rcv RT:[ [32m'0.00'[39m, [32m'4.32'[39m, [32m'3.44'[39m, [32m'0.00'[39m ]
data rcv RT:[ [32m'0.00'[39m, [32m'4.31'[39m, [32m'3.43'[39m, [32m'0.00'[39m ]
data rcv RT:[ [32m'0.00'[39m, [32m'4.30'[39m, [32m'3.44'[39m, [32m'0.00'[39m ]
data rcv RT:[ [32m'0.00'[39m, [32m'4.26'[39m, [32m'3.40'[39m, [32m'0.00'[39m ]
data rcv RT:[ [32m'0.00'[39m, [32m'4.29'[39m, [32m'3.41'[39m, [32m'0.00'[39m ]
data rcv RT:[ [32m'0.00'[39m, [32m'4.28'[39m, [32m'3.39'[39m, [32m'0.00'[39m ]
data rcv RT:[ [32m'0.00'[39m, [32m'4.31'[39m, [32m'3.40'[39m, [32m'0.01'[39m ]
data rcv RT:[ [32m'0.00'[39m, [32m'4.32'[39m, [32m'3.39'[39m, [32m'0.01'[39m ]
data rcv RT:[ [32m'0.00'[39m, [32m'4.34'[39m, [32m'3.40'[39m, [32m'0.03'[39m ]
data rcv RT:[ [32m'0.00'[39m, [32m'4.34'[39m, [32m'3.36'[39m, [32m'0.03'[39m ]
data rcv RT:[ [32m'0.00'[39m, [32m'4.37'[39m, [32m'3.40'[39m, [32m'0.00'[39m ]
data rcv RT:[ [32m'0.00'[39m, [32m'4.36'[39m, [32m'3.41'[39m, [32m'0.00'[39m ]
data rcv RT:[ [32m'0.00'[39m, [32m'4.33'[39m, [32m'3.45'[39m, [32m'0.00'[39m ]
data rcv RT:[ [32m'0.00'[39m, [32m'4.33'[39m, [32m'3.44'[39m, [32m'0.00'[39m ]
data rcv RT:[ [32m'0.00'[39m, [32m'4.33'[39m, [32m'3.43'[39m, [32m'0.00'[39m ]
data rcv RT:[ [32m'0.00'[39m, [32m'4.28'[39m, [32m'3.41'[39m, [32m'0.00'[39m ]
data rcv RT:[ [32m'0.00'[39m, [32m'4.29'[39m, [32m'3.41'[39m, [32m'0.00'[39m ]
data rcv RT:[ [32m'0.00'[39m, [32m'4.28'[39m, [32m'3.43'[39m, [32m'0.00'[39m ]
data rcv RT:[ [32m'0.00'[39m, [32m'4.27'[39m, [32m'3.38'[39m, [32m'0.00'[39m ]
data rcv RT:[ [32m'0.00'[39m, [32m'4.32'[39m, [32m'3.36'[39m, [32m'0.01'[39m ]
data rcv RT:[ [32m'0.00'[39m, [32m'4.33'[39m, [32m'3.38'[39m, [32m'0.00'[39m ]
data rcv RT:[ [32m'0.00'[39m, [32m'4.33'[39m, [32m'3.40'[39m, [32m'0.01'[39m ]
data rcv RT:[ [32m'0.00'[39m, [32m'4.37'[39m, [32m'3.38'[39m, [32m'0.01'[39m ]
data rcv RT:[ [32m'0.00'[39m, [32m'4.34'[39m, [32m'3.36'[39m, [32m'0.04'[39m ]
data rcv RT:[ [32m'0.00'[39m, [32m'4.36'[39m, [32m'3.38'[39m, [32m'0.01'[39m ]
data rcv RT:[ [32m'0.00'[39m, [32m'4.36'[39m, [32m'3.40'[39m, [32m'0.00'[39m ]
data rcv RT:[ [32m'0.00'[39m, [32m'4.35'[39m, [32m'3.45'[39m, [32m'0.00'[39m ]
data rcv RT:[ [32m'0.00'[39m, [32m'4.31'[39m, [32m'3.42'[39m, [32m'0.00'[39m ]
data rcv RT:[ [32m'0.00'[39m, [32m'4.32'[39m, [32m'3.47'[39m, [32m'0.00'[39m ]
data rcv RT:[ [32m'0.00'[39m, [32m'4.32'[39m, [32m'3.43'[39m, [32m'0.00'[39m ]
data rcv RT:[ [32m'0.00'[39m, [32m'4.25'[39m, [32m'3.41'[39m, [32m'0.00'[39m ]
data rcv RT:[ [32m'0.00'[39m, [32m'4.28'[39m, [32m'3.40'[39m, [32m'0.00'[39m ]
data rcv RT:[ [32m'0.00'[39m, [32m'4.30'[39m, [32m'3.39'[39m, [32m'0.00'[39m ]
data rcv RT:[ [32m'0.00'[39m, [32m'4.32'[39m, [32m'3.39'[39m, [32m'0.00'[39m ]
data rcv RT:[ [32m'0.00'[39m, [32m'4.37'[39m, [32m'3.39'[39m, [32m'0.05'[39m ]
data rcv RT:[ [32m'0.00'[39m, [32m'4.37'[39m, [32m'3.39'[39m, [32m'0.01'[39m ]
data rcv RT:[ [32m'0.00'[39m, [32m'4.37'[39m, [32m'3.41'[39m, [32m'0.00'[39m ]
data rcv RT:[ [32m'0.00'[39m, [32m'4.37'[39m, [32m'3.43'[39m, [32m'0.00'[39m ]
data rcv RT:[ [32m'0.00'[39m, [32m'4.31'[39m, [32m'3.44'[39m, [32m'0.00'[39m ]
data rcv RT:[ [32m'0.00'[39m, [32m'4.30'[39m, [32m'3.45'[39m, [32m'0.00'[39m ]
data rcv RT:[ [32m'0.00'[39m, [32m'4.31'[39m, [32m'3.43'[39m, [32m'0.00'[39m ]
data rcv RT:[ [32m'0.00'[39m, [32m'4.27'[39m, [32m'3.44'[39m, [32m'0.00'[39m ]
data rcv RT:[ [32m'0.00'[39m, [32m'4.24'[39m, [32m'3.39'[39m, [32m'0.00'[39m ]
data rcv RT:[ [32m'0.00'[39m, [32m'4.28'[39m, [32m'3.37'[39m, [32m'0.00'[39m ]
data rcv RT:[ [32m'0.00'[39m, [32m'4.32'[39m, [32m'3.39'[39m, [32m'0.00'[39m ]
data rcv RT:[ [32m'0.00'[39m, [32m'4.32'[39m, [32m'3.38'[39m, [32m'0.00'[39m ]
data rcv RT:[ [32m'0.00'[39m, [32m'4.34'[39m, [32m'3.37'[39m, [32m'0.03'[39m ]
data rcv RT:[ [32m'0.00'[39m, [32m'4.37'[39m, [32m'3.39'[39m, [32m'0.02'[39m ]
data rcv RT:[ [32m'0.00'[39m, [32m'4.34'[39m, [32m'3.43'[39m, [32m'0.00'[39m ]
data rcv RT:[ [32m'0.00'[39m, [32m'4.30'[39m, [32m'3.44'[39m, [32m'0.00'[39m ]
data rcv RT:[ [32m'0.00'[39m, [32m'4.28'[39m, [32m'3.45'[39m, [32m'0.00'[39m ]
data rcv RT:[ [32m'0.00'[39m, [32m'4.26'[39m, [32m'3.44'[39m, [32m'0.00'[39m ]
data rcv RT:[ [32m'0.00'[39m, [32m'4.27'[39m, [32m'3.38'[39m, [32m'0.00'[39m ]
data rcv RT:[ [32m'0.00'[39m, [32m'4.30'[39m, [32m'3.39'[39m, [32m'0.01'[39m ]
data rcv RT:[ [32m'0.00'[39m, [32m'4.30'[39m, [32m'3.36'[39m, [32m'0.00'[39m ]
data rcv RT:[ [32m'0.00'[39m, [32m'4.34'[39m, [32m'3.37'[39m, [32m'0.01'[39m ]
data rcv RT:[ [32m'0.00'[39m, [32m'4.38'[39m, [32m'3.39'[39m, [32m'0.01'[39m ]
data rcv RT:[ [32m'0.00'[39m, [32m'4.36'[39m, [32m'3.42'[39m, [32m'0.00'[39m ]
data rcv RT:[ [32m'0.00'[39m, [32m'4.34'[39m, [32m'3.42'[39m, [32m'0.00'[39m ]
data rcv RT:[ [32m'0.00'[39m, [32m'4.32'[39m, [32m'3.43'[39m, [32m'0.00'[39m ]
data rcv RT:[ [32m'0.00'[39m, [32m'4.30'[39m, [32m'3.43'[39m, [32m'0.00'[39m ]
data rcv RT:[ [32m'0.00'[39m, [32m'4.29'[39m, [32m'3.46'[39m, [32m'0.00'[39m ]
data rcv RT:[ [32m'0.00'[39m, [32m'4.26'[39m, [32m'3.41'[39m, [32m'0.00'[39m ]
data rcv RT:[ [32m'0.00'[39m, [32m'4.28'[39m, [32m'3.38'[39m, [32m'0.00'[39m ]
data rcv RT:[ [32m'0.00'[39m, [32m'4.31'[39m, [32m'3.37'[39m, [32m'0.00'[39m ]
data rcv RT:[ [32m'0.00'[39m, [32m'4.34'[39m, [32m'3.40'[39m, [32m'0.02'[39m ]
data rcv RT:[ [32m'0.00'[39m, [32m'4.34'[39m, [32m'3.34'[39m, [32m'0.06'[39m ]
data rcv RT:[ [32m'0.00'[39m, [32m'4.37'[39m, [32m'3.40'[39m, [32m'0.01'[39m ]
data rcv RT:[ [32m'0.00'[39m, [32m'4.37'[39m, [32m'3.42'[39m, [32m'0.00'[39m ]
data rcv RT:[ [32m'0.00'[39m, [32m'4.32'[39m, [32m'3.43'[39m, [32m'0.00'[39m ]
data rcv RT:[ [32m'0.00'[39m, [32m'4.31'[39m, [32m'3.45'[39m, [32m'0.00'[39m ]
data rcv RT:[ [32m'0.00'[39m, [32m'4.29'[39m, [32m'3.42'[39m, [32m'0.00'[39m ]
data rcv RT:[ [32m'0.00'[39m, [32m'4.25'[39m, [32m'3.39'[39m, [32m'0.00'[39m ]
data rcv RT:[ [32m'0.00'[39m, [32m'4.27'[39m, [32m'3.37'[39m, [32m'0.00'[39m ]
data rcv RT:[ [32m'0.00'[39m, [32m'4.28'[39m, [32m'3.40'[39m, [32m'0.00'[39m ]
data rcv RT:[ [32m'0.00'[39m, [32m'4.31'[39m, [32m'3.38'[39m, [32m'0.01'[39m ]
data rcv RT:[ [32m'0.00'[39m, [32m'4.35'[39m, [32m'3.39'[39m, [32m'0.01'[39m ]
data rcv RT:[ [32m'0.00'[39m, [32m'4.37'[39m, [32m'3.39'[39m, [32m'0.02'[39m ]
data rcv RT:[ [32m'0.00'[39m, [32m'4.37'[39m, [32m'3.43'[39m, [32m'0.01'[39m ]
data rcv RT:[ [32m'0.00'[39m, [32m'4.33'[39m, [32m'3.44'[39m, [32m'0.00'[39m ]
data rcv RT:[ [32m'0.00'[39m, [32m'4.34'[39m, [32m'3.43'[39m, [32m'0.00'[39m ]
data rcv RT:[ [32m'0.00'[39m, [32m'4.30'[39m, [32m'3.44'[39m, [32m'0.00'[39m ]
data rcv RT:[ [32m'0.00'[39m, [32m'4.26'[39m, [32m'3.42'[39m, [32m'0.00'[39m ]
data rcv RT:[ [32m'0.00'[39m, [32m'4.25'[39m, [32m'3.42'[39m, [32m'0.00'[39m ]
data rcv RT:[ [32m'0.00'[39m, [32m'4.27'[39m, [32m'3.38'[39m, [32m'0.00'[39m ]
data rcv RT:[ [32m'0.00'[39m, [32m'4.29'[39m, [32m'3.38'[39m, [32m'0.00'[39m ]
data rcv RT:[ [32m'0.00'[39m, [32m'4.33'[39m, [32m'3.38'[39m, [32m'0.01'[39m ]
data rcv RT:[ [32m'0.00'[39m, [32m'4.33'[39m, [32m'3.35'[39m, [32m'0.06'[39m ]
data rcv RT:[ [32m'0.00'[39m, [32m'4.37'[39m, [32m'3.40'[39m, [32m'0.01'[39m ]
data rcv RT:[ [32m'0.00'[39m, [32m'4.37'[39m, [32m'3.41'[39m, [32m'0.00'[39m ]
data rcv RT:[ [32m'0.00'[39m, [32m'4.34'[39m, [32m'3.43'[39m, [32m'0.00'[39m ]
data rcv RT:[ [32m'0.00'[39m, [32m'4.34'[39m, [32m'3.43'[39m, [32m'0.00'[39m ]
data rcv RT:[ [32m'0.00'[39m, [32m'4.32'[39m, [32m'3.44'[39m, [32m'0.00'[39m ]
data rcv RT:[ [32m'0.00'[39m, [32m'4.30'[39m, [32m'3.42'[39m, [32m'0.00'[39m ]
data rcv RT:[ [32m'0.00'[39m, [32m'4.26'[39m, [32m'3.45'[39m, [32m'0.00'[39m ]
data rcv RT:[ [32m'0.00'[39m, [32m'4.27'[39m, [32m'3.40'[39m, [32m'0.00'[39m ]
data rcv RT:[ [32m'0.00'[39m, [32m'4.29'[39m, [32m'3.39'[39m, [32m'0.00'[39m ]
data rcv RT:[ [32m'0.00'[39m, [32m'4.35'[39m, [32m'3.39'[39m, [32m'0.02'[39m ]
data rcv RT:[ [32m'0.00'[39m, [32m'4.37'[39m, [32m'3.41'[39m, [32m'0.01'[39m ]
data rcv RT:[ [32m'0.00'[39m, [32m'4.38'[39m, [32m'3.40'[39m, [32m'0.00'[39m ]
data rcv RT:[ [32m'0.00'[39m, [32m'4.33'[39m, [32m'3.43'[39m, [32m'0.00'[39m ]
data rcv RT:[ [32m'0.00'[39m, [32m'4.33'[39m, [32m'3.42'[39m, [32m'0.00'[39m ]
data rcv RT:[ [32m'0.00'[39m, [32m'4.31'[39m, [32m'3.42'[39m, [32m'0.00'[39m ]
data rcv RT:[ [32m'0.00'[39m, [32m'4.30'[39m, [32m'3.42'[39m, [32m'0.00'[39m ]
data rcv RT:[ [32m'0.00'[39m, [32m'4.26'[39m, [32m'3.43'[39m, [32m'0.00'[39m ]
data rcv RT:[ [32m'0.00'[39m, [32m'4.28'[39m, [32m'3.40'[39m, [32m'0.00'[39m ]
data rcv RT:[ [32m'0.00'[39m, [32m'4.30'[39m, [32m'3.39'[39m, [32m'0.00'[39m ]
data rcv RT:[ [32m'0.00'[39m, [32m'4.33'[39m, [32m'3.37'[39m, [32m'0.02'[39m ]
data rcv RT:[ [32m'0.00'[39m, [32m'4.33'[39m, [32m'3.36'[39m, [32m'0.02'[39m ]
data rcv RT:[ [32m'0.00'[39m, [32m'4.40'[39m, [32m'3.43'[39m, [32m'0.02'[39m ]
data rcv RT:[ [32m'0.00'[39m, [32m'4.38'[39m, [32m'3.40'[39m, [32m'0.03'[39m ]
data rcv RT:[ [32m'0.00'[39m, [32m'4.34'[39m, [32m'3.44'[39m, [32m'0.00'[39m ]
data rcv RT:[ [32m'0.00'[39m, [32m'4.33'[39m, [32m'3.44'[39m, [32m'0.00'[39m ]
data rcv RT:[ [32m'0.00'[39m, [32m'4.32'[39m, [32m'3.44'[39m, [32m'0.00'[39m ]
data rcv RT:[ [32m'0.00'[39m, [32m'4.30'[39m, [32m'3.42'[39m, [32m'0.00'[39m ]
data rcv RT:[ [32m'0.00'[39m, [32m'4.31'[39m, [32m'3.45'[39m, [32m'0.00'[39m ]
data rcv RT:[ [32m'0.00'[39m, [32m'4.25'[39m, [32m'3.39'[39m, [32m'0.00'[39m ]
data rcv RT:[ [32m'0.00'[39m, [32m'4.29'[39m, [32m'3.38'[39m, [32m'0.00'[39m ]
data rcv RT:[ [32m'0.00'[39m, [32m'4.31'[39m, [32m'3.40'[39m, [32m'0.01'[39m ]
data rcv RT:[ [32m'0.00'[39m, [32m'4.31'[39m, [32m'3.34'[39m, [32m'0.07'[39m ]
data rcv RT:[ [32m'0.00'[39m, [32m'4.37'[39m, [32m'3.39'[39m, [32m'0.02'[39m ]
data rcv RT:[ [32m'0.00'[39m, [32m'4.39'[39m, [32m'3.39'[39m, [32m'0.05'[39m ]
data rcv RT:[ [32m'0.00'[39m, [32m'4.38'[39m, [32m'3.38'[39m, [32m'0.02'[39m ]
data rcv RT:[ [32m'0.00'[39m, [32m'4.38'[39m, [32m'3.45'[39m, [32m'0.00'[39m ]
data rcv RT:[ [32m'0.00'[39m, [32m'4.33'[39m, [32m'3.43'[39m, [32m'0.00'[39m ]
data rcv RT:[ [32m'0.00'[39m, [32m'4.32'[39m, [32m'3.43'[39m, [32m'0.00'[39m ]
data rcv RT:[ [32m'0.00'[39m, [32m'4.32'[39m, [32m'3.42'[39m, [32m'0.00'[39m ]
data rcv RT:[ [32m'0.00'[39m, [32m'4.29'[39m, [32m'3.43'[39m, [32m'0.00'[39m ]
data rcv RT:[ [32m'0.00'[39m, [32m'4.24'[39m, [32m'3.38'[39m, [32m'0.00'[39m ]
data rcv RT:[ [32m'0.00'[39m, [32m'4.28'[39m, [32m'3.40'[39m, [32m'0.00'[39m ]
data rcv RT:[ [32m'0.00'[39m, [32m'4.30'[39m, [32m'3.37'[39m, [32m'0.00'[39m ]
data rcv RT:[ [32m'0.00'[39m, [32m'4.29'[39m, [32m'3.39'[39m, [32m'0.00'[39m ]
data rcv RT:[ [32m'0.00'[39m, [32m'4.32'[39m, [32m'3.39'[39m, [32m'0.02'[39m ]
data rcv RT:[ [32m'0.00'[39m, [32m'4.35'[39m, [32m'3.35'[39m, [32m'0.05'[39m ]
data rcv RT:[ [32m'0.00'[39m, [32m'4.36'[39m, [32m'3.40'[39m, [32m'0.00'[39m ]
data rcv RT:[ [32m'0.00'[39m, [32m'4.37'[39m, [32m'3.41'[39m, [32m'0.00'[39m ]
data rcv RT:[ [32m'0.00'[39m, [32m'4.34'[39m, [32m'3.42'[39m, [32m'0.00'[39m ]
data rcv RT:[ [32m'0.00'[39m, [32m'4.31'[39m, [32m'3.45'[39m, [32m'0.00'[39m ]
data rcv RT:[ [32m'0.00'[39m, [32m'4.30'[39m, [32m'3.48'[39m, [32m'0.00'[39m ]
data rcv RT:[ [32m'0.00'[39m, [32m'4.31'[39m, [32m'3.44'[39m, [32m'0.00'[39m ]
data rcv RT:[ [32m'0.00'[39m, [32m'4.25'[39m, [32m'3.41'[39m, [32m'0.00'[39m ]
data rcv RT:[ [32m'0.00'[39m, [32m'4.25'[39m, [32m'3.39'[39m, [32m'0.00'[39m ]
data rcv RT:[ [32m'0.00'[39m, [32m'4.29'[39m, [32m'3.39'[39m, [32m'0.00'[39m ]
data rcv RT:[ [32m'0.00'[39m, [32m'4.32'[39m, [32m'3.37'[39m, [32m'0.02'[39m ]
data rcv RT:[ [32m'0.00'[39m, [32m'4.35'[39m, [32m'3.35'[39m, [32m'0.06'[39m ]
data rcv RT:[ [32m'0.00'[39m, [32m'4.37'[39m, [32m'3.40'[39m, [32m'0.02'[39m ]
data rcv RT:[ [32m'0.00'[39m, [32m'4.36'[39m, [32m'3.44'[39m, [32m'0.00'[39m ]
data rcv RT:[ [32m'0.00'[39m, [32m'4.33'[39m, [32m'3.41'[39m, [32m'0.00'[39m ]
data rcv RT:[ [32m'0.00'[39m, [32m'4.32'[39m, [32m'3.41'[39m, [32m'0.00'[39m ]
data rcv RT:[ [32m'0.00'[39m, [32m'4.31'[39m, [32m'3.43'[39m, [32m'0.00'[39m ]
data rcv RT:[ [32m'0.00'[39m, [32m'4.28'[39m, [32m'3.40'[39m, [32m'0.00'[39m ]
data rcv RT:[ [32m'0.00'[39m, [32m'4.25'[39m, [32m'3.39'[39m, [32m'0.00'[39m ]
data rcv RT:[ [32m'0.00'[39m, [32m'4.26'[39m, [32m'3.39'[39m, [32m'0.00'[39m ]
data rcv RT:[ [32m'0.00'[39m, [32m'4.30'[39m, [32m'3.37'[39m, [32m'0.00'[39m ]
data rcv RT:[ [32m'0.00'[39m, [32m'4.32'[39m, [32m'3.40'[39m, [32m'0.00'[39m ]
data rcv RT:[ [32m'0.00'[39m, [32m'4.33'[39m, [32m'3.38'[39m, [32m'0.01'[39m ]
data rcv RT:[ [32m'0.00'[39m, [32m'4.37'[39m, [32m'3.41'[39m, [32m'0.00'[39m ]
data rcv RT:[ [32m'0.00'[39m, [32m'4.37'[39m, [32m'3.42'[39m, [32m'0.01'[39m ]
data rcv RT:[ [32m'0.00'[39m, [32m'4.37'[39m, [32m'3.42'[39m, [32m'0.00'[39m ]
data rcv RT:[ [32m'0.00'[39m, [32m'4.30'[39m, [32m'3.42'[39m, [32m'0.00'[39m ]
data rcv RT:[ [32m'0.00'[39m, [32m'4.29'[39m, [32m'3.45'[39m, [32m'0.00'[39m ]
data rcv RT:[ [32m'0.00'[39m, [32m'4.25'[39m, [32m'3.42'[39m, [32m'0.00'[39m ]
data rcv RT:[ [32m'0.00'[39m, [32m'4.29'[39m, [32m'3.40'[39m, [32m'0.00'[39m ]
data rcv RT:[ [32m'0.00'[39m, [32m'4.26'[39m, [32m'3.39'[39m, [32m'0.00'[39m ]
data rcv RT:[ [32m'0.00'[39m, [32m'4.31'[39m, [32m'3.38'[39m, [32m'0.02'[39m ]
data rcv RT:[ [32m'0.00'[39m, [32m'4.34'[39m, [32m'3.36'[39m, [32m'0.05'[39m ]
data rcv RT:[ [32m'0.00'[39m, [32m'4.37'[39m, [32m'3.39'[39m, [32m'0.01'[39m ]
data rcv RT:[ [32m'0.00'[39m, [32m'4.37'[39m, [32m'3.39'[39m, [32m'0.00'[39m ]
data rcv RT:[ [32m'0.00'[39m, [32m'4.32'[39m, [32m'3.42'[39m, [32m'0.00'[39m ]
data rcv RT:[ [32m'0.00'[39m, [32m'4.31'[39m, [32m'3.43'[39m, [32m'0.00'[39m ]
data rcv RT:[ [32m'0.00'[39m, [32m'4.29'[39m, [32m'3.42'[39m, [32m'0.00'[39m ]
data rcv RT:[ [32m'0.00'[39m, [32m'4.26'[39m, [32m'3.43'[39m, [32m'0.00'[39m ]
data rcv RT:[ [32m'0.00'[39m, [32m'4.29'[39m, [32m'3.40'[39m, [32m'0.00'[39m ]
data rcv RT:[ [32m'0.00'[39m, [32m'4.28'[39m, [32m'3.39'[39m, [32m'0.00'[39m ]
data rcv RT:[ [32m'0.00'[39m, [32m'4.34'[39m, [32m'3.39'[39m, [32m'0.03'[39m ]
data rcv RT:[ [32m'0.00'[39m, [32m'4.38'[39m, [32m'3.40'[39m, [32m'0.04'[39m ]
data rcv RT:[ [32m'0.00'[39m, [32m'4.36'[39m, [32m'3.42'[39m, [32m'0.00'[39m ]
data rcv RT:[ [32m'0.00'[39m, [32m'4.34'[39m, [32m'3.42'[39m, [32m'0.00'[39m ]
data rcv RT:[ [32m'0.00'[39m, [32m'4.33'[39m, [32m'3.42'[39m, [32m'0.00'[39m ]
data rcv RT:[ [32m'0.00'[39m, [32m'4.29'[39m, [32m'3.46'[39m, [32m'0.00'[39m ]
data rcv RT:[ [32m'0.00'[39m, [32m'4.29'[39m, [32m'3.42'[39m, [32m'0.00'[39m ]
data rcv RT:[ [32m'0.00'[39m, [32m'4.24'[39m, [32m'3.37'[39m, [32m'0.00'[39m ]
data rcv RT:[ [32m'0.00'[39m, [32m'4.28'[39m, [32m'3.38'[39m, [32m'0.00'[39m ]
data rcv RT:[ [32m'0.00'[39m, [32m'4.36'[39m, [32m'3.39'[39m, [32m'0.01'[39m ]
data rcv RT:[ [32m'0.00'[39m, [32m'4.33'[39m, [32m'3.38'[39m, [32m'0.00'[39m ]
data rcv RT:[ [32m'0.00'[39m, [32m'4.37'[39m, [32m'3.39'[39m, [32m'0.02'[39m ]
data rcv RT:[ [32m'0.00'[39m, [32m'4.34'[39m, [32m'3.42'[39m, [32m'0.00'[39m ]
data rcv RT:[ [32m'0.00'[39m, [32m'4.32'[39m, [32m'3.42'[39m, [32m'0.00'[39m ]
data rcv RT:[ [32m'0.00'[39m, [32m'4.30'[39m, [32m'3.43'[39m, [32m'0.00'[39m ]
data rcv RT:[ [32m'0.00'[39m, [32m'4.27'[39m, [32m'3.40'[39m, [32m'0.00'[39m ]
data rcv RT:[ [32m'0.00'[39m, [32m'4.27'[39m, [32m'3.36'[39m, [32m'0.00'[39m ]
data rcv RT:[ [32m'0.00'[39m, [32m'4.27'[39m, [32m'3.39'[39m, [32m'0.00'[39m ]
data rcv RT:[ [32m'0.00'[39m, [32m'4.32'[39m, [32m'3.40'[39m, [32m'0.00'[39m ]
data rcv RT:[ [32m'0.00'[39m, [32m'4.33'[39m, [32m'3.39'[39m, [32m'0.02'[39m ]
data rcv RT:[ [32m'0.00'[39m, [32m'4.37'[39m, [32m'3.38'[39m, [32m'0.04'[39m ]
data rcv RT:[ [32m'0.00'[39m, [32m'4.36'[39m, [32m'3.43'[39m, [32m'0.00'[39m ]
data rcv RT:[ [32m'0.00'[39m, [32m'4.33'[39m, [32m'3.44'[39m, [32m'0.00'[39m ]
data rcv RT:[ [32m'0.00'[39m, [32m'4.33'[39m, [32m'3.43'[39m, [32m'0.00'[39m ]
data rcv RT:[ [32m'0.00'[39m, [32m'4.32'[39m, [32m'3.45'[39m, [32m'0.00'[39m ]
data rcv RT:[ [32m'0.00'[39m, [32m'4.29'[39m, [32m'3.44'[39m, [32m'0.00'[39m ]
data rcv RT:[ [32m'0.00'[39m, [32m'4.27'[39m, [32m'3.37'[39m, [32m'0.00'[39m ]
data rcv RT:[ [32m'0.00'[39m, [32m'4.27'[39m, [32m'3.38'[39m, [32m'0.00'[39m ]
data rcv RT:[ [32m'0.00'[39m, [32m'4.28'[39m, [32m'3.40'[39m, [32m'0.00'[39m ]
data rcv RT:[ [32m'0.00'[39m, [32m'4.34'[39m, [32m'3.37'[39m, [32m'0.02'[39m ]
data rcv RT:[ [32m'0.00'[39m, [32m'4.34'[39m, [32m'3.38'[39m, [32m'0.05'[39m ]
data rcv RT:[ [32m'0.00'[39m, [32m'4.37'[39m, [32m'3.44'[39m, [32m'0.00'[39m ]
data rcv RT:[ [32m'0.00'[39m, [32m'4.39'[39m, [32m'3.42'[39m, [32m'0.01'[39m ]
data rcv RT:[ [32m'0.00'[39m, [32m'4.32'[39m, [32m'3.44'[39m, [32m'0.00'[39m ]
data rcv RT:[ [32m'0.00'[39m, [32m'4.33'[39m, [32m'3.38'[39m, [32m'0.02'[39m ]
data rcv RT:[ [32m'0.00'[39m, [32m'4.39'[39m, [32m'3.41'[39m, [32m'0.00'[39m ]
data rcv RT:[ [32m'0.00'[39m, [32m'4.37'[39m, [32m'3.41'[39m, [32m'0.00'[39m ]
data rcv RT:[ [32m'0.00'[39m, [32m'4.30'[39m, [32m'3.43'[39m, [32m'0.00'[39m ]
data rcv RT:[ [32m'0.00'[39m, [32m'4.32'[39m, [32m'3.42'[39m, [32m'0.00'[39m ]
data rcv RT:[ [32m'0.00'[39m, [32m'4.30'[39m, [32m'3.42'[39m, [32m'0.00'[39m ]
data rcv RT:[ [32m'0.00'[39m, [32m'4.31'[39m, [32m'3.38'[39m, [32m'0.00'[39m ]
data rcv RT:[ [32m'0.00'[39m, [32m'4.35'[39m, [32m'3.39'[39m, [32m'0.01'[39m ]
data rcv RT:[ [32m'0.00'[39m, [32m'4.38'[39m, [32m'3.40'[39m, [32m'0.00'[39m ]
data rcv RT:[ [32m'0.00'[39m, [32m'4.36'[39m, [32m'3.39'[39m, [32m'0.03'[39m ]
data rcv RT:[ [32m'0.00'[39m, [32m'4.34'[39m, [32m'3.43'[39m, [32m'0.00'[39m ]
data rcv RT:[ [32m'0.00'[39m, [32m'4.31'[39m, [32m'3.44'[39m, [32m'0.00'[39m ]
data rcv RT:[ [32m'0.00'[39m, [32m'4.30'[39m, [32m'3.41'[39m, [32m'0.00'[39m ]
data rcv RT:[ [32m'0.00'[39m, [32m'4.27'[39m, [32m'3.42'[39m, [32m'0.00'[39m ]
data rcv RT:[ [32m'0.00'[39m, [32m'4.28'[39m, [32m'3.39'[39m, [32m'0.00'[39m ]
data rcv RT:[ [32m'0.00'[39m, [32m'4.27'[39m, [32m'3.37'[39m, [32m'0.00'[39m ]
data rcv RT:[ [32m'0.00'[39m, [32m'4.30'[39m, [32m'3.39'[39m, [32m'0.00'[39m ]
data rcv RT:[ [32m'0.00'[39m, [32m'4.34'[39m, [32m'3.39'[39m, [32m'0.02'[39m ]
data rcv RT:[ [32m'0.00'[39m, [32m'4.37'[39m, [32m'3.43'[39m, [32m'0.00'[39m ]
data rcv RT:[ [32m'0.00'[39m, [32m'4.36'[39m, [32m'3.44'[39m, [32m'0.00'[39m ]
data rcv RT:[ [32m'0.00'[39m, [32m'4.32'[39m, [32m'3.45'[39m, [32m'0.00'[39m ]
data rcv RT:[ [32m'0.00'[39m, [32m'4.30'[39m, [32m'3.47'[39m, [32m'0.00'[39m ]
data rcv RT:[ [32m'0.00'[39m, [32m'4.29'[39m, [32m'3.43'[39m, [32m'0.00'[39m ]
data rcv RT:[ [32m'0.00'[39m, [32m'4.26'[39m, [32m'3.40'[39m, [32m'0.00'[39m ]
data rcv RT:[ [32m'0.00'[39m, [32m'4.26'[39m, [32m'3.42'[39m, [32m'0.00'[39m ]
data rcv RT:[ [32m'0.00'[39m, [32m'4.32'[39m, [32m'3.38'[39m, [32m'0.02'[39m ]
data rcv RT:[ [32m'0.00'[39m, [32m'4.34'[39m, [32m'3.34'[39m, [32m'0.07'[39m ]
data rcv RT:[ [32m'0.00'[39m, [32m'4.37'[39m, [32m'3.42'[39m, [32m'0.00'[39m ]
data rcv RT:[ [32m'0.00'[39m, [32m'4.37'[39m, [32m'3.43'[39m, [32m'0.00'[39m ]
data rcv RT:[ [32m'0.00'[39m, [32m'4.33'[39m, [32m'3.45'[39m, [32m'0.00'[39m ]
data rcv RT:[ [32m'0.00'[39m, [32m'4.31'[39m, [32m'3.43'[39m, [32m'0.00'[39m ]
data rcv RT:[ [32m'0.00'[39m, [32m'4.27'[39m, [32m'3.44'[39m, [32m'0.00'[39m ]
data rcv RT:[ [32m'0.00'[39m, [32m'4.25'[39m, [32m'3.43'[39m, [32m'0.00'[39m ]
data rcv RT:[ [32m'0.00'[39m, [32m'4.26'[39m, [32m'3.39'[39m, [32m'0.00'[39m ]
data rcv RT:[ [32m'0.00'[39m, [32m'4.30'[39m, [32m'3.38'[39m, [32m'0.02'[39m ]
data rcv RT:[ [32m'0.00'[39m, [32m'4.33'[39m, [32m'3.38'[39m, [32m'0.01'[39m ]
data rcv RT:[ [32m'0.00'[39m, [32m'4.33'[39m, [32m'3.38'[39m, [32m'0.04'[39m ]
data rcv RT:[ [32m'0.00'[39m, [32m'4.36'[39m, [32m'3.41'[39m, [32m'0.00'[39m ]
data rcv RT:[ [32m'0.00'[39m, [32m'4.34'[39m, [32m'3.41'[39m, [32m'0.00'[39m ]
data rcv RT:[ [32m'0.00'[39m, [32m'4.30'[39m, [32m'3.44'[39m, [32m'0.00'[39m ]
data rcv RT:[ [32m'0.00'[39m, [32m'4.29'[39m, [32m'3.45'[39m, [32m'0.00'[39m ]
data rcv RT:[ [32m'0.00'[39m, [32m'4.26'[39m, [32m'3.40'[39m, [32m'0.00'[39m ]
data rcv RT:[ [32m'0.00'[39m, [32m'4.26'[39m, [32m'3.35'[39m, [32m'0.00'[39m ]
data rcv RT:[ [32m'0.00'[39m, [32m'4.30'[39m, [32m'3.38'[39m, [32m'0.00'[39m ]
data rcv RT:[ [32m'0.00'[39m, [32m'4.34'[39m, [32m'3.38'[39m, [32m'0.04'[39m ]
data rcv RT:[ [32m'0.00'[39m, [32m'4.36'[39m, [32m'3.42'[39m, [32m'0.00'[39m ]
data rcv RT:[ [32m'0.00'[39m, [32m'4.36'[39m, [32m'3.43'[39m, [32m'0.00'[39m ]
data rcv RT:[ [32m'0.00'[39m, [32m'4.32'[39m, [32m'3.43'[39m, [32m'0.00'[39m ]
data rcv RT:[ [32m'0.00'[39m, [32m'4.27'[39m, [32m'3.46'[39m, [32m'0.00'[39m ]
data rcv RT:[ [32m'0.00'[39m, [32m'4.26'[39m, [32m'3.39'[39m, [32m'0.00'[39m ]
data rcv RT:[ [32m'0.00'[39m, [32m'4.27'[39m, [32m'3.40'[39m, [32m'0.00'[39m ]
data rcv RT:[ [32m'0.00'[39m, [32m'4.30'[39m, [32m'3.38'[39m, [32m'0.00'[39m ]
data rcv RT:[ [32m'0.00'[39m, [32m'4.32'[39m, [32m'3.39'[39m, [32m'0.01'[39m ]
data rcv RT:[ [32m'0.00'[39m, [32m'4.36'[39m, [32m'3.41'[39m, [32m'0.02'[39m ]
data rcv RT:[ [32m'0.00'[39m, [32m'4.38'[39m, [32m'3.39'[39m, [32m'0.05'[39m ]
data rcv RT:[ [32m'0.00'[39m, [32m'4.35'[39m, [32m'3.42'[39m, [32m'0.00'[39m ]
data rcv RT:[ [32m'0.00'[39m, [32m'4.33'[39m, [32m'3.44'[39m, [32m'0.00'[39m ]
data rcv RT:[ [32m'0.00'[39m, [32m'4.30'[39m, [32m'3.42'[39m, [32m'0.00'[39m ]
data rcv RT:[ [32m'0.00'[39m, [32m'4.30'[39m, [32m'3.41'[39m, [32m'0.00'[39m ]
data rcv RT:[ [32m'0.00'[39m, [32m'4.26'[39m, [32m'3.38'[39m, [32m'0.00'[39m ]
data rcv RT:[ [32m'0.00'[39m, [32m'4.29'[39m, [32m'3.37'[39m, [32m'0.00'[39m ]
data rcv RT:[ [32m'0.00'[39m, [32m'4.26'[39m, [32m'3.41'[39m, [32m'0.00'[39m ]
data rcv RT:[ [32m'0.00'[39m, [32m'4.33'[39m, [32m'3.38'[39m, [32m'0.01'[39m ]
data rcv RT:[ [32m'0.00'[39m, [32m'4.34'[39m, [32m'3.39'[39m, [32m'0.04'[39m ]
data rcv RT:[ [32m'0.00'[39m, [32m'4.35'[39m, [32m'3.36'[39m, [32m'0.03'[39m ]
data rcv RT:[ [32m'0.00'[39m, [32m'4.37'[39m, [32m'3.38'[39m, [32m'0.02'[39m ]
data rcv RT:[ [32m'0.00'[39m, [32m'4.35'[39m, [32m'3.44'[39m, [32m'0.00'[39m ]
data rcv RT:[ [32m'0.00'[39m, [32m'4.32'[39m, [32m'3.43'[39m, [32m'0.00'[39m ]
data rcv RT:[ [32m'0.00'[39m, [32m'4.28'[39m, [32m'3.42'[39m, [32m'0.00'[39m ]
data rcv RT:[ [32m'0.00'[39m, [32m'4.25'[39m, [32m'3.41'[39m, [32m'0.00'[39m ]
data rcv RT:[ [32m'0.00'[39m, [32m'4.26'[39m, [32m'3.38'[39m, [32m'0.00'[39m ]
data rcv RT:[ [32m'0.00'[39m, [32m'4.27'[39m, [32m'3.39'[39m, [32m'0.00'[39m ]
data rcv RT:[ [32m'0.00'[39m, [32m'4.27'[39m, [32m'3.38'[39m, [32m'0.00'[39m ]
data rcv RT:[ [32m'0.00'[39m, [32m'4.33'[39m, [32m'3.36'[39m, [32m'0.02'[39m ]
data rcv RT:[ [32m'0.00'[39m, [32m'4.35'[39m, [32m'3.35'[39m, [32m'0.08'[39m ]
data rcv RT:[ [32m'0.00'[39m, [32m'4.38'[39m, [32m'3.41'[39m, [32m'0.01'[39m ]
data rcv RT:[ [32m'0.00'[39m, [32m'4.37'[39m, [32m'3.42'[39m, [32m'0.00'[39m ]
data rcv RT:[ [32m'0.00'[39m, [32m'4.29'[39m, [32m'3.44'[39m, [32m'0.00'[39m ]
data rcv RT:[ [32m'0.00'[39m, [32m'4.29'[39m, [32m'3.47'[39m, [32m'0.00'[39m ]
data rcv RT:[ [32m'0.00'[39m, [32m'4.27'[39m, [32m'3.44'[39m, [32m'0.00'[39m ]
data rcv RT:[ [32m'0.00'[39m, [32m'4.27'[39m, [32m'3.42'[39m, [32m'0.00'[39m ]
data rcv RT:[ [32m'0.00'[39m, [32m'4.27'[39m, [32m'3.39'[39m, [32m'0.00'[39m ]
data rcv RT:[ [32m'0.00'[39m, [32m'4.31'[39m, [32m'3.39'[39m, [32m'0.01'[39m ]
data rcv RT:[ [32m'0.00'[39m, [32m'4.31'[39m, [32m'3.37'[39m, [32m'0.00'[39m ]
data rcv RT:[ [32m'0.00'[39m, [32m'4.34'[39m, [32m'3.38'[39m, [32m'0.03'[39m ]
data rcv RT:[ [32m'0.00'[39m, [32m'4.37'[39m, [32m'3.39'[39m, [32m'0.01'[39m ]
data rcv RT:[ [32m'0.00'[39m, [32m'4.32'[39m, [32m'3.42'[39m, [32m'0.00'[39m ]
data rcv RT:[ [32m'0.00'[39m, [32m'4.33'[39m, [32m'3.42'[39m, [32m'0.00'[39m ]
data rcv RT:[ [32m'0.00'[39m, [32m'4.27'[39m, [32m'3.47'[39m, [32m'0.00'[39m ]
data rcv RT:[ [32m'0.00'[39m, [32m'4.25'[39m, [32m'3.40'[39m, [32m'0.00'[39m ]
data rcv RT:[ [32m'0.00'[39m, [32m'4.27'[39m, [32m'3.42'[39m, [32m'0.00'[39m ]
data rcv RT:[ [32m'0.00'[39m, [32m'4.28'[39m, [32m'3.40'[39m, [32m'0.00'[39m ]
data rcv RT:[ [32m'0.00'[39m, [32m'4.31'[39m, [32m'3.38'[39m, [32m'0.00'[39m ]
data rcv RT:[ [32m'0.00'[39m, [32m'4.32'[39m, [32m'3.37'[39m, [32m'0.01'[39m ]
data rcv RT:[ [32m'0.00'[39m, [32m'4.35'[39m, [32m'3.38'[39m, [32m'0.02'[39m ]
data rcv RT:[ [32m'0.00'[39m, [32m'4.37'[39m, [32m'3.40'[39m, [32m'0.00'[39m ]
data rcv RT:[ [32m'0.00'[39m, [32m'4.36'[39m, [32m'3.42'[39m, [32m'0.00'[39m ]
data rcv RT:[ [32m'0.00'[39m, [32m'4.30'[39m, [32m'3.44'[39m, [32m'0.00'[39m ]
data rcv RT:[ [32m'0.00'[39m, [32m'4.31'[39m, [32m'3.45'[39m, [32m'0.00'[39m ]
data rcv RT:[ [32m'0.00'[39m, [32m'4.27'[39m, [32m'3.41'[39m, [32m'0.00'[39m ]
data rcv RT:[ [32m'0.00'[39m, [32m'4.25'[39m, [32m'3.39'[39m, [32m'0.00'[39m ]
data rcv RT:[ [32m'0.00'[39m, [32m'4.28'[39m, [32m'3.39'[39m, [32m'0.00'[39m ]
data rcv RT:[ [32m'0.00'[39m, [32m'4.30'[39m, [32m'3.37'[39m, [32m'0.01'[39m ]
data rcv RT:[ [32m'0.00'[39m, [32m'4.32'[39m, [32m'3.39'[39m, [32m'0.00'[39m ]
data rcv RT:[ [32m'0.00'[39m, [32m'4.36'[39m, [32m'3.34'[39m, [32m'0.07'[39m ]
data rcv RT:[ [32m'0.00'[39m, [32m'4.36'[39m, [32m'3.39'[39m, [32m'0.00'[39m ]
data rcv RT:[ [32m'0.00'[39m, [32m'4.35'[39m, [32m'3.41'[39m, [32m'0.00'[39m ]
data rcv RT:[ [32m'0.00'[39m, [32m'4.32'[39m, [32m'3.44'[39m, [32m'0.00'[39m ]
data rcv RT:[ [32m'0.00'[39m, [32m'4.32'[39m, [32m'3.44'[39m, [32m'0.00'[39m ]
data rcv RT:[ [32m'0.00'[39m, [32m'4.32'[39m, [32m'3.42'[39m, [32m'0.00'[39m ]
data rcv RT:[ [32m'0.00'[39m, [32m'4.31'[39m, [32m'3.42'[39m, [32m'0.00'[39m ]
data rcv RT:[ [32m'0.00'[39m, [32m'4.29'[39m, [32m'3.42'[39m, [32m'0.00'[39m ]
data rcv RT:[ [32m'0.00'[39m, [32m'4.27'[39m, [32m'3.43'[39m, [32m'0.00'[39m ]
data rcv RT:[ [32m'0.00'[39m, [32m'4.28'[39m, [32m'3.39'[39m, [32m'0.00'[39m ]
data rcv RT:[ [32m'0.00'[39m, [32m'4.30'[39m, [32m'3.39'[39m, [32m'0.00'[39m ]
data rcv RT:[ [32m'0.00'[39m, [32m'4.32'[39m, [32m'3.38'[39m, [32m'0.00'[39m ]
data rcv RT:[ [32m'0.00'[39m, [32m'4.37'[39m, [32m'3.38'[39m, [32m'0.01'[39m ]
data rcv RT:[ [32m'0.00'[39m, [32m'4.38'[39m, [32m'3.40'[39m, [32m'0.00'[39m ]
data rcv RT:[ [32m'0.00'[39m, [32m'4.34'[39m, [32m'3.44'[39m, [32m'0.00'[39m ]
data rcv RT:[ [32m'0.00'[39m, [32m'4.32'[39m, [32m'3.41'[39m, [32m'0.00'[39m ]
data rcv RT:[ [32m'0.00'[39m, [32m'4.31'[39m, [32m'3.42'[39m, [32m'0.00'[39m ]
data rcv RT:[ [32m'0.00'[39m, [32m'4.28'[39m, [32m'3.42'[39m, [32m'0.00'[39m ]
data rcv RT:[ [32m'0.00'[39m, [32m'4.28'[39m, [32m'3.42'[39m, [32m'0.00'[39m ]
data rcv RT:[ [32m'0.00'[39m, [32m'4.28'[39m, [32m'3.40'[39m, [32m'0.00'[39m ]
data rcv RT:[ [32m'0.00'[39m, [32m'4.27'[39m, [32m'3.38'[39m, [32m'0.00'[39m ]
data rcv RT:[ [32m'0.00'[39m, [32m'4.31'[39m, [32m'3.37'[39m, [32m'0.01'[39m ]
data rcv RT:[ [32m'0.00'[39m, [32m'4.38'[39m, [32m'3.39'[39m, [32m'0.04'[39m ]
data rcv RT:[ [32m'0.00'[39m, [32m'4.37'[39m, [32m'3.39'[39m, [32m'0.04'[39m ]
data rcv RT:[ [32m'0.00'[39m, [32m'4.34'[39m, [32m'3.42'[39m, [32m'0.00'[39m ]
data rcv RT:[ [32m'0.00'[39m, [32m'4.33'[39m, [32m'3.44'[39m, [32m'0.00'[39m ]
data rcv RT:[ [32m'0.00'[39m, [32m'4.30'[39m, [32m'3.44'[39m, [32m'0.00'[39m ]
data rcv RT:[ [32m'0.00'[39m, [32m'4.30'[39m, [32m'3.43'[39m, [32m'0.00'[39m ]
data rcv RT:[ [32m'0.00'[39m, [32m'4.26'[39m, [32m'3.39'[39m, [32m'0.00'[39m ]
data rcv RT:[ [32m'0.00'[39m, [32m'4.27'[39m, [32m'3.40'[39m, [32m'0.00'[39m ]
data rcv RT:[ [32m'0.00'[39m, [32m'4.28'[39m, [32m'3.39'[39m, [32m'0.01'[39m ]
data rcv RT:[ [32m'0.00'[39m, [32m'4.30'[39m, [32m'3.38'[39m, [32m'0.00'[39m ]
data rcv RT:[ [32m'0.00'[39m, [32m'4.33'[39m, [32m'3.38'[39m, [32m'0.00'[39m ]
data rcv RT:[ [32m'0.00'[39m, [32m'4.34'[39m, [32m'3.37'[39m, [32m'0.02'[39m ]
data rcv RT:[ [32m'0.00'[39m, [32m'4.34'[39m, [32m'3.36'[39m, [32m'0.04'[39m ]
data rcv RT:[ [32m'0.00'[39m, [32m'4.34'[39m, [32m'3.43'[39m, [32m'0.00'[39m ]
data rcv RT:[ [32m'0.00'[39m, [32m'4.34'[39m, [32m'3.43'[39m, [32m'0.00'[39m ]
data rcv RT:[ [32m'0.00'[39m, [32m'4.32'[39m, [32m'3.43'[39m, [32m'0.00'[39m ]
data rcv RT:[ [32m'0.00'[39m, [32m'4.29'[39m, [32m'3.43'[39m, [32m'0.00'[39m ]
data rcv RT:[ [32m'0.00'[39m, [32m'4.31'[39m, [32m'3.42'[39m, [32m'0.00'[39m ]
data rcv RT:[ [32m'0.00'[39m, [32m'4.27'[39m, [32m'3.37'[39m, [32m'0.00'[39m ]
data rcv RT:[ [32m'0.00'[39m, [32m'4.25'[39m, [32m'3.39'[39m, [32m'0.00'[39m ]
data rcv RT:[ [32m'0.00'[39m, [32m'4.31'[39m, [32m'3.38'[39m, [32m'0.00'[39m ]
data rcv RT:[ [32m'0.00'[39m, [32m'4.33'[39m, [32m'3.39'[39m, [32m'0.01'[39m ]
data rcv RT:[ [32m'0.00'[39m, [32m'4.32'[39m, [32m'3.37'[39m, [32m'0.02'[39m ]
data rcv RT:[ [32m'0.00'[39m, [32m'4.33'[39m, [32m'3.37'[39m, [32m'0.02'[39m ]
data rcv RT:[ [32m'0.00'[39m, [32m'4.39'[39m, [32m'3.40'[39m, [32m'0.01'[39m ]
data rcv RT:[ [32m'0.00'[39m, [32m'4.34'[39m, [32m'3.42'[39m, [32m'0.00'[39m ]
data rcv RT:[ [32m'0.00'[39m, [32m'4.30'[39m, [32m'3.44'[39m, [32m'0.00'[39m ]
data rcv RT:[ [32m'0.00'[39m, [32m'4.31'[39m, [32m'3.45'[39m, [32m'0.00'[39m ]
data rcv RT:[ [32m'0.00'[39m, [32m'4.27'[39m, [32m'3.45'[39m, [32m'0.00'[39m ]
data rcv RT:[ [32m'0.00'[39m, [32m'4.26'[39m, [32m'3.40'[39m, [32m'0.00'[39m ]
data rcv RT:[ [32m'0.00'[39m, [32m'4.29'[39m, [32m'3.38'[39m, [32m'0.00'[39m ]
data rcv RT:[ [32m'0.00'[39m, [32m'4.29'[39m, [32m'3.39'[39m, [32m'0.00'[39m ]
data rcv RT:[ [32m'0.00'[39m, [32m'4.29'[39m, [32m'3.39'[39m, [32m'0.00'[39m ]
data rcv RT:[ [32m'0.00'[39m, [32m'4.33'[39m, [32m'3.36'[39m, [32m'0.05'[39m ]
data rcv RT:[ [32m'0.00'[39m, [32m'4.35'[39m, [32m'3.35'[39m, [32m'0.02'[39m ]
data rcv RT:[ [32m'0.00'[39m, [32m'4.34'[39m, [32m'3.38'[39m, [32m'0.02'[39m ]
data rcv RT:[ [32m'0.00'[39m, [32m'4.37'[39m, [32m'3.39'[39m, [32m'0.01'[39m ]
data rcv RT:[ [32m'0.00'[39m, [32m'4.36'[39m, [32m'3.42'[39m, [32m'0.00'[39m ]
data rcv RT:[ [32m'0.00'[39m, [32m'4.32'[39m, [32m'3.45'[39m, [32m'0.00'[39m ]
data rcv RT:[ [32m'0.00'[39m, [32m'4.28'[39m, [32m'3.41'[39m, [32m'0.00'[39m ]
data rcv RT:[ [32m'0.00'[39m, [32m'4.28'[39m, [32m'3.40'[39m, [32m'0.00'[39m ]
data rcv RT:[ [32m'0.00'[39m, [32m'4.27'[39m, [32m'3.39'[39m, [32m'0.00'[39m ]
data rcv RT:[ [32m'0.00'[39m, [32m'4.28'[39m, [32m'3.42'[39m, [32m'0.00'[39m ]
data rcv RT:[ [32m'0.00'[39m, [32m'4.30'[39m, [32m'3.36'[39m, [32m'0.00'[39m ]
data rcv RT:[ [32m'0.00'[39m, [32m'4.33'[39m, [32m'3.35'[39m, [32m'0.07'[39m ]
data rcv RT:[ [32m'0.00'[39m, [32m'4.37'[39m, [32m'3.42'[39m, [32m'0.00'[39m ]
data rcv RT:[ [32m'0.00'[39m, [32m'4.34'[39m, [32m'3.45'[39m, [32m'0.00'[39m ]
data rcv RT:[ [32m'0.00'[39m, [32m'4.34'[39m, [32m'3.43'[39m, [32m'0.00'[39m ]
data rcv RT:[ [32m'0.00'[39m, [32m'4.33'[39m, [32m'3.42'[39m, [32m'0.00'[39m ]
data rcv RT:[ [32m'0.00'[39m, [32m'4.30'[39m, [32m'3.43'[39m, [32m'0.00'[39m ]
data rcv RT:[ [32m'0.00'[39m, [32m'4.26'[39m, [32m'3.40'[39m, [32m'0.00'[39m ]
data rcv RT:[ [32m'0.00'[39m, [32m'4.28'[39m, [32m'3.37'[39m, [32m'0.00'[39m ]
data rcv RT:[ [32m'0.00'[39m, [32m'4.31'[39m, [32m'3.39'[39m, [32m'0.00'[39m ]
data rcv RT:[ [32m'0.00'[39m, [32m'4.35'[39m, [32m'3.39'[39m, [32m'0.00'[39m ]
data rcv RT:[ [32m'0.00'[39m, [32m'4.32'[39m, [32m'3.39'[39m, [32m'0.01'[39m ]
data rcv RT:[ [32m'0.00'[39m, [32m'4.34'[39m, [32m'3.40'[39m, [32m'0.04'[39m ]
data rcv RT:[ [32m'0.00'[39m, [32m'4.36'[39m, [32m'3.38'[39m, [32m'0.01'[39m ]
data rcv RT:[ [32m'0.00'[39m, [32m'4.34'[39m, [32m'3.44'[39m, [32m'0.00'[39m ]
data rcv RT:[ [32m'0.00'[39m, [32m'4.33'[39m, [32m'3.43'[39m, [32m'0.00'[39m ]
data rcv RT:[ [32m'0.00'[39m, [32m'4.30'[39m, [32m'3.44'[39m, [32m'0.00'[39m ]
data rcv RT:[ [32m'0.00'[39m, [32m'4.29'[39m, [32m'3.42'[39m, [32m'0.00'[39m ]
data rcv RT:[ [32m'0.00'[39m, [32m'4.30'[39m, [32m'3.41'[39m, [32m'0.00'[39m ]
data rcv RT:[ [32m'0.00'[39m, [32m'4.28'[39m, [32m'3.38'[39m, [32m'0.00'[39m ]
data rcv RT:[ [32m'0.00'[39m, [32m'4.30'[39m, [32m'3.38'[39m, [32m'0.00'[39m ]
data rcv RT:[ [32m'0.00'[39m, [32m'4.32'[39m, [32m'3.40'[39m, [32m'0.01'[39m ]
data rcv RT:[ [32m'0.00'[39m, [32m'4.36'[39m, [32m'3.37'[39m, [32m'0.04'[39m ]
data rcv RT:[ [32m'0.00'[39m, [32m'4.37'[39m, [32m'3.40'[39m, [32m'0.01'[39m ]
data rcv RT:[ [32m'0.00'[39m, [32m'4.34'[39m, [32m'3.41'[39m, [32m'0.00'[39m ]
data rcv RT:[ [32m'0.00'[39m, [32m'4.32'[39m, [32m'3.42'[39m, [32m'0.00'[39m ]
data rcv RT:[ [32m'0.00'[39m, [32m'4.27'[39m, [32m'3.44'[39m, [32m'0.00'[39m ]
data rcv RT:[ [32m'0.00'[39m, [32m'4.25'[39m, [32m'3.42'[39m, [32m'0.00'[39m ]
data rcv RT:[ [32m'0.00'[39m, [32m'4.28'[39m, [32m'3.40'[39m, [32m'0.00'[39m ]
data rcv RT:[ [32m'0.00'[39m, [32m'4.28'[39m, [32m'3.35'[39m, [32m'0.00'[39m ]
data rcv RT:[ [32m'0.00'[39m, [32m'4.30'[39m, [32m'3.36'[39m, [32m'0.00'[39m ]
data rcv RT:[ [32m'0.00'[39m, [32m'4.33'[39m, [32m'3.40'[39m, [32m'0.01'[39m ]
data rcv RT:[ [32m'0.00'[39m, [32m'4.36'[39m, [32m'3.38'[39m, [32m'0.00'[39m ]
data rcv RT:[ [32m'0.00'[39m, [32m'4.40'[39m, [32m'3.39'[39m, [32m'0.05'[39m ]
data rcv RT:[ [32m'0.00'[39m, [32m'4.38'[39m, [32m'3.39'[39m, [32m'0.02'[39m ]
data rcv RT:[ [32m'0.00'[39m, [32m'4.36'[39m, [32m'3.43'[39m, [32m'0.01'[39m ]
data rcv RT:[ [32m'0.00'[39m, [32m'4.30'[39m, [32m'3.42'[39m, [32m'0.00'[39m ]
data rcv RT:[ [32m'0.00'[39m, [32m'4.32'[39m, [32m'3.42'[39m, [32m'0.00'[39m ]
data rcv RT:[ [32m'0.00'[39m, [32m'4.30'[39m, [32m'3.43'[39m, [32m'0.00'[39m ]
data rcv RT:[ [32m'0.00'[39m, [32m'4.27'[39m, [32m'3.44'[39m, [32m'0.00'[39m ]
data rcv RT:[ [32m'0.00'[39m, [32m'4.26'[39m, [32m'3.42'[39m, [32m'0.00'[39m ]
data rcv RT:[ [32m'0.00'[39m, [32m'4.28'[39m, [32m'3.41'[39m, [32m'0.00'[39m ]
data rcv RT:[ [32m'0.00'[39m, [32m'4.32'[39m, [32m'3.39'[39m, [32m'0.00'[39m ]
data rcv RT:[ [32m'0.00'[39m, [32m'4.28'[39m, [32m'3.39'[39m, [32m'0.00'[39m ]
data rcv RT:[ [32m'0.00'[39m, [32m'4.34'[39m, [32m'3.37'[39m, [32m'0.04'[39m ]
data rcv RT:[ [32m'0.00'[39m, [32m'4.36'[39m, [32m'3.40'[39m, [32m'0.01'[39m ]
data rcv RT:[ [32m'0.00'[39m, [32m'4.37'[39m, [32m'3.39'[39m, [32m'0.03'[39m ]
data rcv RT:[ [32m'0.00'[39m, [32m'4.41'[39m, [32m'3.41'[39m, [32m'0.01'[39m ]
data rcv RT:[ [32m'0.00'[39m, [32m'4.35'[39m, [32m'3.41'[39m, [32m'0.00'[39m ]
data rcv RT:[ [32m'0.00'[39m, [32m'4.34'[39m, [32m'3.43'[39m, [32m'0.00'[39m ]
data rcv RT:[ [32m'0.00'[39m, [32m'4.30'[39m, [32m'3.43'[39m, [32m'0.00'[39m ]
data rcv RT:[ [32m'0.00'[39m, [32m'4.29'[39m, [32m'3.47'[39m, [32m'0.00'[39m ]
data rcv RT:[ [32m'0.00'[39m, [32m'4.28'[39m, [32m'3.44'[39m, [32m'0.00'[39m ]
data rcv RT:[ [32m'0.00'[39m, [32m'4.27'[39m, [32m'3.42'[39m, [32m'0.00'[39m ]
data rcv RT:[ [32m'0.00'[39m, [32m'4.28'[39m, [32m'3.38'[39m, [32m'0.00'[39m ]
data rcv RT:[ [32m'0.00'[39m, [32m'4.36'[39m, [32m'3.39'[39m, [32m'0.03'[39m ]
data rcv RT:[ [32m'0.00'[39m, [32m'4.36'[39m, [32m'3.38'[39m, [32m'0.00'[39m ]
data rcv RT:[ [32m'0.00'[39m, [32m'4.38'[39m, [32m'3.42'[39m, [32m'0.01'[39m ]
data rcv RT:[ [32m'0.00'[39m, [32m'4.34'[39m, [32m'3.43'[39m, [32m'0.00'[39m ]
data rcv RT:[ [32m'0.00'[39m, [32m'4.34'[39m, [32m'3.43'[39m, [32m'0.00'[39m ]
data rcv RT:[ [32m'0.00'[39m, [32m'4.32'[39m, [32m'3.44'[39m, [32m'0.00'[39m ]
data rcv RT:[ [32m'0.00'[39m, [32m'4.32'[39m, [32m'3.44'[39m, [32m'0.00'[39m ]
data rcv RT:[ [32m'0.00'[39m, [32m'4.28'[39m, [32m'3.46'[39m, [32m'0.00'[39m ]
data rcv RT:[ [32m'0.00'[39m, [32m'4.25'[39m, [32m'3.40'[39m, [32m'0.00'[39m ]
data rcv RT:[ [32m'0.00'[39m, [32m'4.23'[39m, [32m'3.40'[39m, [32m'0.00'[39m ]
data rcv RT:[ [32m'0.00'[39m, [32m'4.28'[39m, [32m'3.41'[39m, [32m'0.00'[39m ]
data rcv RT:[ [32m'0.00'[39m, [32m'4.28'[39m, [32m'3.39'[39m, [32m'0.00'[39m ]
data rcv RT:[ [32m'0.00'[39m, [32m'4.32'[39m, [32m'3.37'[39m, [32m'0.00'[39m ]
data rcv RT:[ [32m'0.00'[39m, [32m'4.33'[39m, [32m'3.38'[39m, [32m'0.00'[39m ]
data rcv RT:[ [32m'0.00'[39m, [32m'4.34'[39m, [32m'3.36'[39m, [32m'0.02'[39m ]
data rcv RT:[ [32m'0.00'[39m, [32m'4.36'[39m, [32m'3.40'[39m, [32m'0.03'[39m ]
data rcv RT:[ [32m'0.00'[39m, [32m'4.35'[39m, [32m'3.38'[39m, [32m'0.02'[39m ]
data rcv RT:[ [32m'0.00'[39m, [32m'4.34'[39m, [32m'3.40'[39m, [32m'0.00'[39m ]
data rcv RT:[ [32m'0.00'[39m, [32m'4.35'[39m, [32m'3.42'[39m, [32m'0.00'[39m ]
data rcv RT:[ [32m'0.00'[39m, [32m'4.32'[39m, [32m'3.43'[39m, [32m'0.00'[39m ]
data rcv RT:[ [32m'0.00'[39m, [32m'4.30'[39m, [32m'3.45'[39m, [32m'0.00'[39m ]
data rcv RT:[ [32m'0.00'[39m, [32m'4.26'[39m, [32m'3.39'[39m, [32m'0.00'[39m ]
data rcv RT:[ [32m'0.00'[39m, [32m'4.28'[39m, [32m'3.38'[39m, [32m'0.00'[39m ]
data rcv RT:[ [32m'0.00'[39m, [32m'4.32'[39m, [32m'3.37'[39m, [32m'0.00'[39m ]
data rcv RT:[ [32m'0.00'[39m, [32m'4.33'[39m, [32m'3.38'[39m, [32m'0.00'[39m ]
data rcv RT:[ [32m'0.00'[39m, [32m'4.36'[39m, [32m'3.35'[39m, [32m'0.06'[39m ]
data rcv RT:[ [32m'0.00'[39m, [32m'4.35'[39m, [32m'3.39'[39m, [32m'0.01'[39m ]
data rcv RT:[ [32m'0.00'[39m, [32m'4.37'[39m, [32m'3.41'[39m, [32m'0.03'[39m ]
data rcv RT:[ [32m'0.00'[39m, [32m'4.39'[39m, [32m'3.44'[39m, [32m'0.00'[39m ]
data rcv RT:[ [32m'0.00'[39m, [32m'4.37'[39m, [32m'3.45'[39m, [32m'0.00'[39m ]
data rcv RT:[ [32m'0.00'[39m, [32m'4.35'[39m, [32m'3.39'[39m, [32m'0.02'[39m ]
data rcv RT:[ [32m'0.00'[39m, [32m'4.32'[39m, [32m'3.44'[39m, [32m'0.00'[39m ]
data rcv RT:[ [32m'0.00'[39m, [32m'4.31'[39m, [32m'3.45'[39m, [32m'0.00'[39m ]
data rcv RT:[ [32m'0.00'[39m, [32m'4.31'[39m, [32m'3.43'[39m, [32m'0.00'[39m ]
data rcv RT:[ [32m'0.00'[39m, [32m'4.28'[39m, [32m'3.44'[39m, [32m'0.00'[39m ]
data rcv RT:[ [32m'0.00'[39m, [32m'4.28'[39m, [32m'3.43'[39m, [32m'0.00'[39m ]
data rcv RT:[ [32m'0.00'[39m, [32m'4.29'[39m, [32m'3.38'[39m, [32m'0.00'[39m ]
data rcv RT:[ [32m'0.00'[39m, [32m'4.27'[39m, [32m'3.39'[39m, [32m'0.00'[39m ]
data rcv RT:[ [32m'0.00'[39m, [32m'4.30'[39m, [32m'3.38'[39m, [32m'0.02'[39m ]
data rcv RT:[ [32m'0.00'[39m, [32m'4.30'[39m, [32m'3.40'[39m, [32m'0.00'[39m ]
data rcv RT:[ [32m'0.00'[39m, [32m'4.32'[39m, [32m'3.38'[39m, [32m'0.01'[39m ]
data rcv RT:[ [32m'0.00'[39m, [32m'4.34'[39m, [32m'3.38'[39m, [32m'0.01'[39m ]
data rcv RT:[ [32m'0.00'[39m, [32m'4.33'[39m, [32m'3.40'[39m, [32m'0.02'[39m ]
data rcv RT:[ [32m'0.00'[39m, [32m'4.37'[39m, [32m'3.39'[39m, [32m'0.02'[39m ]
data rcv RT:[ [32m'0.00'[39m, [32m'4.36'[39m, [32m'3.39'[39m, [32m'0.02'[39m ]
data rcv RT:[ [32m'0.00'[39m, [32m'4.37'[39m, [32m'3.38'[39m, [32m'0.00'[39m ]
data rcv RT:[ [32m'0.00'[39m, [32m'4.38'[39m, [32m'3.44'[39m, [32m'0.00'[39m ]
data rcv RT:[ [32m'0.00'[39m, [32m'4.31'[39m, [32m'3.42'[39m, [32m'0.00'[39m ]
data rcv RT:[ [32m'0.00'[39m, [32m'4.31'[39m, [32m'3.41'[39m, [32m'0.00'[39m ]
data rcv RT:[ [32m'0.00'[39m, [32m'4.32'[39m, [32m'3.42'[39m, [32m'0.00'[39m ]
data rcv RT:[ [32m'0.00'[39m, [32m'4.30'[39m, [32m'3.44'[39m, [32m'0.00'[39m ]
data rcv RT:[ [32m'0.00'[39m, [32m'4.26'[39m, [32m'3.40'[39m, [32m'0.00'[39m ]
data rcv RT:[ [32m'0.00'[39m, [32m'4.30'[39m, [32m'3.40'[39m, [32m'0.00'[39m ]
data rcv RT:[ [32m'0.00'[39m, [32m'4.28'[39m, [32m'3.39'[39m, [32m'0.00'[39m ]
data rcv RT:[ [32m'0.00'[39m, [32m'4.28'[39m, [32m'3.39'[39m, [32m'0.00'[39m ]
data rcv RT:[ [32m'0.00'[39m, [32m'4.30'[39m, [32m'3.37'[39m, [32m'0.00'[39m ]
data rcv RT:[ [32m'0.00'[39m, [32m'4.34'[39m, [32m'3.39'[39m, [32m'0.01'[39m ]
data rcv RT:[ [32m'0.00'[39m, [32m'4.35'[39m, [32m'3.38'[39m, [32m'0.04'[39m ]
data rcv RT:[ [32m'0.00'[39m, [32m'4.32'[39m, [32m'3.36'[39m, [32m'0.03'[39m ]
data rcv RT:[ [32m'0.00'[39m, [32m'4.37'[39m, [32m'3.38'[39m, [32m'0.04'[39m ]
data rcv RT:[ [32m'0.00'[39m, [32m'4.35'[39m, [32m'3.43'[39m, [32m'0.00'[39m ]
data rcv RT:[ [32m'0.00'[39m, [32m'4.34'[39m, [32m'3.42'[39m, [32m'0.00'[39m ]
data rcv RT:[ [32m'0.00'[39m, [32m'4.33'[39m, [32m'3.43'[39m, [32m'0.00'[39m ]
data rcv RT:[ [32m'0.00'[39m, [32m'4.32'[39m, [32m'3.42'[39m, [32m'0.00'[39m ]
data rcv RT:[ [32m'0.00'[39m, [32m'4.27'[39m, [32m'3.40'[39m, [32m'0.00'[39m ]
data rcv RT:[ [32m'0.00'[39m, [32m'4.28'[39m, [32m'3.40'[39m, [32m'0.00'[39m ]
data rcv RT:[ [32m'0.00'[39m, [32m'4.27'[39m, [32m'3.39'[39m, [32m'0.00'[39m ]
data rcv RT:[ [32m'0.00'[39m, [32m'4.28'[39m, [32m'3.38'[39m, [32m'0.00'[39m ]
data rcv RT:[ [32m'0.00'[39m, [32m'4.32'[39m, [32m'3.37'[39m, [32m'0.01'[39m ]
data rcv RT:[ [32m'0.00'[39m, [32m'4.32'[39m, [32m'3.37'[39m, [32m'0.02'[39m ]
data rcv RT:[ [32m'0.00'[39m, [32m'4.34'[39m, [32m'3.38'[39m, [32m'0.02'[39m ]
data rcv RT:[ [32m'0.00'[39m, [32m'4.35'[39m, [32m'3.36'[39m, [32m'0.02'[39m ]
data rcv RT:[ [32m'0.00'[39m, [32m'4.36'[39m, [32m'3.37'[39m, [32m'0.07'[39m ]
data rcv RT:[ [32m'0.00'[39m, [32m'4.37'[39m, [32m'3.43'[39m, [32m'0.02'[39m ]
data rcv RT:[ [32m'0.00'[39m, [32m'4.38'[39m, [32m'3.42'[39m, [32m'0.00'[39m ]
data rcv RT:[ [32m'0.00'[39m, [32m'4.34'[39m, [32m'3.44'[39m, [32m'0.00'[39m ]
data rcv RT:[ [32m'0.00'[39m, [32m'4.35'[39m, [32m'3.41'[39m, [32m'0.00'[39m ]
data rcv RT:[ [32m'0.00'[39m, [32m'4.33'[39m, [32m'3.44'[39m, [32m'0.00'[39m ]
data rcv RT:[ [32m'0.00'[39m, [32m'4.33'[39m, [32m'3.42'[39m, [32m'0.00'[39m ]
data rcv RT:[ [32m'0.00'[39m, [32m'4.32'[39m, [32m'3.43'[39m, [32m'0.00'[39m ]
data rcv RT:[ [32m'0.00'[39m, [32m'4.29'[39m, [32m'3.41'[39m, [32m'0.00'[39m ]
data rcv RT:[ [32m'0.00'[39m, [32m'4.30'[39m, [32m'3.45'[39m, [32m'0.00'[39m ]
data rcv RT:[ [32m'0.00'[39m, [32m'4.28'[39m, [32m'3.42'[39m, [32m'0.00'[39m ]
data rcv RT:[ [32m'0.00'[39m, [32m'4.28'[39m, [32m'3.43'[39m, [32m'0.00'[39m ]
data rcv RT:[ [32m'0.00'[39m, [32m'4.28'[39m, [32m'3.41'[39m, [32m'0.00'[39m ]
data rcv RT:[ [32m'0.00'[39m, [32m'4.25'[39m, [32m'3.41'[39m, [32m'0.00'[39m ]
data rcv RT:[ [32m'0.00'[39m, [32m'4.29'[39m, [32m'3.40'[39m, [32m'0.00'[39m ]
data rcv RT:[ [32m'0.00'[39m, [32m'4.27'[39m, [32m'3.38'[39m, [32m'0.00'[39m ]
data rcv RT:[ [32m'0.00'[39m, [32m'4.28'[39m, [32m'3.43'[39m, [32m'0.00'[39m ]
data rcv RT:[ [32m'0.00'[39m, [32m'4.31'[39m, [32m'3.38'[39m, [32m'0.00'[39m ]
data rcv RT:[ [32m'0.00'[39m, [32m'4.30'[39m, [32m'3.38'[39m, [32m'0.00'[39m ]
data rcv RT:[ [32m'0.00'[39m, [32m'4.32'[39m, [32m'3.39'[39m, [32m'0.00'[39m ]
data rcv RT:[ [32m'0.00'[39m, [32m'4.35'[39m, [32m'3.36'[39m, [32m'0.03'[39m ]
data rcv RT:[ [32m'0.00'[39m, [32m'4.35'[39m, [32m'3.38'[39m, [32m'0.02'[39m ]
data rcv RT:[ [32m'0.00'[39m, [32m'4.36'[39m, [32m'3.37'[39m, [32m'0.03'[39m ]
data rcv RT:[ [32m'0.00'[39m, [32m'4.36'[39m, [32m'3.40'[39m, [32m'0.00'[39m ]
data rcv RT:[ [32m'0.00'[39m, [32m'4.35'[39m, [32m'3.43'[39m, [32m'0.00'[39m ]
data rcv RT:[ [32m'0.00'[39m, [32m'4.34'[39m, [32m'3.41'[39m, [32m'0.00'[39m ]
data rcv RT:[ [32m'0.00'[39m, [32m'4.33'[39m, [32m'3.43'[39m, [32m'0.00'[39m ]
data rcv RT:[ [32m'0.00'[39m, [32m'4.33'[39m, [32m'3.43'[39m, [32m'0.00'[39m ]
data rcv RT:[ [32m'0.00'[39m, [32m'4.31'[39m, [32m'3.43'[39m, [32m'0.00'[39m ]
data rcv RT:[ [32m'0.00'[39m, [32m'4.30'[39m, [32m'3.42'[39m, [32m'0.00'[39m ]
data rcv RT:[ [32m'0.00'[39m, [32m'4.30'[39m, [32m'3.45'[39m, [32m'0.00'[39m ]
data rcv RT:[ [32m'0.00'[39m, [32m'4.32'[39m, [32m'3.42'[39m, [32m'0.00'[39m ]
data rcv RT:[ [32m'0.00'[39m, [32m'4.29'[39m, [32m'3.43'[39m, [32m'0.00'[39m ]
data rcv RT:[ [32m'0.00'[39m, [32m'4.30'[39m, [32m'3.44'[39m, [32m'0.00'[39m ]
data rcv RT:[ [32m'0.00'[39m, [32m'4.29'[39m, [32m'3.46'[39m, [32m'0.00'[39m ]
data rcv RT:[ [32m'0.00'[39m, [32m'4.28'[39m, [32m'3.47'[39m, [32m'0.00'[39m ]
data rcv RT:[ [32m'0.00'[39m, [32m'4.28'[39m, [32m'3.46'[39m, [32m'0.00'[39m ]
data rcv RT:[ [32m'0.00'[39m, [32m'4.26'[39m, [32m'3.40'[39m, [32m'0.00'[39m ]
data rcv RT:[ [32m'0.00'[39m, [32m'4.25'[39m, [32m'3.39'[39m, [32m'0.00'[39m ]
data rcv RT:[ [32m'0.00'[39m, [32m'4.30'[39m, [32m'3.39'[39m, [32m'0.00'[39m ]
data rcv RT:[ [32m'0.00'[39m, [32m'4.26'[39m, [32m'3.39'[39m, [32m'0.00'[39m ]
data rcv RT:[ [32m'0.00'[39m, [32m'4.30'[39m, [32m'3.39'[39m, [32m'0.00'[39m ]
data rcv RT:[ [32m'0.00'[39m, [32m'4.31'[39m, [32m'3.38'[39m, [32m'0.00'[39m ]
data rcv RT:[ [32m'0.00'[39m, [32m'4.32'[39m, [32m'3.38'[39m, [32m'0.01'[39m ]
data rcv RT:[ [32m'0.00'[39m, [32m'4.36'[39m, [32m'3.36'[39m, [32m'0.05'[39m ]
data rcv RT:[ [32m'0.00'[39m, [32m'4.34'[39m, [32m'3.37'[39m, [32m'0.03'[39m ]
data rcv RT:[ [32m'0.00'[39m, [32m'4.33'[39m, [32m'3.40'[39m, [32m'0.02'[39m ]
data rcv RT:[ [32m'0.00'[39m, [32m'4.35'[39m, [32m'3.39'[39m, [32m'0.02'[39m ]
data rcv RT:[ [32m'0.00'[39m, [32m'4.38'[39m, [32m'3.38'[39m, [32m'0.03'[39m ]
data rcv RT:[ [32m'0.00'[39m, [32m'4.34'[39m, [32m'3.45'[39m, [32m'0.00'[39m ]
data rcv RT:[ [32m'0.00'[39m, [32m'4.32'[39m, [32m'3.42'[39m, [32m'0.00'[39m ]
data rcv RT:[ [32m'0.00'[39m, [32m'4.33'[39m, [32m'3.42'[39m, [32m'0.00'[39m ]
data rcv RT:[ [32m'0.00'[39m, [32m'4.32'[39m, [32m'3.42'[39m, [32m'0.00'[39m ]
data rcv RT:[ [32m'0.00'[39m, [32m'4.32'[39m, [32m'3.47'[39m, [32m'0.00'[39m ]
data rcv RT:[ [32m'0.00'[39m, [32m'4.27'[39m, [32m'3.40'[39m, [32m'0.00'[39m ]
data rcv RT:[ [32m'0.00'[39m, [32m'4.28'[39m, [32m'3.43'[39m, [32m'0.00'[39m ]
data rcv RT:[ [32m'0.00'[39m, [32m'4.27'[39m, [32m'3.39'[39m, [32m'0.00'[39m ]
data rcv RT:[ [32m'0.00'[39m, [32m'4.28'[39m, [32m'3.40'[39m, [32m'0.00'[39m ]
data rcv RT:[ [32m'0.00'[39m, [32m'4.28'[39m, [32m'3.38'[39m, [32m'0.00'[39m ]
data rcv RT:[ [32m'0.00'[39m, [32m'4.29'[39m, [32m'3.40'[39m, [32m'0.00'[39m ]
data rcv RT:[ [32m'0.00'[39m, [32m'4.30'[39m, [32m'3.38'[39m, [32m'0.00'[39m ]
data rcv RT:[ [32m'0.00'[39m, [32m'4.34'[39m, [32m'3.36'[39m, [32m'0.05'[39m ]
data rcv RT:[ [32m'0.00'[39m, [32m'4.32'[39m, [32m'3.39'[39m, [32m'0.01'[39m ]
data rcv RT:[ [32m'0.00'[39m, [32m'4.38'[39m, [32m'3.38'[39m, [32m'0.01'[39m ]
data rcv RT:[ [32m'0.00'[39m, [32m'4.36'[39m, [32m'3.38'[39m, [32m'0.03'[39m ]
data rcv RT:[ [32m'0.00'[39m, [32m'4.35'[39m, [32m'3.42'[39m, [32m'0.00'[39m ]
data rcv RT:[ [32m'0.00'[39m, [32m'4.36'[39m, [32m'3.43'[39m, [32m'0.00'[39m ]
data rcv RT:[ [32m'0.00'[39m, [32m'4.30'[39m, [32m'3.42'[39m, [32m'0.00'[39m ]
data rcv RT:[ [32m'0.00'[39m, [32m'4.29'[39m, [32m'3.47'[39m, [32m'0.00'[39m ]
data rcv RT:[ [32m'0.00'[39m, [32m'4.26'[39m, [32m'3.42'[39m, [32m'0.00'[39m ]
data rcv RT:[ [32m'0.00'[39m, [32m'4.26'[39m, [32m'3.36'[39m, [32m'0.00'[39m ]
data rcv RT:[ [32m'0.00'[39m, [32m'4.25'[39m, [32m'3.39'[39m, [32m'0.00'[39m ]
data rcv RT:[ [32m'0.00'[39m, [32m'4.28'[39m, [32m'3.36'[39m, [32m'0.00'[39m ]
data rcv RT:[ [32m'0.00'[39m, [32m'4.31'[39m, [32m'3.37'[39m, [32m'0.00'[39m ]
data rcv RT:[ [32m'0.00'[39m, [32m'4.32'[39m, [32m'3.40'[39m, [32m'0.00'[39m ]
data rcv RT:[ [32m'0.00'[39m, [32m'4.34'[39m, [32m'3.37'[39m, [32m'0.02'[39m ]
data rcv RT:[ [32m'0.00'[39m, [32m'4.37'[39m, [32m'3.40'[39m, [32m'0.03'[39m ]
data rcv RT:[ [32m'0.00'[39m, [32m'4.38'[39m, [32m'3.41'[39m, [32m'0.02'[39m ]
data rcv RT:[ [32m'0.00'[39m, [32m'4.35'[39m, [32m'3.41'[39m, [32m'0.01'[39m ]
data rcv RT:[ [32m'0.00'[39m, [32m'4.36'[39m, [32m'3.42'[39m, [32m'0.00'[39m ]
data rcv RT:[ [32m'0.00'[39m, [32m'4.32'[39m, [32m'3.44'[39m, [32m'0.00'[39m ]
data rcv RT:[ [32m'0.00'[39m, [32m'4.32'[39m, [32m'3.42'[39m, [32m'0.00'[39m ]
data rcv RT:[ [32m'0.00'[39m, [32m'4.33'[39m, [32m'3.43'[39m, [32m'0.00'[39m ]
data rcv RT:[ [32m'0.00'[39m, [32m'4.29'[39m, [32m'3.43'[39m, [32m'0.00'[39m ]
data rcv RT:[ [32m'0.00'[39m, [32m'4.30'[39m, [32m'3.47'[39m, [32m'0.00'[39m ]
data rcv RT:[ [32m'0.00'[39m, [32m'4.28'[39m, [32m'3.41'[39m, [32m'0.00'[39m ]
data rcv RT:[ [32m'0.00'[39m, [32m'4.25'[39m, [32m'3.40'[39m, [32m'0.00'[39m ]
data rcv RT:[ [32m'0.00'[39m, [32m'4.29'[39m, [32m'3.40'[39m, [32m'0.00'[39m ]
data rcv RT:[ [32m'0.00'[39m, [32m'4.32'[39m, [32m'3.37'[39m, [32m'0.02'[39m ]
data rcv RT:[ [32m'0.00'[39m, [32m'4.30'[39m, [32m'3.38'[39m, [32m'0.01'[39m ]
data rcv RT:[ [32m'0.00'[39m, [32m'4.32'[39m, [32m'3.38'[39m, [32m'0.01'[39m ]
data rcv RT:[ [32m'0.00'[39m, [32m'4.35'[39m, [32m'3.40'[39m, [32m'0.03'[39m ]
data rcv RT:[ [32m'0.00'[39m, [32m'4.33'[39m, [32m'3.35'[39m, [32m'0.04'[39m ]
data rcv RT:[ [32m'0.00'[39m, [32m'4.34'[39m, [32m'3.36'[39m, [32m'0.05'[39m ]
data rcv RT:[ [32m'0.00'[39m, [32m'4.30'[39m, [32m'3.35'[39m, [32m'0.02'[39m ]
data rcv RT:[ [32m'0.00'[39m, [32m'4.37'[39m, [32m'3.38'[39m, [32m'0.02'[39m ]
data rcv RT:[ [32m'0.00'[39m, [32m'4.37'[39m, [32m'3.37'[39m, [32m'0.04'[39m ]
data rcv RT:[ [32m'0.00'[39m, [32m'4.38'[39m, [32m'3.41'[39m, [32m'0.02'[39m ]
data rcv RT:[ [32m'0.00'[39m, [32m'4.38'[39m, [32m'3.43'[39m, [32m'0.00'[39m ]
data rcv RT:[ [32m'0.00'[39m, [32m'4.32'[39m, [32m'3.42'[39m, [32m'0.00'[39m ]
data rcv RT:[ [32m'0.00'[39m, [32m'4.31'[39m, [32m'3.43'[39m, [32m'0.00'[39m ]
data rcv RT:[ [32m'0.00'[39m, [32m'4.31'[39m, [32m'3.43'[39m, [32m'0.00'[39m ]
data rcv RT:[ [32m'0.00'[39m, [32m'4.29'[39m, [32m'3.44'[39m, [32m'0.00'[39m ]
data rcv RT:[ [32m'0.00'[39m, [32m'4.28'[39m, [32m'3.41'[39m, [32m'0.00'[39m ]
data rcv RT:[ [32m'0.00'[39m, [32m'4.26'[39m, [32m'3.39'[39m, [32m'0.00'[39m ]
data rcv RT:[ [32m'0.00'[39m, [32m'4.26'[39m, [32m'3.36'[39m, [32m'0.00'[39m ]
data rcv RT:[ [32m'0.00'[39m, [32m'4.27'[39m, [32m'3.37'[39m, [32m'0.00'[39m ]
data rcv RT:[ [32m'0.00'[39m, [32m'4.27'[39m, [32m'3.39'[39m, [32m'0.00'[39m ]
data rcv RT:[ [32m'0.00'[39m, [32m'4.30'[39m, [32m'3.38'[39m, [32m'0.02'[39m ]
data rcv RT:[ [32m'0.00'[39m, [32m'4.31'[39m, [32m'3.37'[39m, [32m'0.00'[39m ]
data rcv RT:[ [32m'0.00'[39m, [32m'4.35'[39m, [32m'3.37'[39m, [32m'0.04'[39m ]
data rcv RT:[ [32m'0.00'[39m, [32m'4.36'[39m, [32m'3.40'[39m, [32m'0.01'[39m ]
data rcv RT:[ [32m'0.00'[39m, [32m'4.36'[39m, [32m'3.41'[39m, [32m'0.00'[39m ]
data rcv RT:[ [32m'0.00'[39m, [32m'4.33'[39m, [32m'3.45'[39m, [32m'0.00'[39m ]
data rcv RT:[ [32m'0.00'[39m, [32m'4.34'[39m, [32m'3.44'[39m, [32m'0.00'[39m ]
data rcv RT:[ [32m'0.00'[39m, [32m'4.31'[39m, [32m'3.43'[39m, [32m'0.00'[39m ]
data rcv RT:[ [32m'0.00'[39m, [32m'4.33'[39m, [32m'3.44'[39m, [32m'0.00'[39m ]
data rcv RT:[ [32m'0.00'[39m, [32m'4.32'[39m, [32m'3.42'[39m, [32m'0.00'[39m ]
data rcv RT:[ [32m'0.00'[39m, [32m'4.31'[39m, [32m'3.43'[39m, [32m'0.00'[39m ]
data rcv RT:[ [32m'0.00'[39m, [32m'4.30'[39m, [32m'3.44'[39m, [32m'0.00'[39m ]
data rcv RT:[ [32m'0.00'[39m, [32m'4.24'[39m, [32m'3.39'[39m, [32m'0.00'[39m ]
data rcv RT:[ [32m'0.00'[39m, [32m'4.25'[39m, [32m'3.38'[39m, [32m'0.00'[39m ]
data rcv RT:[ [32m'0.00'[39m, [32m'4.29'[39m, [32m'3.37'[39m, [32m'0.00'[39m ]
data rcv RT:[ [32m'0.00'[39m, [32m'4.29'[39m, [32m'3.38'[39m, [32m'0.00'[39m ]
data rcv RT:[ [32m'0.00'[39m, [32m'4.34'[39m, [32m'3.40'[39m, [32m'0.01'[39m ]
data rcv RT:[ [32m'0.00'[39m, [32m'4.35'[39m, [32m'3.40'[39m, [32m'0.00'[39m ]
data rcv RT:[ [32m'0.00'[39m, [32m'4.37'[39m, [32m'3.38'[39m, [32m'0.01'[39m ]
data rcv RT:[ [32m'0.00'[39m, [32m'4.35'[39m, [32m'3.44'[39m, [32m'0.00'[39m ]
data rcv RT:[ [32m'0.00'[39m, [32m'4.38'[39m, [32m'3.45'[39m, [32m'0.00'[39m ]
data rcv RT:[ [32m'0.00'[39m, [32m'4.33'[39m, [32m'3.44'[39m, [32m'0.00'[39m ]
data rcv RT:[ [32m'0.00'[39m, [32m'4.31'[39m, [32m'3.43'[39m, [32m'0.00'[39m ]
data rcv RT:[ [32m'0.00'[39m, [32m'4.31'[39m, [32m'3.42'[39m, [32m'0.00'[39m ]
data rcv RT:[ [32m'0.00'[39m, [32m'4.29'[39m, [32m'3.44'[39m, [32m'0.00'[39m ]
data rcv RT:[ [32m'0.00'[39m, [32m'4.32'[39m, [32m'3.43'[39m, [32m'0.00'[39m ]
data rcv RT:[ [32m'0.00'[39m, [32m'4.27'[39m, [32m'3.40'[39m, [32m'0.00'[39m ]
data rcv RT:[ [32m'0.00'[39m, [32m'4.26'[39m, [32m'3.44'[39m, [32m'0.00'[39m ]
data rcv RT:[ [32m'0.00'[39m, [32m'4.27'[39m, [32m'3.41'[39m, [32m'0.00'[39m ]
data rcv RT:[ [32m'0.00'[39m, [32m'4.27'[39m, [32m'3.40'[39m, [32m'0.00'[39m ]
data rcv RT:[ [32m'0.00'[39m, [32m'4.27'[39m, [32m'3.38'[39m, [32m'0.00'[39m ]
data rcv RT:[ [32m'0.00'[39m, [32m'4.27'[39m, [32m'3.38'[39m, [32m'0.00'[39m ]
data rcv RT:[ [32m'0.00'[39m, [32m'4.30'[39m, [32m'3.37'[39m, [32m'0.00'[39m ]
data rcv RT:[ [32m'0.00'[39m, [32m'4.31'[39m, [32m'3.38'[39m, [32m'0.01'[39m ]
data rcv RT:[ [32m'0.00'[39m, [32m'4.37'[39m, [32m'3.37'[39m, [32m'0.04'[39m ]
data rcv RT:[ [32m'0.00'[39m, [32m'4.33'[39m, [32m'3.40'[39m, [32m'0.02'[39m ]
data rcv RT:[ [32m'0.00'[39m, [32m'4.33'[39m, [32m'3.37'[39m, [32m'0.01'[39m ]
data rcv RT:[ [32m'0.00'[39m, [32m'4.38'[39m, [32m'3.40'[39m, [32m'0.00'[39m ]
data rcv RT:[ [32m'0.00'[39m, [32m'4.37'[39m, [32m'3.43'[39m, [32m'0.00'[39m ]
data rcv RT:[ [32m'0.00'[39m, [32m'4.33'[39m, [32m'3.43'[39m, [32m'0.00'[39m ]
data rcv RT:[ [32m'0.00'[39m, [32m'4.31'[39m, [32m'3.44'[39m, [32m'0.00'[39m ]
data rcv RT:[ [32m'0.00'[39m, [32m'4.31'[39m, [32m'3.42'[39m, [32m'0.00'[39m ]
data rcv RT:[ [32m'0.00'[39m, [32m'4.30'[39m, [32m'3.43'[39m, [32m'0.00'[39m ]
data rcv RT:[ [32m'0.00'[39m, [32m'4.27'[39m, [32m'3.39'[39m, [32m'0.00'[39m ]
data rcv RT:[ [32m'0.00'[39m, [32m'4.27'[39m, [32m'3.42'[39m, [32m'0.00'[39m ]
data rcv RT:[ [32m'0.00'[39m, [32m'4.29'[39m, [32m'3.38'[39m, [32m'0.00'[39m ]
data rcv RT:[ [32m'0.00'[39m, [32m'4.30'[39m, [32m'3.36'[39m, [32m'0.02'[39m ]
data rcv RT:[ [32m'0.00'[39m, [32m'4.34'[39m, [32m'3.39'[39m, [32m'0.01'[39m ]
data rcv RT:[ [32m'0.00'[39m, [32m'4.35'[39m, [32m'3.40'[39m, [32m'0.03'[39m ]
data rcv RT:[ [32m'0.00'[39m, [32m'4.37'[39m, [32m'3.40'[39m, [32m'0.03'[39m ]
data rcv RT:[ [32m'0.00'[39m, [32m'4.35'[39m, [32m'3.43'[39m, [32m'0.00'[39m ]
data rcv RT:[ [32m'0.00'[39m, [32m'4.37'[39m, [32m'3.42'[39m, [32m'0.00'[39m ]
data rcv RT:[ [32m'0.00'[39m, [32m'4.32'[39m, [32m'3.42'[39m, [32m'0.00'[39m ]
data rcv RT:[ [32m'0.00'[39m, [32m'4.32'[39m, [32m'3.45'[39m, [32m'0.00'[39m ]
data rcv RT:[ [32m'0.00'[39m, [32m'4.27'[39m, [32m'3.42'[39m, [32m'0.00'[39m ]
data rcv RT:[ [32m'0.00'[39m, [32m'4.25'[39m, [32m'3.40'[39m, [32m'0.00'[39m ]
data rcv RT:[ [32m'0.00'[39m, [32m'4.27'[39m, [32m'3.37'[39m, [32m'0.00'[39m ]
data rcv RT:[ [32m'0.00'[39m, [32m'4.30'[39m, [32m'3.39'[39m, [32m'0.00'[39m ]
data rcv RT:[ [32m'0.00'[39m, [32m'4.31'[39m, [32m'3.37'[39m, [32m'0.01'[39m ]
data rcv RT:[ [32m'0.00'[39m, [32m'4.33'[39m, [32m'3.38'[39m, [32m'0.03'[39m ]
data rcv RT:[ [32m'0.00'[39m, [32m'4.35'[39m, [32m'3.37'[39m, [32m'0.04'[39m ]
data rcv RT:[ [32m'0.00'[39m, [32m'4.37'[39m, [32m'3.38'[39m, [32m'0.01'[39m ]
data rcv RT:[ [32m'0.00'[39m, [32m'4.37'[39m, [32m'3.40'[39m, [32m'0.00'[39m ]
data rcv RT:[ [32m'0.00'[39m, [32m'4.36'[39m, [32m'3.43'[39m, [32m'0.00'[39m ]
data rcv RT:[ [32m'0.00'[39m, [32m'4.36'[39m, [32m'3.42'[39m, [32m'0.00'[39m ]
data rcv RT:[ [32m'0.00'[39m, [32m'4.33'[39m, [32m'3.43'[39m, [32m'0.00'[39m ]
data rcv RT:[ [32m'0.00'[39m, [32m'4.29'[39m, [32m'3.41'[39m, [32m'0.00'[39m ]
data rcv RT:[ [32m'0.00'[39m, [32m'4.29'[39m, [32m'3.45'[39m, [32m'0.00'[39m ]
data rcv RT:[ [32m'0.00'[39m, [32m'4.30'[39m, [32m'3.42'[39m, [32m'0.00'[39m ]
data rcv RT:[ [32m'0.00'[39m, [32m'4.26'[39m, [32m'3.43'[39m, [32m'0.00'[39m ]
data rcv RT:[ [32m'0.00'[39m, [32m'4.28'[39m, [32m'3.38'[39m, [32m'0.00'[39m ]
data rcv RT:[ [32m'0.00'[39m, [32m'4.28'[39m, [32m'3.39'[39m, [32m'0.00'[39m ]
data rcv RT:[ [32m'0.00'[39m, [32m'4.28'[39m, [32m'3.36'[39m, [32m'0.00'[39m ]
data rcv RT:[ [32m'0.00'[39m, [32m'4.35'[39m, [32m'3.40'[39m, [32m'0.01'[39m ]
data rcv RT:[ [32m'0.00'[39m, [32m'4.36'[39m, [32m'3.37'[39m, [32m'0.05'[39m ]
data rcv RT:[ [32m'0.00'[39m, [32m'4.37'[39m, [32m'3.41'[39m, [32m'0.00'[39m ]
data rcv RT:[ [32m'0.00'[39m, [32m'4.36'[39m, [32m'3.45'[39m, [32m'0.00'[39m ]
data rcv RT:[ [32m'0.00'[39m, [32m'4.35'[39m, [32m'3.44'[39m, [32m'0.00'[39m ]
data rcv RT:[ [32m'0.00'[39m, [32m'4.32'[39m, [32m'3.42'[39m, [32m'0.00'[39m ]
data rcv RT:[ [32m'0.00'[39m, [32m'4.31'[39m, [32m'3.43'[39m, [32m'0.00'[39m ]
data rcv RT:[ [32m'0.00'[39m, [32m'4.28'[39m, [32m'3.46'[39m, [32m'0.00'[39m ]
data rcv RT:[ [32m'0.00'[39m, [32m'4.31'[39m, [32m'3.43'[39m, [32m'0.00'[39m ]
data rcv RT:[ [32m'0.00'[39m, [32m'4.30'[39m, [32m'3.41'[39m, [32m'0.00'[39m ]
data rcv RT:[ [32m'0.00'[39m, [32m'4.26'[39m, [32m'3.40'[39m, [32m'0.00'[39m ]
data rcv RT:[ [32m'0.00'[39m, [32m'4.27'[39m, [32m'3.38'[39m, [32m'0.00'[39m ]
data rcv RT:[ [32m'0.00'[39m, [32m'4.29'[39m, [32m'3.39'[39m, [32m'0.00'[39m ]
data rcv RT:[ [32m'0.00'[39m, [32m'4.32'[39m, [32m'3.37'[39m, [32m'0.01'[39m ]
data rcv RT:[ [32m'0.00'[39m, [32m'4.34'[39m, [32m'3.40'[39m, [32m'0.01'[39m ]
data rcv RT:[ [32m'0.00'[39m, [32m'4.36'[39m, [32m'3.38'[39m, [32m'0.04'[39m ]
data rcv RT:[ [32m'0.00'[39m, [32m'4.38'[39m, [32m'3.41'[39m, [32m'0.02'[39m ]
data rcv RT:[ [32m'0.00'[39m, [32m'4.33'[39m, [32m'3.42'[39m, [32m'0.00'[39m ]
data rcv RT:[ [32m'0.00'[39m, [32m'4.33'[39m, [32m'3.43'[39m, [32m'0.00'[39m ]
data rcv RT:[ [32m'0.00'[39m, [32m'4.31'[39m, [32m'3.44'[39m, [32m'0.00'[39m ]
data rcv RT:[ [32m'0.00'[39m, [32m'4.31'[39m, [32m'3.44'[39m, [32m'0.00'[39m ]
data rcv RT:[ [32m'0.00'[39m, [32m'4.30'[39m, [32m'3.41'[39m, [32m'0.00'[39m ]
data rcv RT:[ [32m'0.00'[39m, [32m'4.31'[39m, [32m'3.49'[39m, [32m'0.00'[39m ]
data rcv RT:[ [32m'0.00'[39m, [32m'4.26'[39m, [32m'3.41'[39m, [32m'0.00'[39m ]
data rcv RT:[ [32m'0.00'[39m, [32m'4.28'[39m, [32m'3.39'[39m, [32m'0.00'[39m ]
data rcv RT:[ [32m'0.00'[39m, [32m'4.28'[39m, [32m'3.39'[39m, [32m'0.00'[39m ]
data rcv RT:[ [32m'0.00'[39m, [32m'4.31'[39m, [32m'3.38'[39m, [32m'0.00'[39m ]
data rcv RT:[ [32m'0.00'[39m, [32m'4.33'[39m, [32m'3.38'[39m, [32m'0.01'[39m ]
data rcv RT:[ [32m'0.00'[39m, [32m'4.33'[39m, [32m'3.38'[39m, [32m'0.00'[39m ]
data rcv RT:[ [32m'0.00'[39m, [32m'4.35'[39m, [32m'3.41'[39m, [32m'0.00'[39m ]
data rcv RT:[ [32m'0.00'[39m, [32m'4.35'[39m, [32m'3.38'[39m, [32m'0.03'[39m ]
data rcv RT:[ [32m'0.00'[39m, [32m'4.38'[39m, [32m'3.40'[39m, [32m'0.02'[39m ]
data rcv RT:[ [32m'0.00'[39m, [32m'4.34'[39m, [32m'3.39'[39m, [32m'0.05'[39m ]
data rcv RT:[ [32m'0.00'[39m, [32m'4.37'[39m, [32m'3.43'[39m, [32m'0.00'[39m ]
data rcv RT:[ [32m'0.00'[39m, [32m'4.36'[39m, [32m'3.43'[39m, [32m'0.00'[39m ]
data rcv RT:[ [32m'0.00'[39m, [32m'4.33'[39m, [32m'3.44'[39m, [32m'0.00'[39m ]
data rcv RT:[ [32m'0.00'[39m, [32m'4.31'[39m, [32m'3.45'[39m, [32m'0.00'[39m ]
data rcv RT:[ [32m'0.00'[39m, [32m'4.29'[39m, [32m'3.42'[39m, [32m'0.00'[39m ]
data rcv RT:[ [32m'0.00'[39m, [32m'4.29'[39m, [32m'3.42'[39m, [32m'0.00'[39m ]
data rcv RT:[ [32m'0.00'[39m, [32m'4.30'[39m, [32m'3.44'[39m, [32m'0.00'[39m ]
data rcv RT:[ [32m'0.00'[39m, [32m'4.26'[39m, [32m'3.41'[39m, [32m'0.00'[39m ]
data rcv RT:[ [32m'0.00'[39m, [32m'4.26'[39m, [32m'3.38'[39m, [32m'0.00'[39m ]
data rcv RT:[ [32m'0.00'[39m, [32m'4.28'[39m, [32m'3.39'[39m, [32m'0.00'[39m ]
data rcv RT:[ [32m'0.00'[39m, [32m'4.33'[39m, [32m'3.38'[39m, [32m'0.01'[39m ]
data rcv RT:[ [32m'0.00'[39m, [32m'4.33'[39m, [32m'3.38'[39m, [32m'0.01'[39m ]
data rcv RT:[ [32m'0.00'[39m, [32m'4.34'[39m, [32m'3.38'[39m, [32m'0.01'[39m ]
data rcv RT:[ [32m'0.00'[39m, [32m'4.31'[39m, [32m'3.40'[39m, [32m'0.00'[39m ]
data rcv RT:[ [32m'0.00'[39m, [32m'4.36'[39m, [32m'3.43'[39m, [32m'0.00'[39m ]
data rcv RT:[ [32m'0.00'[39m, [32m'4.36'[39m, [32m'3.41'[39m, [32m'0.00'[39m ]
data rcv RT:[ [32m'0.00'[39m, [32m'4.39'[39m, [32m'3.43'[39m, [32m'0.00'[39m ]
data rcv RT:[ [32m'0.00'[39m, [32m'4.36'[39m, [32m'3.40'[39m, [32m'0.00'[39m ]
data rcv RT:[ [32m'0.00'[39m, [32m'4.34'[39m, [32m'3.43'[39m, [32m'0.00'[39m ]
data rcv RT:[ [32m'0.00'[39m, [32m'4.33'[39m, [32m'3.42'[39m, [32m'0.00'[39m ]
data rcv RT:[ [32m'0.00'[39m, [32m'4.31'[39m, [32m'3.44'[39m, [32m'0.00'[39m ]
data rcv RT:[ [32m'0.00'[39m, [32m'4.31'[39m, [32m'3.41'[39m, [32m'0.00'[39m ]
data rcv RT:[ [32m'0.00'[39m, [32m'4.28'[39m, [32m'3.45'[39m, [32m'0.00'[39m ]
data rcv RT:[ [32m'0.00'[39m, [32m'4.30'[39m, [32m'3.44'[39m, [32m'0.00'[39m ]
data rcv RT:[ [32m'0.00'[39m, [32m'4.29'[39m, [32m'3.43'[39m, [32m'0.00'[39m ]
data rcv RT:[ [32m'0.00'[39m, [32m'4.27'[39m, [32m'3.39'[39m, [32m'0.00'[39m ]
data rcv RT:[ [32m'0.00'[39m, [32m'4.27'[39m, [32m'3.39'[39m, [32m'0.00'[39m ]
data rcv RT:[ [32m'0.00'[39m, [32m'4.25'[39m, [32m'3.39'[39m, [32m'0.00'[39m ]
data rcv RT:[ [32m'0.00'[39m, [32m'4.26'[39m, [32m'3.43'[39m, [32m'0.00'[39m ]
data rcv RT:[ [32m'0.00'[39m, [32m'4.27'[39m, [32m'3.39'[39m, [32m'0.00'[39m ]
data rcv RT:[ [32m'0.00'[39m, [32m'4.31'[39m, [32m'3.36'[39m, [32m'0.01'[39m ]
data rcv RT:[ [32m'0.00'[39m, [32m'4.33'[39m, [32m'3.38'[39m, [32m'0.01'[39m ]
data rcv RT:[ [32m'0.00'[39m, [32m'4.33'[39m, [32m'3.39'[39m, [32m'0.02'[39m ]
data rcv RT:[ [32m'0.00'[39m, [32m'4.34'[39m, [32m'3.41'[39m, [32m'0.00'[39m ]
data rcv RT:[ [32m'0.00'[39m, [32m'4.36'[39m, [32m'3.38'[39m, [32m'0.04'[39m ]
data rcv RT:[ [32m'0.00'[39m, [32m'4.33'[39m, [32m'3.35'[39m, [32m'0.04'[39m ]
data rcv RT:[ [32m'0.00'[39m, [32m'4.36'[39m, [32m'3.40'[39m, [32m'0.01'[39m ]
data rcv RT:[ [32m'0.00'[39m, [32m'4.33'[39m, [32m'3.45'[39m, [32m'0.00'[39m ]
data rcv RT:[ [32m'0.00'[39m, [32m'4.32'[39m, [32m'3.41'[39m, [32m'0.00'[39m ]
data rcv RT:[ [32m'0.00'[39m, [32m'4.30'[39m, [32m'3.42'[39m, [32m'0.00'[39m ]
data rcv RT:[ [32m'0.00'[39m, [32m'4.33'[39m, [32m'3.45'[39m, [32m'0.00'[39m ]
data rcv RT:[ [32m'0.00'[39m, [32m'4.24'[39m, [32m'3.41'[39m, [32m'0.00'[39m ]
data rcv RT:[ [32m'0.00'[39m, [32m'4.28'[39m, [32m'3.43'[39m, [32m'0.00'[39m ]
data rcv RT:[ [32m'0.00'[39m, [32m'4.27'[39m, [32m'3.42'[39m, [32m'0.00'[39m ]
data rcv RT:[ [32m'0.00'[39m, [32m'4.29'[39m, [32m'3.38'[39m, [32m'0.00'[39m ]
data rcv RT:[ [32m'0.00'[39m, [32m'4.33'[39m, [32m'3.37'[39m, [32m'0.01'[39m ]
data rcv RT:[ [32m'0.00'[39m, [32m'4.30'[39m, [32m'3.41'[39m, [32m'0.00'[39m ]
data rcv RT:[ [32m'0.00'[39m, [32m'4.32'[39m, [32m'3.40'[39m, [32m'0.01'[39m ]
data rcv RT:[ [32m'0.00'[39m, [32m'4.33'[39m, [32m'3.37'[39m, [32m'0.00'[39m ]
data rcv RT:[ [32m'0.00'[39m, [32m'4.36'[39m, [32m'3.42'[39m, [32m'0.01'[39m ]
data rcv RT:[ [32m'0.00'[39m, [32m'4.37'[39m, [32m'3.39'[39m, [32m'0.05'[39m ]
data rcv RT:[ [32m'0.00'[39m, [32m'4.36'[39m, [32m'3.40'[39m, [32m'0.00'[39m ]
data rcv RT:[ [32m'0.00'[39m, [32m'4.35'[39m, [32m'3.42'[39m, [32m'0.00'[39m ]
data rcv RT:[ [32m'0.00'[39m, [32m'4.33'[39m, [32m'3.42'[39m, [32m'0.00'[39m ]
data rcv RT:[ [32m'0.00'[39m, [32m'4.30'[39m, [32m'3.45'[39m, [32m'0.00'[39m ]
data rcv RT:[ [32m'0.00'[39m, [32m'4.25'[39m, [32m'3.43'[39m, [32m'0.00'[39m ]
data rcv RT:[ [32m'0.00'[39m, [32m'4.27'[39m, [32m'3.40'[39m, [32m'0.00'[39m ]
data rcv RT:[ [32m'0.00'[39m, [32m'4.29'[39m, [32m'3.40'[39m, [32m'0.00'[39m ]
data rcv RT:[ [32m'0.00'[39m, [32m'4.30'[39m, [32m'3.40'[39m, [32m'0.02'[39m ]
data rcv RT:[ [32m'0.00'[39m, [32m'4.39'[39m, [32m'3.39'[39m, [32m'0.05'[39m ]
data rcv RT:[ [32m'0.00'[39m, [32m'4.36'[39m, [32m'3.41'[39m, [32m'0.02'[39m ]
data rcv RT:[ [32m'0.00'[39m, [32m'4.39'[39m, [32m'3.44'[39m, [32m'0.01'[39m ]
data rcv RT:[ [32m'0.00'[39m, [32m'4.35'[39m, [32m'3.43'[39m, [32m'0.00'[39m ]
data rcv RT:[ [32m'0.00'[39m, [32m'4.32'[39m, [32m'3.45'[39m, [32m'0.00'[39m ]
data rcv RT:[ [32m'0.00'[39m, [32m'4.28'[39m, [32m'3.46'[39m, [32m'0.00'[39m ]
client Front End connected
Socket {
  nsp: 
   Namespace {
     name: [32m'/'[39m,
     server: 
      Server {
        nsps: [36m[Object][39m,
        _path: [32m'/socket.io'[39m,
        _serveClient: [33mtrue[39m,
        _adapter: [36m[Function: Adapter][39m,
        _origins: [32m'*:*'[39m,
        sockets: [36m[Circular][39m,
        eio: [36m[Object][39m,
        httpServer: [36m[Object][39m,
        engine: [36m[Object][39m },
     sockets: { [32m'/#gtd6sdksbQkhVyLWAAAE'[39m: [36m[Circular][39m },
     connected: { [32m'/#gtd6sdksbQkhVyLWAAAE'[39m: [36m[Circular][39m },
     fns: [],
     ids: [33m0[39m,
     adapter: 
      Adapter {
        nsp: [36m[Circular][39m,
        rooms: [36m[Object][39m,
        sids: [36m[Object][39m,
        encoder: Encoder {} },
     _events: { connection: [36m[Function][39m },
     _eventsCount: [33m1[39m },
  server: 
   Server {
     nsps: { [32m'/'[39m: [36m[Object][39m },
     _path: [32m'/socket.io'[39m,
     _serveClient: [33mtrue[39m,
     _adapter: [36m[Function: Adapter][39m,
     _origins: [32m'*:*'[39m,
     sockets: 
      Namespace {
        name: [32m'/'[39m,
        server: [36m[Circular][39m,
        sockets: [36m[Object][39m,
        connected: [36m[Object][39m,
        fns: [],
        ids: [33m0[39m,
        adapter: [36m[Object][39m,
        _events: [36m[Object][39m,
        _eventsCount: [33m1[39m },
     eio: 
      Server {
        clients: [36m[Object][39m,
        clientsCount: [33m1[39m,
        pingTimeout: [33m60000[39m,
        pingInterval: [33m25000[39m,
        upgradeTimeout: [33m10000[39m,
        maxHttpBufferSize: [33m100000000[39m,
        transports: [36m[Object][39m,
        allowUpgrades: [33mtrue[39m,
        allowRequest: [36m[Function: bound ][39m,
        cookie: [32m'io'[39m,
        cookiePath: [33mfalse[39m,
        perMessageDeflate: [36m[Object][39m,
        httpCompression: [36m[Object][39m,
        ws: [36m[Object][39m,
        _events: [36m[Object][39m,
        _eventsCount: [33m1[39m },
     httpServer: 
      Server {
        domain: [1mnull[22m,
        _events: [36m[Object][39m,
        _eventsCount: [33m4[39m,
        _maxListeners: [90mundefined[39m,
        _connections: [33m1[39m,
        _handle: [36m[Object][39m,
        _usingSlaves: [33mfalse[39m,
        _slaves: [],
        _unref: [33mfalse[39m,
        allowHalfOpen: [33mtrue[39m,
        pauseOnConnect: [33mfalse[39m,
        httpAllowHalfOpen: [33mfalse[39m,
        timeout: [33m120000[39m,
        _pendingResponseData: [33m0[39m,
        _connectionKey: [32m'6::::3000'[39m },
     engine: 
      Server {
        clients: [36m[Object][39m,
        clientsCount: [33m1[39m,
        pingTimeout: [33m60000[39m,
        pingInterval: [33m25000[39m,
        upgradeTimeout: [33m10000[39m,
        maxHttpBufferSize: [33m100000000[39m,
        transports: [36m[Object][39m,
        allowUpgrades: [33mtrue[39m,
        allowRequest: [36m[Function: bound ][39m,
        cookie: [32m'io'[39m,
        cookiePath: [33mfalse[39m,
        perMessageDeflate: [36m[Object][39m,
        httpCompression: [36m[Object][39m,
        ws: [36m[Object][39m,
        _events: [36m[Object][39m,
        _eventsCount: [33m1[39m } },
  adapter: 
   Adapter {
     nsp: 
      Namespace {
        name: [32m'/'[39m,
        server: [36m[Object][39m,
        sockets: [36m[Object][39m,
        connected: [36m[Object][39m,
        fns: [],
        ids: [33m0[39m,
        adapter: [36m[Circular][39m,
        _events: [36m[Object][39m,
        _eventsCount: [33m1[39m },
     rooms: { [32m'/#gtd6sdksbQkhVyLWAAAE'[39m: [36m[Object][39m },
     sids: { [32m'/#gtd6sdksbQkhVyLWAAAE'[39m: [36m[Object][39m },
     encoder: Encoder {} },
  id: [32m'/#gtd6sdksbQkhVyLWAAAE'[39m,
  client: 
   Client {
     server: 
      Server {
        nsps: [36m[Object][39m,
        _path: [32m'/socket.io'[39m,
        _serveClient: [33mtrue[39m,
        _adapter: [36m[Function: Adapter][39m,
        _origins: [32m'*:*'[39m,
        sockets: [36m[Object][39m,
        eio: [36m[Object][39m,
        httpServer: [36m[Object][39m,
        engine: [36m[Object][39m },
     conn: 
      Socket {
        id: [32m'gtd6sdksbQkhVyLWAAAE'[39m,
        server: [36m[Object][39m,
        upgrading: [33mfalse[39m,
        upgraded: [33mfalse[39m,
        readyState: [32m'open'[39m,
        writeBuffer: [36m[Object][39m,
        packetsFn: [36m[Object][39m,
        sentCallbackFn: [],
        cleanupFn: [36m[Object][39m,
        request: [36m[Object][39m,
        remoteAddress: [32m'::ffff:10.210.30.41'[39m,
        checkIntervalTimer: [1mnull[22m,
        upgradeTimeoutTimer: [1mnull[22m,
        pingTimeoutTimer: [36m[Object][39m,
        transport: [36m[Object][39m,
        _events: [36m[Object][39m,
        _eventsCount: [33m3[39m },
     encoder: Encoder {},
     decoder: Decoder { reconstructor: [1mnull[22m, _callbacks: [36m[Object][39m },
     id: [32m'gtd6sdksbQkhVyLWAAAE'[39m,
     request: 
      IncomingMessage {
        _readableState: [36m[Object][39m,
        readable: [33mtrue[39m,
        domain: [1mnull[22m,
        _events: {},
        _eventsCount: [33m0[39m,
        _maxListeners: [90mundefined[39m,
        socket: [36m[Object][39m,
        connection: [36m[Object][39m,
        httpVersionMajor: [33m1[39m,
        httpVersionMinor: [33m1[39m,
        httpVersion: [32m'1.1'[39m,
        complete: [33mtrue[39m,
        headers: [36m[Object][39m,
        rawHeaders: [36m[Object][39m,
        trailers: {},
        rawTrailers: [],
        upgrade: [33mfalse[39m,
        url: [32m'/socket.io/?EIO=3&transport=polling&t=LTlDC0x'[39m,
        method: [32m'GET'[39m,
        statusCode: [1mnull[22m,
        statusMessage: [1mnull[22m,
        client: [36m[Object][39m,
        _consuming: [33mfalse[39m,
        _dumped: [33mtrue[39m,
        _query: [36m[Object][39m,
        res: [36m[Object][39m,
        cleanup: [36m[Function: cleanup][39m },
     onclose: [36m[Function: bound ][39m,
     ondata: [36m[Function: bound ][39m,
     onerror: [36m[Function: bound ][39m,
     ondecoded: [36m[Function: bound ][39m,
     sockets: { [32m'/#gtd6sdksbQkhVyLWAAAE'[39m: [36m[Circular][39m },
     nsps: { [32m'/'[39m: [36m[Circular][39m },
     connectBuffer: [] },
  conn: 
   Socket {
     id: [32m'gtd6sdksbQkhVyLWAAAE'[39m,
     server: 
      Server {
        clients: [36m[Object][39m,
        clientsCount: [33m1[39m,
        pingTimeout: [33m60000[39m,
        pingInterval: [33m25000[39m,
        upgradeTimeout: [33m10000[39m,
        maxHttpBufferSize: [33m100000000[39m,
        transports: [36m[Object][39m,
        allowUpgrades: [33mtrue[39m,
        allowRequest: [36m[Function: bound ][39m,
        cookie: [32m'io'[39m,
        cookiePath: [33mfalse[39m,
        perMessageDeflate: [36m[Object][39m,
        httpCompression: [36m[Object][39m,
        ws: [36m[Object][39m,
        _events: [36m[Object][39m,
        _eventsCount: [33m1[39m },
     upgrading: [33mfalse[39m,
     upgraded: [33mfalse[39m,
     readyState: [32m'open'[39m,
     writeBuffer: [ [36m[Object][39m ],
     packetsFn: [ [90mundefined[39m ],
     sentCallbackFn: [],
     cleanupFn: [ [36m[Function][39m, [36m[Function][39m ],
     request: 
      IncomingMessage {
        _readableState: [36m[Object][39m,
        readable: [33mtrue[39m,
        domain: [1mnull[22m,
        _events: {},
        _eventsCount: [33m0[39m,
        _maxListeners: [90mundefined[39m,
        socket: [36m[Object][39m,
        connection: [36m[Object][39m,
        httpVersionMajor: [33m1[39m,
        httpVersionMinor: [33m1[39m,
        httpVersion: [32m'1.1'[39m,
        complete: [33mtrue[39m,
        headers: [36m[Object][39m,
        rawHeaders: [36m[Object][39m,
        trailers: {},
        rawTrailers: [],
        upgrade: [33mfalse[39m,
        url: [32m'/socket.io/?EIO=3&transport=polling&t=LTlDC0x'[39m,
        method: [32m'GET'[39m,
        statusCode: [1mnull[22m,
        statusMessage: [1mnull[22m,
        client: [36m[Object][39m,
        _consuming: [33mfalse[39m,
        _dumped: [33mtrue[39m,
        _query: [36m[Object][39m,
        res: [36m[Object][39m,
        cleanup: [36m[Function: cleanup][39m },
     remoteAddress: [32m'::ffff:10.210.30.41'[39m,
     checkIntervalTimer: [1mnull[22m,
     upgradeTimeoutTimer: [1mnull[22m,
     pingTimeoutTimer: 
      Timeout {
        _called: [33mfalse[39m,
        _idleTimeout: [33m85000[39m,
        _idlePrev: [36m[Object][39m,
        _idleNext: [36m[Object][39m,
        _idleStart: [33m2171449[39m,
        _onTimeout: [36m[Function][39m,
        _repeat: [1mnull[22m },
     transport: 
      XHR {
        readyState: [32m'open'[39m,
        discarded: [33mfalse[39m,
        closeTimeout: [33m30000[39m,
        maxHttpBufferSize: [33m100000000[39m,
        httpCompression: [36m[Object][39m,
        supportsBinary: [33mtrue[39m,
        _events: [36m[Object][39m,
        _eventsCount: [33m5[39m,
        sid: [32m'gtd6sdksbQkhVyLWAAAE'[39m,
        req: [1mnull[22m,
        res: [1mnull[22m,
        writable: [33mfalse[39m },
     _events: 
      { close: [36m[Object][39m,
        data: [36m[Function: bound ][39m,
        error: [36m[Function: bound ][39m },
     _eventsCount: [33m3[39m },
  rooms: {},
  acks: {},
  connected: [33mtrue[39m,
  disconnected: [33mfalse[39m,
  handshake: 
   { headers: 
      { host: [32m'10.210.30.148:3000'[39m,
        connection: [32m'keep-alive'[39m,
        [32m'cache-control'[39m: [32m'max-age=0'[39m,
        origin: [32m'http://10.210.30.148'[39m,
        [32m'user-agent'[39m: [32m'Mozilla/5.0 (Windows NT 5.1) AppleWebKit/537.36 (KHTML, like Gecko) Chrome/49.0.2623.112 Safari/537.36'[39m,
        accept: [32m'*/*'[39m,
        referer: [32m'http://10.210.30.148/sku/'[39m,
        [32m'accept-encoding'[39m: [32m'gzip, deflate, sdch'[39m,
        [32m'accept-language'[39m: [32m'ru-RU,ru;q=0.8,en-US;q=0.6,en;q=0.4'[39m,
        cookie: [32m'io=GBiIOyjf-hASjDkxAAAD'[39m },
     time: [32m'Wed Sep 28 2016 09:11:23 GMT+0400 (SAMT)'[39m,
     address: [32m'::ffff:10.210.30.41'[39m,
     xdomain: [33mtrue[39m,
     secure: [33mfalse[39m,
     issued: [33m1475039483669[39m,
     url: [32m'/socket.io/?EIO=3&transport=polling&t=LTlDC0x'[39m,
     query: { EIO: [32m'3'[39m, transport: [32m'polling'[39m, t: [32m'LTlDC0x'[39m } } }
data rcv RT:[ [32m'0.00'[39m, [32m'4.31'[39m, [32m'3.43'[39m, [32m'0.00'[39m ]
data rcv RT:[ [32m'0.00'[39m, [32m'4.27'[39m, [32m'3.42'[39m, [32m'0.00'[39m ]
data rcv RT:[ [32m'0.00'[39m, [32m'4.28'[39m, [32m'3.42'[39m, [32m'0.00'[39m ]
data rcv RT:[ [32m'0.00'[39m, [32m'4.27'[39m, [32m'3.40'[39m, [32m'0.00'[39m ]
data rcv RT:[ [32m'0.00'[39m, [32m'4.31'[39m, [32m'3.39'[39m, [32m'0.01'[39m ]
data rcv RT:[ [32m'0.00'[39m, [32m'4.30'[39m, [32m'3.40'[39m, [32m'0.00'[39m ]
data rcv RT:[ [32m'0.00'[39m, [32m'4.34'[39m, [32m'3.36'[39m, [32m'0.02'[39m ]
data rcv RT:[ [32m'0.00'[39m, [32m'4.33'[39m, [32m'3.39'[39m, [32m'0.00'[39m ]
data rcv RT:[ [32m'0.00'[39m, [32m'4.37'[39m, [32m'3.41'[39m, [32m'0.00'[39m ]
data rcv RT:[ [32m'0.00'[39m, [32m'4.39'[39m, [32m'3.41'[39m, [32m'0.00'[39m ]
data rcv RT:[ [32m'0.00'[39m, [32m'4.35'[39m, [32m'3.42'[39m, [32m'0.00'[39m ]
data rcv RT:[ [32m'0.00'[39m, [32m'4.32'[39m, [32m'3.43'[39m, [32m'0.00'[39m ]
data rcv RT:[ [32m'0.00'[39m, [32m'4.31'[39m, [32m'3.44'[39m, [32m'0.00'[39m ]
data rcv RT:[ [32m'0.00'[39m, [32m'4.25'[39m, [32m'3.40'[39m, [32m'0.00'[39m ]
data rcv RT:[ [32m'0.00'[39m, [32m'4.27'[39m, [32m'3.42'[39m, [32m'0.00'[39m ]
data rcv RT:[ [32m'0.00'[39m, [32m'4.27'[39m, [32m'3.40'[39m, [32m'0.00'[39m ]
data rcv RT:[ [32m'0.00'[39m, [32m'4.28'[39m, [32m'3.41'[39m, [32m'0.02'[39m ]
data rcv RT:[ [32m'0.00'[39m, [32m'4.32'[39m, [32m'3.35'[39m, [32m'0.01'[39m ]
data rcv RT:[ [32m'0.00'[39m, [32m'4.33'[39m, [32m'3.35'[39m, [32m'0.03'[39m ]
data rcv RT:[ [32m'0.00'[39m, [32m'4.33'[39m, [32m'3.40'[39m, [32m'0.00'[39m ]
data rcv RT:[ [32m'0.00'[39m, [32m'4.39'[39m, [32m'3.39'[39m, [32m'0.00'[39m ]
data rcv RT:[ [32m'0.00'[39m, [32m'4.35'[39m, [32m'3.45'[39m, [32m'0.00'[39m ]
data rcv RT:[ [32m'0.00'[39m, [32m'4.35'[39m, [32m'3.42'[39m, [32m'0.00'[39m ]
data rcv RT:[ [32m'0.00'[39m, [32m'4.35'[39m, [32m'3.43'[39m, [32m'0.00'[39m ]
data rcv RT:[ [32m'0.00'[39m, [32m'4.32'[39m, [32m'3.43'[39m, [32m'0.00'[39m ]
data rcv RT:[ [32m'0.00'[39m, [32m'4.28'[39m, [32m'3.42'[39m, [32m'0.00'[39m ]
data rcv RT:[ [32m'0.00'[39m, [32m'4.27'[39m, [32m'3.38'[39m, [32m'0.00'[39m ]
data rcv RT:[ [32m'0.00'[39m, [32m'4.30'[39m, [32m'3.38'[39m, [32m'0.00'[39m ]
data rcv RT:[ [32m'0.00'[39m, [32m'4.32'[39m, [32m'3.38'[39m, [32m'0.00'[39m ]
data rcv RT:[ [32m'0.00'[39m, [32m'4.33'[39m, [32m'3.38'[39m, [32m'0.00'[39m ]
data rcv RT:[ [32m'0.00'[39m, [32m'4.38'[39m, [32m'3.43'[39m, [32m'0.00'[39m ]
data rcv RT:[ [32m'0.00'[39m, [32m'4.38'[39m, [32m'3.42'[39m, [32m'0.03'[39m ]
data rcv RT:[ [32m'0.00'[39m, [32m'4.36'[39m, [32m'3.40'[39m, [32m'0.02'[39m ]
data rcv RT:[ [32m'0.00'[39m, [32m'4.37'[39m, [32m'3.43'[39m, [32m'0.00'[39m ]
data rcv RT:[ [32m'0.00'[39m, [32m'4.33'[39m, [32m'3.44'[39m, [32m'0.00'[39m ]
data rcv RT:[ [32m'0.00'[39m, [32m'4.33'[39m, [32m'3.44'[39m, [32m'0.00'[39m ]
data rcv RT:[ [32m'0.00'[39m, [32m'4.32'[39m, [32m'3.44'[39m, [32m'0.00'[39m ]
data rcv RT:[ [32m'0.00'[39m, [32m'4.31'[39m, [32m'3.42'[39m, [32m'0.00'[39m ]
data rcv RT:[ [32m'0.00'[39m, [32m'4.29'[39m, [32m'3.46'[39m, [32m'0.00'[39m ]
data rcv RT:[ [32m'0.00'[39m, [32m'4.27'[39m, [32m'3.42'[39m, [32m'0.00'[39m ]
data rcv RT:[ [32m'0.00'[39m, [32m'4.25'[39m, [32m'3.36'[39m, [32m'0.00'[39m ]
data rcv RT:[ [32m'0.00'[39m, [32m'4.27'[39m, [32m'3.40'[39m, [32m'0.00'[39m ]
data rcv RT:[ [32m'0.00'[39m, [32m'4.29'[39m, [32m'3.41'[39m, [32m'0.00'[39m ]
data rcv RT:[ [32m'0.00'[39m, [32m'4.28'[39m, [32m'3.37'[39m, [32m'0.00'[39m ]
data rcv RT:[ [32m'0.00'[39m, [32m'4.31'[39m, [32m'3.40'[39m, [32m'0.01'[39m ]
data rcv RT:[ [32m'0.00'[39m, [32m'4.34'[39m, [32m'3.39'[39m, [32m'0.03'[39m ]
data rcv RT:[ [32m'0.00'[39m, [32m'4.38'[39m, [32m'3.38'[39m, [32m'0.01'[39m ]
data rcv RT:[ [32m'0.00'[39m, [32m'4.37'[39m, [32m'3.43'[39m, [32m'0.02'[39m ]
data rcv RT:[ [32m'0.00'[39m, [32m'4.38'[39m, [32m'3.40'[39m, [32m'0.02'[39m ]
data rcv RT:[ [32m'0.00'[39m, [32m'4.38'[39m, [32m'3.38'[39m, [32m'0.00'[39m ]
data rcv RT:[ [32m'0.00'[39m, [32m'4.37'[39m, [32m'3.44'[39m, [32m'0.00'[39m ]
data rcv RT:[ [32m'0.00'[39m, [32m'4.33'[39m, [32m'3.46'[39m, [32m'0.00'[39m ]
data rcv RT:[ [32m'0.00'[39m, [32m'4.33'[39m, [32m'3.43'[39m, [32m'0.00'[39m ]
data rcv RT:[ [32m'0.00'[39m, [32m'4.30'[39m, [32m'3.44'[39m, [32m'0.00'[39m ]
data rcv RT:[ [32m'0.00'[39m, [32m'4.32'[39m, [32m'3.45'[39m, [32m'0.00'[39m ]
data rcv RT:[ [32m'0.00'[39m, [32m'4.29'[39m, [32m'3.44'[39m, [32m'0.00'[39m ]
data rcv RT:[ [32m'0.00'[39m, [32m'4.24'[39m, [32m'3.39'[39m, [32m'0.00'[39m ]
data rcv RT:[ [32m'0.00'[39m, [32m'4.27'[39m, [32m'3.43'[39m, [32m'0.00'[39m ]
data rcv RT:[ [32m'0.00'[39m, [32m'4.30'[39m, [32m'3.37'[39m, [32m'0.00'[39m ]
data rcv RT:[ [32m'0.00'[39m, [32m'4.33'[39m, [32m'3.40'[39m, [32m'0.01'[39m ]
data rcv RT:[ [32m'0.00'[39m, [32m'4.36'[39m, [32m'3.39'[39m, [32m'0.02'[39m ]
data rcv RT:[ [32m'0.00'[39m, [32m'4.35'[39m, [32m'3.38'[39m, [32m'0.01'[39m ]
data rcv RT:[ [32m'0.00'[39m, [32m'4.40'[39m, [32m'3.39'[39m, [32m'0.04'[39m ]
data rcv RT:[ [32m'0.00'[39m, [32m'4.37'[39m, [32m'3.39'[39m, [32m'0.03'[39m ]
data rcv RT:[ [32m'0.00'[39m, [32m'4.36'[39m, [32m'3.41'[39m, [32m'0.01'[39m ]
data rcv RT:[ [32m'0.00'[39m, [32m'4.36'[39m, [32m'3.41'[39m, [32m'0.00'[39m ]
data rcv RT:[ [32m'0.00'[39m, [32m'4.30'[39m, [32m'3.43'[39m, [32m'0.00'[39m ]
data rcv RT:[ [32m'0.00'[39m, [32m'4.31'[39m, [32m'3.44'[39m, [32m'0.00'[39m ]
data rcv RT:[ [32m'0.00'[39m, [32m'4.30'[39m, [32m'3.43'[39m, [32m'0.00'[39m ]
data rcv RT:[ [32m'0.00'[39m, [32m'4.26'[39m, [32m'3.39'[39m, [32m'0.00'[39m ]
data rcv RT:[ [32m'0.00'[39m, [32m'4.28'[39m, [32m'3.42'[39m, [32m'0.00'[39m ]
data rcv RT:[ [32m'0.00'[39m, [32m'4.27'[39m, [32m'3.40'[39m, [32m'0.00'[39m ]
data rcv RT:[ [32m'0.00'[39m, [32m'4.33'[39m, [32m'3.39'[39m, [32m'0.01'[39m ]
data rcv RT:[ [32m'0.00'[39m, [32m'4.33'[39m, [32m'3.38'[39m, [32m'0.01'[39m ]
data rcv RT:[ [32m'0.00'[39m, [32m'4.35'[39m, [32m'3.36'[39m, [32m'0.05'[39m ]
data rcv RT:[ [32m'0.00'[39m, [32m'4.34'[39m, [32m'3.35'[39m, [32m'0.06'[39m ]
data rcv RT:[ [32m'0.00'[39m, [32m'4.37'[39m, [32m'3.38'[39m, [32m'0.03'[39m ]
data rcv RT:[ [32m'0.00'[39m, [32m'4.37'[39m, [32m'3.43'[39m, [32m'0.00'[39m ]
data rcv RT:[ [32m'0.00'[39m, [32m'4.33'[39m, [32m'3.44'[39m, [32m'0.00'[39m ]
data rcv RT:[ [32m'0.00'[39m, [32m'4.32'[39m, [32m'3.44'[39m, [32m'0.00'[39m ]
data rcv RT:[ [32m'0.00'[39m, [32m'4.33'[39m, [32m'3.43'[39m, [32m'0.00'[39m ]
data rcv RT:[ [32m'0.00'[39m, [32m'4.29'[39m, [32m'3.48'[39m, [32m'0.00'[39m ]
data rcv RT:[ [32m'0.00'[39m, [32m'4.29'[39m, [32m'3.40'[39m, [32m'0.00'[39m ]
data rcv RT:[ [32m'0.00'[39m, [32m'4.26'[39m, [32m'3.43'[39m, [32m'0.00'[39m ]
data rcv RT:[ [32m'0.00'[39m, [32m'4.28'[39m, [32m'3.40'[39m, [32m'0.00'[39m ]
data rcv RT:[ [32m'0.00'[39m, [32m'4.26'[39m, [32m'3.41'[39m, [32m'0.00'[39m ]
data rcv RT:[ [32m'0.00'[39m, [32m'4.26'[39m, [32m'3.40'[39m, [32m'0.00'[39m ]
data rcv RT:[ [32m'0.00'[39m, [32m'4.29'[39m, [32m'3.39'[39m, [32m'0.00'[39m ]
data rcv RT:[ [32m'0.00'[39m, [32m'4.32'[39m, [32m'3.40'[39m, [32m'0.01'[39m ]
data rcv RT:[ [32m'0.00'[39m, [32m'4.31'[39m, [32m'3.38'[39m, [32m'0.00'[39m ]
data rcv RT:[ [32m'0.00'[39m, [32m'4.36'[39m, [32m'3.38'[39m, [32m'0.04'[39m ]
data rcv RT:[ [32m'0.00'[39m, [32m'4.35'[39m, [32m'3.39'[39m, [32m'0.03'[39m ]
data rcv RT:[ [32m'0.00'[39m, [32m'4.38'[39m, [32m'3.41'[39m, [32m'0.00'[39m ]
data rcv RT:[ [32m'0.00'[39m, [32m'4.35'[39m, [32m'3.39'[39m, [32m'0.00'[39m ]
data rcv RT:[ [32m'0.00'[39m, [32m'4.33'[39m, [32m'3.44'[39m, [32m'0.00'[39m ]
data rcv RT:[ [32m'0.00'[39m, [32m'4.32'[39m, [32m'3.42'[39m, [32m'0.00'[39m ]
data rcv RT:[ [32m'0.00'[39m, [32m'4.31'[39m, [32m'3.44'[39m, [32m'0.00'[39m ]
data rcv RT:[ [32m'0.00'[39m, [32m'4.29'[39m, [32m'3.45'[39m, [32m'0.00'[39m ]
data rcv RT:[ [32m'0.00'[39m, [32m'4.27'[39m, [32m'3.41'[39m, [32m'0.00'[39m ]
data rcv RT:[ [32m'0.00'[39m, [32m'4.28'[39m, [32m'3.42'[39m, [32m'0.00'[39m ]
data rcv RT:[ [32m'0.00'[39m, [32m'4.26'[39m, [32m'3.39'[39m, [32m'0.00'[39m ]
data rcv RT:[ [32m'0.00'[39m, [32m'4.28'[39m, [32m'3.38'[39m, [32m'0.00'[39m ]
data rcv RT:[ [32m'0.00'[39m, [32m'4.26'[39m, [32m'3.43'[39m, [32m'0.00'[39m ]
data rcv RT:[ [32m'0.00'[39m, [32m'4.29'[39m, [32m'3.38'[39m, [32m'0.00'[39m ]
data rcv RT:[ [32m'0.00'[39m, [32m'4.30'[39m, [32m'3.37'[39m, [32m'0.00'[39m ]
data rcv RT:[ [32m'0.00'[39m, [32m'4.31'[39m, [32m'3.37'[39m, [32m'0.00'[39m ]
data rcv RT:[ [32m'0.00'[39m, [32m'4.33'[39m, [32m'3.37'[39m, [32m'0.02'[39m ]
data rcv RT:[ [32m'0.00'[39m, [32m'4.33'[39m, [32m'3.39'[39m, [32m'0.00'[39m ]
data rcv RT:[ [32m'0.00'[39m, [32m'4.35'[39m, [32m'3.39'[39m, [32m'0.04'[39m ]
data rcv RT:[ [32m'0.00'[39m, [32m'4.36'[39m, [32m'3.37'[39m, [32m'0.03'[39m ]
data rcv RT:[ [32m'0.00'[39m, [32m'4.36'[39m, [32m'3.39'[39m, [32m'0.02'[39m ]
data rcv RT:[ [32m'0.00'[39m, [32m'4.34'[39m, [32m'3.44'[39m, [32m'0.00'[39m ]
data rcv RT:[ [32m'0.00'[39m, [32m'4.36'[39m, [32m'3.43'[39m, [32m'0.00'[39m ]
data rcv RT:[ [32m'0.00'[39m, [32m'4.35'[39m, [32m'3.42'[39m, [32m'0.00'[39m ]
data rcv RT:[ [32m'0.00'[39m, [32m'4.33'[39m, [32m'3.43'[39m, [32m'0.00'[39m ]
data rcv RT:[ [32m'0.00'[39m, [32m'4.27'[39m, [32m'3.41'[39m, [32m'0.00'[39m ]
data rcv RT:[ [32m'0.00'[39m, [32m'4.29'[39m, [32m'3.46'[39m, [32m'0.00'[39m ]
data rcv RT:[ [32m'0.00'[39m, [32m'4.29'[39m, [32m'3.44'[39m, [32m'0.00'[39m ]
data rcv RT:[ [32m'0.00'[39m, [32m'4.29'[39m, [32m'3.44'[39m, [32m'0.00'[39m ]
data rcv RT:[ [32m'0.00'[39m, [32m'4.30'[39m, [32m'3.42'[39m, [32m'0.00'[39m ]
data rcv RT:[ [32m'0.00'[39m, [32m'4.27'[39m, [32m'3.38'[39m, [32m'0.00'[39m ]
data rcv RT:[ [32m'0.00'[39m, [32m'4.28'[39m, [32m'3.40'[39m, [32m'0.00'[39m ]
data rcv RT:[ [32m'0.00'[39m, [32m'4.32'[39m, [32m'3.38'[39m, [32m'0.00'[39m ]
data rcv RT:[ [32m'0.00'[39m, [32m'4.32'[39m, [32m'3.38'[39m, [32m'0.00'[39m ]
data rcv RT:[ [32m'0.00'[39m, [32m'4.32'[39m, [32m'3.38'[39m, [32m'0.01'[39m ]
data rcv RT:[ [32m'0.00'[39m, [32m'4.33'[39m, [32m'3.40'[39m, [32m'0.01'[39m ]
data rcv RT:[ [32m'0.00'[39m, [32m'4.35'[39m, [32m'3.36'[39m, [32m'0.04'[39m ]
data rcv RT:[ [32m'0.00'[39m, [32m'4.37'[39m, [32m'3.40'[39m, [32m'0.03'[39m ]
data rcv RT:[ [32m'0.00'[39m, [32m'4.35'[39m, [32m'3.41'[39m, [32m'0.00'[39m ]
data rcv RT:[ [32m'0.00'[39m, [32m'4.33'[39m, [32m'3.44'[39m, [32m'0.00'[39m ]
data rcv RT:[ [32m'0.00'[39m, [32m'4.33'[39m, [32m'3.43'[39m, [32m'0.00'[39m ]
data rcv RT:[ [32m'0.00'[39m, [32m'4.33'[39m, [32m'3.43'[39m, [32m'0.00'[39m ]
data rcv RT:[ [32m'0.00'[39m, [32m'4.33'[39m, [32m'3.43'[39m, [32m'0.00'[39m ]
data rcv RT:[ [32m'0.00'[39m, [32m'4.31'[39m, [32m'3.45'[39m, [32m'0.00'[39m ]
data rcv RT:[ [32m'0.00'[39m, [32m'4.27'[39m, [32m'3.40'[39m, [32m'0.00'[39m ]
data rcv RT:[ [32m'0.00'[39m, [32m'4.27'[39m, [32m'3.42'[39m, [32m'0.00'[39m ]
data rcv RT:[ [32m'0.00'[39m, [32m'4.25'[39m, [32m'3.40'[39m, [32m'0.00'[39m ]
data rcv RT:[ [32m'0.00'[39m, [32m'4.27'[39m, [32m'3.40'[39m, [32m'0.00'[39m ]
data rcv RT:[ [32m'0.00'[39m, [32m'4.24'[39m, [32m'3.44'[39m, [32m'0.00'[39m ]
data rcv RT:[ [32m'0.00'[39m, [32m'4.25'[39m, [32m'3.41'[39m, [32m'0.00'[39m ]
data rcv RT:[ [32m'0.00'[39m, [32m'4.29'[39m, [32m'3.38'[39m, [32m'0.00'[39m ]
data rcv RT:[ [32m'0.00'[39m, [32m'4.29'[39m, [32m'3.40'[39m, [32m'0.01'[39m ]
data rcv RT:[ [32m'0.00'[39m, [32m'4.34'[39m, [32m'3.40'[39m, [32m'0.02'[39m ]
data rcv RT:[ [32m'0.00'[39m, [32m'4.32'[39m, [32m'3.39'[39m, [32m'0.01'[39m ]
data rcv RT:[ [32m'0.00'[39m, [32m'4.34'[39m, [32m'3.37'[39m, [32m'0.05'[39m ]
data rcv RT:[ [32m'0.00'[39m, [32m'4.38'[39m, [32m'3.42'[39m, [32m'0.00'[39m ]
data rcv RT:[ [32m'0.00'[39m, [32m'4.37'[39m, [32m'3.41'[39m, [32m'0.03'[39m ]
data rcv RT:[ [32m'0.00'[39m, [32m'4.36'[39m, [32m'3.42'[39m, [32m'0.00'[39m ]
data rcv RT:[ [32m'0.00'[39m, [32m'4.35'[39m, [32m'3.44'[39m, [32m'0.00'[39m ]
data rcv RT:[ [32m'0.00'[39m, [32m'4.32'[39m, [32m'3.42'[39m, [32m'0.00'[39m ]
data rcv RT:[ [32m'0.00'[39m, [32m'4.34'[39m, [32m'3.42'[39m, [32m'0.00'[39m ]
data rcv RT:[ [32m'0.00'[39m, [32m'4.29'[39m, [32m'3.44'[39m, [32m'0.00'[39m ]
data rcv RT:[ [32m'0.00'[39m, [32m'4.28'[39m, [32m'3.41'[39m, [32m'0.00'[39m ]
data rcv RT:[ [32m'0.00'[39m, [32m'4.25'[39m, [32m'3.41'[39m, [32m'0.00'[39m ]
data rcv RT:[ [32m'0.00'[39m, [32m'4.29'[39m, [32m'3.44'[39m, [32m'0.00'[39m ]
data rcv RT:[ [32m'0.00'[39m, [32m'4.27'[39m, [32m'3.38'[39m, [32m'0.00'[39m ]
data rcv RT:[ [32m'0.00'[39m, [32m'4.27'[39m, [32m'3.41'[39m, [32m'0.00'[39m ]
data rcv RT:[ [32m'0.00'[39m, [32m'4.30'[39m, [32m'3.38'[39m, [32m'0.00'[39m ]
data rcv RT:[ [32m'0.00'[39m, [32m'4.30'[39m, [32m'3.37'[39m, [32m'0.02'[39m ]
data rcv RT:[ [32m'0.00'[39m, [32m'4.38'[39m, [32m'3.37'[39m, [32m'0.05'[39m ]
data rcv RT:[ [32m'0.00'[39m, [32m'4.33'[39m, [32m'3.36'[39m, [32m'0.02'[39m ]
data rcv RT:[ [32m'0.00'[39m, [32m'4.37'[39m, [32m'3.37'[39m, [32m'0.04'[39m ]
data rcv RT:[ [32m'0.00'[39m, [32m'4.39'[39m, [32m'3.42'[39m, [32m'0.00'[39m ]
data rcv RT:[ [32m'0.00'[39m, [32m'4.33'[39m, [32m'3.44'[39m, [32m'0.00'[39m ]
data rcv RT:[ [32m'0.00'[39m, [32m'4.32'[39m, [32m'3.42'[39m, [32m'0.00'[39m ]
data rcv RT:[ [32m'0.00'[39m, [32m'4.30'[39m, [32m'3.45'[39m, [32m'0.00'[39m ]
data rcv RT:[ [32m'0.00'[39m, [32m'4.28'[39m, [32m'3.40'[39m, [32m'0.00'[39m ]
data rcv RT:[ [32m'0.00'[39m, [32m'4.27'[39m, [32m'3.42'[39m, [32m'0.00'[39m ]
data rcv RT:[ [32m'0.00'[39m, [32m'4.27'[39m, [32m'3.42'[39m, [32m'0.00'[39m ]
data rcv RT:[ [32m'0.00'[39m, [32m'4.28'[39m, [32m'3.41'[39m, [32m'0.00'[39m ]
data rcv RT:[ [32m'0.00'[39m, [32m'4.26'[39m, [32m'3.36'[39m, [32m'0.00'[39m ]
data rcv RT:[ [32m'0.00'[39m, [32m'4.30'[39m, [32m'3.36'[39m, [32m'0.01'[39m ]
data rcv RT:[ [32m'0.00'[39m, [32m'4.29'[39m, [32m'3.39'[39m, [32m'0.01'[39m ]
data rcv RT:[ [32m'0.00'[39m, [32m'4.33'[39m, [32m'3.39'[39m, [32m'0.01'[39m ]
data rcv RT:[ [32m'0.00'[39m, [32m'4.33'[39m, [32m'3.37'[39m, [32m'0.04'[39m ]
data rcv RT:[ [32m'0.00'[39m, [32m'4.38'[39m, [32m'3.40'[39m, [32m'0.03'[39m ]
data rcv RT:[ [32m'0.00'[39m, [32m'4.36'[39m, [32m'3.42'[39m, [32m'0.00'[39m ]
data rcv RT:[ [32m'0.00'[39m, [32m'4.34'[39m, [32m'3.44'[39m, [32m'0.00'[39m ]
data rcv RT:[ [32m'0.00'[39m, [32m'4.35'[39m, [32m'3.42'[39m, [32m'0.00'[39m ]
data rcv RT:[ [32m'0.00'[39m, [32m'4.30'[39m, [32m'3.41'[39m, [32m'0.00'[39m ]
data rcv RT:[ [32m'0.00'[39m, [32m'4.30'[39m, [32m'3.46'[39m, [32m'0.00'[39m ]
data rcv RT:[ [32m'0.00'[39m, [32m'4.25'[39m, [32m'3.38'[39m, [32m'0.00'[39m ]
data rcv RT:[ [32m'0.00'[39m, [32m'4.26'[39m, [32m'3.42'[39m, [32m'0.00'[39m ]
data rcv RT:[ [32m'0.00'[39m, [32m'4.27'[39m, [32m'3.38'[39m, [32m'0.00'[39m ]
data rcv RT:[ [32m'0.00'[39m, [32m'4.30'[39m, [32m'3.38'[39m, [32m'0.00'[39m ]
data rcv RT:[ [32m'0.00'[39m, [32m'4.28'[39m, [32m'3.38'[39m, [32m'0.00'[39m ]
data rcv RT:[ [32m'0.00'[39m, [32m'4.30'[39m, [32m'3.37'[39m, [32m'0.00'[39m ]
data rcv RT:[ [32m'0.00'[39m, [32m'4.34'[39m, [32m'3.38'[39m, [32m'0.03'[39m ]
data rcv RT:[ [32m'0.00'[39m, [32m'4.37'[39m, [32m'3.38'[39m, [32m'0.02'[39m ]
data rcv RT:[ [32m'0.00'[39m, [32m'4.37'[39m, [32m'3.42'[39m, [32m'0.01'[39m ]
data rcv RT:[ [32m'0.00'[39m, [32m'4.26'[39m, [32m'3.42'[39m, [32m'0.00'[39m ]
data rcv RT:[ [32m'0.00'[39m, [32m'4.26'[39m, [32m'3.42'[39m, [32m'0.00'[39m ]
data rcv RT:[ [32m'0.00'[39m, [32m'4.29'[39m, [32m'3.38'[39m, [32m'0.00'[39m ]
data rcv RT:[ [32m'0.00'[39m, [32m'4.27'[39m, [32m'3.35'[39m, [32m'0.00'[39m ]
data rcv RT:[ [32m'0.00'[39m, [32m'4.31'[39m, [32m'3.39'[39m, [32m'0.01'[39m ]
data rcv RT:[ [32m'0.00'[39m, [32m'4.34'[39m, [32m'3.39'[39m, [32m'0.02'[39m ]
data rcv RT:[ [32m'0.00'[39m, [32m'4.31'[39m, [32m'3.35'[39m, [32m'0.05'[39m ]
data rcv RT:[ [32m'0.00'[39m, [32m'4.37'[39m, [32m'3.41'[39m, [32m'0.00'[39m ]
data rcv RT:[ [32m'0.00'[39m, [32m'4.37'[39m, [32m'3.40'[39m, [32m'0.00'[39m ]
data rcv RT:[ [32m'0.00'[39m, [32m'4.32'[39m, [32m'3.45'[39m, [32m'0.00'[39m ]
data rcv RT:[ [32m'0.00'[39m, [32m'4.30'[39m, [32m'3.42'[39m, [32m'0.00'[39m ]
data rcv RT:[ [32m'0.00'[39m, [32m'4.30'[39m, [32m'3.44'[39m, [32m'0.00'[39m ]
data rcv RT:[ [32m'0.00'[39m, [32m'4.30'[39m, [32m'3.43'[39m, [32m'0.00'[39m ]
data rcv RT:[ [32m'0.00'[39m, [32m'4.25'[39m, [32m'3.41'[39m, [32m'0.00'[39m ]
data rcv RT:[ [32m'0.00'[39m, [32m'4.26'[39m, [32m'3.38'[39m, [32m'0.00'[39m ]
data rcv RT:[ [32m'0.00'[39m, [32m'4.28'[39m, [32m'3.39'[39m, [32m'0.00'[39m ]
data rcv RT:[ [32m'0.00'[39m, [32m'4.30'[39m, [32m'3.39'[39m, [32m'0.00'[39m ]
data rcv RT:[ [32m'0.00'[39m, [32m'4.33'[39m, [32m'3.39'[39m, [32m'0.03'[39m ]
data rcv RT:[ [32m'0.00'[39m, [32m'4.39'[39m, [32m'3.41'[39m, [32m'0.01'[39m ]
data rcv RT:[ [32m'0.00'[39m, [32m'4.35'[39m, [32m'3.43'[39m, [32m'0.00'[39m ]
data rcv RT:[ [32m'0.00'[39m, [32m'4.33'[39m, [32m'3.44'[39m, [32m'0.00'[39m ]
data rcv RT:[ [32m'0.00'[39m, [32m'4.36'[39m, [32m'3.42'[39m, [32m'0.00'[39m ]
data rcv RT:[ [32m'0.00'[39m, [32m'4.33'[39m, [32m'3.42'[39m, [32m'0.00'[39m ]
data rcv RT:[ [32m'0.00'[39m, [32m'4.32'[39m, [32m'3.44'[39m, [32m'0.00'[39m ]
data rcv RT:[ [32m'0.00'[39m, [32m'4.32'[39m, [32m'3.41'[39m, [32m'0.00'[39m ]
data rcv RT:[ [32m'0.00'[39m, [32m'4.25'[39m, [32m'3.44'[39m, [32m'0.00'[39m ]
data rcv RT:[ [32m'0.00'[39m, [32m'4.24'[39m, [32m'3.41'[39m, [32m'0.00'[39m ]
data rcv RT:[ [32m'0.00'[39m, [32m'4.25'[39m, [32m'3.40'[39m, [32m'0.00'[39m ]
data rcv RT:[ [32m'0.00'[39m, [32m'4.29'[39m, [32m'3.36'[39m, [32m'0.00'[39m ]
data rcv RT:[ [32m'0.00'[39m, [32m'4.31'[39m, [32m'3.39'[39m, [32m'0.00'[39m ]
data rcv RT:[ [32m'0.00'[39m, [32m'4.31'[39m, [32m'3.36'[39m, [32m'0.00'[39m ]
data rcv RT:[ [32m'0.00'[39m, [32m'4.35'[39m, [32m'3.40'[39m, [32m'0.02'[39m ]
data rcv RT:[ [32m'0.00'[39m, [32m'4.36'[39m, [32m'3.38'[39m, [32m'0.03'[39m ]
data rcv RT:[ [32m'0.00'[39m, [32m'4.39'[39m, [32m'3.41'[39m, [32m'0.00'[39m ]
data rcv RT:[ [32m'0.00'[39m, [32m'4.37'[39m, [32m'3.43'[39m, [32m'0.00'[39m ]
data rcv RT:[ [32m'0.00'[39m, [32m'4.33'[39m, [32m'3.42'[39m, [32m'0.00'[39m ]
data rcv RT:[ [32m'0.00'[39m, [32m'4.30'[39m, [32m'3.42'[39m, [32m'0.00'[39m ]
data rcv RT:[ [32m'0.00'[39m, [32m'4.32'[39m, [32m'3.42'[39m, [32m'0.00'[39m ]
data rcv RT:[ [32m'0.00'[39m, [32m'4.28'[39m, [32m'3.44'[39m, [32m'0.00'[39m ]
data rcv RT:[ [32m'0.00'[39m, [32m'4.29'[39m, [32m'3.41'[39m, [32m'0.00'[39m ]
data rcv RT:[ [32m'0.00'[39m, [32m'4.25'[39m, [32m'3.41'[39m, [32m'0.00'[39m ]
data rcv RT:[ [32m'0.00'[39m, [32m'4.31'[39m, [32m'3.39'[39m, [32m'0.01'[39m ]
data rcv RT:[ [32m'0.00'[39m, [32m'4.30'[39m, [32m'3.36'[39m, [32m'0.00'[39m ]
data rcv RT:[ [32m'0.00'[39m, [32m'4.32'[39m, [32m'3.37'[39m, [32m'0.00'[39m ]
data rcv RT:[ [32m'0.00'[39m, [32m'4.32'[39m, [32m'3.36'[39m, [32m'0.05'[39m ]
data rcv RT:[ [32m'0.00'[39m, [32m'4.38'[39m, [32m'3.40'[39m, [32m'0.00'[39m ]
data rcv RT:[ [32m'0.00'[39m, [32m'4.37'[39m, [32m'3.40'[39m, [32m'0.01'[39m ]
data rcv RT:[ [32m'0.00'[39m, [32m'4.37'[39m, [32m'3.43'[39m, [32m'0.00'[39m ]
data rcv RT:[ [32m'0.00'[39m, [32m'4.32'[39m, [32m'3.43'[39m, [32m'0.00'[39m ]
data rcv RT:[ [32m'0.00'[39m, [32m'4.33'[39m, [32m'3.43'[39m, [32m'0.00'[39m ]
data rcv RT:[ [32m'0.00'[39m, [32m'4.31'[39m, [32m'3.43'[39m, [32m'0.00'[39m ]
data rcv RT:[ [32m'0.00'[39m, [32m'4.31'[39m, [32m'3.43'[39m, [32m'0.00'[39m ]
data rcv RT:[ [32m'0.00'[39m, [32m'4.29'[39m, [32m'3.42'[39m, [32m'0.00'[39m ]
data rcv RT:[ [32m'0.00'[39m, [32m'4.29'[39m, [32m'3.40'[39m, [32m'0.00'[39m ]
data rcv RT:[ [32m'0.00'[39m, [32m'4.30'[39m, [32m'3.38'[39m, [32m'0.00'[39m ]
data rcv RT:[ [32m'0.00'[39m, [32m'4.30'[39m, [32m'3.39'[39m, [32m'0.00'[39m ]
data rcv RT:[ [32m'0.00'[39m, [32m'4.32'[39m, [32m'3.38'[39m, [32m'0.00'[39m ]
data rcv RT:[ [32m'0.00'[39m, [32m'4.34'[39m, [32m'3.35'[39m, [32m'0.04'[39m ]
data rcv RT:[ [32m'0.00'[39m, [32m'4.40'[39m, [32m'3.40'[39m, [32m'0.02'[39m ]
data rcv RT:[ [32m'0.00'[39m, [32m'4.38'[39m, [32m'3.38'[39m, [32m'0.03'[39m ]
data rcv RT:[ [32m'0.00'[39m, [32m'4.35'[39m, [32m'3.42'[39m, [32m'0.00'[39m ]
data rcv RT:[ [32m'0.00'[39m, [32m'4.34'[39m, [32m'3.42'[39m, [32m'0.00'[39m ]
data rcv RT:[ [32m'0.00'[39m, [32m'4.31'[39m, [32m'3.44'[39m, [32m'0.00'[39m ]
data rcv RT:[ [32m'0.00'[39m, [32m'4.29'[39m, [32m'3.42'[39m, [32m'0.00'[39m ]
data rcv RT:[ [32m'0.00'[39m, [32m'4.31'[39m, [32m'3.44'[39m, [32m'0.00'[39m ]
data rcv RT:[ [32m'0.00'[39m, [32m'4.28'[39m, [32m'3.39'[39m, [32m'0.00'[39m ]
data rcv RT:[ [32m'0.00'[39m, [32m'4.25'[39m, [32m'3.40'[39m, [32m'0.00'[39m ]
data rcv RT:[ [32m'0.00'[39m, [32m'4.26'[39m, [32m'3.40'[39m, [32m'0.00'[39m ]
data rcv RT:[ [32m'0.00'[39m, [32m'4.26'[39m, [32m'3.39'[39m, [32m'0.00'[39m ]
data rcv RT:[ [32m'0.00'[39m, [32m'4.29'[39m, [32m'3.39'[39m, [32m'0.00'[39m ]
data rcv RT:[ [32m'0.00'[39m, [32m'4.33'[39m, [32m'3.36'[39m, [32m'0.02'[39m ]
data rcv RT:[ [32m'0.00'[39m, [32m'4.33'[39m, [32m'3.38'[39m, [32m'0.00'[39m ]
data rcv RT:[ [32m'0.00'[39m, [32m'4.33'[39m, [32m'3.37'[39m, [32m'0.03'[39m ]
data rcv RT:[ [32m'0.00'[39m, [32m'4.37'[39m, [32m'3.38'[39m, [32m'0.02'[39m ]
data rcv RT:[ [32m'0.00'[39m, [32m'4.37'[39m, [32m'3.43'[39m, [32m'0.01'[39m ]
data rcv RT:[ [32m'0.00'[39m, [32m'4.37'[39m, [32m'3.41'[39m, [32m'0.02'[39m ]
data rcv RT:[ [32m'0.00'[39m, [32m'4.35'[39m, [32m'3.42'[39m, [32m'0.00'[39m ]
data rcv RT:[ [32m'0.00'[39m, [32m'4.36'[39m, [32m'3.43'[39m, [32m'0.00'[39m ]
data rcv RT:[ [32m'0.00'[39m, [32m'4.31'[39m, [32m'3.43'[39m, [32m'0.00'[39m ]
data rcv RT:[ [32m'0.00'[39m, [32m'4.30'[39m, [32m'3.48'[39m, [32m'0.00'[39m ]
data rcv RT:[ [32m'0.00'[39m, [32m'4.29'[39m, [32m'3.42'[39m, [32m'0.00'[39m ]
data rcv RT:[ [32m'0.00'[39m, [32m'4.27'[39m, [32m'3.41'[39m, [32m'0.00'[39m ]
data rcv RT:[ [32m'0.00'[39m, [32m'4.26'[39m, [32m'3.40'[39m, [32m'0.00'[39m ]
data rcv RT:[ [32m'0.00'[39m, [32m'4.29'[39m, [32m'3.36'[39m, [32m'0.00'[39m ]
data rcv RT:[ [32m'0.00'[39m, [32m'4.27'[39m, [32m'3.39'[39m, [32m'0.00'[39m ]
data rcv RT:[ [32m'0.00'[39m, [32m'4.33'[39m, [32m'3.39'[39m, [32m'0.01'[39m ]
data rcv RT:[ [32m'0.00'[39m, [32m'4.37'[39m, [32m'3.38'[39m, [32m'0.05'[39m ]
data rcv RT:[ [32m'0.00'[39m, [32m'4.37'[39m, [32m'3.36'[39m, [32m'0.05'[39m ]
data rcv RT:[ [32m'0.00'[39m, [32m'4.34'[39m, [32m'3.37'[39m, [32m'0.03'[39m ]
data rcv RT:[ [32m'0.00'[39m, [32m'4.35'[39m, [32m'3.43'[39m, [32m'0.00'[39m ]
data rcv RT:[ [32m'0.00'[39m, [32m'4.37'[39m, [32m'3.43'[39m, [32m'0.00'[39m ]
data rcv RT:[ [32m'0.00'[39m, [32m'4.31'[39m, [32m'3.43'[39m, [32m'0.00'[39m ]
data rcv RT:[ [32m'0.00'[39m, [32m'4.30'[39m, [32m'3.44'[39m, [32m'0.00'[39m ]
data rcv RT:[ [32m'0.00'[39m, [32m'4.29'[39m, [32m'3.44'[39m, [32m'0.00'[39m ]
data rcv RT:[ [32m'0.00'[39m, [32m'4.25'[39m, [32m'3.39'[39m, [32m'0.00'[39m ]
data rcv RT:[ [32m'0.00'[39m, [32m'4.29'[39m, [32m'3.39'[39m, [32m'0.00'[39m ]
data rcv RT:[ [32m'0.00'[39m, [32m'4.29'[39m, [32m'3.41'[39m, [32m'0.00'[39m ]
data rcv RT:[ [32m'0.00'[39m, [32m'4.29'[39m, [32m'3.39'[39m, [32m'0.00'[39m ]
data rcv RT:[ [32m'0.00'[39m, [32m'4.32'[39m, [32m'3.40'[39m, [32m'0.00'[39m ]
data rcv RT:[ [32m'0.00'[39m, [32m'4.36'[39m, [32m'3.40'[39m, [32m'0.03'[39m ]
data rcv RT:[ [32m'0.00'[39m, [32m'4.41'[39m, [32m'3.43'[39m, [32m'0.02'[39m ]
data rcv RT:[ [32m'0.00'[39m, [32m'4.36'[39m, [32m'3.45'[39m, [32m'0.00'[39m ]
data rcv RT:[ [32m'0.00'[39m, [32m'4.34'[39m, [32m'3.43'[39m, [32m'0.00'[39m ]
data rcv RT:[ [32m'0.00'[39m, [32m'4.35'[39m, [32m'3.42'[39m, [32m'0.00'[39m ]
data rcv RT:[ [32m'0.00'[39m, [32m'4.32'[39m, [32m'3.42'[39m, [32m'0.00'[39m ]
data rcv RT:[ [32m'0.00'[39m, [32m'4.29'[39m, [32m'3.43'[39m, [32m'0.00'[39m ]
data rcv RT:[ [32m'0.00'[39m, [32m'4.26'[39m, [32m'3.41'[39m, [32m'0.00'[39m ]
data rcv RT:[ [32m'0.00'[39m, [32m'4.25'[39m, [32m'3.41'[39m, [32m'0.00'[39m ]
data rcv RT:[ [32m'0.00'[39m, [32m'4.28'[39m, [32m'3.37'[39m, [32m'0.00'[39m ]
data rcv RT:[ [32m'0.00'[39m, [32m'4.30'[39m, [32m'3.40'[39m, [32m'0.00'[39m ]
data rcv RT:[ [32m'0.00'[39m, [32m'4.32'[39m, [32m'3.40'[39m, [32m'0.00'[39m ]
data rcv RT:[ [32m'0.00'[39m, [32m'4.38'[39m, [32m'3.39'[39m, [32m'0.02'[39m ]
data rcv RT:[ [32m'0.00'[39m, [32m'4.37'[39m, [32m'3.36'[39m, [32m'0.07'[39m ]
data rcv RT:[ [32m'0.00'[39m, [32m'4.37'[39m, [32m'3.40'[39m, [32m'0.00'[39m ]
data rcv RT:[ [32m'0.00'[39m, [32m'4.34'[39m, [32m'3.41'[39m, [32m'0.00'[39m ]
data rcv RT:[ [32m'0.00'[39m, [32m'4.34'[39m, [32m'3.44'[39m, [32m'0.00'[39m ]
data rcv RT:[ [32m'0.00'[39m, [32m'4.33'[39m, [32m'3.43'[39m, [32m'0.00'[39m ]
data rcv RT:[ [32m'0.00'[39m, [32m'4.31'[39m, [32m'3.44'[39m, [32m'0.00'[39m ]
data rcv RT:[ [32m'0.00'[39m, [32m'4.29'[39m, [32m'3.41'[39m, [32m'0.00'[39m ]
data rcv RT:[ [32m'0.00'[39m, [32m'4.25'[39m, [32m'3.42'[39m, [32m'0.00'[39m ]
data rcv RT:[ [32m'0.00'[39m, [32m'4.27'[39m, [32m'3.40'[39m, [32m'0.00'[39m ]
data rcv RT:[ [32m'0.00'[39m, [32m'4.26'[39m, [32m'3.41'[39m, [32m'0.00'[39m ]
data rcv RT:[ [32m'0.00'[39m, [32m'4.27'[39m, [32m'3.41'[39m, [32m'0.00'[39m ]
data rcv RT:[ [32m'0.00'[39m, [32m'4.33'[39m, [32m'3.37'[39m, [32m'0.00'[39m ]
data rcv RT:[ [32m'0.00'[39m, [32m'4.37'[39m, [32m'3.39'[39m, [32m'0.04'[39m ]
data rcv RT:[ [32m'0.00'[39m, [32m'4.33'[39m, [32m'3.37'[39m, [32m'0.01'[39m ]
data rcv RT:[ [32m'0.00'[39m, [32m'4.37'[39m, [32m'3.37'[39m, [32m'0.06'[39m ]
client Front End connected
Socket {
  nsp: 
   Namespace {
     name: [32m'/'[39m,
     server: 
      Server {
        nsps: [36m[Object][39m,
        _path: [32m'/socket.io'[39m,
        _serveClient: [33mtrue[39m,
        _adapter: [36m[Function: Adapter][39m,
        _origins: [32m'*:*'[39m,
        sockets: [36m[Circular][39m,
        eio: [36m[Object][39m,
        httpServer: [36m[Object][39m,
        engine: [36m[Object][39m },
     sockets: { [32m'/#GT74UR9ZqekHRSR-AAAF'[39m: [36m[Circular][39m },
     connected: { [32m'/#GT74UR9ZqekHRSR-AAAF'[39m: [36m[Circular][39m },
     fns: [],
     ids: [33m0[39m,
     adapter: 
      Adapter {
        nsp: [36m[Circular][39m,
        rooms: [36m[Object][39m,
        sids: [36m[Object][39m,
        encoder: Encoder {} },
     _events: { connection: [36m[Function][39m },
     _eventsCount: [33m1[39m },
  server: 
   Server {
     nsps: { [32m'/'[39m: [36m[Object][39m },
     _path: [32m'/socket.io'[39m,
     _serveClient: [33mtrue[39m,
     _adapter: [36m[Function: Adapter][39m,
     _origins: [32m'*:*'[39m,
     sockets: 
      Namespace {
        name: [32m'/'[39m,
        server: [36m[Circular][39m,
        sockets: [36m[Object][39m,
        connected: [36m[Object][39m,
        fns: [],
        ids: [33m0[39m,
        adapter: [36m[Object][39m,
        _events: [36m[Object][39m,
        _eventsCount: [33m1[39m },
     eio: 
      Server {
        clients: [36m[Object][39m,
        clientsCount: [33m1[39m,
        pingTimeout: [33m60000[39m,
        pingInterval: [33m25000[39m,
        upgradeTimeout: [33m10000[39m,
        maxHttpBufferSize: [33m100000000[39m,
        transports: [36m[Object][39m,
        allowUpgrades: [33mtrue[39m,
        allowRequest: [36m[Function: bound ][39m,
        cookie: [32m'io'[39m,
        cookiePath: [33mfalse[39m,
        perMessageDeflate: [36m[Object][39m,
        httpCompression: [36m[Object][39m,
        ws: [36m[Object][39m,
        _events: [36m[Object][39m,
        _eventsCount: [33m1[39m },
     httpServer: 
      Server {
        domain: [1mnull[22m,
        _events: [36m[Object][39m,
        _eventsCount: [33m4[39m,
        _maxListeners: [90mundefined[39m,
        _connections: [33m1[39m,
        _handle: [36m[Object][39m,
        _usingSlaves: [33mfalse[39m,
        _slaves: [],
        _unref: [33mfalse[39m,
        allowHalfOpen: [33mtrue[39m,
        pauseOnConnect: [33mfalse[39m,
        httpAllowHalfOpen: [33mfalse[39m,
        timeout: [33m120000[39m,
        _pendingResponseData: [33m0[39m,
        _connectionKey: [32m'6::::3000'[39m },
     engine: 
      Server {
        clients: [36m[Object][39m,
        clientsCount: [33m1[39m,
        pingTimeout: [33m60000[39m,
        pingInterval: [33m25000[39m,
        upgradeTimeout: [33m10000[39m,
        maxHttpBufferSize: [33m100000000[39m,
        transports: [36m[Object][39m,
        allowUpgrades: [33mtrue[39m,
        allowRequest: [36m[Function: bound ][39m,
        cookie: [32m'io'[39m,
        cookiePath: [33mfalse[39m,
        perMessageDeflate: [36m[Object][39m,
        httpCompression: [36m[Object][39m,
        ws: [36m[Object][39m,
        _events: [36m[Object][39m,
        _eventsCount: [33m1[39m } },
  adapter: 
   Adapter {
     nsp: 
      Namespace {
        name: [32m'/'[39m,
        server: [36m[Object][39m,
        sockets: [36m[Object][39m,
        connected: [36m[Object][39m,
        fns: [],
        ids: [33m0[39m,
        adapter: [36m[Circular][39m,
        _events: [36m[Object][39m,
        _eventsCount: [33m1[39m },
     rooms: { [32m'/#GT74UR9ZqekHRSR-AAAF'[39m: [36m[Object][39m },
     sids: { [32m'/#GT74UR9ZqekHRSR-AAAF'[39m: [36m[Object][39m },
     encoder: Encoder {} },
  id: [32m'/#GT74UR9ZqekHRSR-AAAF'[39m,
  client: 
   Client {
     server: 
      Server {
        nsps: [36m[Object][39m,
        _path: [32m'/socket.io'[39m,
        _serveClient: [33mtrue[39m,
        _adapter: [36m[Function: Adapter][39m,
        _origins: [32m'*:*'[39m,
        sockets: [36m[Object][39m,
        eio: [36m[Object][39m,
        httpServer: [36m[Object][39m,
        engine: [36m[Object][39m },
     conn: 
      Socket {
        id: [32m'GT74UR9ZqekHRSR-AAAF'[39m,
        server: [36m[Object][39m,
        upgrading: [33mfalse[39m,
        upgraded: [33mfalse[39m,
        readyState: [32m'open'[39m,
        writeBuffer: [36m[Object][39m,
        packetsFn: [36m[Object][39m,
        sentCallbackFn: [],
        cleanupFn: [36m[Object][39m,
        request: [36m[Object][39m,
        remoteAddress: [32m'::ffff:10.210.30.41'[39m,
        checkIntervalTimer: [1mnull[22m,
        upgradeTimeoutTimer: [1mnull[22m,
        pingTimeoutTimer: [36m[Object][39m,
        transport: [36m[Object][39m,
        _events: [36m[Object][39m,
        _eventsCount: [33m3[39m },
     encoder: Encoder {},
     decoder: Decoder { reconstructor: [1mnull[22m, _callbacks: [36m[Object][39m },
     id: [32m'GT74UR9ZqekHRSR-AAAF'[39m,
     request: 
      IncomingMessage {
        _readableState: [36m[Object][39m,
        readable: [33mtrue[39m,
        domain: [1mnull[22m,
        _events: {},
        _eventsCount: [33m0[39m,
        _maxListeners: [90mundefined[39m,
        socket: [36m[Object][39m,
        connection: [36m[Object][39m,
        httpVersionMajor: [33m1[39m,
        httpVersionMinor: [33m1[39m,
        httpVersion: [32m'1.1'[39m,
        complete: [33mtrue[39m,
        headers: [36m[Object][39m,
        rawHeaders: [36m[Object][39m,
        trailers: {},
        rawTrailers: [],
        upgrade: [33mfalse[39m,
        url: [32m'/socket.io/?EIO=3&transport=polling&t=LTlEReG'[39m,
        method: [32m'GET'[39m,
        statusCode: [1mnull[22m,
        statusMessage: [1mnull[22m,
        client: [36m[Object][39m,
        _consuming: [33mfalse[39m,
        _dumped: [33mtrue[39m,
        _query: [36m[Object][39m,
        res: [36m[Object][39m,
        cleanup: [36m[Function: cleanup][39m },
     onclose: [36m[Function: bound ][39m,
     ondata: [36m[Function: bound ][39m,
     onerror: [36m[Function: bound ][39m,
     ondecoded: [36m[Function: bound ][39m,
     sockets: { [32m'/#GT74UR9ZqekHRSR-AAAF'[39m: [36m[Circular][39m },
     nsps: { [32m'/'[39m: [36m[Circular][39m },
     connectBuffer: [] },
  conn: 
   Socket {
     id: [32m'GT74UR9ZqekHRSR-AAAF'[39m,
     server: 
      Server {
        clients: [36m[Object][39m,
        clientsCount: [33m1[39m,
        pingTimeout: [33m60000[39m,
        pingInterval: [33m25000[39m,
        upgradeTimeout: [33m10000[39m,
        maxHttpBufferSize: [33m100000000[39m,
        transports: [36m[Object][39m,
        allowUpgrades: [33mtrue[39m,
        allowRequest: [36m[Function: bound ][39m,
        cookie: [32m'io'[39m,
        cookiePath: [33mfalse[39m,
        perMessageDeflate: [36m[Object][39m,
        httpCompression: [36m[Object][39m,
        ws: [36m[Object][39m,
        _events: [36m[Object][39m,
        _eventsCount: [33m1[39m },
     upgrading: [33mfalse[39m,
     upgraded: [33mfalse[39m,
     readyState: [32m'open'[39m,
     writeBuffer: [ [36m[Object][39m ],
     packetsFn: [ [90mundefined[39m ],
     sentCallbackFn: [],
     cleanupFn: [ [36m[Function][39m, [36m[Function][39m ],
     request: 
      IncomingMessage {
        _readableState: [36m[Object][39m,
        readable: [33mtrue[39m,
        domain: [1mnull[22m,
        _events: {},
        _eventsCount: [33m0[39m,
        _maxListeners: [90mundefined[39m,
        socket: [36m[Object][39m,
        connection: [36m[Object][39m,
        httpVersionMajor: [33m1[39m,
        httpVersionMinor: [33m1[39m,
        httpVersion: [32m'1.1'[39m,
        complete: [33mtrue[39m,
        headers: [36m[Object][39m,
        rawHeaders: [36m[Object][39m,
        trailers: {},
        rawTrailers: [],
        upgrade: [33mfalse[39m,
        url: [32m'/socket.io/?EIO=3&transport=polling&t=LTlEReG'[39m,
        method: [32m'GET'[39m,
        statusCode: [1mnull[22m,
        statusMessage: [1mnull[22m,
        client: [36m[Object][39m,
        _consuming: [33mfalse[39m,
        _dumped: [33mtrue[39m,
        _query: [36m[Object][39m,
        res: [36m[Object][39m,
        cleanup: [36m[Function: cleanup][39m },
     remoteAddress: [32m'::ffff:10.210.30.41'[39m,
     checkIntervalTimer: [1mnull[22m,
     upgradeTimeoutTimer: [1mnull[22m,
     pingTimeoutTimer: 
      Timeout {
        _called: [33mfalse[39m,
        _idleTimeout: [33m85000[39m,
        _idlePrev: [36m[Object][39m,
        _idleNext: [36m[Object][39m,
        _idleStart: [33m2488426[39m,
        _onTimeout: [36m[Function][39m,
        _repeat: [1mnull[22m },
     transport: 
      XHR {
        readyState: [32m'open'[39m,
        discarded: [33mfalse[39m,
        closeTimeout: [33m30000[39m,
        maxHttpBufferSize: [33m100000000[39m,
        httpCompression: [36m[Object][39m,
        supportsBinary: [33mtrue[39m,
        _events: [36m[Object][39m,
        _eventsCount: [33m5[39m,
        sid: [32m'GT74UR9ZqekHRSR-AAAF'[39m,
        req: [1mnull[22m,
        res: [1mnull[22m,
        writable: [33mfalse[39m },
     _events: 
      { close: [36m[Object][39m,
        data: [36m[Function: bound ][39m,
        error: [36m[Function: bound ][39m },
     _eventsCount: [33m3[39m },
  rooms: {},
  acks: {},
  connected: [33mtrue[39m,
  disconnected: [33mfalse[39m,
  handshake: 
   { headers: 
      { host: [32m'10.210.30.148:3000'[39m,
        connection: [32m'keep-alive'[39m,
        [32m'cache-control'[39m: [32m'max-age=0'[39m,
        origin: [32m'http://10.210.30.148'[39m,
        [32m'user-agent'[39m: [32m'Mozilla/5.0 (Windows NT 5.1) AppleWebKit/537.36 (KHTML, like Gecko) Chrome/49.0.2623.112 Safari/537.36'[39m,
        accept: [32m'*/*'[39m,
        referer: [32m'http://10.210.30.148/sku/'[39m,
        [32m'accept-encoding'[39m: [32m'gzip, deflate, sdch'[39m,
        [32m'accept-language'[39m: [32m'ru-RU,ru;q=0.8,en-US;q=0.6,en;q=0.4'[39m,
        cookie: [32m'io=gtd6sdksbQkhVyLWAAAE'[39m },
     time: [32m'Wed Sep 28 2016 09:16:40 GMT+0400 (SAMT)'[39m,
     address: [32m'::ffff:10.210.30.41'[39m,
     xdomain: [33mtrue[39m,
     secure: [33mfalse[39m,
     issued: [33m1475039800643[39m,
     url: [32m'/socket.io/?EIO=3&transport=polling&t=LTlEReG'[39m,
     query: { EIO: [32m'3'[39m, transport: [32m'polling'[39m, t: [32m'LTlEReG'[39m } } }
data rcv RT:[ [32m'0.00'[39m, [32m'4.36'[39m, [32m'3.43'[39m, [32m'0.04'[39m ]
data rcv RT:[ [32m'0.00'[39m, [32m'4.38'[39m, [32m'3.41'[39m, [32m'0.02'[39m ]
data rcv RT:[ [32m'0.00'[39m, [32m'4.35'[39m, [32m'3.43'[39m, [32m'0.00'[39m ]
data rcv RT:[ [32m'0.00'[39m, [32m'4.29'[39m, [32m'3.41'[39m, [32m'0.00'[39m ]
data rcv RT:[ [32m'0.00'[39m, [32m'4.30'[39m, [32m'3.45'[39m, [32m'0.00'[39m ]
data rcv RT:[ [32m'0.00'[39m, [32m'4.30'[39m, [32m'3.44'[39m, [32m'0.00'[39m ]
data rcv RT:[ [32m'0.00'[39m, [32m'4.27'[39m, [32m'3.42'[39m, [32m'0.00'[39m ]
data rcv RT:[ [32m'0.00'[39m, [32m'4.28'[39m, [32m'3.41'[39m, [32m'0.00'[39m ]
data rcv RT:[ [32m'0.00'[39m, [32m'4.28'[39m, [32m'3.37'[39m, [32m'0.00'[39m ]
data rcv RT:[ [32m'0.00'[39m, [32m'4.30'[39m, [32m'3.38'[39m, [32m'0.01'[39m ]
data rcv RT:[ [32m'0.00'[39m, [32m'4.32'[39m, [32m'3.37'[39m, [32m'0.03'[39m ]
data rcv RT:[ [32m'0.00'[39m, [32m'4.33'[39m, [32m'3.38'[39m, [32m'0.05'[39m ]
data rcv RT:[ [32m'0.00'[39m, [32m'4.36'[39m, [32m'3.39'[39m, [32m'0.02'[39m ]
data rcv RT:[ [32m'0.00'[39m, [32m'4.36'[39m, [32m'3.44'[39m, [32m'0.00'[39m ]
data rcv RT:[ [32m'0.00'[39m, [32m'4.30'[39m, [32m'3.44'[39m, [32m'0.00'[39m ]
data rcv RT:[ [32m'0.00'[39m, [32m'4.32'[39m, [32m'3.43'[39m, [32m'0.00'[39m ]
data rcv RT:[ [32m'0.00'[39m, [32m'4.30'[39m, [32m'3.45'[39m, [32m'0.00'[39m ]
data rcv RT:[ [32m'0.00'[39m, [32m'4.29'[39m, [32m'3.46'[39m, [32m'0.00'[39m ]
data rcv RT:[ [32m'0.00'[39m, [32m'4.25'[39m, [32m'3.42'[39m, [32m'0.00'[39m ]
data rcv RT:[ [32m'0.00'[39m, [32m'4.27'[39m, [32m'3.40'[39m, [32m'0.00'[39m ]
data rcv RT:[ [32m'0.00'[39m, [32m'4.28'[39m, [32m'3.39'[39m, [32m'0.00'[39m ]
data rcv RT:[ [32m'0.00'[39m, [32m'4.29'[39m, [32m'3.39'[39m, [32m'0.01'[39m ]
data rcv RT:[ [32m'0.00'[39m, [32m'4.32'[39m, [32m'3.38'[39m, [32m'0.00'[39m ]
data rcv RT:[ [32m'0.00'[39m, [32m'4.32'[39m, [32m'3.35'[39m, [32m'0.05'[39m ]
data rcv RT:[ [32m'0.00'[39m, [32m'4.37'[39m, [32m'3.36'[39m, [32m'0.05'[39m ]
data rcv RT:[ [32m'0.00'[39m, [32m'4.35'[39m, [32m'3.37'[39m, [32m'0.04'[39m ]
data rcv RT:[ [32m'0.00'[39m, [32m'4.36'[39m, [32m'3.44'[39m, [32m'0.00'[39m ]
data rcv RT:[ [32m'0.00'[39m, [32m'4.33'[39m, [32m'3.44'[39m, [32m'0.00'[39m ]
data rcv RT:[ [32m'0.00'[39m, [32m'4.32'[39m, [32m'3.43'[39m, [32m'0.00'[39m ]
data rcv RT:[ [32m'0.00'[39m, [32m'4.31'[39m, [32m'3.42'[39m, [32m'0.00'[39m ]
data rcv RT:[ [32m'0.00'[39m, [32m'4.31'[39m, [32m'3.43'[39m, [32m'0.00'[39m ]
data rcv RT:[ [32m'0.00'[39m, [32m'4.31'[39m, [32m'3.42'[39m, [32m'0.00'[39m ]
data rcv RT:[ [32m'0.00'[39m, [32m'4.24'[39m, [32m'3.41'[39m, [32m'0.00'[39m ]
data rcv RT:[ [32m'0.00'[39m, [32m'4.27'[39m, [32m'3.43'[39m, [32m'0.00'[39m ]
data rcv RT:[ [32m'0.00'[39m, [32m'4.25'[39m, [32m'3.41'[39m, [32m'0.00'[39m ]
data rcv RT:[ [32m'0.00'[39m, [32m'4.28'[39m, [32m'3.39'[39m, [32m'0.00'[39m ]
data rcv RT:[ [32m'0.00'[39m, [32m'4.32'[39m, [32m'3.37'[39m, [32m'0.00'[39m ]
data rcv RT:[ [32m'0.00'[39m, [32m'4.32'[39m, [32m'3.38'[39m, [32m'0.01'[39m ]
data rcv RT:[ [32m'0.00'[39m, [32m'4.32'[39m, [32m'3.39'[39m, [32m'0.00'[39m ]
data rcv RT:[ [32m'0.00'[39m, [32m'4.36'[39m, [32m'3.36'[39m, [32m'0.00'[39m ]
data rcv RT:[ [32m'0.00'[39m, [32m'4.33'[39m, [32m'3.39'[39m, [32m'0.01'[39m ]
data rcv RT:[ [32m'0.00'[39m, [32m'4.32'[39m, [32m'3.37'[39m, [32m'0.04'[39m ]
data rcv RT:[ [32m'0.00'[39m, [32m'4.38'[39m, [32m'3.42'[39m, [32m'0.00'[39m ]
data rcv RT:[ [32m'0.00'[39m, [32m'4.38'[39m, [32m'3.39'[39m, [32m'0.03'[39m ]
data rcv RT:[ [32m'0.00'[39m, [32m'4.37'[39m, [32m'3.42'[39m, [32m'0.00'[39m ]
data rcv RT:[ [32m'0.00'[39m, [32m'4.35'[39m, [32m'3.38'[39m, [32m'0.00'[39m ]
data rcv RT:[ [32m'0.00'[39m, [32m'4.36'[39m, [32m'3.44'[39m, [32m'0.00'[39m ]
data rcv RT:[ [32m'0.00'[39m, [32m'4.36'[39m, [32m'3.44'[39m, [32m'0.00'[39m ]
data rcv RT:[ [32m'0.00'[39m, [32m'4.36'[39m, [32m'3.41'[39m, [32m'0.00'[39m ]
data rcv RT:[ [32m'0.00'[39m, [32m'4.29'[39m, [32m'3.44'[39m, [32m'0.00'[39m ]
data rcv RT:[ [32m'0.00'[39m, [32m'4.30'[39m, [32m'3.42'[39m, [32m'0.00'[39m ]
data rcv RT:[ [32m'0.00'[39m, [32m'4.28'[39m, [32m'3.44'[39m, [32m'0.00'[39m ]
data rcv RT:[ [32m'0.00'[39m, [32m'4.30'[39m, [32m'3.43'[39m, [32m'0.00'[39m ]
data rcv RT:[ [32m'0.00'[39m, [32m'4.24'[39m, [32m'3.41'[39m, [32m'0.00'[39m ]
data rcv RT:[ [32m'0.00'[39m, [32m'4.26'[39m, [32m'3.40'[39m, [32m'0.00'[39m ]
data rcv RT:[ [32m'0.00'[39m, [32m'4.31'[39m, [32m'3.37'[39m, [32m'0.01'[39m ]
data rcv RT:[ [32m'0.00'[39m, [32m'4.29'[39m, [32m'3.38'[39m, [32m'0.00'[39m ]
data rcv RT:[ [32m'0.00'[39m, [32m'4.29'[39m, [32m'3.38'[39m, [32m'0.01'[39m ]
data rcv RT:[ [32m'0.00'[39m, [32m'4.34'[39m, [32m'3.38'[39m, [32m'0.01'[39m ]
data rcv RT:[ [32m'0.00'[39m, [32m'4.35'[39m, [32m'3.37'[39m, [32m'0.01'[39m ]
data rcv RT:[ [32m'0.00'[39m, [32m'4.40'[39m, [32m'3.43'[39m, [32m'0.00'[39m ]
data rcv RT:[ [32m'0.00'[39m, [32m'4.37'[39m, [32m'3.41'[39m, [32m'0.02'[39m ]
data rcv RT:[ [32m'0.00'[39m, [32m'4.33'[39m, [32m'3.44'[39m, [32m'0.00'[39m ]
data rcv RT:[ [32m'0.00'[39m, [32m'4.31'[39m, [32m'3.43'[39m, [32m'0.00'[39m ]
data rcv RT:[ [32m'0.00'[39m, [32m'4.29'[39m, [32m'3.44'[39m, [32m'0.00'[39m ]
client Front End connected
Socket {
  nsp: 
   Namespace {
     name: [32m'/'[39m,
     server: 
      Server {
        nsps: [36m[Object][39m,
        _path: [32m'/socket.io'[39m,
        _serveClient: [33mtrue[39m,
        _adapter: [36m[Function: Adapter][39m,
        _origins: [32m'*:*'[39m,
        sockets: [36m[Circular][39m,
        eio: [36m[Object][39m,
        httpServer: [36m[Object][39m,
        engine: [36m[Object][39m },
     sockets: { [32m'/#6pjjVSezsDFWByq7AAAG'[39m: [36m[Circular][39m },
     connected: { [32m'/#6pjjVSezsDFWByq7AAAG'[39m: [36m[Circular][39m },
     fns: [],
     ids: [33m0[39m,
     adapter: 
      Adapter {
        nsp: [36m[Circular][39m,
        rooms: [36m[Object][39m,
        sids: [36m[Object][39m,
        encoder: Encoder {} },
     _events: { connection: [36m[Function][39m },
     _eventsCount: [33m1[39m },
  server: 
   Server {
     nsps: { [32m'/'[39m: [36m[Object][39m },
     _path: [32m'/socket.io'[39m,
     _serveClient: [33mtrue[39m,
     _adapter: [36m[Function: Adapter][39m,
     _origins: [32m'*:*'[39m,
     sockets: 
      Namespace {
        name: [32m'/'[39m,
        server: [36m[Circular][39m,
        sockets: [36m[Object][39m,
        connected: [36m[Object][39m,
        fns: [],
        ids: [33m0[39m,
        adapter: [36m[Object][39m,
        _events: [36m[Object][39m,
        _eventsCount: [33m1[39m },
     eio: 
      Server {
        clients: [36m[Object][39m,
        clientsCount: [33m1[39m,
        pingTimeout: [33m60000[39m,
        pingInterval: [33m25000[39m,
        upgradeTimeout: [33m10000[39m,
        maxHttpBufferSize: [33m100000000[39m,
        transports: [36m[Object][39m,
        allowUpgrades: [33mtrue[39m,
        allowRequest: [36m[Function: bound ][39m,
        cookie: [32m'io'[39m,
        cookiePath: [33mfalse[39m,
        perMessageDeflate: [36m[Object][39m,
        httpCompression: [36m[Object][39m,
        ws: [36m[Object][39m,
        _events: [36m[Object][39m,
        _eventsCount: [33m1[39m },
     httpServer: 
      Server {
        domain: [1mnull[22m,
        _events: [36m[Object][39m,
        _eventsCount: [33m4[39m,
        _maxListeners: [90mundefined[39m,
        _connections: [33m1[39m,
        _handle: [36m[Object][39m,
        _usingSlaves: [33mfalse[39m,
        _slaves: [],
        _unref: [33mfalse[39m,
        allowHalfOpen: [33mtrue[39m,
        pauseOnConnect: [33mfalse[39m,
        httpAllowHalfOpen: [33mfalse[39m,
        timeout: [33m120000[39m,
        _pendingResponseData: [33m0[39m,
        _connectionKey: [32m'6::::3000'[39m },
     engine: 
      Server {
        clients: [36m[Object][39m,
        clientsCount: [33m1[39m,
        pingTimeout: [33m60000[39m,
        pingInterval: [33m25000[39m,
        upgradeTimeout: [33m10000[39m,
        maxHttpBufferSize: [33m100000000[39m,
        transports: [36m[Object][39m,
        allowUpgrades: [33mtrue[39m,
        allowRequest: [36m[Function: bound ][39m,
        cookie: [32m'io'[39m,
        cookiePath: [33mfalse[39m,
        perMessageDeflate: [36m[Object][39m,
        httpCompression: [36m[Object][39m,
        ws: [36m[Object][39m,
        _events: [36m[Object][39m,
        _eventsCount: [33m1[39m } },
  adapter: 
   Adapter {
     nsp: 
      Namespace {
        name: [32m'/'[39m,
        server: [36m[Object][39m,
        sockets: [36m[Object][39m,
        connected: [36m[Object][39m,
        fns: [],
        ids: [33m0[39m,
        adapter: [36m[Circular][39m,
        _events: [36m[Object][39m,
        _eventsCount: [33m1[39m },
     rooms: { [32m'/#6pjjVSezsDFWByq7AAAG'[39m: [36m[Object][39m },
     sids: { [32m'/#6pjjVSezsDFWByq7AAAG'[39m: [36m[Object][39m },
     encoder: Encoder {} },
  id: [32m'/#6pjjVSezsDFWByq7AAAG'[39m,
  client: 
   Client {
     server: 
      Server {
        nsps: [36m[Object][39m,
        _path: [32m'/socket.io'[39m,
        _serveClient: [33mtrue[39m,
        _adapter: [36m[Function: Adapter][39m,
        _origins: [32m'*:*'[39m,
        sockets: [36m[Object][39m,
        eio: [36m[Object][39m,
        httpServer: [36m[Object][39m,
        engine: [36m[Object][39m },
     conn: 
      Socket {
        id: [32m'6pjjVSezsDFWByq7AAAG'[39m,
        server: [36m[Object][39m,
        upgrading: [33mfalse[39m,
        upgraded: [33mfalse[39m,
        readyState: [32m'open'[39m,
        writeBuffer: [36m[Object][39m,
        packetsFn: [36m[Object][39m,
        sentCallbackFn: [],
        cleanupFn: [36m[Object][39m,
        request: [36m[Object][39m,
        remoteAddress: [32m'::ffff:10.210.30.41'[39m,
        checkIntervalTimer: [1mnull[22m,
        upgradeTimeoutTimer: [1mnull[22m,
        pingTimeoutTimer: [36m[Object][39m,
        transport: [36m[Object][39m,
        _events: [36m[Object][39m,
        _eventsCount: [33m3[39m },
     encoder: Encoder {},
     decoder: Decoder { reconstructor: [1mnull[22m, _callbacks: [36m[Object][39m },
     id: [32m'6pjjVSezsDFWByq7AAAG'[39m,
     request: 
      IncomingMessage {
        _readableState: [36m[Object][39m,
        readable: [33mtrue[39m,
        domain: [1mnull[22m,
        _events: {},
        _eventsCount: [33m0[39m,
        _maxListeners: [90mundefined[39m,
        socket: [36m[Object][39m,
        connection: [36m[Object][39m,
        httpVersionMajor: [33m1[39m,
        httpVersionMinor: [33m1[39m,
        httpVersion: [32m'1.1'[39m,
        complete: [33mtrue[39m,
        headers: [36m[Object][39m,
        rawHeaders: [36m[Object][39m,
        trailers: {},
        rawTrailers: [],
        upgrade: [33mfalse[39m,
        url: [32m'/socket.io/?EIO=3&transport=polling&t=LTlEhhU'[39m,
        method: [32m'GET'[39m,
        statusCode: [1mnull[22m,
        statusMessage: [1mnull[22m,
        client: [36m[Object][39m,
        _consuming: [33mfalse[39m,
        _dumped: [33mtrue[39m,
        _query: [36m[Object][39m,
        res: [36m[Object][39m,
        cleanup: [36m[Function: cleanup][39m },
     onclose: [36m[Function: bound ][39m,
     ondata: [36m[Function: bound ][39m,
     onerror: [36m[Function: bound ][39m,
     ondecoded: [36m[Function: bound ][39m,
     sockets: { [32m'/#6pjjVSezsDFWByq7AAAG'[39m: [36m[Circular][39m },
     nsps: { [32m'/'[39m: [36m[Circular][39m },
     connectBuffer: [] },
  conn: 
   Socket {
     id: [32m'6pjjVSezsDFWByq7AAAG'[39m,
     server: 
      Server {
        clients: [36m[Object][39m,
        clientsCount: [33m1[39m,
        pingTimeout: [33m60000[39m,
        pingInterval: [33m25000[39m,
        upgradeTimeout: [33m10000[39m,
        maxHttpBufferSize: [33m100000000[39m,
        transports: [36m[Object][39m,
        allowUpgrades: [33mtrue[39m,
        allowRequest: [36m[Function: bound ][39m,
        cookie: [32m'io'[39m,
        cookiePath: [33mfalse[39m,
        perMessageDeflate: [36m[Object][39m,
        httpCompression: [36m[Object][39m,
        ws: [36m[Object][39m,
        _events: [36m[Object][39m,
        _eventsCount: [33m1[39m },
     upgrading: [33mfalse[39m,
     upgraded: [33mfalse[39m,
     readyState: [32m'open'[39m,
     writeBuffer: [ [36m[Object][39m ],
     packetsFn: [ [90mundefined[39m ],
     sentCallbackFn: [],
     cleanupFn: [ [36m[Function][39m, [36m[Function][39m ],
     request: 
      IncomingMessage {
        _readableState: [36m[Object][39m,
        readable: [33mtrue[39m,
        domain: [1mnull[22m,
        _events: {},
        _eventsCount: [33m0[39m,
        _maxListeners: [90mundefined[39m,
        socket: [36m[Object][39m,
        connection: [36m[Object][39m,
        httpVersionMajor: [33m1[39m,
        httpVersionMinor: [33m1[39m,
        httpVersion: [32m'1.1'[39m,
        complete: [33mtrue[39m,
        headers: [36m[Object][39m,
        rawHeaders: [36m[Object][39m,
        trailers: {},
        rawTrailers: [],
        upgrade: [33mfalse[39m,
        url: [32m'/socket.io/?EIO=3&transport=polling&t=LTlEhhU'[39m,
        method: [32m'GET'[39m,
        statusCode: [1mnull[22m,
        statusMessage: [1mnull[22m,
        client: [36m[Object][39m,
        _consuming: [33mfalse[39m,
        _dumped: [33mtrue[39m,
        _query: [36m[Object][39m,
        res: [36m[Object][39m,
        cleanup: [36m[Function: cleanup][39m },
     remoteAddress: [32m'::ffff:10.210.30.41'[39m,
     checkIntervalTimer: [1mnull[22m,
     upgradeTimeoutTimer: [1mnull[22m,
     pingTimeoutTimer: 
      Timeout {
        _called: [33mfalse[39m,
        _idleTimeout: [33m85000[39m,
        _idlePrev: [36m[Object][39m,
        _idleNext: [36m[Object][39m,
        _idleStart: [33m2553824[39m,
        _onTimeout: [36m[Function][39m,
        _repeat: [1mnull[22m },
     transport: 
      XHR {
        readyState: [32m'open'[39m,
        discarded: [33mfalse[39m,
        closeTimeout: [33m30000[39m,
        maxHttpBufferSize: [33m100000000[39m,
        httpCompression: [36m[Object][39m,
        supportsBinary: [33mtrue[39m,
        _events: [36m[Object][39m,
        _eventsCount: [33m5[39m,
        sid: [32m'6pjjVSezsDFWByq7AAAG'[39m,
        req: [1mnull[22m,
        res: [1mnull[22m,
        writable: [33mfalse[39m },
     _events: 
      { close: [36m[Object][39m,
        data: [36m[Function: bound ][39m,
        error: [36m[Function: bound ][39m },
     _eventsCount: [33m3[39m },
  rooms: {},
  acks: {},
  connected: [33mtrue[39m,
  disconnected: [33mfalse[39m,
  handshake: 
   { headers: 
      { host: [32m'10.210.30.148:3000'[39m,
        connection: [32m'keep-alive'[39m,
        [32m'cache-control'[39m: [32m'max-age=0'[39m,
        origin: [32m'http://10.210.30.148'[39m,
        [32m'user-agent'[39m: [32m'Mozilla/5.0 (Windows NT 5.1) AppleWebKit/537.36 (KHTML, like Gecko) Chrome/49.0.2623.112 Safari/537.36'[39m,
        accept: [32m'*/*'[39m,
        referer: [32m'http://10.210.30.148/sku/'[39m,
        [32m'accept-encoding'[39m: [32m'gzip, deflate, sdch'[39m,
        [32m'accept-language'[39m: [32m'ru-RU,ru;q=0.8,en-US;q=0.6,en;q=0.4'[39m,
        cookie: [32m'io=GT74UR9ZqekHRSR-AAAF'[39m },
     time: [32m'Wed Sep 28 2016 09:17:46 GMT+0400 (SAMT)'[39m,
     address: [32m'::ffff:10.210.30.41'[39m,
     xdomain: [33mtrue[39m,
     secure: [33mfalse[39m,
     issued: [33m1475039866040[39m,
     url: [32m'/socket.io/?EIO=3&transport=polling&t=LTlEhhU'[39m,
     query: { EIO: [32m'3'[39m, transport: [32m'polling'[39m, t: [32m'LTlEhhU'[39m } } }
data rcv RT:[ [32m'0.00'[39m, [32m'4.29'[39m, [32m'3.44'[39m, [32m'0.00'[39m ]
data rcv RT:[ [32m'0.00'[39m, [32m'4.31'[39m, [32m'3.44'[39m, [32m'0.00'[39m ]
data rcv RT:[ [32m'0.00'[39m, [32m'4.28'[39m, [32m'3.48'[39m, [32m'0.00'[39m ]
data rcv RT:[ [32m'0.00'[39m, [32m'4.28'[39m, [32m'3.43'[39m, [32m'0.00'[39m ]
data rcv RT:[ [32m'0.00'[39m, [32m'4.29'[39m, [32m'3.43'[39m, [32m'0.00'[39m ]
data rcv RT:[ [32m'0.00'[39m, [32m'4.26'[39m, [32m'3.43'[39m, [32m'0.00'[39m ]
data rcv RT:[ [32m'0.00'[39m, [32m'4.27'[39m, [32m'3.40'[39m, [32m'0.00'[39m ]
data rcv RT:[ [32m'0.00'[39m, [32m'4.28'[39m, [32m'3.40'[39m, [32m'0.00'[39m ]
data rcv RT:[ [32m'0.00'[39m, [32m'4.29'[39m, [32m'3.37'[39m, [32m'0.00'[39m ]
data rcv RT:[ [32m'0.00'[39m, [32m'4.27'[39m, [32m'3.39'[39m, [32m'0.00'[39m ]
data rcv RT:[ [32m'0.00'[39m, [32m'4.28'[39m, [32m'3.38'[39m, [32m'0.00'[39m ]
data rcv RT:[ [32m'0.00'[39m, [32m'4.33'[39m, [32m'3.39'[39m, [32m'0.01'[39m ]
data rcv RT:[ [32m'0.00'[39m, [32m'4.33'[39m, [32m'3.37'[39m, [32m'0.02'[39m ]
data rcv RT:[ [32m'0.00'[39m, [32m'4.35'[39m, [32m'3.38'[39m, [32m'0.03'[39m ]
data rcv RT:[ [32m'0.00'[39m, [32m'4.34'[39m, [32m'3.34'[39m, [32m'0.06'[39m ]
data rcv RT:[ [32m'0.00'[39m, [32m'4.31'[39m, [32m'3.38'[39m, [32m'0.02'[39m ]
data rcv RT:[ [32m'0.00'[39m, [32m'4.36'[39m, [32m'3.39'[39m, [32m'0.01'[39m ]
data rcv RT:[ [32m'0.00'[39m, [32m'4.37'[39m, [32m'3.44'[39m, [32m'0.00'[39m ]
data rcv RT:[ [32m'0.00'[39m, [32m'4.36'[39m, [32m'3.43'[39m, [32m'0.00'[39m ]
data rcv RT:[ [32m'0.00'[39m, [32m'4.37'[39m, [32m'3.41'[39m, [32m'0.01'[39m ]
data rcv RT:[ [32m'0.00'[39m, [32m'4.35'[39m, [32m'3.45'[39m, [32m'0.00'[39m ]
data rcv RT:[ [32m'0.00'[39m, [32m'4.32'[39m, [32m'3.45'[39m, [32m'0.00'[39m ]
data rcv RT:[ [32m'0.00'[39m, [32m'4.29'[39m, [32m'3.44'[39m, [32m'0.00'[39m ]
data rcv RT:[ [32m'0.00'[39m, [32m'4.32'[39m, [32m'3.43'[39m, [32m'0.00'[39m ]
data rcv RT:[ [32m'0.00'[39m, [32m'4.30'[39m, [32m'3.42'[39m, [32m'0.00'[39m ]
data rcv RT:[ [32m'0.00'[39m, [32m'4.29'[39m, [32m'3.45'[39m, [32m'0.00'[39m ]
data rcv RT:[ [32m'0.00'[39m, [32m'4.29'[39m, [32m'3.43'[39m, [32m'0.00'[39m ]
data rcv RT:[ [32m'0.00'[39m, [32m'4.27'[39m, [32m'3.40'[39m, [32m'0.00'[39m ]
data rcv RT:[ [32m'0.00'[39m, [32m'4.29'[39m, [32m'3.41'[39m, [32m'0.00'[39m ]
data rcv RT:[ [32m'0.00'[39m, [32m'4.28'[39m, [32m'3.39'[39m, [32m'0.00'[39m ]
data rcv RT:[ [32m'0.00'[39m, [32m'4.28'[39m, [32m'3.40'[39m, [32m'0.00'[39m ]
data rcv RT:[ [32m'0.00'[39m, [32m'4.27'[39m, [32m'3.41'[39m, [32m'0.00'[39m ]
data rcv RT:[ [32m'0.00'[39m, [32m'4.29'[39m, [32m'3.39'[39m, [32m'0.00'[39m ]
data rcv RT:[ [32m'0.00'[39m, [32m'4.30'[39m, [32m'3.38'[39m, [32m'0.02'[39m ]
data rcv RT:[ [32m'0.00'[39m, [32m'4.33'[39m, [32m'3.39'[39m, [32m'0.02'[39m ]
data rcv RT:[ [32m'0.00'[39m, [32m'4.33'[39m, [32m'3.37'[39m, [32m'0.03'[39m ]
data rcv RT:[ [32m'0.00'[39m, [32m'4.34'[39m, [32m'3.37'[39m, [32m'0.05'[39m ]
data rcv RT:[ [32m'0.00'[39m, [32m'4.34'[39m, [32m'3.36'[39m, [32m'0.05'[39m ]
data rcv RT:[ [32m'0.00'[39m, [32m'4.38'[39m, [32m'3.37'[39m, [32m'0.03'[39m ]
data rcv RT:[ [32m'0.00'[39m, [32m'4.37'[39m, [32m'3.39'[39m, [32m'0.02'[39m ]
data rcv RT:[ [32m'0.00'[39m, [32m'4.33'[39m, [32m'3.45'[39m, [32m'0.00'[39m ]
data rcv RT:[ [32m'0.00'[39m, [32m'4.34'[39m, [32m'3.44'[39m, [32m'0.00'[39m ]
data rcv RT:[ [32m'0.00'[39m, [32m'4.36'[39m, [32m'3.42'[39m, [32m'0.00'[39m ]
data rcv RT:[ [32m'0.00'[39m, [32m'4.32'[39m, [32m'3.43'[39m, [32m'0.00'[39m ]
data rcv RT:[ [32m'0.00'[39m, [32m'4.29'[39m, [32m'3.44'[39m, [32m'0.00'[39m ]
data rcv RT:[ [32m'0.00'[39m, [32m'4.29'[39m, [32m'3.44'[39m, [32m'0.00'[39m ]
data rcv RT:[ [32m'0.00'[39m, [32m'4.26'[39m, [32m'3.41'[39m, [32m'0.00'[39m ]
client Front End connected
Socket {
  nsp: 
   Namespace {
     name: [32m'/'[39m,
     server: 
      Server {
        nsps: [36m[Object][39m,
        _path: [32m'/socket.io'[39m,
        _serveClient: [33mtrue[39m,
        _adapter: [36m[Function: Adapter][39m,
        _origins: [32m'*:*'[39m,
        sockets: [36m[Circular][39m,
        eio: [36m[Object][39m,
        httpServer: [36m[Object][39m,
        engine: [36m[Object][39m },
     sockets: { [32m'/#jJ2gNO89OKu69kVMAAAH'[39m: [36m[Circular][39m },
     connected: { [32m'/#jJ2gNO89OKu69kVMAAAH'[39m: [36m[Circular][39m },
     fns: [],
     ids: [33m0[39m,
     adapter: 
      Adapter {
        nsp: [36m[Circular][39m,
        rooms: [36m[Object][39m,
        sids: [36m[Object][39m,
        encoder: Encoder {} },
     _events: { connection: [36m[Function][39m },
     _eventsCount: [33m1[39m },
  server: 
   Server {
     nsps: { [32m'/'[39m: [36m[Object][39m },
     _path: [32m'/socket.io'[39m,
     _serveClient: [33mtrue[39m,
     _adapter: [36m[Function: Adapter][39m,
     _origins: [32m'*:*'[39m,
     sockets: 
      Namespace {
        name: [32m'/'[39m,
        server: [36m[Circular][39m,
        sockets: [36m[Object][39m,
        connected: [36m[Object][39m,
        fns: [],
        ids: [33m0[39m,
        adapter: [36m[Object][39m,
        _events: [36m[Object][39m,
        _eventsCount: [33m1[39m },
     eio: 
      Server {
        clients: [36m[Object][39m,
        clientsCount: [33m1[39m,
        pingTimeout: [33m60000[39m,
        pingInterval: [33m25000[39m,
        upgradeTimeout: [33m10000[39m,
        maxHttpBufferSize: [33m100000000[39m,
        transports: [36m[Object][39m,
        allowUpgrades: [33mtrue[39m,
        allowRequest: [36m[Function: bound ][39m,
        cookie: [32m'io'[39m,
        cookiePath: [33mfalse[39m,
        perMessageDeflate: [36m[Object][39m,
        httpCompression: [36m[Object][39m,
        ws: [36m[Object][39m,
        _events: [36m[Object][39m,
        _eventsCount: [33m1[39m },
     httpServer: 
      Server {
        domain: [1mnull[22m,
        _events: [36m[Object][39m,
        _eventsCount: [33m4[39m,
        _maxListeners: [90mundefined[39m,
        _connections: [33m1[39m,
        _handle: [36m[Object][39m,
        _usingSlaves: [33mfalse[39m,
        _slaves: [],
        _unref: [33mfalse[39m,
        allowHalfOpen: [33mtrue[39m,
        pauseOnConnect: [33mfalse[39m,
        httpAllowHalfOpen: [33mfalse[39m,
        timeout: [33m120000[39m,
        _pendingResponseData: [33m0[39m,
        _connectionKey: [32m'6::::3000'[39m },
     engine: 
      Server {
        clients: [36m[Object][39m,
        clientsCount: [33m1[39m,
        pingTimeout: [33m60000[39m,
        pingInterval: [33m25000[39m,
        upgradeTimeout: [33m10000[39m,
        maxHttpBufferSize: [33m100000000[39m,
        transports: [36m[Object][39m,
        allowUpgrades: [33mtrue[39m,
        allowRequest: [36m[Function: bound ][39m,
        cookie: [32m'io'[39m,
        cookiePath: [33mfalse[39m,
        perMessageDeflate: [36m[Object][39m,
        httpCompression: [36m[Object][39m,
        ws: [36m[Object][39m,
        _events: [36m[Object][39m,
        _eventsCount: [33m1[39m } },
  adapter: 
   Adapter {
     nsp: 
      Namespace {
        name: [32m'/'[39m,
        server: [36m[Object][39m,
        sockets: [36m[Object][39m,
        connected: [36m[Object][39m,
        fns: [],
        ids: [33m0[39m,
        adapter: [36m[Circular][39m,
        _events: [36m[Object][39m,
        _eventsCount: [33m1[39m },
     rooms: { [32m'/#jJ2gNO89OKu69kVMAAAH'[39m: [36m[Object][39m },
     sids: { [32m'/#jJ2gNO89OKu69kVMAAAH'[39m: [36m[Object][39m },
     encoder: Encoder {} },
  id: [32m'/#jJ2gNO89OKu69kVMAAAH'[39m,
  client: 
   Client {
     server: 
      Server {
        nsps: [36m[Object][39m,
        _path: [32m'/socket.io'[39m,
        _serveClient: [33mtrue[39m,
        _adapter: [36m[Function: Adapter][39m,
        _origins: [32m'*:*'[39m,
        sockets: [36m[Object][39m,
        eio: [36m[Object][39m,
        httpServer: [36m[Object][39m,
        engine: [36m[Object][39m },
     conn: 
      Socket {
        id: [32m'jJ2gNO89OKu69kVMAAAH'[39m,
        server: [36m[Object][39m,
        upgrading: [33mfalse[39m,
        upgraded: [33mfalse[39m,
        readyState: [32m'open'[39m,
        writeBuffer: [36m[Object][39m,
        packetsFn: [36m[Object][39m,
        sentCallbackFn: [],
        cleanupFn: [36m[Object][39m,
        request: [36m[Object][39m,
        remoteAddress: [32m'::ffff:10.210.30.41'[39m,
        checkIntervalTimer: [1mnull[22m,
        upgradeTimeoutTimer: [1mnull[22m,
        pingTimeoutTimer: [36m[Object][39m,
        transport: [36m[Object][39m,
        _events: [36m[Object][39m,
        _eventsCount: [33m3[39m },
     encoder: Encoder {},
     decoder: Decoder { reconstructor: [1mnull[22m, _callbacks: [36m[Object][39m },
     id: [32m'jJ2gNO89OKu69kVMAAAH'[39m,
     request: 
      IncomingMessage {
        _readableState: [36m[Object][39m,
        readable: [33mtrue[39m,
        domain: [1mnull[22m,
        _events: {},
        _eventsCount: [33m0[39m,
        _maxListeners: [90mundefined[39m,
        socket: [36m[Object][39m,
        connection: [36m[Object][39m,
        httpVersionMajor: [33m1[39m,
        httpVersionMinor: [33m1[39m,
        httpVersion: [32m'1.1'[39m,
        complete: [33mtrue[39m,
        headers: [36m[Object][39m,
        rawHeaders: [36m[Object][39m,
        trailers: {},
        rawTrailers: [],
        upgrade: [33mfalse[39m,
        url: [32m'/socket.io/?EIO=3&transport=polling&t=LTlEt4K'[39m,
        method: [32m'GET'[39m,
        statusCode: [1mnull[22m,
        statusMessage: [1mnull[22m,
        client: [36m[Object][39m,
        _consuming: [33mfalse[39m,
        _dumped: [33mtrue[39m,
        _query: [36m[Object][39m,
        res: [36m[Object][39m,
        cleanup: [36m[Function: cleanup][39m },
     onclose: [36m[Function: bound ][39m,
     ondata: [36m[Function: bound ][39m,
     onerror: [36m[Function: bound ][39m,
     ondecoded: [36m[Function: bound ][39m,
     sockets: { [32m'/#jJ2gNO89OKu69kVMAAAH'[39m: [36m[Circular][39m },
     nsps: { [32m'/'[39m: [36m[Circular][39m },
     connectBuffer: [] },
  conn: 
   Socket {
     id: [32m'jJ2gNO89OKu69kVMAAAH'[39m,
     server: 
      Server {
        clients: [36m[Object][39m,
        clientsCount: [33m1[39m,
        pingTimeout: [33m60000[39m,
        pingInterval: [33m25000[39m,
        upgradeTimeout: [33m10000[39m,
        maxHttpBufferSize: [33m100000000[39m,
        transports: [36m[Object][39m,
        allowUpgrades: [33mtrue[39m,
        allowRequest: [36m[Function: bound ][39m,
        cookie: [32m'io'[39m,
        cookiePath: [33mfalse[39m,
        perMessageDeflate: [36m[Object][39m,
        httpCompression: [36m[Object][39m,
        ws: [36m[Object][39m,
        _events: [36m[Object][39m,
        _eventsCount: [33m1[39m },
     upgrading: [33mfalse[39m,
     upgraded: [33mfalse[39m,
     readyState: [32m'open'[39m,
     writeBuffer: [ [36m[Object][39m ],
     packetsFn: [ [90mundefined[39m ],
     sentCallbackFn: [],
     cleanupFn: [ [36m[Function][39m, [36m[Function][39m ],
     request: 
      IncomingMessage {
        _readableState: [36m[Object][39m,
        readable: [33mtrue[39m,
        domain: [1mnull[22m,
        _events: {},
        _eventsCount: [33m0[39m,
        _maxListeners: [90mundefined[39m,
        socket: [36m[Object][39m,
        connection: [36m[Object][39m,
        httpVersionMajor: [33m1[39m,
        httpVersionMinor: [33m1[39m,
        httpVersion: [32m'1.1'[39m,
        complete: [33mtrue[39m,
        headers: [36m[Object][39m,
        rawHeaders: [36m[Object][39m,
        trailers: {},
        rawTrailers: [],
        upgrade: [33mfalse[39m,
        url: [32m'/socket.io/?EIO=3&transport=polling&t=LTlEt4K'[39m,
        method: [32m'GET'[39m,
        statusCode: [1mnull[22m,
        statusMessage: [1mnull[22m,
        client: [36m[Object][39m,
        _consuming: [33mfalse[39m,
        _dumped: [33mtrue[39m,
        _query: [36m[Object][39m,
        res: [36m[Object][39m,
        cleanup: [36m[Function: cleanup][39m },
     remoteAddress: [32m'::ffff:10.210.30.41'[39m,
     checkIntervalTimer: [1mnull[22m,
     upgradeTimeoutTimer: [1mnull[22m,
     pingTimeoutTimer: 
      Timeout {
        _called: [33mfalse[39m,
        _idleTimeout: [33m85000[39m,
        _idlePrev: [36m[Object][39m,
        _idleNext: [36m[Object][39m,
        _idleStart: [33m2600631[39m,
        _onTimeout: [36m[Function][39m,
        _repeat: [1mnull[22m },
     transport: 
      XHR {
        readyState: [32m'open'[39m,
        discarded: [33mfalse[39m,
        closeTimeout: [33m30000[39m,
        maxHttpBufferSize: [33m100000000[39m,
        httpCompression: [36m[Object][39m,
        supportsBinary: [33mtrue[39m,
        _events: [36m[Object][39m,
        _eventsCount: [33m5[39m,
        sid: [32m'jJ2gNO89OKu69kVMAAAH'[39m,
        req: [1mnull[22m,
        res: [1mnull[22m,
        writable: [33mfalse[39m },
     _events: 
      { close: [36m[Object][39m,
        data: [36m[Function: bound ][39m,
        error: [36m[Function: bound ][39m },
     _eventsCount: [33m3[39m },
  rooms: {},
  acks: {},
  connected: [33mtrue[39m,
  disconnected: [33mfalse[39m,
  handshake: 
   { headers: 
      { host: [32m'10.210.30.148:3000'[39m,
        connection: [32m'keep-alive'[39m,
        [32m'cache-control'[39m: [32m'max-age=0'[39m,
        origin: [32m'http://10.210.30.148'[39m,
        [32m'user-agent'[39m: [32m'Mozilla/5.0 (Windows NT 5.1) AppleWebKit/537.36 (KHTML, like Gecko) Chrome/49.0.2623.112 Safari/537.36'[39m,
        accept: [32m'*/*'[39m,
        referer: [32m'http://10.210.30.148/sku/'[39m,
        [32m'accept-encoding'[39m: [32m'gzip, deflate, sdch'[39m,
        [32m'accept-language'[39m: [32m'ru-RU,ru;q=0.8,en-US;q=0.6,en;q=0.4'[39m,
        cookie: [32m'io=6pjjVSezsDFWByq7AAAG'[39m },
     time: [32m'Wed Sep 28 2016 09:18:32 GMT+0400 (SAMT)'[39m,
     address: [32m'::ffff:10.210.30.41'[39m,
     xdomain: [33mtrue[39m,
     secure: [33mfalse[39m,
     issued: [33m1475039912847[39m,
     url: [32m'/socket.io/?EIO=3&transport=polling&t=LTlEt4K'[39m,
     query: { EIO: [32m'3'[39m, transport: [32m'polling'[39m, t: [32m'LTlEt4K'[39m } } }
data rcv RT:[ [32m'0.00'[39m, [32m'4.27'[39m, [32m'3.39'[39m, [32m'0.00'[39m ]
data rcv RT:[ [32m'0.00'[39m, [32m'4.29'[39m, [32m'3.43'[39m, [32m'0.00'[39m ]
data rcv RT:[ [32m'0.00'[39m, [32m'4.25'[39m, [32m'3.41'[39m, [32m'0.00'[39m ]
data rcv RT:[ [32m'0.00'[39m, [32m'4.28'[39m, [32m'3.37'[39m, [32m'0.00'[39m ]
data rcv RT:[ [32m'0.00'[39m, [32m'4.29'[39m, [32m'3.39'[39m, [32m'0.00'[39m ]
data rcv RT:[ [32m'0.00'[39m, [32m'4.29'[39m, [32m'3.39'[39m, [32m'0.00'[39m ]
data rcv RT:[ [32m'0.00'[39m, [32m'4.32'[39m, [32m'3.39'[39m, [32m'0.01'[39m ]
data rcv RT:[ [32m'0.00'[39m, [32m'4.35'[39m, [32m'3.37'[39m, [32m'0.03'[39m ]
data rcv RT:[ [32m'0.00'[39m, [32m'4.35'[39m, [32m'3.37'[39m, [32m'0.03'[39m ]
data rcv RT:[ [32m'0.00'[39m, [32m'4.37'[39m, [32m'3.40'[39m, [32m'0.03'[39m ]
data rcv RT:[ [32m'0.00'[39m, [32m'4.37'[39m, [32m'3.42'[39m, [32m'0.00'[39m ]
data rcv RT:[ [32m'0.00'[39m, [32m'4.34'[39m, [32m'3.42'[39m, [32m'0.00'[39m ]
data rcv RT:[ [32m'0.00'[39m, [32m'4.32'[39m, [32m'3.43'[39m, [32m'0.00'[39m ]
data rcv RT:[ [32m'0.00'[39m, [32m'4.31'[39m, [32m'3.44'[39m, [32m'0.00'[39m ]
data rcv RT:[ [32m'0.00'[39m, [32m'4.32'[39m, [32m'3.46'[39m, [32m'0.00'[39m ]
data rcv RT:[ [32m'0.00'[39m, [32m'4.27'[39m, [32m'3.44'[39m, [32m'0.00'[39m ]
data rcv RT:[ [32m'0.00'[39m, [32m'4.27'[39m, [32m'3.41'[39m, [32m'0.00'[39m ]
data rcv RT:[ [32m'0.00'[39m, [32m'4.29'[39m, [32m'3.40'[39m, [32m'0.00'[39m ]
data rcv RT:[ [32m'0.00'[39m, [32m'4.26'[39m, [32m'3.41'[39m, [32m'0.00'[39m ]
data rcv RT:[ [32m'0.00'[39m, [32m'4.28'[39m, [32m'3.40'[39m, [32m'0.00'[39m ]
data rcv RT:[ [32m'0.00'[39m, [32m'4.29'[39m, [32m'3.42'[39m, [32m'0.00'[39m ]
data rcv RT:[ [32m'0.00'[39m, [32m'4.30'[39m, [32m'3.38'[39m, [32m'0.00'[39m ]
data rcv RT:[ [32m'0.00'[39m, [32m'4.32'[39m, [32m'3.36'[39m, [32m'0.06'[39m ]
data rcv RT:[ [32m'0.00'[39m, [32m'4.35'[39m, [32m'3.38'[39m, [32m'0.03'[39m ]
data rcv RT:[ [32m'0.00'[39m, [32m'4.41'[39m, [32m'3.42'[39m, [32m'0.03'[39m ]
data rcv RT:[ [32m'0.00'[39m, [32m'4.39'[39m, [32m'3.40'[39m, [32m'0.00'[39m ]
data rcv RT:[ [32m'0.00'[39m, [32m'4.30'[39m, [32m'3.43'[39m, [32m'0.00'[39m ]
data rcv RT:[ [32m'0.00'[39m, [32m'4.32'[39m, [32m'3.42'[39m, [32m'0.00'[39m ]
data rcv RT:[ [32m'0.00'[39m, [32m'4.30'[39m, [32m'3.43'[39m, [32m'0.00'[39m ]
data rcv RT:[ [32m'0.00'[39m, [32m'4.30'[39m, [32m'3.43'[39m, [32m'0.00'[39m ]
data rcv RT:[ [32m'0.00'[39m, [32m'4.28'[39m, [32m'3.44'[39m, [32m'0.00'[39m ]
data rcv RT:[ [32m'0.00'[39m, [32m'4.27'[39m, [32m'3.44'[39m, [32m'0.00'[39m ]
data rcv RT:[ [32m'0.00'[39m, [32m'4.27'[39m, [32m'3.41'[39m, [32m'0.00'[39m ]
data rcv RT:[ [32m'0.00'[39m, [32m'4.24'[39m, [32m'3.41'[39m, [32m'0.00'[39m ]
data rcv RT:[ [32m'0.00'[39m, [32m'4.26'[39m, [32m'3.38'[39m, [32m'0.00'[39m ]
data rcv RT:[ [32m'0.00'[39m, [32m'4.29'[39m, [32m'3.37'[39m, [32m'0.00'[39m ]
data rcv RT:[ [32m'0.00'[39m, [32m'4.27'[39m, [32m'3.41'[39m, [32m'0.00'[39m ]
data rcv RT:[ [32m'0.00'[39m, [32m'4.30'[39m, [32m'3.38'[39m, [32m'0.00'[39m ]
data rcv RT:[ [32m'0.00'[39m, [32m'4.31'[39m, [32m'3.36'[39m, [32m'0.00'[39m ]
data rcv RT:[ [32m'0.00'[39m, [32m'4.30'[39m, [32m'3.39'[39m, [32m'0.01'[39m ]
data rcv RT:[ [32m'0.00'[39m, [32m'4.33'[39m, [32m'3.35'[39m, [32m'0.04'[39m ]
data rcv RT:[ [32m'0.00'[39m, [32m'4.37'[39m, [32m'3.40'[39m, [32m'0.01'[39m ]
data rcv RT:[ [32m'0.00'[39m, [32m'4.35'[39m, [32m'3.37'[39m, [32m'0.05'[39m ]
data rcv RT:[ [32m'0.00'[39m, [32m'4.35'[39m, [32m'3.40'[39m, [32m'0.01'[39m ]
data rcv RT:[ [32m'0.00'[39m, [32m'4.36'[39m, [32m'3.39'[39m, [32m'0.00'[39m ]
data rcv RT:[ [32m'0.00'[39m, [32m'4.33'[39m, [32m'3.42'[39m, [32m'0.00'[39m ]
data rcv RT:[ [32m'0.00'[39m, [32m'4.33'[39m, [32m'3.44'[39m, [32m'0.00'[39m ]
data rcv RT:[ [32m'0.00'[39m, [32m'4.28'[39m, [32m'3.41'[39m, [32m'0.00'[39m ]
data rcv RT:[ [32m'0.00'[39m, [32m'4.31'[39m, [32m'3.47'[39m, [32m'0.00'[39m ]
data rcv RT:[ [32m'0.00'[39m, [32m'4.26'[39m, [32m'3.38'[39m, [32m'0.00'[39m ]
data rcv RT:[ [32m'0.00'[39m, [32m'4.28'[39m, [32m'3.34'[39m, [32m'0.00'[39m ]
data rcv RT:[ [32m'0.00'[39m, [32m'4.29'[39m, [32m'3.37'[39m, [32m'0.00'[39m ]
data rcv RT:[ [32m'0.00'[39m, [32m'4.28'[39m, [32m'3.36'[39m, [32m'0.00'[39m ]
data rcv RT:[ [32m'0.00'[39m, [32m'4.32'[39m, [32m'3.39'[39m, [32m'0.01'[39m ]
data rcv RT:[ [32m'0.00'[39m, [32m'4.31'[39m, [32m'3.39'[39m, [32m'0.01'[39m ]
data rcv RT:[ [32m'0.00'[39m, [32m'4.33'[39m, [32m'3.40'[39m, [32m'0.01'[39m ]
data rcv RT:[ [32m'0.00'[39m, [32m'4.37'[39m, [32m'3.42'[39m, [32m'0.01'[39m ]
data rcv RT:[ [32m'0.00'[39m, [32m'4.35'[39m, [32m'3.45'[39m, [32m'0.00'[39m ]
data rcv RT:[ [32m'0.00'[39m, [32m'4.32'[39m, [32m'3.44'[39m, [32m'0.00'[39m ]
data rcv RT:[ [32m'0.00'[39m, [32m'4.33'[39m, [32m'3.45'[39m, [32m'0.00'[39m ]
data rcv RT:[ [32m'0.00'[39m, [32m'4.32'[39m, [32m'3.46'[39m, [32m'0.00'[39m ]
data rcv RT:[ [32m'0.00'[39m, [32m'4.34'[39m, [32m'3.48'[39m, [32m'0.00'[39m ]
data rcv RT:[ [32m'0.00'[39m, [32m'4.27'[39m, [32m'3.40'[39m, [32m'0.00'[39m ]
data rcv RT:[ [32m'0.00'[39m, [32m'4.29'[39m, [32m'3.39'[39m, [32m'0.00'[39m ]
data rcv RT:[ [32m'0.00'[39m, [32m'4.31'[39m, [32m'3.39'[39m, [32m'0.00'[39m ]
data rcv RT:[ [32m'0.00'[39m, [32m'4.34'[39m, [32m'3.39'[39m, [32m'0.01'[39m ]
data rcv RT:[ [32m'0.00'[39m, [32m'4.36'[39m, [32m'3.39'[39m, [32m'0.01'[39m ]
data rcv RT:[ [32m'0.00'[39m, [32m'4.36'[39m, [32m'3.38'[39m, [32m'0.05'[39m ]
data rcv RT:[ [32m'0.00'[39m, [32m'4.36'[39m, [32m'3.38'[39m, [32m'0.00'[39m ]
data rcv RT:[ [32m'0.00'[39m, [32m'4.39'[39m, [32m'3.42'[39m, [32m'0.00'[39m ]
data rcv RT:[ [32m'0.00'[39m, [32m'4.36'[39m, [32m'3.42'[39m, [32m'0.00'[39m ]
data rcv RT:[ [32m'0.00'[39m, [32m'4.30'[39m, [32m'3.44'[39m, [32m'0.00'[39m ]
data rcv RT:[ [32m'0.00'[39m, [32m'4.29'[39m, [32m'3.44'[39m, [32m'0.00'[39m ]
data rcv RT:[ [32m'0.00'[39m, [32m'4.28'[39m, [32m'3.40'[39m, [32m'0.00'[39m ]
data rcv RT:[ [32m'0.00'[39m, [32m'4.27'[39m, [32m'3.39'[39m, [32m'0.00'[39m ]
data rcv RT:[ [32m'0.00'[39m, [32m'4.28'[39m, [32m'3.37'[39m, [32m'0.00'[39m ]
data rcv RT:[ [32m'0.00'[39m, [32m'4.29'[39m, [32m'3.38'[39m, [32m'0.00'[39m ]
data rcv RT:[ [32m'0.00'[39m, [32m'4.34'[39m, [32m'3.40'[39m, [32m'0.01'[39m ]
data rcv RT:[ [32m'0.00'[39m, [32m'4.36'[39m, [32m'3.39'[39m, [32m'0.03'[39m ]
data rcv RT:[ [32m'0.00'[39m, [32m'4.35'[39m, [32m'3.39'[39m, [32m'0.03'[39m ]
data rcv RT:[ [32m'0.00'[39m, [32m'4.37'[39m, [32m'3.43'[39m, [32m'0.00'[39m ]
data rcv RT:[ [32m'0.00'[39m, [32m'4.34'[39m, [32m'3.43'[39m, [32m'0.00'[39m ]
data rcv RT:[ [32m'0.00'[39m, [32m'4.33'[39m, [32m'3.42'[39m, [32m'0.00'[39m ]
data rcv RT:[ [32m'0.00'[39m, [32m'4.28'[39m, [32m'3.44'[39m, [32m'0.00'[39m ]
data rcv RT:[ [32m'0.00'[39m, [32m'4.30'[39m, [32m'3.42'[39m, [32m'0.00'[39m ]
data rcv RT:[ [32m'0.00'[39m, [32m'4.24'[39m, [32m'3.42'[39m, [32m'0.00'[39m ]
data rcv RT:[ [32m'0.00'[39m, [32m'4.26'[39m, [32m'3.43'[39m, [32m'0.00'[39m ]
data rcv RT:[ [32m'0.00'[39m, [32m'4.27'[39m, [32m'3.40'[39m, [32m'0.00'[39m ]
data rcv RT:[ [32m'0.00'[39m, [32m'4.28'[39m, [32m'3.38'[39m, [32m'0.00'[39m ]
data rcv RT:[ [32m'0.00'[39m, [32m'4.33'[39m, [32m'3.38'[39m, [32m'0.01'[39m ]
data rcv RT:[ [32m'0.00'[39m, [32m'4.33'[39m, [32m'3.33'[39m, [32m'0.05'[39m ]
data rcv RT:[ [32m'0.00'[39m, [32m'4.38'[39m, [32m'3.40'[39m, [32m'0.03'[39m ]
data rcv RT:[ [32m'0.00'[39m, [32m'4.38'[39m, [32m'3.44'[39m, [32m'0.00'[39m ]
data rcv RT:[ [32m'0.00'[39m, [32m'4.37'[39m, [32m'3.42'[39m, [32m'0.00'[39m ]
data rcv RT:[ [32m'0.00'[39m, [32m'4.35'[39m, [32m'3.41'[39m, [32m'0.00'[39m ]
data rcv RT:[ [32m'0.00'[39m, [32m'4.34'[39m, [32m'3.42'[39m, [32m'0.00'[39m ]
data rcv RT:[ [32m'0.00'[39m, [32m'4.31'[39m, [32m'3.41'[39m, [32m'0.00'[39m ]
data rcv RT:[ [32m'0.00'[39m, [32m'4.26'[39m, [32m'3.40'[39m, [32m'0.00'[39m ]
data rcv RT:[ [32m'0.00'[39m, [32m'4.25'[39m, [32m'3.40'[39m, [32m'0.00'[39m ]
data rcv RT:[ [32m'0.00'[39m, [32m'4.27'[39m, [32m'3.37'[39m, [32m'0.00'[39m ]
data rcv RT:[ [32m'0.00'[39m, [32m'4.29'[39m, [32m'3.39'[39m, [32m'0.00'[39m ]
data rcv RT:[ [32m'0.00'[39m, [32m'4.33'[39m, [32m'3.41'[39m, [32m'0.03'[39m ]
data rcv RT:[ [32m'0.00'[39m, [32m'4.32'[39m, [32m'3.34'[39m, [32m'0.05'[39m ]
data rcv RT:[ [32m'0.00'[39m, [32m'4.39'[39m, [32m'3.42'[39m, [32m'0.04'[39m ]
data rcv RT:[ [32m'0.00'[39m, [32m'4.37'[39m, [32m'3.43'[39m, [32m'0.00'[39m ]
data rcv RT:[ [32m'0.00'[39m, [32m'4.37'[39m, [32m'3.43'[39m, [32m'0.00'[39m ]
data rcv RT:[ [32m'0.00'[39m, [32m'4.29'[39m, [32m'3.44'[39m, [32m'0.00'[39m ]
data rcv RT:[ [32m'0.00'[39m, [32m'4.30'[39m, [32m'3.44'[39m, [32m'0.00'[39m ]
data rcv RT:[ [32m'0.00'[39m, [32m'4.28'[39m, [32m'3.41'[39m, [32m'0.00'[39m ]
data rcv RT:[ [32m'0.00'[39m, [32m'4.27'[39m, [32m'3.39'[39m, [32m'0.01'[39m ]
data rcv RT:[ [32m'0.00'[39m, [32m'4.30'[39m, [32m'3.38'[39m, [32m'0.00'[39m ]
data rcv RT:[ [32m'0.00'[39m, [32m'4.31'[39m, [32m'3.37'[39m, [32m'0.01'[39m ]
data rcv RT:[ [32m'0.00'[39m, [32m'4.35'[39m, [32m'3.39'[39m, [32m'0.01'[39m ]
data rcv RT:[ [32m'0.00'[39m, [32m'4.37'[39m, [32m'3.41'[39m, [32m'0.04'[39m ]
data rcv RT:[ [32m'0.00'[39m, [32m'4.38'[39m, [32m'3.38'[39m, [32m'0.03'[39m ]
data rcv RT:[ [32m'0.00'[39m, [32m'4.37'[39m, [32m'3.44'[39m, [32m'0.00'[39m ]
data rcv RT:[ [32m'0.00'[39m, [32m'4.33'[39m, [32m'3.45'[39m, [32m'0.00'[39m ]
data rcv RT:[ [32m'0.00'[39m, [32m'4.33'[39m, [32m'3.42'[39m, [32m'0.00'[39m ]
data rcv RT:[ [32m'0.00'[39m, [32m'4.30'[39m, [32m'3.43'[39m, [32m'0.00'[39m ]
data rcv RT:[ [32m'0.00'[39m, [32m'4.28'[39m, [32m'3.41'[39m, [32m'0.00'[39m ]
data rcv RT:[ [32m'0.00'[39m, [32m'4.26'[39m, [32m'3.38'[39m, [32m'0.00'[39m ]
data rcv RT:[ [32m'0.00'[39m, [32m'4.29'[39m, [32m'3.38'[39m, [32m'0.00'[39m ]
data rcv RT:[ [32m'0.00'[39m, [32m'4.33'[39m, [32m'3.38'[39m, [32m'0.01'[39m ]
data rcv RT:[ [32m'0.00'[39m, [32m'4.31'[39m, [32m'3.39'[39m, [32m'0.01'[39m ]
data rcv RT:[ [32m'0.00'[39m, [32m'4.34'[39m, [32m'3.40'[39m, [32m'0.02'[39m ]
data rcv RT:[ [32m'0.00'[39m, [32m'4.37'[39m, [32m'3.38'[39m, [32m'0.04'[39m ]
data rcv RT:[ [32m'0.00'[39m, [32m'4.39'[39m, [32m'3.42'[39m, [32m'0.00'[39m ]
data rcv RT:[ [32m'0.00'[39m, [32m'4.37'[39m, [32m'3.42'[39m, [32m'0.01'[39m ]
data rcv RT:[ [32m'0.00'[39m, [32m'4.35'[39m, [32m'3.43'[39m, [32m'0.00'[39m ]
data rcv RT:[ [32m'0.00'[39m, [32m'4.35'[39m, [32m'3.42'[39m, [32m'0.00'[39m ]
data rcv RT:[ [32m'0.00'[39m, [32m'4.32'[39m, [32m'3.43'[39m, [32m'0.00'[39m ]
data rcv RT:[ [32m'0.00'[39m, [32m'4.30'[39m, [32m'3.44'[39m, [32m'0.00'[39m ]
data rcv RT:[ [32m'0.00'[39m, [32m'4.28'[39m, [32m'3.40'[39m, [32m'0.00'[39m ]
data rcv RT:[ [32m'0.00'[39m, [32m'4.27'[39m, [32m'3.40'[39m, [32m'0.00'[39m ]
data rcv RT:[ [32m'0.00'[39m, [32m'4.28'[39m, [32m'3.38'[39m, [32m'0.00'[39m ]
data rcv RT:[ [32m'0.00'[39m, [32m'4.26'[39m, [32m'3.39'[39m, [32m'0.00'[39m ]
data rcv RT:[ [32m'0.00'[39m, [32m'4.30'[39m, [32m'3.38'[39m, [32m'0.00'[39m ]
data rcv RT:[ [32m'0.00'[39m, [32m'4.32'[39m, [32m'3.40'[39m, [32m'0.00'[39m ]
data rcv RT:[ [32m'0.00'[39m, [32m'4.33'[39m, [32m'3.39'[39m, [32m'0.00'[39m ]
data rcv RT:[ [32m'0.00'[39m, [32m'4.38'[39m, [32m'3.38'[39m, [32m'0.04'[39m ]
data rcv RT:[ [32m'0.00'[39m, [32m'4.36'[39m, [32m'3.37'[39m, [32m'0.01'[39m ]
data rcv RT:[ [32m'0.00'[39m, [32m'4.36'[39m, [32m'3.43'[39m, [32m'0.00'[39m ]
data rcv RT:[ [32m'0.00'[39m, [32m'4.31'[39m, [32m'3.45'[39m, [32m'0.00'[39m ]
data rcv RT:[ [32m'0.00'[39m, [32m'4.32'[39m, [32m'3.45'[39m, [32m'0.00'[39m ]
data rcv RT:[ [32m'0.00'[39m, [32m'4.30'[39m, [32m'3.45'[39m, [32m'0.00'[39m ]
data rcv RT:[ [32m'0.00'[39m, [32m'4.32'[39m, [32m'3.42'[39m, [32m'0.00'[39m ]
data rcv RT:[ [32m'0.00'[39m, [32m'4.29'[39m, [32m'3.44'[39m, [32m'0.00'[39m ]
data rcv RT:[ [32m'0.00'[39m, [32m'4.29'[39m, [32m'3.43'[39m, [32m'0.00'[39m ]
data rcv RT:[ [32m'0.00'[39m, [32m'4.29'[39m, [32m'3.43'[39m, [32m'0.00'[39m ]
data rcv RT:[ [32m'0.00'[39m, [32m'4.27'[39m, [32m'3.42'[39m, [32m'0.00'[39m ]
data rcv RT:[ [32m'0.00'[39m, [32m'4.29'[39m, [32m'3.36'[39m, [32m'0.00'[39m ]
data rcv RT:[ [32m'0.00'[39m, [32m'4.31'[39m, [32m'3.37'[39m, [32m'0.00'[39m ]
data rcv RT:[ [32m'0.00'[39m, [32m'4.31'[39m, [32m'3.39'[39m, [32m'0.02'[39m ]
data rcv RT:[ [32m'0.00'[39m, [32m'4.32'[39m, [32m'3.38'[39m, [32m'0.03'[39m ]
data rcv RT:[ [32m'0.00'[39m, [32m'4.32'[39m, [32m'3.35'[39m, [32m'0.06'[39m ]
data rcv RT:[ [32m'0.00'[39m, [32m'4.39'[39m, [32m'3.42'[39m, [32m'0.04'[39m ]
data rcv RT:[ [32m'0.00'[39m, [32m'4.36'[39m, [32m'3.43'[39m, [32m'0.00'[39m ]
data rcv RT:[ [32m'0.00'[39m, [32m'4.31'[39m, [32m'3.44'[39m, [32m'0.00'[39m ]
data rcv RT:[ [32m'0.00'[39m, [32m'4.34'[39m, [32m'3.45'[39m, [32m'0.00'[39m ]
data rcv RT:[ [32m'0.00'[39m, [32m'4.30'[39m, [32m'3.43'[39m, [32m'0.00'[39m ]
data rcv RT:[ [32m'0.00'[39m, [32m'4.28'[39m, [32m'3.45'[39m, [32m'0.00'[39m ]
data rcv RT:[ [32m'0.00'[39m, [32m'4.25'[39m, [32m'3.42'[39m, [32m'0.00'[39m ]
data rcv RT:[ [32m'0.00'[39m, [32m'4.26'[39m, [32m'3.39'[39m, [32m'0.00'[39m ]
data rcv RT:[ [32m'0.00'[39m, [32m'4.26'[39m, [32m'3.36'[39m, [32m'0.00'[39m ]
data rcv RT:[ [32m'0.00'[39m, [32m'4.35'[39m, [32m'3.39'[39m, [32m'0.01'[39m ]
data rcv RT:[ [32m'0.00'[39m, [32m'4.33'[39m, [32m'3.37'[39m, [32m'0.05'[39m ]
data rcv RT:[ [32m'0.00'[39m, [32m'4.30'[39m, [32m'3.36'[39m, [32m'0.03'[39m ]
data rcv RT:[ [32m'0.00'[39m, [32m'4.38'[39m, [32m'3.40'[39m, [32m'0.01'[39m ]
data rcv RT:[ [32m'0.00'[39m, [32m'4.33'[39m, [32m'3.42'[39m, [32m'0.00'[39m ]
data rcv RT:[ [32m'0.00'[39m, [32m'4.31'[39m, [32m'3.44'[39m, [32m'0.00'[39m ]
data rcv RT:[ [32m'0.00'[39m, [32m'4.29'[39m, [32m'3.42'[39m, [32m'0.00'[39m ]
data rcv RT:[ [32m'0.00'[39m, [32m'4.25'[39m, [32m'3.43'[39m, [32m'0.00'[39m ]
data rcv RT:[ [32m'0.00'[39m, [32m'4.26'[39m, [32m'3.41'[39m, [32m'0.00'[39m ]
data rcv RT:[ [32m'0.00'[39m, [32m'4.26'[39m, [32m'3.38'[39m, [32m'0.00'[39m ]
data rcv RT:[ [32m'0.00'[39m, [32m'4.26'[39m, [32m'3.41'[39m, [32m'0.00'[39m ]
data rcv RT:[ [32m'0.00'[39m, [32m'4.27'[39m, [32m'3.39'[39m, [32m'0.00'[39m ]
data rcv RT:[ [32m'0.00'[39m, [32m'4.28'[39m, [32m'3.39'[39m, [32m'0.00'[39m ]
data rcv RT:[ [32m'0.00'[39m, [32m'4.31'[39m, [32m'3.41'[39m, [32m'0.00'[39m ]
data rcv RT:[ [32m'0.00'[39m, [32m'4.35'[39m, [32m'3.36'[39m, [32m'0.04'[39m ]
data rcv RT:[ [32m'0.00'[39m, [32m'4.38'[39m, [32m'3.39'[39m, [32m'0.02'[39m ]
data rcv RT:[ [32m'0.00'[39m, [32m'4.34'[39m, [32m'3.41'[39m, [32m'0.00'[39m ]
data rcv RT:[ [32m'0.00'[39m, [32m'4.34'[39m, [32m'3.43'[39m, [32m'0.00'[39m ]
data rcv RT:[ [32m'0.00'[39m, [32m'4.35'[39m, [32m'3.42'[39m, [32m'0.00'[39m ]
data rcv RT:[ [32m'0.00'[39m, [32m'4.31'[39m, [32m'3.43'[39m, [32m'0.00'[39m ]
data rcv RT:[ [32m'0.00'[39m, [32m'4.25'[39m, [32m'3.41'[39m, [32m'0.00'[39m ]
data rcv RT:[ [32m'0.00'[39m, [32m'4.27'[39m, [32m'3.39'[39m, [32m'0.00'[39m ]
data rcv RT:[ [32m'0.00'[39m, [32m'4.29'[39m, [32m'3.39'[39m, [32m'0.00'[39m ]
data rcv RT:[ [32m'0.00'[39m, [32m'4.26'[39m, [32m'3.35'[39m, [32m'0.01'[39m ]
data rcv RT:[ [32m'0.00'[39m, [32m'4.26'[39m, [32m'3.39'[39m, [32m'0.00'[39m ]
data rcv RT:[ [32m'0.00'[39m, [32m'4.28'[39m, [32m'3.40'[39m, [32m'0.00'[39m ]
data rcv RT:[ [32m'0.00'[39m, [32m'4.34'[39m, [32m'3.38'[39m, [32m'0.03'[39m ]
data rcv RT:[ [32m'0.00'[39m, [32m'4.36'[39m, [32m'3.36'[39m, [32m'0.06'[39m ]
data rcv RT:[ [32m'0.00'[39m, [32m'4.35'[39m, [32m'3.41'[39m, [32m'0.01'[39m ]
data rcv RT:[ [32m'0.00'[39m, [32m'4.34'[39m, [32m'3.41'[39m, [32m'0.00'[39m ]
data rcv RT:[ [32m'0.00'[39m, [32m'4.30'[39m, [32m'3.44'[39m, [32m'0.00'[39m ]
data rcv RT:[ [32m'0.00'[39m, [32m'4.31'[39m, [32m'3.46'[39m, [32m'0.00'[39m ]
data rcv RT:[ [32m'0.00'[39m, [32m'4.27'[39m, [32m'3.40'[39m, [32m'0.00'[39m ]
data rcv RT:[ [32m'0.00'[39m, [32m'4.26'[39m, [32m'3.41'[39m, [32m'0.00'[39m ]
data rcv RT:[ [32m'0.00'[39m, [32m'4.28'[39m, [32m'3.39'[39m, [32m'0.00'[39m ]
data rcv RT:[ [32m'0.00'[39m, [32m'4.29'[39m, [32m'3.40'[39m, [32m'0.00'[39m ]
data rcv RT:[ [32m'0.00'[39m, [32m'4.36'[39m, [32m'3.38'[39m, [32m'0.03'[39m ]
data rcv RT:[ [32m'0.00'[39m, [32m'4.39'[39m, [32m'3.38'[39m, [32m'0.02'[39m ]
data rcv RT:[ [32m'0.00'[39m, [32m'4.37'[39m, [32m'3.41'[39m, [32m'0.01'[39m ]
data rcv RT:[ [32m'0.00'[39m, [32m'4.32'[39m, [32m'3.42'[39m, [32m'0.00'[39m ]
data rcv RT:[ [32m'0.00'[39m, [32m'4.32'[39m, [32m'3.44'[39m, [32m'0.00'[39m ]
data rcv RT:[ [32m'0.00'[39m, [32m'4.32'[39m, [32m'3.42'[39m, [32m'0.00'[39m ]
data rcv RT:[ [32m'0.00'[39m, [32m'4.26'[39m, [32m'3.44'[39m, [32m'0.00'[39m ]
data rcv RT:[ [32m'0.00'[39m, [32m'4.26'[39m, [32m'3.39'[39m, [32m'0.00'[39m ]
data rcv RT:[ [32m'0.00'[39m, [32m'4.28'[39m, [32m'3.39'[39m, [32m'0.00'[39m ]
data rcv RT:[ [32m'0.00'[39m, [32m'4.30'[39m, [32m'3.38'[39m, [32m'0.00'[39m ]
data rcv RT:[ [32m'0.00'[39m, [32m'4.30'[39m, [32m'3.38'[39m, [32m'0.00'[39m ]
data rcv RT:[ [32m'0.00'[39m, [32m'4.33'[39m, [32m'3.36'[39m, [32m'0.05'[39m ]
data rcv RT:[ [32m'0.00'[39m, [32m'4.36'[39m, [32m'3.40'[39m, [32m'0.00'[39m ]
data rcv RT:[ [32m'0.00'[39m, [32m'4.38'[39m, [32m'3.40'[39m, [32m'0.03'[39m ]
data rcv RT:[ [32m'0.00'[39m, [32m'4.35'[39m, [32m'3.41'[39m, [32m'0.00'[39m ]
data rcv RT:[ [32m'0.00'[39m, [32m'4.32'[39m, [32m'3.43'[39m, [32m'0.00'[39m ]
data rcv RT:[ [32m'0.00'[39m, [32m'4.30'[39m, [32m'3.43'[39m, [32m'0.00'[39m ]
data rcv RT:[ [32m'0.00'[39m, [32m'4.28'[39m, [32m'3.40'[39m, [32m'0.00'[39m ]
data rcv RT:[ [32m'0.00'[39m, [32m'4.27'[39m, [32m'3.42'[39m, [32m'0.00'[39m ]
data rcv RT:[ [32m'0.00'[39m, [32m'4.29'[39m, [32m'3.39'[39m, [32m'0.00'[39m ]
data rcv RT:[ [32m'0.00'[39m, [32m'4.32'[39m, [32m'3.39'[39m, [32m'0.01'[39m ]
data rcv RT:[ [32m'0.00'[39m, [32m'4.34'[39m, [32m'3.39'[39m, [32m'0.01'[39m ]
data rcv RT:[ [32m'0.00'[39m, [32m'4.32'[39m, [32m'3.40'[39m, [32m'0.02'[39m ]
data rcv RT:[ [32m'0.00'[39m, [32m'4.34'[39m, [32m'3.38'[39m, [32m'0.03'[39m ]
data rcv RT:[ [32m'0.00'[39m, [32m'4.37'[39m, [32m'3.38'[39m, [32m'0.06'[39m ]
data rcv RT:[ [32m'0.00'[39m, [32m'4.38'[39m, [32m'3.40'[39m, [32m'0.02'[39m ]
data rcv RT:[ [32m'0.00'[39m, [32m'4.34'[39m, [32m'3.43'[39m, [32m'0.00'[39m ]
data rcv RT:[ [32m'0.00'[39m, [32m'4.28'[39m, [32m'3.43'[39m, [32m'0.00'[39m ]
data rcv RT:[ [32m'0.00'[39m, [32m'4.29'[39m, [32m'3.40'[39m, [32m'0.00'[39m ]
data rcv RT:[ [32m'0.00'[39m, [32m'4.27'[39m, [32m'3.38'[39m, [32m'0.00'[39m ]
data rcv RT:[ [32m'0.00'[39m, [32m'4.28'[39m, [32m'3.44'[39m, [32m'0.00'[39m ]
data rcv RT:[ [32m'0.00'[39m, [32m'4.29'[39m, [32m'3.37'[39m, [32m'0.00'[39m ]
data rcv RT:[ [32m'0.00'[39m, [32m'4.32'[39m, [32m'3.38'[39m, [32m'0.00'[39m ]
data rcv RT:[ [32m'0.00'[39m, [32m'4.33'[39m, [32m'3.39'[39m, [32m'0.01'[39m ]
data rcv RT:[ [32m'0.00'[39m, [32m'4.34'[39m, [32m'3.39'[39m, [32m'0.04'[39m ]
data rcv RT:[ [32m'0.00'[39m, [32m'4.35'[39m, [32m'3.42'[39m, [32m'0.00'[39m ]
data rcv RT:[ [32m'0.00'[39m, [32m'4.37'[39m, [32m'3.41'[39m, [32m'0.00'[39m ]
data rcv RT:[ [32m'0.00'[39m, [32m'4.37'[39m, [32m'3.42'[39m, [32m'0.00'[39m ]
data rcv RT:[ [32m'0.00'[39m, [32m'4.32'[39m, [32m'3.42'[39m, [32m'0.00'[39m ]
data rcv RT:[ [32m'0.00'[39m, [32m'4.31'[39m, [32m'3.43'[39m, [32m'0.00'[39m ]
data rcv RT:[ [32m'0.00'[39m, [32m'4.29'[39m, [32m'3.42'[39m, [32m'0.00'[39m ]
data rcv RT:[ [32m'0.00'[39m, [32m'4.26'[39m, [32m'3.40'[39m, [32m'0.00'[39m ]
data rcv RT:[ [32m'0.00'[39m, [32m'4.29'[39m, [32m'3.38'[39m, [32m'0.00'[39m ]
data rcv RT:[ [32m'0.00'[39m, [32m'4.32'[39m, [32m'3.38'[39m, [32m'0.00'[39m ]
data rcv RT:[ [32m'0.00'[39m, [32m'4.33'[39m, [32m'3.40'[39m, [32m'0.01'[39m ]
data rcv RT:[ [32m'0.00'[39m, [32m'4.35'[39m, [32m'3.35'[39m, [32m'0.02'[39m ]
data rcv RT:[ [32m'0.00'[39m, [32m'4.37'[39m, [32m'3.42'[39m, [32m'0.00'[39m ]
data rcv RT:[ [32m'0.00'[39m, [32m'4.35'[39m, [32m'3.40'[39m, [32m'0.00'[39m ]
data rcv RT:[ [32m'0.00'[39m, [32m'4.33'[39m, [32m'3.41'[39m, [32m'0.00'[39m ]
data rcv RT:[ [32m'0.00'[39m, [32m'4.31'[39m, [32m'3.42'[39m, [32m'0.00'[39m ]
data rcv RT:[ [32m'0.00'[39m, [32m'4.31'[39m, [32m'3.42'[39m, [32m'0.00'[39m ]
data rcv RT:[ [32m'0.00'[39m, [32m'4.27'[39m, [32m'3.40'[39m, [32m'0.00'[39m ]
data rcv RT:[ [32m'0.00'[39m, [32m'4.25'[39m, [32m'3.40'[39m, [32m'0.00'[39m ]
data rcv RT:[ [32m'0.00'[39m, [32m'4.27'[39m, [32m'3.37'[39m, [32m'0.00'[39m ]
data rcv RT:[ [32m'0.00'[39m, [32m'4.33'[39m, [32m'3.38'[39m, [32m'0.02'[39m ]
data rcv RT:[ [32m'0.00'[39m, [32m'4.34'[39m, [32m'3.37'[39m, [32m'0.02'[39m ]
data rcv RT:[ [32m'0.00'[39m, [32m'4.36'[39m, [32m'3.38'[39m, [32m'0.03'[39m ]
data rcv RT:[ [32m'0.00'[39m, [32m'4.37'[39m, [32m'3.36'[39m, [32m'0.05'[39m ]
data rcv RT:[ [32m'0.00'[39m, [32m'4.35'[39m, [32m'3.40'[39m, [32m'0.01'[39m ]
data rcv RT:[ [32m'0.00'[39m, [32m'4.38'[39m, [32m'3.41'[39m, [32m'0.01'[39m ]
data rcv RT:[ [32m'0.00'[39m, [32m'4.36'[39m, [32m'3.43'[39m, [32m'0.00'[39m ]
data rcv RT:[ [32m'0.00'[39m, [32m'4.33'[39m, [32m'3.41'[39m, [32m'0.00'[39m ]
data rcv RT:[ [32m'0.00'[39m, [32m'4.34'[39m, [32m'3.41'[39m, [32m'0.00'[39m ]
data rcv RT:[ [32m'0.00'[39m, [32m'4.31'[39m, [32m'3.44'[39m, [32m'0.00'[39m ]
data rcv RT:[ [32m'0.00'[39m, [32m'4.32'[39m, [32m'3.42'[39m, [32m'0.00'[39m ]
data rcv RT:[ [32m'0.00'[39m, [32m'4.30'[39m, [32m'3.40'[39m, [32m'0.00'[39m ]
data rcv RT:[ [32m'0.00'[39m, [32m'4.27'[39m, [32m'3.42'[39m, [32m'0.00'[39m ]
data rcv RT:[ [32m'0.00'[39m, [32m'4.26'[39m, [32m'3.40'[39m, [32m'0.00'[39m ]
data rcv RT:[ [32m'0.00'[39m, [32m'4.27'[39m, [32m'3.40'[39m, [32m'0.00'[39m ]
data rcv RT:[ [32m'0.00'[39m, [32m'4.33'[39m, [32m'3.36'[39m, [32m'0.01'[39m ]
data rcv RT:[ [32m'0.00'[39m, [32m'4.32'[39m, [32m'3.38'[39m, [32m'0.02'[39m ]
data rcv RT:[ [32m'0.00'[39m, [32m'4.34'[39m, [32m'3.39'[39m, [32m'0.01'[39m ]
data rcv RT:[ [32m'0.00'[39m, [32m'4.37'[39m, [32m'3.42'[39m, [32m'0.00'[39m ]
data rcv RT:[ [32m'0.00'[39m, [32m'4.32'[39m, [32m'3.43'[39m, [32m'0.00'[39m ]
data rcv RT:[ [32m'0.00'[39m, [32m'4.35'[39m, [32m'3.43'[39m, [32m'0.00'[39m ]
data rcv RT:[ [32m'0.00'[39m, [32m'4.33'[39m, [32m'3.43'[39m, [32m'0.00'[39m ]
data rcv RT:[ [32m'0.00'[39m, [32m'4.27'[39m, [32m'3.42'[39m, [32m'0.00'[39m ]
data rcv RT:[ [32m'0.00'[39m, [32m'4.27'[39m, [32m'3.37'[39m, [32m'0.00'[39m ]
data rcv RT:[ [32m'0.00'[39m, [32m'4.26'[39m, [32m'3.39'[39m, [32m'0.00'[39m ]
data rcv RT:[ [32m'0.00'[39m, [32m'4.27'[39m, [32m'3.38'[39m, [32m'0.00'[39m ]
data rcv RT:[ [32m'0.00'[39m, [32m'4.33'[39m, [32m'3.37'[39m, [32m'0.01'[39m ]
data rcv RT:[ [32m'0.00'[39m, [32m'4.33'[39m, [32m'3.40'[39m, [32m'0.01'[39m ]
data rcv RT:[ [32m'0.00'[39m, [32m'4.34'[39m, [32m'3.39'[39m, [32m'0.05'[39m ]
data rcv RT:[ [32m'0.00'[39m, [32m'4.33'[39m, [32m'3.41'[39m, [32m'0.00'[39m ]
data rcv RT:[ [32m'0.00'[39m, [32m'4.38'[39m, [32m'3.41'[39m, [32m'0.00'[39m ]
data rcv RT:[ [32m'0.00'[39m, [32m'4.35'[39m, [32m'3.40'[39m, [32m'0.01'[39m ]
data rcv RT:[ [32m'0.00'[39m, [32m'4.33'[39m, [32m'3.41'[39m, [32m'0.00'[39m ]
data rcv RT:[ [32m'0.00'[39m, [32m'4.32'[39m, [32m'3.43'[39m, [32m'0.00'[39m ]
data rcv RT:[ [32m'0.00'[39m, [32m'4.32'[39m, [32m'3.45'[39m, [32m'0.00'[39m ]
data rcv RT:[ [32m'0.00'[39m, [32m'4.30'[39m, [32m'3.43'[39m, [32m'0.00'[39m ]
data rcv RT:[ [32m'0.00'[39m, [32m'4.30'[39m, [32m'3.44'[39m, [32m'0.00'[39m ]
data rcv RT:[ [32m'0.00'[39m, [32m'4.25'[39m, [32m'3.43'[39m, [32m'0.00'[39m ]
data rcv RT:[ [32m'0.00'[39m, [32m'4.28'[39m, [32m'3.41'[39m, [32m'0.00'[39m ]
data rcv RT:[ [32m'0.00'[39m, [32m'4.32'[39m, [32m'3.38'[39m, [32m'0.01'[39m ]
data rcv RT:[ [32m'0.00'[39m, [32m'4.32'[39m, [32m'3.39'[39m, [32m'0.01'[39m ]
data rcv RT:[ [32m'0.00'[39m, [32m'4.34'[39m, [32m'3.38'[39m, [32m'0.03'[39m ]
data rcv RT:[ [32m'0.00'[39m, [32m'4.32'[39m, [32m'3.37'[39m, [32m'0.05'[39m ]
data rcv RT:[ [32m'0.00'[39m, [32m'4.38'[39m, [32m'3.41'[39m, [32m'0.00'[39m ]
data rcv RT:[ [32m'0.00'[39m, [32m'4.38'[39m, [32m'3.38'[39m, [32m'0.02'[39m ]
data rcv RT:[ [32m'0.00'[39m, [32m'4.34'[39m, [32m'3.39'[39m, [32m'0.00'[39m ]
data rcv RT:[ [32m'0.00'[39m, [32m'4.31'[39m, [32m'3.44'[39m, [32m'0.00'[39m ]
data rcv RT:[ [32m'0.00'[39m, [32m'4.32'[39m, [32m'3.43'[39m, [32m'0.00'[39m ]
data rcv RT:[ [32m'0.00'[39m, [32m'4.31'[39m, [32m'3.45'[39m, [32m'0.00'[39m ]
data rcv RT:[ [32m'0.00'[39m, [32m'4.30'[39m, [32m'3.41'[39m, [32m'0.00'[39m ]
data rcv RT:[ [32m'0.00'[39m, [32m'4.27'[39m, [32m'3.44'[39m, [32m'0.00'[39m ]
data rcv RT:[ [32m'0.00'[39m, [32m'4.26'[39m, [32m'3.40'[39m, [32m'0.00'[39m ]
data rcv RT:[ [32m'0.00'[39m, [32m'4.27'[39m, [32m'3.44'[39m, [32m'0.00'[39m ]
data rcv RT:[ [32m'0.00'[39m, [32m'4.26'[39m, [32m'3.40'[39m, [32m'0.00'[39m ]
data rcv RT:[ [32m'0.00'[39m, [32m'4.29'[39m, [32m'3.39'[39m, [32m'0.00'[39m ]
data rcv RT:[ [32m'0.00'[39m, [32m'4.28'[39m, [32m'3.38'[39m, [32m'0.00'[39m ]
data rcv RT:[ [32m'0.00'[39m, [32m'4.29'[39m, [32m'3.38'[39m, [32m'0.00'[39m ]
data rcv RT:[ [32m'0.00'[39m, [32m'4.31'[39m, [32m'3.38'[39m, [32m'0.00'[39m ]
data rcv RT:[ [32m'0.00'[39m, [32m'4.32'[39m, [32m'3.38'[39m, [32m'0.00'[39m ]
data rcv RT:[ [32m'0.00'[39m, [32m'4.33'[39m, [32m'3.40'[39m, [32m'0.01'[39m ]
data rcv RT:[ [32m'0.00'[39m, [32m'4.37'[39m, [32m'3.42'[39m, [32m'0.00'[39m ]
data rcv RT:[ [32m'0.00'[39m, [32m'4.35'[39m, [32m'3.38'[39m, [32m'0.02'[39m ]
data rcv RT:[ [32m'0.00'[39m, [32m'4.35'[39m, [32m'3.44'[39m, [32m'0.00'[39m ]
data rcv RT:[ [32m'0.00'[39m, [32m'4.34'[39m, [32m'3.41'[39m, [32m'0.00'[39m ]
data rcv RT:[ [32m'0.00'[39m, [32m'4.36'[39m, [32m'3.41'[39m, [32m'0.00'[39m ]
data rcv RT:[ [32m'0.00'[39m, [32m'4.33'[39m, [32m'3.42'[39m, [32m'0.00'[39m ]
data rcv RT:[ [32m'0.00'[39m, [32m'4.33'[39m, [32m'3.43'[39m, [32m'0.00'[39m ]
data rcv RT:[ [32m'0.00'[39m, [32m'4.31'[39m, [32m'3.44'[39m, [32m'0.00'[39m ]
data rcv RT:[ [32m'0.00'[39m, [32m'4.29'[39m, [32m'3.42'[39m, [32m'0.00'[39m ]
data rcv RT:[ [32m'0.00'[39m, [32m'4.31'[39m, [32m'3.43'[39m, [32m'0.00'[39m ]
data rcv RT:[ [32m'0.00'[39m, [32m'4.28'[39m, [32m'3.45'[39m, [32m'0.00'[39m ]
data rcv RT:[ [32m'0.00'[39m, [32m'4.28'[39m, [32m'3.46'[39m, [32m'0.00'[39m ]
data rcv RT:[ [32m'0.00'[39m, [32m'4.26'[39m, [32m'3.35'[39m, [32m'0.00'[39m ]
data rcv RT:[ [32m'0.00'[39m, [32m'4.30'[39m, [32m'3.37'[39m, [32m'0.00'[39m ]
data rcv RT:[ [32m'0.00'[39m, [32m'4.32'[39m, [32m'3.40'[39m, [32m'0.00'[39m ]
data rcv RT:[ [32m'0.00'[39m, [32m'4.33'[39m, [32m'3.34'[39m, [32m'0.06'[39m ]
data rcv RT:[ [32m'0.00'[39m, [32m'4.34'[39m, [32m'3.37'[39m, [32m'0.04'[39m ]
data rcv RT:[ [32m'0.00'[39m, [32m'4.33'[39m, [32m'3.34'[39m, [32m'0.05'[39m ]
data rcv RT:[ [32m'0.00'[39m, [32m'4.35'[39m, [32m'3.42'[39m, [32m'0.02'[39m ]
data rcv RT:[ [32m'0.00'[39m, [32m'4.35'[39m, [32m'3.44'[39m, [32m'0.00'[39m ]
data rcv RT:[ [32m'0.00'[39m, [32m'4.33'[39m, [32m'3.43'[39m, [32m'0.00'[39m ]
data rcv RT:[ [32m'0.00'[39m, [32m'4.31'[39m, [32m'3.43'[39m, [32m'0.00'[39m ]
data rcv RT:[ [32m'0.00'[39m, [32m'4.25'[39m, [32m'3.42'[39m, [32m'0.00'[39m ]
data rcv RT:[ [32m'0.00'[39m, [32m'4.24'[39m, [32m'3.41'[39m, [32m'0.00'[39m ]
data rcv RT:[ [32m'0.00'[39m, [32m'4.30'[39m, [32m'3.43'[39m, [32m'0.00'[39m ]
data rcv RT:[ [32m'0.00'[39m, [32m'4.29'[39m, [32m'3.39'[39m, [32m'0.00'[39m ]
data rcv RT:[ [32m'0.00'[39m, [32m'4.31'[39m, [32m'3.37'[39m, [32m'0.01'[39m ]
data rcv RT:[ [32m'0.00'[39m, [32m'4.32'[39m, [32m'3.37'[39m, [32m'0.03'[39m ]
data rcv RT:[ [32m'0.00'[39m, [32m'4.33'[39m, [32m'3.39'[39m, [32m'0.01'[39m ]
data rcv RT:[ [32m'0.00'[39m, [32m'4.33'[39m, [32m'3.36'[39m, [32m'0.04'[39m ]
data rcv RT:[ [32m'0.00'[39m, [32m'4.39'[39m, [32m'3.39'[39m, [32m'0.01'[39m ]
data rcv RT:[ [32m'0.00'[39m, [32m'4.38'[39m, [32m'3.42'[39m, [32m'0.00'[39m ]
data rcv RT:[ [32m'0.00'[39m, [32m'4.36'[39m, [32m'3.41'[39m, [32m'0.00'[39m ]
data rcv RT:[ [32m'0.00'[39m, [32m'4.36'[39m, [32m'3.42'[39m, [32m'0.00'[39m ]
data rcv RT:[ [32m'0.00'[39m, [32m'4.31'[39m, [32m'3.43'[39m, [32m'0.00'[39m ]
data rcv RT:[ [32m'0.00'[39m, [32m'4.30'[39m, [32m'3.43'[39m, [32m'0.00'[39m ]
data rcv RT:[ [32m'0.00'[39m, [32m'4.29'[39m, [32m'3.45'[39m, [32m'0.00'[39m ]
data rcv RT:[ [32m'0.00'[39m, [32m'4.25'[39m, [32m'3.41'[39m, [32m'0.00'[39m ]
data rcv RT:[ [32m'0.00'[39m, [32m'4.25'[39m, [32m'3.40'[39m, [32m'0.00'[39m ]
data rcv RT:[ [32m'0.00'[39m, [32m'4.27'[39m, [32m'3.39'[39m, [32m'0.00'[39m ]
data rcv RT:[ [32m'0.00'[39m, [32m'4.26'[39m, [32m'3.39'[39m, [32m'0.00'[39m ]
data rcv RT:[ [32m'0.00'[39m, [32m'4.25'[39m, [32m'3.38'[39m, [32m'0.00'[39m ]
data rcv RT:[ [32m'0.00'[39m, [32m'4.27'[39m, [32m'3.40'[39m, [32m'0.00'[39m ]
data rcv RT:[ [32m'0.00'[39m, [32m'4.27'[39m, [32m'3.37'[39m, [32m'0.00'[39m ]
data rcv RT:[ [32m'0.00'[39m, [32m'4.31'[39m, [32m'3.37'[39m, [32m'0.02'[39m ]
data rcv RT:[ [32m'0.00'[39m, [32m'4.30'[39m, [32m'3.39'[39m, [32m'0.00'[39m ]
data rcv RT:[ [32m'0.00'[39m, [32m'4.32'[39m, [32m'3.36'[39m, [32m'0.01'[39m ]
data rcv RT:[ [32m'0.00'[39m, [32m'4.36'[39m, [32m'3.40'[39m, [32m'0.00'[39m ]
data rcv RT:[ [32m'0.00'[39m, [32m'4.37'[39m, [32m'3.36'[39m, [32m'0.06'[39m ]
data rcv RT:[ [32m'0.00'[39m, [32m'4.38'[39m, [32m'3.42'[39m, [32m'0.00'[39m ]
data rcv RT:[ [32m'0.00'[39m, [32m'4.36'[39m, [32m'3.42'[39m, [32m'0.00'[39m ]
data rcv RT:[ [32m'0.00'[39m, [32m'4.36'[39m, [32m'3.44'[39m, [32m'0.00'[39m ]
data rcv RT:[ [32m'0.00'[39m, [32m'4.32'[39m, [32m'3.43'[39m, [32m'0.00'[39m ]
data rcv RT:[ [32m'0.00'[39m, [32m'4.30'[39m, [32m'3.41'[39m, [32m'0.00'[39m ]
data rcv RT:[ [32m'0.00'[39m, [32m'4.28'[39m, [32m'3.45'[39m, [32m'0.00'[39m ]
data rcv RT:[ [32m'0.00'[39m, [32m'4.30'[39m, [32m'3.43'[39m, [32m'0.00'[39m ]
data rcv RT:[ [32m'0.00'[39m, [32m'4.27'[39m, [32m'3.44'[39m, [32m'0.00'[39m ]
data rcv RT:[ [32m'0.00'[39m, [32m'4.28'[39m, [32m'3.38'[39m, [32m'0.00'[39m ]
data rcv RT:[ [32m'0.00'[39m, [32m'4.29'[39m, [32m'3.37'[39m, [32m'0.00'[39m ]
data rcv RT:[ [32m'0.00'[39m, [32m'4.28'[39m, [32m'3.39'[39m, [32m'0.00'[39m ]
data rcv RT:[ [32m'0.00'[39m, [32m'4.32'[39m, [32m'3.38'[39m, [32m'0.01'[39m ]
data rcv RT:[ [32m'0.00'[39m, [32m'4.33'[39m, [32m'3.38'[39m, [32m'0.00'[39m ]
data rcv RT:[ [32m'0.00'[39m, [32m'4.34'[39m, [32m'3.35'[39m, [32m'0.08'[39m ]
data rcv RT:[ [32m'0.00'[39m, [32m'4.37'[39m, [32m'3.43'[39m, [32m'0.00'[39m ]
data rcv RT:[ [32m'0.00'[39m, [32m'4.36'[39m, [32m'3.41'[39m, [32m'0.01'[39m ]
data rcv RT:[ [32m'0.00'[39m, [32m'4.37'[39m, [32m'3.41'[39m, [32m'0.01'[39m ]
data rcv RT:[ [32m'0.00'[39m, [32m'4.38'[39m, [32m'3.43'[39m, [32m'0.00'[39m ]
data rcv RT:[ [32m'0.00'[39m, [32m'4.33'[39m, [32m'3.44'[39m, [32m'0.00'[39m ]
data rcv RT:[ [32m'0.00'[39m, [32m'4.32'[39m, [32m'3.43'[39m, [32m'0.00'[39m ]
data rcv RT:[ [32m'0.00'[39m, [32m'4.26'[39m, [32m'3.44'[39m, [32m'0.00'[39m ]
data rcv RT:[ [32m'0.00'[39m, [32m'4.25'[39m, [32m'3.41'[39m, [32m'0.00'[39m ]
data rcv RT:[ [32m'0.00'[39m, [32m'4.30'[39m, [32m'3.45'[39m, [32m'0.00'[39m ]
data rcv RT:[ [32m'0.00'[39m, [32m'4.25'[39m, [32m'3.43'[39m, [32m'0.00'[39m ]
data rcv RT:[ [32m'0.00'[39m, [32m'4.26'[39m, [32m'3.44'[39m, [32m'0.00'[39m ]
data rcv RT:[ [32m'0.00'[39m, [32m'4.29'[39m, [32m'3.38'[39m, [32m'0.00'[39m ]
data rcv RT:[ [32m'0.00'[39m, [32m'4.28'[39m, [32m'3.38'[39m, [32m'0.00'[39m ]
data rcv RT:[ [32m'0.00'[39m, [32m'4.32'[39m, [32m'3.38'[39m, [32m'0.00'[39m ]
data rcv RT:[ [32m'0.00'[39m, [32m'4.35'[39m, [32m'3.37'[39m, [32m'0.02'[39m ]
data rcv RT:[ [32m'0.00'[39m, [32m'4.33'[39m, [32m'3.41'[39m, [32m'0.01'[39m ]
data rcv RT:[ [32m'0.00'[39m, [32m'4.35'[39m, [32m'3.37'[39m, [32m'0.04'[39m ]
data rcv RT:[ [32m'0.00'[39m, [32m'4.36'[39m, [32m'3.40'[39m, [32m'0.00'[39m ]
data rcv RT:[ [32m'0.00'[39m, [32m'4.34'[39m, [32m'3.39'[39m, [32m'0.00'[39m ]
data rcv RT:[ [32m'0.00'[39m, [32m'4.35'[39m, [32m'3.44'[39m, [32m'0.00'[39m ]
data rcv RT:[ [32m'0.00'[39m, [32m'4.33'[39m, [32m'3.44'[39m, [32m'0.00'[39m ]
data rcv RT:[ [32m'0.00'[39m, [32m'4.31'[39m, [32m'3.44'[39m, [32m'0.00'[39m ]
data rcv RT:[ [32m'0.00'[39m, [32m'4.31'[39m, [32m'3.43'[39m, [32m'0.00'[39m ]
data rcv RT:[ [32m'0.00'[39m, [32m'4.29'[39m, [32m'3.42'[39m, [32m'0.00'[39m ]
data rcv RT:[ [32m'0.00'[39m, [32m'4.26'[39m, [32m'3.40'[39m, [32m'0.00'[39m ]
data rcv RT:[ [32m'0.00'[39m, [32m'4.27'[39m, [32m'3.42'[39m, [32m'0.00'[39m ]
data rcv RT:[ [32m'0.00'[39m, [32m'4.28'[39m, [32m'3.39'[39m, [32m'0.00'[39m ]
data rcv RT:[ [32m'0.00'[39m, [32m'4.26'[39m, [32m'3.38'[39m, [32m'0.00'[39m ]
data rcv RT:[ [32m'0.00'[39m, [32m'4.31'[39m, [32m'3.37'[39m, [32m'0.02'[39m ]
data rcv RT:[ [32m'0.00'[39m, [32m'4.33'[39m, [32m'3.38'[39m, [32m'0.03'[39m ]
data rcv RT:[ [32m'0.00'[39m, [32m'4.37'[39m, [32m'3.37'[39m, [32m'0.04'[39m ]
data rcv RT:[ [32m'0.00'[39m, [32m'4.33'[39m, [32m'3.40'[39m, [32m'0.00'[39m ]
data rcv RT:[ [32m'0.00'[39m, [32m'4.38'[39m, [32m'3.42'[39m, [32m'0.01'[39m ]
data rcv RT:[ [32m'0.00'[39m, [32m'4.36'[39m, [32m'3.40'[39m, [32m'0.04'[39m ]
data rcv RT:[ [32m'0.00'[39m, [32m'4.35'[39m, [32m'3.43'[39m, [32m'0.00'[39m ]
data rcv RT:[ [32m'0.00'[39m, [32m'4.33'[39m, [32m'3.43'[39m, [32m'0.00'[39m ]
data rcv RT:[ [32m'0.00'[39m, [32m'4.32'[39m, [32m'3.43'[39m, [32m'0.00'[39m ]
data rcv RT:[ [32m'0.00'[39m, [32m'4.30'[39m, [32m'3.43'[39m, [32m'0.00'[39m ]
data rcv RT:[ [32m'0.00'[39m, [32m'4.26'[39m, [32m'3.39'[39m, [32m'0.00'[39m ]
data rcv RT:[ [32m'0.00'[39m, [32m'4.30'[39m, [32m'3.45'[39m, [32m'0.00'[39m ]
data rcv RT:[ [32m'0.00'[39m, [32m'4.27'[39m, [32m'3.43'[39m, [32m'0.00'[39m ]
data rcv RT:[ [32m'0.00'[39m, [32m'4.25'[39m, [32m'3.43'[39m, [32m'0.00'[39m ]
data rcv RT:[ [32m'0.00'[39m, [32m'4.30'[39m, [32m'3.38'[39m, [32m'0.00'[39m ]
data rcv RT:[ [32m'0.00'[39m, [32m'4.30'[39m, [32m'3.38'[39m, [32m'0.00'[39m ]
data rcv RT:[ [32m'0.00'[39m, [32m'4.35'[39m, [32m'3.37'[39m, [32m'0.02'[39m ]
data rcv RT:[ [32m'0.00'[39m, [32m'4.36'[39m, [32m'3.41'[39m, [32m'0.00'[39m ]
data rcv RT:[ [32m'0.00'[39m, [32m'4.35'[39m, [32m'3.38'[39m, [32m'0.04'[39m ]
data rcv RT:[ [32m'0.00'[39m, [32m'4.38'[39m, [32m'3.40'[39m, [32m'0.01'[39m ]
data rcv RT:[ [32m'0.00'[39m, [32m'4.34'[39m, [32m'3.44'[39m, [32m'0.00'[39m ]
data rcv RT:[ [32m'0.00'[39m, [32m'4.32'[39m, [32m'3.42'[39m, [32m'0.00'[39m ]
data rcv RT:[ [32m'0.00'[39m, [32m'4.31'[39m, [32m'3.44'[39m, [32m'0.00'[39m ]
data rcv RT:[ [32m'0.00'[39m, [32m'4.31'[39m, [32m'3.43'[39m, [32m'0.00'[39m ]
data rcv RT:[ [32m'0.00'[39m, [32m'4.28'[39m, [32m'3.45'[39m, [32m'0.00'[39m ]
data rcv RT:[ [32m'0.00'[39m, [32m'4.27'[39m, [32m'3.40'[39m, [32m'0.00'[39m ]
data rcv RT:[ [32m'0.00'[39m, [32m'4.27'[39m, [32m'3.41'[39m, [32m'0.00'[39m ]
data rcv RT:[ [32m'0.00'[39m, [32m'4.29'[39m, [32m'3.38'[39m, [32m'0.00'[39m ]
data rcv RT:[ [32m'0.00'[39m, [32m'4.28'[39m, [32m'3.40'[39m, [32m'0.00'[39m ]
data rcv RT:[ [32m'0.00'[39m, [32m'4.32'[39m, [32m'3.38'[39m, [32m'0.01'[39m ]
data rcv RT:[ [32m'0.00'[39m, [32m'4.33'[39m, [32m'3.37'[39m, [32m'0.03'[39m ]
data rcv RT:[ [32m'0.00'[39m, [32m'4.33'[39m, [32m'3.40'[39m, [32m'0.01'[39m ]
data rcv RT:[ [32m'0.00'[39m, [32m'4.35'[39m, [32m'3.40'[39m, [32m'0.02'[39m ]
data rcv RT:[ [32m'0.00'[39m, [32m'4.35'[39m, [32m'3.41'[39m, [32m'0.00'[39m ]
data rcv RT:[ [32m'0.00'[39m, [32m'4.36'[39m, [32m'3.41'[39m, [32m'0.00'[39m ]
data rcv RT:[ [32m'0.00'[39m, [32m'4.35'[39m, [32m'3.41'[39m, [32m'0.00'[39m ]
data rcv RT:[ [32m'0.00'[39m, [32m'4.29'[39m, [32m'3.42'[39m, [32m'0.00'[39m ]
data rcv RT:[ [32m'0.00'[39m, [32m'4.29'[39m, [32m'3.44'[39m, [32m'0.00'[39m ]
data rcv RT:[ [32m'0.00'[39m, [32m'4.26'[39m, [32m'3.44'[39m, [32m'0.00'[39m ]
data rcv RT:[ [32m'0.00'[39m, [32m'4.28'[39m, [32m'3.40'[39m, [32m'0.00'[39m ]
data rcv RT:[ [32m'0.00'[39m, [32m'4.31'[39m, [32m'3.39'[39m, [32m'0.00'[39m ]
data rcv RT:[ [32m'0.00'[39m, [32m'4.30'[39m, [32m'3.38'[39m, [32m'0.00'[39m ]
data rcv RT:[ [32m'0.00'[39m, [32m'4.31'[39m, [32m'3.38'[39m, [32m'0.00'[39m ]
data rcv RT:[ [32m'0.00'[39m, [32m'4.34'[39m, [32m'3.38'[39m, [32m'0.04'[39m ]
data rcv RT:[ [32m'0.00'[39m, [32m'4.36'[39m, [32m'3.40'[39m, [32m'0.05'[39m ]
data rcv RT:[ [32m'0.00'[39m, [32m'4.36'[39m, [32m'3.39'[39m, [32m'0.01'[39m ]
data rcv RT:[ [32m'0.00'[39m, [32m'4.37'[39m, [32m'3.40'[39m, [32m'0.00'[39m ]
data rcv RT:[ [32m'0.00'[39m, [32m'4.31'[39m, [32m'3.44'[39m, [32m'0.00'[39m ]
data rcv RT:[ [32m'0.00'[39m, [32m'4.33'[39m, [32m'3.42'[39m, [32m'0.00'[39m ]
data rcv RT:[ [32m'0.00'[39m, [32m'4.29'[39m, [32m'3.46'[39m, [32m'0.00'[39m ]
data rcv RT:[ [32m'0.00'[39m, [32m'4.25'[39m, [32m'3.40'[39m, [32m'0.00'[39m ]
data rcv RT:[ [32m'0.00'[39m, [32m'4.26'[39m, [32m'3.40'[39m, [32m'0.00'[39m ]
data rcv RT:[ [32m'0.00'[39m, [32m'4.25'[39m, [32m'3.41'[39m, [32m'0.00'[39m ]
data rcv RT:[ [32m'0.00'[39m, [32m'4.28'[39m, [32m'3.40'[39m, [32m'0.00'[39m ]
data rcv RT:[ [32m'0.00'[39m, [32m'4.30'[39m, [32m'3.39'[39m, [32m'0.00'[39m ]
data rcv RT:[ [32m'0.00'[39m, [32m'4.32'[39m, [32m'3.39'[39m, [32m'0.01'[39m ]
data rcv RT:[ [32m'0.00'[39m, [32m'4.34'[39m, [32m'3.39'[39m, [32m'0.02'[39m ]
data rcv RT:[ [32m'0.00'[39m, [32m'4.34'[39m, [32m'3.37'[39m, [32m'0.06'[39m ]
data rcv RT:[ [32m'0.00'[39m, [32m'4.35'[39m, [32m'3.36'[39m, [32m'0.02'[39m ]
data rcv RT:[ [32m'0.00'[39m, [32m'4.34'[39m, [32m'3.41'[39m, [32m'0.00'[39m ]
data rcv RT:[ [32m'0.00'[39m, [32m'4.35'[39m, [32m'3.43'[39m, [32m'0.00'[39m ]
data rcv RT:[ [32m'0.00'[39m, [32m'4.30'[39m, [32m'3.45'[39m, [32m'0.00'[39m ]
data rcv RT:[ [32m'0.00'[39m, [32m'4.31'[39m, [32m'3.44'[39m, [32m'0.00'[39m ]
data rcv RT:[ [32m'0.00'[39m, [32m'4.29'[39m, [32m'3.44'[39m, [32m'0.00'[39m ]
data rcv RT:[ [32m'0.00'[39m, [32m'4.29'[39m, [32m'3.45'[39m, [32m'0.00'[39m ]
data rcv RT:[ [32m'0.00'[39m, [32m'4.28'[39m, [32m'3.40'[39m, [32m'0.00'[39m ]
data rcv RT:[ [32m'0.00'[39m, [32m'4.29'[39m, [32m'3.38'[39m, [32m'0.00'[39m ]
data rcv RT:[ [32m'0.00'[39m, [32m'4.31'[39m, [32m'3.37'[39m, [32m'0.00'[39m ]
data rcv RT:[ [32m'0.00'[39m, [32m'4.33'[39m, [32m'3.39'[39m, [32m'0.02'[39m ]
data rcv RT:[ [32m'0.00'[39m, [32m'4.34'[39m, [32m'3.39'[39m, [32m'0.03'[39m ]
data rcv RT:[ [32m'0.00'[39m, [32m'4.36'[39m, [32m'3.35'[39m, [32m'0.07'[39m ]
data rcv RT:[ [32m'0.00'[39m, [32m'4.37'[39m, [32m'3.41'[39m, [32m'0.00'[39m ]
data rcv RT:[ [32m'0.00'[39m, [32m'4.36'[39m, [32m'3.41'[39m, [32m'0.00'[39m ]
data rcv RT:[ [32m'0.00'[39m, [32m'4.33'[39m, [32m'3.43'[39m, [32m'0.00'[39m ]
data rcv RT:[ [32m'0.00'[39m, [32m'4.30'[39m, [32m'3.45'[39m, [32m'0.00'[39m ]
data rcv RT:[ [32m'0.00'[39m, [32m'4.31'[39m, [32m'3.48'[39m, [32m'0.00'[39m ]
data rcv RT:[ [32m'0.00'[39m, [32m'4.26'[39m, [32m'3.41'[39m, [32m'0.00'[39m ]
data rcv RT:[ [32m'0.00'[39m, [32m'4.26'[39m, [32m'3.38'[39m, [32m'0.00'[39m ]
data rcv RT:[ [32m'0.00'[39m, [32m'4.32'[39m, [32m'3.38'[39m, [32m'0.01'[39m ]
data rcv RT:[ [32m'0.00'[39m, [32m'4.31'[39m, [32m'3.37'[39m, [32m'0.00'[39m ]
data rcv RT:[ [32m'0.00'[39m, [32m'4.33'[39m, [32m'3.39'[39m, [32m'0.01'[39m ]
data rcv RT:[ [32m'0.00'[39m, [32m'4.35'[39m, [32m'3.39'[39m, [32m'0.05'[39m ]
data rcv RT:[ [32m'0.00'[39m, [32m'4.36'[39m, [32m'3.44'[39m, [32m'0.00'[39m ]
data rcv RT:[ [32m'0.00'[39m, [32m'4.35'[39m, [32m'3.45'[39m, [32m'0.00'[39m ]
data rcv RT:[ [32m'0.00'[39m, [32m'4.32'[39m, [32m'3.41'[39m, [32m'0.00'[39m ]
data rcv RT:[ [32m'0.00'[39m, [32m'4.33'[39m, [32m'3.42'[39m, [32m'0.00'[39m ]
data rcv RT:[ [32m'0.00'[39m, [32m'4.33'[39m, [32m'3.44'[39m, [32m'0.00'[39m ]
data rcv RT:[ [32m'0.00'[39m, [32m'4.30'[39m, [32m'3.46'[39m, [32m'0.00'[39m ]
data rcv RT:[ [32m'0.00'[39m, [32m'4.27'[39m, [32m'3.40'[39m, [32m'0.00'[39m ]
data rcv RT:[ [32m'0.00'[39m, [32m'4.28'[39m, [32m'3.38'[39m, [32m'0.00'[39m ]
data rcv RT:[ [32m'0.00'[39m, [32m'4.29'[39m, [32m'3.38'[39m, [32m'0.00'[39m ]
data rcv RT:[ [32m'0.00'[39m, [32m'4.34'[39m, [32m'3.37'[39m, [32m'0.02'[39m ]
data rcv RT:[ [32m'0.00'[39m, [32m'4.32'[39m, [32m'3.39'[39m, [32m'0.01'[39m ]
data rcv RT:[ [32m'0.00'[39m, [32m'4.34'[39m, [32m'3.38'[39m, [32m'0.03'[39m ]
data rcv RT:[ [32m'0.00'[39m, [32m'4.37'[39m, [32m'3.39'[39m, [32m'0.01'[39m ]
data rcv RT:[ [32m'0.00'[39m, [32m'4.34'[39m, [32m'3.42'[39m, [32m'0.00'[39m ]
data rcv RT:[ [32m'0.00'[39m, [32m'4.32'[39m, [32m'3.44'[39m, [32m'0.00'[39m ]
data rcv RT:[ [32m'0.00'[39m, [32m'4.33'[39m, [32m'3.41'[39m, [32m'0.00'[39m ]
data rcv RT:[ [32m'0.00'[39m, [32m'4.30'[39m, [32m'3.44'[39m, [32m'0.00'[39m ]
data rcv RT:[ [32m'0.00'[39m, [32m'4.27'[39m, [32m'3.42'[39m, [32m'0.00'[39m ]
data rcv RT:[ [32m'0.00'[39m, [32m'4.25'[39m, [32m'3.45'[39m, [32m'0.00'[39m ]
data rcv RT:[ [32m'0.00'[39m, [32m'4.27'[39m, [32m'3.43'[39m, [32m'0.00'[39m ]
data rcv RT:[ [32m'0.00'[39m, [32m'4.25'[39m, [32m'3.41'[39m, [32m'0.00'[39m ]
data rcv RT:[ [32m'0.00'[39m, [32m'4.25'[39m, [32m'3.40'[39m, [32m'0.00'[39m ]
data rcv RT:[ [32m'0.00'[39m, [32m'4.31'[39m, [32m'3.37'[39m, [32m'0.00'[39m ]
data rcv RT:[ [32m'0.00'[39m, [32m'4.34'[39m, [32m'3.37'[39m, [32m'0.00'[39m ]
data rcv RT:[ [32m'0.00'[39m, [32m'4.37'[39m, [32m'3.38'[39m, [32m'0.02'[39m ]
data rcv RT:[ [32m'0.00'[39m, [32m'4.37'[39m, [32m'3.41'[39m, [32m'0.00'[39m ]
data rcv RT:[ [32m'0.00'[39m, [32m'4.35'[39m, [32m'3.42'[39m, [32m'0.00'[39m ]
data rcv RT:[ [32m'0.00'[39m, [32m'4.32'[39m, [32m'3.43'[39m, [32m'0.00'[39m ]
data rcv RT:[ [32m'0.00'[39m, [32m'4.32'[39m, [32m'3.42'[39m, [32m'0.00'[39m ]
data rcv RT:[ [32m'0.00'[39m, [32m'4.30'[39m, [32m'3.44'[39m, [32m'0.00'[39m ]
data rcv RT:[ [32m'0.00'[39m, [32m'4.31'[39m, [32m'3.46'[39m, [32m'0.00'[39m ]
data rcv RT:[ [32m'0.00'[39m, [32m'4.27'[39m, [32m'3.44'[39m, [32m'0.00'[39m ]
data rcv RT:[ [32m'0.00'[39m, [32m'4.28'[39m, [32m'3.41'[39m, [32m'0.00'[39m ]
data rcv RT:[ [32m'0.00'[39m, [32m'4.28'[39m, [32m'3.42'[39m, [32m'0.00'[39m ]
data rcv RT:[ [32m'0.00'[39m, [32m'4.27'[39m, [32m'3.36'[39m, [32m'0.00'[39m ]
data rcv RT:[ [32m'0.00'[39m, [32m'4.26'[39m, [32m'3.39'[39m, [32m'0.00'[39m ]
data rcv RT:[ [32m'0.00'[39m, [32m'4.27'[39m, [32m'3.39'[39m, [32m'0.00'[39m ]
data rcv RT:[ [32m'0.00'[39m, [32m'4.31'[39m, [32m'3.38'[39m, [32m'0.00'[39m ]
data rcv RT:[ [32m'0.00'[39m, [32m'4.33'[39m, [32m'3.38'[39m, [32m'0.00'[39m ]
data rcv RT:[ [32m'0.00'[39m, [32m'4.34'[39m, [32m'3.36'[39m, [32m'0.08'[39m ]
data rcv RT:[ [32m'0.00'[39m, [32m'4.37'[39m, [32m'3.43'[39m, [32m'0.00'[39m ]
data rcv RT:[ [32m'0.00'[39m, [32m'4.36'[39m, [32m'3.43'[39m, [32m'0.00'[39m ]
data rcv RT:[ [32m'0.00'[39m, [32m'4.34'[39m, [32m'3.44'[39m, [32m'0.00'[39m ]
data rcv RT:[ [32m'0.00'[39m, [32m'4.33'[39m, [32m'3.43'[39m, [32m'0.00'[39m ]
data rcv RT:[ [32m'0.00'[39m, [32m'4.32'[39m, [32m'3.44'[39m, [32m'0.00'[39m ]
data rcv RT:[ [32m'0.00'[39m, [32m'4.29'[39m, [32m'3.42'[39m, [32m'0.00'[39m ]
data rcv RT:[ [32m'0.00'[39m, [32m'4.30'[39m, [32m'3.41'[39m, [32m'0.00'[39m ]
data rcv RT:[ [32m'0.00'[39m, [32m'4.32'[39m, [32m'3.47'[39m, [32m'0.00'[39m ]
data rcv RT:[ [32m'0.00'[39m, [32m'4.31'[39m, [32m'3.48'[39m, [32m'0.00'[39m ]
data rcv RT:[ [32m'0.00'[39m, [32m'4.29'[39m, [32m'3.40'[39m, [32m'0.00'[39m ]
data rcv RT:[ [32m'0.00'[39m, [32m'4.25'[39m, [32m'3.41'[39m, [32m'0.00'[39m ]
data rcv RT:[ [32m'0.00'[39m, [32m'4.25'[39m, [32m'3.38'[39m, [32m'0.00'[39m ]
data rcv RT:[ [32m'0.00'[39m, [32m'4.31'[39m, [32m'3.38'[39m, [32m'0.00'[39m ]
data rcv RT:[ [32m'0.00'[39m, [32m'4.31'[39m, [32m'3.37'[39m, [32m'0.01'[39m ]
data rcv RT:[ [32m'0.00'[39m, [32m'4.32'[39m, [32m'3.38'[39m, [32m'0.01'[39m ]
data rcv RT:[ [32m'0.00'[39m, [32m'4.33'[39m, [32m'3.38'[39m, [32m'0.02'[39m ]
data rcv RT:[ [32m'0.00'[39m, [32m'4.34'[39m, [32m'3.41'[39m, [32m'0.00'[39m ]
data rcv RT:[ [32m'0.00'[39m, [32m'4.33'[39m, [32m'3.36'[39m, [32m'0.04'[39m ]
data rcv RT:[ [32m'0.00'[39m, [32m'4.38'[39m, [32m'3.40'[39m, [32m'0.01'[39m ]
data rcv RT:[ [32m'0.00'[39m, [32m'4.31'[39m, [32m'3.42'[39m, [32m'0.00'[39m ]
data rcv RT:[ [32m'0.00'[39m, [32m'4.30'[39m, [32m'3.46'[39m, [32m'0.00'[39m ]
data rcv RT:[ [32m'0.00'[39m, [32m'4.29'[39m, [32m'3.49'[39m, [32m'0.00'[39m ]
data rcv RT:[ [32m'0.00'[39m, [32m'4.27'[39m, [32m'3.39'[39m, [32m'0.00'[39m ]
data rcv RT:[ [32m'0.00'[39m, [32m'4.28'[39m, [32m'3.41'[39m, [32m'0.00'[39m ]
data rcv RT:[ [32m'0.00'[39m, [32m'4.26'[39m, [32m'3.37'[39m, [32m'0.00'[39m ]
data rcv RT:[ [32m'0.00'[39m, [32m'4.27'[39m, [32m'3.40'[39m, [32m'0.00'[39m ]
data rcv RT:[ [32m'0.00'[39m, [32m'4.31'[39m, [32m'3.39'[39m, [32m'0.01'[39m ]
data rcv RT:[ [32m'0.00'[39m, [32m'4.33'[39m, [32m'3.37'[39m, [32m'0.02'[39m ]
data rcv RT:[ [32m'0.00'[39m, [32m'4.36'[39m, [32m'3.35'[39m, [32m'0.06'[39m ]
data rcv RT:[ [32m'0.00'[39m, [32m'4.35'[39m, [32m'3.38'[39m, [32m'0.02'[39m ]
data rcv RT:[ [32m'0.00'[39m, [32m'4.36'[39m, [32m'3.39'[39m, [32m'0.01'[39m ]
data rcv RT:[ [32m'0.00'[39m, [32m'4.37'[39m, [32m'3.35'[39m, [32m'0.05'[39m ]
data rcv RT:[ [32m'0.00'[39m, [32m'4.37'[39m, [32m'3.41'[39m, [32m'0.02'[39m ]
data rcv RT:[ [32m'0.00'[39m, [32m'4.39'[39m, [32m'3.42'[39m, [32m'0.00'[39m ]
data rcv RT:[ [32m'0.00'[39m, [32m'4.35'[39m, [32m'3.43'[39m, [32m'0.00'[39m ]
data rcv RT:[ [32m'0.00'[39m, [32m'4.36'[39m, [32m'3.44'[39m, [32m'0.00'[39m ]
data rcv RT:[ [32m'0.00'[39m, [32m'4.34'[39m, [32m'3.43'[39m, [32m'0.00'[39m ]
data rcv RT:[ [32m'0.00'[39m, [32m'4.35'[39m, [32m'3.42'[39m, [32m'0.00'[39m ]
data rcv RT:[ [32m'0.00'[39m, [32m'4.36'[39m, [32m'3.42'[39m, [32m'0.00'[39m ]
data rcv RT:[ [32m'0.00'[39m, [32m'4.31'[39m, [32m'3.42'[39m, [32m'0.00'[39m ]
data rcv RT:[ [32m'0.00'[39m, [32m'4.31'[39m, [32m'3.42'[39m, [32m'0.00'[39m ]
data rcv RT:[ [32m'0.00'[39m, [32m'4.26'[39m, [32m'3.40'[39m, [32m'0.00'[39m ]
data rcv RT:[ [32m'0.00'[39m, [32m'4.29'[39m, [32m'3.40'[39m, [32m'0.00'[39m ]
data rcv RT:[ [32m'0.00'[39m, [32m'4.26'[39m, [32m'3.43'[39m, [32m'0.00'[39m ]
data rcv RT:[ [32m'0.00'[39m, [32m'4.27'[39m, [32m'3.42'[39m, [32m'0.00'[39m ]
data rcv RT:[ [32m'0.00'[39m, [32m'4.26'[39m, [32m'3.39'[39m, [32m'0.00'[39m ]
data rcv RT:[ [32m'0.00'[39m, [32m'4.30'[39m, [32m'3.37'[39m, [32m'0.00'[39m ]
data rcv RT:[ [32m'0.00'[39m, [32m'4.30'[39m, [32m'3.38'[39m, [32m'0.00'[39m ]
data rcv RT:[ [32m'0.00'[39m, [32m'4.32'[39m, [32m'3.36'[39m, [32m'0.01'[39m ]
data rcv RT:[ [32m'0.00'[39m, [32m'4.32'[39m, [32m'3.38'[39m, [32m'0.00'[39m ]
data rcv RT:[ [32m'0.00'[39m, [32m'4.36'[39m, [32m'3.38'[39m, [32m'0.05'[39m ]
data rcv RT:[ [32m'0.00'[39m, [32m'4.34'[39m, [32m'3.38'[39m, [32m'0.04'[39m ]
data rcv RT:[ [32m'0.00'[39m, [32m'4.33'[39m, [32m'3.38'[39m, [32m'0.01'[39m ]
data rcv RT:[ [32m'0.00'[39m, [32m'4.38'[39m, [32m'3.42'[39m, [32m'0.00'[39m ]
data rcv RT:[ [32m'0.00'[39m, [32m'4.36'[39m, [32m'3.40'[39m, [32m'0.00'[39m ]
data rcv RT:[ [32m'0.00'[39m, [32m'4.35'[39m, [32m'3.41'[39m, [32m'0.01'[39m ]
data rcv RT:[ [32m'0.00'[39m, [32m'4.38'[39m, [32m'3.42'[39m, [32m'0.02'[39m ]
data rcv RT:[ [32m'0.00'[39m, [32m'4.34'[39m, [32m'3.43'[39m, [32m'0.00'[39m ]
data rcv RT:[ [32m'0.00'[39m, [32m'4.32'[39m, [32m'3.43'[39m, [32m'0.00'[39m ]
data rcv RT:[ [32m'0.00'[39m, [32m'4.30'[39m, [32m'3.43'[39m, [32m'0.00'[39m ]
data rcv RT:[ [32m'0.00'[39m, [32m'4.30'[39m, [32m'3.43'[39m, [32m'0.00'[39m ]
data rcv RT:[ [32m'0.00'[39m, [32m'4.30'[39m, [32m'3.45'[39m, [32m'0.00'[39m ]
data rcv RT:[ [32m'0.00'[39m, [32m'4.27'[39m, [32m'3.45'[39m, [32m'0.00'[39m ]
data rcv RT:[ [32m'0.00'[39m, [32m'4.28'[39m, [32m'3.44'[39m, [32m'0.00'[39m ]
data rcv RT:[ [32m'0.00'[39m, [32m'4.26'[39m, [32m'3.40'[39m, [32m'0.00'[39m ]
data rcv RT:[ [32m'0.00'[39m, [32m'4.27'[39m, [32m'3.37'[39m, [32m'0.00'[39m ]
data rcv RT:[ [32m'0.00'[39m, [32m'4.28'[39m, [32m'3.40'[39m, [32m'0.00'[39m ]
data rcv RT:[ [32m'0.00'[39m, [32m'4.26'[39m, [32m'3.39'[39m, [32m'0.00'[39m ]
data rcv RT:[ [32m'0.00'[39m, [32m'4.30'[39m, [32m'3.37'[39m, [32m'0.00'[39m ]
data rcv RT:[ [32m'0.00'[39m, [32m'4.33'[39m, [32m'3.38'[39m, [32m'0.01'[39m ]
data rcv RT:[ [32m'0.00'[39m, [32m'4.31'[39m, [32m'3.37'[39m, [32m'0.00'[39m ]
data rcv RT:[ [32m'0.00'[39m, [32m'4.29'[39m, [32m'3.39'[39m, [32m'0.00'[39m ]
data rcv RT:[ [32m'0.00'[39m, [32m'4.34'[39m, [32m'3.40'[39m, [32m'0.03'[39m ]
data rcv RT:[ [32m'0.00'[39m, [32m'4.34'[39m, [32m'3.39'[39m, [32m'0.01'[39m ]
data rcv RT:[ [32m'0.00'[39m, [32m'4.34'[39m, [32m'3.42'[39m, [32m'0.00'[39m ]
data rcv RT:[ [32m'0.00'[39m, [32m'4.35'[39m, [32m'3.40'[39m, [32m'0.00'[39m ]
data rcv RT:[ [32m'0.00'[39m, [32m'4.37'[39m, [32m'3.37'[39m, [32m'0.04'[39m ]
data rcv RT:[ [32m'0.00'[39m, [32m'4.34'[39m, [32m'3.36'[39m, [32m'0.03'[39m ]
data rcv RT:[ [32m'0.00'[39m, [32m'4.37'[39m, [32m'3.37'[39m, [32m'0.02'[39m ]
data rcv RT:[ [32m'0.00'[39m, [32m'4.37'[39m, [32m'3.43'[39m, [32m'0.00'[39m ]
data rcv RT:[ [32m'0.00'[39m, [32m'4.32'[39m, [32m'3.44'[39m, [32m'0.00'[39m ]
data rcv RT:[ [32m'0.00'[39m, [32m'4.35'[39m, [32m'3.41'[39m, [32m'0.00'[39m ]
data rcv RT:[ [32m'0.00'[39m, [32m'4.35'[39m, [32m'3.44'[39m, [32m'0.00'[39m ]
data rcv RT:[ [32m'0.00'[39m, [32m'4.33'[39m, [32m'3.42'[39m, [32m'0.00'[39m ]
data rcv RT:[ [32m'0.00'[39m, [32m'4.31'[39m, [32m'3.41'[39m, [32m'0.00'[39m ]
data rcv RT:[ [32m'0.00'[39m, [32m'4.25'[39m, [32m'3.45'[39m, [32m'0.00'[39m ]
data rcv RT:[ [32m'0.00'[39m, [32m'4.27'[39m, [32m'3.37'[39m, [32m'0.00'[39m ]
data rcv RT:[ [32m'0.00'[39m, [32m'4.28'[39m, [32m'3.39'[39m, [32m'0.00'[39m ]
data rcv RT:[ [32m'0.00'[39m, [32m'4.25'[39m, [32m'3.39'[39m, [32m'0.00'[39m ]
data rcv RT:[ [32m'0.00'[39m, [32m'4.32'[39m, [32m'3.39'[39m, [32m'0.00'[39m ]
data rcv RT:[ [32m'0.00'[39m, [32m'4.32'[39m, [32m'3.38'[39m, [32m'0.01'[39m ]
data rcv RT:[ [32m'0.00'[39m, [32m'4.33'[39m, [32m'3.38'[39m, [32m'0.03'[39m ]
data rcv RT:[ [32m'0.00'[39m, [32m'4.34'[39m, [32m'3.38'[39m, [32m'0.04'[39m ]
data rcv RT:[ [32m'0.00'[39m, [32m'4.37'[39m, [32m'3.41'[39m, [32m'0.01'[39m ]
data rcv RT:[ [32m'0.00'[39m, [32m'4.35'[39m, [32m'3.41'[39m, [32m'0.00'[39m ]
data rcv RT:[ [32m'0.00'[39m, [32m'4.36'[39m, [32m'3.43'[39m, [32m'0.00'[39m ]
data rcv RT:[ [32m'0.00'[39m, [32m'4.32'[39m, [32m'3.42'[39m, [32m'0.00'[39m ]
data rcv RT:[ [32m'0.00'[39m, [32m'4.32'[39m, [32m'3.47'[39m, [32m'0.00'[39m ]
data rcv RT:[ [32m'0.00'[39m, [32m'4.29'[39m, [32m'3.45'[39m, [32m'0.00'[39m ]
data rcv RT:[ [32m'0.00'[39m, [32m'4.29'[39m, [32m'3.46'[39m, [32m'0.00'[39m ]
data rcv RT:[ [32m'0.00'[39m, [32m'4.25'[39m, [32m'3.40'[39m, [32m'0.00'[39m ]
data rcv RT:[ [32m'0.00'[39m, [32m'4.26'[39m, [32m'3.40'[39m, [32m'0.00'[39m ]
data rcv RT:[ [32m'0.00'[39m, [32m'4.30'[39m, [32m'3.37'[39m, [32m'0.00'[39m ]
data rcv RT:[ [32m'0.00'[39m, [32m'4.30'[39m, [32m'3.38'[39m, [32m'0.01'[39m ]
data rcv RT:[ [32m'0.00'[39m, [32m'4.31'[39m, [32m'3.38'[39m, [32m'0.00'[39m ]
data rcv RT:[ [32m'0.00'[39m, [32m'4.32'[39m, [32m'3.39'[39m, [32m'0.00'[39m ]
data rcv RT:[ [32m'0.00'[39m, [32m'4.32'[39m, [32m'3.40'[39m, [32m'0.01'[39m ]
data rcv RT:[ [32m'0.00'[39m, [32m'4.35'[39m, [32m'3.38'[39m, [32m'0.02'[39m ]
data rcv RT:[ [32m'0.00'[39m, [32m'4.38'[39m, [32m'3.40'[39m, [32m'0.05'[39m ]
data rcv RT:[ [32m'0.00'[39m, [32m'4.37'[39m, [32m'3.40'[39m, [32m'0.01'[39m ]
data rcv RT:[ [32m'0.00'[39m, [32m'4.35'[39m, [32m'3.42'[39m, [32m'0.00'[39m ]
data rcv RT:[ [32m'0.00'[39m, [32m'4.34'[39m, [32m'3.43'[39m, [32m'0.00'[39m ]
data rcv RT:[ [32m'0.00'[39m, [32m'4.34'[39m, [32m'3.43'[39m, [32m'0.00'[39m ]
data rcv RT:[ [32m'0.00'[39m, [32m'4.29'[39m, [32m'3.45'[39m, [32m'0.00'[39m ]
data rcv RT:[ [32m'0.00'[39m, [32m'4.27'[39m, [32m'3.44'[39m, [32m'0.00'[39m ]
data rcv RT:[ [32m'0.00'[39m, [32m'4.29'[39m, [32m'3.48'[39m, [32m'0.00'[39m ]
data rcv RT:[ [32m'0.00'[39m, [32m'4.30'[39m, [32m'3.43'[39m, [32m'0.00'[39m ]
data rcv RT:[ [32m'0.00'[39m, [32m'4.29'[39m, [32m'3.41'[39m, [32m'0.00'[39m ]
data rcv RT:[ [32m'0.00'[39m, [32m'4.25'[39m, [32m'3.41'[39m, [32m'0.00'[39m ]
data rcv RT:[ [32m'0.00'[39m, [32m'4.24'[39m, [32m'3.39'[39m, [32m'0.00'[39m ]
data rcv RT:[ [32m'0.00'[39m, [32m'4.26'[39m, [32m'3.39'[39m, [32m'0.00'[39m ]
data rcv RT:[ [32m'0.00'[39m, [32m'4.32'[39m, [32m'3.37'[39m, [32m'0.02'[39m ]
data rcv RT:[ [32m'0.00'[39m, [32m'4.31'[39m, [32m'3.39'[39m, [32m'0.00'[39m ]
data rcv RT:[ [32m'0.00'[39m, [32m'4.33'[39m, [32m'3.39'[39m, [32m'0.02'[39m ]
data rcv RT:[ [32m'0.00'[39m, [32m'4.34'[39m, [32m'3.40'[39m, [32m'0.02'[39m ]
data rcv RT:[ [32m'0.00'[39m, [32m'4.35'[39m, [32m'3.41'[39m, [32m'0.00'[39m ]
data rcv RT:[ [32m'0.00'[39m, [32m'4.35'[39m, [32m'3.40'[39m, [32m'0.00'[39m ]
data rcv RT:[ [32m'0.00'[39m, [32m'4.37'[39m, [32m'3.42'[39m, [32m'0.00'[39m ]
data rcv RT:[ [32m'0.00'[39m, [32m'4.34'[39m, [32m'3.43'[39m, [32m'0.00'[39m ]
data rcv RT:[ [32m'0.00'[39m, [32m'4.34'[39m, [32m'3.43'[39m, [32m'0.00'[39m ]
data rcv RT:[ [32m'0.00'[39m, [32m'4.31'[39m, [32m'3.42'[39m, [32m'0.00'[39m ]
data rcv RT:[ [32m'0.00'[39m, [32m'4.34'[39m, [32m'3.43'[39m, [32m'0.00'[39m ]
data rcv RT:[ [32m'0.00'[39m, [32m'4.31'[39m, [32m'3.42'[39m, [32m'0.00'[39m ]
data rcv RT:[ [32m'0.00'[39m, [32m'4.31'[39m, [32m'3.46'[39m, [32m'0.00'[39m ]
data rcv RT:[ [32m'0.00'[39m, [32m'4.26'[39m, [32m'3.39'[39m, [32m'0.00'[39m ]
data rcv RT:[ [32m'0.00'[39m, [32m'4.27'[39m, [32m'3.43'[39m, [32m'0.00'[39m ]
data rcv RT:[ [32m'0.00'[39m, [32m'4.27'[39m, [32m'3.42'[39m, [32m'0.00'[39m ]
data rcv RT:[ [32m'0.00'[39m, [32m'4.30'[39m, [32m'3.37'[39m, [32m'0.00'[39m ]
data rcv RT:[ [32m'0.00'[39m, [32m'4.31'[39m, [32m'3.38'[39m, [32m'0.00'[39m ]
data rcv RT:[ [32m'0.00'[39m, [32m'4.33'[39m, [32m'3.37'[39m, [32m'0.01'[39m ]
data rcv RT:[ [32m'0.00'[39m, [32m'4.33'[39m, [32m'3.39'[39m, [32m'0.01'[39m ]
data rcv RT:[ [32m'0.00'[39m, [32m'4.32'[39m, [32m'3.37'[39m, [32m'0.02'[39m ]
data rcv RT:[ [32m'0.00'[39m, [32m'4.36'[39m, [32m'3.40'[39m, [32m'0.02'[39m ]
data rcv RT:[ [32m'0.00'[39m, [32m'4.36'[39m, [32m'3.42'[39m, [32m'0.00'[39m ]
data rcv RT:[ [32m'0.00'[39m, [32m'4.37'[39m, [32m'3.43'[39m, [32m'0.00'[39m ]
data rcv RT:[ [32m'0.00'[39m, [32m'4.32'[39m, [32m'3.41'[39m, [32m'0.00'[39m ]
data rcv RT:[ [32m'0.00'[39m, [32m'4.32'[39m, [32m'3.43'[39m, [32m'0.00'[39m ]
data rcv RT:[ [32m'0.00'[39m, [32m'4.31'[39m, [32m'3.45'[39m, [32m'0.00'[39m ]
data rcv RT:[ [32m'0.00'[39m, [32m'4.32'[39m, [32m'3.43'[39m, [32m'0.00'[39m ]
data rcv RT:[ [32m'0.00'[39m, [32m'4.27'[39m, [32m'3.43'[39m, [32m'0.00'[39m ]
data rcv RT:[ [32m'0.00'[39m, [32m'4.26'[39m, [32m'3.42'[39m, [32m'0.00'[39m ]
data rcv RT:[ [32m'0.00'[39m, [32m'4.27'[39m, [32m'3.41'[39m, [32m'0.00'[39m ]
data rcv RT:[ [32m'0.00'[39m, [32m'4.28'[39m, [32m'3.40'[39m, [32m'0.00'[39m ]
data rcv RT:[ [32m'0.00'[39m, [32m'4.30'[39m, [32m'3.38'[39m, [32m'0.00'[39m ]
data rcv RT:[ [32m'0.00'[39m, [32m'4.29'[39m, [32m'3.39'[39m, [32m'0.00'[39m ]
data rcv RT:[ [32m'0.00'[39m, [32m'4.34'[39m, [32m'3.39'[39m, [32m'0.02'[39m ]
data rcv RT:[ [32m'0.00'[39m, [32m'4.36'[39m, [32m'3.39'[39m, [32m'0.01'[39m ]
data rcv RT:[ [32m'0.00'[39m, [32m'4.38'[39m, [32m'3.40'[39m, [32m'0.04'[39m ]
data rcv RT:[ [32m'0.00'[39m, [32m'4.36'[39m, [32m'3.40'[39m, [32m'0.01'[39m ]
data rcv RT:[ [32m'0.00'[39m, [32m'4.33'[39m, [32m'3.41'[39m, [32m'0.00'[39m ]
data rcv RT:[ [32m'0.00'[39m, [32m'4.34'[39m, [32m'3.44'[39m, [32m'0.00'[39m ]
data rcv RT:[ [32m'0.00'[39m, [32m'4.31'[39m, [32m'3.43'[39m, [32m'0.00'[39m ]
data rcv RT:[ [32m'0.00'[39m, [32m'4.25'[39m, [32m'3.42'[39m, [32m'0.00'[39m ]
data rcv RT:[ [32m'0.00'[39m, [32m'4.28'[39m, [32m'3.41'[39m, [32m'0.00'[39m ]
data rcv RT:[ [32m'0.00'[39m, [32m'4.28'[39m, [32m'3.37'[39m, [32m'0.00'[39m ]
data rcv RT:[ [32m'0.00'[39m, [32m'4.31'[39m, [32m'3.39'[39m, [32m'0.00'[39m ]
data rcv RT:[ [32m'0.00'[39m, [32m'4.30'[39m, [32m'3.38'[39m, [32m'0.01'[39m ]
data rcv RT:[ [32m'0.00'[39m, [32m'4.30'[39m, [32m'3.39'[39m, [32m'0.00'[39m ]
data rcv RT:[ [32m'0.00'[39m, [32m'4.33'[39m, [32m'3.38'[39m, [32m'0.01'[39m ]
data rcv RT:[ [32m'0.00'[39m, [32m'4.34'[39m, [32m'3.38'[39m, [32m'0.01'[39m ]
data rcv RT:[ [32m'0.00'[39m, [32m'4.35'[39m, [32m'3.41'[39m, [32m'0.02'[39m ]
data rcv RT:[ [32m'0.00'[39m, [32m'4.37'[39m, [32m'3.38'[39m, [32m'0.02'[39m ]
data rcv RT:[ [32m'0.00'[39m, [32m'4.38'[39m, [32m'3.41'[39m, [32m'0.00'[39m ]
data rcv RT:[ [32m'0.00'[39m, [32m'4.35'[39m, [32m'3.42'[39m, [32m'0.00'[39m ]
data rcv RT:[ [32m'0.00'[39m, [32m'4.37'[39m, [32m'3.40'[39m, [32m'0.01'[39m ]
data rcv RT:[ [32m'0.00'[39m, [32m'4.31'[39m, [32m'3.44'[39m, [32m'0.00'[39m ]
data rcv RT:[ [32m'0.00'[39m, [32m'4.31'[39m, [32m'3.43'[39m, [32m'0.00'[39m ]
data rcv RT:[ [32m'0.00'[39m, [32m'4.27'[39m, [32m'3.38'[39m, [32m'0.00'[39m ]
data rcv RT:[ [32m'0.00'[39m, [32m'4.25'[39m, [32m'3.38'[39m, [32m'0.00'[39m ]
data rcv RT:[ [32m'0.00'[39m, [32m'4.26'[39m, [32m'3.39'[39m, [32m'0.00'[39m ]
data rcv RT:[ [32m'0.00'[39m, [32m'4.29'[39m, [32m'3.39'[39m, [32m'0.00'[39m ]
data rcv RT:[ [32m'0.00'[39m, [32m'4.29'[39m, [32m'3.38'[39m, [32m'0.00'[39m ]
data rcv RT:[ [32m'0.00'[39m, [32m'4.31'[39m, [32m'3.37'[39m, [32m'0.00'[39m ]
data rcv RT:[ [32m'0.00'[39m, [32m'4.30'[39m, [32m'3.37'[39m, [32m'0.00'[39m ]
data rcv RT:[ [32m'0.00'[39m, [32m'4.33'[39m, [32m'3.35'[39m, [32m'0.04'[39m ]
data rcv RT:[ [32m'0.00'[39m, [32m'4.34'[39m, [32m'3.38'[39m, [32m'0.01'[39m ]
data rcv RT:[ [32m'0.00'[39m, [32m'4.34'[39m, [32m'3.39'[39m, [32m'0.03'[39m ]
data rcv RT:[ [32m'0.00'[39m, [32m'4.37'[39m, [32m'3.42'[39m, [32m'0.00'[39m ]
data rcv RT:[ [32m'0.00'[39m, [32m'4.34'[39m, [32m'3.43'[39m, [32m'0.00'[39m ]
data rcv RT:[ [32m'0.00'[39m, [32m'4.36'[39m, [32m'3.41'[39m, [32m'0.00'[39m ]
data rcv RT:[ [32m'0.00'[39m, [32m'4.37'[39m, [32m'3.41'[39m, [32m'0.00'[39m ]
data rcv RT:[ [32m'0.00'[39m, [32m'4.33'[39m, [32m'3.44'[39m, [32m'0.00'[39m ]
data rcv RT:[ [32m'0.00'[39m, [32m'4.32'[39m, [32m'3.42'[39m, [32m'0.00'[39m ]
data rcv RT:[ [32m'0.00'[39m, [32m'4.27'[39m, [32m'3.46'[39m, [32m'0.00'[39m ]
data rcv RT:[ [32m'0.00'[39m, [32m'4.29'[39m, [32m'3.43'[39m, [32m'0.00'[39m ]
data rcv RT:[ [32m'0.00'[39m, [32m'4.25'[39m, [32m'3.38'[39m, [32m'0.00'[39m ]
data rcv RT:[ [32m'0.00'[39m, [32m'4.27'[39m, [32m'3.39'[39m, [32m'0.00'[39m ]
data rcv RT:[ [32m'0.00'[39m, [32m'4.28'[39m, [32m'3.37'[39m, [32m'0.00'[39m ]
data rcv RT:[ [32m'0.00'[39m, [32m'4.29'[39m, [32m'3.37'[39m, [32m'0.00'[39m ]
data rcv RT:[ [32m'0.00'[39m, [32m'4.30'[39m, [32m'3.39'[39m, [32m'0.00'[39m ]
data rcv RT:[ [32m'0.00'[39m, [32m'4.30'[39m, [32m'3.39'[39m, [32m'0.00'[39m ]
data rcv RT:[ [32m'0.00'[39m, [32m'4.34'[39m, [32m'3.36'[39m, [32m'0.02'[39m ]
data rcv RT:[ [32m'0.00'[39m, [32m'4.38'[39m, [32m'3.42'[39m, [32m'0.00'[39m ]
data rcv RT:[ [32m'0.00'[39m, [32m'4.37'[39m, [32m'3.39'[39m, [32m'0.01'[39m ]
data rcv RT:[ [32m'0.00'[39m, [32m'4.35'[39m, [32m'3.43'[39m, [32m'0.00'[39m ]
data rcv RT:[ [32m'0.00'[39m, [32m'4.36'[39m, [32m'3.41'[39m, [32m'0.00'[39m ]
data rcv RT:[ [32m'0.00'[39m, [32m'4.32'[39m, [32m'3.45'[39m, [32m'0.00'[39m ]
data rcv RT:[ [32m'0.00'[39m, [32m'4.31'[39m, [32m'3.44'[39m, [32m'0.00'[39m ]
data rcv RT:[ [32m'0.00'[39m, [32m'4.28'[39m, [32m'3.44'[39m, [32m'0.00'[39m ]
data rcv RT:[ [32m'0.00'[39m, [32m'4.28'[39m, [32m'3.44'[39m, [32m'0.00'[39m ]
data rcv RT:[ [32m'0.00'[39m, [32m'4.29'[39m, [32m'3.43'[39m, [32m'0.00'[39m ]
data rcv RT:[ [32m'0.00'[39m, [32m'4.26'[39m, [32m'3.39'[39m, [32m'0.00'[39m ]
data rcv RT:[ [32m'0.00'[39m, [32m'4.29'[39m, [32m'3.39'[39m, [32m'0.00'[39m ]
data rcv RT:[ [32m'0.00'[39m, [32m'4.29'[39m, [32m'3.36'[39m, [32m'0.01'[39m ]
data rcv RT:[ [32m'0.00'[39m, [32m'4.34'[39m, [32m'3.37'[39m, [32m'0.03'[39m ]
data rcv RT:[ [32m'0.00'[39m, [32m'4.38'[39m, [32m'3.41'[39m, [32m'0.03'[39m ]
data rcv RT:[ [32m'0.00'[39m, [32m'4.37'[39m, [32m'3.40'[39m, [32m'0.02'[39m ]
data rcv RT:[ [32m'0.00'[39m, [32m'4.34'[39m, [32m'3.43'[39m, [32m'0.00'[39m ]
data rcv RT:[ [32m'0.00'[39m, [32m'4.34'[39m, [32m'3.45'[39m, [32m'0.00'[39m ]
data rcv RT:[ [32m'0.00'[39m, [32m'4.31'[39m, [32m'3.44'[39m, [32m'0.00'[39m ]
data rcv RT:[ [32m'0.00'[39m, [32m'4.32'[39m, [32m'3.44'[39m, [32m'0.00'[39m ]
data rcv RT:[ [32m'0.00'[39m, [32m'4.33'[39m, [32m'3.43'[39m, [32m'0.00'[39m ]
data rcv RT:[ [32m'0.00'[39m, [32m'4.31'[39m, [32m'3.43'[39m, [32m'0.00'[39m ]
data rcv RT:[ [32m'0.00'[39m, [32m'4.26'[39m, [32m'3.44'[39m, [32m'0.00'[39m ]
data rcv RT:[ [32m'0.00'[39m, [32m'4.25'[39m, [32m'3.41'[39m, [32m'0.00'[39m ]
data rcv RT:[ [32m'0.00'[39m, [32m'4.25'[39m, [32m'3.40'[39m, [32m'0.00'[39m ]
data rcv RT:[ [32m'0.00'[39m, [32m'4.28'[39m, [32m'3.38'[39m, [32m'0.00'[39m ]
data rcv RT:[ [32m'0.00'[39m, [32m'4.34'[39m, [32m'3.38'[39m, [32m'0.01'[39m ]
data rcv RT:[ [32m'0.00'[39m, [32m'4.33'[39m, [32m'3.40'[39m, [32m'0.01'[39m ]
data rcv RT:[ [32m'0.00'[39m, [32m'4.36'[39m, [32m'3.39'[39m, [32m'0.04'[39m ]
data rcv RT:[ [32m'0.00'[39m, [32m'4.36'[39m, [32m'3.40'[39m, [32m'0.00'[39m ]
data rcv RT:[ [32m'0.00'[39m, [32m'4.37'[39m, [32m'3.40'[39m, [32m'0.01'[39m ]
data rcv RT:[ [32m'0.00'[39m, [32m'4.35'[39m, [32m'3.42'[39m, [32m'0.00'[39m ]
data rcv RT:[ [32m'0.00'[39m, [32m'4.34'[39m, [32m'3.43'[39m, [32m'0.00'[39m ]
data rcv RT:[ [32m'0.00'[39m, [32m'4.32'[39m, [32m'3.42'[39m, [32m'0.00'[39m ]
data rcv RT:[ [32m'0.00'[39m, [32m'4.28'[39m, [32m'3.44'[39m, [32m'0.00'[39m ]
data rcv RT:[ [32m'0.00'[39m, [32m'4.29'[39m, [32m'3.46'[39m, [32m'0.00'[39m ]
data rcv RT:[ [32m'0.00'[39m, [32m'4.24'[39m, [32m'3.39'[39m, [32m'0.00'[39m ]
data rcv RT:[ [32m'0.00'[39m, [32m'4.27'[39m, [32m'3.38'[39m, [32m'0.00'[39m ]
data rcv RT:[ [32m'0.00'[39m, [32m'4.29'[39m, [32m'3.39'[39m, [32m'0.00'[39m ]
data rcv RT:[ [32m'0.00'[39m, [32m'4.32'[39m, [32m'3.38'[39m, [32m'0.00'[39m ]
data rcv RT:[ [32m'0.00'[39m, [32m'4.32'[39m, [32m'3.38'[39m, [32m'0.01'[39m ]
data rcv RT:[ [32m'0.00'[39m, [32m'4.33'[39m, [32m'3.38'[39m, [32m'0.00'[39m ]
data rcv RT:[ [32m'0.00'[39m, [32m'4.38'[39m, [32m'3.40'[39m, [32m'0.01'[39m ]
data rcv RT:[ [32m'0.00'[39m, [32m'4.40'[39m, [32m'3.43'[39m, [32m'0.00'[39m ]
data rcv RT:[ [32m'0.00'[39m, [32m'4.35'[39m, [32m'3.42'[39m, [32m'0.00'[39m ]
data rcv RT:[ [32m'0.00'[39m, [32m'4.32'[39m, [32m'3.43'[39m, [32m'0.00'[39m ]
data rcv RT:[ [32m'0.00'[39m, [32m'4.31'[39m, [32m'3.44'[39m, [32m'0.00'[39m ]
data rcv RT:[ [32m'0.00'[39m, [32m'4.28'[39m, [32m'3.42'[39m, [32m'0.00'[39m ]
data rcv RT:[ [32m'0.00'[39m, [32m'4.24'[39m, [32m'3.42'[39m, [32m'0.00'[39m ]
data rcv RT:[ [32m'0.00'[39m, [32m'4.27'[39m, [32m'3.38'[39m, [32m'0.00'[39m ]
data rcv RT:[ [32m'0.00'[39m, [32m'4.27'[39m, [32m'3.38'[39m, [32m'0.00'[39m ]
data rcv RT:[ [32m'0.00'[39m, [32m'4.27'[39m, [32m'3.40'[39m, [32m'0.00'[39m ]
data rcv RT:[ [32m'0.00'[39m, [32m'4.36'[39m, [32m'3.37'[39m, [32m'0.03'[39m ]
data rcv RT:[ [32m'0.00'[39m, [32m'4.34'[39m, [32m'3.43'[39m, [32m'0.01'[39m ]
data rcv RT:[ [32m'0.00'[39m, [32m'4.37'[39m, [32m'3.42'[39m, [32m'0.00'[39m ]
data rcv RT:[ [32m'0.00'[39m, [32m'4.34'[39m, [32m'3.43'[39m, [32m'0.00'[39m ]
data rcv RT:[ [32m'0.00'[39m, [32m'4.34'[39m, [32m'3.42'[39m, [32m'0.00'[39m ]
data rcv RT:[ [32m'0.00'[39m, [32m'4.29'[39m, [32m'3.43'[39m, [32m'0.00'[39m ]
data rcv RT:[ [32m'0.00'[39m, [32m'4.30'[39m, [32m'3.43'[39m, [32m'0.00'[39m ]
data rcv RT:[ [32m'0.00'[39m, [32m'4.26'[39m, [32m'3.41'[39m, [32m'0.00'[39m ]
data rcv RT:[ [32m'0.00'[39m, [32m'4.29'[39m, [32m'3.39'[39m, [32m'0.00'[39m ]
data rcv RT:[ [32m'0.00'[39m, [32m'4.28'[39m, [32m'3.37'[39m, [32m'0.00'[39m ]
data rcv RT:[ [32m'0.00'[39m, [32m'4.31'[39m, [32m'3.39'[39m, [32m'0.00'[39m ]
data rcv RT:[ [32m'0.00'[39m, [32m'4.32'[39m, [32m'3.37'[39m, [32m'0.00'[39m ]
data rcv RT:[ [32m'0.00'[39m, [32m'4.33'[39m, [32m'3.38'[39m, [32m'0.01'[39m ]
data rcv RT:[ [32m'0.00'[39m, [32m'4.38'[39m, [32m'3.38'[39m, [32m'0.04'[39m ]
data rcv RT:[ [32m'0.00'[39m, [32m'4.37'[39m, [32m'3.42'[39m, [32m'0.00'[39m ]
data rcv RT:[ [32m'0.00'[39m, [32m'4.34'[39m, [32m'3.46'[39m, [32m'0.01'[39m ]
data rcv RT:[ [32m'0.00'[39m, [32m'4.32'[39m, [32m'3.42'[39m, [32m'0.00'[39m ]
data rcv RT:[ [32m'0.00'[39m, [32m'4.29'[39m, [32m'3.44'[39m, [32m'0.00'[39m ]
data rcv RT:[ [32m'0.00'[39m, [32m'4.30'[39m, [32m'3.44'[39m, [32m'0.00'[39m ]
data rcv RT:[ [32m'0.00'[39m, [32m'4.32'[39m, [32m'3.46'[39m, [32m'0.00'[39m ]
data rcv RT:[ [32m'0.00'[39m, [32m'4.26'[39m, [32m'3.45'[39m, [32m'0.00'[39m ]
data rcv RT:[ [32m'0.00'[39m, [32m'4.25'[39m, [32m'3.41'[39m, [32m'0.00'[39m ]
data rcv RT:[ [32m'0.00'[39m, [32m'4.31'[39m, [32m'3.38'[39m, [32m'0.00'[39m ]
data rcv RT:[ [32m'0.00'[39m, [32m'4.34'[39m, [32m'3.39'[39m, [32m'0.02'[39m ]
data rcv RT:[ [32m'0.00'[39m, [32m'4.34'[39m, [32m'3.35'[39m, [32m'0.06'[39m ]
data rcv RT:[ [32m'0.00'[39m, [32m'4.37'[39m, [32m'3.42'[39m, [32m'0.00'[39m ]
data rcv RT:[ [32m'0.00'[39m, [32m'4.35'[39m, [32m'3.45'[39m, [32m'0.00'[39m ]
data rcv RT:[ [32m'0.00'[39m, [32m'4.35'[39m, [32m'3.45'[39m, [32m'0.00'[39m ]
data rcv RT:[ [32m'0.00'[39m, [32m'4.36'[39m, [32m'3.43'[39m, [32m'0.00'[39m ]
data rcv RT:[ [32m'0.00'[39m, [32m'4.31'[39m, [32m'3.44'[39m, [32m'0.00'[39m ]
data rcv RT:[ [32m'0.00'[39m, [32m'4.31'[39m, [32m'3.42'[39m, [32m'0.00'[39m ]
data rcv RT:[ [32m'0.00'[39m, [32m'4.32'[39m, [32m'3.46'[39m, [32m'0.00'[39m ]
data rcv RT:[ [32m'0.00'[39m, [32m'4.25'[39m, [32m'3.41'[39m, [32m'0.00'[39m ]
data rcv RT:[ [32m'0.00'[39m, [32m'4.26'[39m, [32m'3.43'[39m, [32m'0.00'[39m ]
data rcv RT:[ [32m'0.00'[39m, [32m'4.27'[39m, [32m'3.37'[39m, [32m'0.00'[39m ]
data rcv RT:[ [32m'0.00'[39m, [32m'4.29'[39m, [32m'3.38'[39m, [32m'0.00'[39m ]
data rcv RT:[ [32m'0.00'[39m, [32m'4.31'[39m, [32m'3.36'[39m, [32m'0.01'[39m ]
data rcv RT:[ [32m'0.00'[39m, [32m'4.33'[39m, [32m'3.39'[39m, [32m'0.02'[39m ]
data rcv RT:[ [32m'0.00'[39m, [32m'4.36'[39m, [32m'3.41'[39m, [32m'0.01'[39m ]
data rcv RT:[ [32m'0.00'[39m, [32m'4.38'[39m, [32m'3.41'[39m, [32m'0.02'[39m ]
data rcv RT:[ [32m'0.00'[39m, [32m'4.36'[39m, [32m'3.42'[39m, [32m'0.00'[39m ]
data rcv RT:[ [32m'0.00'[39m, [32m'4.37'[39m, [32m'3.42'[39m, [32m'0.00'[39m ]
data rcv RT:[ [32m'0.00'[39m, [32m'4.33'[39m, [32m'3.45'[39m, [32m'0.00'[39m ]
data rcv RT:[ [32m'0.00'[39m, [32m'4.30'[39m, [32m'3.43'[39m, [32m'0.00'[39m ]
data rcv RT:[ [32m'0.00'[39m, [32m'4.26'[39m, [32m'3.40'[39m, [32m'0.00'[39m ]
data rcv RT:[ [32m'0.00'[39m, [32m'4.29'[39m, [32m'3.38'[39m, [32m'0.00'[39m ]
data rcv RT:[ [32m'0.00'[39m, [32m'4.29'[39m, [32m'3.36'[39m, [32m'0.00'[39m ]
data rcv RT:[ [32m'0.00'[39m, [32m'4.30'[39m, [32m'3.39'[39m, [32m'0.01'[39m ]
data rcv RT:[ [32m'0.00'[39m, [32m'4.33'[39m, [32m'3.38'[39m, [32m'0.01'[39m ]
data rcv RT:[ [32m'0.00'[39m, [32m'4.35'[39m, [32m'3.39'[39m, [32m'0.02'[39m ]
data rcv RT:[ [32m'0.00'[39m, [32m'4.39'[39m, [32m'3.42'[39m, [32m'0.00'[39m ]
data rcv RT:[ [32m'0.00'[39m, [32m'4.38'[39m, [32m'3.41'[39m, [32m'0.01'[39m ]
data rcv RT:[ [32m'0.00'[39m, [32m'4.34'[39m, [32m'3.44'[39m, [32m'0.00'[39m ]
data rcv RT:[ [32m'0.00'[39m, [32m'4.32'[39m, [32m'3.43'[39m, [32m'0.00'[39m ]
data rcv RT:[ [32m'0.00'[39m, [32m'4.31'[39m, [32m'3.44'[39m, [32m'0.00'[39m ]
data rcv RT:[ [32m'0.00'[39m, [32m'4.31'[39m, [32m'3.44'[39m, [32m'0.00'[39m ]
data rcv RT:[ [32m'0.00'[39m, [32m'4.26'[39m, [32m'3.41'[39m, [32m'0.00'[39m ]
data rcv RT:[ [32m'0.00'[39m, [32m'4.28'[39m, [32m'3.46'[39m, [32m'0.00'[39m ]
data rcv RT:[ [32m'0.00'[39m, [32m'4.30'[39m, [32m'3.37'[39m, [32m'0.00'[39m ]
data rcv RT:[ [32m'0.00'[39m, [32m'4.28'[39m, [32m'3.38'[39m, [32m'0.01'[39m ]
data rcv RT:[ [32m'0.00'[39m, [32m'4.33'[39m, [32m'3.40'[39m, [32m'0.01'[39m ]
data rcv RT:[ [32m'0.00'[39m, [32m'4.32'[39m, [32m'3.40'[39m, [32m'0.03'[39m ]
data rcv RT:[ [32m'0.00'[39m, [32m'4.33'[39m, [32m'3.39'[39m, [32m'0.01'[39m ]
data rcv RT:[ [32m'0.00'[39m, [32m'4.38'[39m, [32m'3.41'[39m, [32m'0.01'[39m ]
data rcv RT:[ [32m'0.00'[39m, [32m'4.36'[39m, [32m'3.43'[39m, [32m'0.00'[39m ]
data rcv RT:[ [32m'0.00'[39m, [32m'4.34'[39m, [32m'3.40'[39m, [32m'0.00'[39m ]
data rcv RT:[ [32m'0.00'[39m, [32m'4.32'[39m, [32m'3.42'[39m, [32m'0.00'[39m ]
data rcv RT:[ [32m'0.00'[39m, [32m'4.30'[39m, [32m'3.44'[39m, [32m'0.00'[39m ]
data rcv RT:[ [32m'0.00'[39m, [32m'4.32'[39m, [32m'3.43'[39m, [32m'0.00'[39m ]
data rcv RT:[ [32m'0.00'[39m, [32m'4.28'[39m, [32m'3.48'[39m, [32m'0.00'[39m ]
data rcv RT:[ [32m'0.00'[39m, [32m'4.27'[39m, [32m'3.41'[39m, [32m'0.00'[39m ]
data rcv RT:[ [32m'0.00'[39m, [32m'4.27'[39m, [32m'3.43'[39m, [32m'0.00'[39m ]
data rcv RT:[ [32m'0.00'[39m, [32m'4.29'[39m, [32m'3.40'[39m, [32m'0.00'[39m ]
data rcv RT:[ [32m'0.00'[39m, [32m'4.31'[39m, [32m'3.37'[39m, [32m'0.00'[39m ]
data rcv RT:[ [32m'0.00'[39m, [32m'4.36'[39m, [32m'3.38'[39m, [32m'0.01'[39m ]
data rcv RT:[ [32m'0.00'[39m, [32m'4.33'[39m, [32m'3.37'[39m, [32m'0.01'[39m ]
data rcv RT:[ [32m'0.00'[39m, [32m'4.34'[39m, [32m'3.38'[39m, [32m'0.00'[39m ]
data rcv RT:[ [32m'0.00'[39m, [32m'4.35'[39m, [32m'3.43'[39m, [32m'0.00'[39m ]
data rcv RT:[ [32m'0.00'[39m, [32m'4.36'[39m, [32m'3.42'[39m, [32m'0.00'[39m ]
data rcv RT:[ [32m'0.00'[39m, [32m'4.32'[39m, [32m'3.44'[39m, [32m'0.00'[39m ]
data rcv RT:[ [32m'0.00'[39m, [32m'4.33'[39m, [32m'3.43'[39m, [32m'0.00'[39m ]
data rcv RT:[ [32m'0.00'[39m, [32m'4.29'[39m, [32m'3.43'[39m, [32m'0.00'[39m ]
data rcv RT:[ [32m'0.00'[39m, [32m'4.30'[39m, [32m'3.46'[39m, [32m'0.00'[39m ]
data rcv RT:[ [32m'0.00'[39m, [32m'4.26'[39m, [32m'3.44'[39m, [32m'0.00'[39m ]
data rcv RT:[ [32m'0.00'[39m, [32m'4.29'[39m, [32m'3.37'[39m, [32m'0.00'[39m ]
data rcv RT:[ [32m'0.00'[39m, [32m'4.31'[39m, [32m'3.38'[39m, [32m'0.00'[39m ]
data rcv RT:[ [32m'0.00'[39m, [32m'4.32'[39m, [32m'3.37'[39m, [32m'0.01'[39m ]
data rcv RT:[ [32m'0.00'[39m, [32m'4.33'[39m, [32m'3.36'[39m, [32m'0.04'[39m ]
data rcv RT:[ [32m'0.00'[39m, [32m'4.37'[39m, [32m'3.39'[39m, [32m'0.02'[39m ]
data rcv RT:[ [32m'0.00'[39m, [32m'4.36'[39m, [32m'3.41'[39m, [32m'0.01'[39m ]
data rcv RT:[ [32m'0.00'[39m, [32m'4.33'[39m, [32m'3.44'[39m, [32m'0.00'[39m ]
data rcv RT:[ [32m'0.00'[39m, [32m'4.32'[39m, [32m'3.43'[39m, [32m'0.00'[39m ]
data rcv RT:[ [32m'0.00'[39m, [32m'4.32'[39m, [32m'3.44'[39m, [32m'0.00'[39m ]
data rcv RT:[ [32m'0.00'[39m, [32m'4.28'[39m, [32m'3.41'[39m, [32m'0.00'[39m ]
data rcv RT:[ [32m'0.00'[39m, [32m'4.26'[39m, [32m'3.38'[39m, [32m'0.00'[39m ]
data rcv RT:[ [32m'0.00'[39m, [32m'4.25'[39m, [32m'3.39'[39m, [32m'0.00'[39m ]
data rcv RT:[ [32m'0.00'[39m, [32m'4.27'[39m, [32m'3.37'[39m, [32m'0.00'[39m ]
data rcv RT:[ [32m'0.00'[39m, [32m'4.32'[39m, [32m'3.40'[39m, [32m'0.00'[39m ]
data rcv RT:[ [32m'0.00'[39m, [32m'4.32'[39m, [32m'3.36'[39m, [32m'0.00'[39m ]
data rcv RT:[ [32m'0.00'[39m, [32m'4.36'[39m, [32m'3.44'[39m, [32m'0.00'[39m ]
data rcv RT:[ [32m'0.00'[39m, [32m'4.36'[39m, [32m'3.41'[39m, [32m'0.00'[39m ]
data rcv RT:[ [32m'0.00'[39m, [32m'4.30'[39m, [32m'3.44'[39m, [32m'0.00'[39m ]
data rcv RT:[ [32m'0.00'[39m, [32m'4.29'[39m, [32m'3.45'[39m, [32m'0.00'[39m ]
data rcv RT:[ [32m'0.00'[39m, [32m'4.25'[39m, [32m'3.39'[39m, [32m'0.00'[39m ]
data rcv RT:[ [32m'0.00'[39m, [32m'4.29'[39m, [32m'3.44'[39m, [32m'0.00'[39m ]
data rcv RT:[ [32m'0.00'[39m, [32m'4.26'[39m, [32m'3.39'[39m, [32m'0.00'[39m ]
data rcv RT:[ [32m'0.00'[39m, [32m'4.26'[39m, [32m'3.40'[39m, [32m'0.00'[39m ]
data rcv RT:[ [32m'0.00'[39m, [32m'4.32'[39m, [32m'3.39'[39m, [32m'0.01'[39m ]
data rcv RT:[ [32m'0.00'[39m, [32m'4.33'[39m, [32m'3.39'[39m, [32m'0.00'[39m ]
data rcv RT:[ [32m'0.00'[39m, [32m'4.37'[39m, [32m'3.42'[39m, [32m'0.00'[39m ]
data rcv RT:[ [32m'0.00'[39m, [32m'4.38'[39m, [32m'3.41'[39m, [32m'0.00'[39m ]
data rcv RT:[ [32m'0.00'[39m, [32m'4.31'[39m, [32m'3.43'[39m, [32m'0.00'[39m ]
data rcv RT:[ [32m'0.00'[39m, [32m'4.30'[39m, [32m'3.43'[39m, [32m'0.00'[39m ]
data rcv RT:[ [32m'0.00'[39m, [32m'4.27'[39m, [32m'3.44'[39m, [32m'0.00'[39m ]
data rcv RT:[ [32m'0.00'[39m, [32m'4.26'[39m, [32m'3.42'[39m, [32m'0.00'[39m ]
data rcv RT:[ [32m'0.00'[39m, [32m'4.28'[39m, [32m'3.39'[39m, [32m'0.00'[39m ]
data rcv RT:[ [32m'0.00'[39m, [32m'4.31'[39m, [32m'3.36'[39m, [32m'0.01'[39m ]
data rcv RT:[ [32m'0.00'[39m, [32m'4.33'[39m, [32m'3.35'[39m, [32m'0.02'[39m ]
data rcv RT:[ [32m'0.00'[39m, [32m'4.33'[39m, [32m'3.39'[39m, [32m'0.00'[39m ]
data rcv RT:[ [32m'0.00'[39m, [32m'4.35'[39m, [32m'3.35'[39m, [32m'0.07'[39m ]
data rcv RT:[ [32m'0.00'[39m, [32m'4.37'[39m, [32m'3.40'[39m, [32m'0.03'[39m ]
data rcv RT:[ [32m'0.00'[39m, [32m'4.34'[39m, [32m'3.42'[39m, [32m'0.00'[39m ]
data rcv RT:[ [32m'0.00'[39m, [32m'4.35'[39m, [32m'3.41'[39m, [32m'0.00'[39m ]
data rcv RT:[ [32m'0.00'[39m, [32m'4.33'[39m, [32m'3.42'[39m, [32m'0.00'[39m ]
data rcv RT:[ [32m'0.00'[39m, [32m'4.32'[39m, [32m'3.42'[39m, [32m'0.00'[39m ]
data rcv RT:[ [32m'0.00'[39m, [32m'4.30'[39m, [32m'3.43'[39m, [32m'0.00'[39m ]
data rcv RT:[ [32m'0.00'[39m, [32m'4.27'[39m, [32m'3.42'[39m, [32m'0.00'[39m ]
data rcv RT:[ [32m'0.00'[39m, [32m'4.24'[39m, [32m'3.40'[39m, [32m'0.00'[39m ]
data rcv RT:[ [32m'0.00'[39m, [32m'4.27'[39m, [32m'3.43'[39m, [32m'0.00'[39m ]
data rcv RT:[ [32m'0.00'[39m, [32m'4.28'[39m, [32m'3.40'[39m, [32m'0.00'[39m ]
data rcv RT:[ [32m'0.00'[39m, [32m'4.29'[39m, [32m'3.39'[39m, [32m'0.00'[39m ]
data rcv RT:[ [32m'0.00'[39m, [32m'4.32'[39m, [32m'3.38'[39m, [32m'0.01'[39m ]
data rcv RT:[ [32m'0.00'[39m, [32m'4.30'[39m, [32m'3.37'[39m, [32m'0.01'[39m ]
data rcv RT:[ [32m'0.00'[39m, [32m'4.35'[39m, [32m'3.38'[39m, [32m'0.02'[39m ]
data rcv RT:[ [32m'0.00'[39m, [32m'4.36'[39m, [32m'3.41'[39m, [32m'0.00'[39m ]
data rcv RT:[ [32m'0.00'[39m, [32m'4.33'[39m, [32m'3.44'[39m, [32m'0.00'[39m ]
data rcv RT:[ [32m'0.00'[39m, [32m'4.30'[39m, [32m'3.43'[39m, [32m'0.00'[39m ]
data rcv RT:[ [32m'0.00'[39m, [32m'4.29'[39m, [32m'3.44'[39m, [32m'0.00'[39m ]
data rcv RT:[ [32m'0.00'[39m, [32m'4.30'[39m, [32m'3.46'[39m, [32m'0.00'[39m ]
data rcv RT:[ [32m'0.00'[39m, [32m'4.25'[39m, [32m'3.38'[39m, [32m'0.00'[39m ]
data rcv RT:[ [32m'0.00'[39m, [32m'4.30'[39m, [32m'3.39'[39m, [32m'0.00'[39m ]
data rcv RT:[ [32m'0.00'[39m, [32m'4.27'[39m, [32m'3.37'[39m, [32m'0.00'[39m ]
data rcv RT:[ [32m'0.00'[39m, [32m'4.29'[39m, [32m'3.38'[39m, [32m'0.00'[39m ]
data rcv RT:[ [32m'0.00'[39m, [32m'4.32'[39m, [32m'3.38'[39m, [32m'0.01'[39m ]
data rcv RT:[ [32m'0.00'[39m, [32m'4.34'[39m, [32m'3.37'[39m, [32m'0.01'[39m ]
data rcv RT:[ [32m'0.00'[39m, [32m'4.33'[39m, [32m'3.34'[39m, [32m'0.05'[39m ]
data rcv RT:[ [32m'0.00'[39m, [32m'4.37'[39m, [32m'3.38'[39m, [32m'0.02'[39m ]
data rcv RT:[ [32m'0.00'[39m, [32m'4.36'[39m, [32m'3.43'[39m, [32m'0.00'[39m ]
data rcv RT:[ [32m'0.00'[39m, [32m'4.32'[39m, [32m'3.43'[39m, [32m'0.00'[39m ]
data rcv RT:[ [32m'0.00'[39m, [32m'4.32'[39m, [32m'3.42'[39m, [32m'0.00'[39m ]
data rcv RT:[ [32m'0.00'[39m, [32m'4.30'[39m, [32m'3.42'[39m, [32m'0.00'[39m ]
data rcv RT:[ [32m'0.00'[39m, [32m'4.27'[39m, [32m'3.43'[39m, [32m'0.00'[39m ]
data rcv RT:[ [32m'0.00'[39m, [32m'4.26'[39m, [32m'3.39'[39m, [32m'0.00'[39m ]
data rcv RT:[ [32m'0.00'[39m, [32m'4.28'[39m, [32m'3.39'[39m, [32m'0.00'[39m ]
data rcv RT:[ [32m'0.00'[39m, [32m'4.31'[39m, [32m'3.38'[39m, [32m'0.01'[39m ]
data rcv RT:[ [32m'0.00'[39m, [32m'4.31'[39m, [32m'3.40'[39m, [32m'0.00'[39m ]
data rcv RT:[ [32m'0.00'[39m, [32m'4.37'[39m, [32m'3.40'[39m, [32m'0.03'[39m ]
data rcv RT:[ [32m'0.00'[39m, [32m'4.39'[39m, [32m'3.43'[39m, [32m'0.00'[39m ]
data rcv RT:[ [32m'0.00'[39m, [32m'4.37'[39m, [32m'3.43'[39m, [32m'0.00'[39m ]
data rcv RT:[ [32m'0.00'[39m, [32m'4.33'[39m, [32m'3.43'[39m, [32m'0.00'[39m ]
data rcv RT:[ [32m'0.00'[39m, [32m'4.32'[39m, [32m'3.44'[39m, [32m'0.00'[39m ]
data rcv RT:[ [32m'0.00'[39m, [32m'4.32'[39m, [32m'3.42'[39m, [32m'0.00'[39m ]
data rcv RT:[ [32m'0.00'[39m, [32m'4.30'[39m, [32m'3.44'[39m, [32m'0.00'[39m ]
data rcv RT:[ [32m'0.00'[39m, [32m'4.30'[39m, [32m'3.42'[39m, [32m'0.00'[39m ]
data rcv RT:[ [32m'0.00'[39m, [32m'4.27'[39m, [32m'3.41'[39m, [32m'0.00'[39m ]
data rcv RT:[ [32m'0.00'[39m, [32m'4.27'[39m, [32m'3.42'[39m, [32m'0.00'[39m ]
data rcv RT:[ [32m'0.00'[39m, [32m'4.24'[39m, [32m'3.41'[39m, [32m'0.00'[39m ]
data rcv RT:[ [32m'0.00'[39m, [32m'4.27'[39m, [32m'3.40'[39m, [32m'0.00'[39m ]
data rcv RT:[ [32m'0.00'[39m, [32m'4.33'[39m, [32m'3.38'[39m, [32m'0.00'[39m ]
data rcv RT:[ [32m'0.00'[39m, [32m'4.31'[39m, [32m'3.38'[39m, [32m'0.01'[39m ]
data rcv RT:[ [32m'0.00'[39m, [32m'4.32'[39m, [32m'3.39'[39m, [32m'0.00'[39m ]
data rcv RT:[ [32m'0.00'[39m, [32m'4.34'[39m, [32m'3.38'[39m, [32m'0.00'[39m ]
data rcv RT:[ [32m'0.00'[39m, [32m'4.34'[39m, [32m'3.36'[39m, [32m'0.06'[39m ]
data rcv RT:[ [32m'0.00'[39m, [32m'4.37'[39m, [32m'3.40'[39m, [32m'0.03'[39m ]
data rcv RT:[ [32m'0.00'[39m, [32m'4.37'[39m, [32m'3.36'[39m, [32m'0.05'[39m ]
data rcv RT:[ [32m'0.00'[39m, [32m'4.36'[39m, [32m'3.40'[39m, [32m'0.00'[39m ]
data rcv RT:[ [32m'0.00'[39m, [32m'4.34'[39m, [32m'3.42'[39m, [32m'0.00'[39m ]
data rcv RT:[ [32m'0.00'[39m, [32m'4.31'[39m, [32m'3.42'[39m, [32m'0.00'[39m ]
data rcv RT:[ [32m'0.00'[39m, [32m'4.32'[39m, [32m'3.42'[39m, [32m'0.00'[39m ]
data rcv RT:[ [32m'0.00'[39m, [32m'4.33'[39m, [32m'3.45'[39m, [32m'0.00'[39m ]
data rcv RT:[ [32m'0.00'[39m, [32m'4.28'[39m, [32m'3.43'[39m, [32m'0.00'[39m ]
data rcv RT:[ [32m'0.00'[39m, [32m'4.29'[39m, [32m'3.40'[39m, [32m'0.00'[39m ]
data rcv RT:[ [32m'0.00'[39m, [32m'4.26'[39m, [32m'3.39'[39m, [32m'0.00'[39m ]
data rcv RT:[ [32m'0.00'[39m, [32m'4.27'[39m, [32m'3.42'[39m, [32m'0.00'[39m ]
data rcv RT:[ [32m'0.00'[39m, [32m'4.29'[39m, [32m'3.39'[39m, [32m'0.00'[39m ]
data rcv RT:[ [32m'0.00'[39m, [32m'4.30'[39m, [32m'3.40'[39m, [32m'0.00'[39m ]
data rcv RT:[ [32m'0.00'[39m, [32m'4.31'[39m, [32m'3.38'[39m, [32m'0.01'[39m ]
data rcv RT:[ [32m'0.00'[39m, [32m'4.34'[39m, [32m'3.37'[39m, [32m'0.02'[39m ]
data rcv RT:[ [32m'0.00'[39m, [32m'4.33'[39m, [32m'3.38'[39m, [32m'0.00'[39m ]
data rcv RT:[ [32m'0.00'[39m, [32m'4.33'[39m, [32m'3.39'[39m, [32m'0.02'[39m ]
data rcv RT:[ [32m'0.00'[39m, [32m'4.39'[39m, [32m'3.40'[39m, [32m'0.03'[39m ]
data rcv RT:[ [32m'0.00'[39m, [32m'4.35'[39m, [32m'3.42'[39m, [32m'0.01'[39m ]
data rcv RT:[ [32m'0.00'[39m, [32m'4.36'[39m, [32m'3.40'[39m, [32m'0.02'[39m ]
data rcv RT:[ [32m'0.00'[39m, [32m'4.38'[39m, [32m'3.40'[39m, [32m'0.00'[39m ]
data rcv RT:[ [32m'0.00'[39m, [32m'4.34'[39m, [32m'3.44'[39m, [32m'0.00'[39m ]
data rcv RT:[ [32m'0.00'[39m, [32m'4.32'[39m, [32m'3.43'[39m, [32m'0.00'[39m ]
data rcv RT:[ [32m'0.00'[39m, [32m'4.27'[39m, [32m'3.43'[39m, [32m'0.00'[39m ]
data rcv RT:[ [32m'0.00'[39m, [32m'4.31'[39m, [32m'3.47'[39m, [32m'0.00'[39m ]
data rcv RT:[ [32m'0.00'[39m, [32m'4.27'[39m, [32m'3.40'[39m, [32m'0.00'[39m ]
data rcv RT:[ [32m'0.00'[39m, [32m'4.26'[39m, [32m'3.42'[39m, [32m'0.00'[39m ]
data rcv RT:[ [32m'0.00'[39m, [32m'4.28'[39m, [32m'3.37'[39m, [32m'0.00'[39m ]
data rcv RT:[ [32m'0.00'[39m, [32m'4.29'[39m, [32m'3.38'[39m, [32m'0.00'[39m ]
data rcv RT:[ [32m'0.00'[39m, [32m'4.32'[39m, [32m'3.38'[39m, [32m'0.01'[39m ]
data rcv RT:[ [32m'0.00'[39m, [32m'4.30'[39m, [32m'3.39'[39m, [32m'0.00'[39m ]
data rcv RT:[ [32m'0.00'[39m, [32m'4.34'[39m, [32m'3.38'[39m, [32m'0.00'[39m ]
data rcv RT:[ [32m'0.00'[39m, [32m'4.36'[39m, [32m'3.39'[39m, [32m'0.00'[39m ]
data rcv RT:[ [32m'0.00'[39m, [32m'4.38'[39m, [32m'3.40'[39m, [32m'0.03'[39m ]
data rcv RT:[ [32m'0.00'[39m, [32m'4.35'[39m, [32m'3.39'[39m, [32m'0.02'[39m ]
data rcv RT:[ [32m'0.00'[39m, [32m'4.34'[39m, [32m'3.43'[39m, [32m'0.00'[39m ]
data rcv RT:[ [32m'0.00'[39m, [32m'4.33'[39m, [32m'3.42'[39m, [32m'0.00'[39m ]
data rcv RT:[ [32m'0.00'[39m, [32m'4.33'[39m, [32m'3.42'[39m, [32m'0.00'[39m ]
data rcv RT:[ [32m'0.00'[39m, [32m'4.30'[39m, [32m'3.46'[39m, [32m'0.00'[39m ]
data rcv RT:[ [32m'0.00'[39m, [32m'4.27'[39m, [32m'3.42'[39m, [32m'0.00'[39m ]
data rcv RT:[ [32m'0.00'[39m, [32m'4.28'[39m, [32m'3.37'[39m, [32m'0.00'[39m ]
data rcv RT:[ [32m'0.00'[39m, [32m'4.31'[39m, [32m'3.38'[39m, [32m'0.01'[39m ]
data rcv RT:[ [32m'0.00'[39m, [32m'4.35'[39m, [32m'3.38'[39m, [32m'0.05'[39m ]
data rcv RT:[ [32m'0.00'[39m, [32m'4.37'[39m, [32m'3.42'[39m, [32m'0.00'[39m ]
data rcv RT:[ [32m'0.00'[39m, [32m'4.35'[39m, [32m'3.44'[39m, [32m'0.00'[39m ]
data rcv RT:[ [32m'0.00'[39m, [32m'4.34'[39m, [32m'3.44'[39m, [32m'0.00'[39m ]
data rcv RT:[ [32m'0.00'[39m, [32m'4.31'[39m, [32m'3.42'[39m, [32m'0.00'[39m ]
data rcv RT:[ [32m'0.00'[39m, [32m'4.31'[39m, [32m'3.42'[39m, [32m'0.00'[39m ]
data rcv RT:[ [32m'0.00'[39m, [32m'4.25'[39m, [32m'3.39'[39m, [32m'0.00'[39m ]
data rcv RT:[ [32m'0.00'[39m, [32m'4.25'[39m, [32m'3.41'[39m, [32m'0.00'[39m ]
data rcv RT:[ [32m'0.00'[39m, [32m'4.26'[39m, [32m'3.38'[39m, [32m'0.00'[39m ]
data rcv RT:[ [32m'0.00'[39m, [32m'4.30'[39m, [32m'3.37'[39m, [32m'0.00'[39m ]
data rcv RT:[ [32m'0.00'[39m, [32m'4.30'[39m, [32m'3.38'[39m, [32m'0.00'[39m ]
data rcv RT:[ [32m'0.00'[39m, [32m'4.33'[39m, [32m'3.38'[39m, [32m'0.01'[39m ]
data rcv RT:[ [32m'0.00'[39m, [32m'4.33'[39m, [32m'3.36'[39m, [32m'0.05'[39m ]
data rcv RT:[ [32m'0.00'[39m, [32m'4.39'[39m, [32m'3.40'[39m, [32m'0.01'[39m ]
data rcv RT:[ [32m'0.00'[39m, [32m'4.38'[39m, [32m'3.45'[39m, [32m'0.00'[39m ]
data rcv RT:[ [32m'0.00'[39m, [32m'4.34'[39m, [32m'3.45'[39m, [32m'0.00'[39m ]
data rcv RT:[ [32m'0.00'[39m, [32m'4.30'[39m, [32m'3.43'[39m, [32m'0.00'[39m ]
data rcv RT:[ [32m'0.00'[39m, [32m'4.31'[39m, [32m'3.42'[39m, [32m'0.00'[39m ]
data rcv RT:[ [32m'0.00'[39m, [32m'4.31'[39m, [32m'3.46'[39m, [32m'0.00'[39m ]
data rcv RT:[ [32m'0.00'[39m, [32m'4.26'[39m, [32m'3.40'[39m, [32m'0.00'[39m ]
data rcv RT:[ [32m'0.00'[39m, [32m'4.25'[39m, [32m'3.45'[39m, [32m'0.00'[39m ]
data rcv RT:[ [32m'0.00'[39m, [32m'4.27'[39m, [32m'3.40'[39m, [32m'0.00'[39m ]
data rcv RT:[ [32m'0.00'[39m, [32m'4.27'[39m, [32m'3.38'[39m, [32m'0.00'[39m ]
data rcv RT:[ [32m'0.00'[39m, [32m'4.29'[39m, [32m'3.37'[39m, [32m'0.00'[39m ]
data rcv RT:[ [32m'0.00'[39m, [32m'4.32'[39m, [32m'3.38'[39m, [32m'0.02'[39m ]
data rcv RT:[ [32m'0.00'[39m, [32m'4.32'[39m, [32m'3.39'[39m, [32m'0.01'[39m ]
data rcv RT:[ [32m'0.00'[39m, [32m'4.36'[39m, [32m'3.45'[39m, [32m'0.00'[39m ]
data rcv RT:[ [32m'0.00'[39m, [32m'4.35'[39m, [32m'3.43'[39m, [32m'0.00'[39m ]
data rcv RT:[ [32m'0.00'[39m, [32m'4.34'[39m, [32m'3.42'[39m, [32m'0.00'[39m ]
data rcv RT:[ [32m'0.00'[39m, [32m'4.32'[39m, [32m'3.43'[39m, [32m'0.00'[39m ]
data rcv RT:[ [32m'0.00'[39m, [32m'4.29'[39m, [32m'3.41'[39m, [32m'0.00'[39m ]
data rcv RT:[ [32m'0.00'[39m, [32m'4.28'[39m, [32m'3.42'[39m, [32m'0.00'[39m ]
data rcv RT:[ [32m'0.00'[39m, [32m'4.28'[39m, [32m'3.42'[39m, [32m'0.00'[39m ]
data rcv RT:[ [32m'0.00'[39m, [32m'4.28'[39m, [32m'3.40'[39m, [32m'0.00'[39m ]
data rcv RT:[ [32m'0.00'[39m, [32m'4.29'[39m, [32m'3.38'[39m, [32m'0.00'[39m ]
data rcv RT:[ [32m'0.00'[39m, [32m'4.31'[39m, [32m'3.37'[39m, [32m'0.00'[39m ]
data rcv RT:[ [32m'0.00'[39m, [32m'4.31'[39m, [32m'3.38'[39m, [32m'0.01'[39m ]
data rcv RT:[ [32m'0.00'[39m, [32m'4.34'[39m, [32m'3.39'[39m, [32m'0.01'[39m ]
data rcv RT:[ [32m'0.00'[39m, [32m'4.37'[39m, [32m'3.39'[39m, [32m'0.01'[39m ]
data rcv RT:[ [32m'0.00'[39m, [32m'4.36'[39m, [32m'3.40'[39m, [32m'0.01'[39m ]
data rcv RT:[ [32m'0.00'[39m, [32m'4.37'[39m, [32m'3.42'[39m, [32m'0.00'[39m ]
data rcv RT:[ [32m'0.00'[39m, [32m'4.37'[39m, [32m'3.42'[39m, [32m'0.00'[39m ]
data rcv RT:[ [32m'0.00'[39m, [32m'4.33'[39m, [32m'3.43'[39m, [32m'0.00'[39m ]
data rcv RT:[ [32m'0.00'[39m, [32m'4.30'[39m, [32m'3.43'[39m, [32m'0.00'[39m ]
data rcv RT:[ [32m'0.00'[39m, [32m'4.29'[39m, [32m'3.45'[39m, [32m'0.00'[39m ]
data rcv RT:[ [32m'0.00'[39m, [32m'4.27'[39m, [32m'3.38'[39m, [32m'0.00'[39m ]
data rcv RT:[ [32m'0.00'[39m, [32m'4.25'[39m, [32m'3.41'[39m, [32m'0.00'[39m ]
data rcv RT:[ [32m'0.00'[39m, [32m'4.28'[39m, [32m'3.38'[39m, [32m'0.00'[39m ]
data rcv RT:[ [32m'0.00'[39m, [32m'4.30'[39m, [32m'3.38'[39m, [32m'0.01'[39m ]
data rcv RT:[ [32m'0.00'[39m, [32m'4.32'[39m, [32m'3.38'[39m, [32m'0.01'[39m ]
data rcv RT:[ [32m'0.00'[39m, [32m'4.35'[39m, [32m'3.39'[39m, [32m'0.01'[39m ]
data rcv RT:[ [32m'0.00'[39m, [32m'4.38'[39m, [32m'3.41'[39m, [32m'0.00'[39m ]
data rcv RT:[ [32m'0.00'[39m, [32m'4.33'[39m, [32m'3.44'[39m, [32m'0.00'[39m ]
data rcv RT:[ [32m'0.00'[39m, [32m'4.33'[39m, [32m'3.43'[39m, [32m'0.00'[39m ]
data rcv RT:[ [32m'0.00'[39m, [32m'4.29'[39m, [32m'3.44'[39m, [32m'0.00'[39m ]
data rcv RT:[ [32m'0.00'[39m, [32m'4.27'[39m, [32m'3.39'[39m, [32m'0.00'[39m ]
data rcv RT:[ [32m'0.00'[39m, [32m'4.29'[39m, [32m'3.42'[39m, [32m'0.00'[39m ]
data rcv RT:[ [32m'0.00'[39m, [32m'4.29'[39m, [32m'3.39'[39m, [32m'0.00'[39m ]
data rcv RT:[ [32m'0.00'[39m, [32m'4.30'[39m, [32m'3.38'[39m, [32m'0.01'[39m ]
data rcv RT:[ [32m'0.00'[39m, [32m'4.35'[39m, [32m'3.39'[39m, [32m'0.02'[39m ]
data rcv RT:[ [32m'0.00'[39m, [32m'4.36'[39m, [32m'3.39'[39m, [32m'0.02'[39m ]
data rcv RT:[ [32m'0.00'[39m, [32m'4.34'[39m, [32m'3.43'[39m, [32m'0.00'[39m ]
data rcv RT:[ [32m'0.00'[39m, [32m'4.33'[39m, [32m'3.44'[39m, [32m'0.00'[39m ]
data rcv RT:[ [32m'0.00'[39m, [32m'4.31'[39m, [32m'3.42'[39m, [32m'0.00'[39m ]
data rcv RT:[ [32m'0.00'[39m, [32m'4.27'[39m, [32m'3.41'[39m, [32m'0.00'[39m ]
data rcv RT:[ [32m'0.00'[39m, [32m'4.27'[39m, [32m'3.43'[39m, [32m'0.00'[39m ]
data rcv RT:[ [32m'0.00'[39m, [32m'4.26'[39m, [32m'3.38'[39m, [32m'0.00'[39m ]
data rcv RT:[ [32m'0.00'[39m, [32m'4.27'[39m, [32m'3.38'[39m, [32m'0.00'[39m ]
data rcv RT:[ [32m'0.00'[39m, [32m'4.34'[39m, [32m'3.38'[39m, [32m'0.01'[39m ]
data rcv RT:[ [32m'0.00'[39m, [32m'4.33'[39m, [32m'3.38'[39m, [32m'0.00'[39m ]
data rcv RT:[ [32m'0.00'[39m, [32m'4.39'[39m, [32m'3.40'[39m, [32m'0.01'[39m ]
data rcv RT:[ [32m'0.00'[39m, [32m'4.37'[39m, [32m'3.41'[39m, [32m'0.00'[39m ]
data rcv RT:[ [32m'0.00'[39m, [32m'4.34'[39m, [32m'3.44'[39m, [32m'0.00'[39m ]
data rcv RT:[ [32m'0.00'[39m, [32m'4.31'[39m, [32m'3.44'[39m, [32m'0.00'[39m ]
data rcv RT:[ [32m'0.00'[39m, [32m'4.30'[39m, [32m'3.43'[39m, [32m'0.00'[39m ]
data rcv RT:[ [32m'0.00'[39m, [32m'4.26'[39m, [32m'3.40'[39m, [32m'0.00'[39m ]
data rcv RT:[ [32m'0.00'[39m, [32m'4.28'[39m, [32m'3.38'[39m, [32m'0.00'[39m ]
data rcv RT:[ [32m'0.00'[39m, [32m'4.27'[39m, [32m'3.39'[39m, [32m'0.00'[39m ]
data rcv RT:[ [32m'0.00'[39m, [32m'4.32'[39m, [32m'3.36'[39m, [32m'0.01'[39m ]
data rcv RT:[ [32m'0.00'[39m, [32m'4.33'[39m, [32m'3.39'[39m, [32m'0.02'[39m ]
data rcv RT:[ [32m'0.00'[39m, [32m'4.39'[39m, [32m'3.38'[39m, [32m'0.01'[39m ]
data rcv RT:[ [32m'0.00'[39m, [32m'4.38'[39m, [32m'3.42'[39m, [32m'0.00'[39m ]
data rcv RT:[ [32m'0.00'[39m, [32m'4.37'[39m, [32m'3.43'[39m, [32m'0.00'[39m ]
data rcv RT:[ [32m'0.00'[39m, [32m'4.31'[39m, [32m'3.44'[39m, [32m'0.00'[39m ]
data rcv RT:[ [32m'0.00'[39m, [32m'4.26'[39m, [32m'3.40'[39m, [32m'0.00'[39m ]
data rcv RT:[ [32m'0.00'[39m, [32m'4.25'[39m, [32m'3.40'[39m, [32m'0.00'[39m ]
data rcv RT:[ [32m'0.00'[39m, [32m'4.27'[39m, [32m'3.37'[39m, [32m'0.00'[39m ]
data rcv RT:[ [32m'0.00'[39m, [32m'4.28'[39m, [32m'3.36'[39m, [32m'0.01'[39m ]
data rcv RT:[ [32m'0.00'[39m, [32m'4.33'[39m, [32m'3.39'[39m, [32m'0.02'[39m ]
data rcv RT:[ [32m'0.00'[39m, [32m'4.35'[39m, [32m'3.37'[39m, [32m'0.05'[39m ]
data rcv RT:[ [32m'0.00'[39m, [32m'4.35'[39m, [32m'3.38'[39m, [32m'0.03'[39m ]
data rcv RT:[ [32m'0.00'[39m, [32m'4.38'[39m, [32m'3.42'[39m, [32m'0.00'[39m ]
data rcv RT:[ [32m'0.00'[39m, [32m'4.36'[39m, [32m'3.43'[39m, [32m'0.00'[39m ]
data rcv RT:[ [32m'0.00'[39m, [32m'4.31'[39m, [32m'3.42'[39m, [32m'0.00'[39m ]
data rcv RT:[ [32m'0.00'[39m, [32m'4.29'[39m, [32m'3.43'[39m, [32m'0.00'[39m ]
data rcv RT:[ [32m'0.00'[39m, [32m'4.28'[39m, [32m'3.43'[39m, [32m'0.00'[39m ]
data rcv RT:[ [32m'0.00'[39m, [32m'4.27'[39m, [32m'3.45'[39m, [32m'0.00'[39m ]
data rcv RT:[ [32m'0.00'[39m, [32m'4.27'[39m, [32m'3.40'[39m, [32m'0.00'[39m ]
data rcv RT:[ [32m'0.00'[39m, [32m'4.32'[39m, [32m'3.37'[39m, [32m'0.02'[39m ]
data rcv RT:[ [32m'0.00'[39m, [32m'4.34'[39m, [32m'3.37'[39m, [32m'0.01'[39m ]
data rcv RT:[ [32m'0.00'[39m, [32m'4.36'[39m, [32m'3.37'[39m, [32m'0.02'[39m ]
data rcv RT:[ [32m'0.00'[39m, [32m'4.36'[39m, [32m'3.39'[39m, [32m'0.01'[39m ]
data rcv RT:[ [32m'0.00'[39m, [32m'4.36'[39m, [32m'3.43'[39m, [32m'0.00'[39m ]
data rcv RT:[ [32m'0.00'[39m, [32m'4.32'[39m, [32m'3.41'[39m, [32m'0.00'[39m ]
data rcv RT:[ [32m'0.00'[39m, [32m'4.30'[39m, [32m'3.42'[39m, [32m'0.00'[39m ]
data rcv RT:[ [32m'0.00'[39m, [32m'4.32'[39m, [32m'3.44'[39m, [32m'0.00'[39m ]
data rcv RT:[ [32m'0.00'[39m, [32m'4.27'[39m, [32m'3.40'[39m, [32m'0.00'[39m ]
data rcv RT:[ [32m'0.00'[39m, [32m'4.28'[39m, [32m'3.40'[39m, [32m'0.00'[39m ]
data rcv RT:[ [32m'0.00'[39m, [32m'4.31'[39m, [32m'3.39'[39m, [32m'0.01'[39m ]
data rcv RT:[ [32m'0.00'[39m, [32m'4.35'[39m, [32m'3.36'[39m, [32m'0.05'[39m ]
data rcv RT:[ [32m'0.00'[39m, [32m'4.39'[39m, [32m'3.42'[39m, [32m'0.00'[39m ]
data rcv RT:[ [32m'0.00'[39m, [32m'4.34'[39m, [32m'3.42'[39m, [32m'0.00'[39m ]
data rcv RT:[ [32m'0.00'[39m, [32m'4.35'[39m, [32m'3.42'[39m, [32m'0.00'[39m ]
data rcv RT:[ [32m'0.00'[39m, [32m'4.32'[39m, [32m'3.42'[39m, [32m'0.00'[39m ]
data rcv RT:[ [32m'0.00'[39m, [32m'4.30'[39m, [32m'3.44'[39m, [32m'0.00'[39m ]
data rcv RT:[ [32m'0.00'[39m, [32m'4.28'[39m, [32m'3.43'[39m, [32m'0.00'[39m ]
data rcv RT:[ [32m'0.00'[39m, [32m'4.28'[39m, [32m'3.40'[39m, [32m'0.00'[39m ]
data rcv RT:[ [32m'0.00'[39m, [32m'4.30'[39m, [32m'3.38'[39m, [32m'0.00'[39m ]
data rcv RT:[ [32m'0.00'[39m, [32m'4.32'[39m, [32m'3.38'[39m, [32m'0.03'[39m ]
data rcv RT:[ [32m'0.00'[39m, [32m'4.34'[39m, [32m'3.35'[39m, [32m'0.05'[39m ]
data rcv RT:[ [32m'0.00'[39m, [32m'4.35'[39m, [32m'3.41'[39m, [32m'0.00'[39m ]
data rcv RT:[ [32m'0.00'[39m, [32m'4.37'[39m, [32m'3.42'[39m, [32m'0.00'[39m ]
data rcv RT:[ [32m'0.00'[39m, [32m'4.37'[39m, [32m'3.41'[39m, [32m'0.00'[39m ]
data rcv RT:[ [32m'0.00'[39m, [32m'4.34'[39m, [32m'3.43'[39m, [32m'0.00'[39m ]
data rcv RT:[ [32m'0.00'[39m, [32m'4.31'[39m, [32m'3.43'[39m, [32m'0.00'[39m ]
data rcv RT:[ [32m'0.00'[39m, [32m'4.29'[39m, [32m'3.41'[39m, [32m'0.00'[39m ]
data rcv RT:[ [32m'0.00'[39m, [32m'4.27'[39m, [32m'3.38'[39m, [32m'0.00'[39m ]
data rcv RT:[ [32m'0.00'[39m, [32m'4.29'[39m, [32m'3.38'[39m, [32m'0.00'[39m ]
data rcv RT:[ [32m'0.00'[39m, [32m'4.32'[39m, [32m'3.39'[39m, [32m'0.01'[39m ]
data rcv RT:[ [32m'0.00'[39m, [32m'4.34'[39m, [32m'3.38'[39m, [32m'0.02'[39m ]
data rcv RT:[ [32m'0.00'[39m, [32m'4.38'[39m, [32m'3.40'[39m, [32m'0.00'[39m ]
data rcv RT:[ [32m'0.00'[39m, [32m'4.37'[39m, [32m'3.41'[39m, [32m'0.01'[39m ]
data rcv RT:[ [32m'0.00'[39m, [32m'4.35'[39m, [32m'3.42'[39m, [32m'0.00'[39m ]
data rcv RT:[ [32m'0.00'[39m, [32m'4.29'[39m, [32m'3.44'[39m, [32m'0.00'[39m ]
data rcv RT:[ [32m'0.00'[39m, [32m'4.28'[39m, [32m'3.40'[39m, [32m'0.00'[39m ]
data rcv RT:[ [32m'0.00'[39m, [32m'4.29'[39m, [32m'3.43'[39m, [32m'0.00'[39m ]
data rcv RT:[ [32m'0.00'[39m, [32m'4.28'[39m, [32m'3.37'[39m, [32m'0.00'[39m ]
data rcv RT:[ [32m'0.00'[39m, [32m'4.27'[39m, [32m'3.37'[39m, [32m'0.00'[39m ]
data rcv RT:[ [32m'0.00'[39m, [32m'4.33'[39m, [32m'3.38'[39m, [32m'0.01'[39m ]
data rcv RT:[ [32m'0.00'[39m, [32m'4.33'[39m, [32m'3.41'[39m, [32m'0.02'[39m ]
data rcv RT:[ [32m'0.00'[39m, [32m'4.38'[39m, [32m'3.43'[39m, [32m'0.00'[39m ]
data rcv RT:[ [32m'0.00'[39m, [32m'4.35'[39m, [32m'3.43'[39m, [32m'0.00'[39m ]
data rcv RT:[ [32m'0.00'[39m, [32m'4.36'[39m, [32m'3.42'[39m, [32m'0.00'[39m ]
data rcv RT:[ [32m'0.00'[39m, [32m'4.31'[39m, [32m'3.42'[39m, [32m'0.00'[39m ]
data rcv RT:[ [32m'0.00'[39m, [32m'4.25'[39m, [32m'3.43'[39m, [32m'0.00'[39m ]
data rcv RT:[ [32m'0.00'[39m, [32m'4.26'[39m, [32m'3.43'[39m, [32m'0.00'[39m ]
data rcv RT:[ [32m'0.00'[39m, [32m'4.30'[39m, [32m'3.38'[39m, [32m'0.00'[39m ]
data rcv RT:[ [32m'0.00'[39m, [32m'4.30'[39m, [32m'3.37'[39m, [32m'0.00'[39m ]
data rcv RT:[ [32m'0.00'[39m, [32m'4.35'[39m, [32m'3.36'[39m, [32m'0.05'[39m ]
data rcv RT:[ [32m'0.00'[39m, [32m'4.36'[39m, [32m'3.39'[39m, [32m'0.03'[39m ]
data rcv RT:[ [32m'0.00'[39m, [32m'4.38'[39m, [32m'3.37'[39m, [32m'0.02'[39m ]
data rcv RT:[ [32m'0.00'[39m, [32m'4.34'[39m, [32m'3.42'[39m, [32m'0.00'[39m ]
data rcv RT:[ [32m'0.00'[39m, [32m'4.32'[39m, [32m'3.43'[39m, [32m'0.00'[39m ]
data rcv RT:[ [32m'0.00'[39m, [32m'4.30'[39m, [32m'3.42'[39m, [32m'0.00'[39m ]
data rcv RT:[ [32m'0.00'[39m, [32m'4.27'[39m, [32m'3.42'[39m, [32m'0.00'[39m ]
data rcv RT:[ [32m'0.00'[39m, [32m'4.28'[39m, [32m'3.41'[39m, [32m'0.00'[39m ]
data rcv RT:[ [32m'0.00'[39m, [32m'4.30'[39m, [32m'3.38'[39m, [32m'0.00'[39m ]
data rcv RT:[ [32m'0.00'[39m, [32m'4.27'[39m, [32m'3.39'[39m, [32m'0.00'[39m ]
data rcv RT:[ [32m'0.00'[39m, [32m'4.30'[39m, [32m'3.37'[39m, [32m'0.00'[39m ]
data rcv RT:[ [32m'0.00'[39m, [32m'4.33'[39m, [32m'3.38'[39m, [32m'0.01'[39m ]
data rcv RT:[ [32m'0.00'[39m, [32m'4.33'[39m, [32m'3.38'[39m, [32m'0.01'[39m ]
data rcv RT:[ [32m'0.00'[39m, [32m'4.38'[39m, [32m'3.38'[39m, [32m'0.02'[39m ]
data rcv RT:[ [32m'0.00'[39m, [32m'4.35'[39m, [32m'3.46'[39m, [32m'0.00'[39m ]
data rcv RT:[ [32m'0.00'[39m, [32m'4.34'[39m, [32m'3.42'[39m, [32m'0.00'[39m ]
data rcv RT:[ [32m'0.00'[39m, [32m'4.30'[39m, [32m'3.42'[39m, [32m'0.00'[39m ]
data rcv RT:[ [32m'0.00'[39m, [32m'4.29'[39m, [32m'3.46'[39m, [32m'0.00'[39m ]
data rcv RT:[ [32m'0.00'[39m, [32m'4.25'[39m, [32m'3.40'[39m, [32m'0.00'[39m ]
data rcv RT:[ [32m'0.00'[39m, [32m'4.28'[39m, [32m'3.38'[39m, [32m'0.00'[39m ]
data rcv RT:[ [32m'0.00'[39m, [32m'4.30'[39m, [32m'3.40'[39m, [32m'0.02'[39m ]
data rcv RT:[ [32m'0.00'[39m, [32m'4.32'[39m, [32m'3.39'[39m, [32m'0.00'[39m ]
data rcv RT:[ [32m'0.00'[39m, [32m'4.36'[39m, [32m'3.38'[39m, [32m'0.02'[39m ]
data rcv RT:[ [32m'0.00'[39m, [32m'4.37'[39m, [32m'3.43'[39m, [32m'0.00'[39m ]
data rcv RT:[ [32m'0.00'[39m, [32m'4.35'[39m, [32m'3.44'[39m, [32m'0.00'[39m ]
data rcv RT:[ [32m'0.00'[39m, [32m'4.34'[39m, [32m'3.42'[39m, [32m'0.00'[39m ]
data rcv RT:[ [32m'0.00'[39m, [32m'4.31'[39m, [32m'3.43'[39m, [32m'0.00'[39m ]
data rcv RT:[ [32m'0.00'[39m, [32m'4.29'[39m, [32m'3.44'[39m, [32m'0.00'[39m ]
data rcv RT:[ [32m'0.00'[39m, [32m'4.26'[39m, [32m'3.42'[39m, [32m'0.00'[39m ]
data rcv RT:[ [32m'0.00'[39m, [32m'4.26'[39m, [32m'3.41'[39m, [32m'0.00'[39m ]
data rcv RT:[ [32m'0.00'[39m, [32m'4.30'[39m, [32m'3.38'[39m, [32m'0.00'[39m ]
data rcv RT:[ [32m'0.00'[39m, [32m'4.33'[39m, [32m'3.39'[39m, [32m'0.01'[39m ]
data rcv RT:[ [32m'0.00'[39m, [32m'4.33'[39m, [32m'3.38'[39m, [32m'0.01'[39m ]
data rcv RT:[ [32m'0.00'[39m, [32m'4.36'[39m, [32m'3.40'[39m, [32m'0.01'[39m ]
data rcv RT:[ [32m'0.00'[39m, [32m'4.36'[39m, [32m'3.39'[39m, [32m'0.00'[39m ]
data rcv RT:[ [32m'0.00'[39m, [32m'4.36'[39m, [32m'3.41'[39m, [32m'0.00'[39m ]
data rcv RT:[ [32m'0.00'[39m, [32m'4.35'[39m, [32m'3.43'[39m, [32m'0.00'[39m ]
data rcv RT:[ [32m'0.00'[39m, [32m'4.32'[39m, [32m'3.43'[39m, [32m'0.00'[39m ]
data rcv RT:[ [32m'0.00'[39m, [32m'4.31'[39m, [32m'3.42'[39m, [32m'0.00'[39m ]
data rcv RT:[ [32m'0.00'[39m, [32m'4.30'[39m, [32m'3.46'[39m, [32m'0.00'[39m ]
data rcv RT:[ [32m'0.00'[39m, [32m'4.27'[39m, [32m'3.41'[39m, [32m'0.00'[39m ]
data rcv RT:[ [32m'0.00'[39m, [32m'4.25'[39m, [32m'3.40'[39m, [32m'0.00'[39m ]
data rcv RT:[ [32m'0.00'[39m, [32m'4.29'[39m, [32m'3.37'[39m, [32m'0.00'[39m ]
data rcv RT:[ [32m'0.00'[39m, [32m'4.29'[39m, [32m'3.37'[39m, [32m'0.00'[39m ]
data rcv RT:[ [32m'0.00'[39m, [32m'4.30'[39m, [32m'3.39'[39m, [32m'0.00'[39m ]
data rcv RT:[ [32m'0.00'[39m, [32m'4.32'[39m, [32m'3.38'[39m, [32m'0.02'[39m ]
data rcv RT:[ [32m'0.00'[39m, [32m'4.37'[39m, [32m'3.39'[39m, [32m'0.04'[39m ]
data rcv RT:[ [32m'0.00'[39m, [32m'4.40'[39m, [32m'3.43'[39m, [32m'0.02'[39m ]
data rcv RT:[ [32m'0.00'[39m, [32m'4.40'[39m, [32m'3.41'[39m, [32m'0.01'[39m ]
data rcv RT:[ [32m'0.00'[39m, [32m'4.34'[39m, [32m'3.45'[39m, [32m'0.00'[39m ]
data rcv RT:[ [32m'0.00'[39m, [32m'4.33'[39m, [32m'3.43'[39m, [32m'0.00'[39m ]
data rcv RT:[ [32m'0.00'[39m, [32m'4.28'[39m, [32m'3.41'[39m, [32m'0.00'[39m ]
data rcv RT:[ [32m'0.00'[39m, [32m'4.29'[39m, [32m'3.44'[39m, [32m'0.00'[39m ]
data rcv RT:[ [32m'0.00'[39m, [32m'4.27'[39m, [32m'3.46'[39m, [32m'0.00'[39m ]
data rcv RT:[ [32m'0.00'[39m, [32m'4.26'[39m, [32m'3.42'[39m, [32m'0.00'[39m ]
data rcv RT:[ [32m'0.00'[39m, [32m'4.28'[39m, [32m'3.37'[39m, [32m'0.00'[39m ]
data rcv RT:[ [32m'0.00'[39m, [32m'4.25'[39m, [32m'3.36'[39m, [32m'0.00'[39m ]
data rcv RT:[ [32m'0.00'[39m, [32m'4.29'[39m, [32m'3.36'[39m, [32m'0.01'[39m ]
data rcv RT:[ [32m'0.00'[39m, [32m'4.31'[39m, [32m'3.36'[39m, [32m'0.02'[39m ]
data rcv RT:[ [32m'0.00'[39m, [32m'4.36'[39m, [32m'3.38'[39m, [32m'0.04'[39m ]
data rcv RT:[ [32m'0.00'[39m, [32m'4.36'[39m, [32m'3.37'[39m, [32m'0.02'[39m ]
data rcv RT:[ [32m'0.00'[39m, [32m'4.39'[39m, [32m'3.39'[39m, [32m'0.01'[39m ]
data rcv RT:[ [32m'0.00'[39m, [32m'4.38'[39m, [32m'3.39'[39m, [32m'0.00'[39m ]
data rcv RT:[ [32m'0.00'[39m, [32m'4.34'[39m, [32m'3.42'[39m, [32m'0.00'[39m ]
data rcv RT:[ [32m'0.00'[39m, [32m'4.34'[39m, [32m'3.44'[39m, [32m'0.00'[39m ]
data rcv RT:[ [32m'0.00'[39m, [32m'4.33'[39m, [32m'3.43'[39m, [32m'0.00'[39m ]
data rcv RT:[ [32m'0.00'[39m, [32m'4.31'[39m, [32m'3.45'[39m, [32m'0.00'[39m ]
data rcv RT:[ [32m'0.00'[39m, [32m'4.27'[39m, [32m'3.42'[39m, [32m'0.00'[39m ]
data rcv RT:[ [32m'0.00'[39m, [32m'4.26'[39m, [32m'3.42'[39m, [32m'0.00'[39m ]
data rcv RT:[ [32m'0.00'[39m, [32m'4.27'[39m, [32m'3.40'[39m, [32m'0.00'[39m ]
data rcv RT:[ [32m'0.00'[39m, [32m'4.35'[39m, [32m'3.40'[39m, [32m'0.02'[39m ]
data rcv RT:[ [32m'0.00'[39m, [32m'4.33'[39m, [32m'3.39'[39m, [32m'0.05'[39m ]
data rcv RT:[ [32m'0.00'[39m, [32m'4.34'[39m, [32m'3.39'[39m, [32m'0.03'[39m ]
data rcv RT:[ [32m'0.00'[39m, [32m'4.29'[39m, [32m'3.43'[39m, [32m'0.00'[39m ]
data rcv RT:[ [32m'0.00'[39m, [32m'4.31'[39m, [32m'3.44'[39m, [32m'0.00'[39m ]
data rcv RT:[ [32m'0.00'[39m, [32m'4.30'[39m, [32m'3.41'[39m, [32m'0.00'[39m ]
data rcv RT:[ [32m'0.00'[39m, [32m'4.29'[39m, [32m'3.43'[39m, [32m'0.00'[39m ]
data rcv RT:[ [32m'0.00'[39m, [32m'4.29'[39m, [32m'3.46'[39m, [32m'0.00'[39m ]
data rcv RT:[ [32m'0.00'[39m, [32m'4.30'[39m, [32m'3.47'[39m, [32m'0.00'[39m ]
data rcv RT:[ [32m'0.00'[39m, [32m'4.27'[39m, [32m'3.39'[39m, [32m'0.00'[39m ]
data rcv RT:[ [32m'0.00'[39m, [32m'4.32'[39m, [32m'3.39'[39m, [32m'0.00'[39m ]
data rcv RT:[ [32m'0.00'[39m, [32m'4.33'[39m, [32m'3.39'[39m, [32m'0.01'[39m ]
data rcv RT:[ [32m'0.00'[39m, [32m'4.35'[39m, [32m'3.40'[39m, [32m'0.01'[39m ]
data rcv RT:[ [32m'0.00'[39m, [32m'4.32'[39m, [32m'3.37'[39m, [32m'0.01'[39m ]
data rcv RT:[ [32m'0.00'[39m, [32m'4.31'[39m, [32m'3.38'[39m, [32m'0.01'[39m ]
data rcv RT:[ [32m'0.00'[39m, [32m'4.32'[39m, [32m'3.47'[39m, [32m'0.00'[39m ]
data rcv RT:[ [32m'0.00'[39m, [32m'4.30'[39m, [32m'3.43'[39m, [32m'0.00'[39m ]
data rcv RT:[ [32m'0.00'[39m, [32m'4.30'[39m, [32m'3.44'[39m, [32m'0.00'[39m ]
data rcv RT:[ [32m'0.00'[39m, [32m'4.33'[39m, [32m'3.44'[39m, [32m'0.00'[39m ]
data rcv RT:[ [32m'0.00'[39m, [32m'4.30'[39m, [32m'3.43'[39m, [32m'0.00'[39m ]
data rcv RT:[ [32m'0.00'[39m, [32m'4.30'[39m, [32m'3.47'[39m, [32m'0.00'[39m ]
data rcv RT:[ [32m'0.00'[39m, [32m'4.30'[39m, [32m'3.42'[39m, [32m'0.00'[39m ]
data rcv RT:[ [32m'0.00'[39m, [32m'4.31'[39m, [32m'3.41'[39m, [32m'0.00'[39m ]
data rcv RT:[ [32m'0.00'[39m, [32m'4.31'[39m, [32m'3.40'[39m, [32m'0.02'[39m ]
data rcv RT:[ [32m'0.00'[39m, [32m'4.34'[39m, [32m'3.40'[39m, [32m'0.05'[39m ]
data rcv RT:[ [32m'0.00'[39m, [32m'4.30'[39m, [32m'3.38'[39m, [32m'0.06'[39m ]
data rcv RT:[ [32m'0.00'[39m, [32m'4.36'[39m, [32m'3.44'[39m, [32m'0.00'[39m ]
data rcv RT:[ [32m'0.00'[39m, [32m'4.33'[39m, [32m'3.43'[39m, [32m'0.00'[39m ]
data rcv RT:[ [32m'0.00'[39m, [32m'4.30'[39m, [32m'3.45'[39m, [32m'0.00'[39m ]
data rcv RT:[ [32m'0.00'[39m, [32m'4.32'[39m, [32m'3.46'[39m, [32m'0.00'[39m ]
data rcv RT:[ [32m'0.00'[39m, [32m'4.29'[39m, [32m'3.47'[39m, [32m'0.00'[39m ]
data rcv RT:[ [32m'0.00'[39m, [32m'4.29'[39m, [32m'3.42'[39m, [32m'0.00'[39m ]
data rcv RT:[ [32m'0.00'[39m, [32m'4.24'[39m, [32m'3.41'[39m, [32m'0.00'[39m ]
data rcv RT:[ [32m'0.00'[39m, [32m'4.23'[39m, [32m'3.40'[39m, [32m'0.00'[39m ]
data rcv RT:[ [32m'0.00'[39m, [32m'4.30'[39m, [32m'3.39'[39m, [32m'0.00'[39m ]
data rcv RT:[ [32m'0.00'[39m, [32m'4.34'[39m, [32m'3.40'[39m, [32m'0.01'[39m ]
data rcv RT:[ [32m'0.00'[39m, [32m'4.35'[39m, [32m'3.39'[39m, [32m'0.02'[39m ]
data rcv RT:[ [32m'0.00'[39m, [32m'4.39'[39m, [32m'3.45'[39m, [32m'0.00'[39m ]
data rcv RT:[ [32m'0.00'[39m, [32m'4.39'[39m, [32m'3.45'[39m, [32m'0.00'[39m ]
data rcv RT:[ [32m'0.00'[39m, [32m'4.39'[39m, [32m'3.45'[39m, [32m'0.00'[39m ]
data rcv RT:[ [32m'0.00'[39m, [32m'4.34'[39m, [32m'3.45'[39m, [32m'0.00'[39m ]
data rcv RT:[ [32m'0.00'[39m, [32m'4.32'[39m, [32m'3.43'[39m, [32m'0.00'[39m ]
data rcv RT:[ [32m'0.00'[39m, [32m'4.31'[39m, [32m'3.45'[39m, [32m'0.00'[39m ]
data rcv RT:[ [32m'0.00'[39m, [32m'4.27'[39m, [32m'3.45'[39m, [32m'0.00'[39m ]
data rcv RT:[ [32m'0.00'[39m, [32m'4.31'[39m, [32m'3.46'[39m, [32m'0.00'[39m ]
data rcv RT:[ [32m'0.00'[39m, [32m'4.32'[39m, [32m'3.39'[39m, [32m'0.00'[39m ]
data rcv RT:[ [32m'0.00'[39m, [32m'4.29'[39m, [32m'3.38'[39m, [32m'0.00'[39m ]
data rcv RT:[ [32m'0.00'[39m, [32m'4.34'[39m, [32m'3.38'[39m, [32m'0.03'[39m ]
data rcv RT:[ [32m'0.00'[39m, [32m'4.32'[39m, [32m'3.40'[39m, [32m'0.00'[39m ]
data rcv RT:[ [32m'0.00'[39m, [32m'4.36'[39m, [32m'3.42'[39m, [32m'0.03'[39m ]
data rcv RT:[ [32m'0.00'[39m, [32m'4.36'[39m, [32m'3.40'[39m, [32m'0.01'[39m ]
data rcv RT:[ [32m'0.00'[39m, [32m'4.35'[39m, [32m'3.46'[39m, [32m'0.00'[39m ]
data rcv RT:[ [32m'0.00'[39m, [32m'4.35'[39m, [32m'3.44'[39m, [32m'0.00'[39m ]
data rcv RT:[ [32m'0.00'[39m, [32m'4.33'[39m, [32m'3.43'[39m, [32m'0.00'[39m ]
data rcv RT:[ [32m'0.00'[39m, [32m'4.30'[39m, [32m'3.41'[39m, [32m'0.00'[39m ]
data rcv RT:[ [32m'0.00'[39m, [32m'4.27'[39m, [32m'3.38'[39m, [32m'0.00'[39m ]
data rcv RT:[ [32m'0.00'[39m, [32m'4.28'[39m, [32m'3.39'[39m, [32m'0.00'[39m ]
data rcv RT:[ [32m'0.00'[39m, [32m'4.28'[39m, [32m'3.40'[39m, [32m'0.00'[39m ]
data rcv RT:[ [32m'0.00'[39m, [32m'4.33'[39m, [32m'3.38'[39m, [32m'0.01'[39m ]
data rcv RT:[ [32m'0.00'[39m, [32m'4.32'[39m, [32m'3.38'[39m, [32m'0.04'[39m ]
data rcv RT:[ [32m'0.00'[39m, [32m'4.35'[39m, [32m'3.39'[39m, [32m'0.04'[39m ]
data rcv RT:[ [32m'0.00'[39m, [32m'4.34'[39m, [32m'3.42'[39m, [32m'0.00'[39m ]
data rcv RT:[ [32m'0.00'[39m, [32m'4.33'[39m, [32m'3.42'[39m, [32m'0.00'[39m ]
data rcv RT:[ [32m'0.00'[39m, [32m'4.32'[39m, [32m'3.42'[39m, [32m'0.00'[39m ]
data rcv RT:[ [32m'0.00'[39m, [32m'4.31'[39m, [32m'3.45'[39m, [32m'0.00'[39m ]
data rcv RT:[ [32m'0.00'[39m, [32m'4.31'[39m, [32m'3.43'[39m, [32m'0.00'[39m ]
data rcv RT:[ [32m'0.00'[39m, [32m'4.30'[39m, [32m'3.39'[39m, [32m'0.00'[39m ]
data rcv RT:[ [32m'0.00'[39m, [32m'4.33'[39m, [32m'3.36'[39m, [32m'0.00'[39m ]
data rcv RT:[ [32m'0.00'[39m, [32m'4.29'[39m, [32m'3.38'[39m, [32m'0.00'[39m ]
data rcv RT:[ [32m'0.00'[39m, [32m'4.35'[39m, [32m'3.37'[39m, [32m'0.03'[39m ]
data rcv RT:[ [32m'0.00'[39m, [32m'4.34'[39m, [32m'3.37'[39m, [32m'0.06'[39m ]
data rcv RT:[ [32m'0.00'[39m, [32m'4.38'[39m, [32m'3.43'[39m, [32m'0.00'[39m ]
data rcv RT:[ [32m'0.00'[39m, [32m'4.35'[39m, [32m'3.39'[39m, [32m'0.01'[39m ]
data rcv RT:[ [32m'0.00'[39m, [32m'4.36'[39m, [32m'3.43'[39m, [32m'0.00'[39m ]
data rcv RT:[ [32m'0.00'[39m, [32m'4.31'[39m, [32m'3.42'[39m, [32m'0.00'[39m ]
data rcv RT:[ [32m'0.00'[39m, [32m'4.27'[39m, [32m'3.40'[39m, [32m'0.00'[39m ]
data rcv RT:[ [32m'0.00'[39m, [32m'4.27'[39m, [32m'3.40'[39m, [32m'0.00'[39m ]
data rcv RT:[ [32m'0.00'[39m, [32m'4.27'[39m, [32m'3.39'[39m, [32m'0.00'[39m ]
data rcv RT:[ [32m'0.00'[39m, [32m'4.30'[39m, [32m'3.38'[39m, [32m'0.00'[39m ]
data rcv RT:[ [32m'0.00'[39m, [32m'4.34'[39m, [32m'3.38'[39m, [32m'0.01'[39m ]
data rcv RT:[ [32m'0.00'[39m, [32m'4.39'[39m, [32m'3.39'[39m, [32m'0.02'[39m ]
data rcv RT:[ [32m'0.00'[39m, [32m'4.39'[39m, [32m'3.41'[39m, [32m'0.00'[39m ]
data rcv RT:[ [32m'0.00'[39m, [32m'4.35'[39m, [32m'3.43'[39m, [32m'0.02'[39m ]
data rcv RT:[ [32m'0.00'[39m, [32m'4.35'[39m, [32m'3.41'[39m, [32m'0.00'[39m ]
data rcv RT:[ [32m'0.00'[39m, [32m'4.34'[39m, [32m'3.43'[39m, [32m'0.00'[39m ]
data rcv RT:[ [32m'0.00'[39m, [32m'4.31'[39m, [32m'3.42'[39m, [32m'0.00'[39m ]
data rcv RT:[ [32m'0.00'[39m, [32m'4.27'[39m, [32m'3.41'[39m, [32m'0.00'[39m ]
data rcv RT:[ [32m'0.00'[39m, [32m'4.27'[39m, [32m'3.43'[39m, [32m'0.00'[39m ]
data rcv RT:[ [32m'0.00'[39m, [32m'4.27'[39m, [32m'3.43'[39m, [32m'0.00'[39m ]
data rcv RT:[ [32m'0.00'[39m, [32m'4.28'[39m, [32m'3.40'[39m, [32m'0.00'[39m ]
data rcv RT:[ [32m'0.00'[39m, [32m'4.32'[39m, [32m'3.39'[39m, [32m'0.02'[39m ]
data rcv RT:[ [32m'0.00'[39m, [32m'4.40'[39m, [32m'3.37'[39m, [32m'0.06'[39m ]
data rcv RT:[ [32m'0.00'[39m, [32m'4.36'[39m, [32m'3.40'[39m, [32m'0.05'[39m ]
data rcv RT:[ [32m'0.00'[39m, [32m'4.36'[39m, [32m'3.39'[39m, [32m'0.00'[39m ]
data rcv RT:[ [32m'0.00'[39m, [32m'4.34'[39m, [32m'3.45'[39m, [32m'0.00'[39m ]
data rcv RT:[ [32m'0.00'[39m, [32m'4.31'[39m, [32m'3.44'[39m, [32m'0.00'[39m ]
data rcv RT:[ [32m'0.00'[39m, [32m'4.31'[39m, [32m'3.43'[39m, [32m'0.00'[39m ]
data rcv RT:[ [32m'0.00'[39m, [32m'4.29'[39m, [32m'3.43'[39m, [32m'0.00'[39m ]
data rcv RT:[ [32m'0.00'[39m, [32m'4.29'[39m, [32m'3.45'[39m, [32m'0.00'[39m ]
data rcv RT:[ [32m'0.00'[39m, [32m'4.29'[39m, [32m'3.40'[39m, [32m'0.00'[39m ]
data rcv RT:[ [32m'0.00'[39m, [32m'4.27'[39m, [32m'3.40'[39m, [32m'0.00'[39m ]
data rcv RT:[ [32m'0.00'[39m, [32m'4.32'[39m, [32m'3.37'[39m, [32m'0.01'[39m ]
data rcv RT:[ [32m'0.00'[39m, [32m'4.31'[39m, [32m'3.37'[39m, [32m'0.01'[39m ]
data rcv RT:[ [32m'0.00'[39m, [32m'4.33'[39m, [32m'3.34'[39m, [32m'0.06'[39m ]
data rcv RT:[ [32m'0.00'[39m, [32m'4.34'[39m, [32m'3.35'[39m, [32m'0.06'[39m ]
data rcv RT:[ [32m'0.00'[39m, [32m'4.37'[39m, [32m'3.41'[39m, [32m'0.02'[39m ]
data rcv RT:[ [32m'0.00'[39m, [32m'4.40'[39m, [32m'3.40'[39m, [32m'0.04'[39m ]
data rcv RT:[ [32m'0.00'[39m, [32m'4.36'[39m, [32m'3.45'[39m, [32m'0.00'[39m ]
data rcv RT:[ [32m'0.00'[39m, [32m'4.30'[39m, [32m'3.42'[39m, [32m'0.00'[39m ]
data rcv RT:[ [32m'0.00'[39m, [32m'4.32'[39m, [32m'3.43'[39m, [32m'0.00'[39m ]
data rcv RT:[ [32m'0.00'[39m, [32m'4.28'[39m, [32m'3.43'[39m, [32m'0.00'[39m ]
data rcv RT:[ [32m'0.00'[39m, [32m'4.27'[39m, [32m'3.38'[39m, [32m'0.00'[39m ]
data rcv RT:[ [32m'0.00'[39m, [32m'4.27'[39m, [32m'3.41'[39m, [32m'0.00'[39m ]
data rcv RT:[ [32m'0.00'[39m, [32m'4.27'[39m, [32m'3.38'[39m, [32m'0.00'[39m ]
data rcv RT:[ [32m'0.00'[39m, [32m'4.29'[39m, [32m'3.39'[39m, [32m'0.00'[39m ]
data rcv RT:[ [32m'0.00'[39m, [32m'4.31'[39m, [32m'3.39'[39m, [32m'0.02'[39m ]
data rcv RT:[ [32m'0.00'[39m, [32m'4.33'[39m, [32m'3.38'[39m, [32m'0.02'[39m ]
data rcv RT:[ [32m'0.00'[39m, [32m'4.35'[39m, [32m'3.39'[39m, [32m'0.01'[39m ]
data rcv RT:[ [32m'0.00'[39m, [32m'4.33'[39m, [32m'3.44'[39m, [32m'0.00'[39m ]
data rcv RT:[ [32m'0.00'[39m, [32m'4.35'[39m, [32m'3.42'[39m, [32m'0.00'[39m ]
data rcv RT:[ [32m'0.00'[39m, [32m'4.33'[39m, [32m'3.42'[39m, [32m'0.00'[39m ]
data rcv RT:[ [32m'0.00'[39m, [32m'4.31'[39m, [32m'3.41'[39m, [32m'0.00'[39m ]
data rcv RT:[ [32m'0.00'[39m, [32m'4.29'[39m, [32m'3.46'[39m, [32m'0.00'[39m ]
data rcv RT:[ [32m'0.00'[39m, [32m'4.29'[39m, [32m'3.43'[39m, [32m'0.00'[39m ]
data rcv RT:[ [32m'0.00'[39m, [32m'4.29'[39m, [32m'3.40'[39m, [32m'0.00'[39m ]
data rcv RT:[ [32m'0.00'[39m, [32m'4.29'[39m, [32m'3.37'[39m, [32m'0.00'[39m ]
data rcv RT:[ [32m'0.00'[39m, [32m'4.31'[39m, [32m'3.38'[39m, [32m'0.00'[39m ]
data rcv RT:[ [32m'0.00'[39m, [32m'4.37'[39m, [32m'3.40'[39m, [32m'0.02'[39m ]
data rcv RT:[ [32m'0.00'[39m, [32m'4.37'[39m, [32m'3.38'[39m, [32m'0.03'[39m ]
data rcv RT:[ [32m'0.00'[39m, [32m'4.37'[39m, [32m'3.38'[39m, [32m'0.01'[39m ]
data rcv RT:[ [32m'0.00'[39m, [32m'4.36'[39m, [32m'3.39'[39m, [32m'0.00'[39m ]
data rcv RT:[ [32m'0.00'[39m, [32m'4.34'[39m, [32m'3.43'[39m, [32m'0.00'[39m ]
data rcv RT:[ [32m'0.00'[39m, [32m'4.32'[39m, [32m'3.42'[39m, [32m'0.00'[39m ]
data rcv RT:[ [32m'0.00'[39m, [32m'4.33'[39m, [32m'3.47'[39m, [32m'0.00'[39m ]
data rcv RT:[ [32m'0.00'[39m, [32m'4.29'[39m, [32m'3.39'[39m, [32m'0.00'[39m ]
data rcv RT:[ [32m'0.00'[39m, [32m'4.29'[39m, [32m'3.45'[39m, [32m'0.00'[39m ]
data rcv RT:[ [32m'0.00'[39m, [32m'4.26'[39m, [32m'3.38'[39m, [32m'0.00'[39m ]
data rcv RT:[ [32m'0.00'[39m, [32m'4.29'[39m, [32m'3.37'[39m, [32m'0.00'[39m ]
data rcv RT:[ [32m'0.00'[39m, [32m'4.31'[39m, [32m'3.39'[39m, [32m'0.00'[39m ]
data rcv RT:[ [32m'0.00'[39m, [32m'4.35'[39m, [32m'3.38'[39m, [32m'0.01'[39m ]
data rcv RT:[ [32m'0.00'[39m, [32m'4.34'[39m, [32m'3.38'[39m, [32m'0.04'[39m ]
data rcv RT:[ [32m'0.00'[39m, [32m'4.30'[39m, [32m'3.40'[39m, [32m'0.02'[39m ]
data rcv RT:[ [32m'0.00'[39m, [32m'4.33'[39m, [32m'3.37'[39m, [32m'0.02'[39m ]
data rcv RT:[ [32m'0.00'[39m, [32m'4.33'[39m, [32m'3.39'[39m, [32m'0.02'[39m ]
data rcv RT:[ [32m'0.00'[39m, [32m'4.38'[39m, [32m'3.42'[39m, [32m'0.01'[39m ]
data rcv RT:[ [32m'0.00'[39m, [32m'4.36'[39m, [32m'3.40'[39m, [32m'0.01'[39m ]
data rcv RT:[ [32m'0.00'[39m, [32m'4.33'[39m, [32m'3.41'[39m, [32m'0.00'[39m ]
data rcv RT:[ [32m'0.00'[39m, [32m'4.31'[39m, [32m'3.43'[39m, [32m'0.00'[39m ]
data rcv RT:[ [32m'0.00'[39m, [32m'4.30'[39m, [32m'3.44'[39m, [32m'0.00'[39m ]
data rcv RT:[ [32m'0.00'[39m, [32m'4.28'[39m, [32m'3.41'[39m, [32m'0.00'[39m ]
data rcv RT:[ [32m'0.00'[39m, [32m'4.24'[39m, [32m'3.38'[39m, [32m'0.00'[39m ]
data rcv RT:[ [32m'0.00'[39m, [32m'4.29'[39m, [32m'3.38'[39m, [32m'0.00'[39m ]
data rcv RT:[ [32m'0.00'[39m, [32m'4.32'[39m, [32m'3.37'[39m, [32m'0.02'[39m ]
data rcv RT:[ [32m'0.00'[39m, [32m'4.32'[39m, [32m'3.39'[39m, [32m'0.02'[39m ]
data rcv RT:[ [32m'0.00'[39m, [32m'4.36'[39m, [32m'3.37'[39m, [32m'0.06'[39m ]
data rcv RT:[ [32m'0.00'[39m, [32m'4.37'[39m, [32m'3.40'[39m, [32m'0.00'[39m ]
data rcv RT:[ [32m'0.00'[39m, [32m'4.37'[39m, [32m'3.44'[39m, [32m'0.00'[39m ]
data rcv RT:[ [32m'0.00'[39m, [32m'4.35'[39m, [32m'3.44'[39m, [32m'0.00'[39m ]
data rcv RT:[ [32m'0.00'[39m, [32m'4.31'[39m, [32m'3.44'[39m, [32m'0.00'[39m ]
data rcv RT:[ [32m'0.00'[39m, [32m'4.29'[39m, [32m'3.44'[39m, [32m'0.00'[39m ]
data rcv RT:[ [32m'0.00'[39m, [32m'4.29'[39m, [32m'3.42'[39m, [32m'0.00'[39m ]
data rcv RT:[ [32m'0.00'[39m, [32m'4.27'[39m, [32m'3.44'[39m, [32m'0.00'[39m ]
data rcv RT:[ [32m'0.00'[39m, [32m'4.27'[39m, [32m'3.37'[39m, [32m'0.00'[39m ]
data rcv RT:[ [32m'0.00'[39m, [32m'4.31'[39m, [32m'3.40'[39m, [32m'0.00'[39m ]
data rcv RT:[ [32m'0.00'[39m, [32m'4.31'[39m, [32m'3.39'[39m, [32m'0.00'[39m ]
data rcv RT:[ [32m'0.00'[39m, [32m'4.32'[39m, [32m'3.38'[39m, [32m'0.00'[39m ]
data rcv RT:[ [32m'0.00'[39m, [32m'4.35'[39m, [32m'3.36'[39m, [32m'0.04'[39m ]
data rcv RT:[ [32m'0.00'[39m, [32m'4.39'[39m, [32m'3.41'[39m, [32m'0.01'[39m ]
data rcv RT:[ [32m'0.00'[39m, [32m'4.35'[39m, [32m'3.44'[39m, [32m'0.00'[39m ]
data rcv RT:[ [32m'0.00'[39m, [32m'4.37'[39m, [32m'3.44'[39m, [32m'0.00'[39m ]
data rcv RT:[ [32m'0.00'[39m, [32m'4.36'[39m, [32m'3.44'[39m, [32m'0.00'[39m ]
data rcv RT:[ [32m'0.00'[39m, [32m'4.34'[39m, [32m'3.42'[39m, [32m'0.00'[39m ]
data rcv RT:[ [32m'0.00'[39m, [32m'4.32'[39m, [32m'3.43'[39m, [32m'0.00'[39m ]
data rcv RT:[ [32m'0.00'[39m, [32m'4.29'[39m, [32m'3.42'[39m, [32m'0.00'[39m ]
data rcv RT:[ [32m'0.00'[39m, [32m'4.30'[39m, [32m'3.43'[39m, [32m'0.00'[39m ]
data rcv RT:[ [32m'0.00'[39m, [32m'4.32'[39m, [32m'3.42'[39m, [32m'0.00'[39m ]
data rcv RT:[ [32m'0.00'[39m, [32m'4.31'[39m, [32m'3.45'[39m, [32m'0.00'[39m ]
data rcv RT:[ [32m'0.00'[39m, [32m'4.27'[39m, [32m'3.44'[39m, [32m'0.00'[39m ]
data rcv RT:[ [32m'0.00'[39m, [32m'4.25'[39m, [32m'3.40'[39m, [32m'0.00'[39m ]
data rcv RT:[ [32m'0.00'[39m, [32m'4.27'[39m, [32m'3.39'[39m, [32m'0.00'[39m ]
data rcv RT:[ [32m'0.00'[39m, [32m'4.26'[39m, [32m'3.40'[39m, [32m'0.00'[39m ]
data rcv RT:[ [32m'0.00'[39m, [32m'4.28'[39m, [32m'3.38'[39m, [32m'0.00'[39m ]
data rcv RT:[ [32m'0.00'[39m, [32m'4.28'[39m, [32m'3.40'[39m, [32m'0.00'[39m ]
data rcv RT:[ [32m'0.00'[39m, [32m'4.31'[39m, [32m'3.37'[39m, [32m'0.01'[39m ]
data rcv RT:[ [32m'0.00'[39m, [32m'4.32'[39m, [32m'3.38'[39m, [32m'0.02'[39m ]
data rcv RT:[ [32m'0.00'[39m, [32m'4.32'[39m, [32m'3.39'[39m, [32m'0.03'[39m ]
data rcv RT:[ [32m'0.00'[39m, [32m'4.35'[39m, [32m'3.37'[39m, [32m'0.04'[39m ]
data rcv RT:[ [32m'0.00'[39m, [32m'4.36'[39m, [32m'3.38'[39m, [32m'0.02'[39m ]
data rcv RT:[ [32m'0.00'[39m, [32m'4.34'[39m, [32m'3.41'[39m, [32m'0.00'[39m ]
data rcv RT:[ [32m'0.00'[39m, [32m'4.33'[39m, [32m'3.42'[39m, [32m'0.00'[39m ]
data rcv RT:[ [32m'0.00'[39m, [32m'4.32'[39m, [32m'3.43'[39m, [32m'0.00'[39m ]
data rcv RT:[ [32m'0.00'[39m, [32m'4.32'[39m, [32m'3.43'[39m, [32m'0.00'[39m ]
data rcv RT:[ [32m'0.00'[39m, [32m'4.31'[39m, [32m'3.44'[39m, [32m'0.00'[39m ]
data rcv RT:[ [32m'0.00'[39m, [32m'4.29'[39m, [32m'3.41'[39m, [32m'0.00'[39m ]
data rcv RT:[ [32m'0.00'[39m, [32m'4.27'[39m, [32m'3.40'[39m, [32m'0.00'[39m ]
data rcv RT:[ [32m'0.00'[39m, [32m'4.25'[39m, [32m'3.40'[39m, [32m'0.00'[39m ]
data rcv RT:[ [32m'0.00'[39m, [32m'4.28'[39m, [32m'3.39'[39m, [32m'0.00'[39m ]
data rcv RT:[ [32m'0.00'[39m, [32m'4.29'[39m, [32m'3.38'[39m, [32m'0.00'[39m ]
data rcv RT:[ [32m'0.00'[39m, [32m'4.30'[39m, [32m'3.38'[39m, [32m'0.01'[39m ]
data rcv RT:[ [32m'0.00'[39m, [32m'4.28'[39m, [32m'3.37'[39m, [32m'0.00'[39m ]
data rcv RT:[ [32m'0.00'[39m, [32m'4.34'[39m, [32m'3.39'[39m, [32m'0.02'[39m ]
data rcv RT:[ [32m'0.00'[39m, [32m'4.34'[39m, [32m'3.39'[39m, [32m'0.02'[39m ]
data rcv RT:[ [32m'0.00'[39m, [32m'4.38'[39m, [32m'3.38'[39m, [32m'0.03'[39m ]
data rcv RT:[ [32m'0.00'[39m, [32m'4.37'[39m, [32m'3.39'[39m, [32m'0.03'[39m ]
data rcv RT:[ [32m'0.00'[39m, [32m'4.38'[39m, [32m'3.41'[39m, [32m'0.00'[39m ]
data rcv RT:[ [32m'0.00'[39m, [32m'4.32'[39m, [32m'3.44'[39m, [32m'0.00'[39m ]
data rcv RT:[ [32m'0.00'[39m, [32m'4.32'[39m, [32m'3.41'[39m, [32m'0.00'[39m ]
data rcv RT:[ [32m'0.00'[39m, [32m'4.31'[39m, [32m'3.42'[39m, [32m'0.00'[39m ]
data rcv RT:[ [32m'0.00'[39m, [32m'4.28'[39m, [32m'3.43'[39m, [32m'0.00'[39m ]
data rcv RT:[ [32m'0.00'[39m, [32m'4.29'[39m, [32m'3.43'[39m, [32m'0.00'[39m ]
data rcv RT:[ [32m'0.00'[39m, [32m'4.29'[39m, [32m'3.43'[39m, [32m'0.00'[39m ]
data rcv RT:[ [32m'0.00'[39m, [32m'4.28'[39m, [32m'3.38'[39m, [32m'0.00'[39m ]
data rcv RT:[ [32m'0.00'[39m, [32m'4.29'[39m, [32m'3.39'[39m, [32m'0.01'[39m ]
data rcv RT:[ [32m'0.00'[39m, [32m'4.29'[39m, [32m'3.37'[39m, [32m'0.00'[39m ]
data rcv RT:[ [32m'0.00'[39m, [32m'4.32'[39m, [32m'3.37'[39m, [32m'0.02'[39m ]
data rcv RT:[ [32m'0.00'[39m, [32m'4.34'[39m, [32m'3.40'[39m, [32m'0.01'[39m ]
data rcv RT:[ [32m'0.00'[39m, [32m'4.37'[39m, [32m'3.36'[39m, [32m'0.06'[39m ]
data rcv RT:[ [32m'0.00'[39m, [32m'4.35'[39m, [32m'3.42'[39m, [32m'0.00'[39m ]
data rcv RT:[ [32m'0.00'[39m, [32m'4.35'[39m, [32m'3.39'[39m, [32m'0.01'[39m ]
data rcv RT:[ [32m'0.00'[39m, [32m'4.35'[39m, [32m'3.44'[39m, [32m'0.00'[39m ]
data rcv RT:[ [32m'0.00'[39m, [32m'4.33'[39m, [32m'3.42'[39m, [32m'0.00'[39m ]
data rcv RT:[ [32m'0.00'[39m, [32m'4.33'[39m, [32m'3.44'[39m, [32m'0.00'[39m ]
data rcv RT:[ [32m'0.00'[39m, [32m'4.32'[39m, [32m'3.43'[39m, [32m'0.00'[39m ]
data rcv RT:[ [32m'0.00'[39m, [32m'4.28'[39m, [32m'3.43'[39m, [32m'0.00'[39m ]
data rcv RT:[ [32m'0.00'[39m, [32m'4.31'[39m, [32m'3.41'[39m, [32m'0.00'[39m ]
data rcv RT:[ [32m'0.00'[39m, [32m'4.30'[39m, [32m'3.46'[39m, [32m'0.00'[39m ]
data rcv RT:[ [32m'0.00'[39m, [32m'4.25'[39m, [32m'3.40'[39m, [32m'0.00'[39m ]
data rcv RT:[ [32m'0.00'[39m, [32m'4.28'[39m, [32m'3.40'[39m, [32m'0.00'[39m ]
data rcv RT:[ [32m'0.00'[39m, [32m'4.27'[39m, [32m'3.39'[39m, [32m'0.00'[39m ]
data rcv RT:[ [32m'0.00'[39m, [32m'4.30'[39m, [32m'3.37'[39m, [32m'0.00'[39m ]
data rcv RT:[ [32m'0.00'[39m, [32m'4.30'[39m, [32m'3.39'[39m, [32m'0.01'[39m ]
data rcv RT:[ [32m'0.00'[39m, [32m'4.36'[39m, [32m'3.38'[39m, [32m'0.02'[39m ]
data rcv RT:[ [32m'0.00'[39m, [32m'4.38'[39m, [32m'3.39'[39m, [32m'0.02'[39m ]
data rcv RT:[ [32m'0.00'[39m, [32m'4.35'[39m, [32m'3.37'[39m, [32m'0.04'[39m ]
data rcv RT:[ [32m'0.00'[39m, [32m'4.37'[39m, [32m'3.41'[39m, [32m'0.00'[39m ]
data rcv RT:[ [32m'0.00'[39m, [32m'4.36'[39m, [32m'3.42'[39m, [32m'0.00'[39m ]
data rcv RT:[ [32m'0.00'[39m, [32m'4.31'[39m, [32m'3.43'[39m, [32m'0.00'[39m ]
data rcv RT:[ [32m'0.00'[39m, [32m'4.30'[39m, [32m'3.44'[39m, [32m'0.00'[39m ]
data rcv RT:[ [32m'0.00'[39m, [32m'4.32'[39m, [32m'3.42'[39m, [32m'0.00'[39m ]
data rcv RT:[ [32m'0.00'[39m, [32m'4.27'[39m, [32m'3.39'[39m, [32m'0.00'[39m ]
data rcv RT:[ [32m'0.00'[39m, [32m'4.29'[39m, [32m'3.41'[39m, [32m'0.00'[39m ]
data rcv RT:[ [32m'0.00'[39m, [32m'4.25'[39m, [32m'3.39'[39m, [32m'0.00'[39m ]
data rcv RT:[ [32m'0.00'[39m, [32m'4.25'[39m, [32m'3.37'[39m, [32m'0.00'[39m ]
data rcv RT:[ [32m'0.00'[39m, [32m'4.26'[39m, [32m'3.36'[39m, [32m'0.00'[39m ]
data rcv RT:[ [32m'0.00'[39m, [32m'4.32'[39m, [32m'3.39'[39m, [32m'0.01'[39m ]
data rcv RT:[ [32m'0.00'[39m, [32m'4.32'[39m, [32m'3.38'[39m, [32m'0.00'[39m ]
data rcv RT:[ [32m'0.00'[39m, [32m'4.35'[39m, [32m'3.38'[39m, [32m'0.02'[39m ]
data rcv RT:[ [32m'0.00'[39m, [32m'4.34'[39m, [32m'3.36'[39m, [32m'0.05'[39m ]
data rcv RT:[ [32m'0.00'[39m, [32m'4.38'[39m, [32m'3.39'[39m, [32m'0.02'[39m ]
data rcv RT:[ [32m'0.00'[39m, [32m'4.36'[39m, [32m'3.43'[39m, [32m'0.00'[39m ]
data rcv RT:[ [32m'0.00'[39m, [32m'4.35'[39m, [32m'3.42'[39m, [32m'0.00'[39m ]
data rcv RT:[ [32m'0.00'[39m, [32m'4.32'[39m, [32m'3.43'[39m, [32m'0.00'[39m ]
data rcv RT:[ [32m'0.00'[39m, [32m'4.32'[39m, [32m'3.44'[39m, [32m'0.00'[39m ]
data rcv RT:[ [32m'0.00'[39m, [32m'4.31'[39m, [32m'3.42'[39m, [32m'0.00'[39m ]
data rcv RT:[ [32m'0.00'[39m, [32m'4.31'[39m, [32m'3.41'[39m, [32m'0.00'[39m ]
data rcv RT:[ [32m'0.00'[39m, [32m'4.29'[39m, [32m'3.44'[39m, [32m'0.00'[39m ]
data rcv RT:[ [32m'0.00'[39m, [32m'4.31'[39m, [32m'3.44'[39m, [32m'0.00'[39m ]
data rcv RT:[ [32m'0.00'[39m, [32m'4.28'[39m, [32m'3.47'[39m, [32m'0.00'[39m ]
data rcv RT:[ [32m'0.00'[39m, [32m'4.27'[39m, [32m'3.40'[39m, [32m'0.00'[39m ]
data rcv RT:[ [32m'0.00'[39m, [32m'4.28'[39m, [32m'3.34'[39m, [32m'0.00'[39m ]
data rcv RT:[ [32m'0.00'[39m, [32m'4.29'[39m, [32m'3.39'[39m, [32m'0.00'[39m ]
data rcv RT:[ [32m'0.00'[39m, [32m'4.34'[39m, [32m'3.39'[39m, [32m'0.01'[39m ]
data rcv RT:[ [32m'0.00'[39m, [32m'4.36'[39m, [32m'3.35'[39m, [32m'0.08'[39m ]
data rcv RT:[ [32m'0.00'[39m, [32m'4.38'[39m, [32m'3.38'[39m, [32m'0.00'[39m ]
data rcv RT:[ [32m'0.00'[39m, [32m'4.33'[39m, [32m'3.44'[39m, [32m'0.00'[39m ]
data rcv RT:[ [32m'0.00'[39m, [32m'4.33'[39m, [32m'3.45'[39m, [32m'0.00'[39m ]
data rcv RT:[ [32m'0.00'[39m, [32m'4.30'[39m, [32m'3.42'[39m, [32m'0.00'[39m ]
data rcv RT:[ [32m'0.00'[39m, [32m'4.29'[39m, [32m'3.46'[39m, [32m'0.00'[39m ]
data rcv RT:[ [32m'0.00'[39m, [32m'4.27'[39m, [32m'3.40'[39m, [32m'0.00'[39m ]
data rcv RT:[ [32m'0.00'[39m, [32m'4.27'[39m, [32m'3.40'[39m, [32m'0.00'[39m ]
data rcv RT:[ [32m'0.00'[39m, [32m'4.27'[39m, [32m'3.38'[39m, [32m'0.00'[39m ]
data rcv RT:[ [32m'0.00'[39m, [32m'4.29'[39m, [32m'3.38'[39m, [32m'0.00'[39m ]
data rcv RT:[ [32m'0.00'[39m, [32m'4.29'[39m, [32m'3.39'[39m, [32m'0.00'[39m ]
data rcv RT:[ [32m'0.00'[39m, [32m'4.32'[39m, [32m'3.39'[39m, [32m'0.01'[39m ]
data rcv RT:[ [32m'0.00'[39m, [32m'4.34'[39m, [32m'3.34'[39m, [32m'0.00'[39m ]
data rcv RT:[ [32m'0.00'[39m, [32m'4.35'[39m, [32m'3.39'[39m, [32m'0.01'[39m ]
data rcv RT:[ [32m'0.00'[39m, [32m'4.38'[39m, [32m'3.39'[39m, [32m'0.03'[39m ]
data rcv RT:[ [32m'0.00'[39m, [32m'4.38'[39m, [32m'3.41'[39m, [32m'0.00'[39m ]
data rcv RT:[ [32m'0.00'[39m, [32m'4.36'[39m, [32m'3.40'[39m, [32m'0.05'[39m ]
data rcv RT:[ [32m'0.00'[39m, [32m'4.35'[39m, [32m'3.39'[39m, [32m'0.01'[39m ]
data rcv RT:[ [32m'0.00'[39m, [32m'4.34'[39m, [32m'3.43'[39m, [32m'0.00'[39m ]
data rcv RT:[ [32m'0.00'[39m, [32m'4.32'[39m, [32m'3.43'[39m, [32m'0.00'[39m ]
data rcv RT:[ [32m'0.00'[39m, [32m'4.31'[39m, [32m'3.43'[39m, [32m'0.00'[39m ]
data rcv RT:[ [32m'0.00'[39m, [32m'4.31'[39m, [32m'3.43'[39m, [32m'0.00'[39m ]
data rcv RT:[ [32m'0.00'[39m, [32m'4.29'[39m, [32m'3.45'[39m, [32m'0.00'[39m ]
data rcv RT:[ [32m'0.00'[39m, [32m'4.29'[39m, [32m'3.46'[39m, [32m'0.00'[39m ]
data rcv RT:[ [32m'0.00'[39m, [32m'4.28'[39m, [32m'3.39'[39m, [32m'0.00'[39m ]
data rcv RT:[ [32m'0.00'[39m, [32m'4.28'[39m, [32m'3.38'[39m, [32m'0.00'[39m ]
data rcv RT:[ [32m'0.00'[39m, [32m'4.30'[39m, [32m'3.39'[39m, [32m'0.00'[39m ]
data rcv RT:[ [32m'0.00'[39m, [32m'4.33'[39m, [32m'3.40'[39m, [32m'0.01'[39m ]
data rcv RT:[ [32m'0.00'[39m, [32m'4.33'[39m, [32m'3.38'[39m, [32m'0.02'[39m ]
data rcv RT:[ [32m'0.00'[39m, [32m'4.33'[39m, [32m'3.37'[39m, [32m'0.04'[39m ]
data rcv RT:[ [32m'0.00'[39m, [32m'4.36'[39m, [32m'3.40'[39m, [32m'0.00'[39m ]
data rcv RT:[ [32m'0.00'[39m, [32m'4.36'[39m, [32m'3.42'[39m, [32m'0.00'[39m ]
data rcv RT:[ [32m'0.00'[39m, [32m'4.33'[39m, [32m'3.44'[39m, [32m'0.00'[39m ]
data rcv RT:[ [32m'0.00'[39m, [32m'4.34'[39m, [32m'3.43'[39m, [32m'0.00'[39m ]
data rcv RT:[ [32m'0.00'[39m, [32m'4.29'[39m, [32m'3.43'[39m, [32m'0.00'[39m ]
data rcv RT:[ [32m'0.00'[39m, [32m'4.31'[39m, [32m'3.44'[39m, [32m'0.00'[39m ]
data rcv RT:[ [32m'0.00'[39m, [32m'4.29'[39m, [32m'3.44'[39m, [32m'0.00'[39m ]
data rcv RT:[ [32m'0.00'[39m, [32m'4.29'[39m, [32m'3.43'[39m, [32m'0.00'[39m ]
data rcv RT:[ [32m'0.00'[39m, [32m'4.28'[39m, [32m'3.37'[39m, [32m'0.00'[39m ]
data rcv RT:[ [32m'0.00'[39m, [32m'4.26'[39m, [32m'3.36'[39m, [32m'0.00'[39m ]
data rcv RT:[ [32m'0.00'[39m, [32m'4.31'[39m, [32m'3.38'[39m, [32m'0.01'[39m ]
data rcv RT:[ [32m'0.00'[39m, [32m'4.34'[39m, [32m'3.40'[39m, [32m'0.00'[39m ]
data rcv RT:[ [32m'0.00'[39m, [32m'4.33'[39m, [32m'3.36'[39m, [32m'0.07'[39m ]
data rcv RT:[ [32m'0.00'[39m, [32m'4.35'[39m, [32m'3.37'[39m, [32m'0.07'[39m ]
data rcv RT:[ [32m'0.00'[39m, [32m'4.37'[39m, [32m'3.40'[39m, [32m'0.00'[39m ]
data rcv RT:[ [32m'0.00'[39m, [32m'4.34'[39m, [32m'3.41'[39m, [32m'0.00'[39m ]
data rcv RT:[ [32m'0.00'[39m, [32m'4.36'[39m, [32m'3.39'[39m, [32m'0.00'[39m ]
data rcv RT:[ [32m'0.00'[39m, [32m'4.31'[39m, [32m'3.43'[39m, [32m'0.00'[39m ]
data rcv RT:[ [32m'0.00'[39m, [32m'4.31'[39m, [32m'3.42'[39m, [32m'0.00'[39m ]
data rcv RT:[ [32m'0.00'[39m, [32m'4.30'[39m, [32m'3.46'[39m, [32m'0.00'[39m ]
data rcv RT:[ [32m'0.00'[39m, [32m'4.30'[39m, [32m'3.44'[39m, [32m'0.00'[39m ]
data rcv RT:[ [32m'0.00'[39m, [32m'4.27'[39m, [32m'3.43'[39m, [32m'0.00'[39m ]
data rcv RT:[ [32m'0.00'[39m, [32m'4.27'[39m, [32m'3.38'[39m, [32m'0.00'[39m ]
data rcv RT:[ [32m'0.00'[39m, [32m'4.26'[39m, [32m'3.37'[39m, [32m'0.00'[39m ]
data rcv RT:[ [32m'0.00'[39m, [32m'4.28'[39m, [32m'3.41'[39m, [32m'0.00'[39m ]
data rcv RT:[ [32m'0.00'[39m, [32m'4.30'[39m, [32m'3.37'[39m, [32m'0.00'[39m ]
data rcv RT:[ [32m'0.00'[39m, [32m'4.33'[39m, [32m'3.38'[39m, [32m'0.01'[39m ]
data rcv RT:[ [32m'0.00'[39m, [32m'4.33'[39m, [32m'3.37'[39m, [32m'0.05'[39m ]
data rcv RT:[ [32m'0.00'[39m, [32m'4.37'[39m, [32m'3.39'[39m, [32m'0.01'[39m ]
data rcv RT:[ [32m'0.00'[39m, [32m'4.36'[39m, [32m'3.41'[39m, [32m'0.00'[39m ]
data rcv RT:[ [32m'0.00'[39m, [32m'4.35'[39m, [32m'3.42'[39m, [32m'0.00'[39m ]
data rcv RT:[ [32m'0.00'[39m, [32m'4.33'[39m, [32m'3.43'[39m, [32m'0.00'[39m ]
data rcv RT:[ [32m'0.00'[39m, [32m'4.31'[39m, [32m'3.44'[39m, [32m'0.00'[39m ]
data rcv RT:[ [32m'0.00'[39m, [32m'4.31'[39m, [32m'3.42'[39m, [32m'0.00'[39m ]
data rcv RT:[ [32m'0.00'[39m, [32m'4.31'[39m, [32m'3.44'[39m, [32m'0.00'[39m ]
data rcv RT:[ [32m'0.00'[39m, [32m'4.29'[39m, [32m'3.38'[39m, [32m'0.00'[39m ]
data rcv RT:[ [32m'0.00'[39m, [32m'4.29'[39m, [32m'3.39'[39m, [32m'0.00'[39m ]
data rcv RT:[ [32m'0.00'[39m, [32m'4.31'[39m, [32m'3.40'[39m, [32m'0.00'[39m ]
data rcv RT:[ [32m'0.00'[39m, [32m'4.29'[39m, [32m'3.39'[39m, [32m'0.00'[39m ]
data rcv RT:[ [32m'0.00'[39m, [32m'4.31'[39m, [32m'3.38'[39m, [32m'0.01'[39m ]
data rcv RT:[ [32m'0.00'[39m, [32m'4.35'[39m, [32m'3.37'[39m, [32m'0.04'[39m ]
data rcv RT:[ [32m'0.00'[39m, [32m'4.39'[39m, [32m'3.36'[39m, [32m'0.06'[39m ]
data rcv RT:[ [32m'0.00'[39m, [32m'4.37'[39m, [32m'3.37'[39m, [32m'0.06'[39m ]
data rcv RT:[ [32m'0.00'[39m, [32m'4.39'[39m, [32m'3.40'[39m, [32m'0.00'[39m ]
data rcv RT:[ [32m'0.00'[39m, [32m'4.35'[39m, [32m'3.42'[39m, [32m'0.00'[39m ]
data rcv RT:[ [32m'0.00'[39m, [32m'4.31'[39m, [32m'3.44'[39m, [32m'0.00'[39m ]
data rcv RT:[ [32m'0.00'[39m, [32m'4.33'[39m, [32m'3.42'[39m, [32m'0.00'[39m ]
data rcv RT:[ [32m'0.00'[39m, [32m'4.30'[39m, [32m'3.43'[39m, [32m'0.00'[39m ]
data rcv RT:[ [32m'0.00'[39m, [32m'4.29'[39m, [32m'3.41'[39m, [32m'0.00'[39m ]
data rcv RT:[ [32m'0.00'[39m, [32m'4.27'[39m, [32m'3.43'[39m, [32m'0.00'[39m ]
data rcv RT:[ [32m'0.00'[39m, [32m'4.28'[39m, [32m'3.43'[39m, [32m'0.00'[39m ]
data rcv RT:[ [32m'0.00'[39m, [32m'4.30'[39m, [32m'3.40'[39m, [32m'0.00'[39m ]
data rcv RT:[ [32m'0.00'[39m, [32m'4.33'[39m, [32m'3.38'[39m, [32m'0.02'[39m ]
data rcv RT:[ [32m'0.00'[39m, [32m'4.33'[39m, [32m'3.37'[39m, [32m'0.02'[39m ]
data rcv RT:[ [32m'0.00'[39m, [32m'4.36'[39m, [32m'3.41'[39m, [32m'0.00'[39m ]
data rcv RT:[ [32m'0.00'[39m, [32m'4.36'[39m, [32m'3.43'[39m, [32m'0.00'[39m ]
data rcv RT:[ [32m'0.00'[39m, [32m'4.35'[39m, [32m'3.42'[39m, [32m'0.00'[39m ]
data rcv RT:[ [32m'0.00'[39m, [32m'4.35'[39m, [32m'3.43'[39m, [32m'0.00'[39m ]
data rcv RT:[ [32m'0.00'[39m, [32m'4.30'[39m, [32m'3.43'[39m, [32m'0.00'[39m ]
data rcv RT:[ [32m'0.00'[39m, [32m'4.28'[39m, [32m'3.45'[39m, [32m'0.00'[39m ]
data rcv RT:[ [32m'0.00'[39m, [32m'4.24'[39m, [32m'3.42'[39m, [32m'0.00'[39m ]
data rcv RT:[ [32m'0.00'[39m, [32m'4.26'[39m, [32m'3.40'[39m, [32m'0.00'[39m ]
data rcv RT:[ [32m'0.00'[39m, [32m'4.30'[39m, [32m'3.39'[39m, [32m'0.00'[39m ]
data rcv RT:[ [32m'0.00'[39m, [32m'4.31'[39m, [32m'3.40'[39m, [32m'0.00'[39m ]
data rcv RT:[ [32m'0.00'[39m, [32m'4.32'[39m, [32m'3.37'[39m, [32m'0.03'[39m ]
data rcv RT:[ [32m'0.00'[39m, [32m'4.35'[39m, [32m'3.40'[39m, [32m'0.02'[39m ]
data rcv RT:[ [32m'0.00'[39m, [32m'4.36'[39m, [32m'3.43'[39m, [32m'0.00'[39m ]
data rcv RT:[ [32m'0.00'[39m, [32m'4.35'[39m, [32m'3.44'[39m, [32m'0.00'[39m ]
data rcv RT:[ [32m'0.00'[39m, [32m'4.34'[39m, [32m'3.42'[39m, [32m'0.00'[39m ]
data rcv RT:[ [32m'0.00'[39m, [32m'4.31'[39m, [32m'3.41'[39m, [32m'0.00'[39m ]
data rcv RT:[ [32m'0.00'[39m, [32m'4.30'[39m, [32m'3.43'[39m, [32m'0.00'[39m ]
data rcv RT:[ [32m'0.00'[39m, [32m'4.30'[39m, [32m'3.43'[39m, [32m'0.00'[39m ]
data rcv RT:[ [32m'0.00'[39m, [32m'4.25'[39m, [32m'3.41'[39m, [32m'0.00'[39m ]
data rcv RT:[ [32m'0.00'[39m, [32m'4.26'[39m, [32m'3.41'[39m, [32m'0.00'[39m ]
data rcv RT:[ [32m'0.00'[39m, [32m'4.27'[39m, [32m'3.40'[39m, [32m'0.00'[39m ]
data rcv RT:[ [32m'0.00'[39m, [32m'4.27'[39m, [32m'3.38'[39m, [32m'0.00'[39m ]
data rcv RT:[ [32m'0.00'[39m, [32m'4.31'[39m, [32m'3.39'[39m, [32m'0.00'[39m ]
data rcv RT:[ [32m'0.00'[39m, [32m'4.38'[39m, [32m'3.38'[39m, [32m'0.03'[39m ]
data rcv RT:[ [32m'0.00'[39m, [32m'4.36'[39m, [32m'3.40'[39m, [32m'0.03'[39m ]
data rcv RT:[ [32m'0.00'[39m, [32m'4.37'[39m, [32m'3.41'[39m, [32m'0.00'[39m ]
data rcv RT:[ [32m'0.00'[39m, [32m'4.36'[39m, [32m'3.45'[39m, [32m'0.00'[39m ]
data rcv RT:[ [32m'0.00'[39m, [32m'4.32'[39m, [32m'3.44'[39m, [32m'0.00'[39m ]
data rcv RT:[ [32m'0.00'[39m, [32m'4.27'[39m, [32m'3.46'[39m, [32m'0.00'[39m ]
data rcv RT:[ [32m'0.00'[39m, [32m'4.25'[39m, [32m'3.41'[39m, [32m'0.00'[39m ]
data rcv RT:[ [32m'0.00'[39m, [32m'4.27'[39m, [32m'3.39'[39m, [32m'0.00'[39m ]
data rcv RT:[ [32m'0.00'[39m, [32m'4.29'[39m, [32m'3.37'[39m, [32m'0.00'[39m ]
data rcv RT:[ [32m'0.00'[39m, [32m'4.30'[39m, [32m'3.40'[39m, [32m'0.00'[39m ]
data rcv RT:[ [32m'0.00'[39m, [32m'4.31'[39m, [32m'3.38'[39m, [32m'0.00'[39m ]
data rcv RT:[ [32m'0.00'[39m, [32m'4.35'[39m, [32m'3.34'[39m, [32m'0.07'[39m ]
data rcv RT:[ [32m'0.00'[39m, [32m'4.37'[39m, [32m'3.41'[39m, [32m'0.01'[39m ]
data rcv RT:[ [32m'0.00'[39m, [32m'4.37'[39m, [32m'3.41'[39m, [32m'0.00'[39m ]
data rcv RT:[ [32m'0.00'[39m, [32m'4.36'[39m, [32m'3.41'[39m, [32m'0.00'[39m ]
data rcv RT:[ [32m'0.00'[39m, [32m'4.33'[39m, [32m'3.42'[39m, [32m'0.00'[39m ]
data rcv RT:[ [32m'0.00'[39m, [32m'4.31'[39m, [32m'3.42'[39m, [32m'0.00'[39m ]
data rcv RT:[ [32m'0.00'[39m, [32m'4.30'[39m, [32m'3.44'[39m, [32m'0.00'[39m ]
data rcv RT:[ [32m'0.00'[39m, [32m'4.24'[39m, [32m'3.42'[39m, [32m'0.00'[39m ]
data rcv RT:[ [32m'0.00'[39m, [32m'4.26'[39m, [32m'3.41'[39m, [32m'0.00'[39m ]
data rcv RT:[ [32m'0.00'[39m, [32m'4.28'[39m, [32m'3.36'[39m, [32m'0.00'[39m ]
data rcv RT:[ [32m'0.00'[39m, [32m'4.32'[39m, [32m'3.38'[39m, [32m'0.00'[39m ]
data rcv RT:[ [32m'0.00'[39m, [32m'4.31'[39m, [32m'3.38'[39m, [32m'0.01'[39m ]
data rcv RT:[ [32m'0.00'[39m, [32m'4.34'[39m, [32m'3.39'[39m, [32m'0.05'[39m ]
data rcv RT:[ [32m'0.00'[39m, [32m'4.34'[39m, [32m'3.35'[39m, [32m'0.07'[39m ]
data rcv RT:[ [32m'0.00'[39m, [32m'4.39'[39m, [32m'3.39'[39m, [32m'0.02'[39m ]
data rcv RT:[ [32m'0.00'[39m, [32m'4.35'[39m, [32m'3.43'[39m, [32m'0.00'[39m ]
data rcv RT:[ [32m'0.00'[39m, [32m'4.33'[39m, [32m'3.44'[39m, [32m'0.00'[39m ]
data rcv RT:[ [32m'0.00'[39m, [32m'4.30'[39m, [32m'3.43'[39m, [32m'0.00'[39m ]
data rcv RT:[ [32m'0.00'[39m, [32m'4.28'[39m, [32m'3.42'[39m, [32m'0.00'[39m ]
data rcv RT:[ [32m'0.00'[39m, [32m'4.29'[39m, [32m'3.42'[39m, [32m'0.00'[39m ]
data rcv RT:[ [32m'0.00'[39m, [32m'4.26'[39m, [32m'3.40'[39m, [32m'0.00'[39m ]
data rcv RT:[ [32m'0.00'[39m, [32m'4.29'[39m, [32m'3.40'[39m, [32m'0.00'[39m ]
data rcv RT:[ [32m'0.00'[39m, [32m'4.30'[39m, [32m'3.39'[39m, [32m'0.00'[39m ]
data rcv RT:[ [32m'0.00'[39m, [32m'4.33'[39m, [32m'3.38'[39m, [32m'0.01'[39m ]
data rcv RT:[ [32m'0.00'[39m, [32m'4.31'[39m, [32m'3.39'[39m, [32m'0.00'[39m ]
data rcv RT:[ [32m'0.00'[39m, [32m'4.35'[39m, [32m'3.38'[39m, [32m'0.02'[39m ]
data rcv RT:[ [32m'0.00'[39m, [32m'4.33'[39m, [32m'3.34'[39m, [32m'0.05'[39m ]
data rcv RT:[ [32m'0.00'[39m, [32m'4.38'[39m, [32m'3.37'[39m, [32m'0.00'[39m ]
data rcv RT:[ [32m'0.00'[39m, [32m'4.40'[39m, [32m'3.43'[39m, [32m'0.00'[39m ]
data rcv RT:[ [32m'0.00'[39m, [32m'4.34'[39m, [32m'3.43'[39m, [32m'0.00'[39m ]
data rcv RT:[ [32m'0.00'[39m, [32m'4.33'[39m, [32m'3.41'[39m, [32m'0.00'[39m ]
data rcv RT:[ [32m'0.00'[39m, [32m'4.31'[39m, [32m'3.43'[39m, [32m'0.00'[39m ]
data rcv RT:[ [32m'0.00'[39m, [32m'4.30'[39m, [32m'3.40'[39m, [32m'0.00'[39m ]
data rcv RT:[ [32m'0.00'[39m, [32m'4.28'[39m, [32m'3.40'[39m, [32m'0.00'[39m ]
data rcv RT:[ [32m'0.00'[39m, [32m'4.27'[39m, [32m'3.42'[39m, [32m'0.00'[39m ]
data rcv RT:[ [32m'0.00'[39m, [32m'4.27'[39m, [32m'3.42'[39m, [32m'0.00'[39m ]
data rcv RT:[ [32m'0.00'[39m, [32m'4.26'[39m, [32m'3.37'[39m, [32m'0.00'[39m ]
data rcv RT:[ [32m'0.00'[39m, [32m'4.29'[39m, [32m'3.39'[39m, [32m'0.00'[39m ]
data rcv RT:[ [32m'0.00'[39m, [32m'4.34'[39m, [32m'3.37'[39m, [32m'0.03'[39m ]
data rcv RT:[ [32m'0.00'[39m, [32m'4.35'[39m, [32m'3.40'[39m, [32m'0.03'[39m ]
data rcv RT:[ [32m'0.00'[39m, [32m'4.38'[39m, [32m'3.38'[39m, [32m'0.03'[39m ]
data rcv RT:[ [32m'0.00'[39m, [32m'4.36'[39m, [32m'3.38'[39m, [32m'0.01'[39m ]
data rcv RT:[ [32m'0.00'[39m, [32m'4.38'[39m, [32m'3.38'[39m, [32m'0.01'[39m ]
data rcv RT:[ [32m'0.00'[39m, [32m'4.36'[39m, [32m'3.43'[39m, [32m'0.00'[39m ]
data rcv RT:[ [32m'0.00'[39m, [32m'4.39'[39m, [32m'3.42'[39m, [32m'0.02'[39m ]
data rcv RT:[ [32m'0.00'[39m, [32m'4.36'[39m, [32m'3.43'[39m, [32m'0.00'[39m ]
data rcv RT:[ [32m'0.00'[39m, [32m'4.34'[39m, [32m'3.44'[39m, [32m'0.00'[39m ]
data rcv RT:[ [32m'0.00'[39m, [32m'4.34'[39m, [32m'3.43'[39m, [32m'0.00'[39m ]
data rcv RT:[ [32m'0.00'[39m, [32m'4.30'[39m, [32m'3.44'[39m, [32m'0.00'[39m ]
data rcv RT:[ [32m'0.00'[39m, [32m'4.30'[39m, [32m'3.42'[39m, [32m'0.00'[39m ]
data rcv RT:[ [32m'0.00'[39m, [32m'4.29'[39m, [32m'3.45'[39m, [32m'0.00'[39m ]
data rcv RT:[ [32m'0.00'[39m, [32m'4.26'[39m, [32m'3.42'[39m, [32m'0.00'[39m ]
data rcv RT:[ [32m'0.00'[39m, [32m'4.25'[39m, [32m'3.42'[39m, [32m'0.00'[39m ]
data rcv RT:[ [32m'0.00'[39m, [32m'4.27'[39m, [32m'3.38'[39m, [32m'0.00'[39m ]
data rcv RT:[ [32m'0.00'[39m, [32m'4.30'[39m, [32m'3.38'[39m, [32m'0.01'[39m ]
data rcv RT:[ [32m'0.00'[39m, [32m'4.31'[39m, [32m'3.37'[39m, [32m'0.02'[39m ]
data rcv RT:[ [32m'0.00'[39m, [32m'4.33'[39m, [32m'3.37'[39m, [32m'0.01'[39m ]
data rcv RT:[ [32m'0.00'[39m, [32m'4.34'[39m, [32m'3.38'[39m, [32m'0.01'[39m ]
data rcv RT:[ [32m'0.00'[39m, [32m'4.34'[39m, [32m'3.36'[39m, [32m'0.05'[39m ]
data rcv RT:[ [32m'0.00'[39m, [32m'4.35'[39m, [32m'3.36'[39m, [32m'0.04'[39m ]
data rcv RT:[ [32m'0.00'[39m, [32m'4.37'[39m, [32m'3.40'[39m, [32m'0.01'[39m ]
data rcv RT:[ [32m'0.00'[39m, [32m'4.36'[39m, [32m'3.43'[39m, [32m'0.00'[39m ]
data rcv RT:[ [32m'0.00'[39m, [32m'4.35'[39m, [32m'3.41'[39m, [32m'0.00'[39m ]
data rcv RT:[ [32m'0.00'[39m, [32m'4.30'[39m, [32m'3.44'[39m, [32m'0.00'[39m ]
data rcv RT:[ [32m'0.00'[39m, [32m'4.31'[39m, [32m'3.43'[39m, [32m'0.00'[39m ]
data rcv RT:[ [32m'0.00'[39m, [32m'4.26'[39m, [32m'3.42'[39m, [32m'0.00'[39m ]
data rcv RT:[ [32m'0.00'[39m, [32m'4.30'[39m, [32m'3.42'[39m, [32m'0.00'[39m ]
data rcv RT:[ [32m'0.00'[39m, [32m'4.27'[39m, [32m'3.40'[39m, [32m'0.00'[39m ]
data rcv RT:[ [32m'0.00'[39m, [32m'4.29'[39m, [32m'3.38'[39m, [32m'0.00'[39m ]
data rcv RT:[ [32m'0.00'[39m, [32m'4.31'[39m, [32m'3.38'[39m, [32m'0.00'[39m ]
data rcv RT:[ [32m'0.00'[39m, [32m'4.34'[39m, [32m'3.38'[39m, [32m'0.00'[39m ]
data rcv RT:[ [32m'0.00'[39m, [32m'4.33'[39m, [32m'3.38'[39m, [32m'0.07'[39m ]
data rcv RT:[ [32m'0.00'[39m, [32m'4.35'[39m, [32m'3.37'[39m, [32m'0.01'[39m ]
data rcv RT:[ [32m'0.00'[39m, [32m'4.36'[39m, [32m'3.43'[39m, [32m'0.00'[39m ]
data rcv RT:[ [32m'0.00'[39m, [32m'4.34'[39m, [32m'3.42'[39m, [32m'0.00'[39m ]
data rcv RT:[ [32m'0.00'[39m, [32m'4.34'[39m, [32m'3.43'[39m, [32m'0.00'[39m ]
data rcv RT:[ [32m'0.00'[39m, [32m'4.34'[39m, [32m'3.45'[39m, [32m'0.00'[39m ]
data rcv RT:[ [32m'0.00'[39m, [32m'4.25'[39m, [32m'3.42'[39m, [32m'0.00'[39m ]
data rcv RT:[ [32m'0.00'[39m, [32m'4.27'[39m, [32m'3.39'[39m, [32m'0.00'[39m ]
data rcv RT:[ [32m'0.00'[39m, [32m'4.27'[39m, [32m'3.40'[39m, [32m'0.00'[39m ]
data rcv RT:[ [32m'0.00'[39m, [32m'4.30'[39m, [32m'3.39'[39m, [32m'0.02'[39m ]
data rcv RT:[ [32m'0.00'[39m, [32m'4.31'[39m, [32m'3.36'[39m, [32m'0.07'[39m ]
data rcv RT:[ [32m'0.00'[39m, [32m'4.34'[39m, [32m'3.36'[39m, [32m'0.06'[39m ]
data rcv RT:[ [32m'0.00'[39m, [32m'4.36'[39m, [32m'3.39'[39m, [32m'0.03'[39m ]
data rcv RT:[ [32m'0.00'[39m, [32m'4.34'[39m, [32m'3.44'[39m, [32m'0.00'[39m ]
data rcv RT:[ [32m'0.00'[39m, [32m'4.32'[39m, [32m'3.43'[39m, [32m'0.00'[39m ]
data rcv RT:[ [32m'0.00'[39m, [32m'4.32'[39m, [32m'3.44'[39m, [32m'0.00'[39m ]
data rcv RT:[ [32m'0.00'[39m, [32m'4.32'[39m, [32m'3.43'[39m, [32m'0.00'[39m ]
data rcv RT:[ [32m'0.00'[39m, [32m'4.30'[39m, [32m'3.45'[39m, [32m'0.00'[39m ]
data rcv RT:[ [32m'0.00'[39m, [32m'4.27'[39m, [32m'3.42'[39m, [32m'0.00'[39m ]
data rcv RT:[ [32m'0.00'[39m, [32m'4.28'[39m, [32m'3.41'[39m, [32m'0.00'[39m ]
data rcv RT:[ [32m'0.00'[39m, [32m'4.30'[39m, [32m'3.37'[39m, [32m'0.01'[39m ]
data rcv RT:[ [32m'0.00'[39m, [32m'4.31'[39m, [32m'3.39'[39m, [32m'0.02'[39m ]
data rcv RT:[ [32m'0.00'[39m, [32m'4.33'[39m, [32m'3.38'[39m, [32m'0.01'[39m ]
data rcv RT:[ [32m'0.00'[39m, [32m'4.37'[39m, [32m'3.38'[39m, [32m'0.04'[39m ]
data rcv RT:[ [32m'0.00'[39m, [32m'4.37'[39m, [32m'3.40'[39m, [32m'0.00'[39m ]
data rcv RT:[ [32m'0.00'[39m, [32m'4.36'[39m, [32m'3.39'[39m, [32m'0.02'[39m ]
data rcv RT:[ [32m'0.00'[39m, [32m'4.38'[39m, [32m'3.43'[39m, [32m'0.00'[39m ]
data rcv RT:[ [32m'0.00'[39m, [32m'4.33'[39m, [32m'3.44'[39m, [32m'0.00'[39m ]
data rcv RT:[ [32m'0.00'[39m, [32m'4.30'[39m, [32m'3.41'[39m, [32m'0.00'[39m ]
data rcv RT:[ [32m'0.00'[39m, [32m'4.31'[39m, [32m'3.43'[39m, [32m'0.00'[39m ]
data rcv RT:[ [32m'0.00'[39m, [32m'4.31'[39m, [32m'3.44'[39m, [32m'0.00'[39m ]
data rcv RT:[ [32m'0.00'[39m, [32m'4.30'[39m, [32m'3.44'[39m, [32m'0.00'[39m ]
data rcv RT:[ [32m'0.00'[39m, [32m'4.28'[39m, [32m'3.46'[39m, [32m'0.00'[39m ]
data rcv RT:[ [32m'0.00'[39m, [32m'4.27'[39m, [32m'3.39'[39m, [32m'0.00'[39m ]
data rcv RT:[ [32m'0.00'[39m, [32m'4.29'[39m, [32m'3.39'[39m, [32m'0.00'[39m ]
data rcv RT:[ [32m'0.00'[39m, [32m'4.31'[39m, [32m'3.38'[39m, [32m'0.01'[39m ]
data rcv RT:[ [32m'0.00'[39m, [32m'4.31'[39m, [32m'3.38'[39m, [32m'0.01'[39m ]
data rcv RT:[ [32m'0.00'[39m, [32m'4.35'[39m, [32m'3.38'[39m, [32m'0.03'[39m ]
data rcv RT:[ [32m'0.00'[39m, [32m'4.35'[39m, [32m'3.38'[39m, [32m'0.02'[39m ]
data rcv RT:[ [32m'0.00'[39m, [32m'4.35'[39m, [32m'3.40'[39m, [32m'0.02'[39m ]
data rcv RT:[ [32m'0.00'[39m, [32m'4.39'[39m, [32m'3.38'[39m, [32m'0.02'[39m ]
data rcv RT:[ [32m'0.00'[39m, [32m'4.35'[39m, [32m'3.39'[39m, [32m'0.00'[39m ]
data rcv RT:[ [32m'0.00'[39m, [32m'4.36'[39m, [32m'3.42'[39m, [32m'0.00'[39m ]
data rcv RT:[ [32m'0.00'[39m, [32m'4.31'[39m, [32m'3.44'[39m, [32m'0.00'[39m ]
data rcv RT:[ [32m'0.00'[39m, [32m'4.30'[39m, [32m'3.41'[39m, [32m'0.00'[39m ]
data rcv RT:[ [32m'0.00'[39m, [32m'4.31'[39m, [32m'3.45'[39m, [32m'0.00'[39m ]
data rcv RT:[ [32m'0.00'[39m, [32m'4.25'[39m, [32m'3.42'[39m, [32m'0.00'[39m ]
data rcv RT:[ [32m'0.00'[39m, [32m'4.27'[39m, [32m'3.38'[39m, [32m'0.00'[39m ]
data rcv RT:[ [32m'0.00'[39m, [32m'4.26'[39m, [32m'3.40'[39m, [32m'0.00'[39m ]
data rcv RT:[ [32m'0.00'[39m, [32m'4.31'[39m, [32m'3.38'[39m, [32m'0.00'[39m ]
data rcv RT:[ [32m'0.00'[39m, [32m'4.33'[39m, [32m'3.38'[39m, [32m'0.02'[39m ]
data rcv RT:[ [32m'0.00'[39m, [32m'4.37'[39m, [32m'3.39'[39m, [32m'0.02'[39m ]
data rcv RT:[ [32m'0.00'[39m, [32m'4.39'[39m, [32m'3.38'[39m, [32m'0.04'[39m ]
data rcv RT:[ [32m'0.00'[39m, [32m'4.36'[39m, [32m'3.39'[39m, [32m'0.04'[39m ]
data rcv RT:[ [32m'0.00'[39m, [32m'4.37'[39m, [32m'3.39'[39m, [32m'0.00'[39m ]
data rcv RT:[ [32m'0.00'[39m, [32m'4.36'[39m, [32m'3.43'[39m, [32m'0.00'[39m ]
data rcv RT:[ [32m'0.00'[39m, [32m'4.34'[39m, [32m'3.41'[39m, [32m'0.00'[39m ]
data rcv RT:[ [32m'0.00'[39m, [32m'4.33'[39m, [32m'3.43'[39m, [32m'0.00'[39m ]
data rcv RT:[ [32m'0.00'[39m, [32m'4.29'[39m, [32m'3.43'[39m, [32m'0.00'[39m ]
data rcv RT:[ [32m'0.00'[39m, [32m'4.30'[39m, [32m'3.45'[39m, [32m'0.00'[39m ]
data rcv RT:[ [32m'0.00'[39m, [32m'4.25'[39m, [32m'3.40'[39m, [32m'0.00'[39m ]
data rcv RT:[ [32m'0.00'[39m, [32m'4.28'[39m, [32m'3.39'[39m, [32m'0.00'[39m ]
data rcv RT:[ [32m'0.00'[39m, [32m'4.28'[39m, [32m'3.40'[39m, [32m'0.00'[39m ]
data rcv RT:[ [32m'0.00'[39m, [32m'4.33'[39m, [32m'3.36'[39m, [32m'0.03'[39m ]
data rcv RT:[ [32m'0.00'[39m, [32m'4.32'[39m, [32m'3.36'[39m, [32m'0.05'[39m ]
data rcv RT:[ [32m'0.00'[39m, [32m'4.37'[39m, [32m'3.40'[39m, [32m'0.00'[39m ]
data rcv RT:[ [32m'0.00'[39m, [32m'4.38'[39m, [32m'3.38'[39m, [32m'0.02'[39m ]
data rcv RT:[ [32m'0.00'[39m, [32m'4.38'[39m, [32m'3.43'[39m, [32m'0.00'[39m ]
data rcv RT:[ [32m'0.00'[39m, [32m'4.34'[39m, [32m'3.43'[39m, [32m'0.00'[39m ]
data rcv RT:[ [32m'0.00'[39m, [32m'4.30'[39m, [32m'3.43'[39m, [32m'0.00'[39m ]
data rcv RT:[ [32m'0.00'[39m, [32m'4.30'[39m, [32m'3.43'[39m, [32m'0.00'[39m ]
data rcv RT:[ [32m'0.00'[39m, [32m'4.25'[39m, [32m'3.40'[39m, [32m'0.00'[39m ]
data rcv RT:[ [32m'0.00'[39m, [32m'4.26'[39m, [32m'3.40'[39m, [32m'0.00'[39m ]
data rcv RT:[ [32m'0.00'[39m, [32m'4.32'[39m, [32m'3.37'[39m, [32m'0.02'[39m ]
data rcv RT:[ [32m'0.00'[39m, [32m'4.33'[39m, [32m'3.39'[39m, [32m'0.02'[39m ]
data rcv RT:[ [32m'0.00'[39m, [32m'4.38'[39m, [32m'3.40'[39m, [32m'0.00'[39m ]
data rcv RT:[ [32m'0.00'[39m, [32m'4.34'[39m, [32m'3.41'[39m, [32m'0.00'[39m ]
data rcv RT:[ [32m'0.00'[39m, [32m'4.31'[39m, [32m'3.44'[39m, [32m'0.00'[39m ]
data rcv RT:[ [32m'0.00'[39m, [32m'4.30'[39m, [32m'3.42'[39m, [32m'0.00'[39m ]
data rcv RT:[ [32m'0.00'[39m, [32m'4.31'[39m, [32m'3.48'[39m, [32m'0.00'[39m ]
data rcv RT:[ [32m'0.00'[39m, [32m'4.27'[39m, [32m'3.44'[39m, [32m'0.00'[39m ]
data rcv RT:[ [32m'0.00'[39m, [32m'4.26'[39m, [32m'3.38'[39m, [32m'0.00'[39m ]
data rcv RT:[ [32m'0.00'[39m, [32m'4.36'[39m, [32m'3.38'[39m, [32m'0.06'[39m ]
data rcv RT:[ [32m'0.00'[39m, [32m'4.33'[39m, [32m'3.39'[39m, [32m'0.01'[39m ]
data rcv RT:[ [32m'0.00'[39m, [32m'4.38'[39m, [32m'3.43'[39m, [32m'0.00'[39m ]
data rcv RT:[ [32m'0.00'[39m, [32m'4.35'[39m, [32m'3.43'[39m, [32m'0.01'[39m ]
data rcv RT:[ [32m'0.00'[39m, [32m'4.32'[39m, [32m'3.42'[39m, [32m'0.00'[39m ]
data rcv RT:[ [32m'0.00'[39m, [32m'4.30'[39m, [32m'3.44'[39m, [32m'0.00'[39m ]
data rcv RT:[ [32m'0.00'[39m, [32m'4.30'[39m, [32m'3.44'[39m, [32m'0.00'[39m ]
data rcv RT:[ [32m'0.00'[39m, [32m'4.26'[39m, [32m'3.42'[39m, [32m'0.00'[39m ]
data rcv RT:[ [32m'0.00'[39m, [32m'4.28'[39m, [32m'3.39'[39m, [32m'0.00'[39m ]
data rcv RT:[ [32m'0.00'[39m, [32m'4.29'[39m, [32m'3.39'[39m, [32m'0.01'[39m ]
data rcv RT:[ [32m'0.00'[39m, [32m'4.30'[39m, [32m'3.39'[39m, [32m'0.00'[39m ]
data rcv RT:[ [32m'0.00'[39m, [32m'4.34'[39m, [32m'3.37'[39m, [32m'0.02'[39m ]
data rcv RT:[ [32m'0.00'[39m, [32m'4.35'[39m, [32m'3.43'[39m, [32m'0.00'[39m ]
data rcv RT:[ [32m'0.00'[39m, [32m'4.35'[39m, [32m'3.43'[39m, [32m'0.00'[39m ]
data rcv RT:[ [32m'0.00'[39m, [32m'4.33'[39m, [32m'3.42'[39m, [32m'0.00'[39m ]
data rcv RT:[ [32m'0.00'[39m, [32m'4.31'[39m, [32m'3.43'[39m, [32m'0.00'[39m ]
data rcv RT:[ [32m'0.00'[39m, [32m'4.30'[39m, [32m'3.42'[39m, [32m'0.00'[39m ]
data rcv RT:[ [32m'0.00'[39m, [32m'4.26'[39m, [32m'3.44'[39m, [32m'0.00'[39m ]
data rcv RT:[ [32m'0.00'[39m, [32m'4.27'[39m, [32m'3.36'[39m, [32m'0.00'[39m ]
data rcv RT:[ [32m'0.00'[39m, [32m'4.32'[39m, [32m'3.39'[39m, [32m'0.00'[39m ]
data rcv RT:[ [32m'0.00'[39m, [32m'4.32'[39m, [32m'3.37'[39m, [32m'0.01'[39m ]
data rcv RT:[ [32m'0.00'[39m, [32m'4.36'[39m, [32m'3.38'[39m, [32m'0.05'[39m ]
data rcv RT:[ [32m'0.00'[39m, [32m'4.38'[39m, [32m'3.40'[39m, [32m'0.02'[39m ]
data rcv RT:[ [32m'0.00'[39m, [32m'4.32'[39m, [32m'3.42'[39m, [32m'0.00'[39m ]
data rcv RT:[ [32m'0.00'[39m, [32m'4.33'[39m, [32m'3.43'[39m, [32m'0.00'[39m ]
data rcv RT:[ [32m'0.00'[39m, [32m'4.32'[39m, [32m'3.47'[39m, [32m'0.00'[39m ]
data rcv RT:[ [32m'0.00'[39m, [32m'4.26'[39m, [32m'3.40'[39m, [32m'0.00'[39m ]
data rcv RT:[ [32m'0.00'[39m, [32m'4.28'[39m, [32m'3.38'[39m, [32m'0.00'[39m ]
data rcv RT:[ [32m'0.00'[39m, [32m'4.30'[39m, [32m'3.37'[39m, [32m'0.00'[39m ]
data rcv RT:[ [32m'0.00'[39m, [32m'4.36'[39m, [32m'3.36'[39m, [32m'0.08'[39m ]
data rcv RT:[ [32m'0.00'[39m, [32m'4.33'[39m, [32m'3.35'[39m, [32m'0.06'[39m ]
data rcv RT:[ [32m'0.00'[39m, [32m'4.36'[39m, [32m'3.42'[39m, [32m'0.01'[39m ]
data rcv RT:[ [32m'0.00'[39m, [32m'4.36'[39m, [32m'3.41'[39m, [32m'0.00'[39m ]
data rcv RT:[ [32m'0.00'[39m, [32m'4.32'[39m, [32m'3.43'[39m, [32m'0.00'[39m ]
data rcv RT:[ [32m'0.00'[39m, [32m'4.32'[39m, [32m'3.43'[39m, [32m'0.00'[39m ]
data rcv RT:[ [32m'0.00'[39m, [32m'4.26'[39m, [32m'3.42'[39m, [32m'0.00'[39m ]
data rcv RT:[ [32m'0.00'[39m, [32m'4.25'[39m, [32m'3.42'[39m, [32m'0.00'[39m ]
data rcv RT:[ [32m'0.00'[39m, [32m'4.30'[39m, [32m'3.37'[39m, [32m'0.00'[39m ]
data rcv RT:[ [32m'0.00'[39m, [32m'4.31'[39m, [32m'3.37'[39m, [32m'0.00'[39m ]
data rcv RT:[ [32m'0.00'[39m, [32m'4.33'[39m, [32m'3.40'[39m, [32m'0.01'[39m ]
data rcv RT:[ [32m'0.00'[39m, [32m'4.34'[39m, [32m'3.39'[39m, [32m'0.04'[39m ]
data rcv RT:[ [32m'0.00'[39m, [32m'4.38'[39m, [32m'3.43'[39m, [32m'0.01'[39m ]
data rcv RT:[ [32m'0.00'[39m, [32m'4.34'[39m, [32m'3.43'[39m, [32m'0.00'[39m ]
data rcv RT:[ [32m'0.00'[39m, [32m'4.33'[39m, [32m'3.43'[39m, [32m'0.00'[39m ]
data rcv RT:[ [32m'0.00'[39m, [32m'4.30'[39m, [32m'3.43'[39m, [32m'0.00'[39m ]
data rcv RT:[ [32m'0.00'[39m, [32m'4.25'[39m, [32m'3.38'[39m, [32m'0.00'[39m ]
data rcv RT:[ [32m'0.00'[39m, [32m'4.27'[39m, [32m'3.41'[39m, [32m'0.00'[39m ]
data rcv RT:[ [32m'0.00'[39m, [32m'4.26'[39m, [32m'3.40'[39m, [32m'0.00'[39m ]
data rcv RT:[ [32m'0.00'[39m, [32m'4.33'[39m, [32m'3.40'[39m, [32m'0.00'[39m ]
data rcv RT:[ [32m'0.00'[39m, [32m'4.33'[39m, [32m'3.38'[39m, [32m'0.02'[39m ]
data rcv RT:[ [32m'0.00'[39m, [32m'4.37'[39m, [32m'3.39'[39m, [32m'0.01'[39m ]
data rcv RT:[ [32m'0.00'[39m, [32m'4.37'[39m, [32m'3.37'[39m, [32m'0.05'[39m ]
data rcv RT:[ [32m'0.00'[39m, [32m'4.35'[39m, [32m'3.43'[39m, [32m'0.00'[39m ]
data rcv RT:[ [32m'0.00'[39m, [32m'4.32'[39m, [32m'3.43'[39m, [32m'0.00'[39m ]
data rcv RT:[ [32m'0.00'[39m, [32m'4.31'[39m, [32m'3.43'[39m, [32m'0.00'[39m ]
data rcv RT:[ [32m'0.00'[39m, [32m'4.27'[39m, [32m'3.41'[39m, [32m'0.00'[39m ]
data rcv RT:[ [32m'0.00'[39m, [32m'4.26'[39m, [32m'3.37'[39m, [32m'0.00'[39m ]
data rcv RT:[ [32m'0.00'[39m, [32m'4.27'[39m, [32m'3.40'[39m, [32m'0.00'[39m ]
data rcv RT:[ [32m'0.00'[39m, [32m'4.33'[39m, [32m'3.37'[39m, [32m'0.02'[39m ]
data rcv RT:[ [32m'0.00'[39m, [32m'4.34'[39m, [32m'3.38'[39m, [32m'0.01'[39m ]
data rcv RT:[ [32m'0.00'[39m, [32m'4.37'[39m, [32m'3.40'[39m, [32m'0.02'[39m ]
data rcv RT:[ [32m'0.00'[39m, [32m'4.38'[39m, [32m'3.41'[39m, [32m'0.01'[39m ]
data rcv RT:[ [32m'0.00'[39m, [32m'4.32'[39m, [32m'3.44'[39m, [32m'0.00'[39m ]
data rcv RT:[ [32m'0.00'[39m, [32m'4.33'[39m, [32m'3.42'[39m, [32m'0.00'[39m ]
data rcv RT:[ [32m'0.00'[39m, [32m'4.29'[39m, [32m'3.44'[39m, [32m'0.00'[39m ]
data rcv RT:[ [32m'0.00'[39m, [32m'4.24'[39m, [32m'3.39'[39m, [32m'0.00'[39m ]
data rcv RT:[ [32m'0.00'[39m, [32m'4.25'[39m, [32m'3.38'[39m, [32m'0.00'[39m ]
data rcv RT:[ [32m'0.00'[39m, [32m'4.28'[39m, [32m'3.39'[39m, [32m'0.00'[39m ]
data rcv RT:[ [32m'0.00'[39m, [32m'4.33'[39m, [32m'3.38'[39m, [32m'0.00'[39m ]
data rcv RT:[ [32m'0.00'[39m, [32m'4.34'[39m, [32m'3.39'[39m, [32m'0.02'[39m ]
data rcv RT:[ [32m'0.00'[39m, [32m'4.38'[39m, [32m'3.39'[39m, [32m'0.04'[39m ]
data rcv RT:[ [32m'0.00'[39m, [32m'4.35'[39m, [32m'3.41'[39m, [32m'0.00'[39m ]
data rcv RT:[ [32m'0.00'[39m, [32m'4.33'[39m, [32m'3.42'[39m, [32m'0.00'[39m ]
data rcv RT:[ [32m'0.00'[39m, [32m'4.34'[39m, [32m'3.42'[39m, [32m'0.00'[39m ]
data rcv RT:[ [32m'0.00'[39m, [32m'4.29'[39m, [32m'3.44'[39m, [32m'0.00'[39m ]
data rcv RT:[ [32m'0.00'[39m, [32m'4.30'[39m, [32m'3.45'[39m, [32m'0.00'[39m ]
data rcv RT:[ [32m'0.00'[39m, [32m'4.26'[39m, [32m'3.40'[39m, [32m'0.00'[39m ]
data rcv RT:[ [32m'0.00'[39m, [32m'4.26'[39m, [32m'3.38'[39m, [32m'0.00'[39m ]
data rcv RT:[ [32m'0.00'[39m, [32m'4.32'[39m, [32m'3.38'[39m, [32m'0.01'[39m ]
data rcv RT:[ [32m'0.00'[39m, [32m'4.32'[39m, [32m'3.40'[39m, [32m'0.01'[39m ]
data rcv RT:[ [32m'0.00'[39m, [32m'4.34'[39m, [32m'3.39'[39m, [32m'0.02'[39m ]
data rcv RT:[ [32m'0.00'[39m, [32m'4.36'[39m, [32m'3.36'[39m, [32m'0.04'[39m ]
data rcv RT:[ [32m'0.00'[39m, [32m'4.36'[39m, [32m'3.40'[39m, [32m'0.01'[39m ]
data rcv RT:[ [32m'0.00'[39m, [32m'4.33'[39m, [32m'3.40'[39m, [32m'0.02'[39m ]
data rcv RT:[ [32m'0.00'[39m, [32m'4.30'[39m, [32m'3.43'[39m, [32m'0.00'[39m ]
data rcv RT:[ [32m'0.00'[39m, [32m'4.31'[39m, [32m'3.43'[39m, [32m'0.00'[39m ]
data rcv RT:[ [32m'0.00'[39m, [32m'4.29'[39m, [32m'3.43'[39m, [32m'0.00'[39m ]
data rcv RT:[ [32m'0.00'[39m, [32m'4.30'[39m, [32m'3.49'[39m, [32m'0.00'[39m ]
data rcv RT:[ [32m'0.00'[39m, [32m'4.26'[39m, [32m'3.39'[39m, [32m'0.00'[39m ]
data rcv RT:[ [32m'0.00'[39m, [32m'4.27'[39m, [32m'3.41'[39m, [32m'0.00'[39m ]
data rcv RT:[ [32m'0.00'[39m, [32m'4.27'[39m, [32m'3.38'[39m, [32m'0.00'[39m ]
data rcv RT:[ [32m'0.00'[39m, [32m'4.29'[39m, [32m'3.39'[39m, [32m'0.00'[39m ]
data rcv RT:[ [32m'0.00'[39m, [32m'4.32'[39m, [32m'3.37'[39m, [32m'0.01'[39m ]
data rcv RT:[ [32m'0.00'[39m, [32m'4.32'[39m, [32m'3.40'[39m, [32m'0.01'[39m ]
data rcv RT:[ [32m'0.00'[39m, [32m'4.37'[39m, [32m'3.38'[39m, [32m'0.04'[39m ]
data rcv RT:[ [32m'0.00'[39m, [32m'4.35'[39m, [32m'3.38'[39m, [32m'0.06'[39m ]
data rcv RT:[ [32m'0.00'[39m, [32m'4.37'[39m, [32m'3.40'[39m, [32m'0.03'[39m ]
data rcv RT:[ [32m'0.00'[39m, [32m'4.35'[39m, [32m'3.42'[39m, [32m'0.00'[39m ]
data rcv RT:[ [32m'0.00'[39m, [32m'4.35'[39m, [32m'3.42'[39m, [32m'0.00'[39m ]
data rcv RT:[ [32m'0.00'[39m, [32m'4.36'[39m, [32m'3.43'[39m, [32m'0.00'[39m ]
data rcv RT:[ [32m'0.00'[39m, [32m'4.31'[39m, [32m'3.45'[39m, [32m'0.00'[39m ]
data rcv RT:[ [32m'0.00'[39m, [32m'4.26'[39m, [32m'3.42'[39m, [32m'0.00'[39m ]
data rcv RT:[ [32m'0.00'[39m, [32m'4.29'[39m, [32m'3.43'[39m, [32m'0.00'[39m ]
data rcv RT:[ [32m'0.00'[39m, [32m'4.25'[39m, [32m'3.39'[39m, [32m'0.00'[39m ]
data rcv RT:[ [32m'0.00'[39m, [32m'4.28'[39m, [32m'3.38'[39m, [32m'0.00'[39m ]
data rcv RT:[ [32m'0.00'[39m, [32m'4.28'[39m, [32m'3.36'[39m, [32m'0.00'[39m ]
data rcv RT:[ [32m'0.00'[39m, [32m'4.32'[39m, [32m'3.37'[39m, [32m'0.01'[39m ]
data rcv RT:[ [32m'0.00'[39m, [32m'4.30'[39m, [32m'3.39'[39m, [32m'0.00'[39m ]
data rcv RT:[ [32m'0.00'[39m, [32m'4.33'[39m, [32m'3.38'[39m, [32m'0.01'[39m ]
data rcv RT:[ [32m'0.00'[39m, [32m'4.37'[39m, [32m'3.40'[39m, [32m'0.02'[39m ]
data rcv RT:[ [32m'0.00'[39m, [32m'4.37'[39m, [32m'3.42'[39m, [32m'0.00'[39m ]
data rcv RT:[ [32m'0.00'[39m, [32m'4.37'[39m, [32m'3.44'[39m, [32m'0.00'[39m ]
data rcv RT:[ [32m'0.00'[39m, [32m'4.33'[39m, [32m'3.43'[39m, [32m'0.00'[39m ]
data rcv RT:[ [32m'0.00'[39m, [32m'4.35'[39m, [32m'3.42'[39m, [32m'0.00'[39m ]
data rcv RT:[ [32m'0.00'[39m, [32m'4.30'[39m, [32m'3.43'[39m, [32m'0.00'[39m ]
data rcv RT:[ [32m'0.00'[39m, [32m'4.32'[39m, [32m'3.42'[39m, [32m'0.00'[39m ]
data rcv RT:[ [32m'0.00'[39m, [32m'4.31'[39m, [32m'3.42'[39m, [32m'0.00'[39m ]
data rcv RT:[ [32m'0.00'[39m, [32m'4.30'[39m, [32m'3.48'[39m, [32m'0.00'[39m ]
data rcv RT:[ [32m'0.00'[39m, [32m'4.28'[39m, [32m'3.40'[39m, [32m'0.00'[39m ]
data rcv RT:[ [32m'0.00'[39m, [32m'4.25'[39m, [32m'3.36'[39m, [32m'0.00'[39m ]
data rcv RT:[ [32m'0.00'[39m, [32m'4.27'[39m, [32m'3.35'[39m, [32m'0.00'[39m ]
data rcv RT:[ [32m'0.00'[39m, [32m'4.31'[39m, [32m'3.37'[39m, [32m'0.00'[39m ]
data rcv RT:[ [32m'0.00'[39m, [32m'4.37'[39m, [32m'3.38'[39m, [32m'0.02'[39m ]
data rcv RT:[ [32m'0.00'[39m, [32m'4.33'[39m, [32m'3.39'[39m, [32m'0.01'[39m ]
data rcv RT:[ [32m'0.00'[39m, [32m'4.35'[39m, [32m'3.39'[39m, [32m'0.01'[39m ]
data rcv RT:[ [32m'0.00'[39m, [32m'4.36'[39m, [32m'3.43'[39m, [32m'0.00'[39m ]
data rcv RT:[ [32m'0.00'[39m, [32m'4.36'[39m, [32m'3.39'[39m, [32m'0.00'[39m ]
data rcv RT:[ [32m'0.00'[39m, [32m'4.35'[39m, [32m'3.44'[39m, [32m'0.00'[39m ]
data rcv RT:[ [32m'0.00'[39m, [32m'4.34'[39m, [32m'3.43'[39m, [32m'0.00'[39m ]
data rcv RT:[ [32m'0.00'[39m, [32m'4.32'[39m, [32m'3.43'[39m, [32m'0.00'[39m ]
data rcv RT:[ [32m'0.00'[39m, [32m'4.30'[39m, [32m'3.42'[39m, [32m'0.00'[39m ]
data rcv RT:[ [32m'0.00'[39m, [32m'4.29'[39m, [32m'3.42'[39m, [32m'0.00'[39m ]
data rcv RT:[ [32m'0.00'[39m, [32m'4.26'[39m, [32m'3.41'[39m, [32m'0.00'[39m ]
data rcv RT:[ [32m'0.00'[39m, [32m'4.25'[39m, [32m'3.40'[39m, [32m'0.00'[39m ]
data rcv RT:[ [32m'0.00'[39m, [32m'4.26'[39m, [32m'3.39'[39m, [32m'0.00'[39m ]
data rcv RT:[ [32m'0.00'[39m, [32m'4.29'[39m, [32m'3.39'[39m, [32m'0.00'[39m ]
data rcv RT:[ [32m'0.00'[39m, [32m'4.32'[39m, [32m'3.38'[39m, [32m'0.00'[39m ]
data rcv RT:[ [32m'0.00'[39m, [32m'4.35'[39m, [32m'3.40'[39m, [32m'0.01'[39m ]
data rcv RT:[ [32m'0.00'[39m, [32m'4.37'[39m, [32m'3.39'[39m, [32m'0.00'[39m ]
data rcv RT:[ [32m'0.00'[39m, [32m'4.37'[39m, [32m'3.43'[39m, [32m'0.00'[39m ]
data rcv RT:[ [32m'0.00'[39m, [32m'4.35'[39m, [32m'3.43'[39m, [32m'0.01'[39m ]
data rcv RT:[ [32m'0.00'[39m, [32m'4.34'[39m, [32m'3.39'[39m, [32m'0.00'[39m ]
data rcv RT:[ [32m'0.00'[39m, [32m'4.35'[39m, [32m'3.42'[39m, [32m'0.00'[39m ]
data rcv RT:[ [32m'0.00'[39m, [32m'4.34'[39m, [32m'3.43'[39m, [32m'0.00'[39m ]
data rcv RT:[ [32m'0.00'[39m, [32m'4.32'[39m, [32m'3.42'[39m, [32m'0.00'[39m ]
data rcv RT:[ [32m'0.00'[39m, [32m'4.30'[39m, [32m'3.43'[39m, [32m'0.00'[39m ]
data rcv RT:[ [32m'0.00'[39m, [32m'4.26'[39m, [32m'3.39'[39m, [32m'0.00'[39m ]
data rcv RT:[ [32m'0.00'[39m, [32m'4.29'[39m, [32m'3.43'[39m, [32m'0.00'[39m ]
data rcv RT:[ [32m'0.00'[39m, [32m'4.26'[39m, [32m'3.40'[39m, [32m'0.00'[39m ]
data rcv RT:[ [32m'0.00'[39m, [32m'4.28'[39m, [32m'3.38'[39m, [32m'0.00'[39m ]
data rcv RT:[ [32m'0.00'[39m, [32m'4.26'[39m, [32m'3.39'[39m, [32m'0.00'[39m ]
data rcv RT:[ [32m'0.00'[39m, [32m'4.31'[39m, [32m'3.37'[39m, [32m'0.02'[39m ]
data rcv RT:[ [32m'0.00'[39m, [32m'4.34'[39m, [32m'3.36'[39m, [32m'0.03'[39m ]
data rcv RT:[ [32m'0.00'[39m, [32m'4.31'[39m, [32m'3.39'[39m, [32m'0.01'[39m ]
data rcv RT:[ [32m'0.00'[39m, [32m'4.36'[39m, [32m'3.38'[39m, [32m'0.02'[39m ]
data rcv RT:[ [32m'0.00'[39m, [32m'4.38'[39m, [32m'3.42'[39m, [32m'0.02'[39m ]
data rcv RT:[ [32m'0.00'[39m, [32m'4.31'[39m, [32m'3.43'[39m, [32m'0.00'[39m ]
data rcv RT:[ [32m'0.00'[39m, [32m'4.34'[39m, [32m'3.43'[39m, [32m'0.00'[39m ]
data rcv RT:[ [32m'0.00'[39m, [32m'4.31'[39m, [32m'3.42'[39m, [32m'0.00'[39m ]
data rcv RT:[ [32m'0.00'[39m, [32m'4.32'[39m, [32m'3.42'[39m, [32m'0.00'[39m ]
data rcv RT:[ [32m'0.00'[39m, [32m'4.28'[39m, [32m'3.40'[39m, [32m'0.00'[39m ]
data rcv RT:[ [32m'0.00'[39m, [32m'4.29'[39m, [32m'3.43'[39m, [32m'0.00'[39m ]
data rcv RT:[ [32m'0.00'[39m, [32m'4.28'[39m, [32m'3.42'[39m, [32m'0.00'[39m ]
data rcv RT:[ [32m'0.00'[39m, [32m'4.26'[39m, [32m'3.39'[39m, [32m'0.00'[39m ]
data rcv RT:[ [32m'0.00'[39m, [32m'4.27'[39m, [32m'3.42'[39m, [32m'0.00'[39m ]
data rcv RT:[ [32m'0.00'[39m, [32m'4.30'[39m, [32m'3.40'[39m, [32m'0.00'[39m ]
data rcv RT:[ [32m'0.00'[39m, [32m'4.29'[39m, [32m'3.39'[39m, [32m'0.00'[39m ]
data rcv RT:[ [32m'0.00'[39m, [32m'4.31'[39m, [32m'3.38'[39m, [32m'0.02'[39m ]
data rcv RT:[ [32m'0.00'[39m, [32m'4.32'[39m, [32m'3.38'[39m, [32m'0.01'[39m ]
data rcv RT:[ [32m'0.00'[39m, [32m'4.33'[39m, [32m'3.39'[39m, [32m'0.00'[39m ]
data rcv RT:[ [32m'0.00'[39m, [32m'4.37'[39m, [32m'3.40'[39m, [32m'0.02'[39m ]
data rcv RT:[ [32m'0.00'[39m, [32m'4.36'[39m, [32m'3.43'[39m, [32m'0.00'[39m ]
data rcv RT:[ [32m'0.00'[39m, [32m'4.37'[39m, [32m'3.42'[39m, [32m'0.00'[39m ]
data rcv RT:[ [32m'0.00'[39m, [32m'4.33'[39m, [32m'3.45'[39m, [32m'0.00'[39m ]
data rcv RT:[ [32m'0.00'[39m, [32m'4.34'[39m, [32m'3.41'[39m, [32m'0.00'[39m ]
data rcv RT:[ [32m'0.00'[39m, [32m'4.34'[39m, [32m'3.44'[39m, [32m'0.00'[39m ]
data rcv RT:[ [32m'0.00'[39m, [32m'4.30'[39m, [32m'3.43'[39m, [32m'0.00'[39m ]
data rcv RT:[ [32m'0.00'[39m, [32m'4.30'[39m, [32m'3.43'[39m, [32m'0.00'[39m ]
data rcv RT:[ [32m'0.00'[39m, [32m'4.27'[39m, [32m'3.41'[39m, [32m'0.00'[39m ]
data rcv RT:[ [32m'0.00'[39m, [32m'4.31'[39m, [32m'3.45'[39m, [32m'0.00'[39m ]
data rcv RT:[ [32m'0.00'[39m, [32m'4.27'[39m, [32m'3.40'[39m, [32m'0.00'[39m ]
data rcv RT:[ [32m'0.00'[39m, [32m'4.28'[39m, [32m'3.40'[39m, [32m'0.00'[39m ]
data rcv RT:[ [32m'0.00'[39m, [32m'4.27'[39m, [32m'3.44'[39m, [32m'0.00'[39m ]
data rcv RT:[ [32m'0.00'[39m, [32m'4.24'[39m, [32m'3.39'[39m, [32m'0.00'[39m ]
data rcv RT:[ [32m'0.00'[39m, [32m'4.29'[39m, [32m'3.38'[39m, [32m'0.00'[39m ]
data rcv RT:[ [32m'0.00'[39m, [32m'4.30'[39m, [32m'3.38'[39m, [32m'0.01'[39m ]
data rcv RT:[ [32m'0.00'[39m, [32m'4.33'[39m, [32m'3.37'[39m, [32m'0.01'[39m ]
data rcv RT:[ [32m'0.00'[39m, [32m'4.33'[39m, [32m'3.39'[39m, [32m'0.02'[39m ]
data rcv RT:[ [32m'0.00'[39m, [32m'4.32'[39m, [32m'3.37'[39m, [32m'0.06'[39m ]
data rcv RT:[ [32m'0.00'[39m, [32m'4.36'[39m, [32m'3.38'[39m, [32m'0.02'[39m ]
data rcv RT:[ [32m'0.00'[39m, [32m'4.39'[39m, [32m'3.41'[39m, [32m'0.03'[39m ]
data rcv RT:[ [32m'0.00'[39m, [32m'4.38'[39m, [32m'3.42'[39m, [32m'0.00'[39m ]
data rcv RT:[ [32m'0.00'[39m, [32m'4.36'[39m, [32m'3.39'[39m, [32m'0.01'[39m ]
data rcv RT:[ [32m'0.00'[39m, [32m'4.37'[39m, [32m'3.44'[39m, [32m'0.00'[39m ]
data rcv RT:[ [32m'0.00'[39m, [32m'4.35'[39m, [32m'3.41'[39m, [32m'0.00'[39m ]
data rcv RT:[ [32m'0.00'[39m, [32m'4.33'[39m, [32m'3.43'[39m, [32m'0.00'[39m ]
data rcv RT:[ [32m'0.00'[39m, [32m'4.29'[39m, [32m'3.43'[39m, [32m'0.00'[39m ]
data rcv RT:[ [32m'0.00'[39m, [32m'4.26'[39m, [32m'3.41'[39m, [32m'0.00'[39m ]
data rcv RT:[ [32m'0.00'[39m, [32m'4.28'[39m, [32m'3.43'[39m, [32m'0.00'[39m ]
data rcv RT:[ [32m'0.00'[39m, [32m'4.29'[39m, [32m'3.41'[39m, [32m'0.00'[39m ]
data rcv RT:[ [32m'0.00'[39m, [32m'4.29'[39m, [32m'3.38'[39m, [32m'0.00'[39m ]
data rcv RT:[ [32m'0.00'[39m, [32m'4.31'[39m, [32m'3.38'[39m, [32m'0.02'[39m ]
data rcv RT:[ [32m'0.00'[39m, [32m'4.33'[39m, [32m'3.38'[39m, [32m'0.01'[39m ]
data rcv RT:[ [32m'0.00'[39m, [32m'4.36'[39m, [32m'3.39'[39m, [32m'0.02'[39m ]
data rcv RT:[ [32m'0.00'[39m, [32m'4.39'[39m, [32m'3.39'[39m, [32m'0.01'[39m ]
data rcv RT:[ [32m'0.00'[39m, [32m'4.35'[39m, [32m'3.39'[39m, [32m'0.02'[39m ]
data rcv RT:[ [32m'0.00'[39m, [32m'4.37'[39m, [32m'3.42'[39m, [32m'0.00'[39m ]
data rcv RT:[ [32m'0.00'[39m, [32m'4.35'[39m, [32m'3.42'[39m, [32m'0.00'[39m ]
data rcv RT:[ [32m'0.00'[39m, [32m'4.32'[39m, [32m'3.42'[39m, [32m'0.00'[39m ]
data rcv RT:[ [32m'0.00'[39m, [32m'4.30'[39m, [32m'3.44'[39m, [32m'0.00'[39m ]
data rcv RT:[ [32m'0.00'[39m, [32m'4.30'[39m, [32m'3.43'[39m, [32m'0.00'[39m ]
data rcv RT:[ [32m'0.00'[39m, [32m'4.27'[39m, [32m'3.42'[39m, [32m'0.00'[39m ]
data rcv RT:[ [32m'0.00'[39m, [32m'4.27'[39m, [32m'3.38'[39m, [32m'0.00'[39m ]
data rcv RT:[ [32m'0.00'[39m, [32m'4.26'[39m, [32m'3.40'[39m, [32m'0.00'[39m ]
data rcv RT:[ [32m'0.00'[39m, [32m'4.28'[39m, [32m'3.36'[39m, [32m'0.02'[39m ]
data rcv RT:[ [32m'0.00'[39m, [32m'4.27'[39m, [32m'3.39'[39m, [32m'0.00'[39m ]
data rcv RT:[ [32m'0.00'[39m, [32m'4.33'[39m, [32m'3.39'[39m, [32m'0.00'[39m ]
data rcv RT:[ [32m'0.00'[39m, [32m'4.31'[39m, [32m'3.37'[39m, [32m'0.01'[39m ]
data rcv RT:[ [32m'0.00'[39m, [32m'4.31'[39m, [32m'3.38'[39m, [32m'0.01'[39m ]
data rcv RT:[ [32m'0.00'[39m, [32m'4.33'[39m, [32m'3.37'[39m, [32m'0.02'[39m ]
data rcv RT:[ [32m'0.00'[39m, [32m'4.33'[39m, [32m'3.38'[39m, [32m'0.03'[39m ]
data rcv RT:[ [32m'0.00'[39m, [32m'4.37'[39m, [32m'3.39'[39m, [32m'0.03'[39m ]
data rcv RT:[ [32m'0.00'[39m, [32m'4.34'[39m, [32m'3.43'[39m, [32m'0.00'[39m ]
data rcv RT:[ [32m'0.00'[39m, [32m'4.34'[39m, [32m'3.42'[39m, [32m'0.00'[39m ]
data rcv RT:[ [32m'0.00'[39m, [32m'4.32'[39m, [32m'3.42'[39m, [32m'0.00'[39m ]
data rcv RT:[ [32m'0.00'[39m, [32m'4.31'[39m, [32m'3.42'[39m, [32m'0.00'[39m ]
data rcv RT:[ [32m'0.00'[39m, [32m'4.27'[39m, [32m'3.42'[39m, [32m'0.00'[39m ]
data rcv RT:[ [32m'0.00'[39m, [32m'4.30'[39m, [32m'3.44'[39m, [32m'0.00'[39m ]
data rcv RT:[ [32m'0.00'[39m, [32m'4.26'[39m, [32m'3.44'[39m, [32m'0.00'[39m ]
data rcv RT:[ [32m'0.00'[39m, [32m'4.26'[39m, [32m'3.38'[39m, [32m'0.00'[39m ]
data rcv RT:[ [32m'0.00'[39m, [32m'4.31'[39m, [32m'3.37'[39m, [32m'0.00'[39m ]
data rcv RT:[ [32m'0.00'[39m, [32m'4.32'[39m, [32m'3.38'[39m, [32m'0.02'[39m ]
data rcv RT:[ [32m'0.00'[39m, [32m'4.33'[39m, [32m'3.40'[39m, [32m'0.00'[39m ]
data rcv RT:[ [32m'0.00'[39m, [32m'4.33'[39m, [32m'3.39'[39m, [32m'0.02'[39m ]
data rcv RT:[ [32m'0.00'[39m, [32m'4.35'[39m, [32m'3.39'[39m, [32m'0.03'[39m ]
data rcv RT:[ [32m'0.00'[39m, [32m'4.32'[39m, [32m'3.33'[39m, [32m'0.06'[39m ]
data rcv RT:[ [32m'0.00'[39m, [32m'4.38'[39m, [32m'3.41'[39m, [32m'0.00'[39m ]
data rcv RT:[ [32m'0.00'[39m, [32m'4.38'[39m, [32m'3.37'[39m, [32m'0.03'[39m ]
data rcv RT:[ [32m'0.00'[39m, [32m'4.37'[39m, [32m'3.42'[39m, [32m'0.00'[39m ]
data rcv RT:[ [32m'0.00'[39m, [32m'4.36'[39m, [32m'3.43'[39m, [32m'0.00'[39m ]
data rcv RT:[ [32m'0.00'[39m, [32m'4.37'[39m, [32m'3.41'[39m, [32m'0.00'[39m ]
data rcv RT:[ [32m'0.00'[39m, [32m'4.32'[39m, [32m'3.42'[39m, [32m'0.00'[39m ]
data rcv RT:[ [32m'0.00'[39m, [32m'4.32'[39m, [32m'3.43'[39m, [32m'0.00'[39m ]
data rcv RT:[ [32m'0.00'[39m, [32m'4.30'[39m, [32m'3.43'[39m, [32m'0.00'[39m ]
data rcv RT:[ [32m'0.00'[39m, [32m'4.29'[39m, [32m'3.42'[39m, [32m'0.00'[39m ]
data rcv RT:[ [32m'0.00'[39m, [32m'4.32'[39m, [32m'3.46'[39m, [32m'0.00'[39m ]
data rcv RT:[ [32m'0.00'[39m, [32m'4.27'[39m, [32m'3.45'[39m, [32m'0.00'[39m ]
data rcv RT:[ [32m'0.00'[39m, [32m'4.26'[39m, [32m'3.40'[39m, [32m'0.00'[39m ]
data rcv RT:[ [32m'0.00'[39m, [32m'4.27'[39m, [32m'3.37'[39m, [32m'0.01'[39m ]
data rcv RT:[ [32m'0.00'[39m, [32m'4.28'[39m, [32m'3.37'[39m, [32m'0.00'[39m ]
data rcv RT:[ [32m'0.00'[39m, [32m'4.32'[39m, [32m'3.38'[39m, [32m'0.01'[39m ]
data rcv RT:[ [32m'0.00'[39m, [32m'4.32'[39m, [32m'3.38'[39m, [32m'0.02'[39m ]
data rcv RT:[ [32m'0.00'[39m, [32m'4.35'[39m, [32m'3.37'[39m, [32m'0.03'[39m ]
data rcv RT:[ [32m'0.00'[39m, [32m'4.33'[39m, [32m'3.35'[39m, [32m'0.06'[39m ]
data rcv RT:[ [32m'0.00'[39m, [32m'4.38'[39m, [32m'3.41'[39m, [32m'0.00'[39m ]
data rcv RT:[ [32m'0.00'[39m, [32m'4.37'[39m, [32m'3.43'[39m, [32m'0.00'[39m ]
data rcv RT:[ [32m'0.00'[39m, [32m'4.38'[39m, [32m'3.38'[39m, [32m'0.04'[39m ]
data rcv RT:[ [32m'0.00'[39m, [32m'4.35'[39m, [32m'3.43'[39m, [32m'0.00'[39m ]
data rcv RT:[ [32m'0.00'[39m, [32m'4.32'[39m, [32m'3.43'[39m, [32m'0.00'[39m ]
data rcv RT:[ [32m'0.00'[39m, [32m'4.33'[39m, [32m'3.43'[39m, [32m'0.00'[39m ]
data rcv RT:[ [32m'0.00'[39m, [32m'4.32'[39m, [32m'3.41'[39m, [32m'0.00'[39m ]
data rcv RT:[ [32m'0.00'[39m, [32m'4.31'[39m, [32m'3.41'[39m, [32m'0.00'[39m ]
data rcv RT:[ [32m'0.00'[39m, [32m'4.27'[39m, [32m'3.47'[39m, [32m'0.00'[39m ]
data rcv RT:[ [32m'0.00'[39m, [32m'4.25'[39m, [32m'3.41'[39m, [32m'0.00'[39m ]
data rcv RT:[ [32m'0.00'[39m, [32m'4.29'[39m, [32m'3.44'[39m, [32m'0.00'[39m ]
data rcv RT:[ [32m'0.00'[39m, [32m'4.26'[39m, [32m'3.38'[39m, [32m'0.00'[39m ]
data rcv RT:[ [32m'0.00'[39m, [32m'4.26'[39m, [32m'3.42'[39m, [32m'0.00'[39m ]
data rcv RT:[ [32m'0.00'[39m, [32m'4.29'[39m, [32m'3.42'[39m, [32m'0.00'[39m ]
data rcv RT:[ [32m'0.00'[39m, [32m'4.29'[39m, [32m'3.37'[39m, [32m'0.00'[39m ]
data rcv RT:[ [32m'0.00'[39m, [32m'4.28'[39m, [32m'3.39'[39m, [32m'0.00'[39m ]
data rcv RT:[ [32m'0.00'[39m, [32m'4.30'[39m, [32m'3.39'[39m, [32m'0.00'[39m ]
data rcv RT:[ [32m'0.00'[39m, [32m'4.31'[39m, [32m'3.37'[39m, [32m'0.01'[39m ]
data rcv RT:[ [32m'0.00'[39m, [32m'4.31'[39m, [32m'3.33'[39m, [32m'0.04'[39m ]
data rcv RT:[ [32m'0.00'[39m, [32m'4.35'[39m, [32m'3.38'[39m, [32m'0.01'[39m ]
data rcv RT:[ [32m'0.00'[39m, [32m'4.39'[39m, [32m'3.38'[39m, [32m'0.03'[39m ]
data rcv RT:[ [32m'0.00'[39m, [32m'4.36'[39m, [32m'3.41'[39m, [32m'0.00'[39m ]
data rcv RT:[ [32m'0.00'[39m, [32m'4.36'[39m, [32m'3.43'[39m, [32m'0.00'[39m ]
data rcv RT:[ [32m'0.00'[39m, [32m'4.36'[39m, [32m'3.42'[39m, [32m'0.00'[39m ]
data rcv RT:[ [32m'0.00'[39m, [32m'4.33'[39m, [32m'3.43'[39m, [32m'0.00'[39m ]
data rcv RT:[ [32m'0.00'[39m, [32m'4.30'[39m, [32m'3.43'[39m, [32m'0.00'[39m ]
data rcv RT:[ [32m'0.00'[39m, [32m'4.31'[39m, [32m'3.42'[39m, [32m'0.00'[39m ]
data rcv RT:[ [32m'0.00'[39m, [32m'4.26'[39m, [32m'3.42'[39m, [32m'0.00'[39m ]
data rcv RT:[ [32m'0.00'[39m, [32m'4.29'[39m, [32m'3.45'[39m, [32m'0.00'[39m ]
data rcv RT:[ [32m'0.00'[39m, [32m'4.25'[39m, [32m'3.41'[39m, [32m'0.00'[39m ]
data rcv RT:[ [32m'0.00'[39m, [32m'4.30'[39m, [32m'3.37'[39m, [32m'0.00'[39m ]
data rcv RT:[ [32m'0.00'[39m, [32m'4.28'[39m, [32m'3.39'[39m, [32m'0.00'[39m ]
data rcv RT:[ [32m'0.00'[39m, [32m'4.33'[39m, [32m'3.39'[39m, [32m'0.01'[39m ]
data rcv RT:[ [32m'0.00'[39m, [32m'4.32'[39m, [32m'3.39'[39m, [32m'0.01'[39m ]
data rcv RT:[ [32m'0.00'[39m, [32m'4.37'[39m, [32m'3.36'[39m, [32m'0.06'[39m ]
data rcv RT:[ [32m'0.00'[39m, [32m'4.33'[39m, [32m'3.36'[39m, [32m'0.01'[39m ]
data rcv RT:[ [32m'0.00'[39m, [32m'4.35'[39m, [32m'3.40'[39m, [32m'0.02'[39m ]
data rcv RT:[ [32m'0.00'[39m, [32m'4.35'[39m, [32m'3.43'[39m, [32m'0.00'[39m ]
data rcv RT:[ [32m'0.00'[39m, [32m'4.31'[39m, [32m'3.43'[39m, [32m'0.00'[39m ]
data rcv RT:[ [32m'0.00'[39m, [32m'4.33'[39m, [32m'3.42'[39m, [32m'0.00'[39m ]
data rcv RT:[ [32m'0.00'[39m, [32m'4.31'[39m, [32m'3.47'[39m, [32m'0.00'[39m ]
data rcv RT:[ [32m'0.00'[39m, [32m'4.31'[39m, [32m'3.48'[39m, [32m'0.00'[39m ]
data rcv RT:[ [32m'0.00'[39m, [32m'4.28'[39m, [32m'3.45'[39m, [32m'0.00'[39m ]
data rcv RT:[ [32m'0.00'[39m, [32m'4.26'[39m, [32m'3.41'[39m, [32m'0.00'[39m ]
data rcv RT:[ [32m'0.00'[39m, [32m'4.27'[39m, [32m'3.39'[39m, [32m'0.00'[39m ]
data rcv RT:[ [32m'0.00'[39m, [32m'4.30'[39m, [32m'3.38'[39m, [32m'0.01'[39m ]
data rcv RT:[ [32m'0.00'[39m, [32m'4.29'[39m, [32m'3.38'[39m, [32m'0.00'[39m ]
data rcv RT:[ [32m'0.00'[39m, [32m'4.31'[39m, [32m'3.40'[39m, [32m'0.01'[39m ]
data rcv RT:[ [32m'0.00'[39m, [32m'4.33'[39m, [32m'3.39'[39m, [32m'0.00'[39m ]
data rcv RT:[ [32m'0.00'[39m, [32m'4.31'[39m, [32m'3.39'[39m, [32m'0.01'[39m ]
data rcv RT:[ [32m'0.00'[39m, [32m'4.35'[39m, [32m'3.38'[39m, [32m'0.02'[39m ]
data rcv RT:[ [32m'0.00'[39m, [32m'4.37'[39m, [32m'3.41'[39m, [32m'0.03'[39m ]
data rcv RT:[ [32m'0.00'[39m, [32m'4.36'[39m, [32m'3.38'[39m, [32m'0.04'[39m ]
data rcv RT:[ [32m'0.00'[39m, [32m'4.37'[39m, [32m'3.41'[39m, [32m'0.01'[39m ]
data rcv RT:[ [32m'0.00'[39m, [32m'4.35'[39m, [32m'3.40'[39m, [32m'0.00'[39m ]
data rcv RT:[ [32m'0.00'[39m, [32m'4.32'[39m, [32m'3.43'[39m, [32m'0.00'[39m ]
data rcv RT:[ [32m'0.00'[39m, [32m'4.31'[39m, [32m'3.44'[39m, [32m'0.00'[39m ]
data rcv RT:[ [32m'0.00'[39m, [32m'4.28'[39m, [32m'3.43'[39m, [32m'0.00'[39m ]
data rcv RT:[ [32m'0.00'[39m, [32m'4.29'[39m, [32m'3.48'[39m, [32m'0.00'[39m ]
data rcv RT:[ [32m'0.00'[39m, [32m'4.26'[39m, [32m'3.42'[39m, [32m'0.00'[39m ]
data rcv RT:[ [32m'0.00'[39m, [32m'4.27'[39m, [32m'3.41'[39m, [32m'0.00'[39m ]
data rcv RT:[ [32m'0.00'[39m, [32m'4.27'[39m, [32m'3.37'[39m, [32m'0.00'[39m ]
data rcv RT:[ [32m'0.00'[39m, [32m'4.28'[39m, [32m'3.38'[39m, [32m'0.00'[39m ]
data rcv RT:[ [32m'0.00'[39m, [32m'4.29'[39m, [32m'3.37'[39m, [32m'0.00'[39m ]
data rcv RT:[ [32m'0.00'[39m, [32m'4.29'[39m, [32m'3.38'[39m, [32m'0.00'[39m ]
data rcv RT:[ [32m'0.00'[39m, [32m'4.33'[39m, [32m'3.39'[39m, [32m'0.00'[39m ]
data rcv RT:[ [32m'0.00'[39m, [32m'4.31'[39m, [32m'3.39'[39m, [32m'0.01'[39m ]
data rcv RT:[ [32m'0.00'[39m, [32m'4.38'[39m, [32m'3.41'[39m, [32m'0.01'[39m ]
data rcv RT:[ [32m'0.00'[39m, [32m'4.35'[39m, [32m'3.35'[39m, [32m'0.06'[39m ]
data rcv RT:[ [32m'0.00'[39m, [32m'4.36'[39m, [32m'3.40'[39m, [32m'0.01'[39m ]
data rcv RT:[ [32m'0.00'[39m, [32m'4.37'[39m, [32m'3.43'[39m, [32m'0.00'[39m ]
data rcv RT:[ [32m'0.00'[39m, [32m'4.36'[39m, [32m'3.38'[39m, [32m'0.01'[39m ]
data rcv RT:[ [32m'0.00'[39m, [32m'4.35'[39m, [32m'3.42'[39m, [32m'0.00'[39m ]
data rcv RT:[ [32m'0.00'[39m, [32m'4.37'[39m, [32m'3.43'[39m, [32m'0.00'[39m ]
data rcv RT:[ [32m'0.00'[39m, [32m'4.34'[39m, [32m'3.44'[39m, [32m'0.00'[39m ]
data rcv RT:[ [32m'0.00'[39m, [32m'4.33'[39m, [32m'3.42'[39m, [32m'0.00'[39m ]
data rcv RT:[ [32m'0.00'[39m, [32m'4.30'[39m, [32m'3.44'[39m, [32m'0.00'[39m ]
data rcv RT:[ [32m'0.00'[39m, [32m'4.32'[39m, [32m'3.41'[39m, [32m'0.00'[39m ]
data rcv RT:[ [32m'0.00'[39m, [32m'4.28'[39m, [32m'3.44'[39m, [32m'0.00'[39m ]
data rcv RT:[ [32m'0.00'[39m, [32m'4.30'[39m, [32m'3.44'[39m, [32m'0.00'[39m ]
data rcv RT:[ [32m'0.00'[39m, [32m'4.29'[39m, [32m'3.43'[39m, [32m'0.00'[39m ]
data rcv RT:[ [32m'0.00'[39m, [32m'4.27'[39m, [32m'3.39'[39m, [32m'0.00'[39m ]
data rcv RT:[ [32m'0.00'[39m, [32m'4.29'[39m, [32m'3.38'[39m, [32m'0.00'[39m ]
data rcv RT:[ [32m'0.00'[39m, [32m'4.31'[39m, [32m'3.37'[39m, [32m'0.00'[39m ]
data rcv RT:[ [32m'0.00'[39m, [32m'4.31'[39m, [32m'3.36'[39m, [32m'0.02'[39m ]
data rcv RT:[ [32m'0.00'[39m, [32m'4.31'[39m, [32m'3.39'[39m, [32m'0.01'[39m ]
data rcv RT:[ [32m'0.00'[39m, [32m'4.34'[39m, [32m'3.38'[39m, [32m'0.00'[39m ]
data rcv RT:[ [32m'0.00'[39m, [32m'4.36'[39m, [32m'3.40'[39m, [32m'0.00'[39m ]
data rcv RT:[ [32m'0.00'[39m, [32m'4.34'[39m, [32m'3.35'[39m, [32m'0.06'[39m ]
data rcv RT:[ [32m'0.00'[39m, [32m'4.34'[39m, [32m'3.36'[39m, [32m'0.05'[39m ]
data rcv RT:[ [32m'0.00'[39m, [32m'4.35'[39m, [32m'3.45'[39m, [32m'0.00'[39m ]
data rcv RT:[ [32m'0.00'[39m, [32m'4.34'[39m, [32m'3.42'[39m, [32m'0.00'[39m ]
data rcv RT:[ [32m'0.00'[39m, [32m'4.32'[39m, [32m'3.42'[39m, [32m'0.00'[39m ]
data rcv RT:[ [32m'0.00'[39m, [32m'4.32'[39m, [32m'3.42'[39m, [32m'0.00'[39m ]
data rcv RT:[ [32m'0.00'[39m, [32m'4.29'[39m, [32m'3.43'[39m, [32m'0.00'[39m ]
data rcv RT:[ [32m'0.00'[39m, [32m'4.29'[39m, [32m'3.45'[39m, [32m'0.00'[39m ]
data rcv RT:[ [32m'0.00'[39m, [32m'4.24'[39m, [32m'3.40'[39m, [32m'0.00'[39m ]
data rcv RT:[ [32m'0.00'[39m, [32m'4.28'[39m, [32m'3.38'[39m, [32m'0.00'[39m ]
data rcv RT:[ [32m'0.00'[39m, [32m'4.29'[39m, [32m'3.39'[39m, [32m'0.00'[39m ]
data rcv RT:[ [32m'0.00'[39m, [32m'4.32'[39m, [32m'3.37'[39m, [32m'0.01'[39m ]
data rcv RT:[ [32m'0.00'[39m, [32m'4.38'[39m, [32m'3.41'[39m, [32m'0.03'[39m ]
data rcv RT:[ [32m'0.00'[39m, [32m'4.34'[39m, [32m'3.35'[39m, [32m'0.06'[39m ]
data rcv RT:[ [32m'0.00'[39m, [32m'4.33'[39m, [32m'3.43'[39m, [32m'0.00'[39m ]
data rcv RT:[ [32m'0.00'[39m, [32m'4.33'[39m, [32m'3.41'[39m, [32m'0.00'[39m ]
data rcv RT:[ [32m'0.00'[39m, [32m'4.33'[39m, [32m'3.44'[39m, [32m'0.00'[39m ]
data rcv RT:[ [32m'0.00'[39m, [32m'4.29'[39m, [32m'3.42'[39m, [32m'0.00'[39m ]
data rcv RT:[ [32m'0.00'[39m, [32m'4.31'[39m, [32m'3.39'[39m, [32m'0.00'[39m ]
data rcv RT:[ [32m'0.00'[39m, [32m'4.27'[39m, [32m'3.42'[39m, [32m'0.00'[39m ]
data rcv RT:[ [32m'0.00'[39m, [32m'4.26'[39m, [32m'3.39'[39m, [32m'0.00'[39m ]
data rcv RT:[ [32m'0.00'[39m, [32m'4.29'[39m, [32m'3.37'[39m, [32m'0.00'[39m ]
data rcv RT:[ [32m'0.00'[39m, [32m'4.28'[39m, [32m'3.37'[39m, [32m'0.01'[39m ]
data rcv RT:[ [32m'0.00'[39m, [32m'4.33'[39m, [32m'3.38'[39m, [32m'0.02'[39m ]
data rcv RT:[ [32m'0.00'[39m, [32m'4.34'[39m, [32m'3.38'[39m, [32m'0.01'[39m ]
data rcv RT:[ [32m'0.00'[39m, [32m'4.37'[39m, [32m'3.39'[39m, [32m'0.02'[39m ]
data rcv RT:[ [32m'0.00'[39m, [32m'4.39'[39m, [32m'3.42'[39m, [32m'0.00'[39m ]
data rcv RT:[ [32m'0.00'[39m, [32m'4.34'[39m, [32m'3.43'[39m, [32m'0.00'[39m ]
data rcv RT:[ [32m'0.00'[39m, [32m'4.32'[39m, [32m'3.43'[39m, [32m'0.00'[39m ]
data rcv RT:[ [32m'0.00'[39m, [32m'4.31'[39m, [32m'3.42'[39m, [32m'0.00'[39m ]
data rcv RT:[ [32m'0.00'[39m, [32m'4.30'[39m, [32m'3.43'[39m, [32m'0.00'[39m ]
data rcv RT:[ [32m'0.00'[39m, [32m'4.29'[39m, [32m'3.46'[39m, [32m'0.00'[39m ]
data rcv RT:[ [32m'0.00'[39m, [32m'4.26'[39m, [32m'3.41'[39m, [32m'0.00'[39m ]
data rcv RT:[ [32m'0.00'[39m, [32m'4.27'[39m, [32m'3.40'[39m, [32m'0.00'[39m ]
data rcv RT:[ [32m'0.00'[39m, [32m'4.30'[39m, [32m'3.38'[39m, [32m'0.00'[39m ]
data rcv RT:[ [32m'0.00'[39m, [32m'4.32'[39m, [32m'3.37'[39m, [32m'0.01'[39m ]
data rcv RT:[ [32m'0.00'[39m, [32m'4.30'[39m, [32m'3.39'[39m, [32m'0.01'[39m ]
data rcv RT:[ [32m'0.00'[39m, [32m'4.34'[39m, [32m'3.36'[39m, [32m'0.03'[39m ]
data rcv RT:[ [32m'0.00'[39m, [32m'4.33'[39m, [32m'3.37'[39m, [32m'0.04'[39m ]
data rcv RT:[ [32m'0.00'[39m, [32m'4.37'[39m, [32m'3.42'[39m, [32m'0.00'[39m ]
data rcv RT:[ [32m'0.00'[39m, [32m'4.35'[39m, [32m'3.42'[39m, [32m'0.00'[39m ]
data rcv RT:[ [32m'0.00'[39m, [32m'4.31'[39m, [32m'3.42'[39m, [32m'0.00'[39m ]
data rcv RT:[ [32m'0.00'[39m, [32m'4.32'[39m, [32m'3.43'[39m, [32m'0.00'[39m ]
data rcv RT:[ [32m'0.00'[39m, [32m'4.29'[39m, [32m'3.44'[39m, [32m'0.00'[39m ]
data rcv RT:[ [32m'0.00'[39m, [32m'4.30'[39m, [32m'3.43'[39m, [32m'0.00'[39m ]
data rcv RT:[ [32m'0.00'[39m, [32m'4.26'[39m, [32m'3.40'[39m, [32m'0.00'[39m ]
data rcv RT:[ [32m'0.00'[39m, [32m'4.26'[39m, [32m'3.44'[39m, [32m'0.00'[39m ]
data rcv RT:[ [32m'0.00'[39m, [32m'4.27'[39m, [32m'3.38'[39m, [32m'0.00'[39m ]
data rcv RT:[ [32m'0.00'[39m, [32m'4.26'[39m, [32m'3.40'[39m, [32m'0.00'[39m ]
data rcv RT:[ [32m'0.00'[39m, [32m'4.34'[39m, [32m'3.38'[39m, [32m'0.02'[39m ]
data rcv RT:[ [32m'0.00'[39m, [32m'4.33'[39m, [32m'3.40'[39m, [32m'0.01'[39m ]
data rcv RT:[ [32m'0.00'[39m, [32m'4.35'[39m, [32m'3.38'[39m, [32m'0.02'[39m ]
data rcv RT:[ [32m'0.00'[39m, [32m'4.36'[39m, [32m'3.39'[39m, [32m'0.05'[39m ]
data rcv RT:[ [32m'0.00'[39m, [32m'4.36'[39m, [32m'3.40'[39m, [32m'0.00'[39m ]
data rcv RT:[ [32m'0.00'[39m, [32m'4.35'[39m, [32m'3.43'[39m, [32m'0.00'[39m ]
data rcv RT:[ [32m'0.00'[39m, [32m'4.32'[39m, [32m'3.43'[39m, [32m'0.00'[39m ]
data rcv RT:[ [32m'0.00'[39m, [32m'4.33'[39m, [32m'3.44'[39m, [32m'0.00'[39m ]
data rcv RT:[ [32m'0.00'[39m, [32m'4.31'[39m, [32m'3.42'[39m, [32m'0.00'[39m ]
data rcv RT:[ [32m'0.00'[39m, [32m'4.32'[39m, [32m'3.41'[39m, [32m'0.00'[39m ]
data rcv RT:[ [32m'0.00'[39m, [32m'4.29'[39m, [32m'3.43'[39m, [32m'0.00'[39m ]
data rcv RT:[ [32m'0.00'[39m, [32m'4.28'[39m, [32m'3.39'[39m, [32m'0.00'[39m ]
data rcv RT:[ [32m'0.00'[39m, [32m'4.26'[39m, [32m'3.40'[39m, [32m'0.00'[39m ]
data rcv RT:[ [32m'0.00'[39m, [32m'4.24'[39m, [32m'3.40'[39m, [32m'0.00'[39m ]
data rcv RT:[ [32m'0.00'[39m, [32m'4.27'[39m, [32m'3.40'[39m, [32m'0.00'[39m ]
data rcv RT:[ [32m'0.00'[39m, [32m'4.31'[39m, [32m'3.38'[39m, [32m'0.00'[39m ]
data rcv RT:[ [32m'0.00'[39m, [32m'4.30'[39m, [32m'3.38'[39m, [32m'0.01'[39m ]
data rcv RT:[ [32m'0.00'[39m, [32m'4.31'[39m, [32m'3.38'[39m, [32m'0.00'[39m ]
data rcv RT:[ [32m'0.00'[39m, [32m'4.34'[39m, [32m'3.37'[39m, [32m'0.03'[39m ]
data rcv RT:[ [32m'0.00'[39m, [32m'4.36'[39m, [32m'3.35'[39m, [32m'0.07'[39m ]
data rcv RT:[ [32m'0.00'[39m, [32m'4.38'[39m, [32m'3.39'[39m, [32m'0.02'[39m ]
data rcv RT:[ [32m'0.00'[39m, [32m'4.35'[39m, [32m'3.41'[39m, [32m'0.00'[39m ]
data rcv RT:[ [32m'0.00'[39m, [32m'4.35'[39m, [32m'3.43'[39m, [32m'0.00'[39m ]
data rcv RT:[ [32m'0.00'[39m, [32m'4.32'[39m, [32m'3.42'[39m, [32m'0.00'[39m ]
data rcv RT:[ [32m'0.00'[39m, [32m'4.30'[39m, [32m'3.42'[39m, [32m'0.00'[39m ]
data rcv RT:[ [32m'0.00'[39m, [32m'4.27'[39m, [32m'3.44'[39m, [32m'0.00'[39m ]
data rcv RT:[ [32m'0.00'[39m, [32m'4.25'[39m, [32m'3.42'[39m, [32m'0.00'[39m ]
data rcv RT:[ [32m'0.00'[39m, [32m'4.25'[39m, [32m'3.37'[39m, [32m'0.00'[39m ]
data rcv RT:[ [32m'0.00'[39m, [32m'4.30'[39m, [32m'3.37'[39m, [32m'0.00'[39m ]
data rcv RT:[ [32m'0.00'[39m, [32m'4.32'[39m, [32m'3.37'[39m, [32m'0.01'[39m ]
data rcv RT:[ [32m'0.00'[39m, [32m'4.33'[39m, [32m'3.40'[39m, [32m'0.00'[39m ]
data rcv RT:[ [32m'0.00'[39m, [32m'4.36'[39m, [32m'3.40'[39m, [32m'0.01'[39m ]
data rcv RT:[ [32m'0.00'[39m, [32m'4.37'[39m, [32m'3.40'[39m, [32m'0.01'[39m ]
data rcv RT:[ [32m'0.00'[39m, [32m'4.37'[39m, [32m'3.41'[39m, [32m'0.00'[39m ]
data rcv RT:[ [32m'0.00'[39m, [32m'4.36'[39m, [32m'3.42'[39m, [32m'0.00'[39m ]
data rcv RT:[ [32m'0.00'[39m, [32m'4.35'[39m, [32m'3.42'[39m, [32m'0.00'[39m ]
data rcv RT:[ [32m'0.00'[39m, [32m'4.32'[39m, [32m'3.43'[39m, [32m'0.00'[39m ]
data rcv RT:[ [32m'0.00'[39m, [32m'4.32'[39m, [32m'3.42'[39m, [32m'0.00'[39m ]
data rcv RT:[ [32m'0.00'[39m, [32m'4.28'[39m, [32m'3.44'[39m, [32m'0.00'[39m ]
data rcv RT:[ [32m'0.00'[39m, [32m'4.28'[39m, [32m'3.46'[39m, [32m'0.00'[39m ]
data rcv RT:[ [32m'0.00'[39m, [32m'4.28'[39m, [32m'3.40'[39m, [32m'0.00'[39m ]
data rcv RT:[ [32m'0.00'[39m, [32m'4.30'[39m, [32m'3.38'[39m, [32m'0.00'[39m ]
data rcv RT:[ [32m'0.00'[39m, [32m'4.29'[39m, [32m'3.40'[39m, [32m'0.00'[39m ]
data rcv RT:[ [32m'0.00'[39m, [32m'4.29'[39m, [32m'3.39'[39m, [32m'0.00'[39m ]
data rcv RT:[ [32m'0.00'[39m, [32m'4.34'[39m, [32m'3.39'[39m, [32m'0.00'[39m ]
data rcv RT:[ [32m'0.00'[39m, [32m'4.32'[39m, [32m'3.38'[39m, [32m'0.00'[39m ]
data rcv RT:[ [32m'0.00'[39m, [32m'4.30'[39m, [32m'3.44'[39m, [32m'0.00'[39m ]
data rcv RT:[ [32m'0.00'[39m, [32m'4.29'[39m, [32m'3.43'[39m, [32m'0.00'[39m ]
data rcv RT:[ [32m'0.00'[39m, [32m'4.30'[39m, [32m'3.47'[39m, [32m'0.00'[39m ]
data rcv RT:[ [32m'0.00'[39m, [32m'4.27'[39m, [32m'3.43'[39m, [32m'0.00'[39m ]
data rcv RT:[ [32m'0.00'[39m, [32m'4.25'[39m, [32m'3.41'[39m, [32m'0.00'[39m ]
data rcv RT:[ [32m'0.00'[39m, [32m'4.26'[39m, [32m'3.40'[39m, [32m'0.00'[39m ]
data rcv RT:[ [32m'0.00'[39m, [32m'4.27'[39m, [32m'3.39'[39m, [32m'0.00'[39m ]
data rcv RT:[ [32m'0.00'[39m, [32m'4.28'[39m, [32m'3.39'[39m, [32m'0.00'[39m ]
data rcv RT:[ [32m'0.00'[39m, [32m'4.34'[39m, [32m'3.38'[39m, [32m'0.02'[39m ]
data rcv RT:[ [32m'0.00'[39m, [32m'4.33'[39m, [32m'3.39'[39m, [32m'0.00'[39m ]
data rcv RT:[ [32m'0.00'[39m, [32m'4.34'[39m, [32m'3.36'[39m, [32m'0.01'[39m ]
data rcv RT:[ [32m'0.00'[39m, [32m'4.37'[39m, [32m'3.40'[39m, [32m'0.02'[39m ]
data rcv RT:[ [32m'0.00'[39m, [32m'4.36'[39m, [32m'3.36'[39m, [32m'0.05'[39m ]
data rcv RT:[ [32m'0.00'[39m, [32m'4.38'[39m, [32m'3.40'[39m, [32m'0.01'[39m ]
data rcv RT:[ [32m'0.00'[39m, [32m'4.35'[39m, [32m'3.39'[39m, [32m'0.01'[39m ]
data rcv RT:[ [32m'0.00'[39m, [32m'4.34'[39m, [32m'3.42'[39m, [32m'0.00'[39m ]
data rcv RT:[ [32m'0.00'[39m, [32m'4.35'[39m, [32m'3.42'[39m, [32m'0.00'[39m ]
data rcv RT:[ [32m'0.00'[39m, [32m'4.34'[39m, [32m'3.41'[39m, [32m'0.00'[39m ]
data rcv RT:[ [32m'0.00'[39m, [32m'4.32'[39m, [32m'3.43'[39m, [32m'0.00'[39m ]
data rcv RT:[ [32m'0.00'[39m, [32m'4.34'[39m, [32m'3.44'[39m, [32m'0.00'[39m ]
data rcv RT:[ [32m'0.00'[39m, [32m'4.31'[39m, [32m'3.42'[39m, [32m'0.00'[39m ]
data rcv RT:[ [32m'0.00'[39m, [32m'4.33'[39m, [32m'3.43'[39m, [32m'0.00'[39m ]
data rcv RT:[ [32m'0.00'[39m, [32m'4.29'[39m, [32m'3.44'[39m, [32m'0.00'[39m ]
data rcv RT:[ [32m'0.00'[39m, [32m'4.30'[39m, [32m'3.44'[39m, [32m'0.00'[39m ]
data rcv RT:[ [32m'0.00'[39m, [32m'4.29'[39m, [32m'3.41'[39m, [32m'0.00'[39m ]
data rcv RT:[ [32m'0.00'[39m, [32m'4.26'[39m, [32m'3.42'[39m, [32m'0.00'[39m ]
data rcv RT:[ [32m'0.00'[39m, [32m'4.27'[39m, [32m'3.40'[39m, [32m'0.00'[39m ]
data rcv RT:[ [32m'0.00'[39m, [32m'4.26'[39m, [32m'3.40'[39m, [32m'0.00'[39m ]
data rcv RT:[ [32m'0.00'[39m, [32m'4.28'[39m, [32m'3.38'[39m, [32m'0.00'[39m ]
data rcv RT:[ [32m'0.00'[39m, [32m'4.29'[39m, [32m'3.37'[39m, [32m'0.01'[39m ]
data rcv RT:[ [32m'0.00'[39m, [32m'4.29'[39m, [32m'3.38'[39m, [32m'0.00'[39m ]
data rcv RT:[ [32m'0.00'[39m, [32m'4.31'[39m, [32m'3.38'[39m, [32m'0.00'[39m ]
data rcv RT:[ [32m'0.00'[39m, [32m'4.32'[39m, [32m'3.37'[39m, [32m'0.03'[39m ]
data rcv RT:[ [32m'0.00'[39m, [32m'4.35'[39m, [32m'3.40'[39m, [32m'0.05'[39m ]
data rcv RT:[ [32m'0.00'[39m, [32m'4.37'[39m, [32m'3.39'[39m, [32m'0.02'[39m ]
data rcv RT:[ [32m'0.00'[39m, [32m'4.34'[39m, [32m'3.44'[39m, [32m'0.00'[39m ]
data rcv RT:[ [32m'0.00'[39m, [32m'4.34'[39m, [32m'3.44'[39m, [32m'0.00'[39m ]
data rcv RT:[ [32m'0.00'[39m, [32m'4.36'[39m, [32m'3.42'[39m, [32m'0.00'[39m ]
data rcv RT:[ [32m'0.00'[39m, [32m'4.35'[39m, [32m'3.39'[39m, [32m'0.00'[39m ]
data rcv RT:[ [32m'0.00'[39m, [32m'4.33'[39m, [32m'3.44'[39m, [32m'0.00'[39m ]
data rcv RT:[ [32m'0.00'[39m, [32m'4.33'[39m, [32m'3.44'[39m, [32m'0.00'[39m ]
data rcv RT:[ [32m'0.00'[39m, [32m'4.30'[39m, [32m'3.42'[39m, [32m'0.00'[39m ]
data rcv RT:[ [32m'0.00'[39m, [32m'4.31'[39m, [32m'3.45'[39m, [32m'0.00'[39m ]
data rcv RT:[ [32m'0.00'[39m, [32m'4.30'[39m, [32m'3.46'[39m, [32m'0.00'[39m ]
data rcv RT:[ [32m'0.00'[39m, [32m'4.24'[39m, [32m'3.43'[39m, [32m'0.00'[39m ]
data rcv RT:[ [32m'0.00'[39m, [32m'4.28'[39m, [32m'3.40'[39m, [32m'0.00'[39m ]
data rcv RT:[ [32m'0.00'[39m, [32m'4.28'[39m, [32m'3.37'[39m, [32m'0.00'[39m ]
data rcv RT:[ [32m'0.00'[39m, [32m'4.30'[39m, [32m'3.39'[39m, [32m'0.01'[39m ]
data rcv RT:[ [32m'0.00'[39m, [32m'4.29'[39m, [32m'3.39'[39m, [32m'0.00'[39m ]
data rcv RT:[ [32m'0.00'[39m, [32m'4.34'[39m, [32m'3.39'[39m, [32m'0.02'[39m ]
data rcv RT:[ [32m'0.00'[39m, [32m'4.37'[39m, [32m'3.39'[39m, [32m'0.03'[39m ]
data rcv RT:[ [32m'0.00'[39m, [32m'4.36'[39m, [32m'3.37'[39m, [32m'0.03'[39m ]
data rcv RT:[ [32m'0.00'[39m, [32m'4.39'[39m, [32m'3.44'[39m, [32m'0.00'[39m ]
data rcv RT:[ [32m'0.00'[39m, [32m'4.37'[39m, [32m'3.41'[39m, [32m'0.00'[39m ]
data rcv RT:[ [32m'0.00'[39m, [32m'4.35'[39m, [32m'3.42'[39m, [32m'0.00'[39m ]
data rcv RT:[ [32m'0.00'[39m, [32m'4.35'[39m, [32m'3.41'[39m, [32m'0.00'[39m ]
data rcv RT:[ [32m'0.00'[39m, [32m'4.31'[39m, [32m'3.43'[39m, [32m'0.00'[39m ]
data rcv RT:[ [32m'0.00'[39m, [32m'4.33'[39m, [32m'3.44'[39m, [32m'0.00'[39m ]
data rcv RT:[ [32m'0.00'[39m, [32m'4.30'[39m, [32m'3.43'[39m, [32m'0.00'[39m ]
data rcv RT:[ [32m'0.00'[39m, [32m'4.29'[39m, [32m'3.41'[39m, [32m'0.00'[39m ]
data rcv RT:[ [32m'0.00'[39m, [32m'4.26'[39m, [32m'3.42'[39m, [32m'0.00'[39m ]
data rcv RT:[ [32m'0.00'[39m, [32m'4.26'[39m, [32m'3.42'[39m, [32m'0.00'[39m ]
data rcv RT:[ [32m'0.00'[39m, [32m'4.27'[39m, [32m'3.40'[39m, [32m'0.00'[39m ]
data rcv RT:[ [32m'0.00'[39m, [32m'4.25'[39m, [32m'3.37'[39m, [32m'0.00'[39m ]
data rcv RT:[ [32m'0.00'[39m, [32m'4.29'[39m, [32m'3.39'[39m, [32m'0.00'[39m ]
data rcv RT:[ [32m'0.00'[39m, [32m'4.29'[39m, [32m'3.38'[39m, [32m'0.01'[39m ]
data rcv RT:[ [32m'0.00'[39m, [32m'4.33'[39m, [32m'3.37'[39m, [32m'0.02'[39m ]
data rcv RT:[ [32m'0.00'[39m, [32m'4.35'[39m, [32m'3.38'[39m, [32m'0.07'[39m ]
data rcv RT:[ [32m'0.00'[39m, [32m'4.37'[39m, [32m'3.38'[39m, [32m'0.03'[39m ]
data rcv RT:[ [32m'0.00'[39m, [32m'4.36'[39m, [32m'3.42'[39m, [32m'0.00'[39m ]
data rcv RT:[ [32m'0.00'[39m, [32m'4.35'[39m, [32m'3.45'[39m, [32m'0.00'[39m ]
data rcv RT:[ [32m'0.00'[39m, [32m'4.34'[39m, [32m'3.43'[39m, [32m'0.00'[39m ]
data rcv RT:[ [32m'0.00'[39m, [32m'4.34'[39m, [32m'3.41'[39m, [32m'0.00'[39m ]
data rcv RT:[ [32m'0.00'[39m, [32m'4.30'[39m, [32m'3.41'[39m, [32m'0.00'[39m ]
data rcv RT:[ [32m'0.00'[39m, [32m'4.29'[39m, [32m'3.42'[39m, [32m'0.00'[39m ]
data rcv RT:[ [32m'0.00'[39m, [32m'4.27'[39m, [32m'3.42'[39m, [32m'0.00'[39m ]
data rcv RT:[ [32m'0.00'[39m, [32m'4.27'[39m, [32m'3.41'[39m, [32m'0.00'[39m ]
data rcv RT:[ [32m'0.00'[39m, [32m'4.25'[39m, [32m'3.45'[39m, [32m'0.00'[39m ]
data rcv RT:[ [32m'0.00'[39m, [32m'4.24'[39m, [32m'3.38'[39m, [32m'0.00'[39m ]
data rcv RT:[ [32m'0.00'[39m, [32m'4.30'[39m, [32m'3.38'[39m, [32m'0.01'[39m ]
data rcv RT:[ [32m'0.00'[39m, [32m'4.31'[39m, [32m'3.38'[39m, [32m'0.01'[39m ]
data rcv RT:[ [32m'0.00'[39m, [32m'4.32'[39m, [32m'3.39'[39m, [32m'0.01'[39m ]
data rcv RT:[ [32m'0.00'[39m, [32m'4.36'[39m, [32m'3.37'[39m, [32m'0.03'[39m ]
data rcv RT:[ [32m'0.00'[39m, [32m'4.38'[39m, [32m'3.42'[39m, [32m'0.00'[39m ]
data rcv RT:[ [32m'0.00'[39m, [32m'4.38'[39m, [32m'3.44'[39m, [32m'0.00'[39m ]
data rcv RT:[ [32m'0.00'[39m, [32m'4.32'[39m, [32m'3.42'[39m, [32m'0.00'[39m ]
data rcv RT:[ [32m'0.00'[39m, [32m'4.36'[39m, [32m'3.43'[39m, [32m'0.00'[39m ]
data rcv RT:[ [32m'0.00'[39m, [32m'4.33'[39m, [32m'3.42'[39m, [32m'0.00'[39m ]
data rcv RT:[ [32m'0.00'[39m, [32m'4.31'[39m, [32m'3.42'[39m, [32m'0.00'[39m ]
data rcv RT:[ [32m'0.00'[39m, [32m'4.32'[39m, [32m'3.42'[39m, [32m'0.00'[39m ]
data rcv RT:[ [32m'0.00'[39m, [32m'4.30'[39m, [32m'3.47'[39m, [32m'0.00'[39m ]
data rcv RT:[ [32m'0.00'[39m, [32m'4.26'[39m, [32m'3.41'[39m, [32m'0.00'[39m ]
data rcv RT:[ [32m'0.00'[39m, [32m'4.25'[39m, [32m'3.40'[39m, [32m'0.00'[39m ]
data rcv RT:[ [32m'0.00'[39m, [32m'4.27'[39m, [32m'3.39'[39m, [32m'0.00'[39m ]
data rcv RT:[ [32m'0.00'[39m, [32m'4.31'[39m, [32m'3.39'[39m, [32m'0.00'[39m ]
data rcv RT:[ [32m'0.00'[39m, [32m'4.30'[39m, [32m'3.38'[39m, [32m'0.00'[39m ]
data rcv RT:[ [32m'0.00'[39m, [32m'4.30'[39m, [32m'3.38'[39m, [32m'0.00'[39m ]
data rcv RT:[ [32m'0.00'[39m, [32m'4.36'[39m, [32m'3.40'[39m, [32m'0.05'[39m ]
data rcv RT:[ [32m'0.00'[39m, [32m'4.35'[39m, [32m'3.40'[39m, [32m'0.04'[39m ]
data rcv RT:[ [32m'0.00'[39m, [32m'4.32'[39m, [32m'3.42'[39m, [32m'0.00'[39m ]
data rcv RT:[ [32m'0.00'[39m, [32m'4.32'[39m, [32m'3.43'[39m, [32m'0.00'[39m ]
data rcv RT:[ [32m'0.00'[39m, [32m'4.31'[39m, [32m'3.41'[39m, [32m'0.00'[39m ]
data rcv RT:[ [32m'0.00'[39m, [32m'4.31'[39m, [32m'3.42'[39m, [32m'0.00'[39m ]
data rcv RT:[ [32m'0.00'[39m, [32m'4.31'[39m, [32m'3.49'[39m, [32m'0.00'[39m ]
data rcv RT:[ [32m'0.00'[39m, [32m'4.25'[39m, [32m'3.36'[39m, [32m'0.00'[39m ]
data rcv RT:[ [32m'0.00'[39m, [32m'4.29'[39m, [32m'3.36'[39m, [32m'0.00'[39m ]
data rcv RT:[ [32m'0.00'[39m, [32m'4.28'[39m, [32m'3.39'[39m, [32m'0.00'[39m ]
data rcv RT:[ [32m'0.00'[39m, [32m'4.31'[39m, [32m'3.40'[39m, [32m'0.00'[39m ]
data rcv RT:[ [32m'0.00'[39m, [32m'4.35'[39m, [32m'3.37'[39m, [32m'0.04'[39m ]
data rcv RT:[ [32m'0.00'[39m, [32m'4.35'[39m, [32m'3.42'[39m, [32m'0.00'[39m ]
data rcv RT:[ [32m'0.00'[39m, [32m'4.36'[39m, [32m'3.42'[39m, [32m'0.00'[39m ]
data rcv RT:[ [32m'0.00'[39m, [32m'4.34'[39m, [32m'3.44'[39m, [32m'0.00'[39m ]
data rcv RT:[ [32m'0.00'[39m, [32m'4.31'[39m, [32m'3.44'[39m, [32m'0.00'[39m ]
data rcv RT:[ [32m'0.00'[39m, [32m'4.32'[39m, [32m'3.42'[39m, [32m'0.00'[39m ]
data rcv RT:[ [32m'0.00'[39m, [32m'4.30'[39m, [32m'3.44'[39m, [32m'0.00'[39m ]
data rcv RT:[ [32m'0.00'[39m, [32m'4.29'[39m, [32m'3.44'[39m, [32m'0.00'[39m ]
data rcv RT:[ [32m'0.00'[39m, [32m'4.26'[39m, [32m'3.41'[39m, [32m'0.00'[39m ]
data rcv RT:[ [32m'0.00'[39m, [32m'4.26'[39m, [32m'3.39'[39m, [32m'0.00'[39m ]
data rcv RT:[ [32m'0.00'[39m, [32m'4.31'[39m, [32m'3.37'[39m, [32m'0.01'[39m ]
data rcv RT:[ [32m'0.00'[39m, [32m'4.33'[39m, [32m'3.38'[39m, [32m'0.01'[39m ]
data rcv RT:[ [32m'0.00'[39m, [32m'4.34'[39m, [32m'3.36'[39m, [32m'0.02'[39m ]
data rcv RT:[ [32m'0.00'[39m, [32m'4.37'[39m, [32m'3.42'[39m, [32m'0.00'[39m ]
data rcv RT:[ [32m'0.00'[39m, [32m'4.36'[39m, [32m'3.44'[39m, [32m'0.00'[39m ]
data rcv RT:[ [32m'0.00'[39m, [32m'4.31'[39m, [32m'3.43'[39m, [32m'0.00'[39m ]
data rcv RT:[ [32m'0.00'[39m, [32m'4.29'[39m, [32m'3.41'[39m, [32m'0.00'[39m ]
data rcv RT:[ [32m'0.00'[39m, [32m'4.27'[39m, [32m'3.44'[39m, [32m'0.00'[39m ]
data rcv RT:[ [32m'0.00'[39m, [32m'4.24'[39m, [32m'3.40'[39m, [32m'0.00'[39m ]
data rcv RT:[ [32m'0.00'[39m, [32m'4.27'[39m, [32m'3.39'[39m, [32m'0.00'[39m ]
data rcv RT:[ [32m'0.00'[39m, [32m'4.29'[39m, [32m'3.37'[39m, [32m'0.00'[39m ]
data rcv RT:[ [32m'0.00'[39m, [32m'4.31'[39m, [32m'3.38'[39m, [32m'0.01'[39m ]
data rcv RT:[ [32m'0.00'[39m, [32m'4.32'[39m, [32m'3.39'[39m, [32m'0.02'[39m ]
data rcv RT:[ [32m'0.00'[39m, [32m'4.34'[39m, [32m'3.38'[39m, [32m'0.02'[39m ]
data rcv RT:[ [32m'0.00'[39m, [32m'4.38'[39m, [32m'3.39'[39m, [32m'0.04'[39m ]
data rcv RT:[ [32m'0.00'[39m, [32m'4.36'[39m, [32m'3.42'[39m, [32m'0.00'[39m ]
data rcv RT:[ [32m'0.00'[39m, [32m'4.33'[39m, [32m'3.45'[39m, [32m'0.00'[39m ]
data rcv RT:[ [32m'0.00'[39m, [32m'4.32'[39m, [32m'3.43'[39m, [32m'0.00'[39m ]
data rcv RT:[ [32m'0.00'[39m, [32m'4.32'[39m, [32m'3.44'[39m, [32m'0.00'[39m ]
data rcv RT:[ [32m'0.00'[39m, [32m'4.26'[39m, [32m'3.43'[39m, [32m'0.00'[39m ]
data rcv RT:[ [32m'0.00'[39m, [32m'4.28'[39m, [32m'3.40'[39m, [32m'0.00'[39m ]
data rcv RT:[ [32m'0.00'[39m, [32m'4.28'[39m, [32m'3.38'[39m, [32m'0.00'[39m ]
data rcv RT:[ [32m'0.00'[39m, [32m'4.33'[39m, [32m'3.38'[39m, [32m'0.01'[39m ]
data rcv RT:[ [32m'0.00'[39m, [32m'4.32'[39m, [32m'3.38'[39m, [32m'0.01'[39m ]
data rcv RT:[ [32m'0.00'[39m, [32m'4.33'[39m, [32m'3.38'[39m, [32m'0.00'[39m ]
data rcv RT:[ [32m'0.00'[39m, [32m'4.35'[39m, [32m'3.37'[39m, [32m'0.06'[39m ]
data rcv RT:[ [32m'0.00'[39m, [32m'4.37'[39m, [32m'3.40'[39m, [32m'0.02'[39m ]
data rcv RT:[ [32m'0.00'[39m, [32m'4.36'[39m, [32m'3.42'[39m, [32m'0.00'[39m ]
data rcv RT:[ [32m'0.00'[39m, [32m'4.37'[39m, [32m'3.40'[39m, [32m'0.00'[39m ]
data rcv RT:[ [32m'0.00'[39m, [32m'4.31'[39m, [32m'3.42'[39m, [32m'0.00'[39m ]
data rcv RT:[ [32m'0.00'[39m, [32m'4.31'[39m, [32m'3.44'[39m, [32m'0.00'[39m ]
data rcv RT:[ [32m'0.00'[39m, [32m'4.30'[39m, [32m'3.44'[39m, [32m'0.00'[39m ]
data rcv RT:[ [32m'0.00'[39m, [32m'4.30'[39m, [32m'3.46'[39m, [32m'0.00'[39m ]
data rcv RT:[ [32m'0.00'[39m, [32m'4.25'[39m, [32m'3.43'[39m, [32m'0.00'[39m ]
data rcv RT:[ [32m'0.00'[39m, [32m'4.25'[39m, [32m'3.40'[39m, [32m'0.00'[39m ]
data rcv RT:[ [32m'0.00'[39m, [32m'4.29'[39m, [32m'3.38'[39m, [32m'0.00'[39m ]
data rcv RT:[ [32m'0.00'[39m, [32m'4.30'[39m, [32m'3.37'[39m, [32m'0.01'[39m ]
data rcv RT:[ [32m'0.00'[39m, [32m'4.35'[39m, [32m'3.37'[39m, [32m'0.02'[39m ]
data rcv RT:[ [32m'0.00'[39m, [32m'4.35'[39m, [32m'3.39'[39m, [32m'0.00'[39m ]
data rcv RT:[ [32m'0.00'[39m, [32m'4.34'[39m, [32m'3.34'[39m, [32m'0.06'[39m ]
data rcv RT:[ [32m'0.00'[39m, [32m'4.35'[39m, [32m'3.40'[39m, [32m'0.04'[39m ]
data rcv RT:[ [32m'0.00'[39m, [32m'4.37'[39m, [32m'3.41'[39m, [32m'0.00'[39m ]
data rcv RT:[ [32m'0.00'[39m, [32m'4.36'[39m, [32m'3.42'[39m, [32m'0.00'[39m ]
data rcv RT:[ [32m'0.00'[39m, [32m'4.34'[39m, [32m'3.42'[39m, [32m'0.00'[39m ]
data rcv RT:[ [32m'0.00'[39m, [32m'4.33'[39m, [32m'3.43'[39m, [32m'0.00'[39m ]
data rcv RT:[ [32m'0.00'[39m, [32m'4.29'[39m, [32m'3.44'[39m, [32m'0.00'[39m ]
data rcv RT:[ [32m'0.00'[39m, [32m'4.26'[39m, [32m'3.40'[39m, [32m'0.00'[39m ]
data rcv RT:[ [32m'0.00'[39m, [32m'4.27'[39m, [32m'3.37'[39m, [32m'0.00'[39m ]
data rcv RT:[ [32m'0.00'[39m, [32m'4.29'[39m, [32m'3.38'[39m, [32m'0.00'[39m ]
data rcv RT:[ [32m'0.00'[39m, [32m'4.34'[39m, [32m'3.38'[39m, [32m'0.01'[39m ]
data rcv RT:[ [32m'0.00'[39m, [32m'4.37'[39m, [32m'3.40'[39m, [32m'0.01'[39m ]
data rcv RT:[ [32m'0.00'[39m, [32m'4.38'[39m, [32m'3.44'[39m, [32m'0.01'[39m ]
data rcv RT:[ [32m'0.00'[39m, [32m'4.36'[39m, [32m'3.37'[39m, [32m'0.01'[39m ]
data rcv RT:[ [32m'0.00'[39m, [32m'4.38'[39m, [32m'3.39'[39m, [32m'0.02'[39m ]
data rcv RT:[ [32m'0.00'[39m, [32m'4.35'[39m, [32m'3.44'[39m, [32m'0.00'[39m ]
data rcv RT:[ [32m'0.00'[39m, [32m'4.32'[39m, [32m'3.41'[39m, [32m'0.00'[39m ]
data rcv RT:[ [32m'0.00'[39m, [32m'4.30'[39m, [32m'3.44'[39m, [32m'0.00'[39m ]
data rcv RT:[ [32m'0.00'[39m, [32m'4.30'[39m, [32m'3.46'[39m, [32m'0.00'[39m ]
data rcv RT:[ [32m'0.00'[39m, [32m'4.25'[39m, [32m'3.40'[39m, [32m'0.00'[39m ]
data rcv RT:[ [32m'0.00'[39m, [32m'4.27'[39m, [32m'3.40'[39m, [32m'0.00'[39m ]
data rcv RT:[ [32m'0.00'[39m, [32m'4.28'[39m, [32m'3.38'[39m, [32m'0.00'[39m ]
data rcv RT:[ [32m'0.00'[39m, [32m'4.31'[39m, [32m'3.40'[39m, [32m'0.01'[39m ]
data rcv RT:[ [32m'0.00'[39m, [32m'4.30'[39m, [32m'3.38'[39m, [32m'0.00'[39m ]
data rcv RT:[ [32m'0.00'[39m, [32m'4.33'[39m, [32m'3.38'[39m, [32m'0.05'[39m ]
data rcv RT:[ [32m'0.00'[39m, [32m'4.37'[39m, [32m'3.41'[39m, [32m'0.00'[39m ]
data rcv RT:[ [32m'0.00'[39m, [32m'4.38'[39m, [32m'3.40'[39m, [32m'0.01'[39m ]
data rcv RT:[ [32m'0.00'[39m, [32m'4.33'[39m, [32m'3.44'[39m, [32m'0.00'[39m ]
data rcv RT:[ [32m'0.00'[39m, [32m'4.30'[39m, [32m'3.43'[39m, [32m'0.00'[39m ]
data rcv RT:[ [32m'0.00'[39m, [32m'4.32'[39m, [32m'3.44'[39m, [32m'0.00'[39m ]
data rcv RT:[ [32m'0.00'[39m, [32m'4.28'[39m, [32m'3.40'[39m, [32m'0.00'[39m ]
data rcv RT:[ [32m'0.00'[39m, [32m'4.31'[39m, [32m'3.45'[39m, [32m'0.00'[39m ]
data rcv RT:[ [32m'0.00'[39m, [32m'4.27'[39m, [32m'3.40'[39m, [32m'0.00'[39m ]
data rcv RT:[ [32m'0.00'[39m, [32m'4.26'[39m, [32m'3.43'[39m, [32m'0.00'[39m ]
data rcv RT:[ [32m'0.00'[39m, [32m'4.31'[39m, [32m'3.37'[39m, [32m'0.01'[39m ]
data rcv RT:[ [32m'0.00'[39m, [32m'4.32'[39m, [32m'3.37'[39m, [32m'0.01'[39m ]
data rcv RT:[ [32m'0.00'[39m, [32m'4.37'[39m, [32m'3.39'[39m, [32m'0.03'[39m ]
data rcv RT:[ [32m'0.00'[39m, [32m'4.36'[39m, [32m'3.39'[39m, [32m'0.01'[39m ]
data rcv RT:[ [32m'0.00'[39m, [32m'4.33'[39m, [32m'3.44'[39m, [32m'0.00'[39m ]
data rcv RT:[ [32m'0.00'[39m, [32m'4.32'[39m, [32m'3.43'[39m, [32m'0.00'[39m ]
data rcv RT:[ [32m'0.00'[39m, [32m'4.28'[39m, [32m'3.46'[39m, [32m'0.00'[39m ]
data rcv RT:[ [32m'0.00'[39m, [32m'4.28'[39m, [32m'3.44'[39m, [32m'0.00'[39m ]
data rcv RT:[ [32m'0.00'[39m, [32m'4.25'[39m, [32m'3.38'[39m, [32m'0.00'[39m ]
data rcv RT:[ [32m'0.00'[39m, [32m'4.26'[39m, [32m'3.41'[39m, [32m'0.00'[39m ]
data rcv RT:[ [32m'0.00'[39m, [32m'4.28'[39m, [32m'3.38'[39m, [32m'0.00'[39m ]
data rcv RT:[ [32m'0.00'[39m, [32m'4.31'[39m, [32m'3.38'[39m, [32m'0.00'[39m ]
data rcv RT:[ [32m'0.00'[39m, [32m'4.31'[39m, [32m'3.39'[39m, [32m'0.01'[39m ]
data rcv RT:[ [32m'0.00'[39m, [32m'4.35'[39m, [32m'3.35'[39m, [32m'0.06'[39m ]
data rcv RT:[ [32m'0.00'[39m, [32m'4.35'[39m, [32m'3.40'[39m, [32m'0.03'[39m ]
data rcv RT:[ [32m'0.00'[39m, [32m'4.38'[39m, [32m'3.42'[39m, [32m'0.00'[39m ]
data rcv RT:[ [32m'0.00'[39m, [32m'4.35'[39m, [32m'3.40'[39m, [32m'0.00'[39m ]
data rcv RT:[ [32m'0.00'[39m, [32m'4.34'[39m, [32m'3.43'[39m, [32m'0.00'[39m ]
data rcv RT:[ [32m'0.00'[39m, [32m'4.32'[39m, [32m'3.42'[39m, [32m'0.00'[39m ]
data rcv RT:[ [32m'0.00'[39m, [32m'4.31'[39m, [32m'3.42'[39m, [32m'0.00'[39m ]
data rcv RT:[ [32m'0.00'[39m, [32m'4.25'[39m, [32m'3.38'[39m, [32m'0.00'[39m ]
data rcv RT:[ [32m'0.00'[39m, [32m'4.26'[39m, [32m'3.41'[39m, [32m'0.00'[39m ]
data rcv RT:[ [32m'0.00'[39m, [32m'4.25'[39m, [32m'3.40'[39m, [32m'0.00'[39m ]
data rcv RT:[ [32m'0.00'[39m, [32m'4.26'[39m, [32m'3.41'[39m, [32m'0.00'[39m ]
data rcv RT:[ [32m'0.00'[39m, [32m'4.31'[39m, [32m'3.37'[39m, [32m'0.00'[39m ]
data rcv RT:[ [32m'0.00'[39m, [32m'4.33'[39m, [32m'3.38'[39m, [32m'0.01'[39m ]
data rcv RT:[ [32m'0.00'[39m, [32m'4.33'[39m, [32m'3.35'[39m, [32m'0.06'[39m ]
data rcv RT:[ [32m'0.00'[39m, [32m'4.32'[39m, [32m'3.37'[39m, [32m'0.03'[39m ]
data rcv RT:[ [32m'0.00'[39m, [32m'4.38'[39m, [32m'3.42'[39m, [32m'0.01'[39m ]
data rcv RT:[ [32m'0.00'[39m, [32m'4.37'[39m, [32m'3.40'[39m, [32m'0.04'[39m ]
data rcv RT:[ [32m'0.00'[39m, [32m'4.35'[39m, [32m'3.42'[39m, [32m'0.00'[39m ]
data rcv RT:[ [32m'0.00'[39m, [32m'4.31'[39m, [32m'3.44'[39m, [32m'0.00'[39m ]
data rcv RT:[ [32m'0.00'[39m, [32m'4.31'[39m, [32m'3.43'[39m, [32m'0.00'[39m ]
data rcv RT:[ [32m'0.00'[39m, [32m'4.27'[39m, [32m'3.43'[39m, [32m'0.00'[39m ]
data rcv RT:[ [32m'0.00'[39m, [32m'4.28'[39m, [32m'3.46'[39m, [32m'0.00'[39m ]
data rcv RT:[ [32m'0.00'[39m, [32m'4.25'[39m, [32m'3.41'[39m, [32m'0.00'[39m ]
data rcv RT:[ [32m'0.00'[39m, [32m'4.27'[39m, [32m'3.39'[39m, [32m'0.00'[39m ]
data rcv RT:[ [32m'0.00'[39m, [32m'4.32'[39m, [32m'3.38'[39m, [32m'0.00'[39m ]
data rcv RT:[ [32m'0.00'[39m, [32m'4.33'[39m, [32m'3.37'[39m, [32m'0.01'[39m ]
data rcv RT:[ [32m'0.00'[39m, [32m'4.37'[39m, [32m'3.41'[39m, [32m'0.03'[39m ]
data rcv RT:[ [32m'0.00'[39m, [32m'4.34'[39m, [32m'3.39'[39m, [32m'0.00'[39m ]
data rcv RT:[ [32m'0.00'[39m, [32m'4.36'[39m, [32m'3.41'[39m, [32m'0.01'[39m ]
data rcv RT:[ [32m'0.00'[39m, [32m'4.35'[39m, [32m'3.43'[39m, [32m'0.00'[39m ]
data rcv RT:[ [32m'0.00'[39m, [32m'4.32'[39m, [32m'3.43'[39m, [32m'0.00'[39m ]
data rcv RT:[ [32m'0.00'[39m, [32m'4.31'[39m, [32m'3.43'[39m, [32m'0.00'[39m ]
data rcv RT:[ [32m'0.00'[39m, [32m'4.30'[39m, [32m'3.42'[39m, [32m'0.00'[39m ]
data rcv RT:[ [32m'0.00'[39m, [32m'4.28'[39m, [32m'3.44'[39m, [32m'0.00'[39m ]
data rcv RT:[ [32m'0.00'[39m, [32m'4.28'[39m, [32m'3.39'[39m, [32m'0.00'[39m ]
data rcv RT:[ [32m'0.00'[39m, [32m'4.27'[39m, [32m'3.40'[39m, [32m'0.00'[39m ]
data rcv RT:[ [32m'0.00'[39m, [32m'4.27'[39m, [32m'3.40'[39m, [32m'0.00'[39m ]
data rcv RT:[ [32m'0.00'[39m, [32m'4.29'[39m, [32m'3.39'[39m, [32m'0.00'[39m ]
data rcv RT:[ [32m'0.00'[39m, [32m'4.33'[39m, [32m'3.38'[39m, [32m'0.01'[39m ]
data rcv RT:[ [32m'0.00'[39m, [32m'4.32'[39m, [32m'3.37'[39m, [32m'0.06'[39m ]
data rcv RT:[ [32m'0.00'[39m, [32m'4.37'[39m, [32m'3.42'[39m, [32m'0.00'[39m ]
data rcv RT:[ [32m'0.00'[39m, [32m'4.31'[39m, [32m'3.44'[39m, [32m'0.00'[39m ]
data rcv RT:[ [32m'0.00'[39m, [32m'4.33'[39m, [32m'3.42'[39m, [32m'0.00'[39m ]
data rcv RT:[ [32m'0.00'[39m, [32m'4.29'[39m, [32m'3.46'[39m, [32m'0.00'[39m ]
data rcv RT:[ [32m'0.00'[39m, [32m'4.27'[39m, [32m'3.42'[39m, [32m'0.00'[39m ]
data rcv RT:[ [32m'0.00'[39m, [32m'4.28'[39m, [32m'3.40'[39m, [32m'0.00'[39m ]
data rcv RT:[ [32m'0.00'[39m, [32m'4.31'[39m, [32m'3.39'[39m, [32m'0.00'[39m ]
data rcv RT:[ [32m'0.00'[39m, [32m'4.30'[39m, [32m'3.39'[39m, [32m'0.00'[39m ]
data rcv RT:[ [32m'0.00'[39m, [32m'4.32'[39m, [32m'3.36'[39m, [32m'0.05'[39m ]
data rcv RT:[ [32m'0.00'[39m, [32m'4.33'[39m, [32m'3.38'[39m, [32m'0.01'[39m ]
data rcv RT:[ [32m'0.00'[39m, [32m'4.37'[39m, [32m'3.42'[39m, [32m'0.00'[39m ]
data rcv RT:[ [32m'0.00'[39m, [32m'4.37'[39m, [32m'3.43'[39m, [32m'0.00'[39m ]
data rcv RT:[ [32m'0.00'[39m, [32m'4.32'[39m, [32m'3.44'[39m, [32m'0.00'[39m ]
data rcv RT:[ [32m'0.00'[39m, [32m'4.30'[39m, [32m'3.45'[39m, [32m'0.00'[39m ]
data rcv RT:[ [32m'0.00'[39m, [32m'4.31'[39m, [32m'3.42'[39m, [32m'0.00'[39m ]
data rcv RT:[ [32m'0.00'[39m, [32m'4.29'[39m, [32m'3.45'[39m, [32m'0.00'[39m ]
data rcv RT:[ [32m'0.00'[39m, [32m'4.29'[39m, [32m'3.40'[39m, [32m'0.00'[39m ]
data rcv RT:[ [32m'0.00'[39m, [32m'4.32'[39m, [32m'3.39'[39m, [32m'0.00'[39m ]
data rcv RT:[ [32m'0.00'[39m, [32m'4.32'[39m, [32m'3.38'[39m, [32m'0.00'[39m ]
data rcv RT:[ [32m'0.00'[39m, [32m'4.33'[39m, [32m'3.39'[39m, [32m'0.01'[39m ]
data rcv RT:[ [32m'0.00'[39m, [32m'4.38'[39m, [32m'3.37'[39m, [32m'0.05'[39m ]
data rcv RT:[ [32m'0.00'[39m, [32m'4.34'[39m, [32m'3.40'[39m, [32m'0.00'[39m ]
data rcv RT:[ [32m'0.00'[39m, [32m'4.33'[39m, [32m'3.43'[39m, [32m'0.00'[39m ]
data rcv RT:[ [32m'0.00'[39m, [32m'4.31'[39m, [32m'3.47'[39m, [32m'0.00'[39m ]
data rcv RT:[ [32m'0.00'[39m, [32m'4.31'[39m, [32m'3.46'[39m, [32m'0.00'[39m ]
data rcv RT:[ [32m'0.00'[39m, [32m'4.25'[39m, [32m'3.40'[39m, [32m'0.00'[39m ]
data rcv RT:[ [32m'0.00'[39m, [32m'4.25'[39m, [32m'3.38'[39m, [32m'0.00'[39m ]
data rcv RT:[ [32m'0.00'[39m, [32m'4.28'[39m, [32m'3.38'[39m, [32m'0.00'[39m ]
data rcv RT:[ [32m'0.00'[39m, [32m'4.30'[39m, [32m'3.39'[39m, [32m'0.00'[39m ]
data rcv RT:[ [32m'0.00'[39m, [32m'4.31'[39m, [32m'3.38'[39m, [32m'0.01'[39m ]
data rcv RT:[ [32m'0.00'[39m, [32m'4.33'[39m, [32m'3.39'[39m, [32m'0.02'[39m ]
data rcv RT:[ [32m'0.00'[39m, [32m'4.35'[39m, [32m'3.38'[39m, [32m'0.04'[39m ]
data rcv RT:[ [32m'0.00'[39m, [32m'4.34'[39m, [32m'3.38'[39m, [32m'0.04'[39m ]
data rcv RT:[ [32m'0.00'[39m, [32m'4.35'[39m, [32m'3.39'[39m, [32m'0.03'[39m ]
data rcv RT:[ [32m'0.00'[39m, [32m'4.35'[39m, [32m'3.43'[39m, [32m'0.00'[39m ]
data rcv RT:[ [32m'0.00'[39m, [32m'4.33'[39m, [32m'3.44'[39m, [32m'0.00'[39m ]
data rcv RT:[ [32m'0.00'[39m, [32m'4.32'[39m, [32m'3.42'[39m, [32m'0.00'[39m ]
data rcv RT:[ [32m'0.00'[39m, [32m'4.30'[39m, [32m'3.42'[39m, [32m'0.00'[39m ]
data rcv RT:[ [32m'0.00'[39m, [32m'4.27'[39m, [32m'3.45'[39m, [32m'0.00'[39m ]
data rcv RT:[ [32m'0.00'[39m, [32m'4.29'[39m, [32m'3.44'[39m, [32m'0.00'[39m ]
data rcv RT:[ [32m'0.00'[39m, [32m'4.27'[39m, [32m'3.37'[39m, [32m'0.00'[39m ]
data rcv RT:[ [32m'0.00'[39m, [32m'4.29'[39m, [32m'3.37'[39m, [32m'0.00'[39m ]
data rcv RT:[ [32m'0.00'[39m, [32m'4.33'[39m, [32m'3.38'[39m, [32m'0.02'[39m ]
data rcv RT:[ [32m'0.00'[39m, [32m'4.34'[39m, [32m'3.39'[39m, [32m'0.03'[39m ]
data rcv RT:[ [32m'0.00'[39m, [32m'4.38'[39m, [32m'3.38'[39m, [32m'0.03'[39m ]
data rcv RT:[ [32m'0.00'[39m, [32m'4.36'[39m, [32m'3.40'[39m, [32m'0.00'[39m ]
data rcv RT:[ [32m'0.00'[39m, [32m'4.36'[39m, [32m'3.39'[39m, [32m'0.03'[39m ]
data rcv RT:[ [32m'0.00'[39m, [32m'4.34'[39m, [32m'3.42'[39m, [32m'0.00'[39m ]
data rcv RT:[ [32m'0.00'[39m, [32m'4.32'[39m, [32m'3.43'[39m, [32m'0.00'[39m ]
data rcv RT:[ [32m'0.00'[39m, [32m'4.36'[39m, [32m'3.43'[39m, [32m'0.00'[39m ]
data rcv RT:[ [32m'0.00'[39m, [32m'4.29'[39m, [32m'3.43'[39m, [32m'0.00'[39m ]
data rcv RT:[ [32m'0.00'[39m, [32m'4.31'[39m, [32m'3.42'[39m, [32m'0.00'[39m ]
data rcv RT:[ [32m'0.00'[39m, [32m'4.29'[39m, [32m'3.42'[39m, [32m'0.00'[39m ]
data rcv RT:[ [32m'0.00'[39m, [32m'4.27'[39m, [32m'3.43'[39m, [32m'0.00'[39m ]
data rcv RT:[ [32m'0.00'[39m, [32m'4.29'[39m, [32m'3.38'[39m, [32m'0.00'[39m ]
data rcv RT:[ [32m'0.00'[39m, [32m'4.30'[39m, [32m'3.38'[39m, [32m'0.00'[39m ]
data rcv RT:[ [32m'0.00'[39m, [32m'4.32'[39m, [32m'3.39'[39m, [32m'0.01'[39m ]
data rcv RT:[ [32m'0.00'[39m, [32m'4.33'[39m, [32m'3.38'[39m, [32m'0.00'[39m ]
data rcv RT:[ [32m'0.00'[39m, [32m'4.34'[39m, [32m'3.40'[39m, [32m'0.01'[39m ]
data rcv RT:[ [32m'0.00'[39m, [32m'4.35'[39m, [32m'3.35'[39m, [32m'0.04'[39m ]
data rcv RT:[ [32m'0.00'[39m, [32m'4.37'[39m, [32m'3.39'[39m, [32m'0.00'[39m ]
data rcv RT:[ [32m'0.00'[39m, [32m'4.36'[39m, [32m'3.41'[39m, [32m'0.01'[39m ]
data rcv RT:[ [32m'0.00'[39m, [32m'4.34'[39m, [32m'3.44'[39m, [32m'0.00'[39m ]
data rcv RT:[ [32m'0.00'[39m, [32m'4.32'[39m, [32m'3.42'[39m, [32m'0.00'[39m ]
data rcv RT:[ [32m'0.00'[39m, [32m'4.32'[39m, [32m'3.42'[39m, [32m'0.00'[39m ]
data rcv RT:[ [32m'0.00'[39m, [32m'4.28'[39m, [32m'3.42'[39m, [32m'0.00'[39m ]
data rcv RT:[ [32m'0.00'[39m, [32m'4.28'[39m, [32m'3.41'[39m, [32m'0.00'[39m ]
data rcv RT:[ [32m'0.00'[39m, [32m'4.28'[39m, [32m'3.44'[39m, [32m'0.00'[39m ]
data rcv RT:[ [32m'0.00'[39m, [32m'4.25'[39m, [32m'3.40'[39m, [32m'0.00'[39m ]
data rcv RT:[ [32m'0.00'[39m, [32m'4.28'[39m, [32m'3.40'[39m, [32m'0.00'[39m ]
data rcv RT:[ [32m'0.00'[39m, [32m'4.32'[39m, [32m'3.40'[39m, [32m'0.00'[39m ]
data rcv RT:[ [32m'0.00'[39m, [32m'4.32'[39m, [32m'3.38'[39m, [32m'0.02'[39m ]
data rcv RT:[ [32m'0.00'[39m, [32m'4.33'[39m, [32m'3.35'[39m, [32m'0.07'[39m ]
data rcv RT:[ [32m'0.00'[39m, [32m'4.37'[39m, [32m'3.41'[39m, [32m'0.02'[39m ]
data rcv RT:[ [32m'0.00'[39m, [32m'4.39'[39m, [32m'3.42'[39m, [32m'0.00'[39m ]
data rcv RT:[ [32m'0.00'[39m, [32m'4.34'[39m, [32m'3.42'[39m, [32m'0.00'[39m ]
data rcv RT:[ [32m'0.00'[39m, [32m'4.34'[39m, [32m'3.40'[39m, [32m'0.00'[39m ]
data rcv RT:[ [32m'0.00'[39m, [32m'4.31'[39m, [32m'3.44'[39m, [32m'0.00'[39m ]
data rcv RT:[ [32m'0.00'[39m, [32m'4.32'[39m, [32m'3.42'[39m, [32m'0.00'[39m ]
data rcv RT:[ [32m'0.00'[39m, [32m'4.26'[39m, [32m'3.42'[39m, [32m'0.00'[39m ]
data rcv RT:[ [32m'0.00'[39m, [32m'4.24'[39m, [32m'3.35'[39m, [32m'0.00'[39m ]
data rcv RT:[ [32m'0.00'[39m, [32m'4.30'[39m, [32m'3.39'[39m, [32m'0.01'[39m ]
data rcv RT:[ [32m'0.00'[39m, [32m'4.32'[39m, [32m'3.36'[39m, [32m'0.01'[39m ]
data rcv RT:[ [32m'0.00'[39m, [32m'4.32'[39m, [32m'3.40'[39m, [32m'0.02'[39m ]
data rcv RT:[ [32m'0.00'[39m, [32m'4.36'[39m, [32m'3.38'[39m, [32m'0.04'[39m ]
data rcv RT:[ [32m'0.00'[39m, [32m'4.39'[39m, [32m'3.42'[39m, [32m'0.00'[39m ]
data rcv RT:[ [32m'0.00'[39m, [32m'4.33'[39m, [32m'3.44'[39m, [32m'0.00'[39m ]
data rcv RT:[ [32m'0.00'[39m, [32m'4.32'[39m, [32m'3.44'[39m, [32m'0.00'[39m ]
data rcv RT:[ [32m'0.00'[39m, [32m'4.31'[39m, [32m'3.42'[39m, [32m'0.00'[39m ]
data rcv RT:[ [32m'0.00'[39m, [32m'4.29'[39m, [32m'3.44'[39m, [32m'0.00'[39m ]
data rcv RT:[ [32m'0.00'[39m, [32m'4.25'[39m, [32m'3.43'[39m, [32m'0.00'[39m ]
data rcv RT:[ [32m'0.00'[39m, [32m'4.31'[39m, [32m'3.43'[39m, [32m'0.00'[39m ]
data rcv RT:[ [32m'0.00'[39m, [32m'4.27'[39m, [32m'3.42'[39m, [32m'0.00'[39m ]
data rcv RT:[ [32m'0.00'[39m, [32m'4.28'[39m, [32m'3.38'[39m, [32m'0.00'[39m ]
data rcv RT:[ [32m'0.00'[39m, [32m'4.31'[39m, [32m'3.39'[39m, [32m'0.00'[39m ]
data rcv RT:[ [32m'0.00'[39m, [32m'4.30'[39m, [32m'3.40'[39m, [32m'0.00'[39m ]
data rcv RT:[ [32m'0.00'[39m, [32m'4.36'[39m, [32m'3.37'[39m, [32m'0.02'[39m ]
data rcv RT:[ [32m'0.00'[39m, [32m'4.37'[39m, [32m'3.40'[39m, [32m'0.04'[39m ]
data rcv RT:[ [32m'0.00'[39m, [32m'4.36'[39m, [32m'3.40'[39m, [32m'0.00'[39m ]
data rcv RT:[ [32m'0.00'[39m, [32m'4.38'[39m, [32m'3.43'[39m, [32m'0.00'[39m ]
data rcv RT:[ [32m'0.00'[39m, [32m'4.36'[39m, [32m'3.39'[39m, [32m'0.01'[39m ]
data rcv RT:[ [32m'0.00'[39m, [32m'4.36'[39m, [32m'3.42'[39m, [32m'0.00'[39m ]
data rcv RT:[ [32m'0.00'[39m, [32m'4.30'[39m, [32m'3.43'[39m, [32m'0.00'[39m ]
data rcv RT:[ [32m'0.00'[39m, [32m'4.30'[39m, [32m'3.43'[39m, [32m'0.00'[39m ]
data rcv RT:[ [32m'0.00'[39m, [32m'4.30'[39m, [32m'3.43'[39m, [32m'0.00'[39m ]
data rcv RT:[ [32m'0.00'[39m, [32m'4.28'[39m, [32m'3.47'[39m, [32m'0.00'[39m ]
data rcv RT:[ [32m'0.00'[39m, [32m'4.31'[39m, [32m'3.45'[39m, [32m'0.00'[39m ]
data rcv RT:[ [32m'0.00'[39m, [32m'4.27'[39m, [32m'3.38'[39m, [32m'0.00'[39m ]
data rcv RT:[ [32m'0.00'[39m, [32m'4.27'[39m, [32m'3.41'[39m, [32m'0.00'[39m ]
data rcv RT:[ [32m'0.00'[39m, [32m'4.27'[39m, [32m'3.38'[39m, [32m'0.01'[39m ]
data rcv RT:[ [32m'0.00'[39m, [32m'4.29'[39m, [32m'3.39'[39m, [32m'0.00'[39m ]
data rcv RT:[ [32m'0.00'[39m, [32m'4.30'[39m, [32m'3.40'[39m, [32m'0.00'[39m ]
data rcv RT:[ [32m'0.00'[39m, [32m'4.32'[39m, [32m'3.39'[39m, [32m'0.02'[39m ]
data rcv RT:[ [32m'0.00'[39m, [32m'4.33'[39m, [32m'3.38'[39m, [32m'0.03'[39m ]
data rcv RT:[ [32m'0.00'[39m, [32m'4.32'[39m, [32m'3.39'[39m, [32m'0.01'[39m ]
data rcv RT:[ [32m'0.00'[39m, [32m'4.33'[39m, [32m'3.38'[39m, [32m'0.02'[39m ]
data rcv RT:[ [32m'0.00'[39m, [32m'4.34'[39m, [32m'3.37'[39m, [32m'0.00'[39m ]
data rcv RT:[ [32m'0.00'[39m, [32m'4.38'[39m, [32m'3.42'[39m, [32m'0.00'[39m ]
data rcv RT:[ [32m'0.00'[39m, [32m'4.37'[39m, [32m'3.39'[39m, [32m'0.04'[39m ]
data rcv RT:[ [32m'0.00'[39m, [32m'4.36'[39m, [32m'3.38'[39m, [32m'0.01'[39m ]
data rcv RT:[ [32m'0.00'[39m, [32m'4.36'[39m, [32m'3.45'[39m, [32m'0.00'[39m ]
data rcv RT:[ [32m'0.00'[39m, [32m'4.34'[39m, [32m'3.43'[39m, [32m'0.00'[39m ]
data rcv RT:[ [32m'0.00'[39m, [32m'4.32'[39m, [32m'3.44'[39m, [32m'0.00'[39m ]
data rcv RT:[ [32m'0.00'[39m, [32m'4.31'[39m, [32m'3.43'[39m, [32m'0.00'[39m ]
data rcv RT:[ [32m'0.00'[39m, [32m'4.30'[39m, [32m'3.41'[39m, [32m'0.00'[39m ]
data rcv RT:[ [32m'0.00'[39m, [32m'4.30'[39m, [32m'3.44'[39m, [32m'0.00'[39m ]
data rcv RT:[ [32m'0.00'[39m, [32m'4.30'[39m, [32m'3.42'[39m, [32m'0.00'[39m ]
data rcv RT:[ [32m'0.00'[39m, [32m'4.25'[39m, [32m'3.39'[39m, [32m'0.00'[39m ]
data rcv RT:[ [32m'0.00'[39m, [32m'4.28'[39m, [32m'3.40'[39m, [32m'0.00'[39m ]
data rcv RT:[ [32m'0.00'[39m, [32m'4.27'[39m, [32m'3.41'[39m, [32m'0.00'[39m ]
data rcv RT:[ [32m'0.00'[39m, [32m'4.27'[39m, [32m'3.39'[39m, [32m'0.00'[39m ]
data rcv RT:[ [32m'0.00'[39m, [32m'4.30'[39m, [32m'3.37'[39m, [32m'0.00'[39m ]
data rcv RT:[ [32m'0.00'[39m, [32m'4.35'[39m, [32m'3.39'[39m, [32m'0.04'[39m ]
data rcv RT:[ [32m'0.00'[39m, [32m'4.35'[39m, [32m'3.38'[39m, [32m'0.01'[39m ]
data rcv RT:[ [32m'0.00'[39m, [32m'4.36'[39m, [32m'3.36'[39m, [32m'0.06'[39m ]
data rcv RT:[ [32m'0.00'[39m, [32m'4.37'[39m, [32m'3.40'[39m, [32m'0.02'[39m ]
data rcv RT:[ [32m'0.00'[39m, [32m'4.35'[39m, [32m'3.40'[39m, [32m'0.04'[39m ]
data rcv RT:[ [32m'0.00'[39m, [32m'4.36'[39m, [32m'3.42'[39m, [32m'0.00'[39m ]
data rcv RT:[ [32m'0.00'[39m, [32m'4.34'[39m, [32m'3.43'[39m, [32m'0.00'[39m ]
data rcv RT:[ [32m'0.00'[39m, [32m'4.31'[39m, [32m'3.44'[39m, [32m'0.00'[39m ]
data rcv RT:[ [32m'0.00'[39m, [32m'4.31'[39m, [32m'3.42'[39m, [32m'0.00'[39m ]
data rcv RT:[ [32m'0.00'[39m, [32m'4.29'[39m, [32m'3.42'[39m, [32m'0.00'[39m ]
data rcv RT:[ [32m'0.00'[39m, [32m'4.28'[39m, [32m'3.44'[39m, [32m'0.00'[39m ]
data rcv RT:[ [32m'0.00'[39m, [32m'4.29'[39m, [32m'3.42'[39m, [32m'0.00'[39m ]
data rcv RT:[ [32m'0.00'[39m, [32m'4.25'[39m, [32m'3.41'[39m, [32m'0.00'[39m ]
data rcv RT:[ [32m'0.00'[39m, [32m'4.27'[39m, [32m'3.41'[39m, [32m'0.00'[39m ]
data rcv RT:[ [32m'0.00'[39m, [32m'4.27'[39m, [32m'3.39'[39m, [32m'0.00'[39m ]
data rcv RT:[ [32m'0.00'[39m, [32m'4.29'[39m, [32m'3.41'[39m, [32m'0.00'[39m ]
data rcv RT:[ [32m'0.00'[39m, [32m'4.32'[39m, [32m'3.38'[39m, [32m'0.00'[39m ]
data rcv RT:[ [32m'0.00'[39m, [32m'4.30'[39m, [32m'3.39'[39m, [32m'0.00'[39m ]
data rcv RT:[ [32m'0.00'[39m, [32m'4.31'[39m, [32m'3.39'[39m, [32m'0.00'[39m ]
data rcv RT:[ [32m'0.00'[39m, [32m'4.33'[39m, [32m'3.39'[39m, [32m'0.01'[39m ]
data rcv RT:[ [32m'0.00'[39m, [32m'4.36'[39m, [32m'3.38'[39m, [32m'0.01'[39m ]
data rcv RT:[ [32m'0.00'[39m, [32m'4.38'[39m, [32m'3.41'[39m, [32m'0.00'[39m ]
data rcv RT:[ [32m'0.00'[39m, [32m'4.39'[39m, [32m'3.43'[39m, [32m'0.00'[39m ]
data rcv RT:[ [32m'0.00'[39m, [32m'4.37'[39m, [32m'3.42'[39m, [32m'0.00'[39m ]
data rcv RT:[ [32m'0.00'[39m, [32m'4.35'[39m, [32m'3.43'[39m, [32m'0.00'[39m ]
data rcv RT:[ [32m'0.00'[39m, [32m'4.36'[39m, [32m'3.43'[39m, [32m'0.00'[39m ]
data rcv RT:[ [32m'0.00'[39m, [32m'4.34'[39m, [32m'3.44'[39m, [32m'0.00'[39m ]
data rcv RT:[ [32m'0.00'[39m, [32m'4.32'[39m, [32m'3.42'[39m, [32m'0.00'[39m ]
data rcv RT:[ [32m'0.00'[39m, [32m'4.33'[39m, [32m'3.44'[39m, [32m'0.00'[39m ]
data rcv RT:[ [32m'0.00'[39m, [32m'4.33'[39m, [32m'3.42'[39m, [32m'0.00'[39m ]
data rcv RT:[ [32m'0.00'[39m, [32m'4.30'[39m, [32m'3.42'[39m, [32m'0.00'[39m ]
data rcv RT:[ [32m'0.00'[39m, [32m'4.30'[39m, [32m'3.44'[39m, [32m'0.00'[39m ]
data rcv RT:[ [32m'0.00'[39m, [32m'4.30'[39m, [32m'3.45'[39m, [32m'0.00'[39m ]
data rcv RT:[ [32m'0.00'[39m, [32m'4.29'[39m, [32m'3.42'[39m, [32m'0.00'[39m ]
data rcv RT:[ [32m'0.00'[39m, [32m'4.28'[39m, [32m'3.42'[39m, [32m'0.00'[39m ]
data rcv RT:[ [32m'0.00'[39m, [32m'4.27'[39m, [32m'3.42'[39m, [32m'0.00'[39m ]
data rcv RT:[ [32m'0.00'[39m, [32m'4.26'[39m, [32m'3.40'[39m, [32m'0.00'[39m ]
data rcv RT:[ [32m'0.00'[39m, [32m'4.28'[39m, [32m'3.40'[39m, [32m'0.00'[39m ]
data rcv RT:[ [32m'0.00'[39m, [32m'4.30'[39m, [32m'3.37'[39m, [32m'0.00'[39m ]
data rcv RT:[ [32m'0.00'[39m, [32m'4.35'[39m, [32m'3.41'[39m, [32m'0.01'[39m ]
data rcv RT:[ [32m'0.00'[39m, [32m'4.33'[39m, [32m'3.38'[39m, [32m'0.00'[39m ]
data rcv RT:[ [32m'0.00'[39m, [32m'4.32'[39m, [32m'3.41'[39m, [32m'0.00'[39m ]
data rcv RT:[ [32m'0.00'[39m, [32m'4.31'[39m, [32m'3.37'[39m, [32m'0.06'[39m ]
data rcv RT:[ [32m'0.00'[39m, [32m'4.32'[39m, [32m'3.37'[39m, [32m'0.07'[39m ]
data rcv RT:[ [32m'0.00'[39m, [32m'4.33'[39m, [32m'3.40'[39m, [32m'0.00'[39m ]
data rcv RT:[ [32m'0.00'[39m, [32m'4.35'[39m, [32m'3.42'[39m, [32m'0.00'[39m ]
data rcv RT:[ [32m'0.00'[39m, [32m'4.33'[39m, [32m'3.43'[39m, [32m'0.00'[39m ]
data rcv RT:[ [32m'0.00'[39m, [32m'4.33'[39m, [32m'3.44'[39m, [32m'0.00'[39m ]
data rcv RT:[ [32m'0.00'[39m, [32m'4.35'[39m, [32m'3.43'[39m, [32m'0.00'[39m ]
data rcv RT:[ [32m'0.00'[39m, [32m'4.33'[39m, [32m'3.44'[39m, [32m'0.00'[39m ]
data rcv RT:[ [32m'0.00'[39m, [32m'4.34'[39m, [32m'3.46'[39m, [32m'0.00'[39m ]
data rcv RT:[ [32m'0.00'[39m, [32m'4.32'[39m, [32m'3.44'[39m, [32m'0.00'[39m ]
data rcv RT:[ [32m'0.00'[39m, [32m'4.28'[39m, [32m'3.43'[39m, [32m'0.00'[39m ]
data rcv RT:[ [32m'0.00'[39m, [32m'4.24'[39m, [32m'3.38'[39m, [32m'0.00'[39m ]
data rcv RT:[ [32m'0.00'[39m, [32m'4.27'[39m, [32m'3.41'[39m, [32m'0.00'[39m ]
data rcv RT:[ [32m'0.00'[39m, [32m'4.24'[39m, [32m'3.40'[39m, [32m'0.00'[39m ]
data rcv RT:[ [32m'0.00'[39m, [32m'4.29'[39m, [32m'3.38'[39m, [32m'0.00'[39m ]
data rcv RT:[ [32m'0.00'[39m, [32m'4.29'[39m, [32m'3.37'[39m, [32m'0.00'[39m ]
data rcv RT:[ [32m'0.00'[39m, [32m'4.31'[39m, [32m'3.39'[39m, [32m'0.00'[39m ]
data rcv RT:[ [32m'0.00'[39m, [32m'4.31'[39m, [32m'3.38'[39m, [32m'0.00'[39m ]
data rcv RT:[ [32m'0.00'[39m, [32m'4.33'[39m, [32m'3.38'[39m, [32m'0.01'[39m ]
data rcv RT:[ [32m'0.00'[39m, [32m'4.31'[39m, [32m'3.37'[39m, [32m'0.00'[39m ]
data rcv RT:[ [32m'0.00'[39m, [32m'4.31'[39m, [32m'3.38'[39m, [32m'0.00'[39m ]
data rcv RT:[ [32m'0.00'[39m, [32m'4.34'[39m, [32m'3.36'[39m, [32m'0.00'[39m ]
data rcv RT:[ [32m'0.00'[39m, [32m'4.32'[39m, [32m'3.37'[39m, [32m'0.01'[39m ]
data rcv RT:[ [32m'0.00'[39m, [32m'4.34'[39m, [32m'3.36'[39m, [32m'0.03'[39m ]
data rcv RT:[ [32m'0.00'[39m, [32m'4.36'[39m, [32m'3.36'[39m, [32m'0.03'[39m ]
data rcv RT:[ [32m'0.00'[39m, [32m'4.32'[39m, [32m'3.39'[39m, [32m'0.00'[39m ]
data rcv RT:[ [32m'0.00'[39m, [32m'4.33'[39m, [32m'3.38'[39m, [32m'0.05'[39m ]
data rcv RT:[ [32m'0.00'[39m, [32m'4.40'[39m, [32m'3.41'[39m, [32m'0.01'[39m ]
data rcv RT:[ [32m'0.00'[39m, [32m'4.40'[39m, [32m'3.41'[39m, [32m'0.00'[39m ]
data rcv RT:[ [32m'0.00'[39m, [32m'4.39'[39m, [32m'3.43'[39m, [32m'0.00'[39m ]
data rcv RT:[ [32m'0.00'[39m, [32m'4.37'[39m, [32m'3.46'[39m, [32m'0.00'[39m ]
data rcv RT:[ [32m'0.00'[39m, [32m'4.32'[39m, [32m'3.41'[39m, [32m'0.00'[39m ]
data rcv RT:[ [32m'0.00'[39m, [32m'4.32'[39m, [32m'3.42'[39m, [32m'0.00'[39m ]
data rcv RT:[ [32m'0.00'[39m, [32m'4.31'[39m, [32m'3.43'[39m, [32m'0.00'[39m ]
data rcv RT:[ [32m'0.00'[39m, [32m'4.30'[39m, [32m'3.43'[39m, [32m'0.00'[39m ]
data rcv RT:[ [32m'0.00'[39m, [32m'4.30'[39m, [32m'3.41'[39m, [32m'0.00'[39m ]
data rcv RT:[ [32m'0.00'[39m, [32m'4.28'[39m, [32m'3.42'[39m, [32m'0.00'[39m ]
data rcv RT:[ [32m'0.00'[39m, [32m'4.30'[39m, [32m'3.44'[39m, [32m'0.00'[39m ]
data rcv RT:[ [32m'0.00'[39m, [32m'4.32'[39m, [32m'3.44'[39m, [32m'0.00'[39m ]
data rcv RT:[ [32m'0.00'[39m, [32m'4.29'[39m, [32m'3.42'[39m, [32m'0.00'[39m ]
data rcv RT:[ [32m'0.00'[39m, [32m'4.27'[39m, [32m'3.40'[39m, [32m'0.00'[39m ]
data rcv RT:[ [32m'0.00'[39m, [32m'4.27'[39m, [32m'3.37'[39m, [32m'0.00'[39m ]
data rcv RT:[ [32m'0.00'[39m, [32m'4.26'[39m, [32m'3.43'[39m, [32m'0.00'[39m ]
data rcv RT:[ [32m'0.00'[39m, [32m'4.24'[39m, [32m'3.39'[39m, [32m'0.00'[39m ]
data rcv RT:[ [32m'0.00'[39m, [32m'4.25'[39m, [32m'3.39'[39m, [32m'0.00'[39m ]
data rcv RT:[ [32m'0.00'[39m, [32m'4.26'[39m, [32m'3.37'[39m, [32m'0.00'[39m ]
data rcv RT:[ [32m'0.00'[39m, [32m'4.26'[39m, [32m'3.40'[39m, [32m'0.00'[39m ]
data rcv RT:[ [32m'0.00'[39m, [32m'4.30'[39m, [32m'3.37'[39m, [32m'0.00'[39m ]
data rcv RT:[ [32m'0.00'[39m, [32m'4.32'[39m, [32m'3.37'[39m, [32m'0.01'[39m ]
data rcv RT:[ [32m'0.00'[39m, [32m'4.34'[39m, [32m'3.37'[39m, [32m'0.01'[39m ]
data rcv RT:[ [32m'0.00'[39m, [32m'4.39'[39m, [32m'3.42'[39m, [32m'0.03'[39m ]
data rcv RT:[ [32m'0.00'[39m, [32m'4.36'[39m, [32m'3.34'[39m, [32m'0.00'[39m ]
data rcv RT:[ [32m'0.00'[39m, [32m'4.39'[39m, [32m'3.40'[39m, [32m'0.01'[39m ]
data rcv RT:[ [32m'0.00'[39m, [32m'4.36'[39m, [32m'3.40'[39m, [32m'0.03'[39m ]
data rcv RT:[ [32m'0.00'[39m, [32m'4.35'[39m, [32m'3.43'[39m, [32m'0.00'[39m ]
data rcv RT:[ [32m'0.00'[39m, [32m'4.32'[39m, [32m'3.40'[39m, [32m'0.00'[39m ]
data rcv RT:[ [32m'0.00'[39m, [32m'4.32'[39m, [32m'3.43'[39m, [32m'0.00'[39m ]
data rcv RT:[ [32m'0.00'[39m, [32m'4.32'[39m, [32m'3.41'[39m, [32m'0.00'[39m ]
data rcv RT:[ [32m'0.00'[39m, [32m'4.30'[39m, [32m'3.43'[39m, [32m'0.00'[39m ]
data rcv RT:[ [32m'0.00'[39m, [32m'4.31'[39m, [32m'3.39'[39m, [32m'0.00'[39m ]
data rcv RT:[ [32m'0.00'[39m, [32m'4.31'[39m, [32m'3.44'[39m, [32m'0.00'[39m ]
data rcv RT:[ [32m'0.00'[39m, [32m'4.29'[39m, [32m'3.42'[39m, [32m'0.00'[39m ]
data rcv RT:[ [32m'0.00'[39m, [32m'4.28'[39m, [32m'3.38'[39m, [32m'0.00'[39m ]
data rcv RT:[ [32m'0.00'[39m, [32m'4.28'[39m, [32m'3.37'[39m, [32m'0.00'[39m ]
data rcv RT:[ [32m'0.00'[39m, [32m'4.28'[39m, [32m'3.40'[39m, [32m'0.00'[39m ]
data rcv RT:[ [32m'0.00'[39m, [32m'4.27'[39m, [32m'3.39'[39m, [32m'0.00'[39m ]
data rcv RT:[ [32m'0.00'[39m, [32m'4.28'[39m, [32m'3.38'[39m, [32m'0.01'[39m ]
data rcv RT:[ [32m'0.00'[39m, [32m'4.32'[39m, [32m'3.37'[39m, [32m'0.01'[39m ]
data rcv RT:[ [32m'0.00'[39m, [32m'4.33'[39m, [32m'3.40'[39m, [32m'0.00'[39m ]
data rcv RT:[ [32m'0.00'[39m, [32m'4.32'[39m, [32m'3.40'[39m, [32m'0.01'[39m ]
data rcv RT:[ [32m'0.00'[39m, [32m'4.36'[39m, [32m'3.36'[39m, [32m'0.07'[39m ]
data rcv RT:[ [32m'0.00'[39m, [32m'4.32'[39m, [32m'3.39'[39m, [32m'0.04'[39m ]
data rcv RT:[ [32m'0.00'[39m, [32m'4.36'[39m, [32m'3.41'[39m, [32m'0.01'[39m ]
data rcv RT:[ [32m'0.00'[39m, [32m'4.31'[39m, [32m'3.43'[39m, [32m'0.00'[39m ]
data rcv RT:[ [32m'0.00'[39m, [32m'4.32'[39m, [32m'3.42'[39m, [32m'0.00'[39m ]
data rcv RT:[ [32m'0.00'[39m, [32m'4.33'[39m, [32m'3.43'[39m, [32m'0.00'[39m ]
data rcv RT:[ [32m'0.00'[39m, [32m'4.33'[39m, [32m'3.44'[39m, [32m'0.00'[39m ]
data rcv RT:[ [32m'0.00'[39m, [32m'4.31'[39m, [32m'3.42'[39m, [32m'0.00'[39m ]
data rcv RT:[ [32m'0.00'[39m, [32m'4.32'[39m, [32m'3.47'[39m, [32m'0.00'[39m ]
data rcv RT:[ [32m'0.00'[39m, [32m'4.31'[39m, [32m'3.42'[39m, [32m'0.00'[39m ]
data rcv RT:[ [32m'0.00'[39m, [32m'4.27'[39m, [32m'3.43'[39m, [32m'0.00'[39m ]
data rcv RT:[ [32m'0.00'[39m, [32m'4.29'[39m, [32m'3.39'[39m, [32m'0.00'[39m ]
data rcv RT:[ [32m'0.00'[39m, [32m'4.26'[39m, [32m'3.40'[39m, [32m'0.00'[39m ]
data rcv RT:[ [32m'0.00'[39m, [32m'4.29'[39m, [32m'3.38'[39m, [32m'0.00'[39m ]
data rcv RT:[ [32m'0.00'[39m, [32m'4.27'[39m, [32m'3.37'[39m, [32m'0.00'[39m ]
data rcv RT:[ [32m'0.00'[39m, [32m'4.30'[39m, [32m'3.40'[39m, [32m'0.00'[39m ]
data rcv RT:[ [32m'0.00'[39m, [32m'4.34'[39m, [32m'3.39'[39m, [32m'0.01'[39m ]
data rcv RT:[ [32m'0.00'[39m, [32m'4.35'[39m, [32m'3.38'[39m, [32m'0.03'[39m ]
data rcv RT:[ [32m'0.00'[39m, [32m'4.35'[39m, [32m'3.38'[39m, [32m'0.02'[39m ]
data rcv RT:[ [32m'0.00'[39m, [32m'4.34'[39m, [32m'3.36'[39m, [32m'0.02'[39m ]
data rcv RT:[ [32m'0.00'[39m, [32m'4.42'[39m, [32m'3.42'[39m, [32m'0.00'[39m ]
data rcv RT:[ [32m'0.00'[39m, [32m'4.36'[39m, [32m'3.40'[39m, [32m'0.01'[39m ]
data rcv RT:[ [32m'0.00'[39m, [32m'4.34'[39m, [32m'3.41'[39m, [32m'0.00'[39m ]
data rcv RT:[ [32m'0.00'[39m, [32m'4.36'[39m, [32m'3.44'[39m, [32m'0.00'[39m ]
data rcv RT:[ [32m'0.00'[39m, [32m'4.36'[39m, [32m'3.43'[39m, [32m'0.00'[39m ]
data rcv RT:[ [32m'0.00'[39m, [32m'4.33'[39m, [32m'3.44'[39m, [32m'0.00'[39m ]
data rcv RT:[ [32m'0.00'[39m, [32m'4.30'[39m, [32m'3.43'[39m, [32m'0.00'[39m ]
data rcv RT:[ [32m'0.00'[39m, [32m'4.29'[39m, [32m'3.41'[39m, [32m'0.00'[39m ]
data rcv RT:[ [32m'0.00'[39m, [32m'4.31'[39m, [32m'3.40'[39m, [32m'0.00'[39m ]
data rcv RT:[ [32m'0.00'[39m, [32m'4.29'[39m, [32m'3.44'[39m, [32m'0.00'[39m ]
data rcv RT:[ [32m'0.00'[39m, [32m'4.29'[39m, [32m'3.40'[39m, [32m'0.00'[39m ]
data rcv RT:[ [32m'0.00'[39m, [32m'4.26'[39m, [32m'3.41'[39m, [32m'0.00'[39m ]
data rcv RT:[ [32m'0.00'[39m, [32m'4.28'[39m, [32m'3.39'[39m, [32m'0.00'[39m ]
data rcv RT:[ [32m'0.00'[39m, [32m'4.26'[39m, [32m'3.38'[39m, [32m'0.00'[39m ]
data rcv RT:[ [32m'0.00'[39m, [32m'4.31'[39m, [32m'3.38'[39m, [32m'0.00'[39m ]
data rcv RT:[ [32m'0.00'[39m, [32m'4.35'[39m, [32m'3.35'[39m, [32m'0.06'[39m ]
data rcv RT:[ [32m'0.00'[39m, [32m'4.33'[39m, [32m'3.38'[39m, [32m'0.02'[39m ]
data rcv RT:[ [32m'0.00'[39m, [32m'4.37'[39m, [32m'3.38'[39m, [32m'0.05'[39m ]
data rcv RT:[ [32m'0.00'[39m, [32m'4.37'[39m, [32m'3.39'[39m, [32m'0.01'[39m ]
data rcv RT:[ [32m'0.00'[39m, [32m'4.34'[39m, [32m'3.43'[39m, [32m'0.00'[39m ]
data rcv RT:[ [32m'0.00'[39m, [32m'4.31'[39m, [32m'3.44'[39m, [32m'0.00'[39m ]
data rcv RT:[ [32m'0.00'[39m, [32m'4.31'[39m, [32m'3.44'[39m, [32m'0.00'[39m ]
data rcv RT:[ [32m'0.00'[39m, [32m'4.25'[39m, [32m'3.41'[39m, [32m'0.00'[39m ]
data rcv RT:[ [32m'0.00'[39m, [32m'4.24'[39m, [32m'3.43'[39m, [32m'0.00'[39m ]
data rcv RT:[ [32m'0.00'[39m, [32m'4.26'[39m, [32m'3.40'[39m, [32m'0.00'[39m ]
data rcv RT:[ [32m'0.00'[39m, [32m'4.28'[39m, [32m'3.39'[39m, [32m'0.00'[39m ]
data rcv RT:[ [32m'0.00'[39m, [32m'4.29'[39m, [32m'3.40'[39m, [32m'0.00'[39m ]
data rcv RT:[ [32m'0.00'[39m, [32m'4.33'[39m, [32m'3.39'[39m, [32m'0.01'[39m ]
data rcv RT:[ [32m'0.00'[39m, [32m'4.34'[39m, [32m'3.37'[39m, [32m'0.04'[39m ]
data rcv RT:[ [32m'0.00'[39m, [32m'4.36'[39m, [32m'3.39'[39m, [32m'0.02'[39m ]
data rcv RT:[ [32m'0.00'[39m, [32m'4.40'[39m, [32m'3.39'[39m, [32m'0.03'[39m ]
data rcv RT:[ [32m'0.00'[39m, [32m'4.34'[39m, [32m'3.41'[39m, [32m'0.00'[39m ]
data rcv RT:[ [32m'0.00'[39m, [32m'4.33'[39m, [32m'3.42'[39m, [32m'0.00'[39m ]
data rcv RT:[ [32m'0.00'[39m, [32m'4.33'[39m, [32m'3.42'[39m, [32m'0.00'[39m ]
data rcv RT:[ [32m'0.00'[39m, [32m'4.31'[39m, [32m'3.42'[39m, [32m'0.00'[39m ]
data rcv RT:[ [32m'0.00'[39m, [32m'4.29'[39m, [32m'3.43'[39m, [32m'0.00'[39m ]
data rcv RT:[ [32m'0.00'[39m, [32m'4.28'[39m, [32m'3.43'[39m, [32m'0.00'[39m ]
data rcv RT:[ [32m'0.00'[39m, [32m'4.28'[39m, [32m'3.42'[39m, [32m'0.00'[39m ]
data rcv RT:[ [32m'0.00'[39m, [32m'4.27'[39m, [32m'3.40'[39m, [32m'0.00'[39m ]
data rcv RT:[ [32m'0.00'[39m, [32m'4.33'[39m, [32m'3.39'[39m, [32m'0.01'[39m ]
data rcv RT:[ [32m'0.00'[39m, [32m'4.34'[39m, [32m'3.39'[39m, [32m'0.03'[39m ]
data rcv RT:[ [32m'0.00'[39m, [32m'4.34'[39m, [32m'3.37'[39m, [32m'0.02'[39m ]
data rcv RT:[ [32m'0.00'[39m, [32m'4.36'[39m, [32m'3.40'[39m, [32m'0.00'[39m ]
data rcv RT:[ [32m'0.00'[39m, [32m'4.38'[39m, [32m'3.39'[39m, [32m'0.00'[39m ]
data rcv RT:[ [32m'0.00'[39m, [32m'4.33'[39m, [32m'3.43'[39m, [32m'0.00'[39m ]
data rcv RT:[ [32m'0.00'[39m, [32m'4.32'[39m, [32m'3.44'[39m, [32m'0.00'[39m ]
data rcv RT:[ [32m'0.00'[39m, [32m'4.31'[39m, [32m'3.43'[39m, [32m'0.00'[39m ]
data rcv RT:[ [32m'0.00'[39m, [32m'4.30'[39m, [32m'3.42'[39m, [32m'0.00'[39m ]
data rcv RT:[ [32m'0.00'[39m, [32m'4.31'[39m, [32m'3.45'[39m, [32m'0.00'[39m ]
data rcv RT:[ [32m'0.00'[39m, [32m'4.28'[39m, [32m'3.39'[39m, [32m'0.00'[39m ]
data rcv RT:[ [32m'0.00'[39m, [32m'4.27'[39m, [32m'3.36'[39m, [32m'0.00'[39m ]
data rcv RT:[ [32m'0.00'[39m, [32m'4.27'[39m, [32m'3.38'[39m, [32m'0.00'[39m ]
data rcv RT:[ [32m'0.00'[39m, [32m'4.33'[39m, [32m'3.38'[39m, [32m'0.01'[39m ]
data rcv RT:[ [32m'0.00'[39m, [32m'4.34'[39m, [32m'3.40'[39m, [32m'0.01'[39m ]
data rcv RT:[ [32m'0.00'[39m, [32m'4.30'[39m, [32m'3.37'[39m, [32m'0.01'[39m ]
data rcv RT:[ [32m'0.00'[39m, [32m'4.34'[39m, [32m'3.40'[39m, [32m'0.02'[39m ]
data rcv RT:[ [32m'0.00'[39m, [32m'4.36'[39m, [32m'3.38'[39m, [32m'0.02'[39m ]
data rcv RT:[ [32m'0.00'[39m, [32m'4.36'[39m, [32m'3.37'[39m, [32m'0.04'[39m ]
data rcv RT:[ [32m'0.00'[39m, [32m'4.37'[39m, [32m'3.42'[39m, [32m'0.01'[39m ]
data rcv RT:[ [32m'0.00'[39m, [32m'4.35'[39m, [32m'3.43'[39m, [32m'0.00'[39m ]
data rcv RT:[ [32m'0.00'[39m, [32m'4.32'[39m, [32m'3.42'[39m, [32m'0.00'[39m ]
data rcv RT:[ [32m'0.00'[39m, [32m'4.31'[39m, [32m'3.42'[39m, [32m'0.00'[39m ]
data rcv RT:[ [32m'0.00'[39m, [32m'4.26'[39m, [32m'3.43'[39m, [32m'0.00'[39m ]
data rcv RT:[ [32m'0.00'[39m, [32m'4.28'[39m, [32m'3.42'[39m, [32m'0.00'[39m ]
data rcv RT:[ [32m'0.00'[39m, [32m'4.27'[39m, [32m'3.36'[39m, [32m'0.00'[39m ]
data rcv RT:[ [32m'0.00'[39m, [32m'4.32'[39m, [32m'3.39'[39m, [32m'0.02'[39m ]
data rcv RT:[ [32m'0.00'[39m, [32m'4.31'[39m, [32m'3.38'[39m, [32m'0.01'[39m ]
data rcv RT:[ [32m'0.00'[39m, [32m'4.34'[39m, [32m'3.37'[39m, [32m'0.02'[39m ]
data rcv RT:[ [32m'0.00'[39m, [32m'4.37'[39m, [32m'3.36'[39m, [32m'0.02'[39m ]
data rcv RT:[ [32m'0.00'[39m, [32m'4.36'[39m, [32m'3.43'[39m, [32m'0.00'[39m ]
data rcv RT:[ [32m'0.00'[39m, [32m'4.36'[39m, [32m'3.42'[39m, [32m'0.00'[39m ]
data rcv RT:[ [32m'0.00'[39m, [32m'4.32'[39m, [32m'3.44'[39m, [32m'0.00'[39m ]
data rcv RT:[ [32m'0.00'[39m, [32m'4.32'[39m, [32m'3.44'[39m, [32m'0.00'[39m ]
data rcv RT:[ [32m'0.00'[39m, [32m'4.31'[39m, [32m'3.42'[39m, [32m'0.00'[39m ]
data rcv RT:[ [32m'0.00'[39m, [32m'4.33'[39m, [32m'3.44'[39m, [32m'0.00'[39m ]
data rcv RT:[ [32m'0.00'[39m, [32m'4.28'[39m, [32m'3.40'[39m, [32m'0.00'[39m ]
data rcv RT:[ [32m'0.00'[39m, [32m'4.29'[39m, [32m'3.46'[39m, [32m'0.00'[39m ]
data rcv RT:[ [32m'0.00'[39m, [32m'4.27'[39m, [32m'3.38'[39m, [32m'0.00'[39m ]
data rcv RT:[ [32m'0.00'[39m, [32m'4.30'[39m, [32m'3.38'[39m, [32m'0.00'[39m ]
data rcv RT:[ [32m'0.00'[39m, [32m'4.28'[39m, [32m'3.38'[39m, [32m'0.00'[39m ]
data rcv RT:[ [32m'0.00'[39m, [32m'4.32'[39m, [32m'3.39'[39m, [32m'0.01'[39m ]
data rcv RT:[ [32m'0.00'[39m, [32m'4.33'[39m, [32m'3.36'[39m, [32m'0.04'[39m ]
data rcv RT:[ [32m'0.00'[39m, [32m'4.36'[39m, [32m'3.36'[39m, [32m'0.05'[39m ]
data rcv RT:[ [32m'0.00'[39m, [32m'4.36'[39m, [32m'3.39'[39m, [32m'0.02'[39m ]
data rcv RT:[ [32m'0.00'[39m, [32m'4.38'[39m, [32m'3.40'[39m, [32m'0.01'[39m ]
data rcv RT:[ [32m'0.00'[39m, [32m'4.35'[39m, [32m'3.38'[39m, [32m'0.03'[39m ]
data rcv RT:[ [32m'0.00'[39m, [32m'4.39'[39m, [32m'3.41'[39m, [32m'0.00'[39m ]
data rcv RT:[ [32m'0.00'[39m, [32m'4.35'[39m, [32m'3.42'[39m, [32m'0.00'[39m ]
data rcv RT:[ [32m'0.00'[39m, [32m'4.31'[39m, [32m'3.41'[39m, [32m'0.00'[39m ]
data rcv RT:[ [32m'0.00'[39m, [32m'4.31'[39m, [32m'3.42'[39m, [32m'0.00'[39m ]
data rcv RT:[ [32m'0.00'[39m, [32m'4.31'[39m, [32m'3.42'[39m, [32m'0.00'[39m ]
data rcv RT:[ [32m'0.00'[39m, [32m'4.25'[39m, [32m'3.42'[39m, [32m'0.00'[39m ]
data rcv RT:[ [32m'0.00'[39m, [32m'4.28'[39m, [32m'3.40'[39m, [32m'0.00'[39m ]
data rcv RT:[ [32m'0.00'[39m, [32m'4.29'[39m, [32m'3.38'[39m, [32m'0.00'[39m ]
data rcv RT:[ [32m'0.00'[39m, [32m'4.29'[39m, [32m'3.39'[39m, [32m'0.00'[39m ]
data rcv RT:[ [32m'0.00'[39m, [32m'4.33'[39m, [32m'3.37'[39m, [32m'0.02'[39m ]
data rcv RT:[ [32m'0.00'[39m, [32m'4.33'[39m, [32m'3.36'[39m, [32m'0.01'[39m ]
data rcv RT:[ [32m'0.00'[39m, [32m'4.34'[39m, [32m'3.40'[39m, [32m'0.00'[39m ]
data rcv RT:[ [32m'0.00'[39m, [32m'4.38'[39m, [32m'3.40'[39m, [32m'0.00'[39m ]
data rcv RT:[ [32m'0.00'[39m, [32m'4.37'[39m, [32m'3.42'[39m, [32m'0.00'[39m ]
data rcv RT:[ [32m'0.00'[39m, [32m'4.34'[39m, [32m'3.44'[39m, [32m'0.00'[39m ]
data rcv RT:[ [32m'0.00'[39m, [32m'4.33'[39m, [32m'3.42'[39m, [32m'0.00'[39m ]
data rcv RT:[ [32m'0.00'[39m, [32m'4.32'[39m, [32m'3.42'[39m, [32m'0.00'[39m ]
data rcv RT:[ [32m'0.00'[39m, [32m'4.28'[39m, [32m'3.42'[39m, [32m'0.00'[39m ]
data rcv RT:[ [32m'0.00'[39m, [32m'4.25'[39m, [32m'3.42'[39m, [32m'0.00'[39m ]
data rcv RT:[ [32m'0.00'[39m, [32m'4.26'[39m, [32m'3.39'[39m, [32m'0.00'[39m ]
data rcv RT:[ [32m'0.00'[39m, [32m'4.29'[39m, [32m'3.37'[39m, [32m'0.00'[39m ]
data rcv RT:[ [32m'0.00'[39m, [32m'4.32'[39m, [32m'3.38'[39m, [32m'0.01'[39m ]
data rcv RT:[ [32m'0.00'[39m, [32m'4.30'[39m, [32m'3.37'[39m, [32m'0.00'[39m ]
data rcv RT:[ [32m'0.00'[39m, [32m'4.33'[39m, [32m'3.37'[39m, [32m'0.03'[39m ]
data rcv RT:[ [32m'0.00'[39m, [32m'4.34'[39m, [32m'3.39'[39m, [32m'0.04'[39m ]
data rcv RT:[ [32m'0.00'[39m, [32m'4.37'[39m, [32m'3.42'[39m, [32m'0.00'[39m ]
data rcv RT:[ [32m'0.00'[39m, [32m'4.37'[39m, [32m'3.38'[39m, [32m'0.04'[39m ]
data rcv RT:[ [32m'0.00'[39m, [32m'4.34'[39m, [32m'3.43'[39m, [32m'0.00'[39m ]
data rcv RT:[ [32m'0.00'[39m, [32m'4.30'[39m, [32m'3.44'[39m, [32m'0.00'[39m ]
data rcv RT:[ [32m'0.00'[39m, [32m'4.30'[39m, [32m'3.45'[39m, [32m'0.00'[39m ]
data rcv RT:[ [32m'0.00'[39m, [32m'4.29'[39m, [32m'3.43'[39m, [32m'0.00'[39m ]
data rcv RT:[ [32m'0.00'[39m, [32m'4.30'[39m, [32m'3.43'[39m, [32m'0.00'[39m ]
data rcv RT:[ [32m'0.00'[39m, [32m'4.26'[39m, [32m'3.40'[39m, [32m'0.00'[39m ]
data rcv RT:[ [32m'0.00'[39m, [32m'4.26'[39m, [32m'3.43'[39m, [32m'0.00'[39m ]
data rcv RT:[ [32m'0.00'[39m, [32m'4.28'[39m, [32m'3.38'[39m, [32m'0.00'[39m ]
data rcv RT:[ [32m'0.00'[39m, [32m'4.26'[39m, [32m'3.40'[39m, [32m'0.00'[39m ]
data rcv RT:[ [32m'0.00'[39m, [32m'4.31'[39m, [32m'3.38'[39m, [32m'0.00'[39m ]
data rcv RT:[ [32m'0.00'[39m, [32m'4.31'[39m, [32m'3.37'[39m, [32m'0.02'[39m ]
data rcv RT:[ [32m'0.00'[39m, [32m'4.32'[39m, [32m'3.37'[39m, [32m'0.01'[39m ]
data rcv RT:[ [32m'0.00'[39m, [32m'4.33'[39m, [32m'3.39'[39m, [32m'0.01'[39m ]
data rcv RT:[ [32m'0.00'[39m, [32m'4.32'[39m, [32m'3.39'[39m, [32m'0.02'[39m ]
data rcv RT:[ [32m'0.00'[39m, [32m'4.37'[39m, [32m'3.42'[39m, [32m'0.00'[39m ]
data rcv RT:[ [32m'0.00'[39m, [32m'4.37'[39m, [32m'3.40'[39m, [32m'0.03'[39m ]
data rcv RT:[ [32m'0.00'[39m, [32m'4.37'[39m, [32m'3.42'[39m, [32m'0.00'[39m ]
data rcv RT:[ [32m'0.00'[39m, [32m'4.37'[39m, [32m'3.42'[39m, [32m'0.00'[39m ]
data rcv RT:[ [32m'0.00'[39m, [32m'4.34'[39m, [32m'3.38'[39m, [32m'0.00'[39m ]
data rcv RT:[ [32m'0.00'[39m, [32m'4.31'[39m, [32m'3.43'[39m, [32m'0.00'[39m ]
data rcv RT:[ [32m'0.00'[39m, [32m'4.31'[39m, [32m'3.42'[39m, [32m'0.00'[39m ]
data rcv RT:[ [32m'0.00'[39m, [32m'4.29'[39m, [32m'3.44'[39m, [32m'0.00'[39m ]
data rcv RT:[ [32m'0.00'[39m, [32m'4.30'[39m, [32m'3.48'[39m, [32m'0.00'[39m ]
data rcv RT:[ [32m'0.00'[39m, [32m'4.25'[39m, [32m'3.39'[39m, [32m'0.00'[39m ]
data rcv RT:[ [32m'0.00'[39m, [32m'4.27'[39m, [32m'3.40'[39m, [32m'0.00'[39m ]
data rcv RT:[ [32m'0.00'[39m, [32m'4.28'[39m, [32m'3.39'[39m, [32m'0.00'[39m ]
data rcv RT:[ [32m'0.00'[39m, [32m'4.30'[39m, [32m'3.40'[39m, [32m'0.00'[39m ]
data rcv RT:[ [32m'0.00'[39m, [32m'4.32'[39m, [32m'3.39'[39m, [32m'0.02'[39m ]
data rcv RT:[ [32m'0.00'[39m, [32m'4.34'[39m, [32m'3.38'[39m, [32m'0.01'[39m ]
data rcv RT:[ [32m'0.00'[39m, [32m'4.33'[39m, [32m'3.36'[39m, [32m'0.03'[39m ]
data rcv RT:[ [32m'0.00'[39m, [32m'4.34'[39m, [32m'3.40'[39m, [32m'0.02'[39m ]
data rcv RT:[ [32m'0.00'[39m, [32m'4.33'[39m, [32m'3.45'[39m, [32m'0.00'[39m ]
data rcv RT:[ [32m'0.00'[39m, [32m'4.33'[39m, [32m'3.42'[39m, [32m'0.00'[39m ]
data rcv RT:[ [32m'0.00'[39m, [32m'4.31'[39m, [32m'3.43'[39m, [32m'0.00'[39m ]
data rcv RT:[ [32m'0.00'[39m, [32m'4.30'[39m, [32m'3.42'[39m, [32m'0.00'[39m ]
data rcv RT:[ [32m'0.00'[39m, [32m'4.30'[39m, [32m'3.45'[39m, [32m'0.00'[39m ]
data rcv RT:[ [32m'0.00'[39m, [32m'4.27'[39m, [32m'3.40'[39m, [32m'0.00'[39m ]
data rcv RT:[ [32m'0.00'[39m, [32m'4.29'[39m, [32m'3.41'[39m, [32m'0.00'[39m ]
data rcv RT:[ [32m'0.00'[39m, [32m'4.29'[39m, [32m'3.38'[39m, [32m'0.00'[39m ]
data rcv RT:[ [32m'0.00'[39m, [32m'4.28'[39m, [32m'3.38'[39m, [32m'0.00'[39m ]
data rcv RT:[ [32m'0.00'[39m, [32m'4.33'[39m, [32m'3.39'[39m, [32m'0.01'[39m ]
data rcv RT:[ [32m'0.00'[39m, [32m'4.30'[39m, [32m'3.39'[39m, [32m'0.00'[39m ]
data rcv RT:[ [32m'0.00'[39m, [32m'4.34'[39m, [32m'3.38'[39m, [32m'0.01'[39m ]
data rcv RT:[ [32m'0.00'[39m, [32m'4.32'[39m, [32m'3.40'[39m, [32m'0.00'[39m ]
data rcv RT:[ [32m'0.00'[39m, [32m'4.38'[39m, [32m'3.41'[39m, [32m'0.00'[39m ]
data rcv RT:[ [32m'0.00'[39m, [32m'4.35'[39m, [32m'3.44'[39m, [32m'0.00'[39m ]
data rcv RT:[ [32m'0.00'[39m, [32m'4.33'[39m, [32m'3.45'[39m, [32m'0.00'[39m ]
data rcv RT:[ [32m'0.00'[39m, [32m'4.30'[39m, [32m'3.42'[39m, [32m'0.00'[39m ]
data rcv RT:[ [32m'0.00'[39m, [32m'4.32'[39m, [32m'3.44'[39m, [32m'0.00'[39m ]
data rcv RT:[ [32m'0.00'[39m, [32m'4.30'[39m, [32m'3.45'[39m, [32m'0.00'[39m ]
data rcv RT:[ [32m'0.00'[39m, [32m'4.29'[39m, [32m'3.41'[39m, [32m'0.00'[39m ]
data rcv RT:[ [32m'0.00'[39m, [32m'4.27'[39m, [32m'3.40'[39m, [32m'0.00'[39m ]
data rcv RT:[ [32m'0.00'[39m, [32m'4.25'[39m, [32m'3.39'[39m, [32m'0.00'[39m ]
data rcv RT:[ [32m'0.00'[39m, [32m'4.29'[39m, [32m'3.38'[39m, [32m'0.00'[39m ]
data rcv RT:[ [32m'0.00'[39m, [32m'4.31'[39m, [32m'3.37'[39m, [32m'0.00'[39m ]
data rcv RT:[ [32m'0.00'[39m, [32m'4.30'[39m, [32m'3.39'[39m, [32m'0.01'[39m ]
data rcv RT:[ [32m'0.00'[39m, [32m'4.33'[39m, [32m'3.37'[39m, [32m'0.01'[39m ]
data rcv RT:[ [32m'0.00'[39m, [32m'4.34'[39m, [32m'3.41'[39m, [32m'0.00'[39m ]
data rcv RT:[ [32m'0.00'[39m, [32m'4.32'[39m, [32m'3.38'[39m, [32m'0.02'[39m ]
data rcv RT:[ [32m'0.00'[39m, [32m'4.37'[39m, [32m'3.41'[39m, [32m'0.02'[39m ]
data rcv RT:[ [32m'0.00'[39m, [32m'4.35'[39m, [32m'3.43'[39m, [32m'0.00'[39m ]
data rcv RT:[ [32m'0.00'[39m, [32m'4.37'[39m, [32m'3.43'[39m, [32m'0.00'[39m ]
data rcv RT:[ [32m'0.00'[39m, [32m'4.36'[39m, [32m'3.43'[39m, [32m'0.00'[39m ]
data rcv RT:[ [32m'0.00'[39m, [32m'4.31'[39m, [32m'3.43'[39m, [32m'0.00'[39m ]
data rcv RT:[ [32m'0.00'[39m, [32m'4.29'[39m, [32m'3.41'[39m, [32m'0.00'[39m ]
data rcv RT:[ [32m'0.00'[39m, [32m'4.29'[39m, [32m'3.43'[39m, [32m'0.00'[39m ]
data rcv RT:[ [32m'0.00'[39m, [32m'4.29'[39m, [32m'3.41'[39m, [32m'0.00'[39m ]
data rcv RT:[ [32m'0.00'[39m, [32m'4.31'[39m, [32m'3.44'[39m, [32m'0.00'[39m ]
data rcv RT:[ [32m'0.00'[39m, [32m'4.27'[39m, [32m'3.44'[39m, [32m'0.00'[39m ]
data rcv RT:[ [32m'0.00'[39m, [32m'4.27'[39m, [32m'3.41'[39m, [32m'0.00'[39m ]
data rcv RT:[ [32m'0.00'[39m, [32m'4.28'[39m, [32m'3.37'[39m, [32m'0.00'[39m ]
data rcv RT:[ [32m'0.00'[39m, [32m'4.31'[39m, [32m'3.37'[39m, [32m'0.00'[39m ]
data rcv RT:[ [32m'0.00'[39m, [32m'4.32'[39m, [32m'3.40'[39m, [32m'0.00'[39m ]
data rcv RT:[ [32m'0.00'[39m, [32m'4.32'[39m, [32m'3.38'[39m, [32m'0.01'[39m ]
client Front End connected
Socket {
  nsp: 
   Namespace {
     name: [32m'/'[39m,
     server: 
      Server {
        nsps: [36m[Object][39m,
        _path: [32m'/socket.io'[39m,
        _serveClient: [33mtrue[39m,
        _adapter: [36m[Function: Adapter][39m,
        _origins: [32m'*:*'[39m,
        sockets: [36m[Circular][39m,
        eio: [36m[Object][39m,
        httpServer: [36m[Object][39m,
        engine: [36m[Object][39m },
     sockets: { [32m'/#fDdIYJ-JebhXMXx3AAAI'[39m: [36m[Circular][39m },
     connected: { [32m'/#fDdIYJ-JebhXMXx3AAAI'[39m: [36m[Circular][39m },
     fns: [],
     ids: [33m0[39m,
     adapter: 
      Adapter {
        nsp: [36m[Circular][39m,
        rooms: [36m[Object][39m,
        sids: [36m[Object][39m,
        encoder: Encoder {} },
     _events: { connection: [36m[Function][39m },
     _eventsCount: [33m1[39m },
  server: 
   Server {
     nsps: { [32m'/'[39m: [36m[Object][39m },
     _path: [32m'/socket.io'[39m,
     _serveClient: [33mtrue[39m,
     _adapter: [36m[Function: Adapter][39m,
     _origins: [32m'*:*'[39m,
     sockets: 
      Namespace {
        name: [32m'/'[39m,
        server: [36m[Circular][39m,
        sockets: [36m[Object][39m,
        connected: [36m[Object][39m,
        fns: [],
        ids: [33m0[39m,
        adapter: [36m[Object][39m,
        _events: [36m[Object][39m,
        _eventsCount: [33m1[39m },
     eio: 
      Server {
        clients: [36m[Object][39m,
        clientsCount: [33m1[39m,
        pingTimeout: [33m60000[39m,
        pingInterval: [33m25000[39m,
        upgradeTimeout: [33m10000[39m,
        maxHttpBufferSize: [33m100000000[39m,
        transports: [36m[Object][39m,
        allowUpgrades: [33mtrue[39m,
        allowRequest: [36m[Function: bound ][39m,
        cookie: [32m'io'[39m,
        cookiePath: [33mfalse[39m,
        perMessageDeflate: [36m[Object][39m,
        httpCompression: [36m[Object][39m,
        ws: [36m[Object][39m,
        _events: [36m[Object][39m,
        _eventsCount: [33m1[39m },
     httpServer: 
      Server {
        domain: [1mnull[22m,
        _events: [36m[Object][39m,
        _eventsCount: [33m4[39m,
        _maxListeners: [90mundefined[39m,
        _connections: [33m1[39m,
        _handle: [36m[Object][39m,
        _usingSlaves: [33mfalse[39m,
        _slaves: [],
        _unref: [33mfalse[39m,
        allowHalfOpen: [33mtrue[39m,
        pauseOnConnect: [33mfalse[39m,
        httpAllowHalfOpen: [33mfalse[39m,
        timeout: [33m120000[39m,
        _pendingResponseData: [33m0[39m,
        _connectionKey: [32m'6::::3000'[39m },
     engine: 
      Server {
        clients: [36m[Object][39m,
        clientsCount: [33m1[39m,
        pingTimeout: [33m60000[39m,
        pingInterval: [33m25000[39m,
        upgradeTimeout: [33m10000[39m,
        maxHttpBufferSize: [33m100000000[39m,
        transports: [36m[Object][39m,
        allowUpgrades: [33mtrue[39m,
        allowRequest: [36m[Function: bound ][39m,
        cookie: [32m'io'[39m,
        cookiePath: [33mfalse[39m,
        perMessageDeflate: [36m[Object][39m,
        httpCompression: [36m[Object][39m,
        ws: [36m[Object][39m,
        _events: [36m[Object][39m,
        _eventsCount: [33m1[39m } },
  adapter: 
   Adapter {
     nsp: 
      Namespace {
        name: [32m'/'[39m,
        server: [36m[Object][39m,
        sockets: [36m[Object][39m,
        connected: [36m[Object][39m,
        fns: [],
        ids: [33m0[39m,
        adapter: [36m[Circular][39m,
        _events: [36m[Object][39m,
        _eventsCount: [33m1[39m },
     rooms: { [32m'/#fDdIYJ-JebhXMXx3AAAI'[39m: [36m[Object][39m },
     sids: { [32m'/#fDdIYJ-JebhXMXx3AAAI'[39m: [36m[Object][39m },
     encoder: Encoder {} },
  id: [32m'/#fDdIYJ-JebhXMXx3AAAI'[39m,
  client: 
   Client {
     server: 
      Server {
        nsps: [36m[Object][39m,
        _path: [32m'/socket.io'[39m,
        _serveClient: [33mtrue[39m,
        _adapter: [36m[Function: Adapter][39m,
        _origins: [32m'*:*'[39m,
        sockets: [36m[Object][39m,
        eio: [36m[Object][39m,
        httpServer: [36m[Object][39m,
        engine: [36m[Object][39m },
     conn: 
      Socket {
        id: [32m'fDdIYJ-JebhXMXx3AAAI'[39m,
        server: [36m[Object][39m,
        upgrading: [33mfalse[39m,
        upgraded: [33mfalse[39m,
        readyState: [32m'open'[39m,
        writeBuffer: [36m[Object][39m,
        packetsFn: [36m[Object][39m,
        sentCallbackFn: [],
        cleanupFn: [36m[Object][39m,
        request: [36m[Object][39m,
        remoteAddress: [32m'::ffff:10.210.30.41'[39m,
        checkIntervalTimer: [1mnull[22m,
        upgradeTimeoutTimer: [1mnull[22m,
        pingTimeoutTimer: [36m[Object][39m,
        transport: [36m[Object][39m,
        _events: [36m[Object][39m,
        _eventsCount: [33m3[39m },
     encoder: Encoder {},
     decoder: Decoder { reconstructor: [1mnull[22m, _callbacks: [36m[Object][39m },
     id: [32m'fDdIYJ-JebhXMXx3AAAI'[39m,
     request: 
      IncomingMessage {
        _readableState: [36m[Object][39m,
        readable: [33mtrue[39m,
        domain: [1mnull[22m,
        _events: {},
        _eventsCount: [33m0[39m,
        _maxListeners: [90mundefined[39m,
        socket: [36m[Object][39m,
        connection: [36m[Object][39m,
        httpVersionMajor: [33m1[39m,
        httpVersionMinor: [33m1[39m,
        httpVersion: [32m'1.1'[39m,
        complete: [33mtrue[39m,
        headers: [36m[Object][39m,
        rawHeaders: [36m[Object][39m,
        trailers: {},
        rawTrailers: [],
        upgrade: [33mfalse[39m,
        url: [32m'/socket.io/?EIO=3&transport=polling&t=LTlPjnf'[39m,
        method: [32m'GET'[39m,
        statusCode: [1mnull[22m,
        statusMessage: [1mnull[22m,
        client: [36m[Object][39m,
        _consuming: [33mfalse[39m,
        _dumped: [33mtrue[39m,
        _query: [36m[Object][39m,
        res: [36m[Object][39m,
        cleanup: [36m[Function: cleanup][39m },
     onclose: [36m[Function: bound ][39m,
     ondata: [36m[Function: bound ][39m,
     onerror: [36m[Function: bound ][39m,
     ondecoded: [36m[Function: bound ][39m,
     sockets: { [32m'/#fDdIYJ-JebhXMXx3AAAI'[39m: [36m[Circular][39m },
     nsps: { [32m'/'[39m: [36m[Circular][39m },
     connectBuffer: [] },
  conn: 
   Socket {
     id: [32m'fDdIYJ-JebhXMXx3AAAI'[39m,
     server: 
      Server {
        clients: [36m[Object][39m,
        clientsCount: [33m1[39m,
        pingTimeout: [33m60000[39m,
        pingInterval: [33m25000[39m,
        upgradeTimeout: [33m10000[39m,
        maxHttpBufferSize: [33m100000000[39m,
        transports: [36m[Object][39m,
        allowUpgrades: [33mtrue[39m,
        allowRequest: [36m[Function: bound ][39m,
        cookie: [32m'io'[39m,
        cookiePath: [33mfalse[39m,
        perMessageDeflate: [36m[Object][39m,
        httpCompression: [36m[Object][39m,
        ws: [36m[Object][39m,
        _events: [36m[Object][39m,
        _eventsCount: [33m1[39m },
     upgrading: [33mfalse[39m,
     upgraded: [33mfalse[39m,
     readyState: [32m'open'[39m,
     writeBuffer: [ [36m[Object][39m ],
     packetsFn: [ [90mundefined[39m ],
     sentCallbackFn: [],
     cleanupFn: [ [36m[Function][39m, [36m[Function][39m ],
     request: 
      IncomingMessage {
        _readableState: [36m[Object][39m,
        readable: [33mtrue[39m,
        domain: [1mnull[22m,
        _events: {},
        _eventsCount: [33m0[39m,
        _maxListeners: [90mundefined[39m,
        socket: [36m[Object][39m,
        connection: [36m[Object][39m,
        httpVersionMajor: [33m1[39m,
        httpVersionMinor: [33m1[39m,
        httpVersion: [32m'1.1'[39m,
        complete: [33mtrue[39m,
        headers: [36m[Object][39m,
        rawHeaders: [36m[Object][39m,
        trailers: {},
        rawTrailers: [],
        upgrade: [33mfalse[39m,
        url: [32m'/socket.io/?EIO=3&transport=polling&t=LTlPjnf'[39m,
        method: [32m'GET'[39m,
        statusCode: [1mnull[22m,
        statusMessage: [1mnull[22m,
        client: [36m[Object][39m,
        _consuming: [33mfalse[39m,
        _dumped: [33mtrue[39m,
        _query: [36m[Object][39m,
        res: [36m[Object][39m,
        cleanup: [36m[Function: cleanup][39m },
     remoteAddress: [32m'::ffff:10.210.30.41'[39m,
     checkIntervalTimer: [1mnull[22m,
     upgradeTimeoutTimer: [1mnull[22m,
     pingTimeoutTimer: 
      Timeout {
        _called: [33mfalse[39m,
        _idleTimeout: [33m85000[39m,
        _idlePrev: [36m[Object][39m,
        _idleNext: [36m[Object][39m,
        _idleStart: [33m5483429[39m,
        _onTimeout: [36m[Function][39m,
        _repeat: [1mnull[22m },
     transport: 
      XHR {
        readyState: [32m'open'[39m,
        discarded: [33mfalse[39m,
        closeTimeout: [33m30000[39m,
        maxHttpBufferSize: [33m100000000[39m,
        httpCompression: [36m[Object][39m,
        supportsBinary: [33mtrue[39m,
        _events: [36m[Object][39m,
        _eventsCount: [33m5[39m,
        sid: [32m'fDdIYJ-JebhXMXx3AAAI'[39m,
        req: [1mnull[22m,
        res: [1mnull[22m,
        writable: [33mfalse[39m },
     _events: 
      { close: [36m[Object][39m,
        data: [36m[Function: bound ][39m,
        error: [36m[Function: bound ][39m },
     _eventsCount: [33m3[39m },
  rooms: {},
  acks: {},
  connected: [33mtrue[39m,
  disconnected: [33mfalse[39m,
  handshake: 
   { headers: 
      { host: [32m'10.210.30.148:3000'[39m,
        connection: [32m'keep-alive'[39m,
        [32m'cache-control'[39m: [32m'max-age=0'[39m,
        origin: [32m'http://10.210.30.148'[39m,
        [32m'user-agent'[39m: [32m'Mozilla/5.0 (Windows NT 5.1) AppleWebKit/537.36 (KHTML, like Gecko) Chrome/49.0.2623.112 Safari/537.36'[39m,
        accept: [32m'*/*'[39m,
        referer: [32m'http://10.210.30.148/sku/'[39m,
        [32m'accept-encoding'[39m: [32m'gzip, deflate, sdch'[39m,
        [32m'accept-language'[39m: [32m'ru-RU,ru;q=0.8,en-US;q=0.6,en;q=0.4'[39m,
        cookie: [32m'io=jJ2gNO89OKu69kVMAAAH'[39m },
     time: [32m'Wed Sep 28 2016 10:06:35 GMT+0400 (SAMT)'[39m,
     address: [32m'::ffff:10.210.30.41'[39m,
     xdomain: [33mtrue[39m,
     secure: [33mfalse[39m,
     issued: [33m1475042795649[39m,
     url: [32m'/socket.io/?EIO=3&transport=polling&t=LTlPjnf'[39m,
     query: { EIO: [32m'3'[39m, transport: [32m'polling'[39m, t: [32m'LTlPjnf'[39m } } }
data rcv RT:[ [32m'0.00'[39m, [32m'4.31'[39m, [32m'3.39'[39m, [32m'0.00'[39m ]
data rcv RT:[ [32m'0.00'[39m, [32m'4.29'[39m, [32m'3.39'[39m, [32m'0.00'[39m ]
data rcv RT:[ [32m'0.00'[39m, [32m'4.33'[39m, [32m'3.38'[39m, [32m'0.03'[39m ]
data rcv RT:[ [32m'0.00'[39m, [32m'4.33'[39m, [32m'3.35'[39m, [32m'0.07'[39m ]
data rcv RT:[ [32m'0.00'[39m, [32m'4.37'[39m, [32m'3.39'[39m, [32m'0.03'[39m ]
data rcv RT:[ [32m'0.00'[39m, [32m'4.36'[39m, [32m'3.37'[39m, [32m'0.03'[39m ]
data rcv RT:[ [32m'0.00'[39m, [32m'4.34'[39m, [32m'3.43'[39m, [32m'0.00'[39m ]
data rcv RT:[ [32m'0.00'[39m, [32m'4.38'[39m, [32m'3.45'[39m, [32m'0.00'[39m ]
data rcv RT:[ [32m'0.00'[39m, [32m'4.37'[39m, [32m'3.41'[39m, [32m'0.01'[39m ]
data rcv RT:[ [32m'0.00'[39m, [32m'4.34'[39m, [32m'3.43'[39m, [32m'0.00'[39m ]
data rcv RT:[ [32m'0.00'[39m, [32m'4.33'[39m, [32m'3.42'[39m, [32m'0.00'[39m ]
data rcv RT:[ [32m'0.00'[39m, [32m'4.30'[39m, [32m'3.43'[39m, [32m'0.00'[39m ]
data rcv RT:[ [32m'0.00'[39m, [32m'4.27'[39m, [32m'3.46'[39m, [32m'0.00'[39m ]
data rcv RT:[ [32m'0.00'[39m, [32m'4.28'[39m, [32m'3.40'[39m, [32m'0.00'[39m ]
data rcv RT:[ [32m'0.00'[39m, [32m'4.27'[39m, [32m'3.41'[39m, [32m'0.00'[39m ]
data rcv RT:[ [32m'0.00'[39m, [32m'4.25'[39m, [32m'3.37'[39m, [32m'0.00'[39m ]
data rcv RT:[ [32m'0.00'[39m, [32m'4.26'[39m, [32m'3.39'[39m, [32m'0.00'[39m ]
data rcv RT:[ [32m'0.00'[39m, [32m'4.28'[39m, [32m'3.38'[39m, [32m'0.00'[39m ]
data rcv RT:[ [32m'0.00'[39m, [32m'4.31'[39m, [32m'3.38'[39m, [32m'0.02'[39m ]
data rcv RT:[ [32m'0.00'[39m, [32m'4.32'[39m, [32m'3.37'[39m, [32m'0.00'[39m ]
data rcv RT:[ [32m'0.00'[39m, [32m'4.32'[39m, [32m'3.39'[39m, [32m'0.02'[39m ]
data rcv RT:[ [32m'0.00'[39m, [32m'4.32'[39m, [32m'3.35'[39m, [32m'0.03'[39m ]
data rcv RT:[ [32m'0.00'[39m, [32m'4.38'[39m, [32m'3.41'[39m, [32m'0.00'[39m ]
data rcv RT:[ [32m'0.00'[39m, [32m'4.38'[39m, [32m'3.40'[39m, [32m'0.00'[39m ]
data rcv RT:[ [32m'0.00'[39m, [32m'4.38'[39m, [32m'3.43'[39m, [32m'0.00'[39m ]
data rcv RT:[ [32m'0.00'[39m, [32m'4.35'[39m, [32m'3.42'[39m, [32m'0.00'[39m ]
data rcv RT:[ [32m'0.00'[39m, [32m'4.35'[39m, [32m'3.42'[39m, [32m'0.00'[39m ]
data rcv RT:[ [32m'0.00'[39m, [32m'4.34'[39m, [32m'3.43'[39m, [32m'0.00'[39m ]
data rcv RT:[ [32m'0.00'[39m, [32m'4.31'[39m, [32m'3.41'[39m, [32m'0.00'[39m ]
data rcv RT:[ [32m'0.00'[39m, [32m'4.32'[39m, [32m'3.46'[39m, [32m'0.00'[39m ]
data rcv RT:[ [32m'0.00'[39m, [32m'4.25'[39m, [32m'3.39'[39m, [32m'0.00'[39m ]
data rcv RT:[ [32m'0.00'[39m, [32m'4.26'[39m, [32m'3.44'[39m, [32m'0.00'[39m ]
data rcv RT:[ [32m'0.00'[39m, [32m'4.25'[39m, [32m'3.38'[39m, [32m'0.00'[39m ]
data rcv RT:[ [32m'0.00'[39m, [32m'4.25'[39m, [32m'3.37'[39m, [32m'0.00'[39m ]
data rcv RT:[ [32m'0.00'[39m, [32m'4.30'[39m, [32m'3.38'[39m, [32m'0.00'[39m ]
data rcv RT:[ [32m'0.00'[39m, [32m'4.29'[39m, [32m'3.38'[39m, [32m'0.00'[39m ]
data rcv RT:[ [32m'0.00'[39m, [32m'4.32'[39m, [32m'3.37'[39m, [32m'0.02'[39m ]
data rcv RT:[ [32m'0.00'[39m, [32m'4.36'[39m, [32m'3.36'[39m, [32m'0.03'[39m ]
data rcv RT:[ [32m'0.00'[39m, [32m'4.36'[39m, [32m'3.38'[39m, [32m'0.04'[39m ]
data rcv RT:[ [32m'0.00'[39m, [32m'4.38'[39m, [32m'3.38'[39m, [32m'0.04'[39m ]
data rcv RT:[ [32m'0.00'[39m, [32m'4.37'[39m, [32m'3.37'[39m, [32m'0.03'[39m ]
data rcv RT:[ [32m'0.00'[39m, [32m'4.35'[39m, [32m'3.41'[39m, [32m'0.00'[39m ]
data rcv RT:[ [32m'0.00'[39m, [32m'4.32'[39m, [32m'3.43'[39m, [32m'0.00'[39m ]
data rcv RT:[ [32m'0.00'[39m, [32m'4.32'[39m, [32m'3.43'[39m, [32m'0.00'[39m ]
data rcv RT:[ [32m'0.00'[39m, [32m'4.27'[39m, [32m'3.42'[39m, [32m'0.00'[39m ]
data rcv RT:[ [32m'0.00'[39m, [32m'4.27'[39m, [32m'3.43'[39m, [32m'0.00'[39m ]
data rcv RT:[ [32m'0.00'[39m, [32m'4.27'[39m, [32m'3.41'[39m, [32m'0.00'[39m ]
data rcv RT:[ [32m'0.00'[39m, [32m'4.27'[39m, [32m'3.39'[39m, [32m'0.00'[39m ]
data rcv RT:[ [32m'0.00'[39m, [32m'4.29'[39m, [32m'3.38'[39m, [32m'0.01'[39m ]
data rcv RT:[ [32m'0.00'[39m, [32m'4.34'[39m, [32m'3.39'[39m, [32m'0.01'[39m ]
data rcv RT:[ [32m'0.00'[39m, [32m'4.34'[39m, [32m'3.38'[39m, [32m'0.02'[39m ]
data rcv RT:[ [32m'0.00'[39m, [32m'4.37'[39m, [32m'3.40'[39m, [32m'0.02'[39m ]
data rcv RT:[ [32m'0.00'[39m, [32m'4.36'[39m, [32m'3.39'[39m, [32m'0.02'[39m ]
data rcv RT:[ [32m'0.00'[39m, [32m'4.32'[39m, [32m'3.43'[39m, [32m'0.00'[39m ]
data rcv RT:[ [32m'0.00'[39m, [32m'4.30'[39m, [32m'3.42'[39m, [32m'0.00'[39m ]
data rcv RT:[ [32m'0.00'[39m, [32m'4.29'[39m, [32m'3.42'[39m, [32m'0.00'[39m ]
data rcv RT:[ [32m'0.00'[39m, [32m'4.25'[39m, [32m'3.43'[39m, [32m'0.00'[39m ]
client Front End connected
Socket {
  nsp: 
   Namespace {
     name: [32m'/'[39m,
     server: 
      Server {
        nsps: [36m[Object][39m,
        _path: [32m'/socket.io'[39m,
        _serveClient: [33mtrue[39m,
        _adapter: [36m[Function: Adapter][39m,
        _origins: [32m'*:*'[39m,
        sockets: [36m[Circular][39m,
        eio: [36m[Object][39m,
        httpServer: [36m[Object][39m,
        engine: [36m[Object][39m },
     sockets: { [32m'/#n6vXSlFOdUj41mV_AAAJ'[39m: [36m[Circular][39m },
     connected: { [32m'/#n6vXSlFOdUj41mV_AAAJ'[39m: [36m[Circular][39m },
     fns: [],
     ids: [33m0[39m,
     adapter: 
      Adapter {
        nsp: [36m[Circular][39m,
        rooms: [36m[Object][39m,
        sids: [36m[Object][39m,
        encoder: Encoder {} },
     _events: { connection: [36m[Function][39m },
     _eventsCount: [33m1[39m },
  server: 
   Server {
     nsps: { [32m'/'[39m: [36m[Object][39m },
     _path: [32m'/socket.io'[39m,
     _serveClient: [33mtrue[39m,
     _adapter: [36m[Function: Adapter][39m,
     _origins: [32m'*:*'[39m,
     sockets: 
      Namespace {
        name: [32m'/'[39m,
        server: [36m[Circular][39m,
        sockets: [36m[Object][39m,
        connected: [36m[Object][39m,
        fns: [],
        ids: [33m0[39m,
        adapter: [36m[Object][39m,
        _events: [36m[Object][39m,
        _eventsCount: [33m1[39m },
     eio: 
      Server {
        clients: [36m[Object][39m,
        clientsCount: [33m1[39m,
        pingTimeout: [33m60000[39m,
        pingInterval: [33m25000[39m,
        upgradeTimeout: [33m10000[39m,
        maxHttpBufferSize: [33m100000000[39m,
        transports: [36m[Object][39m,
        allowUpgrades: [33mtrue[39m,
        allowRequest: [36m[Function: bound ][39m,
        cookie: [32m'io'[39m,
        cookiePath: [33mfalse[39m,
        perMessageDeflate: [36m[Object][39m,
        httpCompression: [36m[Object][39m,
        ws: [36m[Object][39m,
        _events: [36m[Object][39m,
        _eventsCount: [33m1[39m },
     httpServer: 
      Server {
        domain: [1mnull[22m,
        _events: [36m[Object][39m,
        _eventsCount: [33m4[39m,
        _maxListeners: [90mundefined[39m,
        _connections: [33m1[39m,
        _handle: [36m[Object][39m,
        _usingSlaves: [33mfalse[39m,
        _slaves: [],
        _unref: [33mfalse[39m,
        allowHalfOpen: [33mtrue[39m,
        pauseOnConnect: [33mfalse[39m,
        httpAllowHalfOpen: [33mfalse[39m,
        timeout: [33m120000[39m,
        _pendingResponseData: [33m0[39m,
        _connectionKey: [32m'6::::3000'[39m },
     engine: 
      Server {
        clients: [36m[Object][39m,
        clientsCount: [33m1[39m,
        pingTimeout: [33m60000[39m,
        pingInterval: [33m25000[39m,
        upgradeTimeout: [33m10000[39m,
        maxHttpBufferSize: [33m100000000[39m,
        transports: [36m[Object][39m,
        allowUpgrades: [33mtrue[39m,
        allowRequest: [36m[Function: bound ][39m,
        cookie: [32m'io'[39m,
        cookiePath: [33mfalse[39m,
        perMessageDeflate: [36m[Object][39m,
        httpCompression: [36m[Object][39m,
        ws: [36m[Object][39m,
        _events: [36m[Object][39m,
        _eventsCount: [33m1[39m } },
  adapter: 
   Adapter {
     nsp: 
      Namespace {
        name: [32m'/'[39m,
        server: [36m[Object][39m,
        sockets: [36m[Object][39m,
        connected: [36m[Object][39m,
        fns: [],
        ids: [33m0[39m,
        adapter: [36m[Circular][39m,
        _events: [36m[Object][39m,
        _eventsCount: [33m1[39m },
     rooms: { [32m'/#n6vXSlFOdUj41mV_AAAJ'[39m: [36m[Object][39m },
     sids: { [32m'/#n6vXSlFOdUj41mV_AAAJ'[39m: [36m[Object][39m },
     encoder: Encoder {} },
  id: [32m'/#n6vXSlFOdUj41mV_AAAJ'[39m,
  client: 
   Client {
     server: 
      Server {
        nsps: [36m[Object][39m,
        _path: [32m'/socket.io'[39m,
        _serveClient: [33mtrue[39m,
        _adapter: [36m[Function: Adapter][39m,
        _origins: [32m'*:*'[39m,
        sockets: [36m[Object][39m,
        eio: [36m[Object][39m,
        httpServer: [36m[Object][39m,
        engine: [36m[Object][39m },
     conn: 
      Socket {
        id: [32m'n6vXSlFOdUj41mV_AAAJ'[39m,
        server: [36m[Object][39m,
        upgrading: [33mfalse[39m,
        upgraded: [33mfalse[39m,
        readyState: [32m'open'[39m,
        writeBuffer: [36m[Object][39m,
        packetsFn: [36m[Object][39m,
        sentCallbackFn: [],
        cleanupFn: [36m[Object][39m,
        request: [36m[Object][39m,
        remoteAddress: [32m'::ffff:10.210.30.41'[39m,
        checkIntervalTimer: [1mnull[22m,
        upgradeTimeoutTimer: [1mnull[22m,
        pingTimeoutTimer: [36m[Object][39m,
        transport: [36m[Object][39m,
        _events: [36m[Object][39m,
        _eventsCount: [33m3[39m },
     encoder: Encoder {},
     decoder: Decoder { reconstructor: [1mnull[22m, _callbacks: [36m[Object][39m },
     id: [32m'n6vXSlFOdUj41mV_AAAJ'[39m,
     request: 
      IncomingMessage {
        _readableState: [36m[Object][39m,
        readable: [33mtrue[39m,
        domain: [1mnull[22m,
        _events: {},
        _eventsCount: [33m0[39m,
        _maxListeners: [90mundefined[39m,
        socket: [36m[Object][39m,
        connection: [36m[Object][39m,
        httpVersionMajor: [33m1[39m,
        httpVersionMinor: [33m1[39m,
        httpVersion: [32m'1.1'[39m,
        complete: [33mtrue[39m,
        headers: [36m[Object][39m,
        rawHeaders: [36m[Object][39m,
        trailers: {},
        rawTrailers: [],
        upgrade: [33mfalse[39m,
        url: [32m'/socket.io/?EIO=3&transport=polling&t=LTlPxbS'[39m,
        method: [32m'GET'[39m,
        statusCode: [1mnull[22m,
        statusMessage: [1mnull[22m,
        client: [36m[Object][39m,
        _consuming: [33mfalse[39m,
        _dumped: [33mtrue[39m,
        _query: [36m[Object][39m,
        res: [36m[Object][39m,
        cleanup: [36m[Function: cleanup][39m },
     onclose: [36m[Function: bound ][39m,
     ondata: [36m[Function: bound ][39m,
     onerror: [36m[Function: bound ][39m,
     ondecoded: [36m[Function: bound ][39m,
     sockets: { [32m'/#n6vXSlFOdUj41mV_AAAJ'[39m: [36m[Circular][39m },
     nsps: { [32m'/'[39m: [36m[Circular][39m },
     connectBuffer: [] },
  conn: 
   Socket {
     id: [32m'n6vXSlFOdUj41mV_AAAJ'[39m,
     server: 
      Server {
        clients: [36m[Object][39m,
        clientsCount: [33m1[39m,
        pingTimeout: [33m60000[39m,
        pingInterval: [33m25000[39m,
        upgradeTimeout: [33m10000[39m,
        maxHttpBufferSize: [33m100000000[39m,
        transports: [36m[Object][39m,
        allowUpgrades: [33mtrue[39m,
        allowRequest: [36m[Function: bound ][39m,
        cookie: [32m'io'[39m,
        cookiePath: [33mfalse[39m,
        perMessageDeflate: [36m[Object][39m,
        httpCompression: [36m[Object][39m,
        ws: [36m[Object][39m,
        _events: [36m[Object][39m,
        _eventsCount: [33m1[39m },
     upgrading: [33mfalse[39m,
     upgraded: [33mfalse[39m,
     readyState: [32m'open'[39m,
     writeBuffer: [ [36m[Object][39m ],
     packetsFn: [ [90mundefined[39m ],
     sentCallbackFn: [],
     cleanupFn: [ [36m[Function][39m, [36m[Function][39m ],
     request: 
      IncomingMessage {
        _readableState: [36m[Object][39m,
        readable: [33mtrue[39m,
        domain: [1mnull[22m,
        _events: {},
        _eventsCount: [33m0[39m,
        _maxListeners: [90mundefined[39m,
        socket: [36m[Object][39m,
        connection: [36m[Object][39m,
        httpVersionMajor: [33m1[39m,
        httpVersionMinor: [33m1[39m,
        httpVersion: [32m'1.1'[39m,
        complete: [33mtrue[39m,
        headers: [36m[Object][39m,
        rawHeaders: [36m[Object][39m,
        trailers: {},
        rawTrailers: [],
        upgrade: [33mfalse[39m,
        url: [32m'/socket.io/?EIO=3&transport=polling&t=LTlPxbS'[39m,
        method: [32m'GET'[39m,
        statusCode: [1mnull[22m,
        statusMessage: [1mnull[22m,
        client: [36m[Object][39m,
        _consuming: [33mfalse[39m,
        _dumped: [33mtrue[39m,
        _query: [36m[Object][39m,
        res: [36m[Object][39m,
        cleanup: [36m[Function: cleanup][39m },
     remoteAddress: [32m'::ffff:10.210.30.41'[39m,
     checkIntervalTimer: [1mnull[22m,
     upgradeTimeoutTimer: [1mnull[22m,
     pingTimeoutTimer: 
      Timeout {
        _called: [33mfalse[39m,
        _idleTimeout: [33m85000[39m,
        _idlePrev: [36m[Object][39m,
        _idleNext: [36m[Object][39m,
        _idleStart: [33m5539987[39m,
        _onTimeout: [36m[Function][39m,
        _repeat: [1mnull[22m },
     transport: 
      XHR {
        readyState: [32m'open'[39m,
        discarded: [33mfalse[39m,
        closeTimeout: [33m30000[39m,
        maxHttpBufferSize: [33m100000000[39m,
        httpCompression: [36m[Object][39m,
        supportsBinary: [33mtrue[39m,
        _events: [36m[Object][39m,
        _eventsCount: [33m5[39m,
        sid: [32m'n6vXSlFOdUj41mV_AAAJ'[39m,
        req: [1mnull[22m,
        res: [1mnull[22m,
        writable: [33mfalse[39m },
     _events: 
      { close: [36m[Object][39m,
        data: [36m[Function: bound ][39m,
        error: [36m[Function: bound ][39m },
     _eventsCount: [33m3[39m },
  rooms: {},
  acks: {},
  connected: [33mtrue[39m,
  disconnected: [33mfalse[39m,
  handshake: 
   { headers: 
      { host: [32m'10.210.30.148:3000'[39m,
        connection: [32m'keep-alive'[39m,
        [32m'cache-control'[39m: [32m'max-age=0'[39m,
        origin: [32m'http://10.210.30.148'[39m,
        [32m'user-agent'[39m: [32m'Mozilla/5.0 (Windows NT 5.1) AppleWebKit/537.36 (KHTML, like Gecko) Chrome/49.0.2623.112 Safari/537.36'[39m,
        accept: [32m'*/*'[39m,
        referer: [32m'http://10.210.30.148/sku/'[39m,
        [32m'accept-encoding'[39m: [32m'gzip, deflate, sdch'[39m,
        [32m'accept-language'[39m: [32m'ru-RU,ru;q=0.8,en-US;q=0.6,en;q=0.4'[39m,
        cookie: [32m'io=fDdIYJ-JebhXMXx3AAAI'[39m },
     time: [32m'Wed Sep 28 2016 10:07:32 GMT+0400 (SAMT)'[39m,
     address: [32m'::ffff:10.210.30.41'[39m,
     xdomain: [33mtrue[39m,
     secure: [33mfalse[39m,
     issued: [33m1475042852203[39m,
     url: [32m'/socket.io/?EIO=3&transport=polling&t=LTlPxbS'[39m,
     query: { EIO: [32m'3'[39m, transport: [32m'polling'[39m, t: [32m'LTlPxbS'[39m } } }
data rcv RT:[ [32m'0.00'[39m, [32m'4.28'[39m, [32m'3.42'[39m, [32m'0.00'[39m ]
data rcv RT:[ [32m'0.00'[39m, [32m'4.25'[39m, [32m'3.43'[39m, [32m'0.00'[39m ]
data rcv RT:[ [32m'0.00'[39m, [32m'4.29'[39m, [32m'3.41'[39m, [32m'0.00'[39m ]
data rcv RT:[ [32m'0.00'[39m, [32m'4.28'[39m, [32m'3.38'[39m, [32m'0.00'[39m ]
data rcv RT:[ [32m'0.00'[39m, [32m'4.31'[39m, [32m'3.39'[39m, [32m'0.01'[39m ]
data rcv RT:[ [32m'0.00'[39m, [32m'4.33'[39m, [32m'3.39'[39m, [32m'0.00'[39m ]
data rcv RT:[ [32m'0.00'[39m, [32m'4.32'[39m, [32m'3.36'[39m, [32m'0.04'[39m ]
data rcv RT:[ [32m'0.00'[39m, [32m'4.35'[39m, [32m'3.38'[39m, [32m'0.04'[39m ]
data rcv RT:[ [32m'0.00'[39m, [32m'4.36'[39m, [32m'3.40'[39m, [32m'0.00'[39m ]
data rcv RT:[ [32m'0.00'[39m, [32m'4.33'[39m, [32m'3.44'[39m, [32m'0.00'[39m ]
data rcv RT:[ [32m'0.00'[39m, [32m'4.36'[39m, [32m'3.40'[39m, [32m'0.00'[39m ]
data rcv RT:[ [32m'0.00'[39m, [32m'4.36'[39m, [32m'3.40'[39m, [32m'0.00'[39m ]
data rcv RT:[ [32m'0.00'[39m, [32m'4.31'[39m, [32m'3.45'[39m, [32m'0.00'[39m ]
data rcv RT:[ [32m'0.00'[39m, [32m'4.32'[39m, [32m'3.44'[39m, [32m'0.00'[39m ]
data rcv RT:[ [32m'0.00'[39m, [32m'4.26'[39m, [32m'3.41'[39m, [32m'0.00'[39m ]
data rcv RT:[ [32m'0.00'[39m, [32m'4.26'[39m, [32m'3.42'[39m, [32m'0.00'[39m ]
data rcv RT:[ [32m'0.00'[39m, [32m'4.25'[39m, [32m'3.39'[39m, [32m'0.00'[39m ]
data rcv RT:[ [32m'0.00'[39m, [32m'4.30'[39m, [32m'3.39'[39m, [32m'0.00'[39m ]
data rcv RT:[ [32m'0.00'[39m, [32m'4.32'[39m, [32m'3.38'[39m, [32m'0.00'[39m ]
data rcv RT:[ [32m'0.00'[39m, [32m'4.35'[39m, [32m'3.39'[39m, [32m'0.04'[39m ]
data rcv RT:[ [32m'0.00'[39m, [32m'4.32'[39m, [32m'3.37'[39m, [32m'0.06'[39m ]
data rcv RT:[ [32m'0.00'[39m, [32m'4.37'[39m, [32m'3.39'[39m, [32m'0.04'[39m ]
data rcv RT:[ [32m'0.00'[39m, [32m'4.36'[39m, [32m'3.40'[39m, [32m'0.03'[39m ]
data rcv RT:[ [32m'0.00'[39m, [32m'4.38'[39m, [32m'3.41'[39m, [32m'0.00'[39m ]
data rcv RT:[ [32m'0.00'[39m, [32m'4.37'[39m, [32m'3.42'[39m, [32m'0.00'[39m ]
data rcv RT:[ [32m'0.00'[39m, [32m'4.32'[39m, [32m'3.44'[39m, [32m'0.00'[39m ]
data rcv RT:[ [32m'0.00'[39m, [32m'4.33'[39m, [32m'3.43'[39m, [32m'0.00'[39m ]
data rcv RT:[ [32m'0.00'[39m, [32m'4.30'[39m, [32m'3.43'[39m, [32m'0.00'[39m ]
data rcv RT:[ [32m'0.00'[39m, [32m'4.31'[39m, [32m'3.41'[39m, [32m'0.00'[39m ]
data rcv RT:[ [32m'0.00'[39m, [32m'4.24'[39m, [32m'3.42'[39m, [32m'0.00'[39m ]
data rcv RT:[ [32m'0.00'[39m, [32m'4.30'[39m, [32m'3.45'[39m, [32m'0.00'[39m ]
data rcv RT:[ [32m'0.00'[39m, [32m'4.26'[39m, [32m'3.37'[39m, [32m'0.00'[39m ]
data rcv RT:[ [32m'0.00'[39m, [32m'4.30'[39m, [32m'3.39'[39m, [32m'0.00'[39m ]
data rcv RT:[ [32m'0.00'[39m, [32m'4.30'[39m, [32m'3.38'[39m, [32m'0.01'[39m ]
data rcv RT:[ [32m'0.00'[39m, [32m'4.31'[39m, [32m'3.37'[39m, [32m'0.01'[39m ]
data rcv RT:[ [32m'0.00'[39m, [32m'4.36'[39m, [32m'3.37'[39m, [32m'0.03'[39m ]
data rcv RT:[ [32m'0.00'[39m, [32m'4.34'[39m, [32m'3.40'[39m, [32m'0.01'[39m ]
data rcv RT:[ [32m'0.00'[39m, [32m'4.36'[39m, [32m'3.40'[39m, [32m'0.03'[39m ]
data rcv RT:[ [32m'0.00'[39m, [32m'4.34'[39m, [32m'3.43'[39m, [32m'0.00'[39m ]
data rcv RT:[ [32m'0.00'[39m, [32m'4.33'[39m, [32m'3.43'[39m, [32m'0.00'[39m ]
data rcv RT:[ [32m'0.00'[39m, [32m'4.31'[39m, [32m'3.42'[39m, [32m'0.00'[39m ]
data rcv RT:[ [32m'0.00'[39m, [32m'4.29'[39m, [32m'3.42'[39m, [32m'0.00'[39m ]
data rcv RT:[ [32m'0.00'[39m, [32m'4.27'[39m, [32m'3.42'[39m, [32m'0.00'[39m ]
data rcv RT:[ [32m'0.00'[39m, [32m'4.28'[39m, [32m'3.39'[39m, [32m'0.00'[39m ]
data rcv RT:[ [32m'0.00'[39m, [32m'4.27'[39m, [32m'3.38'[39m, [32m'0.00'[39m ]
data rcv RT:[ [32m'0.00'[39m, [32m'4.33'[39m, [32m'3.40'[39m, [32m'0.01'[39m ]
data rcv RT:[ [32m'0.00'[39m, [32m'4.36'[39m, [32m'3.37'[39m, [32m'0.05'[39m ]
data rcv RT:[ [32m'0.00'[39m, [32m'4.37'[39m, [32m'3.42'[39m, [32m'0.00'[39m ]
data rcv RT:[ [32m'0.00'[39m, [32m'4.37'[39m, [32m'3.40'[39m, [32m'0.00'[39m ]
data rcv RT:[ [32m'0.00'[39m, [32m'4.34'[39m, [32m'3.42'[39m, [32m'0.00'[39m ]
data rcv RT:[ [32m'0.00'[39m, [32m'4.32'[39m, [32m'3.42'[39m, [32m'0.00'[39m ]
data rcv RT:[ [32m'0.00'[39m, [32m'4.31'[39m, [32m'3.42'[39m, [32m'0.00'[39m ]
data rcv RT:[ [32m'0.00'[39m, [32m'4.30'[39m, [32m'3.43'[39m, [32m'0.00'[39m ]
data rcv RT:[ [32m'0.00'[39m, [32m'4.27'[39m, [32m'3.41'[39m, [32m'0.00'[39m ]
data rcv RT:[ [32m'0.00'[39m, [32m'4.26'[39m, [32m'3.40'[39m, [32m'0.00'[39m ]
data rcv RT:[ [32m'0.00'[39m, [32m'4.26'[39m, [32m'3.39'[39m, [32m'0.00'[39m ]
data rcv RT:[ [32m'0.00'[39m, [32m'4.28'[39m, [32m'3.37'[39m, [32m'0.00'[39m ]
data rcv RT:[ [32m'0.00'[39m, [32m'4.31'[39m, [32m'3.38'[39m, [32m'0.00'[39m ]
data rcv RT:[ [32m'0.00'[39m, [32m'4.33'[39m, [32m'3.40'[39m, [32m'0.01'[39m ]
data rcv RT:[ [32m'0.00'[39m, [32m'4.35'[39m, [32m'3.39'[39m, [32m'0.04'[39m ]
data rcv RT:[ [32m'0.00'[39m, [32m'4.37'[39m, [32m'3.44'[39m, [32m'0.00'[39m ]
data rcv RT:[ [32m'0.00'[39m, [32m'4.31'[39m, [32m'3.43'[39m, [32m'0.00'[39m ]
data rcv RT:[ [32m'0.00'[39m, [32m'4.32'[39m, [32m'3.43'[39m, [32m'0.00'[39m ]
data rcv RT:[ [32m'0.00'[39m, [32m'4.29'[39m, [32m'3.42'[39m, [32m'0.00'[39m ]
data rcv RT:[ [32m'0.00'[39m, [32m'4.24'[39m, [32m'3.41'[39m, [32m'0.00'[39m ]
data rcv RT:[ [32m'0.00'[39m, [32m'4.27'[39m, [32m'3.42'[39m, [32m'0.00'[39m ]
data rcv RT:[ [32m'0.00'[39m, [32m'4.28'[39m, [32m'3.36'[39m, [32m'0.00'[39m ]
data rcv RT:[ [32m'0.00'[39m, [32m'4.29'[39m, [32m'3.38'[39m, [32m'0.00'[39m ]
data rcv RT:[ [32m'0.00'[39m, [32m'4.35'[39m, [32m'3.38'[39m, [32m'0.02'[39m ]
data rcv RT:[ [32m'0.00'[39m, [32m'4.38'[39m, [32m'3.41'[39m, [32m'0.00'[39m ]
data rcv RT:[ [32m'0.00'[39m, [32m'4.38'[39m, [32m'3.40'[39m, [32m'0.00'[39m ]
data rcv RT:[ [32m'0.00'[39m, [32m'4.34'[39m, [32m'3.42'[39m, [32m'0.00'[39m ]
data rcv RT:[ [32m'0.00'[39m, [32m'4.33'[39m, [32m'3.43'[39m, [32m'0.00'[39m ]
data rcv RT:[ [32m'0.00'[39m, [32m'4.30'[39m, [32m'3.45'[39m, [32m'0.00'[39m ]
data rcv RT:[ [32m'0.00'[39m, [32m'4.26'[39m, [32m'3.43'[39m, [32m'0.00'[39m ]
data rcv RT:[ [32m'0.00'[39m, [32m'4.28'[39m, [32m'3.43'[39m, [32m'0.00'[39m ]
data rcv RT:[ [32m'0.00'[39m, [32m'4.30'[39m, [32m'3.37'[39m, [32m'0.00'[39m ]
data rcv RT:[ [32m'0.00'[39m, [32m'4.29'[39m, [32m'3.37'[39m, [32m'0.00'[39m ]
data rcv RT:[ [32m'0.00'[39m, [32m'4.31'[39m, [32m'3.39'[39m, [32m'0.00'[39m ]
data rcv RT:[ [32m'0.00'[39m, [32m'4.39'[39m, [32m'3.40'[39m, [32m'0.01'[39m ]
data rcv RT:[ [32m'0.00'[39m, [32m'4.37'[39m, [32m'3.39'[39m, [32m'0.01'[39m ]
data rcv RT:[ [32m'0.00'[39m, [32m'4.35'[39m, [32m'3.44'[39m, [32m'0.00'[39m ]
data rcv RT:[ [32m'0.00'[39m, [32m'4.32'[39m, [32m'3.44'[39m, [32m'0.00'[39m ]
data rcv RT:[ [32m'0.00'[39m, [32m'4.33'[39m, [32m'3.43'[39m, [32m'0.00'[39m ]
data rcv RT:[ [32m'0.00'[39m, [32m'4.25'[39m, [32m'3.43'[39m, [32m'0.00'[39m ]
data rcv RT:[ [32m'0.00'[39m, [32m'4.24'[39m, [32m'3.39'[39m, [32m'0.00'[39m ]
data rcv RT:[ [32m'0.00'[39m, [32m'4.26'[39m, [32m'3.40'[39m, [32m'0.00'[39m ]
data rcv RT:[ [32m'0.00'[39m, [32m'4.26'[39m, [32m'3.39'[39m, [32m'0.00'[39m ]
data rcv RT:[ [32m'0.00'[39m, [32m'4.31'[39m, [32m'3.39'[39m, [32m'0.01'[39m ]
data rcv RT:[ [32m'0.00'[39m, [32m'4.31'[39m, [32m'3.38'[39m, [32m'0.01'[39m ]
data rcv RT:[ [32m'0.00'[39m, [32m'4.34'[39m, [32m'3.40'[39m, [32m'0.00'[39m ]
data rcv RT:[ [32m'0.00'[39m, [32m'4.36'[39m, [32m'3.38'[39m, [32m'0.01'[39m ]
data rcv RT:[ [32m'0.00'[39m, [32m'4.36'[39m, [32m'3.44'[39m, [32m'0.00'[39m ]
data rcv RT:[ [32m'0.00'[39m, [32m'4.35'[39m, [32m'3.41'[39m, [32m'0.00'[39m ]
data rcv RT:[ [32m'0.00'[39m, [32m'4.31'[39m, [32m'3.42'[39m, [32m'0.00'[39m ]
data rcv RT:[ [32m'0.00'[39m, [32m'4.29'[39m, [32m'3.43'[39m, [32m'0.00'[39m ]
data rcv RT:[ [32m'0.00'[39m, [32m'4.26'[39m, [32m'3.37'[39m, [32m'0.00'[39m ]
data rcv RT:[ [32m'0.00'[39m, [32m'4.28'[39m, [32m'3.38'[39m, [32m'0.00'[39m ]
data rcv RT:[ [32m'0.00'[39m, [32m'4.30'[39m, [32m'3.38'[39m, [32m'0.00'[39m ]
data rcv RT:[ [32m'0.00'[39m, [32m'4.33'[39m, [32m'3.37'[39m, [32m'0.07'[39m ]
data rcv RT:[ [32m'0.00'[39m, [32m'4.34'[39m, [32m'3.34'[39m, [32m'0.05'[39m ]
data rcv RT:[ [32m'0.00'[39m, [32m'4.36'[39m, [32m'3.38'[39m, [32m'0.04'[39m ]
data rcv RT:[ [32m'0.00'[39m, [32m'4.34'[39m, [32m'3.45'[39m, [32m'0.00'[39m ]
data rcv RT:[ [32m'0.00'[39m, [32m'4.35'[39m, [32m'3.43'[39m, [32m'0.00'[39m ]
data rcv RT:[ [32m'0.00'[39m, [32m'4.34'[39m, [32m'3.43'[39m, [32m'0.00'[39m ]
data rcv RT:[ [32m'0.00'[39m, [32m'4.31'[39m, [32m'3.48'[39m, [32m'0.00'[39m ]
data rcv RT:[ [32m'0.00'[39m, [32m'4.24'[39m, [32m'3.41'[39m, [32m'0.00'[39m ]
data rcv RT:[ [32m'0.00'[39m, [32m'4.28'[39m, [32m'3.42'[39m, [32m'0.00'[39m ]
data rcv RT:[ [32m'0.00'[39m, [32m'4.26'[39m, [32m'3.40'[39m, [32m'0.00'[39m ]
data rcv RT:[ [32m'0.00'[39m, [32m'4.31'[39m, [32m'3.36'[39m, [32m'0.00'[39m ]
data rcv RT:[ [32m'0.00'[39m, [32m'4.35'[39m, [32m'3.39'[39m, [32m'0.02'[39m ]
data rcv RT:[ [32m'0.00'[39m, [32m'4.34'[39m, [32m'3.36'[39m, [32m'0.07'[39m ]
data rcv RT:[ [32m'0.00'[39m, [32m'4.37'[39m, [32m'3.42'[39m, [32m'0.00'[39m ]
data rcv RT:[ [32m'0.00'[39m, [32m'4.33'[39m, [32m'3.43'[39m, [32m'0.00'[39m ]
data rcv RT:[ [32m'0.00'[39m, [32m'4.32'[39m, [32m'3.43'[39m, [32m'0.00'[39m ]
data rcv RT:[ [32m'0.00'[39m, [32m'4.32'[39m, [32m'3.43'[39m, [32m'0.00'[39m ]
data rcv RT:[ [32m'0.00'[39m, [32m'4.30'[39m, [32m'3.45'[39m, [32m'0.00'[39m ]
data rcv RT:[ [32m'0.00'[39m, [32m'4.27'[39m, [32m'3.39'[39m, [32m'0.00'[39m ]
data rcv RT:[ [32m'0.00'[39m, [32m'4.29'[39m, [32m'3.37'[39m, [32m'0.00'[39m ]
data rcv RT:[ [32m'0.00'[39m, [32m'4.27'[39m, [32m'3.40'[39m, [32m'0.00'[39m ]
data rcv RT:[ [32m'0.00'[39m, [32m'4.31'[39m, [32m'3.36'[39m, [32m'0.00'[39m ]
data rcv RT:[ [32m'0.00'[39m, [32m'4.34'[39m, [32m'3.39'[39m, [32m'0.01'[39m ]
data rcv RT:[ [32m'0.00'[39m, [32m'4.36'[39m, [32m'3.38'[39m, [32m'0.00'[39m ]
data rcv RT:[ [32m'0.00'[39m, [32m'4.37'[39m, [32m'3.40'[39m, [32m'0.01'[39m ]
data rcv RT:[ [32m'0.00'[39m, [32m'4.38'[39m, [32m'3.44'[39m, [32m'0.00'[39m ]
data rcv RT:[ [32m'0.00'[39m, [32m'4.35'[39m, [32m'3.43'[39m, [32m'0.00'[39m ]
data rcv RT:[ [32m'0.00'[39m, [32m'4.34'[39m, [32m'3.42'[39m, [32m'0.00'[39m ]
data rcv RT:[ [32m'0.00'[39m, [32m'4.34'[39m, [32m'3.43'[39m, [32m'0.00'[39m ]
data rcv RT:[ [32m'0.00'[39m, [32m'4.32'[39m, [32m'3.46'[39m, [32m'0.00'[39m ]
data rcv RT:[ [32m'0.00'[39m, [32m'4.25'[39m, [32m'3.39'[39m, [32m'0.00'[39m ]
data rcv RT:[ [32m'0.00'[39m, [32m'4.25'[39m, [32m'3.36'[39m, [32m'0.00'[39m ]
data rcv RT:[ [32m'0.00'[39m, [32m'4.28'[39m, [32m'3.41'[39m, [32m'0.00'[39m ]
data rcv RT:[ [32m'0.00'[39m, [32m'4.33'[39m, [32m'3.37'[39m, [32m'0.02'[39m ]
data rcv RT:[ [32m'0.00'[39m, [32m'4.32'[39m, [32m'3.39'[39m, [32m'0.02'[39m ]
data rcv RT:[ [32m'0.00'[39m, [32m'4.36'[39m, [32m'3.39'[39m, [32m'0.02'[39m ]
data rcv RT:[ [32m'0.00'[39m, [32m'4.35'[39m, [32m'3.40'[39m, [32m'0.02'[39m ]
data rcv RT:[ [32m'0.00'[39m, [32m'4.32'[39m, [32m'3.44'[39m, [32m'0.00'[39m ]
data rcv RT:[ [32m'0.00'[39m, [32m'4.33'[39m, [32m'3.44'[39m, [32m'0.00'[39m ]
data rcv RT:[ [32m'0.00'[39m, [32m'4.31'[39m, [32m'3.42'[39m, [32m'0.00'[39m ]
data rcv RT:[ [32m'0.00'[39m, [32m'4.26'[39m, [32m'3.41'[39m, [32m'0.00'[39m ]
data rcv RT:[ [32m'0.00'[39m, [32m'4.26'[39m, [32m'3.41'[39m, [32m'0.00'[39m ]
data rcv RT:[ [32m'0.00'[39m, [32m'4.29'[39m, [32m'3.41'[39m, [32m'0.00'[39m ]
data rcv RT:[ [32m'0.00'[39m, [32m'4.27'[39m, [32m'3.36'[39m, [32m'0.00'[39m ]
data rcv RT:[ [32m'0.00'[39m, [32m'4.30'[39m, [32m'3.39'[39m, [32m'0.00'[39m ]
data rcv RT:[ [32m'0.00'[39m, [32m'4.34'[39m, [32m'3.38'[39m, [32m'0.02'[39m ]
data rcv RT:[ [32m'0.00'[39m, [32m'4.33'[39m, [32m'3.37'[39m, [32m'0.03'[39m ]
data rcv RT:[ [32m'0.00'[39m, [32m'4.34'[39m, [32m'3.42'[39m, [32m'0.00'[39m ]
data rcv RT:[ [32m'0.00'[39m, [32m'4.34'[39m, [32m'3.43'[39m, [32m'0.00'[39m ]
data rcv RT:[ [32m'0.00'[39m, [32m'4.34'[39m, [32m'3.44'[39m, [32m'0.00'[39m ]
data rcv RT:[ [32m'0.00'[39m, [32m'4.32'[39m, [32m'3.44'[39m, [32m'0.00'[39m ]
data rcv RT:[ [32m'0.00'[39m, [32m'4.29'[39m, [32m'3.46'[39m, [32m'0.00'[39m ]
data rcv RT:[ [32m'0.00'[39m, [32m'4.28'[39m, [32m'3.44'[39m, [32m'0.00'[39m ]
data rcv RT:[ [32m'0.00'[39m, [32m'4.28'[39m, [32m'3.38'[39m, [32m'0.00'[39m ]
data rcv RT:[ [32m'0.00'[39m, [32m'4.29'[39m, [32m'3.45'[39m, [32m'0.00'[39m ]
data rcv RT:[ [32m'0.00'[39m, [32m'4.25'[39m, [32m'3.40'[39m, [32m'0.00'[39m ]
data rcv RT:[ [32m'0.00'[39m, [32m'4.27'[39m, [32m'3.38'[39m, [32m'0.00'[39m ]
data rcv RT:[ [32m'0.00'[39m, [32m'4.27'[39m, [32m'3.38'[39m, [32m'0.00'[39m ]
data rcv RT:[ [32m'0.00'[39m, [32m'4.29'[39m, [32m'3.39'[39m, [32m'0.00'[39m ]
data rcv RT:[ [32m'0.00'[39m, [32m'4.35'[39m, [32m'3.38'[39m, [32m'0.02'[39m ]
data rcv RT:[ [32m'0.00'[39m, [32m'4.36'[39m, [32m'3.40'[39m, [32m'0.03'[39m ]
data rcv RT:[ [32m'0.00'[39m, [32m'4.34'[39m, [32m'3.37'[39m, [32m'0.03'[39m ]
data rcv RT:[ [32m'0.00'[39m, [32m'4.38'[39m, [32m'3.39'[39m, [32m'0.03'[39m ]
data rcv RT:[ [32m'0.00'[39m, [32m'4.36'[39m, [32m'3.43'[39m, [32m'0.00'[39m ]
data rcv RT:[ [32m'0.00'[39m, [32m'4.35'[39m, [32m'3.45'[39m, [32m'0.00'[39m ]
data rcv RT:[ [32m'0.00'[39m, [32m'4.35'[39m, [32m'3.44'[39m, [32m'0.00'[39m ]
data rcv RT:[ [32m'0.00'[39m, [32m'4.31'[39m, [32m'3.44'[39m, [32m'0.00'[39m ]
data rcv RT:[ [32m'0.00'[39m, [32m'4.30'[39m, [32m'3.46'[39m, [32m'0.00'[39m ]
data rcv RT:[ [32m'0.00'[39m, [32m'4.26'[39m, [32m'3.39'[39m, [32m'0.00'[39m ]
data rcv RT:[ [32m'0.00'[39m, [32m'4.28'[39m, [32m'3.43'[39m, [32m'0.00'[39m ]
data rcv RT:[ [32m'0.00'[39m, [32m'4.25'[39m, [32m'3.39'[39m, [32m'0.00'[39m ]
data rcv RT:[ [32m'0.00'[39m, [32m'4.26'[39m, [32m'3.37'[39m, [32m'0.00'[39m ]
data rcv RT:[ [32m'0.00'[39m, [32m'4.30'[39m, [32m'3.39'[39m, [32m'0.00'[39m ]
data rcv RT:[ [32m'0.00'[39m, [32m'4.34'[39m, [32m'3.38'[39m, [32m'0.03'[39m ]
data rcv RT:[ [32m'0.00'[39m, [32m'4.35'[39m, [32m'3.35'[39m, [32m'0.07'[39m ]
data rcv RT:[ [32m'0.00'[39m, [32m'4.38'[39m, [32m'3.40'[39m, [32m'0.03'[39m ]
data rcv RT:[ [32m'0.00'[39m, [32m'4.36'[39m, [32m'3.38'[39m, [32m'0.05'[39m ]
data rcv RT:[ [32m'0.00'[39m, [32m'4.39'[39m, [32m'3.41'[39m, [32m'0.00'[39m ]
data rcv RT:[ [32m'0.00'[39m, [32m'4.37'[39m, [32m'3.40'[39m, [32m'0.00'[39m ]
data rcv RT:[ [32m'0.00'[39m, [32m'4.38'[39m, [32m'3.38'[39m, [32m'0.02'[39m ]
data rcv RT:[ [32m'0.00'[39m, [32m'4.38'[39m, [32m'3.41'[39m, [32m'0.00'[39m ]
data rcv RT:[ [32m'0.00'[39m, [32m'4.32'[39m, [32m'3.43'[39m, [32m'0.00'[39m ]
data rcv RT:[ [32m'0.00'[39m, [32m'4.31'[39m, [32m'3.43'[39m, [32m'0.00'[39m ]
data rcv RT:[ [32m'0.00'[39m, [32m'4.32'[39m, [32m'3.46'[39m, [32m'0.00'[39m ]
data rcv RT:[ [32m'0.00'[39m, [32m'4.28'[39m, [32m'3.42'[39m, [32m'0.00'[39m ]
data rcv RT:[ [32m'0.00'[39m, [32m'4.29'[39m, [32m'3.38'[39m, [32m'0.00'[39m ]
data rcv RT:[ [32m'0.00'[39m, [32m'4.28'[39m, [32m'3.37'[39m, [32m'0.00'[39m ]
data rcv RT:[ [32m'0.00'[39m, [32m'4.30'[39m, [32m'3.38'[39m, [32m'0.01'[39m ]
data rcv RT:[ [32m'0.00'[39m, [32m'4.32'[39m, [32m'3.38'[39m, [32m'0.01'[39m ]
data rcv RT:[ [32m'0.00'[39m, [32m'4.36'[39m, [32m'3.38'[39m, [32m'0.04'[39m ]
data rcv RT:[ [32m'0.00'[39m, [32m'4.37'[39m, [32m'3.43'[39m, [32m'0.00'[39m ]
data rcv RT:[ [32m'0.00'[39m, [32m'4.37'[39m, [32m'3.43'[39m, [32m'0.00'[39m ]
data rcv RT:[ [32m'0.00'[39m, [32m'4.36'[39m, [32m'3.40'[39m, [32m'0.01'[39m ]
data rcv RT:[ [32m'0.00'[39m, [32m'4.36'[39m, [32m'3.43'[39m, [32m'0.00'[39m ]
data rcv RT:[ [32m'0.00'[39m, [32m'4.31'[39m, [32m'3.42'[39m, [32m'0.00'[39m ]
data rcv RT:[ [32m'0.00'[39m, [32m'4.32'[39m, [32m'3.45'[39m, [32m'0.00'[39m ]
data rcv RT:[ [32m'0.00'[39m, [32m'4.27'[39m, [32m'3.38'[39m, [32m'0.00'[39m ]
data rcv RT:[ [32m'0.00'[39m, [32m'4.26'[39m, [32m'3.39'[39m, [32m'0.00'[39m ]
data rcv RT:[ [32m'0.00'[39m, [32m'4.24'[39m, [32m'3.40'[39m, [32m'0.00'[39m ]
data rcv RT:[ [32m'0.00'[39m, [32m'4.29'[39m, [32m'3.39'[39m, [32m'0.00'[39m ]
data rcv RT:[ [32m'0.00'[39m, [32m'4.28'[39m, [32m'3.39'[39m, [32m'0.00'[39m ]
data rcv RT:[ [32m'0.00'[39m, [32m'4.29'[39m, [32m'3.39'[39m, [32m'0.01'[39m ]
data rcv RT:[ [32m'0.00'[39m, [32m'4.31'[39m, [32m'3.39'[39m, [32m'0.01'[39m ]
data rcv RT:[ [32m'0.00'[39m, [32m'4.34'[39m, [32m'3.38'[39m, [32m'0.01'[39m ]
data rcv RT:[ [32m'0.00'[39m, [32m'4.37'[39m, [32m'3.40'[39m, [32m'0.02'[39m ]
data rcv RT:[ [32m'0.00'[39m, [32m'4.37'[39m, [32m'3.41'[39m, [32m'0.01'[39m ]
data rcv RT:[ [32m'0.00'[39m, [32m'4.36'[39m, [32m'3.42'[39m, [32m'0.00'[39m ]
data rcv RT:[ [32m'0.00'[39m, [32m'4.33'[39m, [32m'3.43'[39m, [32m'0.00'[39m ]
data rcv RT:[ [32m'0.00'[39m, [32m'4.35'[39m, [32m'3.42'[39m, [32m'0.00'[39m ]
data rcv RT:[ [32m'0.00'[39m, [32m'4.33'[39m, [32m'3.44'[39m, [32m'0.00'[39m ]
data rcv RT:[ [32m'0.00'[39m, [32m'4.31'[39m, [32m'3.45'[39m, [32m'0.00'[39m ]
data rcv RT:[ [32m'0.00'[39m, [32m'4.30'[39m, [32m'3.42'[39m, [32m'0.00'[39m ]
data rcv RT:[ [32m'0.00'[39m, [32m'4.26'[39m, [32m'3.40'[39m, [32m'0.00'[39m ]
data rcv RT:[ [32m'0.00'[39m, [32m'4.25'[39m, [32m'3.36'[39m, [32m'0.00'[39m ]
data rcv RT:[ [32m'0.00'[39m, [32m'4.29'[39m, [32m'3.36'[39m, [32m'0.00'[39m ]
data rcv RT:[ [32m'0.00'[39m, [32m'4.33'[39m, [32m'3.37'[39m, [32m'0.02'[39m ]
data rcv RT:[ [32m'0.00'[39m, [32m'4.35'[39m, [32m'3.39'[39m, [32m'0.02'[39m ]
data rcv RT:[ [32m'0.00'[39m, [32m'4.36'[39m, [32m'3.40'[39m, [32m'0.03'[39m ]
data rcv RT:[ [32m'0.00'[39m, [32m'4.37'[39m, [32m'3.39'[39m, [32m'0.02'[39m ]
data rcv RT:[ [32m'0.00'[39m, [32m'4.37'[39m, [32m'3.41'[39m, [32m'0.01'[39m ]
data rcv RT:[ [32m'0.00'[39m, [32m'4.36'[39m, [32m'3.43'[39m, [32m'0.00'[39m ]
data rcv RT:[ [32m'0.00'[39m, [32m'4.35'[39m, [32m'3.43'[39m, [32m'0.00'[39m ]
data rcv RT:[ [32m'0.00'[39m, [32m'4.32'[39m, [32m'3.43'[39m, [32m'0.00'[39m ]
data rcv RT:[ [32m'0.00'[39m, [32m'4.31'[39m, [32m'3.42'[39m, [32m'0.00'[39m ]
client Front End connected
Socket {
  nsp: 
   Namespace {
     name: [32m'/'[39m,
     server: 
      Server {
        nsps: [36m[Object][39m,
        _path: [32m'/socket.io'[39m,
        _serveClient: [33mtrue[39m,
        _adapter: [36m[Function: Adapter][39m,
        _origins: [32m'*:*'[39m,
        sockets: [36m[Circular][39m,
        eio: [36m[Object][39m,
        httpServer: [36m[Object][39m,
        engine: [36m[Object][39m },
     sockets: 
      { [32m'/#n6vXSlFOdUj41mV_AAAJ'[39m: [36m[Object][39m,
        [32m'/#siXtqf9vWOjy_oRTAAAK'[39m: [36m[Circular][39m },
     connected: 
      { [32m'/#n6vXSlFOdUj41mV_AAAJ'[39m: [36m[Object][39m,
        [32m'/#siXtqf9vWOjy_oRTAAAK'[39m: [36m[Circular][39m },
     fns: [],
     ids: [33m0[39m,
     adapter: 
      Adapter {
        nsp: [36m[Circular][39m,
        rooms: [36m[Object][39m,
        sids: [36m[Object][39m,
        encoder: Encoder {} },
     _events: { connection: [36m[Function][39m },
     _eventsCount: [33m1[39m },
  server: 
   Server {
     nsps: { [32m'/'[39m: [36m[Object][39m },
     _path: [32m'/socket.io'[39m,
     _serveClient: [33mtrue[39m,
     _adapter: [36m[Function: Adapter][39m,
     _origins: [32m'*:*'[39m,
     sockets: 
      Namespace {
        name: [32m'/'[39m,
        server: [36m[Circular][39m,
        sockets: [36m[Object][39m,
        connected: [36m[Object][39m,
        fns: [],
        ids: [33m0[39m,
        adapter: [36m[Object][39m,
        _events: [36m[Object][39m,
        _eventsCount: [33m1[39m },
     eio: 
      Server {
        clients: [36m[Object][39m,
        clientsCount: [33m2[39m,
        pingTimeout: [33m60000[39m,
        pingInterval: [33m25000[39m,
        upgradeTimeout: [33m10000[39m,
        maxHttpBufferSize: [33m100000000[39m,
        transports: [36m[Object][39m,
        allowUpgrades: [33mtrue[39m,
        allowRequest: [36m[Function: bound ][39m,
        cookie: [32m'io'[39m,
        cookiePath: [33mfalse[39m,
        perMessageDeflate: [36m[Object][39m,
        httpCompression: [36m[Object][39m,
        ws: [36m[Object][39m,
        _events: [36m[Object][39m,
        _eventsCount: [33m1[39m },
     httpServer: 
      Server {
        domain: [1mnull[22m,
        _events: [36m[Object][39m,
        _eventsCount: [33m4[39m,
        _maxListeners: [90mundefined[39m,
        _connections: [33m7[39m,
        _handle: [36m[Object][39m,
        _usingSlaves: [33mfalse[39m,
        _slaves: [],
        _unref: [33mfalse[39m,
        allowHalfOpen: [33mtrue[39m,
        pauseOnConnect: [33mfalse[39m,
        httpAllowHalfOpen: [33mfalse[39m,
        timeout: [33m120000[39m,
        _pendingResponseData: [33m0[39m,
        _connectionKey: [32m'6::::3000'[39m },
     engine: 
      Server {
        clients: [36m[Object][39m,
        clientsCount: [33m2[39m,
        pingTimeout: [33m60000[39m,
        pingInterval: [33m25000[39m,
        upgradeTimeout: [33m10000[39m,
        maxHttpBufferSize: [33m100000000[39m,
        transports: [36m[Object][39m,
        allowUpgrades: [33mtrue[39m,
        allowRequest: [36m[Function: bound ][39m,
        cookie: [32m'io'[39m,
        cookiePath: [33mfalse[39m,
        perMessageDeflate: [36m[Object][39m,
        httpCompression: [36m[Object][39m,
        ws: [36m[Object][39m,
        _events: [36m[Object][39m,
        _eventsCount: [33m1[39m } },
  adapter: 
   Adapter {
     nsp: 
      Namespace {
        name: [32m'/'[39m,
        server: [36m[Object][39m,
        sockets: [36m[Object][39m,
        connected: [36m[Object][39m,
        fns: [],
        ids: [33m0[39m,
        adapter: [36m[Circular][39m,
        _events: [36m[Object][39m,
        _eventsCount: [33m1[39m },
     rooms: 
      { [32m'/#n6vXSlFOdUj41mV_AAAJ'[39m: [36m[Object][39m,
        [32m'/#siXtqf9vWOjy_oRTAAAK'[39m: [36m[Object][39m },
     sids: 
      { [32m'/#n6vXSlFOdUj41mV_AAAJ'[39m: [36m[Object][39m,
        [32m'/#siXtqf9vWOjy_oRTAAAK'[39m: [36m[Object][39m },
     encoder: Encoder {} },
  id: [32m'/#siXtqf9vWOjy_oRTAAAK'[39m,
  client: 
   Client {
     server: 
      Server {
        nsps: [36m[Object][39m,
        _path: [32m'/socket.io'[39m,
        _serveClient: [33mtrue[39m,
        _adapter: [36m[Function: Adapter][39m,
        _origins: [32m'*:*'[39m,
        sockets: [36m[Object][39m,
        eio: [36m[Object][39m,
        httpServer: [36m[Object][39m,
        engine: [36m[Object][39m },
     conn: 
      Socket {
        id: [32m'siXtqf9vWOjy_oRTAAAK'[39m,
        server: [36m[Object][39m,
        upgrading: [33mfalse[39m,
        upgraded: [33mfalse[39m,
        readyState: [32m'open'[39m,
        writeBuffer: [36m[Object][39m,
        packetsFn: [36m[Object][39m,
        sentCallbackFn: [],
        cleanupFn: [36m[Object][39m,
        request: [36m[Object][39m,
        remoteAddress: [32m'::ffff:10.210.30.41'[39m,
        checkIntervalTimer: [1mnull[22m,
        upgradeTimeoutTimer: [1mnull[22m,
        pingTimeoutTimer: [36m[Object][39m,
        transport: [36m[Object][39m,
        _events: [36m[Object][39m,
        _eventsCount: [33m3[39m },
     encoder: Encoder {},
     decoder: Decoder { reconstructor: [1mnull[22m, _callbacks: [36m[Object][39m },
     id: [32m'siXtqf9vWOjy_oRTAAAK'[39m,
     request: 
      IncomingMessage {
        _readableState: [36m[Object][39m,
        readable: [33mtrue[39m,
        domain: [1mnull[22m,
        _events: {},
        _eventsCount: [33m0[39m,
        _maxListeners: [90mundefined[39m,
        socket: [36m[Object][39m,
        connection: [36m[Object][39m,
        httpVersionMajor: [33m1[39m,
        httpVersionMinor: [33m1[39m,
        httpVersion: [32m'1.1'[39m,
        complete: [33mtrue[39m,
        headers: [36m[Object][39m,
        rawHeaders: [36m[Object][39m,
        trailers: {},
        rawTrailers: [],
        upgrade: [33mfalse[39m,
        url: [32m'/socket.io/?EIO=3&transport=polling&t=LTlQo8m'[39m,
        method: [32m'GET'[39m,
        statusCode: [1mnull[22m,
        statusMessage: [1mnull[22m,
        client: [36m[Object][39m,
        _consuming: [33mfalse[39m,
        _dumped: [33mtrue[39m,
        _query: [36m[Object][39m,
        res: [36m[Object][39m,
        cleanup: [36m[Function: cleanup][39m },
     onclose: [36m[Function: bound ][39m,
     ondata: [36m[Function: bound ][39m,
     onerror: [36m[Function: bound ][39m,
     ondecoded: [36m[Function: bound ][39m,
     sockets: { [32m'/#siXtqf9vWOjy_oRTAAAK'[39m: [36m[Circular][39m },
     nsps: { [32m'/'[39m: [36m[Circular][39m },
     connectBuffer: [] },
  conn: 
   Socket {
     id: [32m'siXtqf9vWOjy_oRTAAAK'[39m,
     server: 
      Server {
        clients: [36m[Object][39m,
        clientsCount: [33m2[39m,
        pingTimeout: [33m60000[39m,
        pingInterval: [33m25000[39m,
        upgradeTimeout: [33m10000[39m,
        maxHttpBufferSize: [33m100000000[39m,
        transports: [36m[Object][39m,
        allowUpgrades: [33mtrue[39m,
        allowRequest: [36m[Function: bound ][39m,
        cookie: [32m'io'[39m,
        cookiePath: [33mfalse[39m,
        perMessageDeflate: [36m[Object][39m,
        httpCompression: [36m[Object][39m,
        ws: [36m[Object][39m,
        _events: [36m[Object][39m,
        _eventsCount: [33m1[39m },
     upgrading: [33mfalse[39m,
     upgraded: [33mfalse[39m,
     readyState: [32m'open'[39m,
     writeBuffer: [ [36m[Object][39m ],
     packetsFn: [ [90mundefined[39m ],
     sentCallbackFn: [],
     cleanupFn: [ [36m[Function][39m, [36m[Function][39m ],
     request: 
      IncomingMessage {
        _readableState: [36m[Object][39m,
        readable: [33mtrue[39m,
        domain: [1mnull[22m,
        _events: {},
        _eventsCount: [33m0[39m,
        _maxListeners: [90mundefined[39m,
        socket: [36m[Object][39m,
        connection: [36m[Object][39m,
        httpVersionMajor: [33m1[39m,
        httpVersionMinor: [33m1[39m,
        httpVersion: [32m'1.1'[39m,
        complete: [33mtrue[39m,
        headers: [36m[Object][39m,
        rawHeaders: [36m[Object][39m,
        trailers: {},
        rawTrailers: [],
        upgrade: [33mfalse[39m,
        url: [32m'/socket.io/?EIO=3&transport=polling&t=LTlQo8m'[39m,
        method: [32m'GET'[39m,
        statusCode: [1mnull[22m,
        statusMessage: [1mnull[22m,
        client: [36m[Object][39m,
        _consuming: [33mfalse[39m,
        _dumped: [33mtrue[39m,
        _query: [36m[Object][39m,
        res: [36m[Object][39m,
        cleanup: [36m[Function: cleanup][39m },
     remoteAddress: [32m'::ffff:10.210.30.41'[39m,
     checkIntervalTimer: [1mnull[22m,
     upgradeTimeoutTimer: [1mnull[22m,
     pingTimeoutTimer: 
      Timeout {
        _called: [33mfalse[39m,
        _idleTimeout: [33m85000[39m,
        _idlePrev: [36m[Object][39m,
        _idleNext: [36m[Object][39m,
        _idleStart: [33m5763858[39m,
        _onTimeout: [36m[Function][39m,
        _repeat: [1mnull[22m },
     transport: 
      XHR {
        readyState: [32m'open'[39m,
        discarded: [33mfalse[39m,
        closeTimeout: [33m30000[39m,
        maxHttpBufferSize: [33m100000000[39m,
        httpCompression: [36m[Object][39m,
        supportsBinary: [33mtrue[39m,
        _events: [36m[Object][39m,
        _eventsCount: [33m5[39m,
        sid: [32m'siXtqf9vWOjy_oRTAAAK'[39m,
        req: [1mnull[22m,
        res: [1mnull[22m,
        writable: [33mfalse[39m },
     _events: 
      { close: [36m[Object][39m,
        data: [36m[Function: bound ][39m,
        error: [36m[Function: bound ][39m },
     _eventsCount: [33m3[39m },
  rooms: {},
  acks: {},
  connected: [33mtrue[39m,
  disconnected: [33mfalse[39m,
  handshake: 
   { headers: 
      { host: [32m'10.210.30.148:3000'[39m,
        connection: [32m'keep-alive'[39m,
        [32m'user-agent'[39m: [32m'Mozilla/5.0 (Windows NT 5.1) AppleWebKit/537.36 (KHTML, like Gecko) Chrome/49.0.2623.112 Safari/537.36'[39m,
        origin: [32m'http://10.210.30.148'[39m,
        accept: [32m'*/*'[39m,
        referer: [32m'http://10.210.30.148/'[39m,
        [32m'accept-encoding'[39m: [32m'gzip, deflate, sdch'[39m,
        [32m'accept-language'[39m: [32m'ru-RU,ru;q=0.8,en-US;q=0.6,en;q=0.4'[39m,
        cookie: [32m'io=n6vXSlFOdUj41mV_AAAJ'[39m },
     time: [32m'Wed Sep 28 2016 10:11:16 GMT+0400 (SAMT)'[39m,
     address: [32m'::ffff:10.210.30.41'[39m,
     xdomain: [33mtrue[39m,
     secure: [33mfalse[39m,
     issued: [33m1475043076074[39m,
     url: [32m'/socket.io/?EIO=3&transport=polling&t=LTlQo8m'[39m,
     query: { EIO: [32m'3'[39m, transport: [32m'polling'[39m, t: [32m'LTlQo8m'[39m } } }
data rcv RT:[ [32m'0.00'[39m, [32m'4.28'[39m, [32m'3.44'[39m, [32m'0.00'[39m ]
data rcv RT:[ [32m'0.00'[39m, [32m'4.26'[39m, [32m'3.40'[39m, [32m'0.00'[39m ]
data rcv RT:[ [32m'0.00'[39m, [32m'4.26'[39m, [32m'3.41'[39m, [32m'0.00'[39m ]
data rcv RT:[ [32m'0.00'[39m, [32m'4.28'[39m, [32m'3.42'[39m, [32m'0.00'[39m ]
data rcv RT:[ [32m'0.00'[39m, [32m'4.28'[39m, [32m'3.37'[39m, [32m'0.00'[39m ]
data rcv RT:[ [32m'0.00'[39m, [32m'4.29'[39m, [32m'3.36'[39m, [32m'0.00'[39m ]
data rcv RT:[ [32m'0.00'[39m, [32m'4.35'[39m, [32m'3.38'[39m, [32m'0.01'[39m ]
data rcv RT:[ [32m'0.00'[39m, [32m'4.34'[39m, [32m'3.37'[39m, [32m'0.02'[39m ]
data rcv RT:[ [32m'0.00'[39m, [32m'4.35'[39m, [32m'3.39'[39m, [32m'0.04'[39m ]
data rcv RT:[ [32m'0.00'[39m, [32m'4.37'[39m, [32m'3.42'[39m, [32m'0.00'[39m ]
data rcv RT:[ [32m'0.00'[39m, [32m'4.37'[39m, [32m'3.39'[39m, [32m'0.01'[39m ]
data rcv RT:[ [32m'0.00'[39m, [32m'4.35'[39m, [32m'3.43'[39m, [32m'0.00'[39m ]
data rcv RT:[ [32m'0.00'[39m, [32m'4.33'[39m, [32m'3.42'[39m, [32m'0.00'[39m ]
data rcv RT:[ [32m'0.00'[39m, [32m'4.32'[39m, [32m'3.43'[39m, [32m'0.00'[39m ]
data rcv RT:[ [32m'0.00'[39m, [32m'4.29'[39m, [32m'3.43'[39m, [32m'0.00'[39m ]
data rcv RT:[ [32m'0.00'[39m, [32m'4.28'[39m, [32m'3.41'[39m, [32m'0.00'[39m ]
data rcv RT:[ [32m'0.00'[39m, [32m'4.25'[39m, [32m'3.42'[39m, [32m'0.00'[39m ]
data rcv RT:[ [32m'0.00'[39m, [32m'4.28'[39m, [32m'3.40'[39m, [32m'0.00'[39m ]
data rcv RT:[ [32m'0.00'[39m, [32m'4.29'[39m, [32m'3.40'[39m, [32m'0.00'[39m ]
data rcv RT:[ [32m'0.00'[39m, [32m'4.29'[39m, [32m'3.39'[39m, [32m'0.00'[39m ]
data rcv RT:[ [32m'0.00'[39m, [32m'4.32'[39m, [32m'3.37'[39m, [32m'0.02'[39m ]
data rcv RT:[ [32m'0.00'[39m, [32m'4.32'[39m, [32m'3.39'[39m, [32m'0.00'[39m ]
data rcv RT:[ [32m'0.00'[39m, [32m'4.33'[39m, [32m'3.39'[39m, [32m'0.00'[39m ]
data rcv RT:[ [32m'0.00'[39m, [32m'4.33'[39m, [32m'3.37'[39m, [32m'0.04'[39m ]
data rcv RT:[ [32m'0.00'[39m, [32m'4.37'[39m, [32m'3.40'[39m, [32m'0.00'[39m ]
data rcv RT:[ [32m'0.00'[39m, [32m'4.38'[39m, [32m'3.39'[39m, [32m'0.02'[39m ]
data rcv RT:[ [32m'0.00'[39m, [32m'4.36'[39m, [32m'3.43'[39m, [32m'0.00'[39m ]
data rcv RT:[ [32m'0.00'[39m, [32m'4.36'[39m, [32m'3.42'[39m, [32m'0.00'[39m ]
data rcv RT:[ [32m'0.00'[39m, [32m'4.33'[39m, [32m'3.42'[39m, [32m'0.00'[39m ]
data rcv RT:[ [32m'0.00'[39m, [32m'4.32'[39m, [32m'3.43'[39m, [32m'0.00'[39m ]
data rcv RT:[ [32m'0.00'[39m, [32m'4.32'[39m, [32m'3.42'[39m, [32m'0.00'[39m ]
data rcv RT:[ [32m'0.00'[39m, [32m'4.31'[39m, [32m'3.43'[39m, [32m'0.00'[39m ]
data rcv RT:[ [32m'0.00'[39m, [32m'4.30'[39m, [32m'3.44'[39m, [32m'0.00'[39m ]
data rcv RT:[ [32m'0.00'[39m, [32m'4.30'[39m, [32m'3.45'[39m, [32m'0.00'[39m ]
data rcv RT:[ [32m'0.00'[39m, [32m'4.27'[39m, [32m'3.45'[39m, [32m'0.00'[39m ]
data rcv RT:[ [32m'0.00'[39m, [32m'4.26'[39m, [32m'3.39'[39m, [32m'0.00'[39m ]
data rcv RT:[ [32m'0.00'[39m, [32m'4.27'[39m, [32m'3.40'[39m, [32m'0.00'[39m ]
data rcv RT:[ [32m'0.00'[39m, [32m'4.26'[39m, [32m'3.41'[39m, [32m'0.00'[39m ]
data rcv RT:[ [32m'0.00'[39m, [32m'4.25'[39m, [32m'3.38'[39m, [32m'0.00'[39m ]
data rcv RT:[ [32m'0.00'[39m, [32m'4.29'[39m, [32m'3.37'[39m, [32m'0.00'[39m ]
data rcv RT:[ [32m'0.00'[39m, [32m'4.29'[39m, [32m'3.39'[39m, [32m'0.00'[39m ]
data rcv RT:[ [32m'0.00'[39m, [32m'4.34'[39m, [32m'3.37'[39m, [32m'0.03'[39m ]
data rcv RT:[ [32m'0.00'[39m, [32m'4.32'[39m, [32m'3.40'[39m, [32m'0.02'[39m ]
data rcv RT:[ [32m'0.00'[39m, [32m'4.33'[39m, [32m'3.38'[39m, [32m'0.03'[39m ]
data rcv RT:[ [32m'0.00'[39m, [32m'4.34'[39m, [32m'3.41'[39m, [32m'0.06'[39m ]
data rcv RT:[ [32m'0.00'[39m, [32m'4.39'[39m, [32m'3.42'[39m, [32m'0.00'[39m ]
data rcv RT:[ [32m'0.00'[39m, [32m'4.35'[39m, [32m'3.44'[39m, [32m'0.00'[39m ]
data rcv RT:[ [32m'0.00'[39m, [32m'4.34'[39m, [32m'3.45'[39m, [32m'0.00'[39m ]
data rcv RT:[ [32m'0.00'[39m, [32m'4.33'[39m, [32m'3.42'[39m, [32m'0.00'[39m ]
data rcv RT:[ [32m'0.00'[39m, [32m'4.33'[39m, [32m'3.44'[39m, [32m'0.00'[39m ]
data rcv RT:[ [32m'0.00'[39m, [32m'4.31'[39m, [32m'3.42'[39m, [32m'0.00'[39m ]
data rcv RT:[ [32m'0.00'[39m, [32m'4.29'[39m, [32m'3.46'[39m, [32m'0.00'[39m ]
data rcv RT:[ [32m'0.00'[39m, [32m'4.33'[39m, [32m'3.44'[39m, [32m'0.00'[39m ]
data rcv RT:[ [32m'0.00'[39m, [32m'4.30'[39m, [32m'3.45'[39m, [32m'0.00'[39m ]
data rcv RT:[ [32m'0.00'[39m, [32m'4.25'[39m, [32m'3.39'[39m, [32m'0.00'[39m ]
data rcv RT:[ [32m'0.00'[39m, [32m'4.27'[39m, [32m'3.37'[39m, [32m'0.00'[39m ]
data rcv RT:[ [32m'0.00'[39m, [32m'4.30'[39m, [32m'3.37'[39m, [32m'0.00'[39m ]
data rcv RT:[ [32m'0.00'[39m, [32m'4.30'[39m, [32m'3.37'[39m, [32m'0.00'[39m ]
data rcv RT:[ [32m'0.00'[39m, [32m'4.31'[39m, [32m'3.37'[39m, [32m'0.01'[39m ]
data rcv RT:[ [32m'0.00'[39m, [32m'4.34'[39m, [32m'3.37'[39m, [32m'0.02'[39m ]
data rcv RT:[ [32m'0.00'[39m, [32m'4.34'[39m, [32m'3.34'[39m, [32m'0.06'[39m ]
data rcv RT:[ [32m'0.00'[39m, [32m'4.31'[39m, [32m'3.41'[39m, [32m'0.00'[39m ]
data rcv RT:[ [32m'0.00'[39m, [32m'4.32'[39m, [32m'3.39'[39m, [32m'0.00'[39m ]
data rcv RT:[ [32m'0.00'[39m, [32m'4.33'[39m, [32m'3.39'[39m, [32m'0.00'[39m ]
data rcv RT:[ [32m'0.00'[39m, [32m'4.31'[39m, [32m'3.42'[39m, [32m'0.00'[39m ]
data rcv RT:[ [32m'0.00'[39m, [32m'4.34'[39m, [32m'3.41'[39m, [32m'0.00'[39m ]
data rcv RT:[ [32m'0.00'[39m, [32m'4.36'[39m, [32m'3.41'[39m, [32m'0.00'[39m ]
data rcv RT:[ [32m'0.00'[39m, [32m'4.33'[39m, [32m'3.42'[39m, [32m'0.00'[39m ]
data rcv RT:[ [32m'0.00'[39m, [32m'4.36'[39m, [32m'3.41'[39m, [32m'0.00'[39m ]
data rcv RT:[ [32m'0.00'[39m, [32m'4.26'[39m, [32m'3.39'[39m, [32m'0.00'[39m ]
data rcv RT:[ [32m'0.00'[39m, [32m'4.28'[39m, [32m'3.40'[39m, [32m'0.00'[39m ]
data rcv RT:[ [32m'0.00'[39m, [32m'4.24'[39m, [32m'3.40'[39m, [32m'0.00'[39m ]
data rcv RT:[ [32m'0.00'[39m, [32m'4.20'[39m, [32m'3.38'[39m, [32m'0.00'[39m ]
data rcv RT:[ [32m'0.00'[39m, [32m'4.21'[39m, [32m'3.35'[39m, [32m'0.00'[39m ]
data rcv RT:[ [32m'0.00'[39m, [32m'4.22'[39m, [32m'3.35'[39m, [32m'0.00'[39m ]
data rcv RT:[ [32m'0.00'[39m, [32m'4.24'[39m, [32m'3.37'[39m, [32m'0.00'[39m ]
data rcv RT:[ [32m'0.00'[39m, [32m'4.33'[39m, [32m'3.42'[39m, [32m'0.00'[39m ]
data rcv RT:[ [32m'0.00'[39m, [32m'4.40'[39m, [32m'3.38'[39m, [32m'0.00'[39m ]
data rcv RT:[ [32m'0.00'[39m, [32m'4.45'[39m, [32m'3.34'[39m, [32m'0.07'[39m ]
data rcv RT:[ [32m'0.00'[39m, [32m'4.44'[39m, [32m'3.36'[39m, [32m'0.07'[39m ]
data rcv RT:[ [32m'0.00'[39m, [32m'4.39'[39m, [32m'3.41'[39m, [32m'0.03'[39m ]
data rcv RT:[ [32m'0.00'[39m, [32m'4.35'[39m, [32m'3.41'[39m, [32m'0.00'[39m ]
data rcv RT:[ [32m'0.00'[39m, [32m'4.31'[39m, [32m'3.40'[39m, [32m'0.00'[39m ]
data rcv RT:[ [32m'0.00'[39m, [32m'4.26'[39m, [32m'3.45'[39m, [32m'0.00'[39m ]
data rcv RT:[ [32m'0.00'[39m, [32m'4.26'[39m, [32m'3.42'[39m, [32m'0.00'[39m ]
data rcv RT:[ [32m'0.00'[39m, [32m'4.27'[39m, [32m'3.42'[39m, [32m'0.00'[39m ]
data rcv RT:[ [32m'0.00'[39m, [32m'4.31'[39m, [32m'3.43'[39m, [32m'0.00'[39m ]
data rcv RT:[ [32m'0.00'[39m, [32m'4.33'[39m, [32m'3.45'[39m, [32m'0.00'[39m ]
data rcv RT:[ [32m'0.00'[39m, [32m'4.33'[39m, [32m'3.42'[39m, [32m'0.00'[39m ]
data rcv RT:[ [32m'0.00'[39m, [32m'4.34'[39m, [32m'3.39'[39m, [32m'0.00'[39m ]
data rcv RT:[ [32m'0.00'[39m, [32m'4.33'[39m, [32m'3.41'[39m, [32m'0.00'[39m ]
data rcv RT:[ [32m'0.00'[39m, [32m'4.32'[39m, [32m'3.37'[39m, [32m'0.00'[39m ]
data rcv RT:[ [32m'0.00'[39m, [32m'4.30'[39m, [32m'3.39'[39m, [32m'0.00'[39m ]
data rcv RT:[ [32m'0.00'[39m, [32m'4.31'[39m, [32m'3.38'[39m, [32m'0.01'[39m ]
data rcv RT:[ [32m'0.00'[39m, [32m'4.34'[39m, [32m'3.37'[39m, [32m'0.01'[39m ]
data rcv RT:[ [32m'0.00'[39m, [32m'4.30'[39m, [32m'3.36'[39m, [32m'0.01'[39m ]
data rcv RT:[ [32m'0.00'[39m, [32m'4.36'[39m, [32m'3.41'[39m, [32m'0.02'[39m ]
data rcv RT:[ [32m'0.00'[39m, [32m'4.36'[39m, [32m'3.40'[39m, [32m'0.01'[39m ]
data rcv RT:[ [32m'0.00'[39m, [32m'4.32'[39m, [32m'3.42'[39m, [32m'0.00'[39m ]
data rcv RT:[ [32m'0.00'[39m, [32m'4.32'[39m, [32m'3.42'[39m, [32m'0.00'[39m ]
data rcv RT:[ [32m'0.00'[39m, [32m'4.30'[39m, [32m'3.42'[39m, [32m'0.00'[39m ]
data rcv RT:[ [32m'0.00'[39m, [32m'4.28'[39m, [32m'3.43'[39m, [32m'0.00'[39m ]
data rcv RT:[ [32m'0.00'[39m, [32m'4.31'[39m, [32m'3.44'[39m, [32m'0.00'[39m ]
data rcv RT:[ [32m'0.00'[39m, [32m'4.31'[39m, [32m'3.43'[39m, [32m'0.00'[39m ]
data rcv RT:[ [32m'0.00'[39m, [32m'4.29'[39m, [32m'3.42'[39m, [32m'0.00'[39m ]
data rcv RT:[ [32m'0.00'[39m, [32m'4.29'[39m, [32m'3.36'[39m, [32m'0.00'[39m ]
data rcv RT:[ [32m'0.00'[39m, [32m'4.31'[39m, [32m'3.36'[39m, [32m'0.00'[39m ]
data rcv RT:[ [32m'0.00'[39m, [32m'4.33'[39m, [32m'3.37'[39m, [32m'0.02'[39m ]
data rcv RT:[ [32m'0.00'[39m, [32m'4.35'[39m, [32m'3.38'[39m, [32m'0.01'[39m ]
data rcv RT:[ [32m'0.00'[39m, [32m'4.37'[39m, [32m'3.40'[39m, [32m'0.00'[39m ]
data rcv RT:[ [32m'0.00'[39m, [32m'4.38'[39m, [32m'3.39'[39m, [32m'0.03'[39m ]
data rcv RT:[ [32m'0.00'[39m, [32m'4.37'[39m, [32m'3.40'[39m, [32m'0.02'[39m ]
data rcv RT:[ [32m'0.00'[39m, [32m'4.35'[39m, [32m'3.42'[39m, [32m'0.00'[39m ]
data rcv RT:[ [32m'0.00'[39m, [32m'4.35'[39m, [32m'3.41'[39m, [32m'0.00'[39m ]
data rcv RT:[ [32m'0.00'[39m, [32m'4.29'[39m, [32m'3.40'[39m, [32m'0.00'[39m ]
data rcv RT:[ [32m'0.00'[39m, [32m'4.29'[39m, [32m'3.45'[39m, [32m'0.00'[39m ]
data rcv RT:[ [32m'0.00'[39m, [32m'4.26'[39m, [32m'3.47'[39m, [32m'0.00'[39m ]
data rcv RT:[ [32m'0.00'[39m, [32m'4.28'[39m, [32m'3.42'[39m, [32m'0.00'[39m ]
data rcv RT:[ [32m'0.00'[39m, [32m'4.30'[39m, [32m'3.44'[39m, [32m'0.00'[39m ]
data rcv RT:[ [32m'0.00'[39m, [32m'4.30'[39m, [32m'3.44'[39m, [32m'0.00'[39m ]
data rcv RT:[ [32m'0.00'[39m, [32m'4.28'[39m, [32m'3.40'[39m, [32m'0.00'[39m ]
data rcv RT:[ [32m'0.00'[39m, [32m'4.27'[39m, [32m'3.37'[39m, [32m'0.00'[39m ]
data rcv RT:[ [32m'0.00'[39m, [32m'4.25'[39m, [32m'3.38'[39m, [32m'0.00'[39m ]
data rcv RT:[ [32m'0.00'[39m, [32m'4.28'[39m, [32m'3.37'[39m, [32m'0.00'[39m ]
data rcv RT:[ [32m'0.00'[39m, [32m'4.27'[39m, [32m'3.38'[39m, [32m'0.00'[39m ]
data rcv RT:[ [32m'0.00'[39m, [32m'4.30'[39m, [32m'3.38'[39m, [32m'0.00'[39m ]
data rcv RT:[ [32m'0.00'[39m, [32m'4.30'[39m, [32m'3.37'[39m, [32m'0.00'[39m ]
data rcv RT:[ [32m'0.00'[39m, [32m'4.30'[39m, [32m'3.39'[39m, [32m'0.00'[39m ]
data rcv RT:[ [32m'0.00'[39m, [32m'4.35'[39m, [32m'3.39'[39m, [32m'0.07'[39m ]
data rcv RT:[ [32m'0.00'[39m, [32m'4.32'[39m, [32m'3.35'[39m, [32m'0.03'[39m ]
data rcv RT:[ [32m'0.00'[39m, [32m'4.36'[39m, [32m'3.37'[39m, [32m'0.05'[39m ]
data rcv RT:[ [32m'0.00'[39m, [32m'4.40'[39m, [32m'3.44'[39m, [32m'0.00'[39m ]
data rcv RT:[ [32m'0.00'[39m, [32m'4.39'[39m, [32m'3.42'[39m, [32m'0.01'[39m ]
data rcv RT:[ [32m'0.00'[39m, [32m'4.37'[39m, [32m'3.41'[39m, [32m'0.00'[39m ]
data rcv RT:[ [32m'0.00'[39m, [32m'4.37'[39m, [32m'3.42'[39m, [32m'0.00'[39m ]
data rcv RT:[ [32m'0.00'[39m, [32m'4.36'[39m, [32m'3.42'[39m, [32m'0.00'[39m ]
data rcv RT:[ [32m'0.00'[39m, [32m'4.31'[39m, [32m'3.45'[39m, [32m'0.00'[39m ]
data rcv RT:[ [32m'0.00'[39m, [32m'4.30'[39m, [32m'3.44'[39m, [32m'0.00'[39m ]
data rcv RT:[ [32m'0.00'[39m, [32m'4.31'[39m, [32m'3.43'[39m, [32m'0.00'[39m ]
data rcv RT:[ [32m'0.00'[39m, [32m'4.32'[39m, [32m'3.43'[39m, [32m'0.00'[39m ]
data rcv RT:[ [32m'0.00'[39m, [32m'4.27'[39m, [32m'3.45'[39m, [32m'0.00'[39m ]
data rcv RT:[ [32m'0.00'[39m, [32m'4.32'[39m, [32m'3.48'[39m, [32m'0.00'[39m ]
data rcv RT:[ [32m'0.00'[39m, [32m'4.31'[39m, [32m'3.44'[39m, [32m'0.00'[39m ]
data rcv RT:[ [32m'0.00'[39m, [32m'4.25'[39m, [32m'3.41'[39m, [32m'0.00'[39m ]
data rcv RT:[ [32m'0.00'[39m, [32m'4.25'[39m, [32m'3.39'[39m, [32m'0.00'[39m ]
data rcv RT:[ [32m'0.00'[39m, [32m'4.29'[39m, [32m'3.38'[39m, [32m'0.00'[39m ]
data rcv RT:[ [32m'0.00'[39m, [32m'4.29'[39m, [32m'3.38'[39m, [32m'0.00'[39m ]
data rcv RT:[ [32m'0.00'[39m, [32m'4.32'[39m, [32m'3.37'[39m, [32m'0.00'[39m ]
data rcv RT:[ [32m'0.00'[39m, [32m'4.34'[39m, [32m'3.38'[39m, [32m'0.05'[39m ]
data rcv RT:[ [32m'0.00'[39m, [32m'4.39'[39m, [32m'3.38'[39m, [32m'0.00'[39m ]
data rcv RT:[ [32m'0.00'[39m, [32m'4.38'[39m, [32m'3.39'[39m, [32m'0.01'[39m ]
data rcv RT:[ [32m'0.00'[39m, [32m'4.35'[39m, [32m'3.41'[39m, [32m'0.00'[39m ]
data rcv RT:[ [32m'0.00'[39m, [32m'4.35'[39m, [32m'3.41'[39m, [32m'0.00'[39m ]
data rcv RT:[ [32m'0.00'[39m, [32m'4.32'[39m, [32m'3.42'[39m, [32m'0.00'[39m ]
data rcv RT:[ [32m'0.00'[39m, [32m'4.35'[39m, [32m'3.43'[39m, [32m'0.00'[39m ]
data rcv RT:[ [32m'0.00'[39m, [32m'4.30'[39m, [32m'3.42'[39m, [32m'0.00'[39m ]
data rcv RT:[ [32m'0.00'[39m, [32m'4.28'[39m, [32m'3.42'[39m, [32m'0.00'[39m ]
data rcv RT:[ [32m'0.00'[39m, [32m'4.26'[39m, [32m'3.43'[39m, [32m'0.00'[39m ]
data rcv RT:[ [32m'0.00'[39m, [32m'4.26'[39m, [32m'3.38'[39m, [32m'0.00'[39m ]
data rcv RT:[ [32m'0.00'[39m, [32m'4.26'[39m, [32m'3.39'[39m, [32m'0.00'[39m ]
data rcv RT:[ [32m'0.00'[39m, [32m'4.27'[39m, [32m'3.38'[39m, [32m'0.00'[39m ]
data rcv RT:[ [32m'0.00'[39m, [32m'4.31'[39m, [32m'3.37'[39m, [32m'0.00'[39m ]
data rcv RT:[ [32m'0.00'[39m, [32m'4.34'[39m, [32m'3.36'[39m, [32m'0.02'[39m ]
data rcv RT:[ [32m'0.00'[39m, [32m'4.34'[39m, [32m'3.40'[39m, [32m'0.01'[39m ]
data rcv RT:[ [32m'0.00'[39m, [32m'4.32'[39m, [32m'3.37'[39m, [32m'0.07'[39m ]
data rcv RT:[ [32m'0.00'[39m, [32m'4.38'[39m, [32m'3.41'[39m, [32m'0.00'[39m ]
data rcv RT:[ [32m'0.00'[39m, [32m'4.37'[39m, [32m'3.42'[39m, [32m'0.00'[39m ]
data rcv RT:[ [32m'0.00'[39m, [32m'4.36'[39m, [32m'3.43'[39m, [32m'0.00'[39m ]
data rcv RT:[ [32m'0.00'[39m, [32m'4.30'[39m, [32m'3.43'[39m, [32m'0.00'[39m ]
data rcv RT:[ [32m'0.00'[39m, [32m'4.30'[39m, [32m'3.45'[39m, [32m'0.00'[39m ]
data rcv RT:[ [32m'0.00'[39m, [32m'4.25'[39m, [32m'3.40'[39m, [32m'0.00'[39m ]
data rcv RT:[ [32m'0.00'[39m, [32m'4.25'[39m, [32m'3.40'[39m, [32m'0.00'[39m ]
data rcv RT:[ [32m'0.00'[39m, [32m'4.27'[39m, [32m'3.37'[39m, [32m'0.00'[39m ]
data rcv RT:[ [32m'0.00'[39m, [32m'4.31'[39m, [32m'3.37'[39m, [32m'0.02'[39m ]
data rcv RT:[ [32m'0.00'[39m, [32m'4.32'[39m, [32m'3.38'[39m, [32m'0.01'[39m ]
data rcv RT:[ [32m'0.00'[39m, [32m'4.33'[39m, [32m'3.39'[39m, [32m'0.02'[39m ]
data rcv RT:[ [32m'0.00'[39m, [32m'4.31'[39m, [32m'3.39'[39m, [32m'0.01'[39m ]
data rcv RT:[ [32m'0.00'[39m, [32m'4.38'[39m, [32m'3.40'[39m, [32m'0.02'[39m ]
data rcv RT:[ [32m'0.00'[39m, [32m'4.38'[39m, [32m'3.40'[39m, [32m'0.01'[39m ]
data rcv RT:[ [32m'0.00'[39m, [32m'4.35'[39m, [32m'3.41'[39m, [32m'0.00'[39m ]
data rcv RT:[ [32m'0.00'[39m, [32m'4.35'[39m, [32m'3.43'[39m, [32m'0.00'[39m ]
data rcv RT:[ [32m'0.00'[39m, [32m'4.32'[39m, [32m'3.41'[39m, [32m'0.00'[39m ]
data rcv RT:[ [32m'0.00'[39m, [32m'4.30'[39m, [32m'3.42'[39m, [32m'0.00'[39m ]
data rcv RT:[ [32m'0.00'[39m, [32m'4.28'[39m, [32m'3.41'[39m, [32m'0.00'[39m ]
data rcv RT:[ [32m'0.00'[39m, [32m'4.31'[39m, [32m'3.45'[39m, [32m'0.00'[39m ]
data rcv RT:[ [32m'0.00'[39m, [32m'4.28'[39m, [32m'3.38'[39m, [32m'0.00'[39m ]
data rcv RT:[ [32m'0.00'[39m, [32m'4.28'[39m, [32m'3.37'[39m, [32m'0.00'[39m ]
data rcv RT:[ [32m'0.00'[39m, [32m'4.30'[39m, [32m'3.40'[39m, [32m'0.00'[39m ]
data rcv RT:[ [32m'0.00'[39m, [32m'4.33'[39m, [32m'3.40'[39m, [32m'0.03'[39m ]
data rcv RT:[ [32m'0.00'[39m, [32m'4.32'[39m, [32m'3.40'[39m, [32m'0.00'[39m ]
data rcv RT:[ [32m'0.00'[39m, [32m'4.36'[39m, [32m'3.38'[39m, [32m'0.00'[39m ]
data rcv RT:[ [32m'0.00'[39m, [32m'4.38'[39m, [32m'3.41'[39m, [32m'0.00'[39m ]
data rcv RT:[ [32m'0.00'[39m, [32m'4.38'[39m, [32m'3.43'[39m, [32m'0.01'[39m ]
data rcv RT:[ [32m'0.00'[39m, [32m'4.33'[39m, [32m'3.44'[39m, [32m'0.00'[39m ]
data rcv RT:[ [32m'0.00'[39m, [32m'4.34'[39m, [32m'3.43'[39m, [32m'0.00'[39m ]
data rcv RT:[ [32m'0.00'[39m, [32m'4.35'[39m, [32m'3.44'[39m, [32m'0.00'[39m ]
data rcv RT:[ [32m'0.00'[39m, [32m'4.32'[39m, [32m'3.42'[39m, [32m'0.00'[39m ]
data rcv RT:[ [32m'0.00'[39m, [32m'4.32'[39m, [32m'3.47'[39m, [32m'0.00'[39m ]
data rcv RT:[ [32m'0.00'[39m, [32m'4.25'[39m, [32m'3.42'[39m, [32m'0.00'[39m ]
data rcv RT:[ [32m'0.00'[39m, [32m'4.26'[39m, [32m'3.40'[39m, [32m'0.00'[39m ]
data rcv RT:[ [32m'0.00'[39m, [32m'4.31'[39m, [32m'3.38'[39m, [32m'0.01'[39m ]
data rcv RT:[ [32m'0.00'[39m, [32m'4.32'[39m, [32m'3.38'[39m, [32m'0.01'[39m ]
data rcv RT:[ [32m'0.00'[39m, [32m'4.33'[39m, [32m'3.38'[39m, [32m'0.01'[39m ]
data rcv RT:[ [32m'0.00'[39m, [32m'4.34'[39m, [32m'3.38'[39m, [32m'0.04'[39m ]
data rcv RT:[ [32m'0.00'[39m, [32m'4.36'[39m, [32m'3.40'[39m, [32m'0.02'[39m ]
data rcv RT:[ [32m'0.00'[39m, [32m'4.34'[39m, [32m'3.44'[39m, [32m'0.00'[39m ]
data rcv RT:[ [32m'0.00'[39m, [32m'4.34'[39m, [32m'3.43'[39m, [32m'0.00'[39m ]
data rcv RT:[ [32m'0.00'[39m, [32m'4.31'[39m, [32m'3.42'[39m, [32m'0.00'[39m ]
data rcv RT:[ [32m'0.00'[39m, [32m'4.32'[39m, [32m'3.44'[39m, [32m'0.00'[39m ]
data rcv RT:[ [32m'0.00'[39m, [32m'4.31'[39m, [32m'3.41'[39m, [32m'0.00'[39m ]
data rcv RT:[ [32m'0.00'[39m, [32m'4.29'[39m, [32m'3.42'[39m, [32m'0.00'[39m ]
data rcv RT:[ [32m'0.00'[39m, [32m'4.26'[39m, [32m'3.37'[39m, [32m'0.00'[39m ]
data rcv RT:[ [32m'0.00'[39m, [32m'4.26'[39m, [32m'3.40'[39m, [32m'0.00'[39m ]
data rcv RT:[ [32m'0.00'[39m, [32m'4.27'[39m, [32m'3.39'[39m, [32m'0.00'[39m ]
data rcv RT:[ [32m'0.00'[39m, [32m'4.29'[39m, [32m'3.36'[39m, [32m'0.00'[39m ]
data rcv RT:[ [32m'0.00'[39m, [32m'4.33'[39m, [32m'3.39'[39m, [32m'0.01'[39m ]
data rcv RT:[ [32m'0.00'[39m, [32m'4.35'[39m, [32m'3.38'[39m, [32m'0.01'[39m ]
data rcv RT:[ [32m'0.00'[39m, [32m'4.38'[39m, [32m'3.37'[39m, [32m'0.05'[39m ]
data rcv RT:[ [32m'0.00'[39m, [32m'4.39'[39m, [32m'3.41'[39m, [32m'0.03'[39m ]
data rcv RT:[ [32m'0.00'[39m, [32m'4.37'[39m, [32m'3.41'[39m, [32m'0.01'[39m ]
data rcv RT:[ [32m'0.00'[39m, [32m'4.35'[39m, [32m'3.41'[39m, [32m'0.00'[39m ]
data rcv RT:[ [32m'0.00'[39m, [32m'4.35'[39m, [32m'3.42'[39m, [32m'0.00'[39m ]
data rcv RT:[ [32m'0.00'[39m, [32m'4.29'[39m, [32m'3.41'[39m, [32m'0.00'[39m ]
data rcv RT:[ [32m'0.00'[39m, [32m'4.30'[39m, [32m'3.42'[39m, [32m'0.00'[39m ]
data rcv RT:[ [32m'0.00'[39m, [32m'4.26'[39m, [32m'3.42'[39m, [32m'0.00'[39m ]
data rcv RT:[ [32m'0.00'[39m, [32m'4.29'[39m, [32m'3.42'[39m, [32m'0.00'[39m ]
data rcv RT:[ [32m'0.00'[39m, [32m'4.25'[39m, [32m'3.39'[39m, [32m'0.00'[39m ]
data rcv RT:[ [32m'0.00'[39m, [32m'4.26'[39m, [32m'3.39'[39m, [32m'0.00'[39m ]
data rcv RT:[ [32m'0.00'[39m, [32m'4.31'[39m, [32m'3.37'[39m, [32m'0.01'[39m ]
data rcv RT:[ [32m'0.00'[39m, [32m'4.31'[39m, [32m'3.40'[39m, [32m'0.01'[39m ]
data rcv RT:[ [32m'0.00'[39m, [32m'4.38'[39m, [32m'3.38'[39m, [32m'0.05'[39m ]
data rcv RT:[ [32m'0.00'[39m, [32m'4.37'[39m, [32m'3.38'[39m, [32m'0.05'[39m ]
data rcv RT:[ [32m'0.00'[39m, [32m'4.37'[39m, [32m'3.35'[39m, [32m'0.07'[39m ]
data rcv RT:[ [32m'0.00'[39m, [32m'4.37'[39m, [32m'3.42'[39m, [32m'0.01'[39m ]
data rcv RT:[ [32m'0.00'[39m, [32m'4.34'[39m, [32m'3.41'[39m, [32m'0.00'[39m ]
data rcv RT:[ [32m'0.00'[39m, [32m'4.33'[39m, [32m'3.41'[39m, [32m'0.00'[39m ]
data rcv RT:[ [32m'0.00'[39m, [32m'4.32'[39m, [32m'3.43'[39m, [32m'0.00'[39m ]
data rcv RT:[ [32m'0.00'[39m, [32m'4.30'[39m, [32m'3.41'[39m, [32m'0.00'[39m ]
data rcv RT:[ [32m'0.00'[39m, [32m'4.26'[39m, [32m'3.40'[39m, [32m'0.00'[39m ]
data rcv RT:[ [32m'0.00'[39m, [32m'4.27'[39m, [32m'3.38'[39m, [32m'0.00'[39m ]
data rcv RT:[ [32m'0.00'[39m, [32m'4.30'[39m, [32m'3.42'[39m, [32m'0.00'[39m ]
data rcv RT:[ [32m'0.00'[39m, [32m'4.27'[39m, [32m'3.36'[39m, [32m'0.00'[39m ]
data rcv RT:[ [32m'0.00'[39m, [32m'4.30'[39m, [32m'3.38'[39m, [32m'0.00'[39m ]
data rcv RT:[ [32m'0.00'[39m, [32m'4.31'[39m, [32m'3.37'[39m, [32m'0.01'[39m ]
data rcv RT:[ [32m'0.00'[39m, [32m'4.34'[39m, [32m'3.38'[39m, [32m'0.01'[39m ]
data rcv RT:[ [32m'0.00'[39m, [32m'4.33'[39m, [32m'3.36'[39m, [32m'0.04'[39m ]
data rcv RT:[ [32m'0.00'[39m, [32m'4.36'[39m, [32m'3.37'[39m, [32m'0.06'[39m ]
data rcv RT:[ [32m'0.00'[39m, [32m'4.35'[39m, [32m'3.42'[39m, [32m'0.00'[39m ]
data rcv RT:[ [32m'0.00'[39m, [32m'4.37'[39m, [32m'3.44'[39m, [32m'0.00'[39m ]
data rcv RT:[ [32m'0.00'[39m, [32m'4.34'[39m, [32m'3.43'[39m, [32m'0.00'[39m ]
data rcv RT:[ [32m'0.00'[39m, [32m'4.30'[39m, [32m'3.43'[39m, [32m'0.00'[39m ]
data rcv RT:[ [32m'0.00'[39m, [32m'4.28'[39m, [32m'3.47'[39m, [32m'0.00'[39m ]
data rcv RT:[ [32m'0.00'[39m, [32m'4.25'[39m, [32m'3.42'[39m, [32m'0.00'[39m ]
data rcv RT:[ [32m'0.00'[39m, [32m'4.27'[39m, [32m'3.40'[39m, [32m'0.00'[39m ]
data rcv RT:[ [32m'0.00'[39m, [32m'4.32'[39m, [32m'3.38'[39m, [32m'0.02'[39m ]
data rcv RT:[ [32m'0.00'[39m, [32m'4.31'[39m, [32m'3.37'[39m, [32m'0.00'[39m ]
data rcv RT:[ [32m'0.00'[39m, [32m'4.30'[39m, [32m'3.38'[39m, [32m'0.00'[39m ]
data rcv RT:[ [32m'0.00'[39m, [32m'4.35'[39m, [32m'3.38'[39m, [32m'0.02'[39m ]
data rcv RT:[ [32m'0.00'[39m, [32m'4.38'[39m, [32m'3.41'[39m, [32m'0.03'[39m ]
data rcv RT:[ [32m'0.00'[39m, [32m'4.37'[39m, [32m'3.42'[39m, [32m'0.03'[39m ]
data rcv RT:[ [32m'0.00'[39m, [32m'4.32'[39m, [32m'3.41'[39m, [32m'0.00'[39m ]
data rcv RT:[ [32m'0.00'[39m, [32m'4.32'[39m, [32m'3.43'[39m, [32m'0.00'[39m ]
data rcv RT:[ [32m'0.00'[39m, [32m'4.28'[39m, [32m'3.45'[39m, [32m'0.00'[39m ]
data rcv RT:[ [32m'0.00'[39m, [32m'4.29'[39m, [32m'3.41'[39m, [32m'0.00'[39m ]
data rcv RT:[ [32m'0.00'[39m, [32m'4.26'[39m, [32m'3.42'[39m, [32m'0.00'[39m ]
data rcv RT:[ [32m'0.00'[39m, [32m'4.28'[39m, [32m'3.42'[39m, [32m'0.00'[39m ]
data rcv RT:[ [32m'0.00'[39m, [32m'4.26'[39m, [32m'3.36'[39m, [32m'0.00'[39m ]
data rcv RT:[ [32m'0.00'[39m, [32m'4.31'[39m, [32m'3.38'[39m, [32m'0.01'[39m ]
data rcv RT:[ [32m'0.00'[39m, [32m'4.35'[39m, [32m'3.39'[39m, [32m'0.01'[39m ]
data rcv RT:[ [32m'0.00'[39m, [32m'4.31'[39m, [32m'3.39'[39m, [32m'0.00'[39m ]
data rcv RT:[ [32m'0.00'[39m, [32m'4.33'[39m, [32m'3.41'[39m, [32m'0.01'[39m ]
data rcv RT:[ [32m'0.00'[39m, [32m'4.36'[39m, [32m'3.41'[39m, [32m'0.00'[39m ]
data rcv RT:[ [32m'0.00'[39m, [32m'4.34'[39m, [32m'3.43'[39m, [32m'0.00'[39m ]
data rcv RT:[ [32m'0.00'[39m, [32m'4.35'[39m, [32m'3.46'[39m, [32m'0.00'[39m ]
data rcv RT:[ [32m'0.00'[39m, [32m'4.34'[39m, [32m'3.44'[39m, [32m'0.00'[39m ]
data rcv RT:[ [32m'0.00'[39m, [32m'4.29'[39m, [32m'3.48'[39m, [32m'0.00'[39m ]
data rcv RT:[ [32m'0.00'[39m, [32m'4.25'[39m, [32m'3.40'[39m, [32m'0.00'[39m ]
data rcv RT:[ [32m'0.00'[39m, [32m'4.25'[39m, [32m'3.39'[39m, [32m'0.00'[39m ]
data rcv RT:[ [32m'0.00'[39m, [32m'4.26'[39m, [32m'3.38'[39m, [32m'0.00'[39m ]
data rcv RT:[ [32m'0.00'[39m, [32m'4.29'[39m, [32m'3.38'[39m, [32m'0.00'[39m ]
data rcv RT:[ [32m'0.00'[39m, [32m'4.29'[39m, [32m'3.38'[39m, [32m'0.00'[39m ]
data rcv RT:[ [32m'0.00'[39m, [32m'4.35'[39m, [32m'3.38'[39m, [32m'0.02'[39m ]
data rcv RT:[ [32m'0.00'[39m, [32m'4.36'[39m, [32m'3.39'[39m, [32m'0.01'[39m ]
data rcv RT:[ [32m'0.00'[39m, [32m'4.37'[39m, [32m'3.39'[39m, [32m'0.01'[39m ]
data rcv RT:[ [32m'0.00'[39m, [32m'4.35'[39m, [32m'3.43'[39m, [32m'0.00'[39m ]
data rcv RT:[ [32m'0.00'[39m, [32m'4.30'[39m, [32m'3.43'[39m, [32m'0.00'[39m ]
data rcv RT:[ [32m'0.00'[39m, [32m'4.30'[39m, [32m'3.42'[39m, [32m'0.00'[39m ]
data rcv RT:[ [32m'0.00'[39m, [32m'4.30'[39m, [32m'3.44'[39m, [32m'0.00'[39m ]
data rcv RT:[ [32m'0.00'[39m, [32m'4.28'[39m, [32m'3.44'[39m, [32m'0.00'[39m ]
data rcv RT:[ [32m'0.00'[39m, [32m'4.25'[39m, [32m'3.41'[39m, [32m'0.00'[39m ]
data rcv RT:[ [32m'0.00'[39m, [32m'4.29'[39m, [32m'3.40'[39m, [32m'0.00'[39m ]
data rcv RT:[ [32m'0.00'[39m, [32m'4.32'[39m, [32m'3.36'[39m, [32m'0.00'[39m ]
data rcv RT:[ [32m'0.00'[39m, [32m'4.33'[39m, [32m'3.39'[39m, [32m'0.01'[39m ]
data rcv RT:[ [32m'0.00'[39m, [32m'4.37'[39m, [32m'3.40'[39m, [32m'0.00'[39m ]
data rcv RT:[ [32m'0.00'[39m, [32m'4.35'[39m, [32m'3.40'[39m, [32m'0.02'[39m ]
data rcv RT:[ [32m'0.00'[39m, [32m'4.37'[39m, [32m'3.39'[39m, [32m'0.00'[39m ]
data rcv RT:[ [32m'0.00'[39m, [32m'4.36'[39m, [32m'3.37'[39m, [32m'0.03'[39m ]
data rcv RT:[ [32m'0.00'[39m, [32m'4.35'[39m, [32m'3.44'[39m, [32m'0.00'[39m ]
data rcv RT:[ [32m'0.00'[39m, [32m'4.34'[39m, [32m'3.43'[39m, [32m'0.00'[39m ]
data rcv RT:[ [32m'0.00'[39m, [32m'4.31'[39m, [32m'3.44'[39m, [32m'0.00'[39m ]
data rcv RT:[ [32m'0.00'[39m, [32m'4.32'[39m, [32m'3.43'[39m, [32m'0.00'[39m ]
data rcv RT:[ [32m'0.00'[39m, [32m'4.30'[39m, [32m'3.43'[39m, [32m'0.00'[39m ]
data rcv RT:[ [32m'0.00'[39m, [32m'4.30'[39m, [32m'3.42'[39m, [32m'0.00'[39m ]
data rcv RT:[ [32m'0.00'[39m, [32m'4.27'[39m, [32m'3.43'[39m, [32m'0.00'[39m ]
data rcv RT:[ [32m'0.00'[39m, [32m'4.27'[39m, [32m'3.43'[39m, [32m'0.00'[39m ]
data rcv RT:[ [32m'0.00'[39m, [32m'4.26'[39m, [32m'3.37'[39m, [32m'0.00'[39m ]
data rcv RT:[ [32m'0.00'[39m, [32m'4.30'[39m, [32m'3.37'[39m, [32m'0.00'[39m ]
data rcv RT:[ [32m'0.00'[39m, [32m'4.30'[39m, [32m'3.39'[39m, [32m'0.00'[39m ]
data rcv RT:[ [32m'0.00'[39m, [32m'4.32'[39m, [32m'3.37'[39m, [32m'0.01'[39m ]
data rcv RT:[ [32m'0.00'[39m, [32m'4.34'[39m, [32m'3.34'[39m, [32m'0.06'[39m ]
data rcv RT:[ [32m'0.00'[39m, [32m'4.36'[39m, [32m'3.38'[39m, [32m'0.00'[39m ]
data rcv RT:[ [32m'0.00'[39m, [32m'4.38'[39m, [32m'3.40'[39m, [32m'0.00'[39m ]
data rcv RT:[ [32m'0.00'[39m, [32m'4.36'[39m, [32m'3.39'[39m, [32m'0.00'[39m ]
data rcv RT:[ [32m'0.00'[39m, [32m'4.35'[39m, [32m'3.44'[39m, [32m'0.00'[39m ]
data rcv RT:[ [32m'0.00'[39m, [32m'4.36'[39m, [32m'3.44'[39m, [32m'0.00'[39m ]
data rcv RT:[ [32m'0.00'[39m, [32m'4.34'[39m, [32m'3.43'[39m, [32m'0.00'[39m ]
data rcv RT:[ [32m'0.00'[39m, [32m'4.34'[39m, [32m'3.43'[39m, [32m'0.00'[39m ]
data rcv RT:[ [32m'0.00'[39m, [32m'4.32'[39m, [32m'3.43'[39m, [32m'0.00'[39m ]
data rcv RT:[ [32m'0.00'[39m, [32m'4.31'[39m, [32m'3.42'[39m, [32m'0.00'[39m ]
data rcv RT:[ [32m'0.00'[39m, [32m'4.30'[39m, [32m'3.41'[39m, [32m'0.00'[39m ]
data rcv RT:[ [32m'0.00'[39m, [32m'4.30'[39m, [32m'3.43'[39m, [32m'0.00'[39m ]
data rcv RT:[ [32m'0.00'[39m, [32m'4.29'[39m, [32m'3.45'[39m, [32m'0.00'[39m ]
data rcv RT:[ [32m'0.00'[39m, [32m'4.28'[39m, [32m'3.44'[39m, [32m'0.00'[39m ]
data rcv RT:[ [32m'0.00'[39m, [32m'4.27'[39m, [32m'3.42'[39m, [32m'0.00'[39m ]
data rcv RT:[ [32m'0.00'[39m, [32m'4.27'[39m, [32m'3.42'[39m, [32m'0.00'[39m ]
data rcv RT:[ [32m'0.00'[39m, [32m'4.24'[39m, [32m'3.39'[39m, [32m'0.00'[39m ]
data rcv RT:[ [32m'0.00'[39m, [32m'4.27'[39m, [32m'3.38'[39m, [32m'0.00'[39m ]
data rcv RT:[ [32m'0.00'[39m, [32m'4.28'[39m, [32m'3.37'[39m, [32m'0.02'[39m ]
data rcv RT:[ [32m'0.00'[39m, [32m'4.28'[39m, [32m'3.39'[39m, [32m'0.00'[39m ]
data rcv RT:[ [32m'0.00'[39m, [32m'4.29'[39m, [32m'3.39'[39m, [32m'0.00'[39m ]
data rcv RT:[ [32m'0.00'[39m, [32m'4.31'[39m, [32m'3.38'[39m, [32m'0.00'[39m ]
data rcv RT:[ [32m'0.00'[39m, [32m'4.35'[39m, [32m'3.39'[39m, [32m'0.01'[39m ]
data rcv RT:[ [32m'0.00'[39m, [32m'4.39'[39m, [32m'3.41'[39m, [32m'0.01'[39m ]
data rcv RT:[ [32m'0.00'[39m, [32m'4.38'[39m, [32m'3.41'[39m, [32m'0.01'[39m ]
data rcv RT:[ [32m'0.00'[39m, [32m'4.37'[39m, [32m'3.42'[39m, [32m'0.00'[39m ]
data rcv RT:[ [32m'0.00'[39m, [32m'4.34'[39m, [32m'3.44'[39m, [32m'0.00'[39m ]
data rcv RT:[ [32m'0.00'[39m, [32m'4.33'[39m, [32m'3.43'[39m, [32m'0.00'[39m ]
data rcv RT:[ [32m'0.00'[39m, [32m'4.30'[39m, [32m'3.42'[39m, [32m'0.00'[39m ]
data rcv RT:[ [32m'0.00'[39m, [32m'4.27'[39m, [32m'3.41'[39m, [32m'0.00'[39m ]
data rcv RT:[ [32m'0.00'[39m, [32m'4.27'[39m, [32m'3.41'[39m, [32m'0.00'[39m ]
data rcv RT:[ [32m'0.00'[39m, [32m'4.27'[39m, [32m'3.42'[39m, [32m'0.00'[39m ]
data rcv RT:[ [32m'0.00'[39m, [32m'4.29'[39m, [32m'3.41'[39m, [32m'0.00'[39m ]
data rcv RT:[ [32m'0.00'[39m, [32m'4.29'[39m, [32m'3.39'[39m, [32m'0.00'[39m ]
data rcv RT:[ [32m'0.00'[39m, [32m'4.27'[39m, [32m'3.38'[39m, [32m'0.00'[39m ]
data rcv RT:[ [32m'0.00'[39m, [32m'4.32'[39m, [32m'3.38'[39m, [32m'0.00'[39m ]
data rcv RT:[ [32m'0.00'[39m, [32m'4.33'[39m, [32m'3.37'[39m, [32m'0.02'[39m ]
data rcv RT:[ [32m'0.00'[39m, [32m'4.35'[39m, [32m'3.37'[39m, [32m'0.01'[39m ]
data rcv RT:[ [32m'0.00'[39m, [32m'4.37'[39m, [32m'3.40'[39m, [32m'0.01'[39m ]
data rcv RT:[ [32m'0.00'[39m, [32m'4.33'[39m, [32m'3.43'[39m, [32m'0.00'[39m ]
data rcv RT:[ [32m'0.00'[39m, [32m'4.36'[39m, [32m'3.40'[39m, [32m'0.00'[39m ]
data rcv RT:[ [32m'0.00'[39m, [32m'4.32'[39m, [32m'3.43'[39m, [32m'0.00'[39m ]
data rcv RT:[ [32m'0.00'[39m, [32m'4.30'[39m, [32m'3.44'[39m, [32m'0.00'[39m ]
data rcv RT:[ [32m'0.00'[39m, [32m'4.31'[39m, [32m'3.41'[39m, [32m'0.00'[39m ]
data rcv RT:[ [32m'0.00'[39m, [32m'4.26'[39m, [32m'3.45'[39m, [32m'0.00'[39m ]
data rcv RT:[ [32m'0.00'[39m, [32m'4.27'[39m, [32m'3.43'[39m, [32m'0.00'[39m ]
data rcv RT:[ [32m'0.00'[39m, [32m'4.29'[39m, [32m'3.41'[39m, [32m'0.00'[39m ]
data rcv RT:[ [32m'0.00'[39m, [32m'4.29'[39m, [32m'3.40'[39m, [32m'0.00'[39m ]
data rcv RT:[ [32m'0.00'[39m, [32m'4.28'[39m, [32m'3.37'[39m, [32m'0.00'[39m ]
data rcv RT:[ [32m'0.00'[39m, [32m'4.30'[39m, [32m'3.39'[39m, [32m'0.00'[39m ]
data rcv RT:[ [32m'0.00'[39m, [32m'4.32'[39m, [32m'3.37'[39m, [32m'0.02'[39m ]
data rcv RT:[ [32m'0.00'[39m, [32m'4.33'[39m, [32m'3.40'[39m, [32m'0.02'[39m ]
data rcv RT:[ [32m'0.00'[39m, [32m'4.34'[39m, [32m'3.34'[39m, [32m'0.08'[39m ]
data rcv RT:[ [32m'0.00'[39m, [32m'4.36'[39m, [32m'3.39'[39m, [32m'0.00'[39m ]
data rcv RT:[ [32m'0.00'[39m, [32m'4.38'[39m, [32m'3.42'[39m, [32m'0.00'[39m ]
data rcv RT:[ [32m'0.00'[39m, [32m'4.38'[39m, [32m'3.44'[39m, [32m'0.01'[39m ]
data rcv RT:[ [32m'0.00'[39m, [32m'4.34'[39m, [32m'3.41'[39m, [32m'0.00'[39m ]
data rcv RT:[ [32m'0.00'[39m, [32m'4.31'[39m, [32m'3.43'[39m, [32m'0.00'[39m ]
data rcv RT:[ [32m'0.00'[39m, [32m'4.32'[39m, [32m'3.43'[39m, [32m'0.00'[39m ]
data rcv RT:[ [32m'0.00'[39m, [32m'4.28'[39m, [32m'3.44'[39m, [32m'0.00'[39m ]
data rcv RT:[ [32m'0.00'[39m, [32m'4.29'[39m, [32m'3.42'[39m, [32m'0.00'[39m ]
data rcv RT:[ [32m'0.00'[39m, [32m'4.26'[39m, [32m'3.43'[39m, [32m'0.00'[39m ]
data rcv RT:[ [32m'0.00'[39m, [32m'4.26'[39m, [32m'3.39'[39m, [32m'0.00'[39m ]
data rcv RT:[ [32m'0.00'[39m, [32m'4.28'[39m, [32m'3.37'[39m, [32m'0.00'[39m ]
data rcv RT:[ [32m'0.00'[39m, [32m'4.29'[39m, [32m'3.39'[39m, [32m'0.00'[39m ]
data rcv RT:[ [32m'0.00'[39m, [32m'4.30'[39m, [32m'3.39'[39m, [32m'0.00'[39m ]
data rcv RT:[ [32m'0.00'[39m, [32m'4.31'[39m, [32m'3.37'[39m, [32m'0.00'[39m ]
data rcv RT:[ [32m'0.00'[39m, [32m'4.31'[39m, [32m'3.39'[39m, [32m'0.00'[39m ]
data rcv RT:[ [32m'0.00'[39m, [32m'4.33'[39m, [32m'3.38'[39m, [32m'0.03'[39m ]
data rcv RT:[ [32m'0.00'[39m, [32m'4.37'[39m, [32m'3.41'[39m, [32m'0.03'[39m ]
data rcv RT:[ [32m'0.00'[39m, [32m'4.38'[39m, [32m'3.40'[39m, [32m'0.01'[39m ]
data rcv RT:[ [32m'0.00'[39m, [32m'4.37'[39m, [32m'3.41'[39m, [32m'0.00'[39m ]
data rcv RT:[ [32m'0.00'[39m, [32m'4.38'[39m, [32m'3.41'[39m, [32m'0.00'[39m ]
data rcv RT:[ [32m'0.00'[39m, [32m'4.38'[39m, [32m'3.44'[39m, [32m'0.00'[39m ]
data rcv RT:[ [32m'0.00'[39m, [32m'4.34'[39m, [32m'3.39'[39m, [32m'0.01'[39m ]
data rcv RT:[ [32m'0.00'[39m, [32m'4.31'[39m, [32m'3.43'[39m, [32m'0.00'[39m ]
data rcv RT:[ [32m'0.00'[39m, [32m'4.33'[39m, [32m'3.41'[39m, [32m'0.00'[39m ]
data rcv RT:[ [32m'0.00'[39m, [32m'4.32'[39m, [32m'3.42'[39m, [32m'0.00'[39m ]
data rcv RT:[ [32m'0.00'[39m, [32m'4.30'[39m, [32m'3.44'[39m, [32m'0.00'[39m ]
data rcv RT:[ [32m'0.00'[39m, [32m'4.28'[39m, [32m'3.47'[39m, [32m'0.00'[39m ]
data rcv RT:[ [32m'0.00'[39m, [32m'4.29'[39m, [32m'3.45'[39m, [32m'0.00'[39m ]
data rcv RT:[ [32m'0.00'[39m, [32m'4.27'[39m, [32m'3.43'[39m, [32m'0.00'[39m ]
data rcv RT:[ [32m'0.00'[39m, [32m'4.29'[39m, [32m'3.42'[39m, [32m'0.00'[39m ]
data rcv RT:[ [32m'0.00'[39m, [32m'4.29'[39m, [32m'3.46'[39m, [32m'0.00'[39m ]
data rcv RT:[ [32m'0.00'[39m, [32m'4.27'[39m, [32m'3.42'[39m, [32m'0.00'[39m ]
data rcv RT:[ [32m'0.00'[39m, [32m'4.29'[39m, [32m'3.43'[39m, [32m'0.00'[39m ]
data rcv RT:[ [32m'0.00'[39m, [32m'4.29'[39m, [32m'3.38'[39m, [32m'0.00'[39m ]
data rcv RT:[ [32m'0.00'[39m, [32m'4.31'[39m, [32m'3.36'[39m, [32m'0.00'[39m ]
data rcv RT:[ [32m'0.00'[39m, [32m'4.30'[39m, [32m'3.39'[39m, [32m'0.01'[39m ]
data rcv RT:[ [32m'0.00'[39m, [32m'4.31'[39m, [32m'3.37'[39m, [32m'0.01'[39m ]
data rcv RT:[ [32m'0.00'[39m, [32m'4.32'[39m, [32m'3.39'[39m, [32m'0.01'[39m ]
data rcv RT:[ [32m'0.00'[39m, [32m'4.33'[39m, [32m'3.40'[39m, [32m'0.01'[39m ]
data rcv RT:[ [32m'0.00'[39m, [32m'4.39'[39m, [32m'3.42'[39m, [32m'0.02'[39m ]
data rcv RT:[ [32m'0.00'[39m, [32m'4.35'[39m, [32m'3.34'[39m, [32m'0.06'[39m ]
data rcv RT:[ [32m'0.00'[39m, [32m'4.37'[39m, [32m'3.44'[39m, [32m'0.00'[39m ]
data rcv RT:[ [32m'0.00'[39m, [32m'4.37'[39m, [32m'3.45'[39m, [32m'0.00'[39m ]
data rcv RT:[ [32m'0.00'[39m, [32m'4.32'[39m, [32m'3.42'[39m, [32m'0.00'[39m ]
data rcv RT:[ [32m'0.00'[39m, [32m'4.30'[39m, [32m'3.43'[39m, [32m'0.00'[39m ]
data rcv RT:[ [32m'0.00'[39m, [32m'4.30'[39m, [32m'3.42'[39m, [32m'0.00'[39m ]
data rcv RT:[ [32m'0.00'[39m, [32m'4.29'[39m, [32m'3.42'[39m, [32m'0.00'[39m ]
data rcv RT:[ [32m'0.00'[39m, [32m'4.27'[39m, [32m'3.44'[39m, [32m'0.00'[39m ]
data rcv RT:[ [32m'0.00'[39m, [32m'4.24'[39m, [32m'3.36'[39m, [32m'0.00'[39m ]
data rcv RT:[ [32m'0.00'[39m, [32m'4.32'[39m, [32m'3.37'[39m, [32m'0.01'[39m ]
data rcv RT:[ [32m'0.00'[39m, [32m'4.34'[39m, [32m'3.39'[39m, [32m'0.02'[39m ]
data rcv RT:[ [32m'0.00'[39m, [32m'4.38'[39m, [32m'3.36'[39m, [32m'0.06'[39m ]
data rcv RT:[ [32m'0.00'[39m, [32m'4.36'[39m, [32m'3.37'[39m, [32m'0.02'[39m ]
data rcv RT:[ [32m'0.00'[39m, [32m'4.36'[39m, [32m'3.41'[39m, [32m'0.01'[39m ]
data rcv RT:[ [32m'0.00'[39m, [32m'4.36'[39m, [32m'3.41'[39m, [32m'0.00'[39m ]
data rcv RT:[ [32m'0.00'[39m, [32m'4.34'[39m, [32m'3.42'[39m, [32m'0.00'[39m ]
data rcv RT:[ [32m'0.00'[39m, [32m'4.32'[39m, [32m'3.43'[39m, [32m'0.00'[39m ]
data rcv RT:[ [32m'0.00'[39m, [32m'4.33'[39m, [32m'3.42'[39m, [32m'0.00'[39m ]
data rcv RT:[ [32m'0.00'[39m, [32m'4.29'[39m, [32m'3.43'[39m, [32m'0.00'[39m ]
data rcv RT:[ [32m'0.00'[39m, [32m'4.25'[39m, [32m'3.39'[39m, [32m'0.00'[39m ]
data rcv RT:[ [32m'0.00'[39m, [32m'4.28'[39m, [32m'3.41'[39m, [32m'0.00'[39m ]
data rcv RT:[ [32m'0.00'[39m, [32m'4.29'[39m, [32m'3.40'[39m, [32m'0.00'[39m ]
data rcv RT:[ [32m'0.00'[39m, [32m'4.31'[39m, [32m'3.38'[39m, [32m'0.00'[39m ]
data rcv RT:[ [32m'0.00'[39m, [32m'4.30'[39m, [32m'3.39'[39m, [32m'0.00'[39m ]
data rcv RT:[ [32m'0.00'[39m, [32m'4.34'[39m, [32m'3.40'[39m, [32m'0.02'[39m ]
data rcv RT:[ [32m'0.00'[39m, [32m'4.36'[39m, [32m'3.39'[39m, [32m'0.01'[39m ]
data rcv RT:[ [32m'0.00'[39m, [32m'4.37'[39m, [32m'3.36'[39m, [32m'0.03'[39m ]
data rcv RT:[ [32m'0.00'[39m, [32m'4.36'[39m, [32m'3.42'[39m, [32m'0.00'[39m ]
data rcv RT:[ [32m'0.00'[39m, [32m'4.35'[39m, [32m'3.45'[39m, [32m'0.00'[39m ]
data rcv RT:[ [32m'0.00'[39m, [32m'4.32'[39m, [32m'3.43'[39m, [32m'0.00'[39m ]
data rcv RT:[ [32m'0.00'[39m, [32m'4.31'[39m, [32m'3.43'[39m, [32m'0.00'[39m ]
data rcv RT:[ [32m'0.00'[39m, [32m'4.28'[39m, [32m'3.42'[39m, [32m'0.00'[39m ]
data rcv RT:[ [32m'0.00'[39m, [32m'4.28'[39m, [32m'3.40'[39m, [32m'0.00'[39m ]
data rcv RT:[ [32m'0.00'[39m, [32m'4.27'[39m, [32m'3.42'[39m, [32m'0.00'[39m ]
data rcv RT:[ [32m'0.00'[39m, [32m'4.27'[39m, [32m'3.37'[39m, [32m'0.00'[39m ]
data rcv RT:[ [32m'0.00'[39m, [32m'4.29'[39m, [32m'3.39'[39m, [32m'0.00'[39m ]
data rcv RT:[ [32m'0.00'[39m, [32m'4.34'[39m, [32m'3.38'[39m, [32m'0.00'[39m ]
data rcv RT:[ [32m'0.00'[39m, [32m'4.36'[39m, [32m'3.40'[39m, [32m'0.05'[39m ]
data rcv RT:[ [32m'0.00'[39m, [32m'4.37'[39m, [32m'3.41'[39m, [32m'0.00'[39m ]
data rcv RT:[ [32m'0.00'[39m, [32m'4.38'[39m, [32m'3.39'[39m, [32m'0.02'[39m ]
data rcv RT:[ [32m'0.00'[39m, [32m'4.37'[39m, [32m'3.37'[39m, [32m'0.02'[39m ]
data rcv RT:[ [32m'0.00'[39m, [32m'4.35'[39m, [32m'3.43'[39m, [32m'0.00'[39m ]
data rcv RT:[ [32m'0.00'[39m, [32m'4.34'[39m, [32m'3.41'[39m, [32m'0.00'[39m ]
data rcv RT:[ [32m'0.00'[39m, [32m'4.30'[39m, [32m'3.44'[39m, [32m'0.00'[39m ]
data rcv RT:[ [32m'0.00'[39m, [32m'4.31'[39m, [32m'3.42'[39m, [32m'0.00'[39m ]
data rcv RT:[ [32m'0.00'[39m, [32m'4.27'[39m, [32m'3.44'[39m, [32m'0.00'[39m ]
data rcv RT:[ [32m'0.00'[39m, [32m'4.32'[39m, [32m'3.42'[39m, [32m'0.00'[39m ]
data rcv RT:[ [32m'0.00'[39m, [32m'4.25'[39m, [32m'3.40'[39m, [32m'0.00'[39m ]
data rcv RT:[ [32m'0.00'[39m, [32m'4.25'[39m, [32m'3.39'[39m, [32m'0.00'[39m ]
data rcv RT:[ [32m'0.00'[39m, [32m'4.28'[39m, [32m'3.38'[39m, [32m'0.00'[39m ]
data rcv RT:[ [32m'0.00'[39m, [32m'4.31'[39m, [32m'3.37'[39m, [32m'0.01'[39m ]
data rcv RT:[ [32m'0.00'[39m, [32m'4.29'[39m, [32m'3.40'[39m, [32m'0.00'[39m ]
data rcv RT:[ [32m'0.00'[39m, [32m'4.30'[39m, [32m'3.38'[39m, [32m'0.01'[39m ]
data rcv RT:[ [32m'0.00'[39m, [32m'4.34'[39m, [32m'3.39'[39m, [32m'0.02'[39m ]
data rcv RT:[ [32m'0.00'[39m, [32m'4.32'[39m, [32m'3.40'[39m, [32m'0.01'[39m ]
data rcv RT:[ [32m'0.00'[39m, [32m'4.36'[39m, [32m'3.38'[39m, [32m'0.00'[39m ]
data rcv RT:[ [32m'0.00'[39m, [32m'4.38'[39m, [32m'3.40'[39m, [32m'0.00'[39m ]
data rcv RT:[ [32m'0.00'[39m, [32m'4.35'[39m, [32m'3.37'[39m, [32m'0.05'[39m ]
data rcv RT:[ [32m'0.00'[39m, [32m'4.37'[39m, [32m'3.42'[39m, [32m'0.00'[39m ]
data rcv RT:[ [32m'0.00'[39m, [32m'4.35'[39m, [32m'3.40'[39m, [32m'0.00'[39m ]
data rcv RT:[ [32m'0.00'[39m, [32m'4.36'[39m, [32m'3.43'[39m, [32m'0.00'[39m ]
data rcv RT:[ [32m'0.00'[39m, [32m'4.35'[39m, [32m'3.44'[39m, [32m'0.00'[39m ]
data rcv RT:[ [32m'0.00'[39m, [32m'4.28'[39m, [32m'3.43'[39m, [32m'0.00'[39m ]
data rcv RT:[ [32m'0.00'[39m, [32m'4.24'[39m, [32m'3.40'[39m, [32m'0.00'[39m ]
data rcv RT:[ [32m'0.00'[39m, [32m'4.27'[39m, [32m'3.39'[39m, [32m'0.00'[39m ]
data rcv RT:[ [32m'0.00'[39m, [32m'4.26'[39m, [32m'3.39'[39m, [32m'0.00'[39m ]
data rcv RT:[ [32m'0.00'[39m, [32m'4.29'[39m, [32m'3.37'[39m, [32m'0.00'[39m ]
data rcv RT:[ [32m'0.00'[39m, [32m'4.26'[39m, [32m'3.38'[39m, [32m'0.00'[39m ]
data rcv RT:[ [32m'0.00'[39m, [32m'4.30'[39m, [32m'3.39'[39m, [32m'0.01'[39m ]
data rcv RT:[ [32m'0.00'[39m, [32m'4.32'[39m, [32m'3.38'[39m, [32m'0.01'[39m ]
data rcv RT:[ [32m'0.00'[39m, [32m'4.36'[39m, [32m'3.40'[39m, [32m'0.00'[39m ]
data rcv RT:[ [32m'0.00'[39m, [32m'4.35'[39m, [32m'3.37'[39m, [32m'0.03'[39m ]
data rcv RT:[ [32m'0.00'[39m, [32m'4.36'[39m, [32m'3.40'[39m, [32m'0.04'[39m ]
data rcv RT:[ [32m'0.00'[39m, [32m'4.38'[39m, [32m'3.37'[39m, [32m'0.00'[39m ]
data rcv RT:[ [32m'0.00'[39m, [32m'4.34'[39m, [32m'3.40'[39m, [32m'0.00'[39m ]
data rcv RT:[ [32m'0.00'[39m, [32m'4.33'[39m, [32m'3.44'[39m, [32m'0.00'[39m ]
data rcv RT:[ [32m'0.00'[39m, [32m'4.30'[39m, [32m'3.43'[39m, [32m'0.00'[39m ]
data rcv RT:[ [32m'0.00'[39m, [32m'4.31'[39m, [32m'3.43'[39m, [32m'0.00'[39m ]
data rcv RT:[ [32m'0.00'[39m, [32m'4.26'[39m, [32m'3.40'[39m, [32m'0.00'[39m ]
data rcv RT:[ [32m'0.00'[39m, [32m'4.27'[39m, [32m'3.40'[39m, [32m'0.00'[39m ]
data rcv RT:[ [32m'0.00'[39m, [32m'4.28'[39m, [32m'3.38'[39m, [32m'0.00'[39m ]
data rcv RT:[ [32m'0.00'[39m, [32m'4.29'[39m, [32m'3.36'[39m, [32m'0.00'[39m ]
data rcv RT:[ [32m'0.00'[39m, [32m'4.27'[39m, [32m'3.39'[39m, [32m'0.00'[39m ]
data rcv RT:[ [32m'0.00'[39m, [32m'4.30'[39m, [32m'3.38'[39m, [32m'0.00'[39m ]
data rcv RT:[ [32m'0.00'[39m, [32m'4.32'[39m, [32m'3.38'[39m, [32m'0.00'[39m ]
data rcv RT:[ [32m'0.00'[39m, [32m'4.34'[39m, [32m'3.35'[39m, [32m'0.05'[39m ]
data rcv RT:[ [32m'0.00'[39m, [32m'4.34'[39m, [32m'3.37'[39m, [32m'0.03'[39m ]
data rcv RT:[ [32m'0.00'[39m, [32m'4.37'[39m, [32m'3.40'[39m, [32m'0.00'[39m ]
data rcv RT:[ [32m'0.00'[39m, [32m'4.36'[39m, [32m'3.41'[39m, [32m'0.00'[39m ]
data rcv RT:[ [32m'0.00'[39m, [32m'4.36'[39m, [32m'3.39'[39m, [32m'0.02'[39m ]
data rcv RT:[ [32m'0.00'[39m, [32m'4.34'[39m, [32m'3.44'[39m, [32m'0.00'[39m ]
data rcv RT:[ [32m'0.00'[39m, [32m'4.33'[39m, [32m'3.42'[39m, [32m'0.00'[39m ]
data rcv RT:[ [32m'0.00'[39m, [32m'4.33'[39m, [32m'3.43'[39m, [32m'0.00'[39m ]
data rcv RT:[ [32m'0.00'[39m, [32m'4.31'[39m, [32m'3.41'[39m, [32m'0.00'[39m ]
data rcv RT:[ [32m'0.00'[39m, [32m'4.31'[39m, [32m'3.43'[39m, [32m'0.00'[39m ]
data rcv RT:[ [32m'0.00'[39m, [32m'4.29'[39m, [32m'3.44'[39m, [32m'0.00'[39m ]
data rcv RT:[ [32m'0.00'[39m, [32m'4.29'[39m, [32m'3.44'[39m, [32m'0.00'[39m ]
data rcv RT:[ [32m'0.00'[39m, [32m'4.30'[39m, [32m'3.43'[39m, [32m'0.00'[39m ]
data rcv RT:[ [32m'0.00'[39m, [32m'4.25'[39m, [32m'3.40'[39m, [32m'0.00'[39m ]
data rcv RT:[ [32m'0.00'[39m, [32m'4.26'[39m, [32m'3.38'[39m, [32m'0.00'[39m ]
data rcv RT:[ [32m'0.00'[39m, [32m'4.29'[39m, [32m'3.39'[39m, [32m'0.00'[39m ]
data rcv RT:[ [32m'0.00'[39m, [32m'4.29'[39m, [32m'3.37'[39m, [32m'0.00'[39m ]
data rcv RT:[ [32m'0.00'[39m, [32m'4.32'[39m, [32m'3.39'[39m, [32m'0.00'[39m ]
data rcv RT:[ [32m'0.00'[39m, [32m'4.33'[39m, [32m'3.39'[39m, [32m'0.01'[39m ]
data rcv RT:[ [32m'0.00'[39m, [32m'4.35'[39m, [32m'3.37'[39m, [32m'0.06'[39m ]
data rcv RT:[ [32m'0.00'[39m, [32m'4.35'[39m, [32m'3.37'[39m, [32m'0.06'[39m ]
data rcv RT:[ [32m'0.00'[39m, [32m'4.37'[39m, [32m'3.40'[39m, [32m'0.02'[39m ]
data rcv RT:[ [32m'0.00'[39m, [32m'4.34'[39m, [32m'3.42'[39m, [32m'0.01'[39m ]
data rcv RT:[ [32m'0.00'[39m, [32m'4.36'[39m, [32m'3.42'[39m, [32m'0.00'[39m ]
data rcv RT:[ [32m'0.00'[39m, [32m'4.33'[39m, [32m'3.44'[39m, [32m'0.00'[39m ]
data rcv RT:[ [32m'0.00'[39m, [32m'4.36'[39m, [32m'3.43'[39m, [32m'0.00'[39m ]
data rcv RT:[ [32m'0.00'[39m, [32m'4.33'[39m, [32m'3.44'[39m, [32m'0.00'[39m ]
data rcv RT:[ [32m'0.00'[39m, [32m'4.32'[39m, [32m'3.44'[39m, [32m'0.00'[39m ]
data rcv RT:[ [32m'0.00'[39m, [32m'4.29'[39m, [32m'3.43'[39m, [32m'0.00'[39m ]
data rcv RT:[ [32m'0.00'[39m, [32m'4.29'[39m, [32m'3.46'[39m, [32m'0.00'[39m ]
data rcv RT:[ [32m'0.00'[39m, [32m'4.30'[39m, [32m'3.38'[39m, [32m'0.00'[39m ]
data rcv RT:[ [32m'0.00'[39m, [32m'4.30'[39m, [32m'3.38'[39m, [32m'0.01'[39m ]
data rcv RT:[ [32m'0.00'[39m, [32m'4.27'[39m, [32m'3.40'[39m, [32m'0.00'[39m ]
data rcv RT:[ [32m'0.00'[39m, [32m'4.31'[39m, [32m'3.38'[39m, [32m'0.01'[39m ]
data rcv RT:[ [32m'0.00'[39m, [32m'4.36'[39m, [32m'3.39'[39m, [32m'0.00'[39m ]
data rcv RT:[ [32m'0.00'[39m, [32m'4.34'[39m, [32m'3.38'[39m, [32m'0.07'[39m ]
data rcv RT:[ [32m'0.00'[39m, [32m'4.36'[39m, [32m'3.42'[39m, [32m'0.03'[39m ]
data rcv RT:[ [32m'0.00'[39m, [32m'4.35'[39m, [32m'3.40'[39m, [32m'0.03'[39m ]
data rcv RT:[ [32m'0.00'[39m, [32m'4.34'[39m, [32m'3.41'[39m, [32m'0.00'[39m ]
data rcv RT:[ [32m'0.00'[39m, [32m'4.34'[39m, [32m'3.41'[39m, [32m'0.00'[39m ]
data rcv RT:[ [32m'0.00'[39m, [32m'4.32'[39m, [32m'3.41'[39m, [32m'0.00'[39m ]
data rcv RT:[ [32m'0.00'[39m, [32m'4.30'[39m, [32m'3.42'[39m, [32m'0.00'[39m ]
data rcv RT:[ [32m'0.00'[39m, [32m'4.30'[39m, [32m'3.43'[39m, [32m'0.00'[39m ]
data rcv RT:[ [32m'0.00'[39m, [32m'4.29'[39m, [32m'3.44'[39m, [32m'0.00'[39m ]
data rcv RT:[ [32m'0.00'[39m, [32m'4.28'[39m, [32m'3.43'[39m, [32m'0.00'[39m ]
data rcv RT:[ [32m'0.00'[39m, [32m'4.28'[39m, [32m'3.40'[39m, [32m'0.00'[39m ]
data rcv RT:[ [32m'0.00'[39m, [32m'4.26'[39m, [32m'3.40'[39m, [32m'0.00'[39m ]
data rcv RT:[ [32m'0.00'[39m, [32m'4.27'[39m, [32m'3.40'[39m, [32m'0.00'[39m ]
data rcv RT:[ [32m'0.00'[39m, [32m'4.30'[39m, [32m'3.38'[39m, [32m'0.00'[39m ]
data rcv RT:[ [32m'0.00'[39m, [32m'4.33'[39m, [32m'3.37'[39m, [32m'0.01'[39m ]
data rcv RT:[ [32m'0.00'[39m, [32m'4.32'[39m, [32m'3.36'[39m, [32m'0.00'[39m ]
data rcv RT:[ [32m'0.00'[39m, [32m'4.32'[39m, [32m'3.40'[39m, [32m'0.00'[39m ]
data rcv RT:[ [32m'0.00'[39m, [32m'4.32'[39m, [32m'3.39'[39m, [32m'0.02'[39m ]
data rcv RT:[ [32m'0.00'[39m, [32m'4.39'[39m, [32m'3.41'[39m, [32m'0.03'[39m ]
data rcv RT:[ [32m'0.00'[39m, [32m'4.36'[39m, [32m'3.39'[39m, [32m'0.01'[39m ]
data rcv RT:[ [32m'0.00'[39m, [32m'4.38'[39m, [32m'3.45'[39m, [32m'0.00'[39m ]
data rcv RT:[ [32m'0.00'[39m, [32m'4.37'[39m, [32m'3.38'[39m, [32m'0.00'[39m ]
data rcv RT:[ [32m'0.00'[39m, [32m'4.34'[39m, [32m'3.42'[39m, [32m'0.00'[39m ]
data rcv RT:[ [32m'0.00'[39m, [32m'4.30'[39m, [32m'3.44'[39m, [32m'0.00'[39m ]
data rcv RT:[ [32m'0.00'[39m, [32m'4.31'[39m, [32m'3.44'[39m, [32m'0.00'[39m ]
data rcv RT:[ [32m'0.00'[39m, [32m'4.29'[39m, [32m'3.45'[39m, [32m'0.00'[39m ]
data rcv RT:[ [32m'0.00'[39m, [32m'4.29'[39m, [32m'3.42'[39m, [32m'0.00'[39m ]
data rcv RT:[ [32m'0.00'[39m, [32m'4.28'[39m, [32m'3.43'[39m, [32m'0.00'[39m ]
data rcv RT:[ [32m'0.00'[39m, [32m'4.27'[39m, [32m'3.42'[39m, [32m'0.00'[39m ]
data rcv RT:[ [32m'0.00'[39m, [32m'4.28'[39m, [32m'3.40'[39m, [32m'0.00'[39m ]
data rcv RT:[ [32m'0.00'[39m, [32m'4.27'[39m, [32m'3.38'[39m, [32m'0.00'[39m ]
data rcv RT:[ [32m'0.00'[39m, [32m'4.28'[39m, [32m'3.42'[39m, [32m'0.00'[39m ]
data rcv RT:[ [32m'0.00'[39m, [32m'4.32'[39m, [32m'3.37'[39m, [32m'0.01'[39m ]
data rcv RT:[ [32m'0.00'[39m, [32m'4.30'[39m, [32m'3.40'[39m, [32m'0.00'[39m ]
data rcv RT:[ [32m'0.00'[39m, [32m'4.33'[39m, [32m'3.35'[39m, [32m'0.05'[39m ]
data rcv RT:[ [32m'0.00'[39m, [32m'4.37'[39m, [32m'3.40'[39m, [32m'0.02'[39m ]
data rcv RT:[ [32m'0.00'[39m, [32m'4.32'[39m, [32m'3.36'[39m, [32m'0.03'[39m ]
data rcv RT:[ [32m'0.00'[39m, [32m'4.37'[39m, [32m'3.41'[39m, [32m'0.00'[39m ]
data rcv RT:[ [32m'0.00'[39m, [32m'4.35'[39m, [32m'3.40'[39m, [32m'0.00'[39m ]
data rcv RT:[ [32m'0.00'[39m, [32m'4.35'[39m, [32m'3.44'[39m, [32m'0.00'[39m ]
data rcv RT:[ [32m'0.00'[39m, [32m'4.36'[39m, [32m'3.45'[39m, [32m'0.00'[39m ]
data rcv RT:[ [32m'0.00'[39m, [32m'4.34'[39m, [32m'3.42'[39m, [32m'0.00'[39m ]
data rcv RT:[ [32m'0.00'[39m, [32m'4.32'[39m, [32m'3.43'[39m, [32m'0.00'[39m ]
data rcv RT:[ [32m'0.00'[39m, [32m'4.32'[39m, [32m'3.43'[39m, [32m'0.00'[39m ]
data rcv RT:[ [32m'0.00'[39m, [32m'4.31'[39m, [32m'3.43'[39m, [32m'0.00'[39m ]
data rcv RT:[ [32m'0.00'[39m, [32m'4.32'[39m, [32m'3.45'[39m, [32m'0.00'[39m ]
data rcv RT:[ [32m'0.00'[39m, [32m'4.28'[39m, [32m'3.40'[39m, [32m'0.00'[39m ]
data rcv RT:[ [32m'0.00'[39m, [32m'4.26'[39m, [32m'3.39'[39m, [32m'0.00'[39m ]
data rcv RT:[ [32m'0.00'[39m, [32m'4.29'[39m, [32m'3.38'[39m, [32m'0.00'[39m ]
data rcv RT:[ [32m'0.00'[39m, [32m'4.27'[39m, [32m'3.38'[39m, [32m'0.00'[39m ]
data rcv RT:[ [32m'0.00'[39m, [32m'4.27'[39m, [32m'3.35'[39m, [32m'0.00'[39m ]
data rcv RT:[ [32m'0.00'[39m, [32m'4.31'[39m, [32m'3.38'[39m, [32m'0.00'[39m ]
data rcv RT:[ [32m'0.00'[39m, [32m'4.30'[39m, [32m'3.37'[39m, [32m'0.00'[39m ]
data rcv RT:[ [32m'0.00'[39m, [32m'4.31'[39m, [32m'3.39'[39m, [32m'0.02'[39m ]
data rcv RT:[ [32m'0.00'[39m, [32m'4.30'[39m, [32m'3.40'[39m, [32m'0.00'[39m ]
data rcv RT:[ [32m'0.00'[39m, [32m'4.35'[39m, [32m'3.40'[39m, [32m'0.02'[39m ]
data rcv RT:[ [32m'0.00'[39m, [32m'4.35'[39m, [32m'3.39'[39m, [32m'0.02'[39m ]
data rcv RT:[ [32m'0.00'[39m, [32m'4.35'[39m, [32m'3.39'[39m, [32m'0.03'[39m ]
data rcv RT:[ [32m'0.00'[39m, [32m'4.37'[39m, [32m'3.41'[39m, [32m'0.00'[39m ]
data rcv RT:[ [32m'0.00'[39m, [32m'4.36'[39m, [32m'3.41'[39m, [32m'0.00'[39m ]
data rcv RT:[ [32m'0.00'[39m, [32m'4.37'[39m, [32m'3.45'[39m, [32m'0.00'[39m ]
data rcv RT:[ [32m'0.00'[39m, [32m'4.31'[39m, [32m'3.44'[39m, [32m'0.00'[39m ]
data rcv RT:[ [32m'0.00'[39m, [32m'4.32'[39m, [32m'3.42'[39m, [32m'0.00'[39m ]
data rcv RT:[ [32m'0.00'[39m, [32m'4.30'[39m, [32m'3.43'[39m, [32m'0.00'[39m ]
data rcv RT:[ [32m'0.00'[39m, [32m'4.28'[39m, [32m'3.44'[39m, [32m'0.00'[39m ]
data rcv RT:[ [32m'0.00'[39m, [32m'4.27'[39m, [32m'3.43'[39m, [32m'0.00'[39m ]
data rcv RT:[ [32m'0.00'[39m, [32m'4.25'[39m, [32m'3.38'[39m, [32m'0.00'[39m ]
data rcv RT:[ [32m'0.00'[39m, [32m'4.25'[39m, [32m'3.40'[39m, [32m'0.00'[39m ]
data rcv RT:[ [32m'0.00'[39m, [32m'4.27'[39m, [32m'3.41'[39m, [32m'0.00'[39m ]
data rcv RT:[ [32m'0.00'[39m, [32m'4.25'[39m, [32m'3.37'[39m, [32m'0.00'[39m ]
data rcv RT:[ [32m'0.00'[39m, [32m'4.29'[39m, [32m'3.37'[39m, [32m'0.00'[39m ]
data rcv RT:[ [32m'0.00'[39m, [32m'4.32'[39m, [32m'3.38'[39m, [32m'0.02'[39m ]
data rcv RT:[ [32m'0.00'[39m, [32m'4.33'[39m, [32m'3.39'[39m, [32m'0.01'[39m ]
data rcv RT:[ [32m'0.00'[39m, [32m'4.35'[39m, [32m'3.38'[39m, [32m'0.02'[39m ]
data rcv RT:[ [32m'0.00'[39m, [32m'4.37'[39m, [32m'3.38'[39m, [32m'0.03'[39m ]
data rcv RT:[ [32m'0.00'[39m, [32m'4.35'[39m, [32m'3.39'[39m, [32m'0.00'[39m ]
data rcv RT:[ [32m'0.00'[39m, [32m'4.37'[39m, [32m'3.41'[39m, [32m'0.00'[39m ]
data rcv RT:[ [32m'0.00'[39m, [32m'4.30'[39m, [32m'3.41'[39m, [32m'0.00'[39m ]
data rcv RT:[ [32m'0.00'[39m, [32m'4.32'[39m, [32m'3.42'[39m, [32m'0.00'[39m ]
data rcv RT:[ [32m'0.00'[39m, [32m'4.29'[39m, [32m'3.42'[39m, [32m'0.00'[39m ]
data rcv RT:[ [32m'0.00'[39m, [32m'4.28'[39m, [32m'3.40'[39m, [32m'0.00'[39m ]
data rcv RT:[ [32m'0.00'[39m, [32m'4.27'[39m, [32m'3.43'[39m, [32m'0.00'[39m ]
data rcv RT:[ [32m'0.00'[39m, [32m'4.27'[39m, [32m'3.39'[39m, [32m'0.00'[39m ]
data rcv RT:[ [32m'0.00'[39m, [32m'4.30'[39m, [32m'3.37'[39m, [32m'0.00'[39m ]
data rcv RT:[ [32m'0.00'[39m, [32m'4.30'[39m, [32m'3.39'[39m, [32m'0.00'[39m ]
data rcv RT:[ [32m'0.00'[39m, [32m'4.30'[39m, [32m'3.38'[39m, [32m'0.01'[39m ]
data rcv RT:[ [32m'0.00'[39m, [32m'4.36'[39m, [32m'3.36'[39m, [32m'0.02'[39m ]
data rcv RT:[ [32m'0.00'[39m, [32m'4.35'[39m, [32m'3.37'[39m, [32m'0.01'[39m ]
data rcv RT:[ [32m'0.00'[39m, [32m'4.36'[39m, [32m'3.42'[39m, [32m'0.00'[39m ]
data rcv RT:[ [32m'0.00'[39m, [32m'4.35'[39m, [32m'3.41'[39m, [32m'0.00'[39m ]
data rcv RT:[ [32m'0.00'[39m, [32m'4.31'[39m, [32m'3.44'[39m, [32m'0.00'[39m ]
data rcv RT:[ [32m'0.00'[39m, [32m'4.30'[39m, [32m'3.44'[39m, [32m'0.00'[39m ]
data rcv RT:[ [32m'0.00'[39m, [32m'4.27'[39m, [32m'3.41'[39m, [32m'0.00'[39m ]
data rcv RT:[ [32m'0.00'[39m, [32m'4.31'[39m, [32m'3.38'[39m, [32m'0.01'[39m ]
data rcv RT:[ [32m'0.00'[39m, [32m'4.29'[39m, [32m'3.37'[39m, [32m'0.00'[39m ]
data rcv RT:[ [32m'0.00'[39m, [32m'4.37'[39m, [32m'3.38'[39m, [32m'0.02'[39m ]
data rcv RT:[ [32m'0.00'[39m, [32m'4.34'[39m, [32m'3.37'[39m, [32m'0.02'[39m ]
data rcv RT:[ [32m'0.00'[39m, [32m'4.36'[39m, [32m'3.39'[39m, [32m'0.00'[39m ]
data rcv RT:[ [32m'0.00'[39m, [32m'4.36'[39m, [32m'3.41'[39m, [32m'0.00'[39m ]
data rcv RT:[ [32m'0.00'[39m, [32m'4.33'[39m, [32m'3.44'[39m, [32m'0.00'[39m ]
data rcv RT:[ [32m'0.00'[39m, [32m'4.34'[39m, [32m'3.43'[39m, [32m'0.00'[39m ]
data rcv RT:[ [32m'0.00'[39m, [32m'4.31'[39m, [32m'3.42'[39m, [32m'0.00'[39m ]
data rcv RT:[ [32m'0.00'[39m, [32m'4.30'[39m, [32m'3.41'[39m, [32m'0.00'[39m ]
data rcv RT:[ [32m'0.00'[39m, [32m'4.28'[39m, [32m'3.46'[39m, [32m'0.00'[39m ]
data rcv RT:[ [32m'0.00'[39m, [32m'4.26'[39m, [32m'3.37'[39m, [32m'0.00'[39m ]
data rcv RT:[ [32m'0.00'[39m, [32m'4.26'[39m, [32m'3.36'[39m, [32m'0.00'[39m ]
data rcv RT:[ [32m'0.00'[39m, [32m'4.28'[39m, [32m'3.43'[39m, [32m'0.00'[39m ]
data rcv RT:[ [32m'0.00'[39m, [32m'4.30'[39m, [32m'3.40'[39m, [32m'0.00'[39m ]
data rcv RT:[ [32m'0.00'[39m, [32m'4.32'[39m, [32m'3.37'[39m, [32m'0.01'[39m ]
data rcv RT:[ [32m'0.00'[39m, [32m'4.32'[39m, [32m'3.38'[39m, [32m'0.01'[39m ]
data rcv RT:[ [32m'0.00'[39m, [32m'4.31'[39m, [32m'3.38'[39m, [32m'0.00'[39m ]
data rcv RT:[ [32m'0.00'[39m, [32m'4.34'[39m, [32m'3.37'[39m, [32m'0.01'[39m ]
data rcv RT:[ [32m'0.00'[39m, [32m'4.36'[39m, [32m'3.39'[39m, [32m'0.02'[39m ]
data rcv RT:[ [32m'0.00'[39m, [32m'4.38'[39m, [32m'3.40'[39m, [32m'0.02'[39m ]
data rcv RT:[ [32m'0.00'[39m, [32m'4.38'[39m, [32m'3.38'[39m, [32m'0.01'[39m ]
data rcv RT:[ [32m'0.00'[39m, [32m'4.33'[39m, [32m'3.40'[39m, [32m'0.00'[39m ]
data rcv RT:[ [32m'0.00'[39m, [32m'4.33'[39m, [32m'3.45'[39m, [32m'0.00'[39m ]
data rcv RT:[ [32m'0.00'[39m, [32m'4.31'[39m, [32m'3.44'[39m, [32m'0.00'[39m ]
data rcv RT:[ [32m'0.00'[39m, [32m'4.29'[39m, [32m'3.40'[39m, [32m'0.00'[39m ]
data rcv RT:[ [32m'0.00'[39m, [32m'4.26'[39m, [32m'3.43'[39m, [32m'0.00'[39m ]
data rcv RT:[ [32m'0.00'[39m, [32m'4.26'[39m, [32m'3.40'[39m, [32m'0.00'[39m ]
data rcv RT:[ [32m'0.00'[39m, [32m'4.27'[39m, [32m'3.39'[39m, [32m'0.00'[39m ]
data rcv RT:[ [32m'0.00'[39m, [32m'4.30'[39m, [32m'3.36'[39m, [32m'0.00'[39m ]
data rcv RT:[ [32m'0.00'[39m, [32m'4.31'[39m, [32m'3.39'[39m, [32m'0.02'[39m ]
data rcv RT:[ [32m'0.00'[39m, [32m'4.32'[39m, [32m'3.35'[39m, [32m'0.05'[39m ]
data rcv RT:[ [32m'0.00'[39m, [32m'4.32'[39m, [32m'3.33'[39m, [32m'0.05'[39m ]
data rcv RT:[ [32m'0.00'[39m, [32m'4.36'[39m, [32m'3.42'[39m, [32m'0.01'[39m ]
data rcv RT:[ [32m'0.00'[39m, [32m'4.36'[39m, [32m'3.44'[39m, [32m'0.00'[39m ]
data rcv RT:[ [32m'0.00'[39m, [32m'4.33'[39m, [32m'3.42'[39m, [32m'0.00'[39m ]
data rcv RT:[ [32m'0.00'[39m, [32m'4.32'[39m, [32m'3.43'[39m, [32m'0.00'[39m ]
data rcv RT:[ [32m'0.00'[39m, [32m'4.33'[39m, [32m'3.43'[39m, [32m'0.00'[39m ]
data rcv RT:[ [32m'0.00'[39m, [32m'4.32'[39m, [32m'3.42'[39m, [32m'0.00'[39m ]
data rcv RT:[ [32m'0.00'[39m, [32m'4.31'[39m, [32m'3.44'[39m, [32m'0.00'[39m ]
data rcv RT:[ [32m'0.00'[39m, [32m'4.32'[39m, [32m'3.42'[39m, [32m'0.00'[39m ]
data rcv RT:[ [32m'0.00'[39m, [32m'4.29'[39m, [32m'3.44'[39m, [32m'0.00'[39m ]
data rcv RT:[ [32m'0.00'[39m, [32m'4.25'[39m, [32m'3.37'[39m, [32m'0.00'[39m ]
data rcv RT:[ [32m'0.00'[39m, [32m'4.29'[39m, [32m'3.38'[39m, [32m'0.00'[39m ]
data rcv RT:[ [32m'0.00'[39m, [32m'4.32'[39m, [32m'3.39'[39m, [32m'0.00'[39m ]
data rcv RT:[ [32m'0.00'[39m, [32m'4.29'[39m, [32m'3.39'[39m, [32m'0.00'[39m ]
data rcv RT:[ [32m'0.00'[39m, [32m'4.31'[39m, [32m'3.37'[39m, [32m'0.01'[39m ]
data rcv RT:[ [32m'0.00'[39m, [32m'4.33'[39m, [32m'3.39'[39m, [32m'0.03'[39m ]
data rcv RT:[ [32m'0.00'[39m, [32m'4.35'[39m, [32m'3.37'[39m, [32m'0.05'[39m ]
data rcv RT:[ [32m'0.00'[39m, [32m'4.37'[39m, [32m'3.39'[39m, [32m'0.01'[39m ]
data rcv RT:[ [32m'0.00'[39m, [32m'4.36'[39m, [32m'3.41'[39m, [32m'0.01'[39m ]
data rcv RT:[ [32m'0.00'[39m, [32m'4.33'[39m, [32m'3.41'[39m, [32m'0.00'[39m ]
data rcv RT:[ [32m'0.00'[39m, [32m'4.32'[39m, [32m'3.44'[39m, [32m'0.00'[39m ]
data rcv RT:[ [32m'0.00'[39m, [32m'4.30'[39m, [32m'3.45'[39m, [32m'0.00'[39m ]
data rcv RT:[ [32m'0.00'[39m, [32m'4.30'[39m, [32m'3.41'[39m, [32m'0.00'[39m ]
data rcv RT:[ [32m'0.00'[39m, [32m'4.28'[39m, [32m'3.46'[39m, [32m'0.00'[39m ]
data rcv RT:[ [32m'0.00'[39m, [32m'4.25'[39m, [32m'3.41'[39m, [32m'0.00'[39m ]
data rcv RT:[ [32m'0.00'[39m, [32m'4.25'[39m, [32m'3.42'[39m, [32m'0.00'[39m ]
data rcv RT:[ [32m'0.00'[39m, [32m'4.31'[39m, [32m'3.39'[39m, [32m'0.01'[39m ]
data rcv RT:[ [32m'0.00'[39m, [32m'4.33'[39m, [32m'3.39'[39m, [32m'0.02'[39m ]
data rcv RT:[ [32m'0.00'[39m, [32m'4.34'[39m, [32m'3.37'[39m, [32m'0.03'[39m ]
data rcv RT:[ [32m'0.00'[39m, [32m'4.34'[39m, [32m'3.38'[39m, [32m'0.00'[39m ]
data rcv RT:[ [32m'0.00'[39m, [32m'4.38'[39m, [32m'3.40'[39m, [32m'0.03'[39m ]
data rcv RT:[ [32m'0.00'[39m, [32m'4.37'[39m, [32m'3.38'[39m, [32m'0.05'[39m ]
data rcv RT:[ [32m'0.00'[39m, [32m'4.38'[39m, [32m'3.44'[39m, [32m'0.00'[39m ]
data rcv RT:[ [32m'0.00'[39m, [32m'4.32'[39m, [32m'3.43'[39m, [32m'0.00'[39m ]
data rcv RT:[ [32m'0.00'[39m, [32m'4.33'[39m, [32m'3.42'[39m, [32m'0.00'[39m ]
data rcv RT:[ [32m'0.00'[39m, [32m'4.30'[39m, [32m'3.44'[39m, [32m'0.00'[39m ]
data rcv RT:[ [32m'0.00'[39m, [32m'4.24'[39m, [32m'3.46'[39m, [32m'0.00'[39m ]
data rcv RT:[ [32m'0.00'[39m, [32m'4.25'[39m, [32m'3.40'[39m, [32m'0.00'[39m ]
data rcv RT:[ [32m'0.00'[39m, [32m'4.28'[39m, [32m'3.37'[39m, [32m'0.00'[39m ]
data rcv RT:[ [32m'0.00'[39m, [32m'4.28'[39m, [32m'3.40'[39m, [32m'0.00'[39m ]
data rcv RT:[ [32m'0.00'[39m, [32m'4.31'[39m, [32m'3.37'[39m, [32m'0.00'[39m ]
data rcv RT:[ [32m'0.00'[39m, [32m'4.35'[39m, [32m'3.39'[39m, [32m'0.02'[39m ]
data rcv RT:[ [32m'0.00'[39m, [32m'4.33'[39m, [32m'3.35'[39m, [32m'0.03'[39m ]
data rcv RT:[ [32m'0.00'[39m, [32m'4.39'[39m, [32m'3.41'[39m, [32m'0.04'[39m ]
data rcv RT:[ [32m'0.00'[39m, [32m'4.37'[39m, [32m'3.41'[39m, [32m'0.00'[39m ]
data rcv RT:[ [32m'0.00'[39m, [32m'4.37'[39m, [32m'3.42'[39m, [32m'0.00'[39m ]
data rcv RT:[ [32m'0.00'[39m, [32m'4.34'[39m, [32m'3.44'[39m, [32m'0.00'[39m ]
data rcv RT:[ [32m'0.00'[39m, [32m'4.32'[39m, [32m'3.43'[39m, [32m'0.00'[39m ]
data rcv RT:[ [32m'0.00'[39m, [32m'4.31'[39m, [32m'3.42'[39m, [32m'0.00'[39m ]
data rcv RT:[ [32m'0.00'[39m, [32m'4.29'[39m, [32m'3.42'[39m, [32m'0.00'[39m ]
data rcv RT:[ [32m'0.00'[39m, [32m'4.26'[39m, [32m'3.40'[39m, [32m'0.00'[39m ]
data rcv RT:[ [32m'0.00'[39m, [32m'4.25'[39m, [32m'3.42'[39m, [32m'0.00'[39m ]
data rcv RT:[ [32m'0.00'[39m, [32m'4.28'[39m, [32m'3.43'[39m, [32m'0.00'[39m ]
data rcv RT:[ [32m'0.00'[39m, [32m'4.30'[39m, [32m'3.40'[39m, [32m'0.01'[39m ]
data rcv RT:[ [32m'0.00'[39m, [32m'4.30'[39m, [32m'3.39'[39m, [32m'0.01'[39m ]
data rcv RT:[ [32m'0.00'[39m, [32m'4.35'[39m, [32m'3.36'[39m, [32m'0.04'[39m ]
data rcv RT:[ [32m'0.00'[39m, [32m'4.33'[39m, [32m'3.39'[39m, [32m'0.03'[39m ]
data rcv RT:[ [32m'0.00'[39m, [32m'4.37'[39m, [32m'3.41'[39m, [32m'0.01'[39m ]
data rcv RT:[ [32m'0.00'[39m, [32m'4.36'[39m, [32m'3.44'[39m, [32m'0.00'[39m ]
data rcv RT:[ [32m'0.00'[39m, [32m'4.37'[39m, [32m'3.42'[39m, [32m'0.00'[39m ]
data rcv RT:[ [32m'0.00'[39m, [32m'4.30'[39m, [32m'3.44'[39m, [32m'0.00'[39m ]
data rcv RT:[ [32m'0.00'[39m, [32m'4.32'[39m, [32m'3.41'[39m, [32m'0.00'[39m ]
data rcv RT:[ [32m'0.00'[39m, [32m'4.30'[39m, [32m'3.45'[39m, [32m'0.00'[39m ]
data rcv RT:[ [32m'0.00'[39m, [32m'4.28'[39m, [32m'3.44'[39m, [32m'0.00'[39m ]
data rcv RT:[ [32m'0.00'[39m, [32m'4.27'[39m, [32m'3.47'[39m, [32m'0.00'[39m ]
data rcv RT:[ [32m'0.00'[39m, [32m'4.27'[39m, [32m'3.41'[39m, [32m'0.00'[39m ]
data rcv RT:[ [32m'0.00'[39m, [32m'4.31'[39m, [32m'3.38'[39m, [32m'0.00'[39m ]
data rcv RT:[ [32m'0.00'[39m, [32m'4.31'[39m, [32m'3.39'[39m, [32m'0.00'[39m ]
data rcv RT:[ [32m'0.00'[39m, [32m'4.31'[39m, [32m'3.39'[39m, [32m'0.00'[39m ]
data rcv RT:[ [32m'0.00'[39m, [32m'4.32'[39m, [32m'3.39'[39m, [32m'0.01'[39m ]
data rcv RT:[ [32m'0.00'[39m, [32m'4.33'[39m, [32m'3.39'[39m, [32m'0.01'[39m ]
data rcv RT:[ [32m'0.00'[39m, [32m'4.35'[39m, [32m'3.36'[39m, [32m'0.01'[39m ]
data rcv RT:[ [32m'0.00'[39m, [32m'4.33'[39m, [32m'3.36'[39m, [32m'0.02'[39m ]
data rcv RT:[ [32m'0.00'[39m, [32m'4.38'[39m, [32m'3.39'[39m, [32m'0.01'[39m ]
data rcv RT:[ [32m'0.00'[39m, [32m'4.33'[39m, [32m'3.43'[39m, [32m'0.00'[39m ]
data rcv RT:[ [32m'0.00'[39m, [32m'4.36'[39m, [32m'3.45'[39m, [32m'0.00'[39m ]
data rcv RT:[ [32m'0.00'[39m, [32m'4.35'[39m, [32m'3.41'[39m, [32m'0.00'[39m ]
data rcv RT:[ [32m'0.00'[39m, [32m'4.31'[39m, [32m'3.45'[39m, [32m'0.00'[39m ]
data rcv RT:[ [32m'0.00'[39m, [32m'4.29'[39m, [32m'3.44'[39m, [32m'0.00'[39m ]
data rcv RT:[ [32m'0.00'[39m, [32m'4.31'[39m, [32m'3.43'[39m, [32m'0.00'[39m ]
data rcv RT:[ [32m'0.00'[39m, [32m'4.31'[39m, [32m'3.44'[39m, [32m'0.00'[39m ]
data rcv RT:[ [32m'0.00'[39m, [32m'4.30'[39m, [32m'3.46'[39m, [32m'0.00'[39m ]
data rcv RT:[ [32m'0.00'[39m, [32m'4.27'[39m, [32m'3.41'[39m, [32m'0.00'[39m ]
data rcv RT:[ [32m'0.00'[39m, [32m'4.28'[39m, [32m'3.41'[39m, [32m'0.00'[39m ]
data rcv RT:[ [32m'0.00'[39m, [32m'4.28'[39m, [32m'3.38'[39m, [32m'0.00'[39m ]
data rcv RT:[ [32m'0.00'[39m, [32m'4.30'[39m, [32m'3.38'[39m, [32m'0.00'[39m ]
data rcv RT:[ [32m'0.00'[39m, [32m'4.33'[39m, [32m'3.37'[39m, [32m'0.03'[39m ]
data rcv RT:[ [32m'0.00'[39m, [32m'4.30'[39m, [32m'3.37'[39m, [32m'0.02'[39m ]
data rcv RT:[ [32m'0.00'[39m, [32m'4.36'[39m, [32m'3.37'[39m, [32m'0.04'[39m ]
data rcv RT:[ [32m'0.00'[39m, [32m'4.36'[39m, [32m'3.41'[39m, [32m'0.01'[39m ]
data rcv RT:[ [32m'0.00'[39m, [32m'4.37'[39m, [32m'3.38'[39m, [32m'0.03'[39m ]
data rcv RT:[ [32m'0.00'[39m, [32m'4.36'[39m, [32m'3.41'[39m, [32m'0.00'[39m ]
data rcv RT:[ [32m'0.00'[39m, [32m'4.38'[39m, [32m'3.40'[39m, [32m'0.02'[39m ]
data rcv RT:[ [32m'0.00'[39m, [32m'4.33'[39m, [32m'3.44'[39m, [32m'0.00'[39m ]
data rcv RT:[ [32m'0.00'[39m, [32m'4.35'[39m, [32m'3.43'[39m, [32m'0.00'[39m ]
data rcv RT:[ [32m'0.00'[39m, [32m'4.32'[39m, [32m'3.40'[39m, [32m'0.00'[39m ]
data rcv RT:[ [32m'0.00'[39m, [32m'4.31'[39m, [32m'3.42'[39m, [32m'0.00'[39m ]
data rcv RT:[ [32m'0.00'[39m, [32m'4.31'[39m, [32m'3.44'[39m, [32m'0.00'[39m ]
data rcv RT:[ [32m'0.00'[39m, [32m'4.31'[39m, [32m'3.44'[39m, [32m'0.00'[39m ]
data rcv RT:[ [32m'0.00'[39m, [32m'4.25'[39m, [32m'3.39'[39m, [32m'0.00'[39m ]
data rcv RT:[ [32m'0.00'[39m, [32m'4.27'[39m, [32m'3.39'[39m, [32m'0.00'[39m ]
data rcv RT:[ [32m'0.00'[39m, [32m'4.29'[39m, [32m'3.38'[39m, [32m'0.00'[39m ]
data rcv RT:[ [32m'0.00'[39m, [32m'4.30'[39m, [32m'3.38'[39m, [32m'0.00'[39m ]
data rcv RT:[ [32m'0.00'[39m, [32m'4.33'[39m, [32m'3.38'[39m, [32m'0.02'[39m ]
data rcv RT:[ [32m'0.00'[39m, [32m'4.32'[39m, [32m'3.40'[39m, [32m'0.01'[39m ]
data rcv RT:[ [32m'0.00'[39m, [32m'4.37'[39m, [32m'3.41'[39m, [32m'0.02'[39m ]
data rcv RT:[ [32m'0.00'[39m, [32m'4.39'[39m, [32m'3.38'[39m, [32m'0.02'[39m ]
data rcv RT:[ [32m'0.00'[39m, [32m'4.36'[39m, [32m'3.40'[39m, [32m'0.01'[39m ]
data rcv RT:[ [32m'0.00'[39m, [32m'4.38'[39m, [32m'3.43'[39m, [32m'0.00'[39m ]
data rcv RT:[ [32m'0.00'[39m, [32m'4.33'[39m, [32m'3.43'[39m, [32m'0.00'[39m ]
data rcv RT:[ [32m'0.00'[39m, [32m'4.32'[39m, [32m'3.42'[39m, [32m'0.00'[39m ]
data rcv RT:[ [32m'0.00'[39m, [32m'4.30'[39m, [32m'3.43'[39m, [32m'0.00'[39m ]
data rcv RT:[ [32m'0.00'[39m, [32m'4.31'[39m, [32m'3.41'[39m, [32m'0.00'[39m ]
data rcv RT:[ [32m'0.00'[39m, [32m'4.25'[39m, [32m'3.44'[39m, [32m'0.00'[39m ]
data rcv RT:[ [32m'0.00'[39m, [32m'4.29'[39m, [32m'3.43'[39m, [32m'0.00'[39m ]
data rcv RT:[ [32m'0.00'[39m, [32m'4.26'[39m, [32m'3.40'[39m, [32m'0.00'[39m ]
data rcv RT:[ [32m'0.00'[39m, [32m'4.26'[39m, [32m'3.42'[39m, [32m'0.01'[39m ]
data rcv RT:[ [32m'0.00'[39m, [32m'4.26'[39m, [32m'3.40'[39m, [32m'0.00'[39m ]
data rcv RT:[ [32m'0.00'[39m, [32m'4.29'[39m, [32m'3.39'[39m, [32m'0.01'[39m ]
data rcv RT:[ [32m'0.00'[39m, [32m'4.33'[39m, [32m'3.38'[39m, [32m'0.01'[39m ]
data rcv RT:[ [32m'0.00'[39m, [32m'4.33'[39m, [32m'3.40'[39m, [32m'0.00'[39m ]
data rcv RT:[ [32m'0.00'[39m, [32m'4.38'[39m, [32m'3.40'[39m, [32m'0.05'[39m ]
data rcv RT:[ [32m'0.00'[39m, [32m'4.37'[39m, [32m'3.40'[39m, [32m'0.00'[39m ]
data rcv RT:[ [32m'0.00'[39m, [32m'4.38'[39m, [32m'3.42'[39m, [32m'0.00'[39m ]
data rcv RT:[ [32m'0.00'[39m, [32m'4.35'[39m, [32m'3.44'[39m, [32m'0.00'[39m ]
data rcv RT:[ [32m'0.00'[39m, [32m'4.32'[39m, [32m'3.42'[39m, [32m'0.00'[39m ]
data rcv RT:[ [32m'0.00'[39m, [32m'4.31'[39m, [32m'3.43'[39m, [32m'0.00'[39m ]
data rcv RT:[ [32m'0.00'[39m, [32m'4.26'[39m, [32m'3.41'[39m, [32m'0.00'[39m ]
data rcv RT:[ [32m'0.00'[39m, [32m'4.27'[39m, [32m'3.36'[39m, [32m'0.00'[39m ]
data rcv RT:[ [32m'0.00'[39m, [32m'4.24'[39m, [32m'3.41'[39m, [32m'0.00'[39m ]
data rcv RT:[ [32m'0.00'[39m, [32m'4.26'[39m, [32m'3.38'[39m, [32m'0.00'[39m ]
data rcv RT:[ [32m'0.00'[39m, [32m'4.26'[39m, [32m'3.37'[39m, [32m'0.00'[39m ]
data rcv RT:[ [32m'0.00'[39m, [32m'4.28'[39m, [32m'3.38'[39m, [32m'0.00'[39m ]
data rcv RT:[ [32m'0.00'[39m, [32m'4.27'[39m, [32m'3.38'[39m, [32m'0.00'[39m ]
data rcv RT:[ [32m'0.00'[39m, [32m'4.34'[39m, [32m'3.36'[39m, [32m'0.01'[39m ]
data rcv RT:[ [32m'0.00'[39m, [32m'4.35'[39m, [32m'3.38'[39m, [32m'0.01'[39m ]
data rcv RT:[ [32m'0.00'[39m, [32m'4.34'[39m, [32m'3.38'[39m, [32m'0.02'[39m ]
data rcv RT:[ [32m'0.00'[39m, [32m'4.34'[39m, [32m'3.40'[39m, [32m'0.00'[39m ]
data rcv RT:[ [32m'0.00'[39m, [32m'4.34'[39m, [32m'3.41'[39m, [32m'0.00'[39m ]
data rcv RT:[ [32m'0.00'[39m, [32m'4.33'[39m, [32m'3.44'[39m, [32m'0.00'[39m ]
data rcv RT:[ [32m'0.00'[39m, [32m'4.32'[39m, [32m'3.42'[39m, [32m'0.00'[39m ]
data rcv RT:[ [32m'0.00'[39m, [32m'4.24'[39m, [32m'3.43'[39m, [32m'0.00'[39m ]
data rcv RT:[ [32m'0.00'[39m, [32m'4.25'[39m, [32m'3.41'[39m, [32m'0.00'[39m ]
data rcv RT:[ [32m'0.00'[39m, [32m'4.28'[39m, [32m'3.41'[39m, [32m'0.00'[39m ]
data rcv RT:[ [32m'0.00'[39m, [32m'4.29'[39m, [32m'3.38'[39m, [32m'0.00'[39m ]
data rcv RT:[ [32m'0.00'[39m, [32m'4.35'[39m, [32m'3.37'[39m, [32m'0.03'[39m ]
data rcv RT:[ [32m'0.00'[39m, [32m'4.38'[39m, [32m'3.39'[39m, [32m'0.02'[39m ]
data rcv RT:[ [32m'0.00'[39m, [32m'4.34'[39m, [32m'3.40'[39m, [32m'0.01'[39m ]
data rcv RT:[ [32m'0.00'[39m, [32m'4.32'[39m, [32m'3.45'[39m, [32m'0.00'[39m ]
data rcv RT:[ [32m'0.00'[39m, [32m'4.30'[39m, [32m'3.45'[39m, [32m'0.00'[39m ]
data rcv RT:[ [32m'0.00'[39m, [32m'4.32'[39m, [32m'3.41'[39m, [32m'0.00'[39m ]
data rcv RT:[ [32m'0.00'[39m, [32m'4.28'[39m, [32m'3.42'[39m, [32m'0.00'[39m ]
data rcv RT:[ [32m'0.00'[39m, [32m'4.26'[39m, [32m'3.41'[39m, [32m'0.00'[39m ]
data rcv RT:[ [32m'0.00'[39m, [32m'4.28'[39m, [32m'3.39'[39m, [32m'0.00'[39m ]
data rcv RT:[ [32m'0.00'[39m, [32m'4.29'[39m, [32m'3.39'[39m, [32m'0.00'[39m ]
data rcv RT:[ [32m'0.00'[39m, [32m'4.33'[39m, [32m'3.39'[39m, [32m'0.03'[39m ]
data rcv RT:[ [32m'0.00'[39m, [32m'4.33'[39m, [32m'3.38'[39m, [32m'0.01'[39m ]
data rcv RT:[ [32m'0.00'[39m, [32m'4.36'[39m, [32m'3.39'[39m, [32m'0.02'[39m ]
data rcv RT:[ [32m'0.00'[39m, [32m'4.36'[39m, [32m'3.40'[39m, [32m'0.02'[39m ]
data rcv RT:[ [32m'0.00'[39m, [32m'4.33'[39m, [32m'3.42'[39m, [32m'0.00'[39m ]
data rcv RT:[ [32m'0.00'[39m, [32m'4.31'[39m, [32m'3.42'[39m, [32m'0.00'[39m ]
data rcv RT:[ [32m'0.00'[39m, [32m'4.28'[39m, [32m'3.44'[39m, [32m'0.00'[39m ]
data rcv RT:[ [32m'0.00'[39m, [32m'4.25'[39m, [32m'3.40'[39m, [32m'0.00'[39m ]
data rcv RT:[ [32m'0.00'[39m, [32m'4.27'[39m, [32m'3.39'[39m, [32m'0.00'[39m ]
data rcv RT:[ [32m'0.00'[39m, [32m'4.29'[39m, [32m'3.38'[39m, [32m'0.00'[39m ]
data rcv RT:[ [32m'0.00'[39m, [32m'4.27'[39m, [32m'3.33'[39m, [32m'0.00'[39m ]
data rcv RT:[ [32m'0.00'[39m, [32m'4.28'[39m, [32m'3.39'[39m, [32m'0.00'[39m ]
data rcv RT:[ [32m'0.00'[39m, [32m'4.33'[39m, [32m'3.37'[39m, [32m'0.01'[39m ]
data rcv RT:[ [32m'0.00'[39m, [32m'4.36'[39m, [32m'3.34'[39m, [32m'0.05'[39m ]
data rcv RT:[ [32m'0.00'[39m, [32m'4.36'[39m, [32m'3.40'[39m, [32m'0.04'[39m ]
data rcv RT:[ [32m'0.00'[39m, [32m'4.37'[39m, [32m'3.39'[39m, [32m'0.00'[39m ]
data rcv RT:[ [32m'0.00'[39m, [32m'4.33'[39m, [32m'3.45'[39m, [32m'0.00'[39m ]
data rcv RT:[ [32m'0.00'[39m, [32m'4.32'[39m, [32m'3.45'[39m, [32m'0.00'[39m ]
data rcv RT:[ [32m'0.00'[39m, [32m'4.32'[39m, [32m'3.42'[39m, [32m'0.00'[39m ]
data rcv RT:[ [32m'0.00'[39m, [32m'4.29'[39m, [32m'3.43'[39m, [32m'0.00'[39m ]
data rcv RT:[ [32m'0.00'[39m, [32m'4.27'[39m, [32m'3.46'[39m, [32m'0.00'[39m ]
data rcv RT:[ [32m'0.00'[39m, [32m'4.25'[39m, [32m'3.40'[39m, [32m'0.00'[39m ]
data rcv RT:[ [32m'0.00'[39m, [32m'4.27'[39m, [32m'3.39'[39m, [32m'0.00'[39m ]
data rcv RT:[ [32m'0.00'[39m, [32m'4.29'[39m, [32m'3.37'[39m, [32m'0.01'[39m ]
data rcv RT:[ [32m'0.00'[39m, [32m'4.36'[39m, [32m'3.38'[39m, [32m'0.02'[39m ]
data rcv RT:[ [32m'0.00'[39m, [32m'4.33'[39m, [32m'3.37'[39m, [32m'0.04'[39m ]
data rcv RT:[ [32m'0.00'[39m, [32m'4.37'[39m, [32m'3.40'[39m, [32m'0.01'[39m ]
data rcv RT:[ [32m'0.00'[39m, [32m'4.40'[39m, [32m'3.41'[39m, [32m'0.01'[39m ]
data rcv RT:[ [32m'0.00'[39m, [32m'4.38'[39m, [32m'3.41'[39m, [32m'0.00'[39m ]
data rcv RT:[ [32m'0.00'[39m, [32m'4.34'[39m, [32m'3.43'[39m, [32m'0.00'[39m ]
data rcv RT:[ [32m'0.00'[39m, [32m'4.31'[39m, [32m'3.43'[39m, [32m'0.00'[39m ]
data rcv RT:[ [32m'0.00'[39m, [32m'4.33'[39m, [32m'3.42'[39m, [32m'0.00'[39m ]
data rcv RT:[ [32m'0.00'[39m, [32m'4.32'[39m, [32m'3.44'[39m, [32m'0.00'[39m ]
data rcv RT:[ [32m'0.00'[39m, [32m'4.27'[39m, [32m'3.46'[39m, [32m'0.00'[39m ]
data rcv RT:[ [32m'0.00'[39m, [32m'4.26'[39m, [32m'3.40'[39m, [32m'0.00'[39m ]
data rcv RT:[ [32m'0.00'[39m, [32m'4.28'[39m, [32m'3.39'[39m, [32m'0.00'[39m ]
data rcv RT:[ [32m'0.00'[39m, [32m'4.30'[39m, [32m'3.39'[39m, [32m'0.01'[39m ]
data rcv RT:[ [32m'0.00'[39m, [32m'4.28'[39m, [32m'3.40'[39m, [32m'0.00'[39m ]
data rcv RT:[ [32m'0.00'[39m, [32m'4.31'[39m, [32m'3.39'[39m, [32m'0.00'[39m ]
data rcv RT:[ [32m'0.00'[39m, [32m'4.34'[39m, [32m'3.35'[39m, [32m'0.05'[39m ]
data rcv RT:[ [32m'0.00'[39m, [32m'4.37'[39m, [32m'3.38'[39m, [32m'0.00'[39m ]
data rcv RT:[ [32m'0.00'[39m, [32m'4.38'[39m, [32m'3.44'[39m, [32m'0.00'[39m ]
data rcv RT:[ [32m'0.00'[39m, [32m'4.36'[39m, [32m'3.44'[39m, [32m'0.00'[39m ]
data rcv RT:[ [32m'0.00'[39m, [32m'4.29'[39m, [32m'3.42'[39m, [32m'0.00'[39m ]
data rcv RT:[ [32m'0.00'[39m, [32m'4.31'[39m, [32m'3.41'[39m, [32m'0.00'[39m ]
data rcv RT:[ [32m'0.00'[39m, [32m'4.30'[39m, [32m'3.42'[39m, [32m'0.00'[39m ]
data rcv RT:[ [32m'0.00'[39m, [32m'4.24'[39m, [32m'3.39'[39m, [32m'0.00'[39m ]
data rcv RT:[ [32m'0.00'[39m, [32m'4.29'[39m, [32m'3.39'[39m, [32m'0.00'[39m ]
data rcv RT:[ [32m'0.00'[39m, [32m'4.26'[39m, [32m'3.39'[39m, [32m'0.00'[39m ]
data rcv RT:[ [32m'0.00'[39m, [32m'4.30'[39m, [32m'3.36'[39m, [32m'0.00'[39m ]
data rcv RT:[ [32m'0.00'[39m, [32m'4.31'[39m, [32m'3.39'[39m, [32m'0.00'[39m ]
data rcv RT:[ [32m'0.00'[39m, [32m'4.35'[39m, [32m'3.38'[39m, [32m'0.03'[39m ]
data rcv RT:[ [32m'0.00'[39m, [32m'4.36'[39m, [32m'3.40'[39m, [32m'0.00'[39m ]
data rcv RT:[ [32m'0.00'[39m, [32m'4.36'[39m, [32m'3.40'[39m, [32m'0.00'[39m ]
data rcv RT:[ [32m'0.00'[39m, [32m'4.35'[39m, [32m'3.43'[39m, [32m'0.00'[39m ]
data rcv RT:[ [32m'0.00'[39m, [32m'4.35'[39m, [32m'3.39'[39m, [32m'0.00'[39m ]
data rcv RT:[ [32m'0.00'[39m, [32m'4.32'[39m, [32m'3.41'[39m, [32m'0.00'[39m ]
data rcv RT:[ [32m'0.00'[39m, [32m'4.31'[39m, [32m'3.48'[39m, [32m'0.00'[39m ]
data rcv RT:[ [32m'0.00'[39m, [32m'4.27'[39m, [32m'3.46'[39m, [32m'0.00'[39m ]
data rcv RT:[ [32m'0.00'[39m, [32m'4.27'[39m, [32m'3.38'[39m, [32m'0.00'[39m ]
data rcv RT:[ [32m'0.00'[39m, [32m'4.32'[39m, [32m'3.36'[39m, [32m'0.00'[39m ]
data rcv RT:[ [32m'0.00'[39m, [32m'4.32'[39m, [32m'3.38'[39m, [32m'0.01'[39m ]
data rcv RT:[ [32m'0.00'[39m, [32m'4.34'[39m, [32m'3.40'[39m, [32m'0.02'[39m ]
data rcv RT:[ [32m'0.00'[39m, [32m'4.38'[39m, [32m'3.40'[39m, [32m'0.01'[39m ]
data rcv RT:[ [32m'0.00'[39m, [32m'4.39'[39m, [32m'3.40'[39m, [32m'0.00'[39m ]
data rcv RT:[ [32m'0.00'[39m, [32m'4.36'[39m, [32m'3.43'[39m, [32m'0.00'[39m ]
data rcv RT:[ [32m'0.00'[39m, [32m'4.30'[39m, [32m'3.42'[39m, [32m'0.00'[39m ]
data rcv RT:[ [32m'0.00'[39m, [32m'4.30'[39m, [32m'3.43'[39m, [32m'0.00'[39m ]
data rcv RT:[ [32m'0.00'[39m, [32m'4.27'[39m, [32m'3.44'[39m, [32m'0.00'[39m ]
data rcv RT:[ [32m'0.00'[39m, [32m'4.28'[39m, [32m'3.44'[39m, [32m'0.00'[39m ]
data rcv RT:[ [32m'0.00'[39m, [32m'4.27'[39m, [32m'3.38'[39m, [32m'0.00'[39m ]
data rcv RT:[ [32m'0.00'[39m, [32m'4.27'[39m, [32m'3.39'[39m, [32m'0.00'[39m ]
data rcv RT:[ [32m'0.00'[39m, [32m'4.32'[39m, [32m'3.37'[39m, [32m'0.01'[39m ]
data rcv RT:[ [32m'0.00'[39m, [32m'4.34'[39m, [32m'3.38'[39m, [32m'0.01'[39m ]
data rcv RT:[ [32m'0.00'[39m, [32m'4.38'[39m, [32m'3.39'[39m, [32m'0.05'[39m ]
data rcv RT:[ [32m'0.00'[39m, [32m'4.39'[39m, [32m'3.43'[39m, [32m'0.00'[39m ]
data rcv RT:[ [32m'0.00'[39m, [32m'4.32'[39m, [32m'3.44'[39m, [32m'0.00'[39m ]
data rcv RT:[ [32m'0.00'[39m, [32m'4.30'[39m, [32m'3.44'[39m, [32m'0.00'[39m ]
data rcv RT:[ [32m'0.00'[39m, [32m'4.32'[39m, [32m'3.42'[39m, [32m'0.00'[39m ]
data rcv RT:[ [32m'0.00'[39m, [32m'4.28'[39m, [32m'3.41'[39m, [32m'0.00'[39m ]
data rcv RT:[ [32m'0.00'[39m, [32m'4.26'[39m, [32m'3.43'[39m, [32m'0.00'[39m ]
data rcv RT:[ [32m'0.00'[39m, [32m'4.27'[39m, [32m'3.35'[39m, [32m'0.00'[39m ]
data rcv RT:[ [32m'0.00'[39m, [32m'4.30'[39m, [32m'3.40'[39m, [32m'0.00'[39m ]
data rcv RT:[ [32m'0.00'[39m, [32m'4.35'[39m, [32m'3.38'[39m, [32m'0.03'[39m ]
data rcv RT:[ [32m'0.00'[39m, [32m'4.38'[39m, [32m'3.40'[39m, [32m'0.05'[39m ]
data rcv RT:[ [32m'0.00'[39m, [32m'4.39'[39m, [32m'3.40'[39m, [32m'0.01'[39m ]
data rcv RT:[ [32m'0.00'[39m, [32m'4.34'[39m, [32m'3.44'[39m, [32m'0.00'[39m ]
data rcv RT:[ [32m'0.00'[39m, [32m'4.34'[39m, [32m'3.43'[39m, [32m'0.00'[39m ]
data rcv RT:[ [32m'0.00'[39m, [32m'4.31'[39m, [32m'3.43'[39m, [32m'0.00'[39m ]
data rcv RT:[ [32m'0.00'[39m, [32m'4.32'[39m, [32m'3.45'[39m, [32m'0.00'[39m ]
data rcv RT:[ [32m'0.00'[39m, [32m'4.29'[39m, [32m'3.40'[39m, [32m'0.00'[39m ]
data rcv RT:[ [32m'0.00'[39m, [32m'4.27'[39m, [32m'3.37'[39m, [32m'0.01'[39m ]
data rcv RT:[ [32m'0.00'[39m, [32m'4.30'[39m, [32m'3.36'[39m, [32m'0.00'[39m ]
data rcv RT:[ [32m'0.00'[39m, [32m'4.36'[39m, [32m'3.38'[39m, [32m'0.04'[39m ]
data rcv RT:[ [32m'0.00'[39m, [32m'4.34'[39m, [32m'3.41'[39m, [32m'0.01'[39m ]
data rcv RT:[ [32m'0.00'[39m, [32m'4.34'[39m, [32m'3.39'[39m, [32m'0.04'[39m ]
data rcv RT:[ [32m'0.00'[39m, [32m'4.40'[39m, [32m'3.41'[39m, [32m'0.01'[39m ]
data rcv RT:[ [32m'0.00'[39m, [32m'4.33'[39m, [32m'3.42'[39m, [32m'0.00'[39m ]
data rcv RT:[ [32m'0.00'[39m, [32m'4.33'[39m, [32m'3.43'[39m, [32m'0.00'[39m ]
data rcv RT:[ [32m'0.00'[39m, [32m'4.28'[39m, [32m'3.42'[39m, [32m'0.00'[39m ]
data rcv RT:[ [32m'0.00'[39m, [32m'4.26'[39m, [32m'3.40'[39m, [32m'0.00'[39m ]
data rcv RT:[ [32m'0.00'[39m, [32m'4.26'[39m, [32m'3.39'[39m, [32m'0.00'[39m ]
data rcv RT:[ [32m'0.00'[39m, [32m'4.28'[39m, [32m'3.39'[39m, [32m'0.00'[39m ]
data rcv RT:[ [32m'0.00'[39m, [32m'4.34'[39m, [32m'3.37'[39m, [32m'0.03'[39m ]
data rcv RT:[ [32m'0.00'[39m, [32m'4.32'[39m, [32m'3.37'[39m, [32m'0.06'[39m ]
data rcv RT:[ [32m'0.00'[39m, [32m'4.38'[39m, [32m'3.39'[39m, [32m'0.00'[39m ]
data rcv RT:[ [32m'0.00'[39m, [32m'4.35'[39m, [32m'3.44'[39m, [32m'0.00'[39m ]
data rcv RT:[ [32m'0.00'[39m, [32m'4.34'[39m, [32m'3.43'[39m, [32m'0.00'[39m ]
data rcv RT:[ [32m'0.00'[39m, [32m'4.33'[39m, [32m'3.44'[39m, [32m'0.00'[39m ]
data rcv RT:[ [32m'0.00'[39m, [32m'4.30'[39m, [32m'3.43'[39m, [32m'0.00'[39m ]
data rcv RT:[ [32m'0.00'[39m, [32m'4.29'[39m, [32m'3.39'[39m, [32m'0.00'[39m ]
data rcv RT:[ [32m'0.00'[39m, [32m'4.27'[39m, [32m'3.40'[39m, [32m'0.00'[39m ]
data rcv RT:[ [32m'0.00'[39m, [32m'4.29'[39m, [32m'3.38'[39m, [32m'0.00'[39m ]
data rcv RT:[ [32m'0.00'[39m, [32m'4.31'[39m, [32m'3.38'[39m, [32m'0.01'[39m ]
data rcv RT:[ [32m'0.00'[39m, [32m'4.31'[39m, [32m'3.37'[39m, [32m'0.02'[39m ]
data rcv RT:[ [32m'0.00'[39m, [32m'4.38'[39m, [32m'3.41'[39m, [32m'0.00'[39m ]
data rcv RT:[ [32m'0.00'[39m, [32m'4.33'[39m, [32m'3.39'[39m, [32m'0.01'[39m ]
data rcv RT:[ [32m'0.00'[39m, [32m'4.37'[39m, [32m'3.43'[39m, [32m'0.00'[39m ]
data rcv RT:[ [32m'0.00'[39m, [32m'4.33'[39m, [32m'3.45'[39m, [32m'0.00'[39m ]
data rcv RT:[ [32m'0.00'[39m, [32m'4.26'[39m, [32m'3.44'[39m, [32m'0.00'[39m ]
data rcv RT:[ [32m'0.00'[39m, [32m'4.25'[39m, [32m'3.42'[39m, [32m'0.00'[39m ]
data rcv RT:[ [32m'0.00'[39m, [32m'4.24'[39m, [32m'3.41'[39m, [32m'0.00'[39m ]
data rcv RT:[ [32m'0.00'[39m, [32m'4.29'[39m, [32m'3.38'[39m, [32m'0.00'[39m ]
data rcv RT:[ [32m'0.00'[39m, [32m'4.34'[39m, [32m'3.38'[39m, [32m'0.00'[39m ]
data rcv RT:[ [32m'0.00'[39m, [32m'4.34'[39m, [32m'3.35'[39m, [32m'0.05'[39m ]
data rcv RT:[ [32m'0.00'[39m, [32m'4.35'[39m, [32m'3.36'[39m, [32m'0.03'[39m ]
data rcv RT:[ [32m'0.00'[39m, [32m'4.38'[39m, [32m'3.41'[39m, [32m'0.01'[39m ]
data rcv RT:[ [32m'0.00'[39m, [32m'4.37'[39m, [32m'3.41'[39m, [32m'0.00'[39m ]
data rcv RT:[ [32m'0.00'[39m, [32m'4.35'[39m, [32m'3.39'[39m, [32m'0.00'[39m ]
data rcv RT:[ [32m'0.00'[39m, [32m'4.33'[39m, [32m'3.43'[39m, [32m'0.00'[39m ]
data rcv RT:[ [32m'0.00'[39m, [32m'4.32'[39m, [32m'3.44'[39m, [32m'0.00'[39m ]
data rcv RT:[ [32m'0.00'[39m, [32m'4.30'[39m, [32m'3.42'[39m, [32m'0.00'[39m ]
data rcv RT:[ [32m'0.00'[39m, [32m'4.26'[39m, [32m'3.45'[39m, [32m'0.00'[39m ]
data rcv RT:[ [32m'0.00'[39m, [32m'4.25'[39m, [32m'3.44'[39m, [32m'0.00'[39m ]
data rcv RT:[ [32m'0.00'[39m, [32m'4.24'[39m, [32m'3.38'[39m, [32m'0.00'[39m ]
data rcv RT:[ [32m'0.00'[39m, [32m'4.26'[39m, [32m'3.40'[39m, [32m'0.00'[39m ]
data rcv RT:[ [32m'0.00'[39m, [32m'4.30'[39m, [32m'3.39'[39m, [32m'0.00'[39m ]
data rcv RT:[ [32m'0.00'[39m, [32m'4.31'[39m, [32m'3.40'[39m, [32m'0.00'[39m ]
data rcv RT:[ [32m'0.00'[39m, [32m'4.37'[39m, [32m'3.37'[39m, [32m'0.06'[39m ]
data rcv RT:[ [32m'0.00'[39m, [32m'4.38'[39m, [32m'3.37'[39m, [32m'0.04'[39m ]
data rcv RT:[ [32m'0.00'[39m, [32m'4.40'[39m, [32m'3.41'[39m, [32m'0.01'[39m ]
data rcv RT:[ [32m'0.00'[39m, [32m'4.35'[39m, [32m'3.44'[39m, [32m'0.00'[39m ]
data rcv RT:[ [32m'0.00'[39m, [32m'4.34'[39m, [32m'3.42'[39m, [32m'0.00'[39m ]
data rcv RT:[ [32m'0.00'[39m, [32m'4.31'[39m, [32m'3.44'[39m, [32m'0.00'[39m ]
data rcv RT:[ [32m'0.00'[39m, [32m'4.31'[39m, [32m'3.42'[39m, [32m'0.00'[39m ]
data rcv RT:[ [32m'0.00'[39m, [32m'4.31'[39m, [32m'3.44'[39m, [32m'0.00'[39m ]
data rcv RT:[ [32m'0.00'[39m, [32m'4.26'[39m, [32m'3.44'[39m, [32m'0.00'[39m ]
data rcv RT:[ [32m'0.00'[39m, [32m'4.25'[39m, [32m'3.41'[39m, [32m'0.00'[39m ]
data rcv RT:[ [32m'0.00'[39m, [32m'4.29'[39m, [32m'3.38'[39m, [32m'0.00'[39m ]
data rcv RT:[ [32m'0.00'[39m, [32m'4.30'[39m, [32m'3.37'[39m, [32m'0.00'[39m ]
data rcv RT:[ [32m'0.00'[39m, [32m'4.30'[39m, [32m'3.40'[39m, [32m'0.00'[39m ]
data rcv RT:[ [32m'0.00'[39m, [32m'4.32'[39m, [32m'3.39'[39m, [32m'0.01'[39m ]
data rcv RT:[ [32m'0.00'[39m, [32m'4.35'[39m, [32m'3.38'[39m, [32m'0.01'[39m ]
data rcv RT:[ [32m'0.00'[39m, [32m'4.38'[39m, [32m'3.43'[39m, [32m'0.00'[39m ]
data rcv RT:[ [32m'0.00'[39m, [32m'4.36'[39m, [32m'3.40'[39m, [32m'0.03'[39m ]
data rcv RT:[ [32m'0.00'[39m, [32m'4.32'[39m, [32m'3.42'[39m, [32m'0.00'[39m ]
data rcv RT:[ [32m'0.00'[39m, [32m'4.32'[39m, [32m'3.42'[39m, [32m'0.00'[39m ]
data rcv RT:[ [32m'0.00'[39m, [32m'4.31'[39m, [32m'3.41'[39m, [32m'0.00'[39m ]
data rcv RT:[ [32m'0.00'[39m, [32m'4.29'[39m, [32m'3.41'[39m, [32m'0.00'[39m ]
data rcv RT:[ [32m'0.00'[39m, [32m'4.27'[39m, [32m'3.37'[39m, [32m'0.00'[39m ]
data rcv RT:[ [32m'0.00'[39m, [32m'4.26'[39m, [32m'3.41'[39m, [32m'0.00'[39m ]
data rcv RT:[ [32m'0.00'[39m, [32m'4.26'[39m, [32m'3.37'[39m, [32m'0.00'[39m ]
data rcv RT:[ [32m'0.00'[39m, [32m'4.29'[39m, [32m'3.40'[39m, [32m'0.00'[39m ]
data rcv RT:[ [32m'0.00'[39m, [32m'4.35'[39m, [32m'3.36'[39m, [32m'0.07'[39m ]
data rcv RT:[ [32m'0.00'[39m, [32m'4.32'[39m, [32m'3.37'[39m, [32m'0.01'[39m ]
data rcv RT:[ [32m'0.00'[39m, [32m'4.35'[39m, [32m'3.38'[39m, [32m'0.03'[39m ]
data rcv RT:[ [32m'0.00'[39m, [32m'4.36'[39m, [32m'3.40'[39m, [32m'0.00'[39m ]
data rcv RT:[ [32m'0.00'[39m, [32m'4.33'[39m, [32m'3.42'[39m, [32m'0.00'[39m ]
data rcv RT:[ [32m'0.00'[39m, [32m'4.31'[39m, [32m'3.42'[39m, [32m'0.00'[39m ]
data rcv RT:[ [32m'0.00'[39m, [32m'4.32'[39m, [32m'3.43'[39m, [32m'0.00'[39m ]
data rcv RT:[ [32m'0.00'[39m, [32m'4.29'[39m, [32m'3.45'[39m, [32m'0.00'[39m ]
data rcv RT:[ [32m'0.00'[39m, [32m'4.28'[39m, [32m'3.46'[39m, [32m'0.00'[39m ]
data rcv RT:[ [32m'0.00'[39m, [32m'4.28'[39m, [32m'3.40'[39m, [32m'0.00'[39m ]
data rcv RT:[ [32m'0.00'[39m, [32m'4.25'[39m, [32m'3.37'[39m, [32m'0.00'[39m ]
data rcv RT:[ [32m'0.00'[39m, [32m'4.31'[39m, [32m'3.38'[39m, [32m'0.00'[39m ]
data rcv RT:[ [32m'0.00'[39m, [32m'4.30'[39m, [32m'3.37'[39m, [32m'0.02'[39m ]
data rcv RT:[ [32m'0.00'[39m, [32m'4.31'[39m, [32m'3.35'[39m, [32m'0.02'[39m ]
data rcv RT:[ [32m'0.00'[39m, [32m'4.34'[39m, [32m'3.39'[39m, [32m'0.00'[39m ]
data rcv RT:[ [32m'0.00'[39m, [32m'4.33'[39m, [32m'3.38'[39m, [32m'0.01'[39m ]
data rcv RT:[ [32m'0.00'[39m, [32m'4.34'[39m, [32m'3.36'[39m, [32m'0.02'[39m ]
data rcv RT:[ [32m'0.00'[39m, [32m'4.37'[39m, [32m'3.39'[39m, [32m'0.01'[39m ]
data rcv RT:[ [32m'0.00'[39m, [32m'4.39'[39m, [32m'3.41'[39m, [32m'0.00'[39m ]
data rcv RT:[ [32m'0.00'[39m, [32m'4.32'[39m, [32m'3.42'[39m, [32m'0.00'[39m ]
data rcv RT:[ [32m'0.00'[39m, [32m'4.31'[39m, [32m'3.45'[39m, [32m'0.00'[39m ]
data rcv RT:[ [32m'0.00'[39m, [32m'4.28'[39m, [32m'3.42'[39m, [32m'0.00'[39m ]
data rcv RT:[ [32m'0.00'[39m, [32m'4.28'[39m, [32m'3.40'[39m, [32m'0.00'[39m ]
data rcv RT:[ [32m'0.00'[39m, [32m'4.24'[39m, [32m'3.40'[39m, [32m'0.00'[39m ]
data rcv RT:[ [32m'0.00'[39m, [32m'4.24'[39m, [32m'3.38'[39m, [32m'0.00'[39m ]
data rcv RT:[ [32m'0.00'[39m, [32m'4.27'[39m, [32m'3.39'[39m, [32m'0.00'[39m ]
data rcv RT:[ [32m'0.00'[39m, [32m'4.28'[39m, [32m'3.37'[39m, [32m'0.00'[39m ]
data rcv RT:[ [32m'0.00'[39m, [32m'4.26'[39m, [32m'3.39'[39m, [32m'0.00'[39m ]
data rcv RT:[ [32m'0.00'[39m, [32m'4.33'[39m, [32m'3.38'[39m, [32m'0.02'[39m ]
data rcv RT:[ [32m'0.00'[39m, [32m'4.33'[39m, [32m'3.38'[39m, [32m'0.00'[39m ]
data rcv RT:[ [32m'0.00'[39m, [32m'4.36'[39m, [32m'3.36'[39m, [32m'0.06'[39m ]
data rcv RT:[ [32m'0.00'[39m, [32m'4.40'[39m, [32m'3.43'[39m, [32m'0.00'[39m ]
data rcv RT:[ [32m'0.00'[39m, [32m'4.36'[39m, [32m'3.44'[39m, [32m'0.00'[39m ]
data rcv RT:[ [32m'0.00'[39m, [32m'4.32'[39m, [32m'3.41'[39m, [32m'0.00'[39m ]
data rcv RT:[ [32m'0.00'[39m, [32m'4.31'[39m, [32m'3.41'[39m, [32m'0.00'[39m ]
data rcv RT:[ [32m'0.00'[39m, [32m'4.31'[39m, [32m'3.45'[39m, [32m'0.00'[39m ]
data rcv RT:[ [32m'0.00'[39m, [32m'4.26'[39m, [32m'3.45'[39m, [32m'0.00'[39m ]
data rcv RT:[ [32m'0.00'[39m, [32m'4.27'[39m, [32m'3.40'[39m, [32m'0.00'[39m ]
data rcv RT:[ [32m'0.00'[39m, [32m'4.32'[39m, [32m'3.40'[39m, [32m'0.00'[39m ]
data rcv RT:[ [32m'0.00'[39m, [32m'4.33'[39m, [32m'3.38'[39m, [32m'0.00'[39m ]
data rcv RT:[ [32m'0.00'[39m, [32m'4.31'[39m, [32m'3.40'[39m, [32m'0.01'[39m ]
data rcv RT:[ [32m'0.00'[39m, [32m'4.31'[39m, [32m'3.36'[39m, [32m'0.05'[39m ]
data rcv RT:[ [32m'0.00'[39m, [32m'4.36'[39m, [32m'3.41'[39m, [32m'0.00'[39m ]
data rcv RT:[ [32m'0.00'[39m, [32m'4.36'[39m, [32m'3.45'[39m, [32m'0.00'[39m ]
data rcv RT:[ [32m'0.00'[39m, [32m'4.33'[39m, [32m'3.43'[39m, [32m'0.00'[39m ]
data rcv RT:[ [32m'0.00'[39m, [32m'4.33'[39m, [32m'3.42'[39m, [32m'0.00'[39m ]
data rcv RT:[ [32m'0.00'[39m, [32m'4.29'[39m, [32m'3.42'[39m, [32m'0.00'[39m ]
data rcv RT:[ [32m'0.00'[39m, [32m'4.31'[39m, [32m'3.47'[39m, [32m'0.00'[39m ]
data rcv RT:[ [32m'0.00'[39m, [32m'4.31'[39m, [32m'3.43'[39m, [32m'0.00'[39m ]
data rcv RT:[ [32m'0.00'[39m, [32m'4.28'[39m, [32m'3.42'[39m, [32m'0.00'[39m ]
data rcv RT:[ [32m'0.00'[39m, [32m'4.26'[39m, [32m'3.38'[39m, [32m'0.00'[39m ]
data rcv RT:[ [32m'0.00'[39m, [32m'4.29'[39m, [32m'3.38'[39m, [32m'0.00'[39m ]
data rcv RT:[ [32m'0.00'[39m, [32m'4.27'[39m, [32m'3.37'[39m, [32m'0.00'[39m ]
data rcv RT:[ [32m'0.00'[39m, [32m'4.32'[39m, [32m'3.37'[39m, [32m'0.00'[39m ]
data rcv RT:[ [32m'0.00'[39m, [32m'4.36'[39m, [32m'3.36'[39m, [32m'0.02'[39m ]
data rcv RT:[ [32m'0.00'[39m, [32m'4.35'[39m, [32m'3.36'[39m, [32m'0.02'[39m ]
data rcv RT:[ [32m'0.00'[39m, [32m'4.37'[39m, [32m'3.41'[39m, [32m'0.02'[39m ]
data rcv RT:[ [32m'0.00'[39m, [32m'4.34'[39m, [32m'3.35'[39m, [32m'0.01'[39m ]
data rcv RT:[ [32m'0.00'[39m, [32m'4.37'[39m, [32m'3.42'[39m, [32m'0.01'[39m ]
data rcv RT:[ [32m'0.00'[39m, [32m'4.37'[39m, [32m'3.40'[39m, [32m'0.01'[39m ]
data rcv RT:[ [32m'0.00'[39m, [32m'4.36'[39m, [32m'3.43'[39m, [32m'0.00'[39m ]
data rcv RT:[ [32m'0.00'[39m, [32m'4.33'[39m, [32m'3.43'[39m, [32m'0.00'[39m ]
data rcv RT:[ [32m'0.00'[39m, [32m'4.35'[39m, [32m'3.42'[39m, [32m'0.00'[39m ]
data rcv RT:[ [32m'0.00'[39m, [32m'4.35'[39m, [32m'3.43'[39m, [32m'0.00'[39m ]
data rcv RT:[ [32m'0.00'[39m, [32m'4.34'[39m, [32m'3.42'[39m, [32m'0.00'[39m ]
data rcv RT:[ [32m'0.00'[39m, [32m'4.34'[39m, [32m'3.45'[39m, [32m'0.00'[39m ]
data rcv RT:[ [32m'0.00'[39m, [32m'4.29'[39m, [32m'3.47'[39m, [32m'0.00'[39m ]
data rcv RT:[ [32m'0.00'[39m, [32m'4.21'[39m, [32m'3.38'[39m, [32m'0.00'[39m ]
data rcv RT:[ [32m'0.00'[39m, [32m'4.29'[39m, [32m'3.40'[39m, [32m'0.00'[39m ]
data rcv RT:[ [32m'0.00'[39m, [32m'4.29'[39m, [32m'3.40'[39m, [32m'0.00'[39m ]
data rcv RT:[ [32m'0.00'[39m, [32m'4.31'[39m, [32m'3.39'[39m, [32m'0.00'[39m ]
data rcv RT:[ [32m'0.00'[39m, [32m'4.27'[39m, [32m'3.41'[39m, [32m'0.00'[39m ]
data rcv RT:[ [32m'0.00'[39m, [32m'4.28'[39m, [32m'3.40'[39m, [32m'0.00'[39m ]
data rcv RT:[ [32m'0.00'[39m, [32m'4.31'[39m, [32m'3.39'[39m, [32m'0.01'[39m ]
data rcv RT:[ [32m'0.00'[39m, [32m'4.32'[39m, [32m'3.38'[39m, [32m'0.02'[39m ]
data rcv RT:[ [32m'0.00'[39m, [32m'4.30'[39m, [32m'3.39'[39m, [32m'0.01'[39m ]
data rcv RT:[ [32m'0.00'[39m, [32m'4.33'[39m, [32m'3.36'[39m, [32m'0.02'[39m ]
data rcv RT:[ [32m'0.00'[39m, [32m'4.38'[39m, [32m'3.43'[39m, [32m'0.00'[39m ]
data rcv RT:[ [32m'0.00'[39m, [32m'4.37'[39m, [32m'3.43'[39m, [32m'0.00'[39m ]
data rcv RT:[ [32m'0.00'[39m, [32m'4.32'[39m, [32m'3.44'[39m, [32m'0.00'[39m ]
data rcv RT:[ [32m'0.00'[39m, [32m'4.33'[39m, [32m'3.42'[39m, [32m'0.00'[39m ]
data rcv RT:[ [32m'0.00'[39m, [32m'4.34'[39m, [32m'3.43'[39m, [32m'0.00'[39m ]
data rcv RT:[ [32m'0.00'[39m, [32m'4.34'[39m, [32m'3.42'[39m, [32m'0.00'[39m ]
data rcv RT:[ [32m'0.00'[39m, [32m'4.28'[39m, [32m'3.43'[39m, [32m'0.00'[39m ]
data rcv RT:[ [32m'0.00'[39m, [32m'4.24'[39m, [32m'3.41'[39m, [32m'0.00'[39m ]
data rcv RT:[ [32m'0.00'[39m, [32m'4.26'[39m, [32m'3.39'[39m, [32m'0.00'[39m ]
data rcv RT:[ [32m'0.00'[39m, [32m'4.32'[39m, [32m'3.40'[39m, [32m'0.01'[39m ]
data rcv RT:[ [32m'0.00'[39m, [32m'4.34'[39m, [32m'3.35'[39m, [32m'0.01'[39m ]
data rcv RT:[ [32m'0.00'[39m, [32m'4.34'[39m, [32m'3.37'[39m, [32m'0.00'[39m ]
data rcv RT:[ [32m'0.00'[39m, [32m'4.32'[39m, [32m'3.42'[39m, [32m'0.00'[39m ]
data rcv RT:[ [32m'0.00'[39m, [32m'4.34'[39m, [32m'3.42'[39m, [32m'0.00'[39m ]
data rcv RT:[ [32m'0.00'[39m, [32m'4.35'[39m, [32m'3.40'[39m, [32m'0.00'[39m ]
data rcv RT:[ [32m'0.00'[39m, [32m'4.33'[39m, [32m'3.43'[39m, [32m'0.00'[39m ]
data rcv RT:[ [32m'0.00'[39m, [32m'4.33'[39m, [32m'3.43'[39m, [32m'0.00'[39m ]
data rcv RT:[ [32m'0.00'[39m, [32m'4.32'[39m, [32m'3.41'[39m, [32m'0.00'[39m ]
data rcv RT:[ [32m'0.00'[39m, [32m'4.29'[39m, [32m'3.40'[39m, [32m'0.00'[39m ]
data rcv RT:[ [32m'0.00'[39m, [32m'4.29'[39m, [32m'3.39'[39m, [32m'0.00'[39m ]
data rcv RT:[ [32m'0.00'[39m, [32m'4.28'[39m, [32m'3.46'[39m, [32m'0.00'[39m ]
data rcv RT:[ [32m'0.00'[39m, [32m'4.25'[39m, [32m'3.41'[39m, [32m'0.00'[39m ]
data rcv RT:[ [32m'0.00'[39m, [32m'4.27'[39m, [32m'3.42'[39m, [32m'0.00'[39m ]
data rcv RT:[ [32m'0.00'[39m, [32m'4.28'[39m, [32m'3.38'[39m, [32m'0.00'[39m ]
data rcv RT:[ [32m'0.00'[39m, [32m'4.26'[39m, [32m'3.38'[39m, [32m'0.00'[39m ]
data rcv RT:[ [32m'0.00'[39m, [32m'4.30'[39m, [32m'3.37'[39m, [32m'0.00'[39m ]
data rcv RT:[ [32m'0.00'[39m, [32m'4.28'[39m, [32m'3.38'[39m, [32m'0.00'[39m ]
data rcv RT:[ [32m'0.00'[39m, [32m'4.37'[39m, [32m'3.38'[39m, [32m'0.05'[39m ]
data rcv RT:[ [32m'0.00'[39m, [32m'4.34'[39m, [32m'3.37'[39m, [32m'0.01'[39m ]
client Front End connected
Socket {
  nsp: 
   Namespace {
     name: [32m'/'[39m,
     server: 
      Server {
        nsps: [36m[Object][39m,
        _path: [32m'/socket.io'[39m,
        _serveClient: [33mtrue[39m,
        _adapter: [36m[Function: Adapter][39m,
        _origins: [32m'*:*'[39m,
        sockets: [36m[Circular][39m,
        eio: [36m[Object][39m,
        httpServer: [36m[Object][39m,
        engine: [36m[Object][39m },
     sockets: 
      { [32m'/#n6vXSlFOdUj41mV_AAAJ'[39m: [36m[Object][39m,
        [32m'/#vkRh0kfYAeyGpu5HAAAL'[39m: [36m[Circular][39m },
     connected: 
      { [32m'/#n6vXSlFOdUj41mV_AAAJ'[39m: [36m[Object][39m,
        [32m'/#vkRh0kfYAeyGpu5HAAAL'[39m: [36m[Circular][39m },
     fns: [],
     ids: [33m0[39m,
     adapter: 
      Adapter {
        nsp: [36m[Circular][39m,
        rooms: [36m[Object][39m,
        sids: [36m[Object][39m,
        encoder: Encoder {} },
     _events: { connection: [36m[Function][39m },
     _eventsCount: [33m1[39m },
  server: 
   Server {
     nsps: { [32m'/'[39m: [36m[Object][39m },
     _path: [32m'/socket.io'[39m,
     _serveClient: [33mtrue[39m,
     _adapter: [36m[Function: Adapter][39m,
     _origins: [32m'*:*'[39m,
     sockets: 
      Namespace {
        name: [32m'/'[39m,
        server: [36m[Circular][39m,
        sockets: [36m[Object][39m,
        connected: [36m[Object][39m,
        fns: [],
        ids: [33m0[39m,
        adapter: [36m[Object][39m,
        _events: [36m[Object][39m,
        _eventsCount: [33m1[39m },
     eio: 
      Server {
        clients: [36m[Object][39m,
        clientsCount: [33m2[39m,
        pingTimeout: [33m60000[39m,
        pingInterval: [33m25000[39m,
        upgradeTimeout: [33m10000[39m,
        maxHttpBufferSize: [33m100000000[39m,
        transports: [36m[Object][39m,
        allowUpgrades: [33mtrue[39m,
        allowRequest: [36m[Function: bound ][39m,
        cookie: [32m'io'[39m,
        cookiePath: [33mfalse[39m,
        perMessageDeflate: [36m[Object][39m,
        httpCompression: [36m[Object][39m,
        ws: [36m[Object][39m,
        _events: [36m[Object][39m,
        _eventsCount: [33m1[39m },
     httpServer: 
      Server {
        domain: [1mnull[22m,
        _events: [36m[Object][39m,
        _eventsCount: [33m4[39m,
        _maxListeners: [90mundefined[39m,
        _connections: [33m7[39m,
        _handle: [36m[Object][39m,
        _usingSlaves: [33mfalse[39m,
        _slaves: [],
        _unref: [33mfalse[39m,
        allowHalfOpen: [33mtrue[39m,
        pauseOnConnect: [33mfalse[39m,
        httpAllowHalfOpen: [33mfalse[39m,
        timeout: [33m120000[39m,
        _pendingResponseData: [33m0[39m,
        _connectionKey: [32m'6::::3000'[39m },
     engine: 
      Server {
        clients: [36m[Object][39m,
        clientsCount: [33m2[39m,
        pingTimeout: [33m60000[39m,
        pingInterval: [33m25000[39m,
        upgradeTimeout: [33m10000[39m,
        maxHttpBufferSize: [33m100000000[39m,
        transports: [36m[Object][39m,
        allowUpgrades: [33mtrue[39m,
        allowRequest: [36m[Function: bound ][39m,
        cookie: [32m'io'[39m,
        cookiePath: [33mfalse[39m,
        perMessageDeflate: [36m[Object][39m,
        httpCompression: [36m[Object][39m,
        ws: [36m[Object][39m,
        _events: [36m[Object][39m,
        _eventsCount: [33m1[39m } },
  adapter: 
   Adapter {
     nsp: 
      Namespace {
        name: [32m'/'[39m,
        server: [36m[Object][39m,
        sockets: [36m[Object][39m,
        connected: [36m[Object][39m,
        fns: [],
        ids: [33m0[39m,
        adapter: [36m[Circular][39m,
        _events: [36m[Object][39m,
        _eventsCount: [33m1[39m },
     rooms: 
      { [32m'/#n6vXSlFOdUj41mV_AAAJ'[39m: [36m[Object][39m,
        [32m'/#vkRh0kfYAeyGpu5HAAAL'[39m: [36m[Object][39m },
     sids: 
      { [32m'/#n6vXSlFOdUj41mV_AAAJ'[39m: [36m[Object][39m,
        [32m'/#vkRh0kfYAeyGpu5HAAAL'[39m: [36m[Object][39m },
     encoder: Encoder {} },
  id: [32m'/#vkRh0kfYAeyGpu5HAAAL'[39m,
  client: 
   Client {
     server: 
      Server {
        nsps: [36m[Object][39m,
        _path: [32m'/socket.io'[39m,
        _serveClient: [33mtrue[39m,
        _adapter: [36m[Function: Adapter][39m,
        _origins: [32m'*:*'[39m,
        sockets: [36m[Object][39m,
        eio: [36m[Object][39m,
        httpServer: [36m[Object][39m,
        engine: [36m[Object][39m },
     conn: 
      Socket {
        id: [32m'vkRh0kfYAeyGpu5HAAAL'[39m,
        server: [36m[Object][39m,
        upgrading: [33mfalse[39m,
        upgraded: [33mfalse[39m,
        readyState: [32m'open'[39m,
        writeBuffer: [36m[Object][39m,
        packetsFn: [36m[Object][39m,
        sentCallbackFn: [],
        cleanupFn: [36m[Object][39m,
        request: [36m[Object][39m,
        remoteAddress: [32m'::ffff:10.210.30.41'[39m,
        checkIntervalTimer: [1mnull[22m,
        upgradeTimeoutTimer: [1mnull[22m,
        pingTimeoutTimer: [36m[Object][39m,
        transport: [36m[Object][39m,
        _events: [36m[Object][39m,
        _eventsCount: [33m3[39m },
     encoder: Encoder {},
     decoder: Decoder { reconstructor: [1mnull[22m, _callbacks: [36m[Object][39m },
     id: [32m'vkRh0kfYAeyGpu5HAAAL'[39m,
     request: 
      IncomingMessage {
        _readableState: [36m[Object][39m,
        readable: [33mtrue[39m,
        domain: [1mnull[22m,
        _events: {},
        _eventsCount: [33m0[39m,
        _maxListeners: [90mundefined[39m,
        socket: [36m[Object][39m,
        connection: [36m[Object][39m,
        httpVersionMajor: [33m1[39m,
        httpVersionMinor: [33m1[39m,
        httpVersion: [32m'1.1'[39m,
        complete: [33mtrue[39m,
        headers: [36m[Object][39m,
        rawHeaders: [36m[Object][39m,
        trailers: {},
        rawTrailers: [],
        upgrade: [33mfalse[39m,
        url: [32m'/socket.io/?EIO=3&transport=polling&t=LTlUtuo'[39m,
        method: [32m'GET'[39m,
        statusCode: [1mnull[22m,
        statusMessage: [1mnull[22m,
        client: [36m[Object][39m,
        _consuming: [33mfalse[39m,
        _dumped: [33mtrue[39m,
        _query: [36m[Object][39m,
        res: [36m[Object][39m,
        cleanup: [36m[Function: cleanup][39m },
     onclose: [36m[Function: bound ][39m,
     ondata: [36m[Function: bound ][39m,
     onerror: [36m[Function: bound ][39m,
     ondecoded: [36m[Function: bound ][39m,
     sockets: { [32m'/#vkRh0kfYAeyGpu5HAAAL'[39m: [36m[Circular][39m },
     nsps: { [32m'/'[39m: [36m[Circular][39m },
     connectBuffer: [] },
  conn: 
   Socket {
     id: [32m'vkRh0kfYAeyGpu5HAAAL'[39m,
     server: 
      Server {
        clients: [36m[Object][39m,
        clientsCount: [33m2[39m,
        pingTimeout: [33m60000[39m,
        pingInterval: [33m25000[39m,
        upgradeTimeout: [33m10000[39m,
        maxHttpBufferSize: [33m100000000[39m,
        transports: [36m[Object][39m,
        allowUpgrades: [33mtrue[39m,
        allowRequest: [36m[Function: bound ][39m,
        cookie: [32m'io'[39m,
        cookiePath: [33mfalse[39m,
        perMessageDeflate: [36m[Object][39m,
        httpCompression: [36m[Object][39m,
        ws: [36m[Object][39m,
        _events: [36m[Object][39m,
        _eventsCount: [33m1[39m },
     upgrading: [33mfalse[39m,
     upgraded: [33mfalse[39m,
     readyState: [32m'open'[39m,
     writeBuffer: [ [36m[Object][39m ],
     packetsFn: [ [90mundefined[39m ],
     sentCallbackFn: [],
     cleanupFn: [ [36m[Function][39m, [36m[Function][39m ],
     request: 
      IncomingMessage {
        _readableState: [36m[Object][39m,
        readable: [33mtrue[39m,
        domain: [1mnull[22m,
        _events: {},
        _eventsCount: [33m0[39m,
        _maxListeners: [90mundefined[39m,
        socket: [36m[Object][39m,
        connection: [36m[Object][39m,
        httpVersionMajor: [33m1[39m,
        httpVersionMinor: [33m1[39m,
        httpVersion: [32m'1.1'[39m,
        complete: [33mtrue[39m,
        headers: [36m[Object][39m,
        rawHeaders: [36m[Object][39m,
        trailers: {},
        rawTrailers: [],
        upgrade: [33mfalse[39m,
        url: [32m'/socket.io/?EIO=3&transport=polling&t=LTlUtuo'[39m,
        method: [32m'GET'[39m,
        statusCode: [1mnull[22m,
        statusMessage: [1mnull[22m,
        client: [36m[Object][39m,
        _consuming: [33mfalse[39m,
        _dumped: [33mtrue[39m,
        _query: [36m[Object][39m,
        res: [36m[Object][39m,
        cleanup: [36m[Function: cleanup][39m },
     remoteAddress: [32m'::ffff:10.210.30.41'[39m,
     checkIntervalTimer: [1mnull[22m,
     upgradeTimeoutTimer: [1mnull[22m,
     pingTimeoutTimer: 
      Timeout {
        _called: [33mfalse[39m,
        _idleTimeout: [33m85000[39m,
        _idlePrev: [36m[Object][39m,
        _idleNext: [36m[Object][39m,
        _idleStart: [33m6835872[39m,
        _onTimeout: [36m[Function][39m,
        _repeat: [1mnull[22m },
     transport: 
      XHR {
        readyState: [32m'open'[39m,
        discarded: [33mfalse[39m,
        closeTimeout: [33m30000[39m,
        maxHttpBufferSize: [33m100000000[39m,
        httpCompression: [36m[Object][39m,
        supportsBinary: [33mtrue[39m,
        _events: [36m[Object][39m,
        _eventsCount: [33m5[39m,
        sid: [32m'vkRh0kfYAeyGpu5HAAAL'[39m,
        req: [1mnull[22m,
        res: [1mnull[22m,
        writable: [33mfalse[39m },
     _events: 
      { close: [36m[Object][39m,
        data: [36m[Function: bound ][39m,
        error: [36m[Function: bound ][39m },
     _eventsCount: [33m3[39m },
  rooms: {},
  acks: {},
  connected: [33mtrue[39m,
  disconnected: [33mfalse[39m,
  handshake: 
   { headers: 
      { host: [32m'10.210.30.148:3000'[39m,
        connection: [32m'keep-alive'[39m,
        [32m'user-agent'[39m: [32m'Mozilla/5.0 (Windows NT 5.1) AppleWebKit/537.36 (KHTML, like Gecko) Chrome/49.0.2623.112 Safari/537.36'[39m,
        origin: [32m'http://10.210.30.148'[39m,
        accept: [32m'*/*'[39m,
        referer: [32m'http://10.210.30.148/'[39m,
        [32m'accept-encoding'[39m: [32m'gzip, deflate, sdch'[39m,
        [32m'accept-language'[39m: [32m'ru-RU,ru;q=0.8,en-US;q=0.6,en;q=0.4'[39m,
        cookie: [32m'io=siXtqf9vWOjy_oRTAAAK'[39m },
     time: [32m'Wed Sep 28 2016 10:29:08 GMT+0400 (SAMT)'[39m,
     address: [32m'::ffff:10.210.30.41'[39m,
     xdomain: [33mtrue[39m,
     secure: [33mfalse[39m,
     issued: [33m1475044148091[39m,
     url: [32m'/socket.io/?EIO=3&transport=polling&t=LTlUtuo'[39m,
     query: { EIO: [32m'3'[39m, transport: [32m'polling'[39m, t: [32m'LTlUtuo'[39m } } }
data rcv RT:[ [32m'0.00'[39m, [32m'4.31'[39m, [32m'3.38'[39m, [32m'0.01'[39m ]
data rcv RT:[ [32m'0.00'[39m, [32m'4.37'[39m, [32m'3.39'[39m, [32m'0.00'[39m ]
data rcv RT:[ [32m'0.00'[39m, [32m'4.36'[39m, [32m'3.37'[39m, [32m'0.01'[39m ]
data rcv RT:[ [32m'0.00'[39m, [32m'4.40'[39m, [32m'3.42'[39m, [32m'0.00'[39m ]
data rcv RT:[ [32m'0.00'[39m, [32m'4.35'[39m, [32m'3.42'[39m, [32m'0.00'[39m ]
data rcv RT:[ [32m'0.00'[39m, [32m'4.32'[39m, [32m'3.45'[39m, [32m'0.00'[39m ]
data rcv RT:[ [32m'0.00'[39m, [32m'4.30'[39m, [32m'3.43'[39m, [32m'0.00'[39m ]
data rcv RT:[ [32m'0.00'[39m, [32m'4.31'[39m, [32m'3.41'[39m, [32m'0.00'[39m ]
data rcv RT:[ [32m'0.00'[39m, [32m'4.30'[39m, [32m'3.43'[39m, [32m'0.00'[39m ]
data rcv RT:[ [32m'0.00'[39m, [32m'4.27'[39m, [32m'3.43'[39m, [32m'0.00'[39m ]
data rcv RT:[ [32m'0.00'[39m, [32m'4.27'[39m, [32m'3.38'[39m, [32m'0.00'[39m ]
data rcv RT:[ [32m'0.00'[39m, [32m'4.29'[39m, [32m'3.40'[39m, [32m'0.00'[39m ]
data rcv RT:[ [32m'0.00'[39m, [32m'4.29'[39m, [32m'3.38'[39m, [32m'0.00'[39m ]
data rcv RT:[ [32m'0.00'[39m, [32m'4.31'[39m, [32m'3.38'[39m, [32m'0.00'[39m ]
data rcv RT:[ [32m'0.00'[39m, [32m'4.31'[39m, [32m'3.40'[39m, [32m'0.00'[39m ]
data rcv RT:[ [32m'0.00'[39m, [32m'4.34'[39m, [32m'3.39'[39m, [32m'0.01'[39m ]
data rcv RT:[ [32m'0.00'[39m, [32m'4.37'[39m, [32m'3.40'[39m, [32m'0.03'[39m ]
data rcv RT:[ [32m'0.00'[39m, [32m'4.36'[39m, [32m'3.42'[39m, [32m'0.00'[39m ]
data rcv RT:[ [32m'0.00'[39m, [32m'4.33'[39m, [32m'3.42'[39m, [32m'0.00'[39m ]
data rcv RT:[ [32m'0.00'[39m, [32m'4.32'[39m, [32m'3.43'[39m, [32m'0.00'[39m ]
data rcv RT:[ [32m'0.00'[39m, [32m'4.33'[39m, [32m'3.43'[39m, [32m'0.00'[39m ]
data rcv RT:[ [32m'0.00'[39m, [32m'4.29'[39m, [32m'3.45'[39m, [32m'0.00'[39m ]
data rcv RT:[ [32m'0.00'[39m, [32m'4.28'[39m, [32m'3.42'[39m, [32m'0.00'[39m ]
data rcv RT:[ [32m'0.00'[39m, [32m'4.26'[39m, [32m'3.40'[39m, [32m'0.00'[39m ]
data rcv RT:[ [32m'0.00'[39m, [32m'4.28'[39m, [32m'3.41'[39m, [32m'0.00'[39m ]
data rcv RT:[ [32m'0.00'[39m, [32m'4.30'[39m, [32m'3.38'[39m, [32m'0.00'[39m ]
data rcv RT:[ [32m'0.00'[39m, [32m'4.35'[39m, [32m'3.36'[39m, [32m'0.06'[39m ]
data rcv RT:[ [32m'0.00'[39m, [32m'4.36'[39m, [32m'3.42'[39m, [32m'0.02'[39m ]
data rcv RT:[ [32m'0.00'[39m, [32m'4.38'[39m, [32m'3.39'[39m, [32m'0.00'[39m ]
data rcv RT:[ [32m'0.00'[39m, [32m'4.36'[39m, [32m'3.44'[39m, [32m'0.00'[39m ]
data rcv RT:[ [32m'0.00'[39m, [32m'4.33'[39m, [32m'3.43'[39m, [32m'0.00'[39m ]
data rcv RT:[ [32m'0.00'[39m, [32m'4.31'[39m, [32m'3.43'[39m, [32m'0.00'[39m ]
data rcv RT:[ [32m'0.00'[39m, [32m'4.28'[39m, [32m'3.46'[39m, [32m'0.00'[39m ]
data rcv RT:[ [32m'0.00'[39m, [32m'4.32'[39m, [32m'3.45'[39m, [32m'0.00'[39m ]
data rcv RT:[ [32m'0.00'[39m, [32m'4.31'[39m, [32m'3.42'[39m, [32m'0.00'[39m ]
data rcv RT:[ [32m'0.00'[39m, [32m'4.27'[39m, [32m'3.39'[39m, [32m'0.00'[39m ]
data rcv RT:[ [32m'0.00'[39m, [32m'4.29'[39m, [32m'3.38'[39m, [32m'0.00'[39m ]
data rcv RT:[ [32m'0.00'[39m, [32m'4.29'[39m, [32m'3.37'[39m, [32m'0.00'[39m ]
data rcv RT:[ [32m'0.00'[39m, [32m'4.33'[39m, [32m'3.40'[39m, [32m'0.02'[39m ]
data rcv RT:[ [32m'0.00'[39m, [32m'4.33'[39m, [32m'3.34'[39m, [32m'0.04'[39m ]
data rcv RT:[ [32m'0.00'[39m, [32m'4.40'[39m, [32m'3.39'[39m, [32m'0.06'[39m ]
data rcv RT:[ [32m'0.00'[39m, [32m'4.34'[39m, [32m'3.41'[39m, [32m'0.00'[39m ]
data rcv RT:[ [32m'0.00'[39m, [32m'4.33'[39m, [32m'3.42'[39m, [32m'0.00'[39m ]
data rcv RT:[ [32m'0.00'[39m, [32m'4.31'[39m, [32m'3.41'[39m, [32m'0.00'[39m ]
data rcv RT:[ [32m'0.00'[39m, [32m'4.28'[39m, [32m'3.45'[39m, [32m'0.00'[39m ]
data rcv RT:[ [32m'0.00'[39m, [32m'4.29'[39m, [32m'3.44'[39m, [32m'0.00'[39m ]
data rcv RT:[ [32m'0.00'[39m, [32m'4.25'[39m, [32m'3.37'[39m, [32m'0.00'[39m ]
data rcv RT:[ [32m'0.00'[39m, [32m'4.27'[39m, [32m'3.38'[39m, [32m'0.00'[39m ]
data rcv RT:[ [32m'0.00'[39m, [32m'4.28'[39m, [32m'3.38'[39m, [32m'0.00'[39m ]
data rcv RT:[ [32m'0.00'[39m, [32m'4.29'[39m, [32m'3.40'[39m, [32m'0.00'[39m ]
data rcv RT:[ [32m'0.00'[39m, [32m'4.31'[39m, [32m'3.39'[39m, [32m'0.00'[39m ]
data rcv RT:[ [32m'0.00'[39m, [32m'4.33'[39m, [32m'3.37'[39m, [32m'0.01'[39m ]
data rcv RT:[ [32m'0.00'[39m, [32m'4.35'[39m, [32m'3.37'[39m, [32m'0.04'[39m ]
data rcv RT:[ [32m'0.00'[39m, [32m'4.35'[39m, [32m'3.38'[39m, [32m'0.03'[39m ]
data rcv RT:[ [32m'0.00'[39m, [32m'4.34'[39m, [32m'3.40'[39m, [32m'0.00'[39m ]
data rcv RT:[ [32m'0.00'[39m, [32m'4.33'[39m, [32m'3.43'[39m, [32m'0.00'[39m ]
data rcv RT:[ [32m'0.00'[39m, [32m'4.30'[39m, [32m'3.43'[39m, [32m'0.00'[39m ]
data rcv RT:[ [32m'0.00'[39m, [32m'4.27'[39m, [32m'3.42'[39m, [32m'0.00'[39m ]
data rcv RT:[ [32m'0.00'[39m, [32m'4.27'[39m, [32m'3.41'[39m, [32m'0.00'[39m ]
data rcv RT:[ [32m'0.00'[39m, [32m'4.25'[39m, [32m'3.44'[39m, [32m'0.00'[39m ]
data rcv RT:[ [32m'0.00'[39m, [32m'4.27'[39m, [32m'3.39'[39m, [32m'0.00'[39m ]
data rcv RT:[ [32m'0.00'[39m, [32m'4.26'[39m, [32m'3.37'[39m, [32m'0.00'[39m ]
data rcv RT:[ [32m'0.00'[39m, [32m'4.32'[39m, [32m'3.36'[39m, [32m'0.00'[39m ]
data rcv RT:[ [32m'0.00'[39m, [32m'4.33'[39m, [32m'3.39'[39m, [32m'0.01'[39m ]
data rcv RT:[ [32m'0.00'[39m, [32m'4.33'[39m, [32m'3.40'[39m, [32m'0.02'[39m ]
data rcv RT:[ [32m'0.00'[39m, [32m'4.34'[39m, [32m'3.36'[39m, [32m'0.03'[39m ]
data rcv RT:[ [32m'0.00'[39m, [32m'4.36'[39m, [32m'3.37'[39m, [32m'0.04'[39m ]
data rcv RT:[ [32m'0.00'[39m, [32m'4.36'[39m, [32m'3.42'[39m, [32m'0.00'[39m ]
data rcv RT:[ [32m'0.00'[39m, [32m'4.36'[39m, [32m'3.40'[39m, [32m'0.00'[39m ]
data rcv RT:[ [32m'0.00'[39m, [32m'4.32'[39m, [32m'3.44'[39m, [32m'0.00'[39m ]
data rcv RT:[ [32m'0.00'[39m, [32m'4.31'[39m, [32m'3.45'[39m, [32m'0.00'[39m ]
data rcv RT:[ [32m'0.00'[39m, [32m'4.31'[39m, [32m'3.43'[39m, [32m'0.00'[39m ]
data rcv RT:[ [32m'0.00'[39m, [32m'4.29'[39m, [32m'3.42'[39m, [32m'0.00'[39m ]
data rcv RT:[ [32m'0.00'[39m, [32m'4.26'[39m, [32m'3.39'[39m, [32m'0.00'[39m ]
data rcv RT:[ [32m'0.00'[39m, [32m'4.28'[39m, [32m'3.36'[39m, [32m'0.01'[39m ]
data rcv RT:[ [32m'0.00'[39m, [32m'4.32'[39m, [32m'3.41'[39m, [32m'0.02'[39m ]
data rcv RT:[ [32m'0.00'[39m, [32m'4.31'[39m, [32m'3.38'[39m, [32m'0.01'[39m ]
data rcv RT:[ [32m'0.00'[39m, [32m'4.34'[39m, [32m'3.41'[39m, [32m'0.00'[39m ]
data rcv RT:[ [32m'0.00'[39m, [32m'4.38'[39m, [32m'3.38'[39m, [32m'0.02'[39m ]
data rcv RT:[ [32m'0.00'[39m, [32m'4.39'[39m, [32m'3.38'[39m, [32m'0.04'[39m ]
data rcv RT:[ [32m'0.00'[39m, [32m'4.36'[39m, [32m'3.43'[39m, [32m'0.00'[39m ]
data rcv RT:[ [32m'0.00'[39m, [32m'4.34'[39m, [32m'3.43'[39m, [32m'0.00'[39m ]
data rcv RT:[ [32m'0.00'[39m, [32m'4.34'[39m, [32m'3.42'[39m, [32m'0.00'[39m ]
data rcv RT:[ [32m'0.00'[39m, [32m'4.31'[39m, [32m'3.42'[39m, [32m'0.00'[39m ]
data rcv RT:[ [32m'0.00'[39m, [32m'4.29'[39m, [32m'3.48'[39m, [32m'0.00'[39m ]
data rcv RT:[ [32m'0.00'[39m, [32m'4.31'[39m, [32m'3.42'[39m, [32m'0.00'[39m ]
data rcv RT:[ [32m'0.00'[39m, [32m'4.27'[39m, [32m'3.39'[39m, [32m'0.00'[39m ]
data rcv RT:[ [32m'0.00'[39m, [32m'4.25'[39m, [32m'3.39'[39m, [32m'0.00'[39m ]
data rcv RT:[ [32m'0.00'[39m, [32m'4.28'[39m, [32m'3.38'[39m, [32m'0.00'[39m ]
data rcv RT:[ [32m'0.00'[39m, [32m'4.32'[39m, [32m'3.38'[39m, [32m'0.01'[39m ]
data rcv RT:[ [32m'0.00'[39m, [32m'4.30'[39m, [32m'3.37'[39m, [32m'0.00'[39m ]
data rcv RT:[ [32m'0.00'[39m, [32m'4.33'[39m, [32m'3.38'[39m, [32m'0.04'[39m ]
data rcv RT:[ [32m'0.00'[39m, [32m'4.33'[39m, [32m'3.38'[39m, [32m'0.01'[39m ]
data rcv RT:[ [32m'0.00'[39m, [32m'4.34'[39m, [32m'3.38'[39m, [32m'0.02'[39m ]
data rcv RT:[ [32m'0.00'[39m, [32m'4.35'[39m, [32m'3.38'[39m, [32m'0.01'[39m ]
data rcv RT:[ [32m'0.00'[39m, [32m'4.37'[39m, [32m'3.41'[39m, [32m'0.03'[39m ]
data rcv RT:[ [32m'0.00'[39m, [32m'4.38'[39m, [32m'3.40'[39m, [32m'0.00'[39m ]
data rcv RT:[ [32m'0.00'[39m, [32m'4.36'[39m, [32m'3.40'[39m, [32m'0.00'[39m ]
data rcv RT:[ [32m'0.00'[39m, [32m'4.34'[39m, [32m'3.43'[39m, [32m'0.00'[39m ]
data rcv RT:[ [32m'0.00'[39m, [32m'4.32'[39m, [32m'3.43'[39m, [32m'0.00'[39m ]
data rcv RT:[ [32m'0.00'[39m, [32m'4.28'[39m, [32m'3.43'[39m, [32m'0.00'[39m ]
data rcv RT:[ [32m'0.00'[39m, [32m'4.31'[39m, [32m'3.42'[39m, [32m'0.00'[39m ]
data rcv RT:[ [32m'0.00'[39m, [32m'4.25'[39m, [32m'3.43'[39m, [32m'0.00'[39m ]
data rcv RT:[ [32m'0.00'[39m, [32m'4.27'[39m, [32m'3.42'[39m, [32m'0.00'[39m ]
data rcv RT:[ [32m'0.00'[39m, [32m'4.24'[39m, [32m'3.41'[39m, [32m'0.00'[39m ]
data rcv RT:[ [32m'0.00'[39m, [32m'4.28'[39m, [32m'3.39'[39m, [32m'0.00'[39m ]
data rcv RT:[ [32m'0.00'[39m, [32m'4.30'[39m, [32m'3.40'[39m, [32m'0.00'[39m ]
data rcv RT:[ [32m'0.00'[39m, [32m'4.34'[39m, [32m'3.40'[39m, [32m'0.04'[39m ]
data rcv RT:[ [32m'0.00'[39m, [32m'4.32'[39m, [32m'3.39'[39m, [32m'0.00'[39m ]
data rcv RT:[ [32m'0.00'[39m, [32m'4.37'[39m, [32m'3.36'[39m, [32m'0.03'[39m ]
data rcv RT:[ [32m'0.00'[39m, [32m'4.38'[39m, [32m'3.40'[39m, [32m'0.02'[39m ]
data rcv RT:[ [32m'0.00'[39m, [32m'4.35'[39m, [32m'3.41'[39m, [32m'0.00'[39m ]
data rcv RT:[ [32m'0.00'[39m, [32m'4.35'[39m, [32m'3.43'[39m, [32m'0.00'[39m ]
data rcv RT:[ [32m'0.00'[39m, [32m'4.30'[39m, [32m'3.44'[39m, [32m'0.00'[39m ]
data rcv RT:[ [32m'0.00'[39m, [32m'4.32'[39m, [32m'3.43'[39m, [32m'0.00'[39m ]
data rcv RT:[ [32m'0.00'[39m, [32m'4.31'[39m, [32m'3.43'[39m, [32m'0.00'[39m ]
data rcv RT:[ [32m'0.00'[39m, [32m'4.28'[39m, [32m'3.41'[39m, [32m'0.00'[39m ]
data rcv RT:[ [32m'0.00'[39m, [32m'4.30'[39m, [32m'3.44'[39m, [32m'0.00'[39m ]
data rcv RT:[ [32m'0.00'[39m, [32m'4.28'[39m, [32m'3.44'[39m, [32m'0.00'[39m ]
data rcv RT:[ [32m'0.00'[39m, [32m'4.27'[39m, [32m'3.40'[39m, [32m'0.00'[39m ]
data rcv RT:[ [32m'0.00'[39m, [32m'4.26'[39m, [32m'3.40'[39m, [32m'0.00'[39m ]
data rcv RT:[ [32m'0.00'[39m, [32m'4.28'[39m, [32m'3.39'[39m, [32m'0.00'[39m ]
data rcv RT:[ [32m'0.00'[39m, [32m'4.31'[39m, [32m'3.38'[39m, [32m'0.00'[39m ]
data rcv RT:[ [32m'0.00'[39m, [32m'4.29'[39m, [32m'3.40'[39m, [32m'0.00'[39m ]
data rcv RT:[ [32m'0.00'[39m, [32m'4.34'[39m, [32m'3.38'[39m, [32m'0.01'[39m ]
data rcv RT:[ [32m'0.00'[39m, [32m'4.34'[39m, [32m'3.36'[39m, [32m'0.06'[39m ]
data rcv RT:[ [32m'0.00'[39m, [32m'4.37'[39m, [32m'3.41'[39m, [32m'0.00'[39m ]
data rcv RT:[ [32m'0.00'[39m, [32m'4.33'[39m, [32m'3.43'[39m, [32m'0.00'[39m ]
data rcv RT:[ [32m'0.00'[39m, [32m'4.31'[39m, [32m'3.45'[39m, [32m'0.00'[39m ]
data rcv RT:[ [32m'0.00'[39m, [32m'4.33'[39m, [32m'3.41'[39m, [32m'0.00'[39m ]
data rcv RT:[ [32m'0.00'[39m, [32m'4.29'[39m, [32m'3.45'[39m, [32m'0.00'[39m ]
data rcv RT:[ [32m'0.00'[39m, [32m'4.27'[39m, [32m'3.45'[39m, [32m'0.00'[39m ]
data rcv RT:[ [32m'0.00'[39m, [32m'4.27'[39m, [32m'3.40'[39m, [32m'0.00'[39m ]
data rcv RT:[ [32m'0.00'[39m, [32m'4.27'[39m, [32m'3.42'[39m, [32m'0.00'[39m ]
data rcv RT:[ [32m'0.00'[39m, [32m'4.31'[39m, [32m'3.38'[39m, [32m'0.01'[39m ]
data rcv RT:[ [32m'0.00'[39m, [32m'4.32'[39m, [32m'3.39'[39m, [32m'0.00'[39m ]
data rcv RT:[ [32m'0.00'[39m, [32m'4.34'[39m, [32m'3.39'[39m, [32m'0.03'[39m ]
data rcv RT:[ [32m'0.00'[39m, [32m'4.36'[39m, [32m'3.34'[39m, [32m'0.07'[39m ]
data rcv RT:[ [32m'0.00'[39m, [32m'4.37'[39m, [32m'3.44'[39m, [32m'0.00'[39m ]
data rcv RT:[ [32m'0.00'[39m, [32m'4.32'[39m, [32m'3.42'[39m, [32m'0.00'[39m ]
data rcv RT:[ [32m'0.00'[39m, [32m'4.31'[39m, [32m'3.44'[39m, [32m'0.00'[39m ]
data rcv RT:[ [32m'0.00'[39m, [32m'4.30'[39m, [32m'3.42'[39m, [32m'0.00'[39m ]
data rcv RT:[ [32m'0.00'[39m, [32m'4.31'[39m, [32m'3.43'[39m, [32m'0.00'[39m ]
data rcv RT:[ [32m'0.00'[39m, [32m'4.33'[39m, [32m'3.44'[39m, [32m'0.00'[39m ]
data rcv RT:[ [32m'0.00'[39m, [32m'4.25'[39m, [32m'3.39'[39m, [32m'0.00'[39m ]
data rcv RT:[ [32m'0.00'[39m, [32m'4.27'[39m, [32m'3.39'[39m, [32m'0.00'[39m ]
data rcv RT:[ [32m'0.00'[39m, [32m'4.29'[39m, [32m'3.40'[39m, [32m'0.00'[39m ]
data rcv RT:[ [32m'0.00'[39m, [32m'4.28'[39m, [32m'3.39'[39m, [32m'0.00'[39m ]
data rcv RT:[ [32m'0.00'[39m, [32m'4.32'[39m, [32m'3.37'[39m, [32m'0.01'[39m ]
data rcv RT:[ [32m'0.00'[39m, [32m'4.31'[39m, [32m'3.39'[39m, [32m'0.00'[39m ]
data rcv RT:[ [32m'0.00'[39m, [32m'4.34'[39m, [32m'3.39'[39m, [32m'0.02'[39m ]
data rcv RT:[ [32m'0.00'[39m, [32m'4.37'[39m, [32m'3.40'[39m, [32m'0.01'[39m ]
data rcv RT:[ [32m'0.00'[39m, [32m'4.37'[39m, [32m'3.45'[39m, [32m'0.00'[39m ]
data rcv RT:[ [32m'0.00'[39m, [32m'4.36'[39m, [32m'3.42'[39m, [32m'0.00'[39m ]
data rcv RT:[ [32m'0.00'[39m, [32m'4.32'[39m, [32m'3.41'[39m, [32m'0.00'[39m ]
data rcv RT:[ [32m'0.00'[39m, [32m'4.28'[39m, [32m'3.39'[39m, [32m'0.00'[39m ]
data rcv RT:[ [32m'0.00'[39m, [32m'4.24'[39m, [32m'3.40'[39m, [32m'0.00'[39m ]
data rcv RT:[ [32m'0.00'[39m, [32m'4.26'[39m, [32m'3.39'[39m, [32m'0.00'[39m ]
data rcv RT:[ [32m'0.00'[39m, [32m'4.27'[39m, [32m'3.38'[39m, [32m'0.00'[39m ]
data rcv RT:[ [32m'0.00'[39m, [32m'4.29'[39m, [32m'3.38'[39m, [32m'0.00'[39m ]
data rcv RT:[ [32m'0.00'[39m, [32m'4.32'[39m, [32m'3.38'[39m, [32m'0.00'[39m ]
data rcv RT:[ [32m'0.00'[39m, [32m'4.35'[39m, [32m'3.33'[39m, [32m'0.04'[39m ]
data rcv RT:[ [32m'0.00'[39m, [32m'4.38'[39m, [32m'3.38'[39m, [32m'0.04'[39m ]
data rcv RT:[ [32m'0.00'[39m, [32m'4.38'[39m, [32m'3.41'[39m, [32m'0.04'[39m ]
data rcv RT:[ [32m'0.00'[39m, [32m'4.34'[39m, [32m'3.42'[39m, [32m'0.00'[39m ]
data rcv RT:[ [32m'0.00'[39m, [32m'4.31'[39m, [32m'3.43'[39m, [32m'0.00'[39m ]
data rcv RT:[ [32m'0.00'[39m, [32m'4.30'[39m, [32m'3.43'[39m, [32m'0.00'[39m ]
data rcv RT:[ [32m'0.00'[39m, [32m'4.29'[39m, [32m'3.43'[39m, [32m'0.00'[39m ]
data rcv RT:[ [32m'0.00'[39m, [32m'4.26'[39m, [32m'3.41'[39m, [32m'0.00'[39m ]
data rcv RT:[ [32m'0.00'[39m, [32m'4.28'[39m, [32m'3.37'[39m, [32m'0.00'[39m ]
data rcv RT:[ [32m'0.00'[39m, [32m'4.26'[39m, [32m'3.39'[39m, [32m'0.00'[39m ]
data rcv RT:[ [32m'0.00'[39m, [32m'4.29'[39m, [32m'3.39'[39m, [32m'0.00'[39m ]
data rcv RT:[ [32m'0.00'[39m, [32m'4.33'[39m, [32m'3.37'[39m, [32m'0.01'[39m ]
data rcv RT:[ [32m'0.00'[39m, [32m'4.34'[39m, [32m'3.37'[39m, [32m'0.05'[39m ]
data rcv RT:[ [32m'0.00'[39m, [32m'4.33'[39m, [32m'3.39'[39m, [32m'0.01'[39m ]
data rcv RT:[ [32m'0.00'[39m, [32m'4.35'[39m, [32m'3.35'[39m, [32m'0.06'[39m ]
data rcv RT:[ [32m'0.00'[39m, [32m'4.37'[39m, [32m'3.43'[39m, [32m'0.00'[39m ]
data rcv RT:[ [32m'0.00'[39m, [32m'4.35'[39m, [32m'3.42'[39m, [32m'0.00'[39m ]
data rcv RT:[ [32m'0.00'[39m, [32m'4.31'[39m, [32m'3.43'[39m, [32m'0.00'[39m ]
data rcv RT:[ [32m'0.00'[39m, [32m'4.28'[39m, [32m'3.45'[39m, [32m'0.00'[39m ]
data rcv RT:[ [32m'0.00'[39m, [32m'4.26'[39m, [32m'3.42'[39m, [32m'0.00'[39m ]
data rcv RT:[ [32m'0.00'[39m, [32m'4.30'[39m, [32m'3.44'[39m, [32m'0.00'[39m ]
data rcv RT:[ [32m'0.00'[39m, [32m'4.24'[39m, [32m'3.37'[39m, [32m'0.00'[39m ]
data rcv RT:[ [32m'0.00'[39m, [32m'4.27'[39m, [32m'3.39'[39m, [32m'0.00'[39m ]
data rcv RT:[ [32m'0.00'[39m, [32m'4.27'[39m, [32m'3.40'[39m, [32m'0.00'[39m ]
data rcv RT:[ [32m'0.00'[39m, [32m'4.30'[39m, [32m'3.38'[39m, [32m'0.00'[39m ]
data rcv RT:[ [32m'0.00'[39m, [32m'4.29'[39m, [32m'3.38'[39m, [32m'0.00'[39m ]
data rcv RT:[ [32m'0.00'[39m, [32m'4.32'[39m, [32m'3.38'[39m, [32m'0.01'[39m ]
data rcv RT:[ [32m'0.00'[39m, [32m'4.35'[39m, [32m'3.38'[39m, [32m'0.01'[39m ]
data rcv RT:[ [32m'0.00'[39m, [32m'4.35'[39m, [32m'3.36'[39m, [32m'0.01'[39m ]
data rcv RT:[ [32m'0.00'[39m, [32m'4.36'[39m, [32m'3.40'[39m, [32m'0.00'[39m ]
data rcv RT:[ [32m'0.00'[39m, [32m'4.35'[39m, [32m'3.43'[39m, [32m'0.00'[39m ]
data rcv RT:[ [32m'0.00'[39m, [32m'4.35'[39m, [32m'3.43'[39m, [32m'0.00'[39m ]
data rcv RT:[ [32m'0.00'[39m, [32m'4.30'[39m, [32m'3.44'[39m, [32m'0.00'[39m ]
data rcv RT:[ [32m'0.00'[39m, [32m'4.31'[39m, [32m'3.40'[39m, [32m'0.00'[39m ]
data rcv RT:[ [32m'0.00'[39m, [32m'4.28'[39m, [32m'3.40'[39m, [32m'0.00'[39m ]
data rcv RT:[ [32m'0.00'[39m, [32m'4.29'[39m, [32m'3.45'[39m, [32m'0.00'[39m ]
data rcv RT:[ [32m'0.00'[39m, [32m'4.26'[39m, [32m'3.42'[39m, [32m'0.00'[39m ]
data rcv RT:[ [32m'0.00'[39m, [32m'4.27'[39m, [32m'3.37'[39m, [32m'0.00'[39m ]
data rcv RT:[ [32m'0.00'[39m, [32m'4.29'[39m, [32m'3.38'[39m, [32m'0.00'[39m ]
data rcv RT:[ [32m'0.00'[39m, [32m'4.31'[39m, [32m'3.38'[39m, [32m'0.00'[39m ]
data rcv RT:[ [32m'0.00'[39m, [32m'4.37'[39m, [32m'3.35'[39m, [32m'0.06'[39m ]
data rcv RT:[ [32m'0.00'[39m, [32m'4.33'[39m, [32m'3.38'[39m, [32m'0.00'[39m ]
data rcv RT:[ [32m'0.00'[39m, [32m'4.33'[39m, [32m'3.38'[39m, [32m'0.05'[39m ]
data rcv RT:[ [32m'0.00'[39m, [32m'4.36'[39m, [32m'3.40'[39m, [32m'0.02'[39m ]
data rcv RT:[ [32m'0.00'[39m, [32m'4.37'[39m, [32m'3.37'[39m, [32m'0.03'[39m ]
data rcv RT:[ [32m'0.00'[39m, [32m'4.34'[39m, [32m'3.44'[39m, [32m'0.00'[39m ]
data rcv RT:[ [32m'0.00'[39m, [32m'4.35'[39m, [32m'3.43'[39m, [32m'0.00'[39m ]
data rcv RT:[ [32m'0.00'[39m, [32m'4.32'[39m, [32m'3.42'[39m, [32m'0.00'[39m ]
data rcv RT:[ [32m'0.00'[39m, [32m'4.30'[39m, [32m'3.44'[39m, [32m'0.00'[39m ]
data rcv RT:[ [32m'0.00'[39m, [32m'4.29'[39m, [32m'3.43'[39m, [32m'0.00'[39m ]
data rcv RT:[ [32m'0.00'[39m, [32m'4.32'[39m, [32m'3.46'[39m, [32m'0.00'[39m ]
data rcv RT:[ [32m'0.00'[39m, [32m'4.27'[39m, [32m'3.39'[39m, [32m'0.00'[39m ]
data rcv RT:[ [32m'0.00'[39m, [32m'4.27'[39m, [32m'3.39'[39m, [32m'0.00'[39m ]
data rcv RT:[ [32m'0.00'[39m, [32m'4.32'[39m, [32m'3.37'[39m, [32m'0.00'[39m ]
data rcv RT:[ [32m'0.00'[39m, [32m'4.31'[39m, [32m'3.39'[39m, [32m'0.00'[39m ]
data rcv RT:[ [32m'0.00'[39m, [32m'4.33'[39m, [32m'3.38'[39m, [32m'0.02'[39m ]
data rcv RT:[ [32m'0.00'[39m, [32m'4.33'[39m, [32m'3.38'[39m, [32m'0.02'[39m ]
data rcv RT:[ [32m'0.00'[39m, [32m'4.37'[39m, [32m'3.43'[39m, [32m'0.00'[39m ]
data rcv RT:[ [32m'0.00'[39m, [32m'4.36'[39m, [32m'3.39'[39m, [32m'0.00'[39m ]
data rcv RT:[ [32m'0.00'[39m, [32m'4.34'[39m, [32m'3.45'[39m, [32m'0.00'[39m ]
data rcv RT:[ [32m'0.00'[39m, [32m'4.33'[39m, [32m'3.44'[39m, [32m'0.00'[39m ]
data rcv RT:[ [32m'0.00'[39m, [32m'4.32'[39m, [32m'3.43'[39m, [32m'0.00'[39m ]
data rcv RT:[ [32m'0.00'[39m, [32m'4.31'[39m, [32m'3.44'[39m, [32m'0.00'[39m ]
data rcv RT:[ [32m'0.00'[39m, [32m'4.26'[39m, [32m'3.39'[39m, [32m'0.00'[39m ]
data rcv RT:[ [32m'0.00'[39m, [32m'4.28'[39m, [32m'3.40'[39m, [32m'0.00'[39m ]
data rcv RT:[ [32m'0.00'[39m, [32m'4.29'[39m, [32m'3.40'[39m, [32m'0.00'[39m ]
data rcv RT:[ [32m'0.00'[39m, [32m'4.29'[39m, [32m'3.39'[39m, [32m'0.00'[39m ]
data rcv RT:[ [32m'0.00'[39m, [32m'4.34'[39m, [32m'3.37'[39m, [32m'0.00'[39m ]
data rcv RT:[ [32m'0.00'[39m, [32m'4.33'[39m, [32m'3.40'[39m, [32m'0.01'[39m ]
data rcv RT:[ [32m'0.00'[39m, [32m'4.33'[39m, [32m'3.36'[39m, [32m'0.04'[39m ]
data rcv RT:[ [32m'0.00'[39m, [32m'4.38'[39m, [32m'3.42'[39m, [32m'0.02'[39m ]
data rcv RT:[ [32m'0.00'[39m, [32m'4.35'[39m, [32m'3.42'[39m, [32m'0.00'[39m ]
data rcv RT:[ [32m'0.00'[39m, [32m'4.35'[39m, [32m'3.41'[39m, [32m'0.00'[39m ]
data rcv RT:[ [32m'0.00'[39m, [32m'4.31'[39m, [32m'3.42'[39m, [32m'0.00'[39m ]
data rcv RT:[ [32m'0.00'[39m, [32m'4.33'[39m, [32m'3.43'[39m, [32m'0.00'[39m ]
data rcv RT:[ [32m'0.00'[39m, [32m'4.33'[39m, [32m'3.47'[39m, [32m'0.00'[39m ]
data rcv RT:[ [32m'0.00'[39m, [32m'4.28'[39m, [32m'3.42'[39m, [32m'0.00'[39m ]
data rcv RT:[ [32m'0.00'[39m, [32m'4.28'[39m, [32m'3.39'[39m, [32m'0.00'[39m ]
data rcv RT:[ [32m'0.00'[39m, [32m'4.28'[39m, [32m'3.40'[39m, [32m'0.00'[39m ]
data rcv RT:[ [32m'0.00'[39m, [32m'4.29'[39m, [32m'3.38'[39m, [32m'0.00'[39m ]
data rcv RT:[ [32m'0.00'[39m, [32m'4.32'[39m, [32m'3.36'[39m, [32m'0.03'[39m ]
data rcv RT:[ [32m'0.00'[39m, [32m'4.34'[39m, [32m'3.39'[39m, [32m'0.02'[39m ]
data rcv RT:[ [32m'0.00'[39m, [32m'4.34'[39m, [32m'3.39'[39m, [32m'0.02'[39m ]
data rcv RT:[ [32m'0.00'[39m, [32m'4.37'[39m, [32m'3.39'[39m, [32m'0.01'[39m ]
data rcv RT:[ [32m'0.00'[39m, [32m'4.38'[39m, [32m'3.41'[39m, [32m'0.00'[39m ]
data rcv RT:[ [32m'0.00'[39m, [32m'4.37'[39m, [32m'3.43'[39m, [32m'0.00'[39m ]
data rcv RT:[ [32m'0.00'[39m, [32m'4.35'[39m, [32m'3.41'[39m, [32m'0.00'[39m ]
data rcv RT:[ [32m'0.00'[39m, [32m'4.33'[39m, [32m'3.42'[39m, [32m'0.00'[39m ]
data rcv RT:[ [32m'0.00'[39m, [32m'4.31'[39m, [32m'3.44'[39m, [32m'0.00'[39m ]
data rcv RT:[ [32m'0.00'[39m, [32m'4.31'[39m, [32m'3.42'[39m, [32m'0.00'[39m ]
data rcv RT:[ [32m'0.00'[39m, [32m'4.30'[39m, [32m'3.43'[39m, [32m'0.00'[39m ]
data rcv RT:[ [32m'0.00'[39m, [32m'4.30'[39m, [32m'3.45'[39m, [32m'0.00'[39m ]
data rcv RT:[ [32m'0.00'[39m, [32m'4.27'[39m, [32m'3.44'[39m, [32m'0.00'[39m ]
data rcv RT:[ [32m'0.00'[39m, [32m'4.28'[39m, [32m'3.40'[39m, [32m'0.00'[39m ]
data rcv RT:[ [32m'0.00'[39m, [32m'4.28'[39m, [32m'3.37'[39m, [32m'0.00'[39m ]
data rcv RT:[ [32m'0.00'[39m, [32m'4.28'[39m, [32m'3.37'[39m, [32m'0.00'[39m ]
data rcv RT:[ [32m'0.00'[39m, [32m'4.27'[39m, [32m'3.39'[39m, [32m'0.00'[39m ]
data rcv RT:[ [32m'0.00'[39m, [32m'4.34'[39m, [32m'3.37'[39m, [32m'0.03'[39m ]
data rcv RT:[ [32m'0.00'[39m, [32m'4.34'[39m, [32m'3.35'[39m, [32m'0.07'[39m ]
data rcv RT:[ [32m'0.00'[39m, [32m'4.32'[39m, [32m'3.39'[39m, [32m'0.01'[39m ]
data rcv RT:[ [32m'0.00'[39m, [32m'4.38'[39m, [32m'3.40'[39m, [32m'0.03'[39m ]
data rcv RT:[ [32m'0.00'[39m, [32m'4.37'[39m, [32m'3.40'[39m, [32m'0.00'[39m ]
data rcv RT:[ [32m'0.00'[39m, [32m'4.33'[39m, [32m'3.45'[39m, [32m'0.00'[39m ]
data rcv RT:[ [32m'0.00'[39m, [32m'4.33'[39m, [32m'3.41'[39m, [32m'0.00'[39m ]
data rcv RT:[ [32m'0.00'[39m, [32m'4.35'[39m, [32m'3.41'[39m, [32m'0.00'[39m ]
data rcv RT:[ [32m'0.00'[39m, [32m'4.29'[39m, [32m'3.44'[39m, [32m'0.00'[39m ]
data rcv RT:[ [32m'0.00'[39m, [32m'4.32'[39m, [32m'3.46'[39m, [32m'0.00'[39m ]
data rcv RT:[ [32m'0.00'[39m, [32m'4.28'[39m, [32m'3.41'[39m, [32m'0.00'[39m ]
data rcv RT:[ [32m'0.00'[39m, [32m'4.28'[39m, [32m'3.40'[39m, [32m'0.00'[39m ]
data rcv RT:[ [32m'0.00'[39m, [32m'4.30'[39m, [32m'3.41'[39m, [32m'0.00'[39m ]
data rcv RT:[ [32m'0.00'[39m, [32m'4.27'[39m, [32m'3.38'[39m, [32m'0.00'[39m ]
data rcv RT:[ [32m'0.00'[39m, [32m'4.30'[39m, [32m'3.39'[39m, [32m'0.01'[39m ]
data rcv RT:[ [32m'0.00'[39m, [32m'4.35'[39m, [32m'3.40'[39m, [32m'0.01'[39m ]
data rcv RT:[ [32m'0.00'[39m, [32m'4.33'[39m, [32m'3.37'[39m, [32m'0.03'[39m ]
data rcv RT:[ [32m'0.00'[39m, [32m'4.36'[39m, [32m'3.39'[39m, [32m'0.00'[39m ]
data rcv RT:[ [32m'0.00'[39m, [32m'4.37'[39m, [32m'3.38'[39m, [32m'0.02'[39m ]
data rcv RT:[ [32m'0.00'[39m, [32m'4.37'[39m, [32m'3.40'[39m, [32m'0.00'[39m ]
data rcv RT:[ [32m'0.00'[39m, [32m'4.36'[39m, [32m'3.38'[39m, [32m'0.00'[39m ]
data rcv RT:[ [32m'0.00'[39m, [32m'4.36'[39m, [32m'3.44'[39m, [32m'0.00'[39m ]
data rcv RT:[ [32m'0.00'[39m, [32m'4.36'[39m, [32m'3.42'[39m, [32m'0.00'[39m ]
data rcv RT:[ [32m'0.00'[39m, [32m'4.37'[39m, [32m'3.41'[39m, [32m'0.00'[39m ]
data rcv RT:[ [32m'0.00'[39m, [32m'4.35'[39m, [32m'3.43'[39m, [32m'0.00'[39m ]
data rcv RT:[ [32m'0.00'[39m, [32m'4.32'[39m, [32m'3.43'[39m, [32m'0.00'[39m ]
data rcv RT:[ [32m'0.00'[39m, [32m'4.31'[39m, [32m'3.43'[39m, [32m'0.00'[39m ]
data rcv RT:[ [32m'0.00'[39m, [32m'4.30'[39m, [32m'3.40'[39m, [32m'0.00'[39m ]
data rcv RT:[ [32m'0.00'[39m, [32m'4.31'[39m, [32m'3.41'[39m, [32m'0.00'[39m ]
data rcv RT:[ [32m'0.00'[39m, [32m'4.27'[39m, [32m'3.41'[39m, [32m'0.00'[39m ]
data rcv RT:[ [32m'0.00'[39m, [32m'4.29'[39m, [32m'3.41'[39m, [32m'0.00'[39m ]
data rcv RT:[ [32m'0.00'[39m, [32m'4.29'[39m, [32m'3.43'[39m, [32m'0.00'[39m ]
data rcv RT:[ [32m'0.00'[39m, [32m'4.27'[39m, [32m'3.38'[39m, [32m'0.00'[39m ]
data rcv RT:[ [32m'0.00'[39m, [32m'4.27'[39m, [32m'3.39'[39m, [32m'0.00'[39m ]
data rcv RT:[ [32m'0.00'[39m, [32m'4.28'[39m, [32m'3.40'[39m, [32m'0.00'[39m ]
data rcv RT:[ [32m'0.00'[39m, [32m'4.29'[39m, [32m'3.36'[39m, [32m'0.01'[39m ]
data rcv RT:[ [32m'0.00'[39m, [32m'4.29'[39m, [32m'3.41'[39m, [32m'0.00'[39m ]
data rcv RT:[ [32m'0.00'[39m, [32m'4.36'[39m, [32m'3.36'[39m, [32m'0.05'[39m ]
data rcv RT:[ [32m'0.00'[39m, [32m'4.36'[39m, [32m'3.38'[39m, [32m'0.04'[39m ]
data rcv RT:[ [32m'0.00'[39m, [32m'4.37'[39m, [32m'3.39'[39m, [32m'0.03'[39m ]
data rcv RT:[ [32m'0.00'[39m, [32m'4.37'[39m, [32m'3.38'[39m, [32m'0.05'[39m ]
data rcv RT:[ [32m'0.00'[39m, [32m'4.38'[39m, [32m'3.43'[39m, [32m'0.00'[39m ]
data rcv RT:[ [32m'0.00'[39m, [32m'4.37'[39m, [32m'3.38'[39m, [32m'0.03'[39m ]
data rcv RT:[ [32m'0.00'[39m, [32m'4.36'[39m, [32m'3.42'[39m, [32m'0.00'[39m ]
data rcv RT:[ [32m'0.00'[39m, [32m'4.34'[39m, [32m'3.43'[39m, [32m'0.00'[39m ]
data rcv RT:[ [32m'0.00'[39m, [32m'4.30'[39m, [32m'3.42'[39m, [32m'0.00'[39m ]
data rcv RT:[ [32m'0.00'[39m, [32m'4.30'[39m, [32m'3.43'[39m, [32m'0.00'[39m ]
data rcv RT:[ [32m'0.00'[39m, [32m'4.25'[39m, [32m'3.38'[39m, [32m'0.00'[39m ]
data rcv RT:[ [32m'0.00'[39m, [32m'4.25'[39m, [32m'3.39'[39m, [32m'0.00'[39m ]
data rcv RT:[ [32m'0.00'[39m, [32m'4.28'[39m, [32m'3.36'[39m, [32m'0.01'[39m ]
data rcv RT:[ [32m'0.00'[39m, [32m'4.25'[39m, [32m'3.36'[39m, [32m'0.00'[39m ]
data rcv RT:[ [32m'0.00'[39m, [32m'4.31'[39m, [32m'3.38'[39m, [32m'0.01'[39m ]
data rcv RT:[ [32m'0.00'[39m, [32m'4.31'[39m, [32m'3.38'[39m, [32m'0.01'[39m ]
data rcv RT:[ [32m'0.00'[39m, [32m'4.33'[39m, [32m'3.38'[39m, [32m'0.03'[39m ]
data rcv RT:[ [32m'0.00'[39m, [32m'4.35'[39m, [32m'3.37'[39m, [32m'0.01'[39m ]
data rcv RT:[ [32m'0.00'[39m, [32m'4.39'[39m, [32m'3.39'[39m, [32m'0.01'[39m ]
data rcv RT:[ [32m'0.00'[39m, [32m'4.39'[39m, [32m'3.42'[39m, [32m'0.00'[39m ]
data rcv RT:[ [32m'0.00'[39m, [32m'4.34'[39m, [32m'3.42'[39m, [32m'0.00'[39m ]
data rcv RT:[ [32m'0.00'[39m, [32m'4.34'[39m, [32m'3.42'[39m, [32m'0.00'[39m ]
data rcv RT:[ [32m'0.00'[39m, [32m'4.34'[39m, [32m'3.44'[39m, [32m'0.00'[39m ]
data rcv RT:[ [32m'0.00'[39m, [32m'4.31'[39m, [32m'3.42'[39m, [32m'0.00'[39m ]
data rcv RT:[ [32m'0.00'[39m, [32m'4.31'[39m, [32m'3.43'[39m, [32m'0.00'[39m ]
data rcv RT:[ [32m'0.00'[39m, [32m'4.28'[39m, [32m'3.44'[39m, [32m'0.00'[39m ]
data rcv RT:[ [32m'0.00'[39m, [32m'4.27'[39m, [32m'3.39'[39m, [32m'0.00'[39m ]
data rcv RT:[ [32m'0.00'[39m, [32m'4.28'[39m, [32m'3.37'[39m, [32m'0.00'[39m ]
data rcv RT:[ [32m'0.00'[39m, [32m'4.30'[39m, [32m'3.37'[39m, [32m'0.00'[39m ]
data rcv RT:[ [32m'0.00'[39m, [32m'4.34'[39m, [32m'3.38'[39m, [32m'0.01'[39m ]
data rcv RT:[ [32m'0.00'[39m, [32m'4.36'[39m, [32m'3.39'[39m, [32m'0.01'[39m ]
data rcv RT:[ [32m'0.00'[39m, [32m'4.36'[39m, [32m'3.40'[39m, [32m'0.00'[39m ]
data rcv RT:[ [32m'0.00'[39m, [32m'4.35'[39m, [32m'3.43'[39m, [32m'0.00'[39m ]
data rcv RT:[ [32m'0.00'[39m, [32m'4.31'[39m, [32m'3.44'[39m, [32m'0.00'[39m ]
data rcv RT:[ [32m'0.00'[39m, [32m'4.32'[39m, [32m'3.44'[39m, [32m'0.00'[39m ]
data rcv RT:[ [32m'0.00'[39m, [32m'4.31'[39m, [32m'3.42'[39m, [32m'0.00'[39m ]
data rcv RT:[ [32m'0.00'[39m, [32m'4.29'[39m, [32m'3.44'[39m, [32m'0.00'[39m ]
data rcv RT:[ [32m'0.00'[39m, [32m'4.25'[39m, [32m'3.44'[39m, [32m'0.00'[39m ]
data rcv RT:[ [32m'0.00'[39m, [32m'4.27'[39m, [32m'3.38'[39m, [32m'0.00'[39m ]
data rcv RT:[ [32m'0.00'[39m, [32m'4.29'[39m, [32m'3.40'[39m, [32m'0.00'[39m ]
data rcv RT:[ [32m'0.00'[39m, [32m'4.27'[39m, [32m'3.39'[39m, [32m'0.00'[39m ]
data rcv RT:[ [32m'0.00'[39m, [32m'4.30'[39m, [32m'3.39'[39m, [32m'0.01'[39m ]
data rcv RT:[ [32m'0.00'[39m, [32m'4.37'[39m, [32m'3.39'[39m, [32m'0.05'[39m ]
data rcv RT:[ [32m'0.00'[39m, [32m'4.35'[39m, [32m'3.39'[39m, [32m'0.03'[39m ]
data rcv RT:[ [32m'0.00'[39m, [32m'4.37'[39m, [32m'3.39'[39m, [32m'0.00'[39m ]
data rcv RT:[ [32m'0.00'[39m, [32m'4.38'[39m, [32m'3.39'[39m, [32m'0.02'[39m ]
data rcv RT:[ [32m'0.00'[39m, [32m'4.33'[39m, [32m'3.45'[39m, [32m'0.00'[39m ]
data rcv RT:[ [32m'0.00'[39m, [32m'4.31'[39m, [32m'3.44'[39m, [32m'0.00'[39m ]
data rcv RT:[ [32m'0.00'[39m, [32m'4.31'[39m, [32m'3.41'[39m, [32m'0.00'[39m ]
data rcv RT:[ [32m'0.00'[39m, [32m'4.32'[39m, [32m'3.44'[39m, [32m'0.00'[39m ]
data rcv RT:[ [32m'0.00'[39m, [32m'4.30'[39m, [32m'3.40'[39m, [32m'0.00'[39m ]
data rcv RT:[ [32m'0.00'[39m, [32m'4.27'[39m, [32m'3.41'[39m, [32m'0.00'[39m ]
data rcv RT:[ [32m'0.00'[39m, [32m'4.29'[39m, [32m'3.39'[39m, [32m'0.00'[39m ]
data rcv RT:[ [32m'0.00'[39m, [32m'4.30'[39m, [32m'3.40'[39m, [32m'0.00'[39m ]
data rcv RT:[ [32m'0.00'[39m, [32m'4.38'[39m, [32m'3.35'[39m, [32m'0.08'[39m ]
data rcv RT:[ [32m'0.00'[39m, [32m'4.36'[39m, [32m'3.37'[39m, [32m'0.04'[39m ]
data rcv RT:[ [32m'0.00'[39m, [32m'4.36'[39m, [32m'3.44'[39m, [32m'0.00'[39m ]
data rcv RT:[ [32m'0.00'[39m, [32m'4.32'[39m, [32m'3.44'[39m, [32m'0.00'[39m ]
data rcv RT:[ [32m'0.00'[39m, [32m'4.36'[39m, [32m'3.43'[39m, [32m'0.00'[39m ]
data rcv RT:[ [32m'0.00'[39m, [32m'4.30'[39m, [32m'3.43'[39m, [32m'0.00'[39m ]
data rcv RT:[ [32m'0.00'[39m, [32m'4.30'[39m, [32m'3.44'[39m, [32m'0.00'[39m ]
data rcv RT:[ [32m'0.00'[39m, [32m'4.24'[39m, [32m'3.44'[39m, [32m'0.00'[39m ]
data rcv RT:[ [32m'0.00'[39m, [32m'4.26'[39m, [32m'3.37'[39m, [32m'0.00'[39m ]
data rcv RT:[ [32m'0.00'[39m, [32m'4.29'[39m, [32m'3.38'[39m, [32m'0.00'[39m ]
data rcv RT:[ [32m'0.00'[39m, [32m'4.33'[39m, [32m'3.37'[39m, [32m'0.02'[39m ]
client Front End connected
Socket {
  nsp: 
   Namespace {
     name: [32m'/'[39m,
     server: 
      Server {
        nsps: [36m[Object][39m,
        _path: [32m'/socket.io'[39m,
        _serveClient: [33mtrue[39m,
        _adapter: [36m[Function: Adapter][39m,
        _origins: [32m'*:*'[39m,
        sockets: [36m[Circular][39m,
        eio: [36m[Object][39m,
        httpServer: [36m[Object][39m,
        engine: [36m[Object][39m },
     sockets: 
      { [32m'/#vkRh0kfYAeyGpu5HAAAL'[39m: [36m[Object][39m,
        [32m'/#lbdPQgzaAY1NjcU2AAAM'[39m: [36m[Circular][39m },
     connected: 
      { [32m'/#vkRh0kfYAeyGpu5HAAAL'[39m: [36m[Object][39m,
        [32m'/#lbdPQgzaAY1NjcU2AAAM'[39m: [36m[Circular][39m },
     fns: [],
     ids: [33m0[39m,
     adapter: 
      Adapter {
        nsp: [36m[Circular][39m,
        rooms: [36m[Object][39m,
        sids: [36m[Object][39m,
        encoder: Encoder {} },
     _events: { connection: [36m[Function][39m },
     _eventsCount: [33m1[39m },
  server: 
   Server {
     nsps: { [32m'/'[39m: [36m[Object][39m },
     _path: [32m'/socket.io'[39m,
     _serveClient: [33mtrue[39m,
     _adapter: [36m[Function: Adapter][39m,
     _origins: [32m'*:*'[39m,
     sockets: 
      Namespace {
        name: [32m'/'[39m,
        server: [36m[Circular][39m,
        sockets: [36m[Object][39m,
        connected: [36m[Object][39m,
        fns: [],
        ids: [33m0[39m,
        adapter: [36m[Object][39m,
        _events: [36m[Object][39m,
        _eventsCount: [33m1[39m },
     eio: 
      Server {
        clients: [36m[Object][39m,
        clientsCount: [33m2[39m,
        pingTimeout: [33m60000[39m,
        pingInterval: [33m25000[39m,
        upgradeTimeout: [33m10000[39m,
        maxHttpBufferSize: [33m100000000[39m,
        transports: [36m[Object][39m,
        allowUpgrades: [33mtrue[39m,
        allowRequest: [36m[Function: bound ][39m,
        cookie: [32m'io'[39m,
        cookiePath: [33mfalse[39m,
        perMessageDeflate: [36m[Object][39m,
        httpCompression: [36m[Object][39m,
        ws: [36m[Object][39m,
        _events: [36m[Object][39m,
        _eventsCount: [33m1[39m },
     httpServer: 
      Server {
        domain: [1mnull[22m,
        _events: [36m[Object][39m,
        _eventsCount: [33m4[39m,
        _maxListeners: [90mundefined[39m,
        _connections: [33m2[39m,
        _handle: [36m[Object][39m,
        _usingSlaves: [33mfalse[39m,
        _slaves: [],
        _unref: [33mfalse[39m,
        allowHalfOpen: [33mtrue[39m,
        pauseOnConnect: [33mfalse[39m,
        httpAllowHalfOpen: [33mfalse[39m,
        timeout: [33m120000[39m,
        _pendingResponseData: [33m0[39m,
        _connectionKey: [32m'6::::3000'[39m },
     engine: 
      Server {
        clients: [36m[Object][39m,
        clientsCount: [33m2[39m,
        pingTimeout: [33m60000[39m,
        pingInterval: [33m25000[39m,
        upgradeTimeout: [33m10000[39m,
        maxHttpBufferSize: [33m100000000[39m,
        transports: [36m[Object][39m,
        allowUpgrades: [33mtrue[39m,
        allowRequest: [36m[Function: bound ][39m,
        cookie: [32m'io'[39m,
        cookiePath: [33mfalse[39m,
        perMessageDeflate: [36m[Object][39m,
        httpCompression: [36m[Object][39m,
        ws: [36m[Object][39m,
        _events: [36m[Object][39m,
        _eventsCount: [33m1[39m } },
  adapter: 
   Adapter {
     nsp: 
      Namespace {
        name: [32m'/'[39m,
        server: [36m[Object][39m,
        sockets: [36m[Object][39m,
        connected: [36m[Object][39m,
        fns: [],
        ids: [33m0[39m,
        adapter: [36m[Circular][39m,
        _events: [36m[Object][39m,
        _eventsCount: [33m1[39m },
     rooms: 
      { [32m'/#vkRh0kfYAeyGpu5HAAAL'[39m: [36m[Object][39m,
        [32m'/#lbdPQgzaAY1NjcU2AAAM'[39m: [36m[Object][39m },
     sids: 
      { [32m'/#vkRh0kfYAeyGpu5HAAAL'[39m: [36m[Object][39m,
        [32m'/#lbdPQgzaAY1NjcU2AAAM'[39m: [36m[Object][39m },
     encoder: Encoder {} },
  id: [32m'/#lbdPQgzaAY1NjcU2AAAM'[39m,
  client: 
   Client {
     server: 
      Server {
        nsps: [36m[Object][39m,
        _path: [32m'/socket.io'[39m,
        _serveClient: [33mtrue[39m,
        _adapter: [36m[Function: Adapter][39m,
        _origins: [32m'*:*'[39m,
        sockets: [36m[Object][39m,
        eio: [36m[Object][39m,
        httpServer: [36m[Object][39m,
        engine: [36m[Object][39m },
     conn: 
      Socket {
        id: [32m'lbdPQgzaAY1NjcU2AAAM'[39m,
        server: [36m[Object][39m,
        upgrading: [33mfalse[39m,
        upgraded: [33mfalse[39m,
        readyState: [32m'open'[39m,
        writeBuffer: [36m[Object][39m,
        packetsFn: [36m[Object][39m,
        sentCallbackFn: [],
        cleanupFn: [36m[Object][39m,
        request: [36m[Object][39m,
        remoteAddress: [32m'::ffff:10.210.30.32'[39m,
        checkIntervalTimer: [1mnull[22m,
        upgradeTimeoutTimer: [1mnull[22m,
        pingTimeoutTimer: [36m[Object][39m,
        transport: [36m[Object][39m,
        _events: [36m[Object][39m,
        _eventsCount: [33m3[39m },
     encoder: Encoder {},
     decoder: Decoder { reconstructor: [1mnull[22m, _callbacks: [36m[Object][39m },
     id: [32m'lbdPQgzaAY1NjcU2AAAM'[39m,
     request: 
      IncomingMessage {
        _readableState: [36m[Object][39m,
        readable: [33mtrue[39m,
        domain: [1mnull[22m,
        _events: {},
        _eventsCount: [33m0[39m,
        _maxListeners: [90mundefined[39m,
        socket: [36m[Object][39m,
        connection: [36m[Object][39m,
        httpVersionMajor: [33m1[39m,
        httpVersionMinor: [33m1[39m,
        httpVersion: [32m'1.1'[39m,
        complete: [33mtrue[39m,
        headers: [36m[Object][39m,
        rawHeaders: [36m[Object][39m,
        trailers: {},
        rawTrailers: [],
        upgrade: [33mfalse[39m,
        url: [32m'/socket.io/?EIO=3&transport=polling&t=LTlWciD'[39m,
        method: [32m'GET'[39m,
        statusCode: [1mnull[22m,
        statusMessage: [1mnull[22m,
        client: [36m[Object][39m,
        _consuming: [33mfalse[39m,
        _dumped: [33mtrue[39m,
        _query: [36m[Object][39m,
        res: [36m[Object][39m,
        cleanup: [36m[Function: cleanup][39m },
     onclose: [36m[Function: bound ][39m,
     ondata: [36m[Function: bound ][39m,
     onerror: [36m[Function: bound ][39m,
     ondecoded: [36m[Function: bound ][39m,
     sockets: { [32m'/#lbdPQgzaAY1NjcU2AAAM'[39m: [36m[Circular][39m },
     nsps: { [32m'/'[39m: [36m[Circular][39m },
     connectBuffer: [] },
  conn: 
   Socket {
     id: [32m'lbdPQgzaAY1NjcU2AAAM'[39m,
     server: 
      Server {
        clients: [36m[Object][39m,
        clientsCount: [33m2[39m,
        pingTimeout: [33m60000[39m,
        pingInterval: [33m25000[39m,
        upgradeTimeout: [33m10000[39m,
        maxHttpBufferSize: [33m100000000[39m,
        transports: [36m[Object][39m,
        allowUpgrades: [33mtrue[39m,
        allowRequest: [36m[Function: bound ][39m,
        cookie: [32m'io'[39m,
        cookiePath: [33mfalse[39m,
        perMessageDeflate: [36m[Object][39m,
        httpCompression: [36m[Object][39m,
        ws: [36m[Object][39m,
        _events: [36m[Object][39m,
        _eventsCount: [33m1[39m },
     upgrading: [33mfalse[39m,
     upgraded: [33mfalse[39m,
     readyState: [32m'open'[39m,
     writeBuffer: [ [36m[Object][39m ],
     packetsFn: [ [90mundefined[39m ],
     sentCallbackFn: [],
     cleanupFn: [ [36m[Function][39m, [36m[Function][39m ],
     request: 
      IncomingMessage {
        _readableState: [36m[Object][39m,
        readable: [33mtrue[39m,
        domain: [1mnull[22m,
        _events: {},
        _eventsCount: [33m0[39m,
        _maxListeners: [90mundefined[39m,
        socket: [36m[Object][39m,
        connection: [36m[Object][39m,
        httpVersionMajor: [33m1[39m,
        httpVersionMinor: [33m1[39m,
        httpVersion: [32m'1.1'[39m,
        complete: [33mtrue[39m,
        headers: [36m[Object][39m,
        rawHeaders: [36m[Object][39m,
        trailers: {},
        rawTrailers: [],
        upgrade: [33mfalse[39m,
        url: [32m'/socket.io/?EIO=3&transport=polling&t=LTlWciD'[39m,
        method: [32m'GET'[39m,
        statusCode: [1mnull[22m,
        statusMessage: [1mnull[22m,
        client: [36m[Object][39m,
        _consuming: [33mfalse[39m,
        _dumped: [33mtrue[39m,
        _query: [36m[Object][39m,
        res: [36m[Object][39m,
        cleanup: [36m[Function: cleanup][39m },
     remoteAddress: [32m'::ffff:10.210.30.32'[39m,
     checkIntervalTimer: [1mnull[22m,
     upgradeTimeoutTimer: [1mnull[22m,
     pingTimeoutTimer: 
      Timeout {
        _called: [33mfalse[39m,
        _idleTimeout: [33m85000[39m,
        _idlePrev: [36m[Object][39m,
        _idleNext: [36m[Object][39m,
        _idleStart: [33m7196661[39m,
        _onTimeout: [36m[Function][39m,
        _repeat: [1mnull[22m },
     transport: 
      XHR {
        readyState: [32m'open'[39m,
        discarded: [33mfalse[39m,
        closeTimeout: [33m30000[39m,
        maxHttpBufferSize: [33m100000000[39m,
        httpCompression: [36m[Object][39m,
        supportsBinary: [33mtrue[39m,
        _events: [36m[Object][39m,
        _eventsCount: [33m5[39m,
        sid: [32m'lbdPQgzaAY1NjcU2AAAM'[39m,
        req: [1mnull[22m,
        res: [1mnull[22m,
        writable: [33mfalse[39m },
     _events: 
      { close: [36m[Object][39m,
        data: [36m[Function: bound ][39m,
        error: [36m[Function: bound ][39m },
     _eventsCount: [33m3[39m },
  rooms: {},
  acks: {},
  connected: [33mtrue[39m,
  disconnected: [33mfalse[39m,
  handshake: 
   { headers: 
      { host: [32m'10.210.30.148:3000'[39m,
        connection: [32m'keep-alive'[39m,
        [32m'user-agent'[39m: [32m'Mozilla/5.0 (Windows NT 5.1) AppleWebKit/537.36 (KHTML, like Gecko) Chrome/49.0.2623.112 Safari/537.36'[39m,
        origin: [32m'http://10.210.30.148'[39m,
        accept: [32m'*/*'[39m,
        referer: [32m'http://10.210.30.148/sku/'[39m,
        [32m'accept-encoding'[39m: [32m'gzip, deflate, sdch'[39m,
        [32m'accept-language'[39m: [32m'ru-RU,ru;q=0.8,en-US;q=0.6,en;q=0.4'[39m,
        cookie: [32m'io=Jz3-kqChogUywl5jAAAX'[39m },
     time: [32m'Wed Sep 28 2016 10:35:08 GMT+0400 (SAMT)'[39m,
     address: [32m'::ffff:10.210.30.32'[39m,
     xdomain: [33mtrue[39m,
     secure: [33mfalse[39m,
     issued: [33m1475044508878[39m,
     url: [32m'/socket.io/?EIO=3&transport=polling&t=LTlWciD'[39m,
     query: { EIO: [32m'3'[39m, transport: [32m'polling'[39m, t: [32m'LTlWciD'[39m } } }
data rcv RT:[ [32m'0.00'[39m, [32m'4.29'[39m, [32m'3.39'[39m, [32m'0.00'[39m ]
data rcv RT:[ [32m'0.00'[39m, [32m'4.33'[39m, [32m'3.37'[39m, [32m'0.01'[39m ]
data rcv RT:[ [32m'0.00'[39m, [32m'4.32'[39m, [32m'3.39'[39m, [32m'0.04'[39m ]
data rcv RT:[ [32m'0.00'[39m, [32m'4.35'[39m, [32m'3.39'[39m, [32m'0.04'[39m ]
data rcv RT:[ [32m'0.00'[39m, [32m'4.38'[39m, [32m'3.42'[39m, [32m'0.01'[39m ]
data rcv RT:[ [32m'0.00'[39m, [32m'4.35'[39m, [32m'3.43'[39m, [32m'0.00'[39m ]
data rcv RT:[ [32m'0.00'[39m, [32m'4.37'[39m, [32m'3.43'[39m, [32m'0.00'[39m ]
data rcv RT:[ [32m'0.00'[39m, [32m'4.34'[39m, [32m'3.40'[39m, [32m'0.00'[39m ]
data rcv RT:[ [32m'0.00'[39m, [32m'4.35'[39m, [32m'3.42'[39m, [32m'0.00'[39m ]
data rcv RT:[ [32m'0.00'[39m, [32m'4.30'[39m, [32m'3.40'[39m, [32m'0.00'[39m ]
data rcv RT:[ [32m'0.00'[39m, [32m'4.33'[39m, [32m'3.46'[39m, [32m'0.00'[39m ]
data rcv RT:[ [32m'0.00'[39m, [32m'4.28'[39m, [32m'3.44'[39m, [32m'0.00'[39m ]
min_max
MinMax Pool OK
[ RowDataPacket { minimum: [33m1474967372599[39m } ]
[ RowDataPacket { maximum: [33m1475044520343[39m } ]
[ RowDataPacket { minimum: [33m1474967320597[39m } ]
[ RowDataPacket { maximum: [33m1475044520903[39m } ]
MinMax connection released
min:1474967372599 max:1475044520343
min:1474967320597 max:1475044520903
{ min: 1474967372599, max: 1475044520903, tube: 3 }
ARJ LOAD started
interval:77148304
ArjLoad Pool OK
ArjLoad connection released
arj:
all con:[33m3[39m
free con:[33m1[39m
data rcv RT:[ [32m'0.00'[39m, [32m'4.28'[39m, [32m'3.36'[39m, [32m'0.00'[39m ]
client Front End connected
Socket {
  nsp: 
   Namespace {
     name: [32m'/'[39m,
     server: 
      Server {
        nsps: [36m[Object][39m,
        _path: [32m'/socket.io'[39m,
        _serveClient: [33mtrue[39m,
        _adapter: [36m[Function: Adapter][39m,
        _origins: [32m'*:*'[39m,
        sockets: [36m[Circular][39m,
        eio: [36m[Object][39m,
        httpServer: [36m[Object][39m,
        engine: [36m[Object][39m },
     sockets: 
      { [32m'/#vkRh0kfYAeyGpu5HAAAL'[39m: [36m[Object][39m,
        [32m'/#lbdPQgzaAY1NjcU2AAAM'[39m: [36m[Object][39m,
        [32m'/#yo8eFoEUou8CuW70AAAN'[39m: [36m[Circular][39m },
     connected: 
      { [32m'/#vkRh0kfYAeyGpu5HAAAL'[39m: [36m[Object][39m,
        [32m'/#lbdPQgzaAY1NjcU2AAAM'[39m: [36m[Object][39m,
        [32m'/#yo8eFoEUou8CuW70AAAN'[39m: [36m[Circular][39m },
     fns: [],
     ids: [33m0[39m,
     adapter: 
      Adapter {
        nsp: [36m[Circular][39m,
        rooms: [36m[Object][39m,
        sids: [36m[Object][39m,
        encoder: Encoder {} },
     _events: { connection: [36m[Function][39m },
     _eventsCount: [33m1[39m },
  server: 
   Server {
     nsps: { [32m'/'[39m: [36m[Object][39m },
     _path: [32m'/socket.io'[39m,
     _serveClient: [33mtrue[39m,
     _adapter: [36m[Function: Adapter][39m,
     _origins: [32m'*:*'[39m,
     sockets: 
      Namespace {
        name: [32m'/'[39m,
        server: [36m[Circular][39m,
        sockets: [36m[Object][39m,
        connected: [36m[Object][39m,
        fns: [],
        ids: [33m0[39m,
        adapter: [36m[Object][39m,
        _events: [36m[Object][39m,
        _eventsCount: [33m1[39m },
     eio: 
      Server {
        clients: [36m[Object][39m,
        clientsCount: [33m3[39m,
        pingTimeout: [33m60000[39m,
        pingInterval: [33m25000[39m,
        upgradeTimeout: [33m10000[39m,
        maxHttpBufferSize: [33m100000000[39m,
        transports: [36m[Object][39m,
        allowUpgrades: [33mtrue[39m,
        allowRequest: [36m[Function: bound ][39m,
        cookie: [32m'io'[39m,
        cookiePath: [33mfalse[39m,
        perMessageDeflate: [36m[Object][39m,
        httpCompression: [36m[Object][39m,
        ws: [36m[Object][39m,
        _events: [36m[Object][39m,
        _eventsCount: [33m1[39m },
     httpServer: 
      Server {
        domain: [1mnull[22m,
        _events: [36m[Object][39m,
        _eventsCount: [33m4[39m,
        _maxListeners: [90mundefined[39m,
        _connections: [33m7[39m,
        _handle: [36m[Object][39m,
        _usingSlaves: [33mfalse[39m,
        _slaves: [],
        _unref: [33mfalse[39m,
        allowHalfOpen: [33mtrue[39m,
        pauseOnConnect: [33mfalse[39m,
        httpAllowHalfOpen: [33mfalse[39m,
        timeout: [33m120000[39m,
        _pendingResponseData: [33m0[39m,
        _connectionKey: [32m'6::::3000'[39m },
     engine: 
      Server {
        clients: [36m[Object][39m,
        clientsCount: [33m3[39m,
        pingTimeout: [33m60000[39m,
        pingInterval: [33m25000[39m,
        upgradeTimeout: [33m10000[39m,
        maxHttpBufferSize: [33m100000000[39m,
        transports: [36m[Object][39m,
        allowUpgrades: [33mtrue[39m,
        allowRequest: [36m[Function: bound ][39m,
        cookie: [32m'io'[39m,
        cookiePath: [33mfalse[39m,
        perMessageDeflate: [36m[Object][39m,
        httpCompression: [36m[Object][39m,
        ws: [36m[Object][39m,
        _events: [36m[Object][39m,
        _eventsCount: [33m1[39m } },
  adapter: 
   Adapter {
     nsp: 
      Namespace {
        name: [32m'/'[39m,
        server: [36m[Object][39m,
        sockets: [36m[Object][39m,
        connected: [36m[Object][39m,
        fns: [],
        ids: [33m0[39m,
        adapter: [36m[Circular][39m,
        _events: [36m[Object][39m,
        _eventsCount: [33m1[39m },
     rooms: 
      { [32m'/#vkRh0kfYAeyGpu5HAAAL'[39m: [36m[Object][39m,
        [32m'/#lbdPQgzaAY1NjcU2AAAM'[39m: [36m[Object][39m,
        [32m'/#yo8eFoEUou8CuW70AAAN'[39m: [36m[Object][39m },
     sids: 
      { [32m'/#vkRh0kfYAeyGpu5HAAAL'[39m: [36m[Object][39m,
        [32m'/#lbdPQgzaAY1NjcU2AAAM'[39m: [36m[Object][39m,
        [32m'/#yo8eFoEUou8CuW70AAAN'[39m: [36m[Object][39m },
     encoder: Encoder {} },
  id: [32m'/#yo8eFoEUou8CuW70AAAN'[39m,
  client: 
   Client {
     server: 
      Server {
        nsps: [36m[Object][39m,
        _path: [32m'/socket.io'[39m,
        _serveClient: [33mtrue[39m,
        _adapter: [36m[Function: Adapter][39m,
        _origins: [32m'*:*'[39m,
        sockets: [36m[Object][39m,
        eio: [36m[Object][39m,
        httpServer: [36m[Object][39m,
        engine: [36m[Object][39m },
     conn: 
      Socket {
        id: [32m'yo8eFoEUou8CuW70AAAN'[39m,
        server: [36m[Object][39m,
        upgrading: [33mfalse[39m,
        upgraded: [33mfalse[39m,
        readyState: [32m'open'[39m,
        writeBuffer: [36m[Object][39m,
        packetsFn: [36m[Object][39m,
        sentCallbackFn: [],
        cleanupFn: [36m[Object][39m,
        request: [36m[Object][39m,
        remoteAddress: [32m'::ffff:10.210.30.41'[39m,
        checkIntervalTimer: [1mnull[22m,
        upgradeTimeoutTimer: [1mnull[22m,
        pingTimeoutTimer: [36m[Object][39m,
        transport: [36m[Object][39m,
        _events: [36m[Object][39m,
        _eventsCount: [33m3[39m },
     encoder: Encoder {},
     decoder: Decoder { reconstructor: [1mnull[22m, _callbacks: [36m[Object][39m },
     id: [32m'yo8eFoEUou8CuW70AAAN'[39m,
     request: 
      IncomingMessage {
        _readableState: [36m[Object][39m,
        readable: [33mtrue[39m,
        domain: [1mnull[22m,
        _events: {},
        _eventsCount: [33m0[39m,
        _maxListeners: [90mundefined[39m,
        socket: [36m[Object][39m,
        connection: [36m[Object][39m,
        httpVersionMajor: [33m1[39m,
        httpVersionMinor: [33m1[39m,
        httpVersion: [32m'1.1'[39m,
        complete: [33mtrue[39m,
        headers: [36m[Object][39m,
        rawHeaders: [36m[Object][39m,
        trailers: {},
        rawTrailers: [],
        upgrade: [33mfalse[39m,
        url: [32m'/socket.io/?EIO=3&transport=polling&t=LTlWK0D'[39m,
        method: [32m'GET'[39m,
        statusCode: [1mnull[22m,
        statusMessage: [1mnull[22m,
        client: [36m[Object][39m,
        _consuming: [33mfalse[39m,
        _dumped: [33mtrue[39m,
        _query: [36m[Object][39m,
        res: [36m[Object][39m,
        cleanup: [36m[Function: cleanup][39m },
     onclose: [36m[Function: bound ][39m,
     ondata: [36m[Function: bound ][39m,
     onerror: [36m[Function: bound ][39m,
     ondecoded: [36m[Function: bound ][39m,
     sockets: { [32m'/#yo8eFoEUou8CuW70AAAN'[39m: [36m[Circular][39m },
     nsps: { [32m'/'[39m: [36m[Circular][39m },
     connectBuffer: [] },
  conn: 
   Socket {
     id: [32m'yo8eFoEUou8CuW70AAAN'[39m,
     server: 
      Server {
        clients: [36m[Object][39m,
        clientsCount: [33m3[39m,
        pingTimeout: [33m60000[39m,
        pingInterval: [33m25000[39m,
        upgradeTimeout: [33m10000[39m,
        maxHttpBufferSize: [33m100000000[39m,
        transports: [36m[Object][39m,
        allowUpgrades: [33mtrue[39m,
        allowRequest: [36m[Function: bound ][39m,
        cookie: [32m'io'[39m,
        cookiePath: [33mfalse[39m,
        perMessageDeflate: [36m[Object][39m,
        httpCompression: [36m[Object][39m,
        ws: [36m[Object][39m,
        _events: [36m[Object][39m,
        _eventsCount: [33m1[39m },
     upgrading: [33mfalse[39m,
     upgraded: [33mfalse[39m,
     readyState: [32m'open'[39m,
     writeBuffer: [ [36m[Object][39m ],
     packetsFn: [ [90mundefined[39m ],
     sentCallbackFn: [],
     cleanupFn: [ [36m[Function][39m, [36m[Function][39m ],
     request: 
      IncomingMessage {
        _readableState: [36m[Object][39m,
        readable: [33mtrue[39m,
        domain: [1mnull[22m,
        _events: {},
        _eventsCount: [33m0[39m,
        _maxListeners: [90mundefined[39m,
        socket: [36m[Object][39m,
        connection: [36m[Object][39m,
        httpVersionMajor: [33m1[39m,
        httpVersionMinor: [33m1[39m,
        httpVersion: [32m'1.1'[39m,
        complete: [33mtrue[39m,
        headers: [36m[Object][39m,
        rawHeaders: [36m[Object][39m,
        trailers: {},
        rawTrailers: [],
        upgrade: [33mfalse[39m,
        url: [32m'/socket.io/?EIO=3&transport=polling&t=LTlWK0D'[39m,
        method: [32m'GET'[39m,
        statusCode: [1mnull[22m,
        statusMessage: [1mnull[22m,
        client: [36m[Object][39m,
        _consuming: [33mfalse[39m,
        _dumped: [33mtrue[39m,
        _query: [36m[Object][39m,
        res: [36m[Object][39m,
        cleanup: [36m[Function: cleanup][39m },
     remoteAddress: [32m'::ffff:10.210.30.41'[39m,
     checkIntervalTimer: [1mnull[22m,
     upgradeTimeoutTimer: [1mnull[22m,
     pingTimeoutTimer: 
      Timeout {
        _called: [33mfalse[39m,
        _idleTimeout: [33m85000[39m,
        _idlePrev: [36m[Object][39m,
        _idleNext: [36m[Object][39m,
        _idleStart: [33m7209779[39m,
        _onTimeout: [36m[Function][39m,
        _repeat: [1mnull[22m },
     transport: 
      XHR {
        readyState: [32m'open'[39m,
        discarded: [33mfalse[39m,
        closeTimeout: [33m30000[39m,
        maxHttpBufferSize: [33m100000000[39m,
        httpCompression: [36m[Object][39m,
        supportsBinary: [33mtrue[39m,
        _events: [36m[Object][39m,
        _eventsCount: [33m5[39m,
        sid: [32m'yo8eFoEUou8CuW70AAAN'[39m,
        req: [1mnull[22m,
        res: [1mnull[22m,
        writable: [33mfalse[39m },
     _events: 
      { close: [36m[Object][39m,
        data: [36m[Function: bound ][39m,
        error: [36m[Function: bound ][39m },
     _eventsCount: [33m3[39m },
  rooms: {},
  acks: {},
  connected: [33mtrue[39m,
  disconnected: [33mfalse[39m,
  handshake: 
   { headers: 
      { host: [32m'10.210.30.148:3000'[39m,
        connection: [32m'keep-alive'[39m,
        [32m'user-agent'[39m: [32m'Mozilla/5.0 (Windows NT 5.1) AppleWebKit/537.36 (KHTML, like Gecko) Chrome/49.0.2623.112 Safari/537.36'[39m,
        origin: [32m'http://10.210.30.148'[39m,
        accept: [32m'*/*'[39m,
        referer: [32m'http://10.210.30.148/sku/'[39m,
        [32m'accept-encoding'[39m: [32m'gzip, deflate, sdch'[39m,
        [32m'accept-language'[39m: [32m'ru-RU,ru;q=0.8,en-US;q=0.6,en;q=0.4'[39m,
        cookie: [32m'io=vkRh0kfYAeyGpu5HAAAL'[39m },
     time: [32m'Wed Sep 28 2016 10:35:21 GMT+0400 (SAMT)'[39m,
     address: [32m'::ffff:10.210.30.41'[39m,
     xdomain: [33mtrue[39m,
     secure: [33mfalse[39m,
     issued: [33m1475044521995[39m,
     url: [32m'/socket.io/?EIO=3&transport=polling&t=LTlWK0D'[39m,
     query: { EIO: [32m'3'[39m, transport: [32m'polling'[39m, t: [32m'LTlWK0D'[39m } } }
data rcv RT:[ [32m'0.00'[39m, [32m'4.29'[39m, [32m'3.43'[39m, [32m'0.00'[39m ]
data rcv RT:[ [32m'0.00'[39m, [32m'4.26'[39m, [32m'3.42'[39m, [32m'0.00'[39m ]
data rcv RT:[ [32m'0.00'[39m, [32m'4.29'[39m, [32m'3.37'[39m, [32m'0.00'[39m ]
data rcv RT:[ [32m'0.00'[39m, [32m'4.31'[39m, [32m'3.39'[39m, [32m'0.00'[39m ]
data rcv RT:[ [32m'0.00'[39m, [32m'4.30'[39m, [32m'3.37'[39m, [32m'0.00'[39m ]
data rcv RT:[ [32m'0.00'[39m, [32m'4.33'[39m, [32m'3.40'[39m, [32m'0.00'[39m ]
data rcv RT:[ [32m'0.00'[39m, [32m'4.34'[39m, [32m'3.35'[39m, [32m'0.07'[39m ]
data rcv RT:[ [32m'0.00'[39m, [32m'4.37'[39m, [32m'3.39'[39m, [32m'0.00'[39m ]
data rcv RT:[ [32m'0.00'[39m, [32m'4.36'[39m, [32m'3.40'[39m, [32m'0.02'[39m ]
data rcv RT:[ [32m'0.00'[39m, [32m'4.36'[39m, [32m'3.40'[39m, [32m'0.02'[39m ]
data rcv RT:[ [32m'0.00'[39m, [32m'4.39'[39m, [32m'3.39'[39m, [32m'0.00'[39m ]
data rcv RT:[ [32m'0.00'[39m, [32m'4.34'[39m, [32m'3.44'[39m, [32m'0.00'[39m ]
data rcv RT:[ [32m'0.00'[39m, [32m'4.33'[39m, [32m'3.43'[39m, [32m'0.00'[39m ]
data rcv RT:[ [32m'0.00'[39m, [32m'4.33'[39m, [32m'3.42'[39m, [32m'0.00'[39m ]
data rcv RT:[ [32m'0.00'[39m, [32m'4.30'[39m, [32m'3.44'[39m, [32m'0.00'[39m ]
data rcv RT:[ [32m'0.00'[39m, [32m'4.31'[39m, [32m'3.41'[39m, [32m'0.00'[39m ]
data rcv RT:[ [32m'0.00'[39m, [32m'4.29'[39m, [32m'3.40'[39m, [32m'0.00'[39m ]
data rcv RT:[ [32m'0.00'[39m, [32m'4.29'[39m, [32m'3.37'[39m, [32m'0.00'[39m ]
data rcv RT:[ [32m'0.00'[39m, [32m'4.25'[39m, [32m'3.37'[39m, [32m'0.00'[39m ]
data rcv RT:[ [32m'0.00'[39m, [32m'4.30'[39m, [32m'3.38'[39m, [32m'0.00'[39m ]
data rcv RT:[ [32m'0.00'[39m, [32m'4.31'[39m, [32m'3.39'[39m, [32m'0.00'[39m ]
data rcv RT:[ [32m'0.00'[39m, [32m'4.32'[39m, [32m'3.38'[39m, [32m'0.02'[39m ]
data rcv RT:[ [32m'0.00'[39m, [32m'4.38'[39m, [32m'3.42'[39m, [32m'0.01'[39m ]
data rcv RT:[ [32m'0.00'[39m, [32m'4.36'[39m, [32m'3.41'[39m, [32m'0.00'[39m ]
data rcv RT:[ [32m'0.00'[39m, [32m'4.35'[39m, [32m'3.42'[39m, [32m'0.00'[39m ]
data rcv RT:[ [32m'0.00'[39m, [32m'4.34'[39m, [32m'3.39'[39m, [32m'0.00'[39m ]
data rcv RT:[ [32m'0.00'[39m, [32m'4.31'[39m, [32m'3.40'[39m, [32m'0.00'[39m ]
data rcv RT:[ [32m'0.00'[39m, [32m'4.32'[39m, [32m'3.42'[39m, [32m'0.00'[39m ]
data rcv RT:[ [32m'0.00'[39m, [32m'4.30'[39m, [32m'3.43'[39m, [32m'0.00'[39m ]
data rcv RT:[ [32m'0.00'[39m, [32m'4.27'[39m, [32m'3.43'[39m, [32m'0.00'[39m ]
data rcv RT:[ [32m'0.00'[39m, [32m'4.27'[39m, [32m'3.45'[39m, [32m'0.00'[39m ]
data rcv RT:[ [32m'0.00'[39m, [32m'4.27'[39m, [32m'3.39'[39m, [32m'0.00'[39m ]
data rcv RT:[ [32m'0.00'[39m, [32m'4.29'[39m, [32m'3.39'[39m, [32m'0.00'[39m ]
data rcv RT:[ [32m'0.00'[39m, [32m'4.33'[39m, [32m'3.37'[39m, [32m'0.01'[39m ]
data rcv RT:[ [32m'0.00'[39m, [32m'4.33'[39m, [32m'3.39'[39m, [32m'0.01'[39m ]
data rcv RT:[ [32m'0.00'[39m, [32m'4.38'[39m, [32m'3.39'[39m, [32m'0.02'[39m ]
data rcv RT:[ [32m'0.00'[39m, [32m'4.35'[39m, [32m'3.36'[39m, [32m'0.04'[39m ]
data rcv RT:[ [32m'0.00'[39m, [32m'4.35'[39m, [32m'3.39'[39m, [32m'0.02'[39m ]
data rcv RT:[ [32m'0.00'[39m, [32m'4.36'[39m, [32m'3.41'[39m, [32m'0.00'[39m ]
data rcv RT:[ [32m'0.00'[39m, [32m'4.32'[39m, [32m'3.42'[39m, [32m'0.00'[39m ]
data rcv RT:[ [32m'0.00'[39m, [32m'4.29'[39m, [32m'3.42'[39m, [32m'0.00'[39m ]
data rcv RT:[ [32m'0.00'[39m, [32m'4.31'[39m, [32m'3.44'[39m, [32m'0.00'[39m ]
data rcv RT:[ [32m'0.00'[39m, [32m'4.28'[39m, [32m'3.43'[39m, [32m'0.00'[39m ]
data rcv RT:[ [32m'0.00'[39m, [32m'4.25'[39m, [32m'3.39'[39m, [32m'0.00'[39m ]
data rcv RT:[ [32m'0.00'[39m, [32m'4.30'[39m, [32m'3.38'[39m, [32m'0.00'[39m ]
data rcv RT:[ [32m'0.00'[39m, [32m'4.29'[39m, [32m'3.38'[39m, [32m'0.00'[39m ]
data rcv RT:[ [32m'0.00'[39m, [32m'4.31'[39m, [32m'3.37'[39m, [32m'0.01'[39m ]
data rcv RT:[ [32m'0.00'[39m, [32m'4.32'[39m, [32m'3.36'[39m, [32m'0.02'[39m ]
data rcv RT:[ [32m'0.00'[39m, [32m'4.34'[39m, [32m'3.37'[39m, [32m'0.03'[39m ]
data rcv RT:[ [32m'0.00'[39m, [32m'4.40'[39m, [32m'3.39'[39m, [32m'0.03'[39m ]
data rcv RT:[ [32m'0.00'[39m, [32m'4.39'[39m, [32m'3.41'[39m, [32m'0.00'[39m ]
data rcv RT:[ [32m'0.00'[39m, [32m'4.34'[39m, [32m'3.41'[39m, [32m'0.00'[39m ]
data rcv RT:[ [32m'0.00'[39m, [32m'4.32'[39m, [32m'3.45'[39m, [32m'0.00'[39m ]
data rcv RT:[ [32m'0.00'[39m, [32m'4.30'[39m, [32m'3.42'[39m, [32m'0.00'[39m ]
data rcv RT:[ [32m'0.00'[39m, [32m'4.28'[39m, [32m'3.40'[39m, [32m'0.00'[39m ]
data rcv RT:[ [32m'0.00'[39m, [32m'4.27'[39m, [32m'3.42'[39m, [32m'0.00'[39m ]
data rcv RT:[ [32m'0.00'[39m, [32m'4.27'[39m, [32m'3.37'[39m, [32m'0.00'[39m ]
data rcv RT:[ [32m'0.00'[39m, [32m'4.34'[39m, [32m'3.37'[39m, [32m'0.03'[39m ]
data rcv RT:[ [32m'0.00'[39m, [32m'4.36'[39m, [32m'3.39'[39m, [32m'0.02'[39m ]
data rcv RT:[ [32m'0.00'[39m, [32m'4.37'[39m, [32m'3.42'[39m, [32m'0.00'[39m ]
data rcv RT:[ [32m'0.00'[39m, [32m'4.35'[39m, [32m'3.44'[39m, [32m'0.00'[39m ]
data rcv RT:[ [32m'0.00'[39m, [32m'4.31'[39m, [32m'3.45'[39m, [32m'0.00'[39m ]
data rcv RT:[ [32m'0.00'[39m, [32m'4.32'[39m, [32m'3.42'[39m, [32m'0.00'[39m ]
data rcv RT:[ [32m'0.00'[39m, [32m'4.32'[39m, [32m'3.43'[39m, [32m'0.00'[39m ]
data rcv RT:[ [32m'0.00'[39m, [32m'4.27'[39m, [32m'3.44'[39m, [32m'0.00'[39m ]
data rcv RT:[ [32m'0.00'[39m, [32m'4.25'[39m, [32m'3.40'[39m, [32m'0.00'[39m ]
data rcv RT:[ [32m'0.00'[39m, [32m'4.25'[39m, [32m'3.41'[39m, [32m'0.00'[39m ]
data rcv RT:[ [32m'0.00'[39m, [32m'4.30'[39m, [32m'3.39'[39m, [32m'0.00'[39m ]
data rcv RT:[ [32m'0.00'[39m, [32m'4.34'[39m, [32m'3.35'[39m, [32m'0.04'[39m ]
data rcv RT:[ [32m'0.00'[39m, [32m'4.37'[39m, [32m'3.41'[39m, [32m'0.00'[39m ]
data rcv RT:[ [32m'0.00'[39m, [32m'4.38'[39m, [32m'3.39'[39m, [32m'0.04'[39m ]
data rcv RT:[ [32m'0.00'[39m, [32m'4.39'[39m, [32m'3.41'[39m, [32m'0.00'[39m ]
data rcv RT:[ [32m'0.00'[39m, [32m'4.36'[39m, [32m'3.42'[39m, [32m'0.00'[39m ]
data rcv RT:[ [32m'0.00'[39m, [32m'4.32'[39m, [32m'3.43'[39m, [32m'0.00'[39m ]
data rcv RT:[ [32m'0.00'[39m, [32m'4.32'[39m, [32m'3.48'[39m, [32m'0.00'[39m ]
data rcv RT:[ [32m'0.00'[39m, [32m'4.29'[39m, [32m'3.46'[39m, [32m'0.00'[39m ]
data rcv RT:[ [32m'0.00'[39m, [32m'4.24'[39m, [32m'3.39'[39m, [32m'0.00'[39m ]
data rcv RT:[ [32m'0.00'[39m, [32m'4.26'[39m, [32m'3.37'[39m, [32m'0.00'[39m ]
data rcv RT:[ [32m'0.00'[39m, [32m'4.28'[39m, [32m'3.38'[39m, [32m'0.00'[39m ]
data rcv RT:[ [32m'0.00'[39m, [32m'4.32'[39m, [32m'3.39'[39m, [32m'0.00'[39m ]
data rcv RT:[ [32m'0.00'[39m, [32m'4.33'[39m, [32m'3.37'[39m, [32m'0.01'[39m ]
data rcv RT:[ [32m'0.00'[39m, [32m'4.37'[39m, [32m'3.41'[39m, [32m'0.00'[39m ]
data rcv RT:[ [32m'0.00'[39m, [32m'4.36'[39m, [32m'3.47'[39m, [32m'0.00'[39m ]
data rcv RT:[ [32m'0.00'[39m, [32m'4.34'[39m, [32m'3.44'[39m, [32m'0.00'[39m ]
data rcv RT:[ [32m'0.00'[39m, [32m'4.32'[39m, [32m'3.42'[39m, [32m'0.00'[39m ]
data rcv RT:[ [32m'0.00'[39m, [32m'4.32'[39m, [32m'3.44'[39m, [32m'0.00'[39m ]
data rcv RT:[ [32m'0.00'[39m, [32m'4.28'[39m, [32m'3.45'[39m, [32m'0.00'[39m ]
data rcv RT:[ [32m'0.00'[39m, [32m'4.25'[39m, [32m'3.43'[39m, [32m'0.00'[39m ]
data rcv RT:[ [32m'0.00'[39m, [32m'4.26'[39m, [32m'3.39'[39m, [32m'0.00'[39m ]
data rcv RT:[ [32m'0.00'[39m, [32m'4.27'[39m, [32m'3.38'[39m, [32m'0.00'[39m ]
data rcv RT:[ [32m'0.00'[39m, [32m'4.28'[39m, [32m'3.39'[39m, [32m'0.00'[39m ]
data rcv RT:[ [32m'0.00'[39m, [32m'4.30'[39m, [32m'3.38'[39m, [32m'0.01'[39m ]
data rcv RT:[ [32m'0.00'[39m, [32m'4.34'[39m, [32m'3.40'[39m, [32m'0.01'[39m ]
data rcv RT:[ [32m'0.00'[39m, [32m'4.32'[39m, [32m'3.38'[39m, [32m'0.01'[39m ]
data rcv RT:[ [32m'0.00'[39m, [32m'4.37'[39m, [32m'3.41'[39m, [32m'0.03'[39m ]
data rcv RT:[ [32m'0.00'[39m, [32m'4.38'[39m, [32m'3.41'[39m, [32m'0.00'[39m ]
data rcv RT:[ [32m'0.00'[39m, [32m'4.32'[39m, [32m'3.43'[39m, [32m'0.00'[39m ]
data rcv RT:[ [32m'0.00'[39m, [32m'4.29'[39m, [32m'3.42'[39m, [32m'0.00'[39m ]
data rcv RT:[ [32m'0.00'[39m, [32m'4.31'[39m, [32m'3.46'[39m, [32m'0.00'[39m ]
data rcv RT:[ [32m'0.00'[39m, [32m'4.27'[39m, [32m'3.40'[39m, [32m'0.00'[39m ]
data rcv RT:[ [32m'0.00'[39m, [32m'4.27'[39m, [32m'3.39'[39m, [32m'0.00'[39m ]
data rcv RT:[ [32m'0.00'[39m, [32m'4.29'[39m, [32m'3.39'[39m, [32m'0.00'[39m ]
data rcv RT:[ [32m'0.00'[39m, [32m'4.30'[39m, [32m'3.37'[39m, [32m'0.00'[39m ]
data rcv RT:[ [32m'0.00'[39m, [32m'4.32'[39m, [32m'3.37'[39m, [32m'0.00'[39m ]
data rcv RT:[ [32m'0.00'[39m, [32m'4.34'[39m, [32m'3.37'[39m, [32m'0.02'[39m ]
data rcv RT:[ [32m'0.00'[39m, [32m'4.33'[39m, [32m'3.36'[39m, [32m'0.04'[39m ]
data rcv RT:[ [32m'0.00'[39m, [32m'4.34'[39m, [32m'3.41'[39m, [32m'0.00'[39m ]
data rcv RT:[ [32m'0.00'[39m, [32m'4.32'[39m, [32m'3.42'[39m, [32m'0.00'[39m ]
data rcv RT:[ [32m'0.00'[39m, [32m'4.31'[39m, [32m'3.44'[39m, [32m'0.00'[39m ]
data rcv RT:[ [32m'0.00'[39m, [32m'4.25'[39m, [32m'3.42'[39m, [32m'0.00'[39m ]
data rcv RT:[ [32m'0.00'[39m, [32m'4.26'[39m, [32m'3.42'[39m, [32m'0.00'[39m ]
data rcv RT:[ [32m'0.00'[39m, [32m'4.29'[39m, [32m'3.37'[39m, [32m'0.00'[39m ]
ARJ LOAD started
interval:28800000
ArjLoad Pool OK
ArjLoad connection released
arj:
all con:[33m3[39m
free con:[33m1[39m
data rcv RT:[ [32m'0.00'[39m, [32m'4.30'[39m, [32m'3.37'[39m, [32m'0.00'[39m ]
data rcv RT:[ [32m'0.00'[39m, [32m'4.29'[39m, [32m'3.37'[39m, [32m'0.00'[39m ]
data rcv RT:[ [32m'0.00'[39m, [32m'4.34'[39m, [32m'3.38'[39m, [32m'0.00'[39m ]
data rcv RT:[ [32m'0.00'[39m, [32m'4.36'[39m, [32m'3.39'[39m, [32m'0.02'[39m ]
data rcv RT:[ [32m'0.00'[39m, [32m'4.39'[39m, [32m'3.39'[39m, [32m'0.00'[39m ]
data rcv RT:[ [32m'0.00'[39m, [32m'4.36'[39m, [32m'3.46'[39m, [32m'0.00'[39m ]
data rcv RT:[ [32m'0.00'[39m, [32m'4.31'[39m, [32m'3.44'[39m, [32m'0.00'[39m ]
data rcv RT:[ [32m'0.00'[39m, [32m'4.33'[39m, [32m'3.43'[39m, [32m'0.00'[39m ]
data rcv RT:[ [32m'0.00'[39m, [32m'4.31'[39m, [32m'3.42'[39m, [32m'0.00'[39m ]
data rcv RT:[ [32m'0.00'[39m, [32m'4.28'[39m, [32m'3.44'[39m, [32m'0.00'[39m ]
data rcv RT:[ [32m'0.00'[39m, [32m'4.29'[39m, [32m'3.46'[39m, [32m'0.00'[39m ]
data rcv RT:[ [32m'0.00'[39m, [32m'4.26'[39m, [32m'3.40'[39m, [32m'0.00'[39m ]
min_max
MinMax Pool OK
[ RowDataPacket { minimum: [33m1474967372599[39m } ]
[ RowDataPacket { maximum: [33m1475044645521[39m } ]
[ RowDataPacket { minimum: [33m1474967320597[39m } ]
[ RowDataPacket { maximum: [33m1475044645398[39m } ]
MinMax connection released
min:1474967372599 max:1475044645521
min:1474967320597 max:1475044645398
{ min: 1474967372599, max: 1475044645521, tube: 3 }
ARJ LOAD started
interval:77272922
ArjLoad Pool OK
ArjLoad connection released
arj:
all con:[33m3[39m
free con:[33m1[39m
data rcv RT:[ [32m'0.00'[39m, [32m'4.24'[39m, [32m'3.38'[39m, [32m'0.00'[39m ]
min_max
MinMax Pool OK
[ RowDataPacket { minimum: [33m1474967372599[39m } ]
[ RowDataPacket { maximum: [33m1475044646522[39m } ]
[ RowDataPacket { minimum: [33m1474967320597[39m } ]
[ RowDataPacket { maximum: [33m1475044646402[39m } ]
MinMax connection released
min:1474967372599 max:1475044646522
min:1474967320597 max:1475044646402
{ min: 1474967372599, max: 1475044646522, tube: 2 }
ARJ LOAD started
interval:77273923
ArjLoad Pool OK
ArjLoad connection released
arj:
all con:[33m3[39m
free con:[33m1[39m
data rcv RT:[ [32m'0.00'[39m, [32m'4.31'[39m, [32m'3.38'[39m, [32m'0.00'[39m ]
data rcv RT:[ [32m'0.00'[39m, [32m'4.33'[39m, [32m'3.38'[39m, [32m'0.01'[39m ]
data rcv RT:[ [32m'0.00'[39m, [32m'4.34'[39m, [32m'3.38'[39m, [32m'0.06'[39m ]
data rcv RT:[ [32m'0.00'[39m, [32m'4.38'[39m, [32m'3.41'[39m, [32m'0.02'[39m ]
data rcv RT:[ [32m'0.00'[39m, [32m'4.35'[39m, [32m'3.37'[39m, [32m'0.03'[39m ]
data rcv RT:[ [32m'0.00'[39m, [32m'4.34'[39m, [32m'3.39'[39m, [32m'0.00'[39m ]
data rcv RT:[ [32m'0.00'[39m, [32m'4.37'[39m, [32m'3.42'[39m, [32m'0.00'[39m ]
data rcv RT:[ [32m'0.00'[39m, [32m'4.33'[39m, [32m'3.41'[39m, [32m'0.00'[39m ]
data rcv RT:[ [32m'0.00'[39m, [32m'4.31'[39m, [32m'3.40'[39m, [32m'0.00'[39m ]
data rcv RT:[ [32m'0.00'[39m, [32m'4.31'[39m, [32m'3.43'[39m, [32m'0.00'[39m ]
data rcv RT:[ [32m'0.00'[39m, [32m'4.29'[39m, [32m'3.40'[39m, [32m'0.00'[39m ]
data rcv RT:[ [32m'0.00'[39m, [32m'4.28'[39m, [32m'3.40'[39m, [32m'0.00'[39m ]
data rcv RT:[ [32m'0.00'[39m, [32m'4.28'[39m, [32m'3.37'[39m, [32m'0.00'[39m ]
data rcv RT:[ [32m'0.00'[39m, [32m'4.30'[39m, [32m'3.39'[39m, [32m'0.00'[39m ]
data rcv RT:[ [32m'0.00'[39m, [32m'4.32'[39m, [32m'3.36'[39m, [32m'0.00'[39m ]
data rcv RT:[ [32m'0.00'[39m, [32m'4.32'[39m, [32m'3.37'[39m, [32m'0.02'[39m ]
data rcv RT:[ [32m'0.00'[39m, [32m'4.34'[39m, [32m'3.38'[39m, [32m'0.03'[39m ]
ARJ LOAD started
interval:14416198.272705078
ArjLoad Pool OK
ArjLoad connection released
arj:
all con:[33m3[39m
free con:[33m1[39m
data rcv RT:[ [32m'0.00'[39m, [32m'4.37'[39m, [32m'3.39'[39m, [32m'0.03'[39m ]
data rcv RT:[ [32m'0.00'[39m, [32m'4.40'[39m, [32m'3.40'[39m, [32m'0.01'[39m ]
data rcv RT:[ [32m'0.00'[39m, [32m'4.33'[39m, [32m'3.43'[39m, [32m'0.00'[39m ]
data rcv RT:[ [32m'0.00'[39m, [32m'4.31'[39m, [32m'3.43'[39m, [32m'0.00'[39m ]
data rcv RT:[ [32m'0.00'[39m, [32m'4.27'[39m, [32m'3.45'[39m, [32m'0.00'[39m ]
ARJ LOAD started
interval:3571515.5197753906
ArjLoad Pool OK
ArjLoad connection released
arj:
all con:[33m3[39m
free con:[33m1[39m
data rcv RT:[ [32m'0.00'[39m, [32m'4.31'[39m, [32m'3.44'[39m, [32m'0.00'[39m ]
data rcv RT:[ [32m'0.00'[39m, [32m'4.26'[39m, [32m'3.41'[39m, [32m'0.00'[39m ]
data rcv RT:[ [32m'0.00'[39m, [32m'4.25'[39m, [32m'3.37'[39m, [32m'0.00'[39m ]
data rcv RT:[ [32m'0.00'[39m, [32m'4.26'[39m, [32m'3.38'[39m, [32m'0.00'[39m ]
ARJ LOAD started
interval:472858.62451171875
ArjLoad Pool OK
ArjLoad connection released
arj:
all con:[33m3[39m
free con:[33m1[39m
data rcv RT:[ [32m'0.00'[39m, [32m'4.28'[39m, [32m'3.38'[39m, [32m'0.00'[39m ]
data rcv RT:[ [32m'0.00'[39m, [32m'4.34'[39m, [32m'3.37'[39m, [32m'0.00'[39m ]
data rcv RT:[ [32m'0.00'[39m, [32m'4.34'[39m, [32m'3.38'[39m, [32m'0.02'[39m ]
data rcv RT:[ [32m'0.00'[39m, [32m'4.37'[39m, [32m'3.43'[39m, [32m'0.00'[39m ]
data rcv RT:[ [32m'0.00'[39m, [32m'4.34'[39m, [32m'3.44'[39m, [32m'0.00'[39m ]
data rcv RT:[ [32m'0.00'[39m, [32m'4.33'[39m, [32m'3.42'[39m, [32m'0.00'[39m ]
data rcv RT:[ [32m'0.00'[39m, [32m'4.31'[39m, [32m'3.43'[39m, [32m'0.00'[39m ]
data rcv RT:[ [32m'0.00'[39m, [32m'4.28'[39m, [32m'3.40'[39m, [32m'0.00'[39m ]
data rcv RT:[ [32m'0.00'[39m, [32m'4.27'[39m, [32m'3.39'[39m, [32m'0.00'[39m ]
data rcv RT:[ [32m'0.00'[39m, [32m'4.29'[39m, [32m'3.38'[39m, [32m'0.00'[39m ]
data rcv RT:[ [32m'0.00'[39m, [32m'4.25'[39m, [32m'3.35'[39m, [32m'0.00'[39m ]
data rcv RT:[ [32m'0.00'[39m, [32m'4.33'[39m, [32m'3.37'[39m, [32m'0.00'[39m ]
data rcv RT:[ [32m'0.00'[39m, [32m'4.34'[39m, [32m'3.38'[39m, [32m'0.01'[39m ]
data rcv RT:[ [32m'0.00'[39m, [32m'4.36'[39m, [32m'3.39'[39m, [32m'0.05'[39m ]
data rcv RT:[ [32m'0.00'[39m, [32m'4.36'[39m, [32m'3.41'[39m, [32m'0.00'[39m ]
data rcv RT:[ [32m'0.00'[39m, [32m'4.30'[39m, [32m'3.43'[39m, [32m'0.00'[39m ]
data rcv RT:[ [32m'0.00'[39m, [32m'4.28'[39m, [32m'3.44'[39m, [32m'0.00'[39m ]
data rcv RT:[ [32m'0.00'[39m, [32m'4.29'[39m, [32m'3.49'[39m, [32m'0.00'[39m ]
data rcv RT:[ [32m'0.00'[39m, [32m'4.28'[39m, [32m'3.42'[39m, [32m'0.00'[39m ]
data rcv RT:[ [32m'0.00'[39m, [32m'4.29'[39m, [32m'3.41'[39m, [32m'0.00'[39m ]
data rcv RT:[ [32m'0.00'[39m, [32m'4.29'[39m, [32m'3.37'[39m, [32m'0.00'[39m ]
data rcv RT:[ [32m'0.00'[39m, [32m'4.29'[39m, [32m'3.38'[39m, [32m'0.00'[39m ]
data rcv RT:[ [32m'0.00'[39m, [32m'4.34'[39m, [32m'3.38'[39m, [32m'0.02'[39m ]
data rcv RT:[ [32m'0.00'[39m, [32m'4.34'[39m, [32m'3.39'[39m, [32m'0.01'[39m ]
data rcv RT:[ [32m'0.00'[39m, [32m'4.39'[39m, [32m'3.39'[39m, [32m'0.02'[39m ]
data rcv RT:[ [32m'0.00'[39m, [32m'4.35'[39m, [32m'3.40'[39m, [32m'0.00'[39m ]
data rcv RT:[ [32m'0.00'[39m, [32m'4.37'[39m, [32m'3.41'[39m, [32m'0.00'[39m ]
data rcv RT:[ [32m'0.00'[39m, [32m'4.33'[39m, [32m'3.43'[39m, [32m'0.00'[39m ]
data rcv RT:[ [32m'0.00'[39m, [32m'4.29'[39m, [32m'3.43'[39m, [32m'0.00'[39m ]
data rcv RT:[ [32m'0.00'[39m, [32m'4.27'[39m, [32m'3.42'[39m, [32m'0.00'[39m ]
data rcv RT:[ [32m'0.00'[39m, [32m'4.23'[39m, [32m'3.40'[39m, [32m'0.00'[39m ]
data rcv RT:[ [32m'0.00'[39m, [32m'4.27'[39m, [32m'3.40'[39m, [32m'0.00'[39m ]
data rcv RT:[ [32m'0.00'[39m, [32m'4.28'[39m, [32m'3.39'[39m, [32m'0.00'[39m ]
data rcv RT:[ [32m'0.00'[39m, [32m'4.33'[39m, [32m'3.38'[39m, [32m'0.01'[39m ]
data rcv RT:[ [32m'0.00'[39m, [32m'4.32'[39m, [32m'3.40'[39m, [32m'0.02'[39m ]
data rcv RT:[ [32m'0.00'[39m, [32m'4.38'[39m, [32m'3.40'[39m, [32m'0.02'[39m ]
data rcv RT:[ [32m'0.00'[39m, [32m'4.38'[39m, [32m'3.38'[39m, [32m'0.05'[39m ]
data rcv RT:[ [32m'0.00'[39m, [32m'4.36'[39m, [32m'3.42'[39m, [32m'0.00'[39m ]
data rcv RT:[ [32m'0.00'[39m, [32m'4.35'[39m, [32m'3.43'[39m, [32m'0.00'[39m ]
data rcv RT:[ [32m'0.00'[39m, [32m'4.31'[39m, [32m'3.45'[39m, [32m'0.00'[39m ]
data rcv RT:[ [32m'0.00'[39m, [32m'4.32'[39m, [32m'3.43'[39m, [32m'0.00'[39m ]
data rcv RT:[ [32m'0.00'[39m, [32m'4.30'[39m, [32m'3.42'[39m, [32m'0.00'[39m ]
data rcv RT:[ [32m'0.00'[39m, [32m'4.25'[39m, [32m'3.43'[39m, [32m'0.00'[39m ]
data rcv RT:[ [32m'0.00'[39m, [32m'4.27'[39m, [32m'3.42'[39m, [32m'0.00'[39m ]
data rcv RT:[ [32m'0.00'[39m, [32m'4.31'[39m, [32m'3.38'[39m, [32m'0.00'[39m ]
data rcv RT:[ [32m'0.00'[39m, [32m'4.32'[39m, [32m'3.38'[39m, [32m'0.00'[39m ]
data rcv RT:[ [32m'0.00'[39m, [32m'4.32'[39m, [32m'3.38'[39m, [32m'0.01'[39m ]
data rcv RT:[ [32m'0.00'[39m, [32m'4.34'[39m, [32m'3.39'[39m, [32m'0.00'[39m ]
data rcv RT:[ [32m'0.00'[39m, [32m'4.34'[39m, [32m'3.39'[39m, [32m'0.02'[39m ]
data rcv RT:[ [32m'0.00'[39m, [32m'4.39'[39m, [32m'3.39'[39m, [32m'0.02'[39m ]
data rcv RT:[ [32m'0.00'[39m, [32m'4.35'[39m, [32m'3.42'[39m, [32m'0.00'[39m ]
data rcv RT:[ [32m'0.00'[39m, [32m'4.33'[39m, [32m'3.42'[39m, [32m'0.00'[39m ]
data rcv RT:[ [32m'0.00'[39m, [32m'4.31'[39m, [32m'3.42'[39m, [32m'0.00'[39m ]
data rcv RT:[ [32m'0.00'[39m, [32m'4.30'[39m, [32m'3.41'[39m, [32m'0.00'[39m ]
data rcv RT:[ [32m'0.00'[39m, [32m'4.28'[39m, [32m'3.43'[39m, [32m'0.00'[39m ]
client Front End connected
Socket {
  nsp: 
   Namespace {
     name: [32m'/'[39m,
     server: 
      Server {
        nsps: [36m[Object][39m,
        _path: [32m'/socket.io'[39m,
        _serveClient: [33mtrue[39m,
        _adapter: [36m[Function: Adapter][39m,
        _origins: [32m'*:*'[39m,
        sockets: [36m[Circular][39m,
        eio: [36m[Object][39m,
        httpServer: [36m[Object][39m,
        engine: [36m[Object][39m },
     sockets: 
      { [32m'/#lbdPQgzaAY1NjcU2AAAM'[39m: [36m[Object][39m,
        [32m'/#r2RCGDnSlaA1LTixAAAO'[39m: [36m[Circular][39m },
     connected: 
      { [32m'/#lbdPQgzaAY1NjcU2AAAM'[39m: [36m[Object][39m,
        [32m'/#r2RCGDnSlaA1LTixAAAO'[39m: [36m[Circular][39m },
     fns: [],
     ids: [33m0[39m,
     adapter: 
      Adapter {
        nsp: [36m[Circular][39m,
        rooms: [36m[Object][39m,
        sids: [36m[Object][39m,
        encoder: Encoder {} },
     _events: { connection: [36m[Function][39m },
     _eventsCount: [33m1[39m },
  server: 
   Server {
     nsps: { [32m'/'[39m: [36m[Object][39m },
     _path: [32m'/socket.io'[39m,
     _serveClient: [33mtrue[39m,
     _adapter: [36m[Function: Adapter][39m,
     _origins: [32m'*:*'[39m,
     sockets: 
      Namespace {
        name: [32m'/'[39m,
        server: [36m[Circular][39m,
        sockets: [36m[Object][39m,
        connected: [36m[Object][39m,
        fns: [],
        ids: [33m0[39m,
        adapter: [36m[Object][39m,
        _events: [36m[Object][39m,
        _eventsCount: [33m1[39m },
     eio: 
      Server {
        clients: [36m[Object][39m,
        clientsCount: [33m2[39m,
        pingTimeout: [33m60000[39m,
        pingInterval: [33m25000[39m,
        upgradeTimeout: [33m10000[39m,
        maxHttpBufferSize: [33m100000000[39m,
        transports: [36m[Object][39m,
        allowUpgrades: [33mtrue[39m,
        allowRequest: [36m[Function: bound ][39m,
        cookie: [32m'io'[39m,
        cookiePath: [33mfalse[39m,
        perMessageDeflate: [36m[Object][39m,
        httpCompression: [36m[Object][39m,
        ws: [36m[Object][39m,
        _events: [36m[Object][39m,
        _eventsCount: [33m1[39m },
     httpServer: 
      Server {
        domain: [1mnull[22m,
        _events: [36m[Object][39m,
        _eventsCount: [33m4[39m,
        _maxListeners: [90mundefined[39m,
        _connections: [33m5[39m,
        _handle: [36m[Object][39m,
        _usingSlaves: [33mfalse[39m,
        _slaves: [],
        _unref: [33mfalse[39m,
        allowHalfOpen: [33mtrue[39m,
        pauseOnConnect: [33mfalse[39m,
        httpAllowHalfOpen: [33mfalse[39m,
        timeout: [33m120000[39m,
        _pendingResponseData: [33m0[39m,
        _connectionKey: [32m'6::::3000'[39m },
     engine: 
      Server {
        clients: [36m[Object][39m,
        clientsCount: [33m2[39m,
        pingTimeout: [33m60000[39m,
        pingInterval: [33m25000[39m,
        upgradeTimeout: [33m10000[39m,
        maxHttpBufferSize: [33m100000000[39m,
        transports: [36m[Object][39m,
        allowUpgrades: [33mtrue[39m,
        allowRequest: [36m[Function: bound ][39m,
        cookie: [32m'io'[39m,
        cookiePath: [33mfalse[39m,
        perMessageDeflate: [36m[Object][39m,
        httpCompression: [36m[Object][39m,
        ws: [36m[Object][39m,
        _events: [36m[Object][39m,
        _eventsCount: [33m1[39m } },
  adapter: 
   Adapter {
     nsp: 
      Namespace {
        name: [32m'/'[39m,
        server: [36m[Object][39m,
        sockets: [36m[Object][39m,
        connected: [36m[Object][39m,
        fns: [],
        ids: [33m0[39m,
        adapter: [36m[Circular][39m,
        _events: [36m[Object][39m,
        _eventsCount: [33m1[39m },
     rooms: 
      { [32m'/#lbdPQgzaAY1NjcU2AAAM'[39m: [36m[Object][39m,
        [32m'/#r2RCGDnSlaA1LTixAAAO'[39m: [36m[Object][39m },
     sids: 
      { [32m'/#lbdPQgzaAY1NjcU2AAAM'[39m: [36m[Object][39m,
        [32m'/#r2RCGDnSlaA1LTixAAAO'[39m: [36m[Object][39m },
     encoder: Encoder {} },
  id: [32m'/#r2RCGDnSlaA1LTixAAAO'[39m,
  client: 
   Client {
     server: 
      Server {
        nsps: [36m[Object][39m,
        _path: [32m'/socket.io'[39m,
        _serveClient: [33mtrue[39m,
        _adapter: [36m[Function: Adapter][39m,
        _origins: [32m'*:*'[39m,
        sockets: [36m[Object][39m,
        eio: [36m[Object][39m,
        httpServer: [36m[Object][39m,
        engine: [36m[Object][39m },
     conn: 
      Socket {
        id: [32m'r2RCGDnSlaA1LTixAAAO'[39m,
        server: [36m[Object][39m,
        upgrading: [33mfalse[39m,
        upgraded: [33mfalse[39m,
        readyState: [32m'open'[39m,
        writeBuffer: [36m[Object][39m,
        packetsFn: [36m[Object][39m,
        sentCallbackFn: [],
        cleanupFn: [36m[Object][39m,
        request: [36m[Object][39m,
        remoteAddress: [32m'::ffff:10.210.30.41'[39m,
        checkIntervalTimer: [1mnull[22m,
        upgradeTimeoutTimer: [1mnull[22m,
        pingTimeoutTimer: [36m[Object][39m,
        transport: [36m[Object][39m,
        _events: [36m[Object][39m,
        _eventsCount: [33m3[39m },
     encoder: Encoder {},
     decoder: Decoder { reconstructor: [1mnull[22m, _callbacks: [36m[Object][39m },
     id: [32m'r2RCGDnSlaA1LTixAAAO'[39m,
     request: 
      IncomingMessage {
        _readableState: [36m[Object][39m,
        readable: [33mtrue[39m,
        domain: [1mnull[22m,
        _events: {},
        _eventsCount: [33m0[39m,
        _maxListeners: [90mundefined[39m,
        socket: [36m[Object][39m,
        connection: [36m[Object][39m,
        httpVersionMajor: [33m1[39m,
        httpVersionMinor: [33m1[39m,
        httpVersion: [32m'1.1'[39m,
        complete: [33mtrue[39m,
        headers: [36m[Object][39m,
        rawHeaders: [36m[Object][39m,
        trailers: {},
        rawTrailers: [],
        upgrade: [33mfalse[39m,
        url: [32m'/socket.io/?EIO=3&transport=polling&t=LTlX6m0'[39m,
        method: [32m'GET'[39m,
        statusCode: [1mnull[22m,
        statusMessage: [1mnull[22m,
        client: [36m[Object][39m,
        _consuming: [33mfalse[39m,
        _dumped: [33mtrue[39m,
        _query: [36m[Object][39m,
        res: [36m[Object][39m,
        cleanup: [36m[Function: cleanup][39m },
     onclose: [36m[Function: bound ][39m,
     ondata: [36m[Function: bound ][39m,
     onerror: [36m[Function: bound ][39m,
     ondecoded: [36m[Function: bound ][39m,
     sockets: { [32m'/#r2RCGDnSlaA1LTixAAAO'[39m: [36m[Circular][39m },
     nsps: { [32m'/'[39m: [36m[Circular][39m },
     connectBuffer: [] },
  conn: 
   Socket {
     id: [32m'r2RCGDnSlaA1LTixAAAO'[39m,
     server: 
      Server {
        clients: [36m[Object][39m,
        clientsCount: [33m2[39m,
        pingTimeout: [33m60000[39m,
        pingInterval: [33m25000[39m,
        upgradeTimeout: [33m10000[39m,
        maxHttpBufferSize: [33m100000000[39m,
        transports: [36m[Object][39m,
        allowUpgrades: [33mtrue[39m,
        allowRequest: [36m[Function: bound ][39m,
        cookie: [32m'io'[39m,
        cookiePath: [33mfalse[39m,
        perMessageDeflate: [36m[Object][39m,
        httpCompression: [36m[Object][39m,
        ws: [36m[Object][39m,
        _events: [36m[Object][39m,
        _eventsCount: [33m1[39m },
     upgrading: [33mfalse[39m,
     upgraded: [33mfalse[39m,
     readyState: [32m'open'[39m,
     writeBuffer: [ [36m[Object][39m ],
     packetsFn: [ [90mundefined[39m ],
     sentCallbackFn: [],
     cleanupFn: [ [36m[Function][39m, [36m[Function][39m ],
     request: 
      IncomingMessage {
        _readableState: [36m[Object][39m,
        readable: [33mtrue[39m,
        domain: [1mnull[22m,
        _events: {},
        _eventsCount: [33m0[39m,
        _maxListeners: [90mundefined[39m,
        socket: [36m[Object][39m,
        connection: [36m[Object][39m,
        httpVersionMajor: [33m1[39m,
        httpVersionMinor: [33m1[39m,
        httpVersion: [32m'1.1'[39m,
        complete: [33mtrue[39m,
        headers: [36m[Object][39m,
        rawHeaders: [36m[Object][39m,
        trailers: {},
        rawTrailers: [],
        upgrade: [33mfalse[39m,
        url: [32m'/socket.io/?EIO=3&transport=polling&t=LTlX6m0'[39m,
        method: [32m'GET'[39m,
        statusCode: [1mnull[22m,
        statusMessage: [1mnull[22m,
        client: [36m[Object][39m,
        _consuming: [33mfalse[39m,
        _dumped: [33mtrue[39m,
        _query: [36m[Object][39m,
        res: [36m[Object][39m,
        cleanup: [36m[Function: cleanup][39m },
     remoteAddress: [32m'::ffff:10.210.30.41'[39m,
     checkIntervalTimer: [1mnull[22m,
     upgradeTimeoutTimer: [1mnull[22m,
     pingTimeoutTimer: 
      Timeout {
        _called: [33mfalse[39m,
        _idleTimeout: [33m85000[39m,
        _idlePrev: [36m[Object][39m,
        _idleNext: [36m[Object][39m,
        _idleStart: [33m7415985[39m,
        _onTimeout: [36m[Function][39m,
        _repeat: [1mnull[22m },
     transport: 
      XHR {
        readyState: [32m'open'[39m,
        discarded: [33mfalse[39m,
        closeTimeout: [33m30000[39m,
        maxHttpBufferSize: [33m100000000[39m,
        httpCompression: [36m[Object][39m,
        supportsBinary: [33mtrue[39m,
        _events: [36m[Object][39m,
        _eventsCount: [33m5[39m,
        sid: [32m'r2RCGDnSlaA1LTixAAAO'[39m,
        req: [1mnull[22m,
        res: [1mnull[22m,
        writable: [33mfalse[39m },
     _events: 
      { close: [36m[Object][39m,
        data: [36m[Function: bound ][39m,
        error: [36m[Function: bound ][39m },
     _eventsCount: [33m3[39m },
  rooms: {},
  acks: {},
  connected: [33mtrue[39m,
  disconnected: [33mfalse[39m,
  handshake: 
   { headers: 
      { host: [32m'10.210.30.148:3000'[39m,
        connection: [32m'keep-alive'[39m,
        [32m'user-agent'[39m: [32m'Mozilla/5.0 (Windows NT 5.1) AppleWebKit/537.36 (KHTML, like Gecko) Chrome/49.0.2623.112 Safari/537.36'[39m,
        origin: [32m'http://10.210.30.148'[39m,
        accept: [32m'*/*'[39m,
        referer: [32m'http://10.210.30.148/sku/'[39m,
        [32m'accept-encoding'[39m: [32m'gzip, deflate, sdch'[39m,
        [32m'accept-language'[39m: [32m'ru-RU,ru;q=0.8,en-US;q=0.6,en;q=0.4'[39m,
        cookie: [32m'io=yo8eFoEUou8CuW70AAAN'[39m },
     time: [32m'Wed Sep 28 2016 10:38:48 GMT+0400 (SAMT)'[39m,
     address: [32m'::ffff:10.210.30.41'[39m,
     xdomain: [33mtrue[39m,
     secure: [33mfalse[39m,
     issued: [33m1475044728204[39m,
     url: [32m'/socket.io/?EIO=3&transport=polling&t=LTlX6m0'[39m,
     query: { EIO: [32m'3'[39m, transport: [32m'polling'[39m, t: [32m'LTlX6m0'[39m } } }
data rcv RT:[ [32m'0.00'[39m, [32m'4.28'[39m, [32m'3.44'[39m, [32m'0.00'[39m ]
data rcv RT:[ [32m'0.00'[39m, [32m'4.28'[39m, [32m'3.37'[39m, [32m'0.00'[39m ]
data rcv RT:[ [32m'0.00'[39m, [32m'4.25'[39m, [32m'3.39'[39m, [32m'0.00'[39m ]
data rcv RT:[ [32m'0.00'[39m, [32m'4.29'[39m, [32m'3.39'[39m, [32m'0.00'[39m ]
data rcv RT:[ [32m'0.00'[39m, [32m'4.32'[39m, [32m'3.38'[39m, [32m'0.00'[39m ]
data rcv RT:[ [32m'0.00'[39m, [32m'4.37'[39m, [32m'3.37'[39m, [32m'0.05'[39m ]
data rcv RT:[ [32m'0.00'[39m, [32m'4.35'[39m, [32m'3.38'[39m, [32m'0.03'[39m ]
data rcv RT:[ [32m'0.00'[39m, [32m'4.38'[39m, [32m'3.40'[39m, [32m'0.01'[39m ]
data rcv RT:[ [32m'0.00'[39m, [32m'4.36'[39m, [32m'3.37'[39m, [32m'0.04'[39m ]
data rcv RT:[ [32m'0.00'[39m, [32m'4.35'[39m, [32m'3.40'[39m, [32m'0.00'[39m ]
data rcv RT:[ [32m'0.00'[39m, [32m'4.32'[39m, [32m'3.42'[39m, [32m'0.00'[39m ]
data rcv RT:[ [32m'0.00'[39m, [32m'4.31'[39m, [32m'3.43'[39m, [32m'0.00'[39m ]
data rcv RT:[ [32m'0.00'[39m, [32m'4.27'[39m, [32m'3.40'[39m, [32m'0.00'[39m ]
data rcv RT:[ [32m'0.00'[39m, [32m'4.30'[39m, [32m'3.42'[39m, [32m'0.00'[39m ]
data rcv RT:[ [32m'0.00'[39m, [32m'4.28'[39m, [32m'3.41'[39m, [32m'0.00'[39m ]
data rcv RT:[ [32m'0.00'[39m, [32m'4.26'[39m, [32m'3.38'[39m, [32m'0.00'[39m ]
data rcv RT:[ [32m'0.00'[39m, [32m'4.27'[39m, [32m'3.40'[39m, [32m'0.00'[39m ]
data rcv RT:[ [32m'0.00'[39m, [32m'4.29'[39m, [32m'3.39'[39m, [32m'0.00'[39m ]
data rcv RT:[ [32m'0.00'[39m, [32m'4.28'[39m, [32m'3.36'[39m, [32m'0.00'[39m ]
data rcv RT:[ [32m'0.00'[39m, [32m'4.34'[39m, [32m'3.37'[39m, [32m'0.02'[39m ]
data rcv RT:[ [32m'0.00'[39m, [32m'4.30'[39m, [32m'3.38'[39m, [32m'0.01'[39m ]
data rcv RT:[ [32m'0.00'[39m, [32m'4.35'[39m, [32m'3.36'[39m, [32m'0.05'[39m ]
data rcv RT:[ [32m'0.00'[39m, [32m'4.37'[39m, [32m'3.39'[39m, [32m'0.02'[39m ]
data rcv RT:[ [32m'0.00'[39m, [32m'4.35'[39m, [32m'3.43'[39m, [32m'0.00'[39m ]
data rcv RT:[ [32m'0.00'[39m, [32m'4.35'[39m, [32m'3.44'[39m, [32m'0.00'[39m ]
data rcv RT:[ [32m'0.00'[39m, [32m'4.31'[39m, [32m'3.43'[39m, [32m'0.00'[39m ]
data rcv RT:[ [32m'0.00'[39m, [32m'4.31'[39m, [32m'3.44'[39m, [32m'0.00'[39m ]
data rcv RT:[ [32m'0.00'[39m, [32m'4.31'[39m, [32m'3.44'[39m, [32m'0.00'[39m ]
data rcv RT:[ [32m'0.00'[39m, [32m'4.26'[39m, [32m'3.44'[39m, [32m'0.00'[39m ]
data rcv RT:[ [32m'0.00'[39m, [32m'4.28'[39m, [32m'3.45'[39m, [32m'0.00'[39m ]
data rcv RT:[ [32m'0.00'[39m, [32m'4.28'[39m, [32m'3.45'[39m, [32m'0.00'[39m ]
data rcv RT:[ [32m'0.00'[39m, [32m'4.29'[39m, [32m'3.34'[39m, [32m'0.00'[39m ]
data rcv RT:[ [32m'0.00'[39m, [32m'4.30'[39m, [32m'3.37'[39m, [32m'0.01'[39m ]
data rcv RT:[ [32m'0.00'[39m, [32m'4.30'[39m, [32m'3.40'[39m, [32m'0.00'[39m ]
data rcv RT:[ [32m'0.00'[39m, [32m'4.29'[39m, [32m'3.38'[39m, [32m'0.00'[39m ]
data rcv RT:[ [32m'0.00'[39m, [32m'4.31'[39m, [32m'3.38'[39m, [32m'0.01'[39m ]
data rcv RT:[ [32m'0.00'[39m, [32m'4.32'[39m, [32m'3.36'[39m, [32m'0.04'[39m ]
data rcv RT:[ [32m'0.00'[39m, [32m'4.37'[39m, [32m'3.39'[39m, [32m'0.07'[39m ]
data rcv RT:[ [32m'0.00'[39m, [32m'4.34'[39m, [32m'3.42'[39m, [32m'0.00'[39m ]
data rcv RT:[ [32m'0.00'[39m, [32m'4.31'[39m, [32m'3.44'[39m, [32m'0.00'[39m ]
data rcv RT:[ [32m'0.00'[39m, [32m'4.33'[39m, [32m'3.44'[39m, [32m'0.00'[39m ]
data rcv RT:[ [32m'0.00'[39m, [32m'4.30'[39m, [32m'3.43'[39m, [32m'0.00'[39m ]
data rcv RT:[ [32m'0.00'[39m, [32m'4.27'[39m, [32m'3.39'[39m, [32m'0.00'[39m ]
data rcv RT:[ [32m'0.00'[39m, [32m'4.29'[39m, [32m'3.40'[39m, [32m'0.00'[39m ]
data rcv RT:[ [32m'0.00'[39m, [32m'4.31'[39m, [32m'3.38'[39m, [32m'0.01'[39m ]
data rcv RT:[ [32m'0.00'[39m, [32m'4.32'[39m, [32m'3.37'[39m, [32m'0.01'[39m ]
data rcv RT:[ [32m'0.00'[39m, [32m'4.33'[39m, [32m'3.36'[39m, [32m'0.01'[39m ]
data rcv RT:[ [32m'0.00'[39m, [32m'4.35'[39m, [32m'3.38'[39m, [32m'0.02'[39m ]
data rcv RT:[ [32m'0.00'[39m, [32m'4.36'[39m, [32m'3.39'[39m, [32m'0.02'[39m ]
data rcv RT:[ [32m'0.00'[39m, [32m'4.34'[39m, [32m'3.44'[39m, [32m'0.00'[39m ]
data rcv RT:[ [32m'0.00'[39m, [32m'4.31'[39m, [32m'3.43'[39m, [32m'0.00'[39m ]
data rcv RT:[ [32m'0.00'[39m, [32m'4.29'[39m, [32m'3.42'[39m, [32m'0.00'[39m ]
data rcv RT:[ [32m'0.00'[39m, [32m'4.26'[39m, [32m'3.43'[39m, [32m'0.00'[39m ]
data rcv RT:[ [32m'0.00'[39m, [32m'4.26'[39m, [32m'3.40'[39m, [32m'0.00'[39m ]
data rcv RT:[ [32m'0.00'[39m, [32m'4.29'[39m, [32m'3.42'[39m, [32m'0.00'[39m ]
data rcv RT:[ [32m'0.00'[39m, [32m'4.27'[39m, [32m'3.39'[39m, [32m'0.00'[39m ]
data rcv RT:[ [32m'0.00'[39m, [32m'4.29'[39m, [32m'3.38'[39m, [32m'0.00'[39m ]
data rcv RT:[ [32m'0.00'[39m, [32m'4.32'[39m, [32m'3.36'[39m, [32m'0.01'[39m ]
data rcv RT:[ [32m'0.00'[39m, [32m'4.31'[39m, [32m'3.37'[39m, [32m'0.01'[39m ]
data rcv RT:[ [32m'0.00'[39m, [32m'4.37'[39m, [32m'3.36'[39m, [32m'0.06'[39m ]
data rcv RT:[ [32m'0.00'[39m, [32m'4.36'[39m, [32m'3.39'[39m, [32m'0.00'[39m ]
data rcv RT:[ [32m'0.00'[39m, [32m'4.39'[39m, [32m'3.40'[39m, [32m'0.02'[39m ]
data rcv RT:[ [32m'0.00'[39m, [32m'4.34'[39m, [32m'3.44'[39m, [32m'0.00'[39m ]
data rcv RT:[ [32m'0.00'[39m, [32m'4.34'[39m, [32m'3.43'[39m, [32m'0.00'[39m ]
data rcv RT:[ [32m'0.00'[39m, [32m'4.32'[39m, [32m'3.42'[39m, [32m'0.00'[39m ]
data rcv RT:[ [32m'0.00'[39m, [32m'4.30'[39m, [32m'3.45'[39m, [32m'0.00'[39m ]
data rcv RT:[ [32m'0.00'[39m, [32m'4.27'[39m, [32m'3.40'[39m, [32m'0.00'[39m ]
data rcv RT:[ [32m'0.00'[39m, [32m'4.26'[39m, [32m'3.39'[39m, [32m'0.00'[39m ]
data rcv RT:[ [32m'0.00'[39m, [32m'4.30'[39m, [32m'3.39'[39m, [32m'0.01'[39m ]
data rcv RT:[ [32m'0.00'[39m, [32m'4.32'[39m, [32m'3.39'[39m, [32m'0.01'[39m ]
min_max
MinMax Pool OK
[ RowDataPacket { minimum: [33m1474967372599[39m } ]
[ RowDataPacket { maximum: [33m1475044797734[39m } ]
[ RowDataPacket { minimum: [33m1474967320597[39m } ]
[ RowDataPacket { maximum: [33m1475044798022[39m } ]
MinMax connection released
min:1474967372599 max:1475044797734
min:1474967320597 max:1475044798022
{ min: 1474967372599, max: 1475044798022, tube: 2 }
ARJ LOAD started
interval:77425423
ArjLoad Pool OK
ArjLoad connection released
arj:
all con:[33m3[39m
free con:[33m1[39m
ARJ LOAD started
interval:77425423
ArjLoad Pool OK
ArjLoad connection released
arj:
all con:[33m3[39m
free con:[33m1[39m
data rcv RT:[ [32m'0.00'[39m, [32m'4.37'[39m, [32m'3.38'[39m, [32m'0.04'[39m ]
data rcv RT:[ [32m'0.00'[39m, [32m'4.37'[39m, [32m'3.42'[39m, [32m'0.00'[39m ]
ARJ LOAD started
interval:28800000
ArjLoad Pool OK
ArjLoad connection released
arj:
all con:[33m3[39m
free con:[33m1[39m
data rcv RT:[ [32m'0.00'[39m, [32m'4.33'[39m, [32m'3.40'[39m, [32m'0.00'[39m ]
data rcv RT:[ [32m'0.00'[39m, [32m'4.31'[39m, [32m'3.44'[39m, [32m'0.00'[39m ]
data rcv RT:[ [32m'0.00'[39m, [32m'4.33'[39m, [32m'3.42'[39m, [32m'0.00'[39m ]
data rcv RT:[ [32m'0.00'[39m, [32m'4.28'[39m, [32m'3.41'[39m, [32m'0.00'[39m ]
data rcv RT:[ [32m'0.00'[39m, [32m'4.30'[39m, [32m'3.43'[39m, [32m'0.00'[39m ]
data rcv RT:[ [32m'0.00'[39m, [32m'4.28'[39m, [32m'3.41'[39m, [32m'0.00'[39m ]
ARJ LOAD started
interval:7972718.154541016
ArjLoad Pool OK
ArjLoad connection released
arj:
all con:[33m3[39m
free con:[33m1[39m
data rcv RT:[ [32m'0.00'[39m, [32m'4.27'[39m, [32m'3.43'[39m, [32m'0.00'[39m ]
data rcv RT:[ [32m'0.00'[39m, [32m'4.30'[39m, [32m'3.37'[39m, [32m'0.00'[39m ]
data rcv RT:[ [32m'0.00'[39m, [32m'4.31'[39m, [32m'3.38'[39m, [32m'0.00'[39m ]
ARJ LOAD started
interval:6925149.369873047
ArjLoad Pool OK
ArjLoad connection released
arj:
all con:[33m3[39m
free con:[33m1[39m
data rcv RT:[ [32m'0.00'[39m, [32m'4.32'[39m, [32m'3.39'[39m, [32m'0.01'[39m ]
data rcv RT:[ [32m'0.00'[39m, [32m'4.31'[39m, [32m'3.37'[39m, [32m'0.02'[39m ]
data rcv RT:[ [32m'0.00'[39m, [32m'4.39'[39m, [32m'3.40'[39m, [32m'0.04'[39m ]
ARJ LOAD started
interval:3070126.4008789062
ArjLoad Pool OK
ArjLoad connection released
arj:
all con:[33m3[39m
free con:[33m1[39m
data rcv RT:[ [32m'0.00'[39m, [32m'4.35'[39m, [32m'3.45'[39m, [32m'0.00'[39m ]
data rcv RT:[ [32m'0.00'[39m, [32m'4.33'[39m, [32m'3.43'[39m, [32m'0.00'[39m ]
data rcv RT:[ [32m'0.00'[39m, [32m'4.31'[39m, [32m'3.43'[39m, [32m'0.00'[39m ]
ARJ LOAD started
interval:699015.740234375
ArjLoad Pool OK
ArjLoad connection released
arj:
all con:[33m3[39m
free con:[33m1[39m
data rcv RT:[ [32m'0.00'[39m, [32m'4.31'[39m, [32m'3.45'[39m, [32m'0.00'[39m ]
data rcv RT:[ [32m'0.00'[39m, [32m'4.24'[39m, [32m'3.40'[39m, [32m'0.00'[39m ]
data rcv RT:[ [32m'0.00'[39m, [32m'4.28'[39m, [32m'3.38'[39m, [32m'0.00'[39m ]
data rcv RT:[ [32m'0.00'[39m, [32m'4.26'[39m, [32m'3.39'[39m, [32m'0.00'[39m ]
data rcv RT:[ [32m'0.00'[39m, [32m'4.28'[39m, [32m'3.38'[39m, [32m'0.00'[39m ]
data rcv RT:[ [32m'0.00'[39m, [32m'4.33'[39m, [32m'3.38'[39m, [32m'0.00'[39m ]
data rcv RT:[ [32m'0.00'[39m, [32m'4.33'[39m, [32m'3.37'[39m, [32m'0.02'[39m ]
data rcv RT:[ [32m'0.00'[39m, [32m'4.36'[39m, [32m'3.39'[39m, [32m'0.03'[39m ]
data rcv RT:[ [32m'0.00'[39m, [32m'4.35'[39m, [32m'3.37'[39m, [32m'0.05'[39m ]
data rcv RT:[ [32m'0.00'[39m, [32m'4.35'[39m, [32m'3.42'[39m, [32m'0.00'[39m ]
data rcv RT:[ [32m'0.00'[39m, [32m'4.33'[39m, [32m'3.44'[39m, [32m'0.00'[39m ]
data rcv RT:[ [32m'0.00'[39m, [32m'4.33'[39m, [32m'3.43'[39m, [32m'0.00'[39m ]
data rcv RT:[ [32m'0.00'[39m, [32m'4.31'[39m, [32m'3.42'[39m, [32m'0.00'[39m ]
data rcv RT:[ [32m'0.00'[39m, [32m'4.31'[39m, [32m'3.42'[39m, [32m'0.00'[39m ]
data rcv RT:[ [32m'0.00'[39m, [32m'4.26'[39m, [32m'3.42'[39m, [32m'0.00'[39m ]
data rcv RT:[ [32m'0.00'[39m, [32m'4.26'[39m, [32m'3.40'[39m, [32m'0.00'[39m ]
data rcv RT:[ [32m'0.00'[39m, [32m'4.28'[39m, [32m'3.39'[39m, [32m'0.00'[39m ]
data rcv RT:[ [32m'0.00'[39m, [32m'4.32'[39m, [32m'3.39'[39m, [32m'0.00'[39m ]
data rcv RT:[ [32m'0.00'[39m, [32m'4.35'[39m, [32m'3.40'[39m, [32m'0.01'[39m ]
data rcv RT:[ [32m'0.00'[39m, [32m'4.34'[39m, [32m'3.34'[39m, [32m'0.06'[39m ]
data rcv RT:[ [32m'0.00'[39m, [32m'4.37'[39m, [32m'3.44'[39m, [32m'0.00'[39m ]
data rcv RT:[ [32m'0.00'[39m, [32m'4.34'[39m, [32m'3.43'[39m, [32m'0.00'[39m ]
data rcv RT:[ [32m'0.00'[39m, [32m'4.30'[39m, [32m'3.43'[39m, [32m'0.00'[39m ]
data rcv RT:[ [32m'0.00'[39m, [32m'4.31'[39m, [32m'3.45'[39m, [32m'0.00'[39m ]
data rcv RT:[ [32m'0.00'[39m, [32m'4.25'[39m, [32m'3.39'[39m, [32m'0.00'[39m ]
data rcv RT:[ [32m'0.00'[39m, [32m'4.30'[39m, [32m'3.37'[39m, [32m'0.00'[39m ]
data rcv RT:[ [32m'0.00'[39m, [32m'4.31'[39m, [32m'3.40'[39m, [32m'0.01'[39m ]
data rcv RT:[ [32m'0.00'[39m, [32m'4.33'[39m, [32m'3.36'[39m, [32m'0.01'[39m ]
data rcv RT:[ [32m'0.00'[39m, [32m'4.36'[39m, [32m'3.38'[39m, [32m'0.02'[39m ]
data rcv RT:[ [32m'0.00'[39m, [32m'4.35'[39m, [32m'3.45'[39m, [32m'0.00'[39m ]
data rcv RT:[ [32m'0.00'[39m, [32m'4.34'[39m, [32m'3.42'[39m, [32m'0.00'[39m ]
data rcv RT:[ [32m'0.00'[39m, [32m'4.31'[39m, [32m'3.44'[39m, [32m'0.00'[39m ]
data rcv RT:[ [32m'0.00'[39m, [32m'4.32'[39m, [32m'3.41'[39m, [32m'0.00'[39m ]
data rcv RT:[ [32m'0.00'[39m, [32m'4.30'[39m, [32m'3.43'[39m, [32m'0.00'[39m ]
data rcv RT:[ [32m'0.00'[39m, [32m'4.26'[39m, [32m'3.42'[39m, [32m'0.00'[39m ]
data rcv RT:[ [32m'0.00'[39m, [32m'4.28'[39m, [32m'3.36'[39m, [32m'0.01'[39m ]
data rcv RT:[ [32m'0.00'[39m, [32m'4.25'[39m, [32m'3.38'[39m, [32m'0.00'[39m ]
data rcv RT:[ [32m'0.00'[39m, [32m'4.31'[39m, [32m'3.37'[39m, [32m'0.01'[39m ]
data rcv RT:[ [32m'0.00'[39m, [32m'4.33'[39m, [32m'3.41'[39m, [32m'0.02'[39m ]
data rcv RT:[ [32m'0.00'[39m, [32m'4.34'[39m, [32m'3.35'[39m, [32m'0.06'[39m ]
data rcv RT:[ [32m'0.00'[39m, [32m'4.36'[39m, [32m'3.40'[39m, [32m'0.00'[39m ]
data rcv RT:[ [32m'0.00'[39m, [32m'4.33'[39m, [32m'3.41'[39m, [32m'0.00'[39m ]
data rcv RT:[ [32m'0.00'[39m, [32m'4.32'[39m, [32m'3.44'[39m, [32m'0.00'[39m ]
data rcv RT:[ [32m'0.00'[39m, [32m'4.27'[39m, [32m'3.38'[39m, [32m'0.00'[39m ]
data rcv RT:[ [32m'0.00'[39m, [32m'4.30'[39m, [32m'3.43'[39m, [32m'0.00'[39m ]
data rcv RT:[ [32m'0.00'[39m, [32m'4.28'[39m, [32m'3.43'[39m, [32m'0.00'[39m ]
data rcv RT:[ [32m'0.00'[39m, [32m'4.25'[39m, [32m'3.37'[39m, [32m'0.00'[39m ]
data rcv RT:[ [32m'0.00'[39m, [32m'4.30'[39m, [32m'3.36'[39m, [32m'0.00'[39m ]
data rcv RT:[ [32m'0.00'[39m, [32m'4.32'[39m, [32m'3.37'[39m, [32m'0.02'[39m ]
data rcv RT:[ [32m'0.00'[39m, [32m'4.37'[39m, [32m'3.38'[39m, [32m'0.03'[39m ]
data rcv RT:[ [32m'0.00'[39m, [32m'4.36'[39m, [32m'3.37'[39m, [32m'0.00'[39m ]
data rcv RT:[ [32m'0.00'[39m, [32m'4.38'[39m, [32m'3.42'[39m, [32m'0.00'[39m ]
data rcv RT:[ [32m'0.00'[39m, [32m'4.36'[39m, [32m'3.43'[39m, [32m'0.00'[39m ]
data rcv RT:[ [32m'0.00'[39m, [32m'4.31'[39m, [32m'3.42'[39m, [32m'0.00'[39m ]
data rcv RT:[ [32m'0.00'[39m, [32m'4.28'[39m, [32m'3.46'[39m, [32m'0.00'[39m ]
data rcv RT:[ [32m'0.00'[39m, [32m'4.30'[39m, [32m'3.42'[39m, [32m'0.00'[39m ]
data rcv RT:[ [32m'0.00'[39m, [32m'4.28'[39m, [32m'3.40'[39m, [32m'0.00'[39m ]
data rcv RT:[ [32m'0.00'[39m, [32m'4.29'[39m, [32m'3.40'[39m, [32m'0.00'[39m ]
data rcv RT:[ [32m'0.00'[39m, [32m'4.31'[39m, [32m'3.38'[39m, [32m'0.00'[39m ]
data rcv RT:[ [32m'0.00'[39m, [32m'4.36'[39m, [32m'3.36'[39m, [32m'0.06'[39m ]
data rcv RT:[ [32m'0.00'[39m, [32m'4.35'[39m, [32m'3.35'[39m, [32m'0.05'[39m ]
data rcv RT:[ [32m'0.00'[39m, [32m'4.35'[39m, [32m'3.39'[39m, [32m'0.00'[39m ]
data rcv RT:[ [32m'0.00'[39m, [32m'4.36'[39m, [32m'3.42'[39m, [32m'0.00'[39m ]
data rcv RT:[ [32m'0.00'[39m, [32m'4.35'[39m, [32m'3.41'[39m, [32m'0.00'[39m ]
data rcv RT:[ [32m'0.00'[39m, [32m'4.34'[39m, [32m'3.42'[39m, [32m'0.00'[39m ]
data rcv RT:[ [32m'0.00'[39m, [32m'4.31'[39m, [32m'3.44'[39m, [32m'0.00'[39m ]
data rcv RT:[ [32m'0.00'[39m, [32m'4.32'[39m, [32m'3.41'[39m, [32m'0.00'[39m ]
data rcv RT:[ [32m'0.00'[39m, [32m'4.25'[39m, [32m'3.39'[39m, [32m'0.00'[39m ]
data rcv RT:[ [32m'0.00'[39m, [32m'4.24'[39m, [32m'3.42'[39m, [32m'0.00'[39m ]
data rcv RT:[ [32m'0.00'[39m, [32m'4.30'[39m, [32m'3.38'[39m, [32m'0.00'[39m ]
data rcv RT:[ [32m'0.00'[39m, [32m'4.35'[39m, [32m'3.39'[39m, [32m'0.01'[39m ]
data rcv RT:[ [32m'0.00'[39m, [32m'4.34'[39m, [32m'3.41'[39m, [32m'0.01'[39m ]
data rcv RT:[ [32m'0.00'[39m, [32m'4.37'[39m, [32m'3.43'[39m, [32m'0.00'[39m ]
data rcv RT:[ [32m'0.00'[39m, [32m'4.37'[39m, [32m'3.45'[39m, [32m'0.00'[39m ]
data rcv RT:[ [32m'0.00'[39m, [32m'4.37'[39m, [32m'3.41'[39m, [32m'0.00'[39m ]
data rcv RT:[ [32m'0.00'[39m, [32m'4.32'[39m, [32m'3.43'[39m, [32m'0.00'[39m ]
data rcv RT:[ [32m'0.00'[39m, [32m'4.32'[39m, [32m'3.42'[39m, [32m'0.00'[39m ]
data rcv RT:[ [32m'0.00'[39m, [32m'4.28'[39m, [32m'3.46'[39m, [32m'0.00'[39m ]
data rcv RT:[ [32m'0.00'[39m, [32m'4.28'[39m, [32m'3.42'[39m, [32m'0.00'[39m ]
data rcv RT:[ [32m'0.00'[39m, [32m'4.28'[39m, [32m'3.38'[39m, [32m'0.00'[39m ]
data rcv RT:[ [32m'0.00'[39m, [32m'4.31'[39m, [32m'3.37'[39m, [32m'0.00'[39m ]
data rcv RT:[ [32m'0.00'[39m, [32m'4.30'[39m, [32m'3.37'[39m, [32m'0.00'[39m ]
data rcv RT:[ [32m'0.00'[39m, [32m'4.32'[39m, [32m'3.38'[39m, [32m'0.00'[39m ]
data rcv RT:[ [32m'0.00'[39m, [32m'4.33'[39m, [32m'3.39'[39m, [32m'0.02'[39m ]
data rcv RT:[ [32m'0.00'[39m, [32m'4.36'[39m, [32m'3.40'[39m, [32m'0.01'[39m ]
data rcv RT:[ [32m'0.00'[39m, [32m'4.37'[39m, [32m'3.41'[39m, [32m'0.00'[39m ]
data rcv RT:[ [32m'0.00'[39m, [32m'4.33'[39m, [32m'3.44'[39m, [32m'0.00'[39m ]
data rcv RT:[ [32m'0.00'[39m, [32m'4.30'[39m, [32m'3.43'[39m, [32m'0.00'[39m ]
data rcv RT:[ [32m'0.00'[39m, [32m'4.28'[39m, [32m'3.42'[39m, [32m'0.00'[39m ]
data rcv RT:[ [32m'0.00'[39m, [32m'4.26'[39m, [32m'3.39'[39m, [32m'0.00'[39m ]
data rcv RT:[ [32m'0.00'[39m, [32m'4.26'[39m, [32m'3.39'[39m, [32m'0.00'[39m ]
data rcv RT:[ [32m'0.00'[39m, [32m'4.29'[39m, [32m'3.39'[39m, [32m'0.00'[39m ]
data rcv RT:[ [32m'0.00'[39m, [32m'4.34'[39m, [32m'3.36'[39m, [32m'0.04'[39m ]
data rcv RT:[ [32m'0.00'[39m, [32m'4.34'[39m, [32m'3.37'[39m, [32m'0.00'[39m ]
data rcv RT:[ [32m'0.00'[39m, [32m'4.37'[39m, [32m'3.43'[39m, [32m'0.00'[39m ]
data rcv RT:[ [32m'0.00'[39m, [32m'4.36'[39m, [32m'3.44'[39m, [32m'0.00'[39m ]
data rcv RT:[ [32m'0.00'[39m, [32m'4.34'[39m, [32m'3.42'[39m, [32m'0.00'[39m ]
data rcv RT:[ [32m'0.00'[39m, [32m'4.32'[39m, [32m'3.45'[39m, [32m'0.00'[39m ]
data rcv RT:[ [32m'0.00'[39m, [32m'4.29'[39m, [32m'3.43'[39m, [32m'0.00'[39m ]
data rcv RT:[ [32m'0.00'[39m, [32m'4.25'[39m, [32m'3.39'[39m, [32m'0.00'[39m ]
data rcv RT:[ [32m'0.00'[39m, [32m'4.26'[39m, [32m'3.37'[39m, [32m'0.00'[39m ]
data rcv RT:[ [32m'0.00'[39m, [32m'4.31'[39m, [32m'3.38'[39m, [32m'0.00'[39m ]
data rcv RT:[ [32m'0.00'[39m, [32m'4.37'[39m, [32m'3.41'[39m, [32m'0.02'[39m ]
data rcv RT:[ [32m'0.00'[39m, [32m'4.38'[39m, [32m'3.40'[39m, [32m'0.03'[39m ]
data rcv RT:[ [32m'0.00'[39m, [32m'4.38'[39m, [32m'3.39'[39m, [32m'0.02'[39m ]
data rcv RT:[ [32m'0.00'[39m, [32m'4.35'[39m, [32m'3.43'[39m, [32m'0.00'[39m ]
data rcv RT:[ [32m'0.00'[39m, [32m'4.31'[39m, [32m'3.42'[39m, [32m'0.00'[39m ]
data rcv RT:[ [32m'0.00'[39m, [32m'4.34'[39m, [32m'3.42'[39m, [32m'0.00'[39m ]
data rcv RT:[ [32m'0.00'[39m, [32m'4.32'[39m, [32m'3.43'[39m, [32m'0.00'[39m ]
data rcv RT:[ [32m'0.00'[39m, [32m'4.30'[39m, [32m'3.43'[39m, [32m'0.00'[39m ]
data rcv RT:[ [32m'0.00'[39m, [32m'4.27'[39m, [32m'3.42'[39m, [32m'0.00'[39m ]
data rcv RT:[ [32m'0.00'[39m, [32m'4.26'[39m, [32m'3.39'[39m, [32m'0.00'[39m ]
data rcv RT:[ [32m'0.00'[39m, [32m'4.30'[39m, [32m'3.39'[39m, [32m'0.00'[39m ]
data rcv RT:[ [32m'0.00'[39m, [32m'4.36'[39m, [32m'3.39'[39m, [32m'0.02'[39m ]
data rcv RT:[ [32m'0.00'[39m, [32m'4.35'[39m, [32m'3.39'[39m, [32m'0.04'[39m ]
data rcv RT:[ [32m'0.00'[39m, [32m'4.38'[39m, [32m'3.40'[39m, [32m'0.02'[39m ]
data rcv RT:[ [32m'0.00'[39m, [32m'4.36'[39m, [32m'3.42'[39m, [32m'0.00'[39m ]
data rcv RT:[ [32m'0.00'[39m, [32m'4.30'[39m, [32m'3.44'[39m, [32m'0.00'[39m ]
data rcv RT:[ [32m'0.00'[39m, [32m'4.32'[39m, [32m'3.42'[39m, [32m'0.00'[39m ]
data rcv RT:[ [32m'0.00'[39m, [32m'4.26'[39m, [32m'3.39'[39m, [32m'0.00'[39m ]
data rcv RT:[ [32m'0.00'[39m, [32m'4.27'[39m, [32m'3.38'[39m, [32m'0.00'[39m ]
data rcv RT:[ [32m'0.00'[39m, [32m'4.35'[39m, [32m'3.38'[39m, [32m'0.05'[39m ]
data rcv RT:[ [32m'0.00'[39m, [32m'4.38'[39m, [32m'3.39'[39m, [32m'0.05'[39m ]
data rcv RT:[ [32m'0.00'[39m, [32m'4.38'[39m, [32m'3.38'[39m, [32m'0.03'[39m ]
data rcv RT:[ [32m'0.00'[39m, [32m'4.35'[39m, [32m'3.43'[39m, [32m'0.00'[39m ]
data rcv RT:[ [32m'0.00'[39m, [32m'4.33'[39m, [32m'3.43'[39m, [32m'0.00'[39m ]
data rcv RT:[ [32m'0.00'[39m, [32m'4.30'[39m, [32m'3.45'[39m, [32m'0.00'[39m ]
data rcv RT:[ [32m'0.00'[39m, [32m'4.29'[39m, [32m'3.43'[39m, [32m'0.00'[39m ]
data rcv RT:[ [32m'0.00'[39m, [32m'4.28'[39m, [32m'3.37'[39m, [32m'0.00'[39m ]
data rcv RT:[ [32m'0.00'[39m, [32m'4.28'[39m, [32m'3.38'[39m, [32m'0.00'[39m ]
data rcv RT:[ [32m'0.00'[39m, [32m'4.29'[39m, [32m'3.40'[39m, [32m'0.00'[39m ]
data rcv RT:[ [32m'0.00'[39m, [32m'4.30'[39m, [32m'3.40'[39m, [32m'0.00'[39m ]
data rcv RT:[ [32m'0.00'[39m, [32m'4.32'[39m, [32m'3.39'[39m, [32m'0.05'[39m ]
data rcv RT:[ [32m'0.00'[39m, [32m'4.34'[39m, [32m'3.36'[39m, [32m'0.06'[39m ]
data rcv RT:[ [32m'0.00'[39m, [32m'4.36'[39m, [32m'3.37'[39m, [32m'0.05'[39m ]
data rcv RT:[ [32m'0.00'[39m, [32m'4.36'[39m, [32m'3.43'[39m, [32m'0.00'[39m ]
data rcv RT:[ [32m'0.00'[39m, [32m'4.33'[39m, [32m'3.42'[39m, [32m'0.00'[39m ]
data rcv RT:[ [32m'0.00'[39m, [32m'4.29'[39m, [32m'3.41'[39m, [32m'0.00'[39m ]
data rcv RT:[ [32m'0.00'[39m, [32m'4.26'[39m, [32m'3.39'[39m, [32m'0.00'[39m ]
data rcv RT:[ [32m'0.00'[39m, [32m'4.26'[39m, [32m'3.44'[39m, [32m'0.00'[39m ]
data rcv RT:[ [32m'0.00'[39m, [32m'4.29'[39m, [32m'3.38'[39m, [32m'0.00'[39m ]
data rcv RT:[ [32m'0.00'[39m, [32m'4.37'[39m, [32m'3.41'[39m, [32m'0.01'[39m ]
data rcv RT:[ [32m'0.00'[39m, [32m'4.37'[39m, [32m'3.38'[39m, [32m'0.01'[39m ]
data rcv RT:[ [32m'0.00'[39m, [32m'4.37'[39m, [32m'3.38'[39m, [32m'0.02'[39m ]
data rcv RT:[ [32m'0.00'[39m, [32m'4.32'[39m, [32m'3.42'[39m, [32m'0.00'[39m ]
data rcv RT:[ [32m'0.00'[39m, [32m'4.32'[39m, [32m'3.43'[39m, [32m'0.00'[39m ]
data rcv RT:[ [32m'0.00'[39m, [32m'4.31'[39m, [32m'3.42'[39m, [32m'0.00'[39m ]
data rcv RT:[ [32m'0.00'[39m, [32m'4.31'[39m, [32m'3.43'[39m, [32m'0.00'[39m ]
data rcv RT:[ [32m'0.00'[39m, [32m'4.26'[39m, [32m'3.42'[39m, [32m'0.00'[39m ]
data rcv RT:[ [32m'0.00'[39m, [32m'4.29'[39m, [32m'3.37'[39m, [32m'0.00'[39m ]
data rcv RT:[ [32m'0.00'[39m, [32m'4.29'[39m, [32m'3.37'[39m, [32m'0.00'[39m ]
data rcv RT:[ [32m'0.00'[39m, [32m'4.30'[39m, [32m'3.38'[39m, [32m'0.00'[39m ]
data rcv RT:[ [32m'0.00'[39m, [32m'4.31'[39m, [32m'3.36'[39m, [32m'0.03'[39m ]
data rcv RT:[ [32m'0.00'[39m, [32m'4.35'[39m, [32m'3.41'[39m, [32m'0.00'[39m ]
data rcv RT:[ [32m'0.00'[39m, [32m'4.36'[39m, [32m'3.45'[39m, [32m'0.00'[39m ]
data rcv RT:[ [32m'0.00'[39m, [32m'4.34'[39m, [32m'3.42'[39m, [32m'0.00'[39m ]
data rcv RT:[ [32m'0.00'[39m, [32m'4.34'[39m, [32m'3.43'[39m, [32m'0.00'[39m ]
data rcv RT:[ [32m'0.00'[39m, [32m'4.30'[39m, [32m'3.42'[39m, [32m'0.00'[39m ]
data rcv RT:[ [32m'0.00'[39m, [32m'4.26'[39m, [32m'3.42'[39m, [32m'0.00'[39m ]
data rcv RT:[ [32m'0.00'[39m, [32m'4.30'[39m, [32m'3.40'[39m, [32m'0.00'[39m ]
data rcv RT:[ [32m'0.00'[39m, [32m'4.31'[39m, [32m'3.36'[39m, [32m'0.01'[39m ]
data rcv RT:[ [32m'0.00'[39m, [32m'4.38'[39m, [32m'3.40'[39m, [32m'0.04'[39m ]
data rcv RT:[ [32m'0.00'[39m, [32m'4.38'[39m, [32m'3.41'[39m, [32m'0.00'[39m ]
data rcv RT:[ [32m'0.00'[39m, [32m'4.37'[39m, [32m'3.42'[39m, [32m'0.00'[39m ]
data rcv RT:[ [32m'0.00'[39m, [32m'4.30'[39m, [32m'3.44'[39m, [32m'0.00'[39m ]
data rcv RT:[ [32m'0.00'[39m, [32m'4.30'[39m, [32m'3.42'[39m, [32m'0.00'[39m ]
data rcv RT:[ [32m'0.00'[39m, [32m'4.27'[39m, [32m'3.37'[39m, [32m'0.00'[39m ]
data rcv RT:[ [32m'0.00'[39m, [32m'4.26'[39m, [32m'3.40'[39m, [32m'0.00'[39m ]
data rcv RT:[ [32m'0.00'[39m, [32m'4.32'[39m, [32m'3.36'[39m, [32m'0.02'[39m ]
data rcv RT:[ [32m'0.00'[39m, [32m'4.36'[39m, [32m'3.38'[39m, [32m'0.01'[39m ]
data rcv RT:[ [32m'0.00'[39m, [32m'4.36'[39m, [32m'3.39'[39m, [32m'0.02'[39m ]
data rcv RT:[ [32m'0.00'[39m, [32m'4.35'[39m, [32m'3.45'[39m, [32m'0.00'[39m ]
data rcv RT:[ [32m'0.00'[39m, [32m'4.31'[39m, [32m'3.40'[39m, [32m'0.00'[39m ]
data rcv RT:[ [32m'0.00'[39m, [32m'4.30'[39m, [32m'3.44'[39m, [32m'0.00'[39m ]
data rcv RT:[ [32m'0.00'[39m, [32m'4.28'[39m, [32m'3.41'[39m, [32m'0.00'[39m ]
data rcv RT:[ [32m'0.00'[39m, [32m'4.28'[39m, [32m'3.38'[39m, [32m'0.00'[39m ]
data rcv RT:[ [32m'0.00'[39m, [32m'4.31'[39m, [32m'3.37'[39m, [32m'0.00'[39m ]
data rcv RT:[ [32m'0.00'[39m, [32m'4.33'[39m, [32m'3.39'[39m, [32m'0.00'[39m ]
data rcv RT:[ [32m'0.00'[39m, [32m'4.38'[39m, [32m'3.40'[39m, [32m'0.00'[39m ]
data rcv RT:[ [32m'0.00'[39m, [32m'4.37'[39m, [32m'3.40'[39m, [32m'0.00'[39m ]
data rcv RT:[ [32m'0.00'[39m, [32m'4.35'[39m, [32m'3.41'[39m, [32m'0.00'[39m ]
data rcv RT:[ [32m'0.00'[39m, [32m'4.28'[39m, [32m'3.44'[39m, [32m'0.00'[39m ]
data rcv RT:[ [32m'0.00'[39m, [32m'4.28'[39m, [32m'3.44'[39m, [32m'0.00'[39m ]
data rcv RT:[ [32m'0.00'[39m, [32m'4.28'[39m, [32m'3.38'[39m, [32m'0.00'[39m ]
data rcv RT:[ [32m'0.00'[39m, [32m'4.31'[39m, [32m'3.39'[39m, [32m'0.00'[39m ]
data rcv RT:[ [32m'0.00'[39m, [32m'4.32'[39m, [32m'3.38'[39m, [32m'0.02'[39m ]
data rcv RT:[ [32m'0.00'[39m, [32m'4.35'[39m, [32m'3.40'[39m, [32m'0.00'[39m ]
data rcv RT:[ [32m'0.00'[39m, [32m'4.34'[39m, [32m'3.42'[39m, [32m'0.00'[39m ]
data rcv RT:[ [32m'0.00'[39m, [32m'4.32'[39m, [32m'3.44'[39m, [32m'0.00'[39m ]
data rcv RT:[ [32m'0.00'[39m, [32m'4.29'[39m, [32m'3.43'[39m, [32m'0.00'[39m ]
data rcv RT:[ [32m'0.00'[39m, [32m'4.33'[39m, [32m'3.45'[39m, [32m'0.00'[39m ]
data rcv RT:[ [32m'0.00'[39m, [32m'4.28'[39m, [32m'3.41'[39m, [32m'0.00'[39m ]
data rcv RT:[ [32m'0.00'[39m, [32m'4.29'[39m, [32m'3.36'[39m, [32m'0.01'[39m ]
data rcv RT:[ [32m'0.00'[39m, [32m'4.36'[39m, [32m'3.41'[39m, [32m'0.00'[39m ]
data rcv RT:[ [32m'0.00'[39m, [32m'4.38'[39m, [32m'3.39'[39m, [32m'0.01'[39m ]
data rcv RT:[ [32m'0.00'[39m, [32m'4.34'[39m, [32m'3.40'[39m, [32m'0.00'[39m ]
data rcv RT:[ [32m'0.00'[39m, [32m'4.33'[39m, [32m'3.43'[39m, [32m'0.00'[39m ]
data rcv RT:[ [32m'0.00'[39m, [32m'4.30'[39m, [32m'3.42'[39m, [32m'0.00'[39m ]
data rcv RT:[ [32m'0.00'[39m, [32m'4.29'[39m, [32m'3.41'[39m, [32m'0.00'[39m ]
data rcv RT:[ [32m'0.00'[39m, [32m'4.25'[39m, [32m'3.41'[39m, [32m'0.00'[39m ]
data rcv RT:[ [32m'0.00'[39m, [32m'4.28'[39m, [32m'3.39'[39m, [32m'0.00'[39m ]
data rcv RT:[ [32m'0.00'[39m, [32m'4.30'[39m, [32m'3.37'[39m, [32m'0.01'[39m ]
data rcv RT:[ [32m'0.00'[39m, [32m'4.34'[39m, [32m'3.36'[39m, [32m'0.04'[39m ]
data rcv RT:[ [32m'0.00'[39m, [32m'4.38'[39m, [32m'3.43'[39m, [32m'0.00'[39m ]
data rcv RT:[ [32m'0.00'[39m, [32m'4.38'[39m, [32m'3.45'[39m, [32m'0.00'[39m ]
data rcv RT:[ [32m'0.00'[39m, [32m'4.29'[39m, [32m'3.44'[39m, [32m'0.00'[39m ]
data rcv RT:[ [32m'0.00'[39m, [32m'4.29'[39m, [32m'3.43'[39m, [32m'0.00'[39m ]
data rcv RT:[ [32m'0.00'[39m, [32m'4.27'[39m, [32m'3.39'[39m, [32m'0.00'[39m ]
data rcv RT:[ [32m'0.00'[39m, [32m'4.29'[39m, [32m'3.39'[39m, [32m'0.00'[39m ]
data rcv RT:[ [32m'0.00'[39m, [32m'4.31'[39m, [32m'3.38'[39m, [32m'0.00'[39m ]
data rcv RT:[ [32m'0.00'[39m, [32m'4.34'[39m, [32m'3.37'[39m, [32m'0.03'[39m ]
data rcv RT:[ [32m'0.00'[39m, [32m'4.33'[39m, [32m'3.38'[39m, [32m'0.03'[39m ]
data rcv RT:[ [32m'0.00'[39m, [32m'4.36'[39m, [32m'3.39'[39m, [32m'0.01'[39m ]
data rcv RT:[ [32m'0.00'[39m, [32m'4.35'[39m, [32m'3.43'[39m, [32m'0.00'[39m ]
data rcv RT:[ [32m'0.00'[39m, [32m'4.31'[39m, [32m'3.43'[39m, [32m'0.00'[39m ]
data rcv RT:[ [32m'0.00'[39m, [32m'4.32'[39m, [32m'3.44'[39m, [32m'0.00'[39m ]
data rcv RT:[ [32m'0.00'[39m, [32m'4.31'[39m, [32m'3.43'[39m, [32m'0.00'[39m ]
data rcv RT:[ [32m'0.00'[39m, [32m'4.30'[39m, [32m'3.42'[39m, [32m'0.00'[39m ]
data rcv RT:[ [32m'0.00'[39m, [32m'4.26'[39m, [32m'3.39'[39m, [32m'0.00'[39m ]
data rcv RT:[ [32m'0.00'[39m, [32m'4.27'[39m, [32m'3.39'[39m, [32m'0.00'[39m ]
data rcv RT:[ [32m'0.00'[39m, [32m'4.31'[39m, [32m'3.37'[39m, [32m'0.02'[39m ]
data rcv RT:[ [32m'0.00'[39m, [32m'4.34'[39m, [32m'3.39'[39m, [32m'0.04'[39m ]
data rcv RT:[ [32m'0.00'[39m, [32m'4.37'[39m, [32m'3.39'[39m, [32m'0.01'[39m ]
data rcv RT:[ [32m'0.00'[39m, [32m'4.35'[39m, [32m'3.43'[39m, [32m'0.00'[39m ]
data rcv RT:[ [32m'0.00'[39m, [32m'4.32'[39m, [32m'3.43'[39m, [32m'0.00'[39m ]
data rcv RT:[ [32m'0.00'[39m, [32m'4.32'[39m, [32m'3.44'[39m, [32m'0.00'[39m ]
data rcv RT:[ [32m'0.00'[39m, [32m'4.27'[39m, [32m'3.39'[39m, [32m'0.00'[39m ]
data rcv RT:[ [32m'0.00'[39m, [32m'4.25'[39m, [32m'3.42'[39m, [32m'0.00'[39m ]
data rcv RT:[ [32m'0.00'[39m, [32m'4.26'[39m, [32m'3.39'[39m, [32m'0.00'[39m ]
data rcv RT:[ [32m'0.00'[39m, [32m'4.32'[39m, [32m'3.38'[39m, [32m'0.01'[39m ]
data rcv RT:[ [32m'0.00'[39m, [32m'4.35'[39m, [32m'3.36'[39m, [32m'0.03'[39m ]
data rcv RT:[ [32m'0.00'[39m, [32m'4.32'[39m, [32m'3.37'[39m, [32m'0.03'[39m ]
data rcv RT:[ [32m'0.00'[39m, [32m'4.34'[39m, [32m'3.40'[39m, [32m'0.00'[39m ]
data rcv RT:[ [32m'0.00'[39m, [32m'4.37'[39m, [32m'3.43'[39m, [32m'0.00'[39m ]
data rcv RT:[ [32m'0.00'[39m, [32m'4.30'[39m, [32m'3.43'[39m, [32m'0.00'[39m ]
data rcv RT:[ [32m'0.00'[39m, [32m'4.29'[39m, [32m'3.42'[39m, [32m'0.00'[39m ]
data rcv RT:[ [32m'0.00'[39m, [32m'4.27'[39m, [32m'3.40'[39m, [32m'0.00'[39m ]
data rcv RT:[ [32m'0.00'[39m, [32m'4.27'[39m, [32m'3.40'[39m, [32m'0.00'[39m ]
data rcv RT:[ [32m'0.00'[39m, [32m'4.29'[39m, [32m'3.37'[39m, [32m'0.01'[39m ]
data rcv RT:[ [32m'0.00'[39m, [32m'4.32'[39m, [32m'3.37'[39m, [32m'0.01'[39m ]
data rcv RT:[ [32m'0.00'[39m, [32m'4.31'[39m, [32m'3.39'[39m, [32m'0.01'[39m ]
data rcv RT:[ [32m'0.00'[39m, [32m'4.39'[39m, [32m'3.38'[39m, [32m'0.03'[39m ]
data rcv RT:[ [32m'0.00'[39m, [32m'4.34'[39m, [32m'3.44'[39m, [32m'0.00'[39m ]
data rcv RT:[ [32m'0.00'[39m, [32m'4.31'[39m, [32m'3.41'[39m, [32m'0.00'[39m ]
data rcv RT:[ [32m'0.00'[39m, [32m'4.33'[39m, [32m'3.42'[39m, [32m'0.00'[39m ]
data rcv RT:[ [32m'0.00'[39m, [32m'4.28'[39m, [32m'3.48'[39m, [32m'0.00'[39m ]
data rcv RT:[ [32m'0.00'[39m, [32m'4.24'[39m, [32m'3.39'[39m, [32m'0.00'[39m ]
data rcv RT:[ [32m'0.00'[39m, [32m'4.28'[39m, [32m'3.39'[39m, [32m'0.00'[39m ]
data rcv RT:[ [32m'0.00'[39m, [32m'4.28'[39m, [32m'3.38'[39m, [32m'0.00'[39m ]
data rcv RT:[ [32m'0.00'[39m, [32m'4.33'[39m, [32m'3.38'[39m, [32m'0.00'[39m ]
data rcv RT:[ [32m'0.00'[39m, [32m'4.33'[39m, [32m'3.37'[39m, [32m'0.05'[39m ]
data rcv RT:[ [32m'0.00'[39m, [32m'4.32'[39m, [32m'3.37'[39m, [32m'0.01'[39m ]
data rcv RT:[ [32m'0.00'[39m, [32m'4.33'[39m, [32m'3.42'[39m, [32m'0.00'[39m ]
data rcv RT:[ [32m'0.00'[39m, [32m'4.34'[39m, [32m'3.42'[39m, [32m'0.00'[39m ]
data rcv RT:[ [32m'0.00'[39m, [32m'4.31'[39m, [32m'3.43'[39m, [32m'0.00'[39m ]
data rcv RT:[ [32m'0.00'[39m, [32m'4.29'[39m, [32m'3.43'[39m, [32m'0.00'[39m ]
data rcv RT:[ [32m'0.00'[39m, [32m'4.29'[39m, [32m'3.41'[39m, [32m'0.00'[39m ]
data rcv RT:[ [32m'0.00'[39m, [32m'4.27'[39m, [32m'3.40'[39m, [32m'0.00'[39m ]
data rcv RT:[ [32m'0.00'[39m, [32m'4.26'[39m, [32m'3.43'[39m, [32m'0.00'[39m ]
data rcv RT:[ [32m'0.00'[39m, [32m'4.25'[39m, [32m'3.35'[39m, [32m'0.01'[39m ]
data rcv RT:[ [32m'0.00'[39m, [32m'4.30'[39m, [32m'3.36'[39m, [32m'0.00'[39m ]
data rcv RT:[ [32m'0.00'[39m, [32m'4.31'[39m, [32m'3.37'[39m, [32m'0.01'[39m ]
data rcv RT:[ [32m'0.00'[39m, [32m'4.31'[39m, [32m'3.37'[39m, [32m'0.00'[39m ]
data rcv RT:[ [32m'0.00'[39m, [32m'4.35'[39m, [32m'3.36'[39m, [32m'0.07'[39m ]
data rcv RT:[ [32m'0.00'[39m, [32m'4.33'[39m, [32m'3.35'[39m, [32m'0.06'[39m ]
data rcv RT:[ [32m'0.00'[39m, [32m'4.37'[39m, [32m'3.41'[39m, [32m'0.02'[39m ]
data rcv RT:[ [32m'0.00'[39m, [32m'4.33'[39m, [32m'3.44'[39m, [32m'0.00'[39m ]
data rcv RT:[ [32m'0.00'[39m, [32m'4.36'[39m, [32m'3.41'[39m, [32m'0.00'[39m ]
data rcv RT:[ [32m'0.00'[39m, [32m'4.30'[39m, [32m'3.44'[39m, [32m'0.00'[39m ]
data rcv RT:[ [32m'0.00'[39m, [32m'4.30'[39m, [32m'3.44'[39m, [32m'0.00'[39m ]
data rcv RT:[ [32m'0.00'[39m, [32m'4.31'[39m, [32m'3.42'[39m, [32m'0.00'[39m ]
data rcv RT:[ [32m'0.00'[39m, [32m'4.27'[39m, [32m'3.41'[39m, [32m'0.00'[39m ]
data rcv RT:[ [32m'0.00'[39m, [32m'4.25'[39m, [32m'3.38'[39m, [32m'0.00'[39m ]
data rcv RT:[ [32m'0.00'[39m, [32m'4.28'[39m, [32m'3.40'[39m, [32m'0.00'[39m ]
data rcv RT:[ [32m'0.00'[39m, [32m'4.31'[39m, [32m'3.37'[39m, [32m'0.03'[39m ]
data rcv RT:[ [32m'0.00'[39m, [32m'4.31'[39m, [32m'3.37'[39m, [32m'0.01'[39m ]
data rcv RT:[ [32m'0.00'[39m, [32m'4.38'[39m, [32m'3.44'[39m, [32m'0.00'[39m ]
data rcv RT:[ [32m'0.00'[39m, [32m'4.37'[39m, [32m'3.39'[39m, [32m'0.01'[39m ]
data rcv RT:[ [32m'0.00'[39m, [32m'4.32'[39m, [32m'3.44'[39m, [32m'0.00'[39m ]
data rcv RT:[ [32m'0.00'[39m, [32m'4.30'[39m, [32m'3.43'[39m, [32m'0.00'[39m ]
data rcv RT:[ [32m'0.00'[39m, [32m'4.32'[39m, [32m'3.42'[39m, [32m'0.00'[39m ]
data rcv RT:[ [32m'0.00'[39m, [32m'4.29'[39m, [32m'3.44'[39m, [32m'0.00'[39m ]
data rcv RT:[ [32m'0.00'[39m, [32m'4.27'[39m, [32m'3.38'[39m, [32m'0.00'[39m ]
data rcv RT:[ [32m'0.00'[39m, [32m'4.29'[39m, [32m'3.36'[39m, [32m'0.00'[39m ]
data rcv RT:[ [32m'0.00'[39m, [32m'4.29'[39m, [32m'3.39'[39m, [32m'0.01'[39m ]
data rcv RT:[ [32m'0.00'[39m, [32m'4.32'[39m, [32m'3.39'[39m, [32m'0.00'[39m ]
data rcv RT:[ [32m'0.00'[39m, [32m'4.31'[39m, [32m'3.40'[39m, [32m'0.00'[39m ]
data rcv RT:[ [32m'0.00'[39m, [32m'4.32'[39m, [32m'3.39'[39m, [32m'0.01'[39m ]
data rcv RT:[ [32m'0.00'[39m, [32m'4.34'[39m, [32m'3.38'[39m, [32m'0.00'[39m ]
data rcv RT:[ [32m'0.00'[39m, [32m'4.35'[39m, [32m'3.41'[39m, [32m'0.00'[39m ]
data rcv RT:[ [32m'0.00'[39m, [32m'4.30'[39m, [32m'3.41'[39m, [32m'0.00'[39m ]
data rcv RT:[ [32m'0.00'[39m, [32m'4.30'[39m, [32m'3.45'[39m, [32m'0.00'[39m ]
data rcv RT:[ [32m'0.00'[39m, [32m'4.32'[39m, [32m'3.41'[39m, [32m'0.00'[39m ]
data rcv RT:[ [32m'0.00'[39m, [32m'4.29'[39m, [32m'3.41'[39m, [32m'0.00'[39m ]
data rcv RT:[ [32m'0.00'[39m, [32m'4.24'[39m, [32m'3.37'[39m, [32m'0.00'[39m ]
data rcv RT:[ [32m'0.00'[39m, [32m'4.27'[39m, [32m'3.40'[39m, [32m'0.00'[39m ]
data rcv RT:[ [32m'0.00'[39m, [32m'4.27'[39m, [32m'3.39'[39m, [32m'0.00'[39m ]
data rcv RT:[ [32m'0.00'[39m, [32m'4.33'[39m, [32m'3.34'[39m, [32m'0.07'[39m ]
data rcv RT:[ [32m'0.00'[39m, [32m'4.36'[39m, [32m'3.39'[39m, [32m'0.01'[39m ]
data rcv RT:[ [32m'0.00'[39m, [32m'4.37'[39m, [32m'3.40'[39m, [32m'0.00'[39m ]
data rcv RT:[ [32m'0.00'[39m, [32m'4.37'[39m, [32m'3.40'[39m, [32m'0.00'[39m ]
data rcv RT:[ [32m'0.00'[39m, [32m'4.33'[39m, [32m'3.43'[39m, [32m'0.00'[39m ]
data rcv RT:[ [32m'0.00'[39m, [32m'4.31'[39m, [32m'3.45'[39m, [32m'0.00'[39m ]
data rcv RT:[ [32m'0.00'[39m, [32m'4.30'[39m, [32m'3.44'[39m, [32m'0.00'[39m ]
data rcv RT:[ [32m'0.00'[39m, [32m'4.31'[39m, [32m'3.43'[39m, [32m'0.00'[39m ]
data rcv RT:[ [32m'0.00'[39m, [32m'4.28'[39m, [32m'3.48'[39m, [32m'0.00'[39m ]
data rcv RT:[ [32m'0.00'[39m, [32m'4.27'[39m, [32m'3.46'[39m, [32m'0.00'[39m ]
data rcv RT:[ [32m'0.00'[39m, [32m'4.24'[39m, [32m'3.36'[39m, [32m'0.00'[39m ]
data rcv RT:[ [32m'0.00'[39m, [32m'4.25'[39m, [32m'3.38'[39m, [32m'0.00'[39m ]
data rcv RT:[ [32m'0.00'[39m, [32m'4.28'[39m, [32m'3.37'[39m, [32m'0.01'[39m ]
data rcv RT:[ [32m'0.00'[39m, [32m'4.34'[39m, [32m'3.40'[39m, [32m'0.00'[39m ]
data rcv RT:[ [32m'0.00'[39m, [32m'4.31'[39m, [32m'3.38'[39m, [32m'0.02'[39m ]
data rcv RT:[ [32m'0.00'[39m, [32m'4.36'[39m, [32m'3.38'[39m, [32m'0.03'[39m ]
data rcv RT:[ [32m'0.00'[39m, [32m'4.35'[39m, [32m'3.39'[39m, [32m'0.02'[39m ]
data rcv RT:[ [32m'0.00'[39m, [32m'4.36'[39m, [32m'3.43'[39m, [32m'0.00'[39m ]
data rcv RT:[ [32m'0.00'[39m, [32m'4.34'[39m, [32m'3.43'[39m, [32m'0.00'[39m ]
data rcv RT:[ [32m'0.00'[39m, [32m'4.33'[39m, [32m'3.44'[39m, [32m'0.00'[39m ]
data rcv RT:[ [32m'0.00'[39m, [32m'4.31'[39m, [32m'3.42'[39m, [32m'0.00'[39m ]
data rcv RT:[ [32m'0.00'[39m, [32m'4.31'[39m, [32m'3.42'[39m, [32m'0.00'[39m ]
data rcv RT:[ [32m'0.00'[39m, [32m'4.30'[39m, [32m'3.42'[39m, [32m'0.00'[39m ]
data rcv RT:[ [32m'0.00'[39m, [32m'4.29'[39m, [32m'3.47'[39m, [32m'0.00'[39m ]
data rcv RT:[ [32m'0.00'[39m, [32m'4.26'[39m, [32m'3.41'[39m, [32m'0.00'[39m ]
data rcv RT:[ [32m'0.00'[39m, [32m'4.28'[39m, [32m'3.40'[39m, [32m'0.00'[39m ]
data rcv RT:[ [32m'0.00'[39m, [32m'4.30'[39m, [32m'3.39'[39m, [32m'0.00'[39m ]
data rcv RT:[ [32m'0.00'[39m, [32m'4.34'[39m, [32m'3.40'[39m, [32m'0.00'[39m ]
data rcv RT:[ [32m'0.00'[39m, [32m'4.35'[39m, [32m'3.39'[39m, [32m'0.03'[39m ]
data rcv RT:[ [32m'0.00'[39m, [32m'4.33'[39m, [32m'3.40'[39m, [32m'0.01'[39m ]
data rcv RT:[ [32m'0.00'[39m, [32m'4.39'[39m, [32m'3.39'[39m, [32m'0.03'[39m ]
data rcv RT:[ [32m'0.00'[39m, [32m'4.34'[39m, [32m'3.43'[39m, [32m'0.00'[39m ]
data rcv RT:[ [32m'0.00'[39m, [32m'4.37'[39m, [32m'3.43'[39m, [32m'0.00'[39m ]
data rcv RT:[ [32m'0.00'[39m, [32m'4.34'[39m, [32m'3.42'[39m, [32m'0.00'[39m ]
data rcv RT:[ [32m'0.00'[39m, [32m'4.32'[39m, [32m'3.41'[39m, [32m'0.00'[39m ]
data rcv RT:[ [32m'0.00'[39m, [32m'4.30'[39m, [32m'3.42'[39m, [32m'0.00'[39m ]
data rcv RT:[ [32m'0.00'[39m, [32m'4.33'[39m, [32m'3.40'[39m, [32m'0.00'[39m ]
data rcv RT:[ [32m'0.00'[39m, [32m'4.32'[39m, [32m'3.47'[39m, [32m'0.00'[39m ]
data rcv RT:[ [32m'0.00'[39m, [32m'4.25'[39m, [32m'3.39'[39m, [32m'0.00'[39m ]
data rcv RT:[ [32m'0.00'[39m, [32m'4.28'[39m, [32m'3.42'[39m, [32m'0.00'[39m ]
data rcv RT:[ [32m'0.00'[39m, [32m'4.29'[39m, [32m'3.36'[39m, [32m'0.00'[39m ]
data rcv RT:[ [32m'0.00'[39m, [32m'4.31'[39m, [32m'3.37'[39m, [32m'0.01'[39m ]
data rcv RT:[ [32m'0.00'[39m, [32m'4.31'[39m, [32m'3.40'[39m, [32m'0.00'[39m ]
data rcv RT:[ [32m'0.00'[39m, [32m'4.32'[39m, [32m'3.36'[39m, [32m'0.04'[39m ]
data rcv RT:[ [32m'0.00'[39m, [32m'4.38'[39m, [32m'3.40'[39m, [32m'0.03'[39m ]
data rcv RT:[ [32m'0.00'[39m, [32m'4.38'[39m, [32m'3.41'[39m, [32m'0.02'[39m ]
data rcv RT:[ [32m'0.00'[39m, [32m'4.34'[39m, [32m'3.43'[39m, [32m'0.00'[39m ]
data rcv RT:[ [32m'0.00'[39m, [32m'4.33'[39m, [32m'3.43'[39m, [32m'0.00'[39m ]
data rcv RT:[ [32m'0.00'[39m, [32m'4.29'[39m, [32m'3.45'[39m, [32m'0.00'[39m ]
data rcv RT:[ [32m'0.00'[39m, [32m'4.31'[39m, [32m'3.47'[39m, [32m'0.00'[39m ]
data rcv RT:[ [32m'0.00'[39m, [32m'4.30'[39m, [32m'3.44'[39m, [32m'0.00'[39m ]
data rcv RT:[ [32m'0.00'[39m, [32m'4.30'[39m, [32m'3.43'[39m, [32m'0.00'[39m ]
data rcv RT:[ [32m'0.00'[39m, [32m'4.28'[39m, [32m'3.39'[39m, [32m'0.00'[39m ]
data rcv RT:[ [32m'0.00'[39m, [32m'4.30'[39m, [32m'3.38'[39m, [32m'0.01'[39m ]
data rcv RT:[ [32m'0.00'[39m, [32m'4.31'[39m, [32m'3.39'[39m, [32m'0.01'[39m ]
data rcv RT:[ [32m'0.00'[39m, [32m'4.34'[39m, [32m'3.39'[39m, [32m'0.02'[39m ]
data rcv RT:[ [32m'0.00'[39m, [32m'4.36'[39m, [32m'3.39'[39m, [32m'0.02'[39m ]
data rcv RT:[ [32m'0.00'[39m, [32m'4.35'[39m, [32m'3.42'[39m, [32m'0.00'[39m ]
data rcv RT:[ [32m'0.00'[39m, [32m'4.35'[39m, [32m'3.41'[39m, [32m'0.00'[39m ]
data rcv RT:[ [32m'0.00'[39m, [32m'4.33'[39m, [32m'3.43'[39m, [32m'0.00'[39m ]
data rcv RT:[ [32m'0.00'[39m, [32m'4.32'[39m, [32m'3.43'[39m, [32m'0.00'[39m ]
data rcv RT:[ [32m'0.00'[39m, [32m'4.32'[39m, [32m'3.43'[39m, [32m'0.00'[39m ]
data rcv RT:[ [32m'0.00'[39m, [32m'4.31'[39m, [32m'3.43'[39m, [32m'0.00'[39m ]
data rcv RT:[ [32m'0.00'[39m, [32m'4.26'[39m, [32m'3.42'[39m, [32m'0.00'[39m ]
data rcv RT:[ [32m'0.00'[39m, [32m'4.29'[39m, [32m'3.43'[39m, [32m'0.00'[39m ]
data rcv RT:[ [32m'0.00'[39m, [32m'4.26'[39m, [32m'3.40'[39m, [32m'0.00'[39m ]
data rcv RT:[ [32m'0.00'[39m, [32m'4.27'[39m, [32m'3.42'[39m, [32m'0.00'[39m ]
data rcv RT:[ [32m'0.00'[39m, [32m'4.26'[39m, [32m'3.39'[39m, [32m'0.00'[39m ]
data rcv RT:[ [32m'0.00'[39m, [32m'4.26'[39m, [32m'3.41'[39m, [32m'0.00'[39m ]
data rcv RT:[ [32m'0.00'[39m, [32m'4.33'[39m, [32m'3.38'[39m, [32m'0.00'[39m ]
data rcv RT:[ [32m'0.00'[39m, [32m'4.33'[39m, [32m'3.36'[39m, [32m'0.01'[39m ]
data rcv RT:[ [32m'0.00'[39m, [32m'4.35'[39m, [32m'3.37'[39m, [32m'0.01'[39m ]
data rcv RT:[ [32m'0.00'[39m, [32m'4.35'[39m, [32m'3.36'[39m, [32m'0.06'[39m ]
data rcv RT:[ [32m'0.00'[39m, [32m'4.35'[39m, [32m'3.39'[39m, [32m'0.02'[39m ]
data rcv RT:[ [32m'0.00'[39m, [32m'4.39'[39m, [32m'3.38'[39m, [32m'0.04'[39m ]
data rcv RT:[ [32m'0.00'[39m, [32m'4.36'[39m, [32m'3.41'[39m, [32m'0.00'[39m ]
data rcv RT:[ [32m'0.00'[39m, [32m'4.34'[39m, [32m'3.43'[39m, [32m'0.00'[39m ]
data rcv RT:[ [32m'0.00'[39m, [32m'4.34'[39m, [32m'3.42'[39m, [32m'0.00'[39m ]
data rcv RT:[ [32m'0.00'[39m, [32m'4.34'[39m, [32m'3.41'[39m, [32m'0.00'[39m ]
data rcv RT:[ [32m'0.00'[39m, [32m'4.33'[39m, [32m'3.43'[39m, [32m'0.00'[39m ]
data rcv RT:[ [32m'0.00'[39m, [32m'4.29'[39m, [32m'3.42'[39m, [32m'0.00'[39m ]
data rcv RT:[ [32m'0.00'[39m, [32m'4.28'[39m, [32m'3.40'[39m, [32m'0.00'[39m ]
data rcv RT:[ [32m'0.00'[39m, [32m'4.30'[39m, [32m'3.42'[39m, [32m'0.00'[39m ]
data rcv RT:[ [32m'0.00'[39m, [32m'4.27'[39m, [32m'3.44'[39m, [32m'0.00'[39m ]
data rcv RT:[ [32m'0.00'[39m, [32m'4.30'[39m, [32m'3.38'[39m, [32m'0.00'[39m ]
data rcv RT:[ [32m'0.00'[39m, [32m'4.29'[39m, [32m'3.38'[39m, [32m'0.02'[39m ]
data rcv RT:[ [32m'0.00'[39m, [32m'4.33'[39m, [32m'3.37'[39m, [32m'0.03'[39m ]
data rcv RT:[ [32m'0.00'[39m, [32m'4.33'[39m, [32m'3.37'[39m, [32m'0.01'[39m ]
data rcv RT:[ [32m'0.00'[39m, [32m'4.32'[39m, [32m'3.39'[39m, [32m'0.01'[39m ]
data rcv RT:[ [32m'0.00'[39m, [32m'4.34'[39m, [32m'3.41'[39m, [32m'0.01'[39m ]
data rcv RT:[ [32m'0.00'[39m, [32m'4.34'[39m, [32m'3.37'[39m, [32m'0.00'[39m ]
data rcv RT:[ [32m'0.00'[39m, [32m'4.37'[39m, [32m'3.41'[39m, [32m'0.00'[39m ]
data rcv RT:[ [32m'0.00'[39m, [32m'4.36'[39m, [32m'3.44'[39m, [32m'0.00'[39m ]
data rcv RT:[ [32m'0.00'[39m, [32m'4.31'[39m, [32m'3.44'[39m, [32m'0.00'[39m ]
data rcv RT:[ [32m'0.00'[39m, [32m'4.32'[39m, [32m'3.43'[39m, [32m'0.00'[39m ]
data rcv RT:[ [32m'0.00'[39m, [32m'4.33'[39m, [32m'3.42'[39m, [32m'0.00'[39m ]
data rcv RT:[ [32m'0.00'[39m, [32m'4.28'[39m, [32m'3.45'[39m, [32m'0.00'[39m ]
data rcv RT:[ [32m'0.00'[39m, [32m'4.31'[39m, [32m'3.41'[39m, [32m'0.00'[39m ]
data rcv RT:[ [32m'0.00'[39m, [32m'4.27'[39m, [32m'3.40'[39m, [32m'0.00'[39m ]
data rcv RT:[ [32m'0.00'[39m, [32m'4.26'[39m, [32m'3.41'[39m, [32m'0.00'[39m ]
data rcv RT:[ [32m'0.00'[39m, [32m'4.26'[39m, [32m'3.38'[39m, [32m'0.00'[39m ]
data rcv RT:[ [32m'0.00'[39m, [32m'4.29'[39m, [32m'3.40'[39m, [32m'0.00'[39m ]
data rcv RT:[ [32m'0.00'[39m, [32m'4.28'[39m, [32m'3.38'[39m, [32m'0.00'[39m ]
data rcv RT:[ [32m'0.00'[39m, [32m'4.29'[39m, [32m'3.39'[39m, [32m'0.00'[39m ]
data rcv RT:[ [32m'0.00'[39m, [32m'4.31'[39m, [32m'3.38'[39m, [32m'0.02'[39m ]
data rcv RT:[ [32m'0.00'[39m, [32m'4.31'[39m, [32m'3.36'[39m, [32m'0.01'[39m ]
data rcv RT:[ [32m'0.00'[39m, [32m'4.31'[39m, [32m'3.38'[39m, [32m'0.01'[39m ]
data rcv RT:[ [32m'0.00'[39m, [32m'4.37'[39m, [32m'3.38'[39m, [32m'0.03'[39m ]
data rcv RT:[ [32m'0.00'[39m, [32m'4.37'[39m, [32m'3.42'[39m, [32m'0.02'[39m ]
data rcv RT:[ [32m'0.00'[39m, [32m'4.36'[39m, [32m'3.41'[39m, [32m'0.00'[39m ]
data rcv RT:[ [32m'0.00'[39m, [32m'4.37'[39m, [32m'3.43'[39m, [32m'0.00'[39m ]
data rcv RT:[ [32m'0.00'[39m, [32m'4.38'[39m, [32m'3.42'[39m, [32m'0.00'[39m ]
data rcv RT:[ [32m'0.00'[39m, [32m'4.36'[39m, [32m'3.41'[39m, [32m'0.00'[39m ]
data rcv RT:[ [32m'0.00'[39m, [32m'4.33'[39m, [32m'3.42'[39m, [32m'0.00'[39m ]
data rcv RT:[ [32m'0.00'[39m, [32m'4.31'[39m, [32m'3.45'[39m, [32m'0.00'[39m ]
data rcv RT:[ [32m'0.00'[39m, [32m'4.31'[39m, [32m'3.44'[39m, [32m'0.00'[39m ]
data rcv RT:[ [32m'0.00'[39m, [32m'4.33'[39m, [32m'3.42'[39m, [32m'0.00'[39m ]
data rcv RT:[ [32m'0.00'[39m, [32m'4.30'[39m, [32m'3.42'[39m, [32m'0.00'[39m ]
data rcv RT:[ [32m'0.00'[39m, [32m'4.26'[39m, [32m'3.42'[39m, [32m'0.00'[39m ]
data rcv RT:[ [32m'0.00'[39m, [32m'4.31'[39m, [32m'3.45'[39m, [32m'0.00'[39m ]
data rcv RT:[ [32m'0.00'[39m, [32m'4.25'[39m, [32m'3.39'[39m, [32m'0.00'[39m ]
data rcv RT:[ [32m'0.00'[39m, [32m'4.27'[39m, [32m'3.39'[39m, [32m'0.00'[39m ]
data rcv RT:[ [32m'0.00'[39m, [32m'4.26'[39m, [32m'3.37'[39m, [32m'0.00'[39m ]
data rcv RT:[ [32m'0.00'[39m, [32m'4.27'[39m, [32m'3.40'[39m, [32m'0.00'[39m ]
data rcv RT:[ [32m'0.00'[39m, [32m'4.33'[39m, [32m'3.40'[39m, [32m'0.01'[39m ]
data rcv RT:[ [32m'0.00'[39m, [32m'4.29'[39m, [32m'3.38'[39m, [32m'0.00'[39m ]
data rcv RT:[ [32m'0.00'[39m, [32m'4.35'[39m, [32m'3.38'[39m, [32m'0.01'[39m ]
data rcv RT:[ [32m'0.00'[39m, [32m'4.39'[39m, [32m'3.40'[39m, [32m'0.01'[39m ]
data rcv RT:[ [32m'0.00'[39m, [32m'4.37'[39m, [32m'3.41'[39m, [32m'0.00'[39m ]
data rcv RT:[ [32m'0.00'[39m, [32m'4.36'[39m, [32m'3.38'[39m, [32m'0.02'[39m ]
data rcv RT:[ [32m'0.00'[39m, [32m'4.35'[39m, [32m'3.44'[39m, [32m'0.00'[39m ]
data rcv RT:[ [32m'0.00'[39m, [32m'4.36'[39m, [32m'3.43'[39m, [32m'0.00'[39m ]
data rcv RT:[ [32m'0.00'[39m, [32m'4.34'[39m, [32m'3.42'[39m, [32m'0.00'[39m ]
data rcv RT:[ [32m'0.00'[39m, [32m'4.31'[39m, [32m'3.44'[39m, [32m'0.00'[39m ]
data rcv RT:[ [32m'0.00'[39m, [32m'4.29'[39m, [32m'3.43'[39m, [32m'0.00'[39m ]
data rcv RT:[ [32m'0.00'[39m, [32m'4.30'[39m, [32m'3.42'[39m, [32m'0.00'[39m ]
data rcv RT:[ [32m'0.00'[39m, [32m'4.28'[39m, [32m'3.40'[39m, [32m'0.00'[39m ]
data rcv RT:[ [32m'0.00'[39m, [32m'4.25'[39m, [32m'3.40'[39m, [32m'0.00'[39m ]
data rcv RT:[ [32m'0.00'[39m, [32m'4.27'[39m, [32m'3.35'[39m, [32m'0.00'[39m ]
data rcv RT:[ [32m'0.00'[39m, [32m'4.29'[39m, [32m'3.37'[39m, [32m'0.00'[39m ]
data rcv RT:[ [32m'0.00'[39m, [32m'4.31'[39m, [32m'3.40'[39m, [32m'0.00'[39m ]
data rcv RT:[ [32m'0.00'[39m, [32m'4.31'[39m, [32m'3.37'[39m, [32m'0.02'[39m ]
data rcv RT:[ [32m'0.00'[39m, [32m'4.31'[39m, [32m'3.39'[39m, [32m'0.01'[39m ]
data rcv RT:[ [32m'0.00'[39m, [32m'4.35'[39m, [32m'3.38'[39m, [32m'0.05'[39m ]
data rcv RT:[ [32m'0.00'[39m, [32m'4.36'[39m, [32m'3.42'[39m, [32m'0.00'[39m ]
data rcv RT:[ [32m'0.00'[39m, [32m'4.34'[39m, [32m'3.43'[39m, [32m'0.00'[39m ]
data rcv RT:[ [32m'0.00'[39m, [32m'4.37'[39m, [32m'3.40'[39m, [32m'0.00'[39m ]
data rcv RT:[ [32m'0.00'[39m, [32m'4.37'[39m, [32m'3.45'[39m, [32m'0.00'[39m ]
data rcv RT:[ [32m'0.00'[39m, [32m'4.33'[39m, [32m'3.41'[39m, [32m'0.00'[39m ]
data rcv RT:[ [32m'0.00'[39m, [32m'4.30'[39m, [32m'3.43'[39m, [32m'0.00'[39m ]
data rcv RT:[ [32m'0.00'[39m, [32m'4.31'[39m, [32m'3.42'[39m, [32m'0.00'[39m ]
data rcv RT:[ [32m'0.00'[39m, [32m'4.28'[39m, [32m'3.43'[39m, [32m'0.00'[39m ]
data rcv RT:[ [32m'0.00'[39m, [32m'4.30'[39m, [32m'3.41'[39m, [32m'0.00'[39m ]
data rcv RT:[ [32m'0.00'[39m, [32m'4.25'[39m, [32m'3.40'[39m, [32m'0.00'[39m ]
data rcv RT:[ [32m'0.00'[39m, [32m'4.28'[39m, [32m'3.39'[39m, [32m'0.00'[39m ]
data rcv RT:[ [32m'0.00'[39m, [32m'4.31'[39m, [32m'3.37'[39m, [32m'0.00'[39m ]
data rcv RT:[ [32m'0.00'[39m, [32m'4.29'[39m, [32m'3.40'[39m, [32m'0.00'[39m ]
data rcv RT:[ [32m'0.00'[39m, [32m'4.32'[39m, [32m'3.38'[39m, [32m'0.02'[39m ]
data rcv RT:[ [32m'0.00'[39m, [32m'4.37'[39m, [32m'3.38'[39m, [32m'0.06'[39m ]
data rcv RT:[ [32m'0.00'[39m, [32m'4.35'[39m, [32m'3.41'[39m, [32m'0.00'[39m ]
data rcv RT:[ [32m'0.00'[39m, [32m'4.37'[39m, [32m'3.38'[39m, [32m'0.03'[39m ]
data rcv RT:[ [32m'0.00'[39m, [32m'4.35'[39m, [32m'3.39'[39m, [32m'0.00'[39m ]
data rcv RT:[ [32m'0.00'[39m, [32m'4.34'[39m, [32m'3.40'[39m, [32m'0.00'[39m ]
data rcv RT:[ [32m'0.00'[39m, [32m'4.34'[39m, [32m'3.41'[39m, [32m'0.00'[39m ]
data rcv RT:[ [32m'0.00'[39m, [32m'4.34'[39m, [32m'3.41'[39m, [32m'0.00'[39m ]
data rcv RT:[ [32m'0.00'[39m, [32m'4.32'[39m, [32m'3.43'[39m, [32m'0.00'[39m ]
data rcv RT:[ [32m'0.00'[39m, [32m'4.29'[39m, [32m'3.46'[39m, [32m'0.00'[39m ]
data rcv RT:[ [32m'0.00'[39m, [32m'4.29'[39m, [32m'3.42'[39m, [32m'0.00'[39m ]
data rcv RT:[ [32m'0.00'[39m, [32m'4.30'[39m, [32m'3.44'[39m, [32m'0.00'[39m ]
data rcv RT:[ [32m'0.00'[39m, [32m'4.29'[39m, [32m'3.42'[39m, [32m'0.00'[39m ]
data rcv RT:[ [32m'0.00'[39m, [32m'4.25'[39m, [32m'3.39'[39m, [32m'0.00'[39m ]
data rcv RT:[ [32m'0.00'[39m, [32m'4.26'[39m, [32m'3.40'[39m, [32m'0.00'[39m ]
data rcv RT:[ [32m'0.00'[39m, [32m'4.33'[39m, [32m'3.37'[39m, [32m'0.01'[39m ]
data rcv RT:[ [32m'0.00'[39m, [32m'4.31'[39m, [32m'3.39'[39m, [32m'0.01'[39m ]
data rcv RT:[ [32m'0.00'[39m, [32m'4.35'[39m, [32m'3.38'[39m, [32m'0.05'[39m ]
data rcv RT:[ [32m'0.00'[39m, [32m'4.37'[39m, [32m'3.37'[39m, [32m'0.04'[39m ]
data rcv RT:[ [32m'0.00'[39m, [32m'4.40'[39m, [32m'3.42'[39m, [32m'0.01'[39m ]
data rcv RT:[ [32m'0.00'[39m, [32m'4.35'[39m, [32m'3.42'[39m, [32m'0.00'[39m ]
data rcv RT:[ [32m'0.00'[39m, [32m'4.35'[39m, [32m'3.45'[39m, [32m'0.00'[39m ]
data rcv RT:[ [32m'0.00'[39m, [32m'4.33'[39m, [32m'3.41'[39m, [32m'0.00'[39m ]
data rcv RT:[ [32m'0.00'[39m, [32m'4.29'[39m, [32m'3.43'[39m, [32m'0.00'[39m ]
data rcv RT:[ [32m'0.00'[39m, [32m'4.27'[39m, [32m'3.43'[39m, [32m'0.00'[39m ]
data rcv RT:[ [32m'0.00'[39m, [32m'4.28'[39m, [32m'3.46'[39m, [32m'0.00'[39m ]
data rcv RT:[ [32m'0.00'[39m, [32m'4.30'[39m, [32m'3.39'[39m, [32m'0.00'[39m ]
data rcv RT:[ [32m'0.00'[39m, [32m'4.33'[39m, [32m'3.40'[39m, [32m'0.01'[39m ]
data rcv RT:[ [32m'0.00'[39m, [32m'4.33'[39m, [32m'3.37'[39m, [32m'0.02'[39m ]
data rcv RT:[ [32m'0.00'[39m, [32m'4.35'[39m, [32m'3.38'[39m, [32m'0.03'[39m ]
data rcv RT:[ [32m'0.00'[39m, [32m'4.37'[39m, [32m'3.41'[39m, [32m'0.00'[39m ]
data rcv RT:[ [32m'0.00'[39m, [32m'4.37'[39m, [32m'3.42'[39m, [32m'0.00'[39m ]
data rcv RT:[ [32m'0.00'[39m, [32m'4.37'[39m, [32m'3.45'[39m, [32m'0.00'[39m ]
data rcv RT:[ [32m'0.00'[39m, [32m'4.30'[39m, [32m'3.43'[39m, [32m'0.00'[39m ]
data rcv RT:[ [32m'0.00'[39m, [32m'4.31'[39m, [32m'3.42'[39m, [32m'0.00'[39m ]
data rcv RT:[ [32m'0.00'[39m, [32m'4.30'[39m, [32m'3.44'[39m, [32m'0.00'[39m ]
data rcv RT:[ [32m'0.00'[39m, [32m'4.28'[39m, [32m'3.42'[39m, [32m'0.00'[39m ]
data rcv RT:[ [32m'0.00'[39m, [32m'4.29'[39m, [32m'3.43'[39m, [32m'0.00'[39m ]
data rcv RT:[ [32m'0.00'[39m, [32m'4.28'[39m, [32m'3.38'[39m, [32m'0.00'[39m ]
data rcv RT:[ [32m'0.00'[39m, [32m'4.28'[39m, [32m'3.37'[39m, [32m'0.00'[39m ]
data rcv RT:[ [32m'0.00'[39m, [32m'4.29'[39m, [32m'3.38'[39m, [32m'0.00'[39m ]
data rcv RT:[ [32m'0.00'[39m, [32m'4.36'[39m, [32m'3.41'[39m, [32m'0.02'[39m ]
data rcv RT:[ [32m'0.00'[39m, [32m'4.34'[39m, [32m'3.36'[39m, [32m'0.06'[39m ]
data rcv RT:[ [32m'0.00'[39m, [32m'4.38'[39m, [32m'3.39'[39m, [32m'0.01'[39m ]
data rcv RT:[ [32m'0.00'[39m, [32m'4.35'[39m, [32m'3.40'[39m, [32m'0.00'[39m ]
data rcv RT:[ [32m'0.00'[39m, [32m'4.34'[39m, [32m'3.42'[39m, [32m'0.00'[39m ]
data rcv RT:[ [32m'0.00'[39m, [32m'4.31'[39m, [32m'3.42'[39m, [32m'0.00'[39m ]
data rcv RT:[ [32m'0.00'[39m, [32m'4.32'[39m, [32m'3.41'[39m, [32m'0.00'[39m ]
data rcv RT:[ [32m'0.00'[39m, [32m'4.32'[39m, [32m'3.41'[39m, [32m'0.00'[39m ]
data rcv RT:[ [32m'0.00'[39m, [32m'4.32'[39m, [32m'3.41'[39m, [32m'0.00'[39m ]
data rcv RT:[ [32m'0.00'[39m, [32m'4.27'[39m, [32m'3.39'[39m, [32m'0.00'[39m ]
data rcv RT:[ [32m'0.00'[39m, [32m'4.28'[39m, [32m'3.44'[39m, [32m'0.00'[39m ]
data rcv RT:[ [32m'0.00'[39m, [32m'4.27'[39m, [32m'3.40'[39m, [32m'0.00'[39m ]
data rcv RT:[ [32m'0.00'[39m, [32m'4.26'[39m, [32m'3.39'[39m, [32m'0.00'[39m ]
data rcv RT:[ [32m'0.00'[39m, [32m'4.32'[39m, [32m'3.38'[39m, [32m'0.01'[39m ]
data rcv RT:[ [32m'0.00'[39m, [32m'4.34'[39m, [32m'3.40'[39m, [32m'0.00'[39m ]
data rcv RT:[ [32m'0.00'[39m, [32m'4.34'[39m, [32m'3.39'[39m, [32m'0.02'[39m ]
data rcv RT:[ [32m'0.00'[39m, [32m'4.35'[39m, [32m'3.36'[39m, [32m'0.03'[39m ]
data rcv RT:[ [32m'0.00'[39m, [32m'4.39'[39m, [32m'3.39'[39m, [32m'0.03'[39m ]
data rcv RT:[ [32m'0.00'[39m, [32m'4.37'[39m, [32m'3.42'[39m, [32m'0.00'[39m ]
data rcv RT:[ [32m'0.00'[39m, [32m'4.31'[39m, [32m'3.42'[39m, [32m'0.00'[39m ]
data rcv RT:[ [32m'0.00'[39m, [32m'4.30'[39m, [32m'3.44'[39m, [32m'0.00'[39m ]
data rcv RT:[ [32m'0.00'[39m, [32m'4.27'[39m, [32m'3.43'[39m, [32m'0.00'[39m ]
data rcv RT:[ [32m'0.00'[39m, [32m'4.24'[39m, [32m'3.40'[39m, [32m'0.00'[39m ]
data rcv RT:[ [32m'0.00'[39m, [32m'4.29'[39m, [32m'3.38'[39m, [32m'0.00'[39m ]
data rcv RT:[ [32m'0.00'[39m, [32m'4.32'[39m, [32m'3.37'[39m, [32m'0.01'[39m ]
data rcv RT:[ [32m'0.00'[39m, [32m'4.30'[39m, [32m'3.39'[39m, [32m'0.00'[39m ]
data rcv RT:[ [32m'0.00'[39m, [32m'4.34'[39m, [32m'3.39'[39m, [32m'0.02'[39m ]
data rcv RT:[ [32m'0.00'[39m, [32m'4.33'[39m, [32m'3.34'[39m, [32m'0.06'[39m ]
data rcv RT:[ [32m'0.00'[39m, [32m'4.33'[39m, [32m'3.36'[39m, [32m'0.06'[39m ]
data rcv RT:[ [32m'0.00'[39m, [32m'4.35'[39m, [32m'3.42'[39m, [32m'0.03'[39m ]
data rcv RT:[ [32m'0.00'[39m, [32m'4.35'[39m, [32m'3.39'[39m, [32m'0.00'[39m ]
data rcv RT:[ [32m'0.00'[39m, [32m'4.30'[39m, [32m'3.43'[39m, [32m'0.00'[39m ]
data rcv RT:[ [32m'0.00'[39m, [32m'4.30'[39m, [32m'3.43'[39m, [32m'0.00'[39m ]
data rcv RT:[ [32m'0.00'[39m, [32m'4.31'[39m, [32m'3.41'[39m, [32m'0.00'[39m ]
data rcv RT:[ [32m'0.00'[39m, [32m'4.26'[39m, [32m'3.39'[39m, [32m'0.00'[39m ]
data rcv RT:[ [32m'0.00'[39m, [32m'4.28'[39m, [32m'3.39'[39m, [32m'0.00'[39m ]
data rcv RT:[ [32m'0.00'[39m, [32m'4.31'[39m, [32m'3.39'[39m, [32m'0.00'[39m ]
data rcv RT:[ [32m'0.00'[39m, [32m'4.32'[39m, [32m'3.38'[39m, [32m'0.01'[39m ]
data rcv RT:[ [32m'0.00'[39m, [32m'4.33'[39m, [32m'3.38'[39m, [32m'0.00'[39m ]
data rcv RT:[ [32m'0.00'[39m, [32m'4.39'[39m, [32m'3.40'[39m, [32m'0.03'[39m ]
data rcv RT:[ [32m'0.00'[39m, [32m'4.39'[39m, [32m'3.41'[39m, [32m'0.04'[39m ]
data rcv RT:[ [32m'0.00'[39m, [32m'4.36'[39m, [32m'3.40'[39m, [32m'0.00'[39m ]
data rcv RT:[ [32m'0.00'[39m, [32m'4.37'[39m, [32m'3.43'[39m, [32m'0.00'[39m ]
data rcv RT:[ [32m'0.00'[39m, [32m'4.33'[39m, [32m'3.42'[39m, [32m'0.00'[39m ]
data rcv RT:[ [32m'0.00'[39m, [32m'4.29'[39m, [32m'3.44'[39m, [32m'0.00'[39m ]
data rcv RT:[ [32m'0.00'[39m, [32m'4.26'[39m, [32m'3.41'[39m, [32m'0.00'[39m ]
data rcv RT:[ [32m'0.00'[39m, [32m'4.29'[39m, [32m'3.44'[39m, [32m'0.00'[39m ]
data rcv RT:[ [32m'0.00'[39m, [32m'4.27'[39m, [32m'3.41'[39m, [32m'0.00'[39m ]
data rcv RT:[ [32m'0.00'[39m, [32m'4.26'[39m, [32m'3.37'[39m, [32m'0.00'[39m ]
data rcv RT:[ [32m'0.00'[39m, [32m'4.29'[39m, [32m'3.39'[39m, [32m'0.00'[39m ]
data rcv RT:[ [32m'0.00'[39m, [32m'4.28'[39m, [32m'3.38'[39m, [32m'0.00'[39m ]
data rcv RT:[ [32m'0.00'[39m, [32m'4.35'[39m, [32m'3.37'[39m, [32m'0.06'[39m ]
data rcv RT:[ [32m'0.00'[39m, [32m'4.37'[39m, [32m'3.40'[39m, [32m'0.00'[39m ]
data rcv RT:[ [32m'0.00'[39m, [32m'4.38'[39m, [32m'3.41'[39m, [32m'0.01'[39m ]
data rcv RT:[ [32m'0.00'[39m, [32m'4.35'[39m, [32m'3.41'[39m, [32m'0.00'[39m ]
data rcv RT:[ [32m'0.00'[39m, [32m'4.34'[39m, [32m'3.43'[39m, [32m'0.00'[39m ]
data rcv RT:[ [32m'0.00'[39m, [32m'4.31'[39m, [32m'3.41'[39m, [32m'0.00'[39m ]
data rcv RT:[ [32m'0.00'[39m, [32m'4.29'[39m, [32m'3.44'[39m, [32m'0.00'[39m ]
data rcv RT:[ [32m'0.00'[39m, [32m'4.28'[39m, [32m'3.40'[39m, [32m'0.00'[39m ]
data rcv RT:[ [32m'0.00'[39m, [32m'4.27'[39m, [32m'3.41'[39m, [32m'0.00'[39m ]
data rcv RT:[ [32m'0.00'[39m, [32m'4.27'[39m, [32m'3.40'[39m, [32m'0.00'[39m ]
data rcv RT:[ [32m'0.00'[39m, [32m'4.30'[39m, [32m'3.39'[39m, [32m'0.00'[39m ]
data rcv RT:[ [32m'0.00'[39m, [32m'4.29'[39m, [32m'3.39'[39m, [32m'0.00'[39m ]
data rcv RT:[ [32m'0.00'[39m, [32m'4.32'[39m, [32m'3.37'[39m, [32m'0.04'[39m ]
data rcv RT:[ [32m'0.00'[39m, [32m'4.36'[39m, [32m'3.35'[39m, [32m'0.06'[39m ]
data rcv RT:[ [32m'0.00'[39m, [32m'4.36'[39m, [32m'3.38'[39m, [32m'0.02'[39m ]
data rcv RT:[ [32m'0.00'[39m, [32m'4.35'[39m, [32m'3.41'[39m, [32m'0.00'[39m ]
data rcv RT:[ [32m'0.00'[39m, [32m'4.36'[39m, [32m'3.44'[39m, [32m'0.00'[39m ]
data rcv RT:[ [32m'0.00'[39m, [32m'4.32'[39m, [32m'3.42'[39m, [32m'0.00'[39m ]
data rcv RT:[ [32m'0.00'[39m, [32m'4.29'[39m, [32m'3.43'[39m, [32m'0.00'[39m ]
data rcv RT:[ [32m'0.00'[39m, [32m'4.32'[39m, [32m'3.42'[39m, [32m'0.00'[39m ]
data rcv RT:[ [32m'0.00'[39m, [32m'4.29'[39m, [32m'3.43'[39m, [32m'0.00'[39m ]
data rcv RT:[ [32m'0.00'[39m, [32m'4.25'[39m, [32m'3.38'[39m, [32m'0.00'[39m ]
data rcv RT:[ [32m'0.00'[39m, [32m'4.27'[39m, [32m'3.40'[39m, [32m'0.00'[39m ]
data rcv RT:[ [32m'0.00'[39m, [32m'4.27'[39m, [32m'3.40'[39m, [32m'0.00'[39m ]
data rcv RT:[ [32m'0.00'[39m, [32m'4.32'[39m, [32m'3.36'[39m, [32m'0.01'[39m ]
data rcv RT:[ [32m'0.00'[39m, [32m'4.34'[39m, [32m'3.37'[39m, [32m'0.01'[39m ]
data rcv RT:[ [32m'0.00'[39m, [32m'4.34'[39m, [32m'3.36'[39m, [32m'0.04'[39m ]
data rcv RT:[ [32m'0.00'[39m, [32m'4.37'[39m, [32m'3.38'[39m, [32m'0.03'[39m ]
data rcv RT:[ [32m'0.00'[39m, [32m'4.39'[39m, [32m'3.42'[39m, [32m'0.00'[39m ]
data rcv RT:[ [32m'0.00'[39m, [32m'4.32'[39m, [32m'3.42'[39m, [32m'0.00'[39m ]
data rcv RT:[ [32m'0.00'[39m, [32m'4.30'[39m, [32m'3.42'[39m, [32m'0.00'[39m ]
data rcv RT:[ [32m'0.00'[39m, [32m'4.33'[39m, [32m'3.44'[39m, [32m'0.00'[39m ]
data rcv RT:[ [32m'0.00'[39m, [32m'4.28'[39m, [32m'3.44'[39m, [32m'0.00'[39m ]
data rcv RT:[ [32m'0.00'[39m, [32m'4.27'[39m, [32m'3.39'[39m, [32m'0.00'[39m ]
data rcv RT:[ [32m'0.00'[39m, [32m'4.27'[39m, [32m'3.37'[39m, [32m'0.00'[39m ]
data rcv RT:[ [32m'0.00'[39m, [32m'4.29'[39m, [32m'3.37'[39m, [32m'0.00'[39m ]
data rcv RT:[ [32m'0.00'[39m, [32m'4.36'[39m, [32m'3.35'[39m, [32m'0.08'[39m ]
data rcv RT:[ [32m'0.00'[39m, [32m'4.37'[39m, [32m'3.36'[39m, [32m'0.04'[39m ]
data rcv RT:[ [32m'0.00'[39m, [32m'4.39'[39m, [32m'3.39'[39m, [32m'0.04'[39m ]
data rcv RT:[ [32m'0.00'[39m, [32m'4.38'[39m, [32m'3.40'[39m, [32m'0.00'[39m ]
data rcv RT:[ [32m'0.00'[39m, [32m'4.35'[39m, [32m'3.39'[39m, [32m'0.01'[39m ]
data rcv RT:[ [32m'0.00'[39m, [32m'4.33'[39m, [32m'3.42'[39m, [32m'0.00'[39m ]
data rcv RT:[ [32m'0.00'[39m, [32m'4.31'[39m, [32m'3.43'[39m, [32m'0.00'[39m ]
data rcv RT:[ [32m'0.00'[39m, [32m'4.24'[39m, [32m'3.42'[39m, [32m'0.00'[39m ]
data rcv RT:[ [32m'0.00'[39m, [32m'4.27'[39m, [32m'3.40'[39m, [32m'0.00'[39m ]
data rcv RT:[ [32m'0.00'[39m, [32m'4.29'[39m, [32m'3.41'[39m, [32m'0.00'[39m ]
data rcv RT:[ [32m'0.00'[39m, [32m'4.27'[39m, [32m'3.35'[39m, [32m'0.00'[39m ]
data rcv RT:[ [32m'0.00'[39m, [32m'4.28'[39m, [32m'3.37'[39m, [32m'0.00'[39m ]
data rcv RT:[ [32m'0.00'[39m, [32m'4.30'[39m, [32m'3.37'[39m, [32m'0.00'[39m ]
data rcv RT:[ [32m'0.00'[39m, [32m'4.31'[39m, [32m'3.39'[39m, [32m'0.01'[39m ]
data rcv RT:[ [32m'0.00'[39m, [32m'4.37'[39m, [32m'3.40'[39m, [32m'0.03'[39m ]
data rcv RT:[ [32m'0.00'[39m, [32m'4.33'[39m, [32m'3.34'[39m, [32m'0.07'[39m ]
data rcv RT:[ [32m'0.00'[39m, [32m'4.36'[39m, [32m'3.41'[39m, [32m'0.01'[39m ]
data rcv RT:[ [32m'0.00'[39m, [32m'4.33'[39m, [32m'3.40'[39m, [32m'0.00'[39m ]
data rcv RT:[ [32m'0.00'[39m, [32m'4.30'[39m, [32m'3.44'[39m, [32m'0.00'[39m ]
data rcv RT:[ [32m'0.00'[39m, [32m'4.30'[39m, [32m'3.43'[39m, [32m'0.00'[39m ]
data rcv RT:[ [32m'0.00'[39m, [32m'4.28'[39m, [32m'3.44'[39m, [32m'0.00'[39m ]
data rcv RT:[ [32m'0.00'[39m, [32m'4.32'[39m, [32m'3.46'[39m, [32m'0.00'[39m ]
data rcv RT:[ [32m'0.00'[39m, [32m'4.25'[39m, [32m'3.39'[39m, [32m'0.00'[39m ]
data rcv RT:[ [32m'0.00'[39m, [32m'4.27'[39m, [32m'3.39'[39m, [32m'0.00'[39m ]
data rcv RT:[ [32m'0.00'[39m, [32m'4.29'[39m, [32m'3.38'[39m, [32m'0.00'[39m ]
data rcv RT:[ [32m'0.00'[39m, [32m'4.28'[39m, [32m'3.40'[39m, [32m'0.01'[39m ]
data rcv RT:[ [32m'0.00'[39m, [32m'4.29'[39m, [32m'3.39'[39m, [32m'0.01'[39m ]
data rcv RT:[ [32m'0.00'[39m, [32m'4.38'[39m, [32m'3.38'[39m, [32m'0.03'[39m ]
data rcv RT:[ [32m'0.00'[39m, [32m'4.34'[39m, [32m'3.38'[39m, [32m'0.04'[39m ]
data rcv RT:[ [32m'0.00'[39m, [32m'4.38'[39m, [32m'3.40'[39m, [32m'0.02'[39m ]
data rcv RT:[ [32m'0.00'[39m, [32m'4.35'[39m, [32m'3.41'[39m, [32m'0.00'[39m ]
data rcv RT:[ [32m'0.00'[39m, [32m'4.37'[39m, [32m'3.41'[39m, [32m'0.00'[39m ]
data rcv RT:[ [32m'0.00'[39m, [32m'4.32'[39m, [32m'3.45'[39m, [32m'0.00'[39m ]
data rcv RT:[ [32m'0.00'[39m, [32m'4.32'[39m, [32m'3.43'[39m, [32m'0.00'[39m ]
data rcv RT:[ [32m'0.00'[39m, [32m'4.32'[39m, [32m'3.43'[39m, [32m'0.00'[39m ]
data rcv RT:[ [32m'0.00'[39m, [32m'4.33'[39m, [32m'3.41'[39m, [32m'0.00'[39m ]
data rcv RT:[ [32m'0.00'[39m, [32m'4.32'[39m, [32m'3.46'[39m, [32m'0.00'[39m ]
data rcv RT:[ [32m'0.00'[39m, [32m'4.26'[39m, [32m'3.45'[39m, [32m'0.00'[39m ]
data rcv RT:[ [32m'0.00'[39m, [32m'4.25'[39m, [32m'3.39'[39m, [32m'0.00'[39m ]
data rcv RT:[ [32m'0.00'[39m, [32m'4.26'[39m, [32m'3.40'[39m, [32m'0.00'[39m ]
data rcv RT:[ [32m'0.00'[39m, [32m'4.27'[39m, [32m'3.41'[39m, [32m'0.00'[39m ]
data rcv RT:[ [32m'0.00'[39m, [32m'4.29'[39m, [32m'3.38'[39m, [32m'0.00'[39m ]
data rcv RT:[ [32m'0.00'[39m, [32m'4.30'[39m, [32m'3.39'[39m, [32m'0.01'[39m ]
data rcv RT:[ [32m'0.00'[39m, [32m'4.33'[39m, [32m'3.37'[39m, [32m'0.01'[39m ]
data rcv RT:[ [32m'0.00'[39m, [32m'4.33'[39m, [32m'3.40'[39m, [32m'0.00'[39m ]
data rcv RT:[ [32m'0.00'[39m, [32m'4.37'[39m, [32m'3.39'[39m, [32m'0.00'[39m ]
data rcv RT:[ [32m'0.00'[39m, [32m'4.38'[39m, [32m'3.39'[39m, [32m'0.01'[39m ]
data rcv RT:[ [32m'0.00'[39m, [32m'4.36'[39m, [32m'3.38'[39m, [32m'0.00'[39m ]
data rcv RT:[ [32m'0.00'[39m, [32m'4.33'[39m, [32m'3.42'[39m, [32m'0.00'[39m ]
data rcv RT:[ [32m'0.00'[39m, [32m'4.32'[39m, [32m'3.42'[39m, [32m'0.00'[39m ]
data rcv RT:[ [32m'0.00'[39m, [32m'4.30'[39m, [32m'3.42'[39m, [32m'0.00'[39m ]
data rcv RT:[ [32m'0.00'[39m, [32m'4.26'[39m, [32m'3.37'[39m, [32m'0.00'[39m ]
data rcv RT:[ [32m'0.00'[39m, [32m'4.28'[39m, [32m'3.39'[39m, [32m'0.00'[39m ]
data rcv RT:[ [32m'0.00'[39m, [32m'4.27'[39m, [32m'3.40'[39m, [32m'0.00'[39m ]
data rcv RT:[ [32m'0.00'[39m, [32m'4.30'[39m, [32m'3.39'[39m, [32m'0.01'[39m ]
data rcv RT:[ [32m'0.00'[39m, [32m'4.34'[39m, [32m'3.40'[39m, [32m'0.00'[39m ]
data rcv RT:[ [32m'0.00'[39m, [32m'4.33'[39m, [32m'3.36'[39m, [32m'0.01'[39m ]
data rcv RT:[ [32m'0.00'[39m, [32m'4.34'[39m, [32m'3.35'[39m, [32m'0.04'[39m ]
data rcv RT:[ [32m'0.00'[39m, [32m'4.38'[39m, [32m'3.39'[39m, [32m'0.01'[39m ]
data rcv RT:[ [32m'0.00'[39m, [32m'4.37'[39m, [32m'3.38'[39m, [32m'0.02'[39m ]
data rcv RT:[ [32m'0.00'[39m, [32m'4.38'[39m, [32m'3.42'[39m, [32m'0.00'[39m ]
data rcv RT:[ [32m'0.00'[39m, [32m'4.37'[39m, [32m'3.39'[39m, [32m'0.01'[39m ]
data rcv RT:[ [32m'0.00'[39m, [32m'4.35'[39m, [32m'3.44'[39m, [32m'0.00'[39m ]
data rcv RT:[ [32m'0.00'[39m, [32m'4.32'[39m, [32m'3.41'[39m, [32m'0.00'[39m ]
data rcv RT:[ [32m'0.00'[39m, [32m'4.33'[39m, [32m'3.43'[39m, [32m'0.00'[39m ]
data rcv RT:[ [32m'0.00'[39m, [32m'4.31'[39m, [32m'3.43'[39m, [32m'0.00'[39m ]
data rcv RT:[ [32m'0.00'[39m, [32m'4.29'[39m, [32m'3.45'[39m, [32m'0.00'[39m ]
data rcv RT:[ [32m'0.00'[39m, [32m'4.30'[39m, [32m'3.41'[39m, [32m'0.00'[39m ]
data rcv RT:[ [32m'0.00'[39m, [32m'4.26'[39m, [32m'3.43'[39m, [32m'0.00'[39m ]
data rcv RT:[ [32m'0.00'[39m, [32m'4.25'[39m, [32m'3.41'[39m, [32m'0.00'[39m ]
data rcv RT:[ [32m'0.00'[39m, [32m'4.26'[39m, [32m'3.41'[39m, [32m'0.00'[39m ]
data rcv RT:[ [32m'0.00'[39m, [32m'4.26'[39m, [32m'3.40'[39m, [32m'0.00'[39m ]
data rcv RT:[ [32m'0.00'[39m, [32m'4.31'[39m, [32m'3.37'[39m, [32m'0.01'[39m ]
data rcv RT:[ [32m'0.00'[39m, [32m'4.34'[39m, [32m'3.37'[39m, [32m'0.03'[39m ]
data rcv RT:[ [32m'0.00'[39m, [32m'4.32'[39m, [32m'3.37'[39m, [32m'0.00'[39m ]
data rcv RT:[ [32m'0.00'[39m, [32m'4.34'[39m, [32m'3.36'[39m, [32m'0.04'[39m ]
data rcv RT:[ [32m'0.00'[39m, [32m'4.36'[39m, [32m'3.38'[39m, [32m'0.01'[39m ]
data rcv RT:[ [32m'0.00'[39m, [32m'4.36'[39m, [32m'3.41'[39m, [32m'0.00'[39m ]
data rcv RT:[ [32m'0.00'[39m, [32m'4.34'[39m, [32m'3.44'[39m, [32m'0.00'[39m ]
data rcv RT:[ [32m'0.00'[39m, [32m'4.36'[39m, [32m'3.43'[39m, [32m'0.00'[39m ]
data rcv RT:[ [32m'0.00'[39m, [32m'4.32'[39m, [32m'3.44'[39m, [32m'0.00'[39m ]
data rcv RT:[ [32m'0.00'[39m, [32m'4.30'[39m, [32m'3.43'[39m, [32m'0.00'[39m ]
data rcv RT:[ [32m'0.00'[39m, [32m'4.32'[39m, [32m'3.47'[39m, [32m'0.00'[39m ]
data rcv RT:[ [32m'0.00'[39m, [32m'4.27'[39m, [32m'3.46'[39m, [32m'0.00'[39m ]
data rcv RT:[ [32m'0.00'[39m, [32m'4.25'[39m, [32m'3.39'[39m, [32m'0.00'[39m ]
data rcv RT:[ [32m'0.00'[39m, [32m'4.28'[39m, [32m'3.38'[39m, [32m'0.00'[39m ]
data rcv RT:[ [32m'0.00'[39m, [32m'4.28'[39m, [32m'3.39'[39m, [32m'0.00'[39m ]
data rcv RT:[ [32m'0.00'[39m, [32m'4.34'[39m, [32m'3.37'[39m, [32m'0.02'[39m ]
data rcv RT:[ [32m'0.00'[39m, [32m'4.36'[39m, [32m'3.39'[39m, [32m'0.04'[39m ]
data rcv RT:[ [32m'0.00'[39m, [32m'4.36'[39m, [32m'3.36'[39m, [32m'0.07'[39m ]
data rcv RT:[ [32m'0.00'[39m, [32m'4.35'[39m, [32m'3.36'[39m, [32m'0.06'[39m ]
data rcv RT:[ [32m'0.00'[39m, [32m'4.37'[39m, [32m'3.36'[39m, [32m'0.00'[39m ]
data rcv RT:[ [32m'0.00'[39m, [32m'4.35'[39m, [32m'3.42'[39m, [32m'0.00'[39m ]
data rcv RT:[ [32m'0.00'[39m, [32m'4.35'[39m, [32m'3.44'[39m, [32m'0.00'[39m ]
data rcv RT:[ [32m'0.00'[39m, [32m'4.33'[39m, [32m'3.43'[39m, [32m'0.00'[39m ]
data rcv RT:[ [32m'0.00'[39m, [32m'4.32'[39m, [32m'3.43'[39m, [32m'0.00'[39m ]
data rcv RT:[ [32m'0.00'[39m, [32m'4.29'[39m, [32m'3.48'[39m, [32m'0.00'[39m ]
data rcv RT:[ [32m'0.00'[39m, [32m'4.29'[39m, [32m'3.40'[39m, [32m'0.00'[39m ]
data rcv RT:[ [32m'0.00'[39m, [32m'4.29'[39m, [32m'3.42'[39m, [32m'0.00'[39m ]
data rcv RT:[ [32m'0.00'[39m, [32m'4.27'[39m, [32m'3.40'[39m, [32m'0.00'[39m ]
data rcv RT:[ [32m'0.00'[39m, [32m'4.29'[39m, [32m'3.43'[39m, [32m'0.00'[39m ]
data rcv RT:[ [32m'0.00'[39m, [32m'4.28'[39m, [32m'3.39'[39m, [32m'0.00'[39m ]
data rcv RT:[ [32m'0.00'[39m, [32m'4.29'[39m, [32m'3.39'[39m, [32m'0.01'[39m ]
data rcv RT:[ [32m'0.00'[39m, [32m'4.31'[39m, [32m'3.36'[39m, [32m'0.02'[39m ]
data rcv RT:[ [32m'0.00'[39m, [32m'4.36'[39m, [32m'3.35'[39m, [32m'0.04'[39m ]
data rcv RT:[ [32m'0.00'[39m, [32m'4.38'[39m, [32m'3.37'[39m, [32m'0.01'[39m ]
data rcv RT:[ [32m'0.00'[39m, [32m'4.37'[39m, [32m'3.41'[39m, [32m'0.00'[39m ]
data rcv RT:[ [32m'0.00'[39m, [32m'4.35'[39m, [32m'3.43'[39m, [32m'0.00'[39m ]
data rcv RT:[ [32m'0.00'[39m, [32m'4.32'[39m, [32m'3.42'[39m, [32m'0.00'[39m ]
data rcv RT:[ [32m'0.00'[39m, [32m'4.30'[39m, [32m'3.41'[39m, [32m'0.00'[39m ]
data rcv RT:[ [32m'0.00'[39m, [32m'4.29'[39m, [32m'3.43'[39m, [32m'0.00'[39m ]
data rcv RT:[ [32m'0.00'[39m, [32m'4.28'[39m, [32m'3.42'[39m, [32m'0.00'[39m ]
data rcv RT:[ [32m'0.00'[39m, [32m'4.26'[39m, [32m'3.40'[39m, [32m'0.00'[39m ]
data rcv RT:[ [32m'0.00'[39m, [32m'4.26'[39m, [32m'3.41'[39m, [32m'0.00'[39m ]
data rcv RT:[ [32m'0.00'[39m, [32m'4.30'[39m, [32m'3.38'[39m, [32m'0.00'[39m ]
data rcv RT:[ [32m'0.00'[39m, [32m'4.32'[39m, [32m'3.38'[39m, [32m'0.00'[39m ]
data rcv RT:[ [32m'0.00'[39m, [32m'4.34'[39m, [32m'3.40'[39m, [32m'0.01'[39m ]
data rcv RT:[ [32m'0.00'[39m, [32m'4.32'[39m, [32m'3.39'[39m, [32m'0.00'[39m ]
data rcv RT:[ [32m'0.00'[39m, [32m'4.39'[39m, [32m'3.40'[39m, [32m'0.03'[39m ]
data rcv RT:[ [32m'0.00'[39m, [32m'4.34'[39m, [32m'3.44'[39m, [32m'0.00'[39m ]
data rcv RT:[ [32m'0.00'[39m, [32m'4.34'[39m, [32m'3.41'[39m, [32m'0.00'[39m ]
data rcv RT:[ [32m'0.00'[39m, [32m'4.32'[39m, [32m'3.43'[39m, [32m'0.00'[39m ]
data rcv RT:[ [32m'0.00'[39m, [32m'4.32'[39m, [32m'3.42'[39m, [32m'0.00'[39m ]
data rcv RT:[ [32m'0.00'[39m, [32m'4.30'[39m, [32m'3.41'[39m, [32m'0.00'[39m ]
data rcv RT:[ [32m'0.00'[39m, [32m'4.26'[39m, [32m'3.40'[39m, [32m'0.00'[39m ]
data rcv RT:[ [32m'0.00'[39m, [32m'4.25'[39m, [32m'3.37'[39m, [32m'0.00'[39m ]
data rcv RT:[ [32m'0.00'[39m, [32m'4.30'[39m, [32m'3.38'[39m, [32m'0.00'[39m ]
data rcv RT:[ [32m'0.00'[39m, [32m'4.33'[39m, [32m'3.36'[39m, [32m'0.02'[39m ]
data rcv RT:[ [32m'0.00'[39m, [32m'4.34'[39m, [32m'3.38'[39m, [32m'0.03'[39m ]
data rcv RT:[ [32m'0.00'[39m, [32m'4.33'[39m, [32m'3.36'[39m, [32m'0.03'[39m ]
data rcv RT:[ [32m'0.00'[39m, [32m'4.37'[39m, [32m'3.40'[39m, [32m'0.02'[39m ]
data rcv RT:[ [32m'0.00'[39m, [32m'4.38'[39m, [32m'3.44'[39m, [32m'0.00'[39m ]
data rcv RT:[ [32m'0.00'[39m, [32m'4.34'[39m, [32m'3.43'[39m, [32m'0.00'[39m ]
data rcv RT:[ [32m'0.00'[39m, [32m'4.32'[39m, [32m'3.42'[39m, [32m'0.00'[39m ]
data rcv RT:[ [32m'0.00'[39m, [32m'4.26'[39m, [32m'3.39'[39m, [32m'0.00'[39m ]
data rcv RT:[ [32m'0.00'[39m, [32m'4.25'[39m, [32m'3.39'[39m, [32m'0.00'[39m ]
data rcv RT:[ [32m'0.00'[39m, [32m'4.25'[39m, [32m'3.38'[39m, [32m'0.00'[39m ]
data rcv RT:[ [32m'0.00'[39m, [32m'4.27'[39m, [32m'3.38'[39m, [32m'0.00'[39m ]
data rcv RT:[ [32m'0.00'[39m, [32m'4.33'[39m, [32m'3.38'[39m, [32m'0.01'[39m ]
data rcv RT:[ [32m'0.00'[39m, [32m'4.33'[39m, [32m'3.40'[39m, [32m'0.01'[39m ]
data rcv RT:[ [32m'0.00'[39m, [32m'4.35'[39m, [32m'3.37'[39m, [32m'0.06'[39m ]
data rcv RT:[ [32m'0.00'[39m, [32m'4.33'[39m, [32m'3.37'[39m, [32m'0.03'[39m ]
data rcv RT:[ [32m'0.00'[39m, [32m'4.39'[39m, [32m'3.41'[39m, [32m'0.00'[39m ]
data rcv RT:[ [32m'0.00'[39m, [32m'4.36'[39m, [32m'3.43'[39m, [32m'0.00'[39m ]
data rcv RT:[ [32m'0.00'[39m, [32m'4.38'[39m, [32m'3.41'[39m, [32m'0.02'[39m ]
data rcv RT:[ [32m'0.00'[39m, [32m'4.34'[39m, [32m'3.44'[39m, [32m'0.00'[39m ]
data rcv RT:[ [32m'0.00'[39m, [32m'4.32'[39m, [32m'3.42'[39m, [32m'0.00'[39m ]
data rcv RT:[ [32m'0.00'[39m, [32m'4.27'[39m, [32m'3.42'[39m, [32m'0.00'[39m ]
data rcv RT:[ [32m'0.00'[39m, [32m'4.25'[39m, [32m'3.41'[39m, [32m'0.00'[39m ]
data rcv RT:[ [32m'0.00'[39m, [32m'4.27'[39m, [32m'3.43'[39m, [32m'0.00'[39m ]
data rcv RT:[ [32m'0.00'[39m, [32m'4.29'[39m, [32m'3.40'[39m, [32m'0.00'[39m ]
data rcv RT:[ [32m'0.00'[39m, [32m'4.29'[39m, [32m'3.39'[39m, [32m'0.00'[39m ]
data rcv RT:[ [32m'0.00'[39m, [32m'4.33'[39m, [32m'3.38'[39m, [32m'0.02'[39m ]
data rcv RT:[ [32m'0.00'[39m, [32m'4.36'[39m, [32m'3.36'[39m, [32m'0.06'[39m ]
data rcv RT:[ [32m'0.00'[39m, [32m'4.38'[39m, [32m'3.39'[39m, [32m'0.01'[39m ]
data rcv RT:[ [32m'0.00'[39m, [32m'4.36'[39m, [32m'3.43'[39m, [32m'0.00'[39m ]
data rcv RT:[ [32m'0.00'[39m, [32m'4.34'[39m, [32m'3.42'[39m, [32m'0.00'[39m ]
data rcv RT:[ [32m'0.00'[39m, [32m'4.33'[39m, [32m'3.44'[39m, [32m'0.00'[39m ]
data rcv RT:[ [32m'0.00'[39m, [32m'4.33'[39m, [32m'3.41'[39m, [32m'0.00'[39m ]
data rcv RT:[ [32m'0.00'[39m, [32m'4.30'[39m, [32m'3.46'[39m, [32m'0.00'[39m ]
data rcv RT:[ [32m'0.00'[39m, [32m'4.27'[39m, [32m'3.41'[39m, [32m'0.00'[39m ]
data rcv RT:[ [32m'0.00'[39m, [32m'4.27'[39m, [32m'3.44'[39m, [32m'0.00'[39m ]
data rcv RT:[ [32m'0.00'[39m, [32m'4.27'[39m, [32m'3.39'[39m, [32m'0.00'[39m ]
data rcv RT:[ [32m'0.00'[39m, [32m'4.28'[39m, [32m'3.38'[39m, [32m'0.00'[39m ]
data rcv RT:[ [32m'0.00'[39m, [32m'4.32'[39m, [32m'3.39'[39m, [32m'0.01'[39m ]
data rcv RT:[ [32m'0.00'[39m, [32m'4.33'[39m, [32m'3.37'[39m, [32m'0.01'[39m ]
data rcv RT:[ [32m'0.00'[39m, [32m'4.32'[39m, [32m'3.39'[39m, [32m'0.01'[39m ]
data rcv RT:[ [32m'0.00'[39m, [32m'4.37'[39m, [32m'3.39'[39m, [32m'0.01'[39m ]
data rcv RT:[ [32m'0.00'[39m, [32m'4.36'[39m, [32m'3.42'[39m, [32m'0.00'[39m ]
data rcv RT:[ [32m'0.00'[39m, [32m'4.33'[39m, [32m'3.43'[39m, [32m'0.00'[39m ]
data rcv RT:[ [32m'0.00'[39m, [32m'4.30'[39m, [32m'3.44'[39m, [32m'0.00'[39m ]
data rcv RT:[ [32m'0.00'[39m, [32m'4.32'[39m, [32m'3.41'[39m, [32m'0.00'[39m ]
data rcv RT:[ [32m'0.00'[39m, [32m'4.33'[39m, [32m'3.47'[39m, [32m'0.00'[39m ]
data rcv RT:[ [32m'0.00'[39m, [32m'4.28'[39m, [32m'3.42'[39m, [32m'0.00'[39m ]
data rcv RT:[ [32m'0.00'[39m, [32m'4.26'[39m, [32m'3.41'[39m, [32m'0.00'[39m ]
data rcv RT:[ [32m'0.00'[39m, [32m'4.28'[39m, [32m'3.42'[39m, [32m'0.00'[39m ]
data rcv RT:[ [32m'0.00'[39m, [32m'4.24'[39m, [32m'3.39'[39m, [32m'0.00'[39m ]
data rcv RT:[ [32m'0.00'[39m, [32m'4.25'[39m, [32m'3.40'[39m, [32m'0.00'[39m ]
data rcv RT:[ [32m'0.00'[39m, [32m'4.30'[39m, [32m'3.40'[39m, [32m'0.01'[39m ]
data rcv RT:[ [32m'0.00'[39m, [32m'4.28'[39m, [32m'3.39'[39m, [32m'0.00'[39m ]
data rcv RT:[ [32m'0.00'[39m, [32m'4.32'[39m, [32m'3.37'[39m, [32m'0.01'[39m ]
data rcv RT:[ [32m'0.00'[39m, [32m'4.33'[39m, [32m'3.37'[39m, [32m'0.05'[39m ]
data rcv RT:[ [32m'0.00'[39m, [32m'4.38'[39m, [32m'3.42'[39m, [32m'0.01'[39m ]
data rcv RT:[ [32m'0.00'[39m, [32m'4.36'[39m, [32m'3.41'[39m, [32m'0.00'[39m ]
data rcv RT:[ [32m'0.00'[39m, [32m'4.36'[39m, [32m'3.43'[39m, [32m'0.00'[39m ]
data rcv RT:[ [32m'0.00'[39m, [32m'4.32'[39m, [32m'3.42'[39m, [32m'0.00'[39m ]
data rcv RT:[ [32m'0.00'[39m, [32m'4.30'[39m, [32m'3.44'[39m, [32m'0.00'[39m ]
data rcv RT:[ [32m'0.00'[39m, [32m'4.26'[39m, [32m'3.39'[39m, [32m'0.00'[39m ]
data rcv RT:[ [32m'0.00'[39m, [32m'4.28'[39m, [32m'3.43'[39m, [32m'0.00'[39m ]
data rcv RT:[ [32m'0.00'[39m, [32m'4.27'[39m, [32m'3.38'[39m, [32m'0.00'[39m ]
data rcv RT:[ [32m'0.00'[39m, [32m'4.26'[39m, [32m'3.40'[39m, [32m'0.00'[39m ]
data rcv RT:[ [32m'0.00'[39m, [32m'4.26'[39m, [32m'3.42'[39m, [32m'0.00'[39m ]
data rcv RT:[ [32m'0.00'[39m, [32m'4.28'[39m, [32m'3.39'[39m, [32m'0.00'[39m ]
data rcv RT:[ [32m'0.00'[39m, [32m'4.29'[39m, [32m'3.39'[39m, [32m'0.01'[39m ]
data rcv RT:[ [32m'0.00'[39m, [32m'4.32'[39m, [32m'3.37'[39m, [32m'0.01'[39m ]
data rcv RT:[ [32m'0.00'[39m, [32m'4.34'[39m, [32m'3.36'[39m, [32m'0.07'[39m ]
data rcv RT:[ [32m'0.00'[39m, [32m'4.34'[39m, [32m'3.35'[39m, [32m'0.06'[39m ]
data rcv RT:[ [32m'0.00'[39m, [32m'4.36'[39m, [32m'3.38'[39m, [32m'0.02'[39m ]
data rcv RT:[ [32m'0.00'[39m, [32m'4.36'[39m, [32m'3.42'[39m, [32m'0.00'[39m ]
data rcv RT:[ [32m'0.00'[39m, [32m'4.32'[39m, [32m'3.42'[39m, [32m'0.00'[39m ]
data rcv RT:[ [32m'0.00'[39m, [32m'4.31'[39m, [32m'3.42'[39m, [32m'0.00'[39m ]
data rcv RT:[ [32m'0.00'[39m, [32m'4.32'[39m, [32m'3.42'[39m, [32m'0.00'[39m ]
data rcv RT:[ [32m'0.00'[39m, [32m'4.29'[39m, [32m'3.44'[39m, [32m'0.00'[39m ]
data rcv RT:[ [32m'0.00'[39m, [32m'4.26'[39m, [32m'3.41'[39m, [32m'0.00'[39m ]
data rcv RT:[ [32m'0.00'[39m, [32m'4.29'[39m, [32m'3.41'[39m, [32m'0.00'[39m ]
data rcv RT:[ [32m'0.00'[39m, [32m'4.26'[39m, [32m'3.42'[39m, [32m'0.00'[39m ]
data rcv RT:[ [32m'0.00'[39m, [32m'4.27'[39m, [32m'3.41'[39m, [32m'0.00'[39m ]
data rcv RT:[ [32m'0.00'[39m, [32m'4.28'[39m, [32m'3.37'[39m, [32m'0.00'[39m ]
data rcv RT:[ [32m'0.00'[39m, [32m'4.29'[39m, [32m'3.37'[39m, [32m'0.00'[39m ]
data rcv RT:[ [32m'0.00'[39m, [32m'4.32'[39m, [32m'3.38'[39m, [32m'0.02'[39m ]
data rcv RT:[ [32m'0.00'[39m, [32m'4.31'[39m, [32m'3.37'[39m, [32m'0.01'[39m ]
data rcv RT:[ [32m'0.00'[39m, [32m'4.34'[39m, [32m'3.42'[39m, [32m'0.00'[39m ]
data rcv RT:[ [32m'0.00'[39m, [32m'4.36'[39m, [32m'3.43'[39m, [32m'0.00'[39m ]
data rcv RT:[ [32m'0.00'[39m, [32m'4.35'[39m, [32m'3.44'[39m, [32m'0.00'[39m ]
data rcv RT:[ [32m'0.00'[39m, [32m'4.34'[39m, [32m'3.42'[39m, [32m'0.00'[39m ]
data rcv RT:[ [32m'0.00'[39m, [32m'4.33'[39m, [32m'3.43'[39m, [32m'0.00'[39m ]
data rcv RT:[ [32m'0.00'[39m, [32m'4.28'[39m, [32m'3.42'[39m, [32m'0.00'[39m ]
data rcv RT:[ [32m'0.00'[39m, [32m'4.28'[39m, [32m'3.46'[39m, [32m'0.00'[39m ]
data rcv RT:[ [32m'0.00'[39m, [32m'4.28'[39m, [32m'3.46'[39m, [32m'0.00'[39m ]
data rcv RT:[ [32m'0.00'[39m, [32m'4.26'[39m, [32m'3.38'[39m, [32m'0.00'[39m ]
data rcv RT:[ [32m'0.00'[39m, [32m'4.29'[39m, [32m'3.40'[39m, [32m'0.00'[39m ]
data rcv RT:[ [32m'0.00'[39m, [32m'4.31'[39m, [32m'3.37'[39m, [32m'0.01'[39m ]
data rcv RT:[ [32m'0.00'[39m, [32m'4.33'[39m, [32m'3.37'[39m, [32m'0.02'[39m ]
data rcv RT:[ [32m'0.00'[39m, [32m'4.33'[39m, [32m'3.35'[39m, [32m'0.03'[39m ]
data rcv RT:[ [32m'0.00'[39m, [32m'4.35'[39m, [32m'3.40'[39m, [32m'0.01'[39m ]
data rcv RT:[ [32m'0.00'[39m, [32m'4.37'[39m, [32m'3.43'[39m, [32m'0.00'[39m ]
data rcv RT:[ [32m'0.00'[39m, [32m'4.34'[39m, [32m'3.43'[39m, [32m'0.00'[39m ]
data rcv RT:[ [32m'0.00'[39m, [32m'4.36'[39m, [32m'3.42'[39m, [32m'0.00'[39m ]
data rcv RT:[ [32m'0.00'[39m, [32m'4.32'[39m, [32m'3.44'[39m, [32m'0.00'[39m ]
data rcv RT:[ [32m'0.00'[39m, [32m'4.30'[39m, [32m'3.42'[39m, [32m'0.00'[39m ]
data rcv RT:[ [32m'0.00'[39m, [32m'4.28'[39m, [32m'3.47'[39m, [32m'0.00'[39m ]
data rcv RT:[ [32m'0.00'[39m, [32m'4.29'[39m, [32m'3.45'[39m, [32m'0.00'[39m ]
data rcv RT:[ [32m'0.00'[39m, [32m'4.24'[39m, [32m'3.39'[39m, [32m'0.00'[39m ]
data rcv RT:[ [32m'0.00'[39m, [32m'4.29'[39m, [32m'3.40'[39m, [32m'0.00'[39m ]
data rcv RT:[ [32m'0.00'[39m, [32m'4.29'[39m, [32m'3.39'[39m, [32m'0.00'[39m ]
data rcv RT:[ [32m'0.00'[39m, [32m'4.34'[39m, [32m'3.38'[39m, [32m'0.02'[39m ]
data rcv RT:[ [32m'0.00'[39m, [32m'4.32'[39m, [32m'3.36'[39m, [32m'0.05'[39m ]
data rcv RT:[ [32m'0.00'[39m, [32m'4.33'[39m, [32m'3.37'[39m, [32m'0.05'[39m ]
data rcv RT:[ [32m'0.00'[39m, [32m'4.36'[39m, [32m'3.40'[39m, [32m'0.04'[39m ]
data rcv RT:[ [32m'0.00'[39m, [32m'4.34'[39m, [32m'3.44'[39m, [32m'0.00'[39m ]
data rcv RT:[ [32m'0.00'[39m, [32m'4.36'[39m, [32m'3.42'[39m, [32m'0.00'[39m ]
data rcv RT:[ [32m'0.00'[39m, [32m'4.32'[39m, [32m'3.41'[39m, [32m'0.00'[39m ]
data rcv RT:[ [32m'0.00'[39m, [32m'4.32'[39m, [32m'3.44'[39m, [32m'0.00'[39m ]
data rcv RT:[ [32m'0.00'[39m, [32m'4.32'[39m, [32m'3.43'[39m, [32m'0.00'[39m ]
data rcv RT:[ [32m'0.00'[39m, [32m'4.29'[39m, [32m'3.41'[39m, [32m'0.00'[39m ]
data rcv RT:[ [32m'0.00'[39m, [32m'4.27'[39m, [32m'3.39'[39m, [32m'0.00'[39m ]
data rcv RT:[ [32m'0.00'[39m, [32m'4.27'[39m, [32m'3.43'[39m, [32m'0.00'[39m ]
data rcv RT:[ [32m'0.00'[39m, [32m'4.26'[39m, [32m'3.39'[39m, [32m'0.00'[39m ]
data rcv RT:[ [32m'0.00'[39m, [32m'4.27'[39m, [32m'3.41'[39m, [32m'0.00'[39m ]
data rcv RT:[ [32m'0.00'[39m, [32m'4.28'[39m, [32m'3.39'[39m, [32m'0.00'[39m ]
data rcv RT:[ [32m'0.00'[39m, [32m'4.29'[39m, [32m'3.36'[39m, [32m'0.00'[39m ]
data rcv RT:[ [32m'0.00'[39m, [32m'4.32'[39m, [32m'3.38'[39m, [32m'0.00'[39m ]
data rcv RT:[ [32m'0.00'[39m, [32m'4.29'[39m, [32m'3.37'[39m, [32m'0.00'[39m ]
data rcv RT:[ [32m'0.00'[39m, [32m'4.35'[39m, [32m'3.37'[39m, [32m'0.06'[39m ]
data rcv RT:[ [32m'0.00'[39m, [32m'4.35'[39m, [32m'3.40'[39m, [32m'0.02'[39m ]
data rcv RT:[ [32m'0.00'[39m, [32m'4.35'[39m, [32m'3.39'[39m, [32m'0.05'[39m ]
data rcv RT:[ [32m'0.00'[39m, [32m'4.34'[39m, [32m'3.38'[39m, [32m'0.02'[39m ]
data rcv RT:[ [32m'0.00'[39m, [32m'4.38'[39m, [32m'3.37'[39m, [32m'0.03'[39m ]
data rcv RT:[ [32m'0.00'[39m, [32m'4.36'[39m, [32m'3.40'[39m, [32m'0.00'[39m ]
data rcv RT:[ [32m'0.00'[39m, [32m'4.38'[39m, [32m'3.41'[39m, [32m'0.01'[39m ]
data rcv RT:[ [32m'0.00'[39m, [32m'4.37'[39m, [32m'3.38'[39m, [32m'0.02'[39m ]
data rcv RT:[ [32m'0.00'[39m, [32m'4.35'[39m, [32m'3.42'[39m, [32m'0.00'[39m ]
data rcv RT:[ [32m'0.00'[39m, [32m'4.37'[39m, [32m'3.43'[39m, [32m'0.00'[39m ]
data rcv RT:[ [32m'0.00'[39m, [32m'4.35'[39m, [32m'3.42'[39m, [32m'0.00'[39m ]
data rcv RT:[ [32m'0.00'[39m, [32m'4.35'[39m, [32m'3.42'[39m, [32m'0.00'[39m ]
data rcv RT:[ [32m'0.00'[39m, [32m'4.33'[39m, [32m'3.43'[39m, [32m'0.00'[39m ]
data rcv RT:[ [32m'0.00'[39m, [32m'4.34'[39m, [32m'3.43'[39m, [32m'0.00'[39m ]
data rcv RT:[ [32m'0.00'[39m, [32m'4.33'[39m, [32m'3.45'[39m, [32m'0.00'[39m ]
data rcv RT:[ [32m'0.00'[39m, [32m'4.33'[39m, [32m'3.43'[39m, [32m'0.00'[39m ]
data rcv RT:[ [32m'0.00'[39m, [32m'4.31'[39m, [32m'3.43'[39m, [32m'0.00'[39m ]
data rcv RT:[ [32m'0.00'[39m, [32m'4.31'[39m, [32m'3.44'[39m, [32m'0.00'[39m ]
client Front End connected
Socket {
  nsp: 
   Namespace {
     name: [32m'/'[39m,
     server: 
      Server {
        nsps: [36m[Object][39m,
        _path: [32m'/socket.io'[39m,
        _serveClient: [33mtrue[39m,
        _adapter: [36m[Function: Adapter][39m,
        _origins: [32m'*:*'[39m,
        sockets: [36m[Circular][39m,
        eio: [36m[Object][39m,
        httpServer: [36m[Object][39m,
        engine: [36m[Object][39m },
     sockets: 
      { [32m'/#r2RCGDnSlaA1LTixAAAO'[39m: [36m[Object][39m,
        [32m'/#8AUJDuskZ1inBpuQAAAP'[39m: [36m[Circular][39m },
     connected: 
      { [32m'/#r2RCGDnSlaA1LTixAAAO'[39m: [36m[Object][39m,
        [32m'/#8AUJDuskZ1inBpuQAAAP'[39m: [36m[Circular][39m },
     fns: [],
     ids: [33m0[39m,
     adapter: 
      Adapter {
        nsp: [36m[Circular][39m,
        rooms: [36m[Object][39m,
        sids: [36m[Object][39m,
        encoder: Encoder {} },
     _events: { connection: [36m[Function][39m },
     _eventsCount: [33m1[39m },
  server: 
   Server {
     nsps: { [32m'/'[39m: [36m[Object][39m },
     _path: [32m'/socket.io'[39m,
     _serveClient: [33mtrue[39m,
     _adapter: [36m[Function: Adapter][39m,
     _origins: [32m'*:*'[39m,
     sockets: 
      Namespace {
        name: [32m'/'[39m,
        server: [36m[Circular][39m,
        sockets: [36m[Object][39m,
        connected: [36m[Object][39m,
        fns: [],
        ids: [33m0[39m,
        adapter: [36m[Object][39m,
        _events: [36m[Object][39m,
        _eventsCount: [33m1[39m },
     eio: 
      Server {
        clients: [36m[Object][39m,
        clientsCount: [33m2[39m,
        pingTimeout: [33m60000[39m,
        pingInterval: [33m25000[39m,
        upgradeTimeout: [33m10000[39m,
        maxHttpBufferSize: [33m100000000[39m,
        transports: [36m[Object][39m,
        allowUpgrades: [33mtrue[39m,
        allowRequest: [36m[Function: bound ][39m,
        cookie: [32m'io'[39m,
        cookiePath: [33mfalse[39m,
        perMessageDeflate: [36m[Object][39m,
        httpCompression: [36m[Object][39m,
        ws: [36m[Object][39m,
        _events: [36m[Object][39m,
        _eventsCount: [33m1[39m },
     httpServer: 
      Server {
        domain: [1mnull[22m,
        _events: [36m[Object][39m,
        _eventsCount: [33m4[39m,
        _maxListeners: [90mundefined[39m,
        _connections: [33m5[39m,
        _handle: [36m[Object][39m,
        _usingSlaves: [33mfalse[39m,
        _slaves: [],
        _unref: [33mfalse[39m,
        allowHalfOpen: [33mtrue[39m,
        pauseOnConnect: [33mfalse[39m,
        httpAllowHalfOpen: [33mfalse[39m,
        timeout: [33m120000[39m,
        _pendingResponseData: [33m0[39m,
        _connectionKey: [32m'6::::3000'[39m },
     engine: 
      Server {
        clients: [36m[Object][39m,
        clientsCount: [33m2[39m,
        pingTimeout: [33m60000[39m,
        pingInterval: [33m25000[39m,
        upgradeTimeout: [33m10000[39m,
        maxHttpBufferSize: [33m100000000[39m,
        transports: [36m[Object][39m,
        allowUpgrades: [33mtrue[39m,
        allowRequest: [36m[Function: bound ][39m,
        cookie: [32m'io'[39m,
        cookiePath: [33mfalse[39m,
        perMessageDeflate: [36m[Object][39m,
        httpCompression: [36m[Object][39m,
        ws: [36m[Object][39m,
        _events: [36m[Object][39m,
        _eventsCount: [33m1[39m } },
  adapter: 
   Adapter {
     nsp: 
      Namespace {
        name: [32m'/'[39m,
        server: [36m[Object][39m,
        sockets: [36m[Object][39m,
        connected: [36m[Object][39m,
        fns: [],
        ids: [33m0[39m,
        adapter: [36m[Circular][39m,
        _events: [36m[Object][39m,
        _eventsCount: [33m1[39m },
     rooms: 
      { [32m'/#r2RCGDnSlaA1LTixAAAO'[39m: [36m[Object][39m,
        [32m'/#8AUJDuskZ1inBpuQAAAP'[39m: [36m[Object][39m },
     sids: 
      { [32m'/#r2RCGDnSlaA1LTixAAAO'[39m: [36m[Object][39m,
        [32m'/#8AUJDuskZ1inBpuQAAAP'[39m: [36m[Object][39m },
     encoder: Encoder {} },
  id: [32m'/#8AUJDuskZ1inBpuQAAAP'[39m,
  client: 
   Client {
     server: 
      Server {
        nsps: [36m[Object][39m,
        _path: [32m'/socket.io'[39m,
        _serveClient: [33mtrue[39m,
        _adapter: [36m[Function: Adapter][39m,
        _origins: [32m'*:*'[39m,
        sockets: [36m[Object][39m,
        eio: [36m[Object][39m,
        httpServer: [36m[Object][39m,
        engine: [36m[Object][39m },
     conn: 
      Socket {
        id: [32m'8AUJDuskZ1inBpuQAAAP'[39m,
        server: [36m[Object][39m,
        upgrading: [33mfalse[39m,
        upgraded: [33mfalse[39m,
        readyState: [32m'open'[39m,
        writeBuffer: [36m[Object][39m,
        packetsFn: [36m[Object][39m,
        sentCallbackFn: [],
        cleanupFn: [36m[Object][39m,
        request: [36m[Object][39m,
        remoteAddress: [32m'::ffff:10.210.30.41'[39m,
        checkIntervalTimer: [1mnull[22m,
        upgradeTimeoutTimer: [1mnull[22m,
        pingTimeoutTimer: [36m[Object][39m,
        transport: [36m[Object][39m,
        _events: [36m[Object][39m,
        _eventsCount: [33m3[39m },
     encoder: Encoder {},
     decoder: Decoder { reconstructor: [1mnull[22m, _callbacks: [36m[Object][39m },
     id: [32m'8AUJDuskZ1inBpuQAAAP'[39m,
     request: 
      IncomingMessage {
        _readableState: [36m[Object][39m,
        readable: [33mtrue[39m,
        domain: [1mnull[22m,
        _events: {},
        _eventsCount: [33m0[39m,
        _maxListeners: [90mundefined[39m,
        socket: [36m[Object][39m,
        connection: [36m[Object][39m,
        httpVersionMajor: [33m1[39m,
        httpVersionMinor: [33m1[39m,
        httpVersion: [32m'1.1'[39m,
        complete: [33mtrue[39m,
        headers: [36m[Object][39m,
        rawHeaders: [36m[Object][39m,
        trailers: {},
        rawTrailers: [],
        upgrade: [33mfalse[39m,
        url: [32m'/socket.io/?EIO=3&transport=polling&t=LTlajAi'[39m,
        method: [32m'GET'[39m,
        statusCode: [1mnull[22m,
        statusMessage: [1mnull[22m,
        client: [36m[Object][39m,
        _consuming: [33mfalse[39m,
        _dumped: [33mtrue[39m,
        _query: [36m[Object][39m,
        res: [36m[Object][39m,
        cleanup: [36m[Function: cleanup][39m },
     onclose: [36m[Function: bound ][39m,
     ondata: [36m[Function: bound ][39m,
     onerror: [36m[Function: bound ][39m,
     ondecoded: [36m[Function: bound ][39m,
     sockets: { [32m'/#8AUJDuskZ1inBpuQAAAP'[39m: [36m[Circular][39m },
     nsps: { [32m'/'[39m: [36m[Circular][39m },
     connectBuffer: [] },
  conn: 
   Socket {
     id: [32m'8AUJDuskZ1inBpuQAAAP'[39m,
     server: 
      Server {
        clients: [36m[Object][39m,
        clientsCount: [33m2[39m,
        pingTimeout: [33m60000[39m,
        pingInterval: [33m25000[39m,
        upgradeTimeout: [33m10000[39m,
        maxHttpBufferSize: [33m100000000[39m,
        transports: [36m[Object][39m,
        allowUpgrades: [33mtrue[39m,
        allowRequest: [36m[Function: bound ][39m,
        cookie: [32m'io'[39m,
        cookiePath: [33mfalse[39m,
        perMessageDeflate: [36m[Object][39m,
        httpCompression: [36m[Object][39m,
        ws: [36m[Object][39m,
        _events: [36m[Object][39m,
        _eventsCount: [33m1[39m },
     upgrading: [33mfalse[39m,
     upgraded: [33mfalse[39m,
     readyState: [32m'open'[39m,
     writeBuffer: [ [36m[Object][39m ],
     packetsFn: [ [90mundefined[39m ],
     sentCallbackFn: [],
     cleanupFn: [ [36m[Function][39m, [36m[Function][39m ],
     request: 
      IncomingMessage {
        _readableState: [36m[Object][39m,
        readable: [33mtrue[39m,
        domain: [1mnull[22m,
        _events: {},
        _eventsCount: [33m0[39m,
        _maxListeners: [90mundefined[39m,
        socket: [36m[Object][39m,
        connection: [36m[Object][39m,
        httpVersionMajor: [33m1[39m,
        httpVersionMinor: [33m1[39m,
        httpVersion: [32m'1.1'[39m,
        complete: [33mtrue[39m,
        headers: [36m[Object][39m,
        rawHeaders: [36m[Object][39m,
        trailers: {},
        rawTrailers: [],
        upgrade: [33mfalse[39m,
        url: [32m'/socket.io/?EIO=3&transport=polling&t=LTlajAi'[39m,
        method: [32m'GET'[39m,
        statusCode: [1mnull[22m,
        statusMessage: [1mnull[22m,
        client: [36m[Object][39m,
        _consuming: [33mfalse[39m,
        _dumped: [33mtrue[39m,
        _query: [36m[Object][39m,
        res: [36m[Object][39m,
        cleanup: [36m[Function: cleanup][39m },
     remoteAddress: [32m'::ffff:10.210.30.41'[39m,
     checkIntervalTimer: [1mnull[22m,
     upgradeTimeoutTimer: [1mnull[22m,
     pingTimeoutTimer: 
      Timeout {
        _called: [33mfalse[39m,
        _idleTimeout: [33m85000[39m,
        _idlePrev: [36m[Object][39m,
        _idleNext: [36m[Object][39m,
        _idleStart: [33m8357229[39m,
        _onTimeout: [36m[Function][39m,
        _repeat: [1mnull[22m },
     transport: 
      XHR {
        readyState: [32m'open'[39m,
        discarded: [33mfalse[39m,
        closeTimeout: [33m30000[39m,
        maxHttpBufferSize: [33m100000000[39m,
        httpCompression: [36m[Object][39m,
        supportsBinary: [33mtrue[39m,
        _events: [36m[Object][39m,
        _eventsCount: [33m5[39m,
        sid: [32m'8AUJDuskZ1inBpuQAAAP'[39m,
        req: [1mnull[22m,
        res: [1mnull[22m,
        writable: [33mfalse[39m },
     _events: 
      { close: [36m[Object][39m,
        data: [36m[Function: bound ][39m,
        error: [36m[Function: bound ][39m },
     _eventsCount: [33m3[39m },
  rooms: {},
  acks: {},
  connected: [33mtrue[39m,
  disconnected: [33mfalse[39m,
  handshake: 
   { headers: 
      { host: [32m'10.210.30.148:3000'[39m,
        connection: [32m'keep-alive'[39m,
        [32m'user-agent'[39m: [32m'Mozilla/5.0 (Windows NT 5.1) AppleWebKit/537.36 (KHTML, like Gecko) Chrome/49.0.2623.112 Safari/537.36'[39m,
        origin: [32m'http://10.210.30.148'[39m,
        accept: [32m'*/*'[39m,
        referer: [32m'http://10.210.30.148/sku/'[39m,
        [32m'accept-encoding'[39m: [32m'gzip, deflate, sdch'[39m,
        [32m'accept-language'[39m: [32m'ru-RU,ru;q=0.8,en-US;q=0.6,en;q=0.4'[39m,
        cookie: [32m'io=r2RCGDnSlaA1LTixAAAO'[39m },
     time: [32m'Wed Sep 28 2016 10:54:29 GMT+0400 (SAMT)'[39m,
     address: [32m'::ffff:10.210.30.41'[39m,
     xdomain: [33mtrue[39m,
     secure: [33mfalse[39m,
     issued: [33m1475045669448[39m,
     url: [32m'/socket.io/?EIO=3&transport=polling&t=LTlajAi'[39m,
     query: { EIO: [32m'3'[39m, transport: [32m'polling'[39m, t: [32m'LTlajAi'[39m } } }
data rcv RT:[ [32m'0.00'[39m, [32m'4.31'[39m, [32m'3.41'[39m, [32m'0.00'[39m ]
data rcv RT:[ [32m'0.00'[39m, [32m'4.30'[39m, [32m'3.41'[39m, [32m'0.00'[39m ]
data rcv RT:[ [32m'0.00'[39m, [32m'4.30'[39m, [32m'3.42'[39m, [32m'0.00'[39m ]
data rcv RT:[ [32m'0.00'[39m, [32m'4.33'[39m, [32m'3.44'[39m, [32m'0.00'[39m ]
data rcv RT:[ [32m'0.00'[39m, [32m'4.28'[39m, [32m'3.43'[39m, [32m'0.00'[39m ]
data rcv RT:[ [32m'0.00'[39m, [32m'4.29'[39m, [32m'3.44'[39m, [32m'0.00'[39m ]
data rcv RT:[ [32m'0.00'[39m, [32m'4.31'[39m, [32m'3.48'[39m, [32m'0.00'[39m ]
data rcv RT:[ [32m'0.00'[39m, [32m'4.26'[39m, [32m'3.39'[39m, [32m'0.00'[39m ]
data rcv RT:[ [32m'0.00'[39m, [32m'4.25'[39m, [32m'3.37'[39m, [32m'0.00'[39m ]
data rcv RT:[ [32m'0.00'[39m, [32m'4.27'[39m, [32m'3.40'[39m, [32m'0.00'[39m ]
data rcv RT:[ [32m'0.00'[39m, [32m'4.28'[39m, [32m'3.40'[39m, [32m'0.00'[39m ]
data rcv RT:[ [32m'0.00'[39m, [32m'4.29'[39m, [32m'3.39'[39m, [32m'0.00'[39m ]
data rcv RT:[ [32m'0.00'[39m, [32m'4.27'[39m, [32m'3.39'[39m, [32m'0.00'[39m ]
data rcv RT:[ [32m'0.00'[39m, [32m'4.29'[39m, [32m'3.38'[39m, [32m'0.00'[39m ]
data rcv RT:[ [32m'0.00'[39m, [32m'4.29'[39m, [32m'3.36'[39m, [32m'0.00'[39m ]
data rcv RT:[ [32m'0.00'[39m, [32m'4.33'[39m, [32m'3.38'[39m, [32m'0.01'[39m ]
data rcv RT:[ [32m'0.00'[39m, [32m'4.32'[39m, [32m'3.39'[39m, [32m'0.01'[39m ]
data rcv RT:[ [32m'0.00'[39m, [32m'4.34'[39m, [32m'3.38'[39m, [32m'0.05'[39m ]
data rcv RT:[ [32m'0.00'[39m, [32m'4.36'[39m, [32m'3.38'[39m, [32m'0.01'[39m ]
data rcv RT:[ [32m'0.00'[39m, [32m'4.36'[39m, [32m'3.41'[39m, [32m'0.00'[39m ]
data rcv RT:[ [32m'0.00'[39m, [32m'4.38'[39m, [32m'3.42'[39m, [32m'0.00'[39m ]
data rcv RT:[ [32m'0.00'[39m, [32m'4.36'[39m, [32m'3.42'[39m, [32m'0.00'[39m ]
data rcv RT:[ [32m'0.00'[39m, [32m'4.36'[39m, [32m'3.42'[39m, [32m'0.00'[39m ]
data rcv RT:[ [32m'0.00'[39m, [32m'4.35'[39m, [32m'3.43'[39m, [32m'0.00'[39m ]
data rcv RT:[ [32m'0.00'[39m, [32m'4.30'[39m, [32m'3.45'[39m, [32m'0.00'[39m ]
data rcv RT:[ [32m'0.00'[39m, [32m'4.30'[39m, [32m'3.43'[39m, [32m'0.00'[39m ]
data rcv RT:[ [32m'0.00'[39m, [32m'4.30'[39m, [32m'3.41'[39m, [32m'0.00'[39m ]
data rcv RT:[ [32m'0.00'[39m, [32m'4.29'[39m, [32m'3.43'[39m, [32m'0.00'[39m ]
data rcv RT:[ [32m'0.00'[39m, [32m'4.29'[39m, [32m'3.43'[39m, [32m'0.00'[39m ]
data rcv RT:[ [32m'0.00'[39m, [32m'4.28'[39m, [32m'3.42'[39m, [32m'0.00'[39m ]
data rcv RT:[ [32m'0.00'[39m, [32m'4.30'[39m, [32m'3.44'[39m, [32m'0.00'[39m ]
data rcv RT:[ [32m'0.00'[39m, [32m'4.25'[39m, [32m'3.42'[39m, [32m'0.00'[39m ]
data rcv RT:[ [32m'0.00'[39m, [32m'4.28'[39m, [32m'3.43'[39m, [32m'0.00'[39m ]
data rcv RT:[ [32m'0.00'[39m, [32m'4.26'[39m, [32m'3.43'[39m, [32m'0.00'[39m ]
data rcv RT:[ [32m'0.00'[39m, [32m'4.27'[39m, [32m'3.40'[39m, [32m'0.00'[39m ]
data rcv RT:[ [32m'0.00'[39m, [32m'4.27'[39m, [32m'3.42'[39m, [32m'0.00'[39m ]
data rcv RT:[ [32m'0.00'[39m, [32m'4.27'[39m, [32m'3.39'[39m, [32m'0.00'[39m ]
data rcv RT:[ [32m'0.00'[39m, [32m'4.32'[39m, [32m'3.38'[39m, [32m'0.00'[39m ]
data rcv RT:[ [32m'0.00'[39m, [32m'4.34'[39m, [32m'3.40'[39m, [32m'0.01'[39m ]
data rcv RT:[ [32m'0.00'[39m, [32m'4.33'[39m, [32m'3.39'[39m, [32m'0.02'[39m ]
data rcv RT:[ [32m'0.00'[39m, [32m'4.35'[39m, [32m'3.39'[39m, [32m'0.01'[39m ]
data rcv RT:[ [32m'0.00'[39m, [32m'4.37'[39m, [32m'3.35'[39m, [32m'0.07'[39m ]
data rcv RT:[ [32m'0.00'[39m, [32m'4.35'[39m, [32m'3.36'[39m, [32m'0.04'[39m ]
data rcv RT:[ [32m'0.00'[39m, [32m'4.37'[39m, [32m'3.40'[39m, [32m'0.00'[39m ]
data rcv RT:[ [32m'0.00'[39m, [32m'4.39'[39m, [32m'3.42'[39m, [32m'0.00'[39m ]
data rcv RT:[ [32m'0.00'[39m, [32m'4.33'[39m, [32m'3.44'[39m, [32m'0.00'[39m ]
data rcv RT:[ [32m'0.00'[39m, [32m'4.34'[39m, [32m'3.43'[39m, [32m'0.00'[39m ]
data rcv RT:[ [32m'0.00'[39m, [32m'4.32'[39m, [32m'3.43'[39m, [32m'0.00'[39m ]
data rcv RT:[ [32m'0.00'[39m, [32m'4.32'[39m, [32m'3.42'[39m, [32m'0.00'[39m ]
data rcv RT:[ [32m'0.00'[39m, [32m'4.33'[39m, [32m'3.43'[39m, [32m'0.00'[39m ]
data rcv RT:[ [32m'0.00'[39m, [32m'4.30'[39m, [32m'3.43'[39m, [32m'0.00'[39m ]
data rcv RT:[ [32m'0.00'[39m, [32m'4.29'[39m, [32m'3.43'[39m, [32m'0.00'[39m ]
data rcv RT:[ [32m'0.00'[39m, [32m'4.27'[39m, [32m'3.45'[39m, [32m'0.00'[39m ]
data rcv RT:[ [32m'0.00'[39m, [32m'4.32'[39m, [32m'3.46'[39m, [32m'0.00'[39m ]
data rcv RT:[ [32m'0.00'[39m, [32m'4.29'[39m, [32m'3.37'[39m, [32m'0.00'[39m ]
data rcv RT:[ [32m'0.00'[39m, [32m'4.28'[39m, [32m'3.38'[39m, [32m'0.00'[39m ]
data rcv RT:[ [32m'0.00'[39m, [32m'4.29'[39m, [32m'3.38'[39m, [32m'0.00'[39m ]
data rcv RT:[ [32m'0.00'[39m, [32m'4.29'[39m, [32m'3.39'[39m, [32m'0.00'[39m ]
data rcv RT:[ [32m'0.00'[39m, [32m'4.28'[39m, [32m'3.39'[39m, [32m'0.00'[39m ]
data rcv RT:[ [32m'0.00'[39m, [32m'4.30'[39m, [32m'3.38'[39m, [32m'0.00'[39m ]
data rcv RT:[ [32m'0.00'[39m, [32m'4.35'[39m, [32m'3.37'[39m, [32m'0.03'[39m ]
data rcv RT:[ [32m'0.00'[39m, [32m'4.33'[39m, [32m'3.40'[39m, [32m'0.02'[39m ]
data rcv RT:[ [32m'0.00'[39m, [32m'4.38'[39m, [32m'3.40'[39m, [32m'0.02'[39m ]
data rcv RT:[ [32m'0.00'[39m, [32m'4.38'[39m, [32m'3.41'[39m, [32m'0.00'[39m ]
data rcv RT:[ [32m'0.00'[39m, [32m'4.38'[39m, [32m'3.43'[39m, [32m'0.00'[39m ]
data rcv RT:[ [32m'0.00'[39m, [32m'4.34'[39m, [32m'3.43'[39m, [32m'0.00'[39m ]
data rcv RT:[ [32m'0.00'[39m, [32m'4.33'[39m, [32m'3.43'[39m, [32m'0.00'[39m ]
data rcv RT:[ [32m'0.00'[39m, [32m'4.30'[39m, [32m'3.42'[39m, [32m'0.00'[39m ]
data rcv RT:[ [32m'0.00'[39m, [32m'4.33'[39m, [32m'3.41'[39m, [32m'0.00'[39m ]
data rcv RT:[ [32m'0.00'[39m, [32m'4.31'[39m, [32m'3.45'[39m, [32m'0.00'[39m ]
data rcv RT:[ [32m'0.00'[39m, [32m'4.30'[39m, [32m'3.45'[39m, [32m'0.00'[39m ]
data rcv RT:[ [32m'0.00'[39m, [32m'4.30'[39m, [32m'3.42'[39m, [32m'0.00'[39m ]
data rcv RT:[ [32m'0.00'[39m, [32m'4.30'[39m, [32m'3.42'[39m, [32m'0.00'[39m ]
data rcv RT:[ [32m'0.00'[39m, [32m'4.31'[39m, [32m'3.42'[39m, [32m'0.00'[39m ]
data rcv RT:[ [32m'0.00'[39m, [32m'4.30'[39m, [32m'3.46'[39m, [32m'0.00'[39m ]
data rcv RT:[ [32m'0.00'[39m, [32m'4.25'[39m, [32m'3.44'[39m, [32m'0.00'[39m ]
data rcv RT:[ [32m'0.00'[39m, [32m'4.26'[39m, [32m'3.39'[39m, [32m'0.00'[39m ]
data rcv RT:[ [32m'0.00'[39m, [32m'4.27'[39m, [32m'3.39'[39m, [32m'0.00'[39m ]
data rcv RT:[ [32m'0.00'[39m, [32m'4.30'[39m, [32m'3.38'[39m, [32m'0.00'[39m ]
data rcv RT:[ [32m'0.00'[39m, [32m'4.26'[39m, [32m'3.36'[39m, [32m'0.00'[39m ]
data rcv RT:[ [32m'0.00'[39m, [32m'4.30'[39m, [32m'3.39'[39m, [32m'0.00'[39m ]
data rcv RT:[ [32m'0.00'[39m, [32m'4.33'[39m, [32m'3.38'[39m, [32m'0.01'[39m ]
data rcv RT:[ [32m'0.00'[39m, [32m'4.30'[39m, [32m'3.39'[39m, [32m'0.01'[39m ]
data rcv RT:[ [32m'0.00'[39m, [32m'4.36'[39m, [32m'3.38'[39m, [32m'0.00'[39m ]
data rcv RT:[ [32m'0.00'[39m, [32m'4.38'[39m, [32m'3.41'[39m, [32m'0.00'[39m ]
data rcv RT:[ [32m'0.00'[39m, [32m'4.37'[39m, [32m'3.41'[39m, [32m'0.00'[39m ]
data rcv RT:[ [32m'0.00'[39m, [32m'4.33'[39m, [32m'3.42'[39m, [32m'0.00'[39m ]
data rcv RT:[ [32m'0.00'[39m, [32m'4.36'[39m, [32m'3.41'[39m, [32m'0.00'[39m ]
data rcv RT:[ [32m'0.00'[39m, [32m'4.32'[39m, [32m'3.44'[39m, [32m'0.00'[39m ]
data rcv RT:[ [32m'0.00'[39m, [32m'4.31'[39m, [32m'3.43'[39m, [32m'0.00'[39m ]
data rcv RT:[ [32m'0.00'[39m, [32m'4.31'[39m, [32m'3.43'[39m, [32m'0.00'[39m ]
data rcv RT:[ [32m'0.00'[39m, [32m'4.29'[39m, [32m'3.44'[39m, [32m'0.00'[39m ]
data rcv RT:[ [32m'0.00'[39m, [32m'4.32'[39m, [32m'3.44'[39m, [32m'0.00'[39m ]
data rcv RT:[ [32m'0.00'[39m, [32m'4.26'[39m, [32m'3.38'[39m, [32m'0.00'[39m ]
data rcv RT:[ [32m'0.00'[39m, [32m'4.26'[39m, [32m'3.38'[39m, [32m'0.00'[39m ]
data rcv RT:[ [32m'0.00'[39m, [32m'4.26'[39m, [32m'3.43'[39m, [32m'0.00'[39m ]
data rcv RT:[ [32m'0.00'[39m, [32m'4.28'[39m, [32m'3.37'[39m, [32m'0.00'[39m ]
data rcv RT:[ [32m'0.00'[39m, [32m'4.33'[39m, [32m'3.39'[39m, [32m'0.01'[39m ]
data rcv RT:[ [32m'0.00'[39m, [32m'4.30'[39m, [32m'3.39'[39m, [32m'0.00'[39m ]
data rcv RT:[ [32m'0.00'[39m, [32m'4.33'[39m, [32m'3.39'[39m, [32m'0.01'[39m ]
data rcv RT:[ [32m'0.00'[39m, [32m'4.35'[39m, [32m'3.37'[39m, [32m'0.05'[39m ]
data rcv RT:[ [32m'0.00'[39m, [32m'4.33'[39m, [32m'3.36'[39m, [32m'0.07'[39m ]
data rcv RT:[ [32m'0.00'[39m, [32m'4.33'[39m, [32m'3.39'[39m, [32m'0.02'[39m ]
data rcv RT:[ [32m'0.00'[39m, [32m'4.37'[39m, [32m'3.41'[39m, [32m'0.00'[39m ]
data rcv RT:[ [32m'0.00'[39m, [32m'4.34'[39m, [32m'3.44'[39m, [32m'0.00'[39m ]
data rcv RT:[ [32m'0.00'[39m, [32m'4.33'[39m, [32m'3.42'[39m, [32m'0.00'[39m ]
data rcv RT:[ [32m'0.00'[39m, [32m'4.33'[39m, [32m'3.42'[39m, [32m'0.00'[39m ]
data rcv RT:[ [32m'0.00'[39m, [32m'4.30'[39m, [32m'3.43'[39m, [32m'0.00'[39m ]
data rcv RT:[ [32m'0.00'[39m, [32m'4.31'[39m, [32m'3.42'[39m, [32m'0.00'[39m ]
data rcv RT:[ [32m'0.00'[39m, [32m'4.32'[39m, [32m'3.43'[39m, [32m'0.00'[39m ]
data rcv RT:[ [32m'0.00'[39m, [32m'4.30'[39m, [32m'3.43'[39m, [32m'0.00'[39m ]
data rcv RT:[ [32m'0.00'[39m, [32m'4.26'[39m, [32m'3.44'[39m, [32m'0.00'[39m ]
data rcv RT:[ [32m'0.00'[39m, [32m'4.26'[39m, [32m'3.42'[39m, [32m'0.00'[39m ]
data rcv RT:[ [32m'0.00'[39m, [32m'4.28'[39m, [32m'3.38'[39m, [32m'0.00'[39m ]
data rcv RT:[ [32m'0.00'[39m, [32m'4.28'[39m, [32m'3.37'[39m, [32m'0.00'[39m ]
data rcv RT:[ [32m'0.00'[39m, [32m'4.29'[39m, [32m'3.37'[39m, [32m'0.00'[39m ]
data rcv RT:[ [32m'0.00'[39m, [32m'4.32'[39m, [32m'3.39'[39m, [32m'0.00'[39m ]
data rcv RT:[ [32m'0.00'[39m, [32m'4.30'[39m, [32m'3.37'[39m, [32m'0.00'[39m ]
data rcv RT:[ [32m'0.00'[39m, [32m'4.29'[39m, [32m'3.39'[39m, [32m'0.00'[39m ]
data rcv RT:[ [32m'0.00'[39m, [32m'4.31'[39m, [32m'3.38'[39m, [32m'0.00'[39m ]
data rcv RT:[ [32m'0.00'[39m, [32m'4.33'[39m, [32m'3.39'[39m, [32m'0.00'[39m ]
data rcv RT:[ [32m'0.00'[39m, [32m'4.36'[39m, [32m'3.37'[39m, [32m'0.03'[39m ]
data rcv RT:[ [32m'0.00'[39m, [32m'4.33'[39m, [32m'3.38'[39m, [32m'0.00'[39m ]
data rcv RT:[ [32m'0.00'[39m, [32m'4.35'[39m, [32m'3.39'[39m, [32m'0.01'[39m ]
data rcv RT:[ [32m'0.00'[39m, [32m'4.33'[39m, [32m'3.35'[39m, [32m'0.03'[39m ]
data rcv RT:[ [32m'0.00'[39m, [32m'4.34'[39m, [32m'3.37'[39m, [32m'0.03'[39m ]
data rcv RT:[ [32m'0.00'[39m, [32m'4.35'[39m, [32m'3.41'[39m, [32m'0.00'[39m ]
data rcv RT:[ [32m'0.00'[39m, [32m'4.37'[39m, [32m'3.42'[39m, [32m'0.00'[39m ]
data rcv RT:[ [32m'0.00'[39m, [32m'4.36'[39m, [32m'3.41'[39m, [32m'0.00'[39m ]
data rcv RT:[ [32m'0.00'[39m, [32m'4.33'[39m, [32m'3.42'[39m, [32m'0.00'[39m ]
data rcv RT:[ [32m'0.00'[39m, [32m'4.31'[39m, [32m'3.42'[39m, [32m'0.00'[39m ]
data rcv RT:[ [32m'0.00'[39m, [32m'4.30'[39m, [32m'3.42'[39m, [32m'0.00'[39m ]
data rcv RT:[ [32m'0.00'[39m, [32m'4.27'[39m, [32m'3.46'[39m, [32m'0.00'[39m ]
data rcv RT:[ [32m'0.00'[39m, [32m'4.27'[39m, [32m'3.43'[39m, [32m'0.00'[39m ]
data rcv RT:[ [32m'0.00'[39m, [32m'4.24'[39m, [32m'3.40'[39m, [32m'0.00'[39m ]
data rcv RT:[ [32m'0.00'[39m, [32m'4.29'[39m, [32m'3.40'[39m, [32m'0.01'[39m ]
data rcv RT:[ [32m'0.00'[39m, [32m'4.31'[39m, [32m'3.38'[39m, [32m'0.00'[39m ]
data rcv RT:[ [32m'0.00'[39m, [32m'4.33'[39m, [32m'3.36'[39m, [32m'0.02'[39m ]
data rcv RT:[ [32m'0.00'[39m, [32m'4.35'[39m, [32m'3.39'[39m, [32m'0.02'[39m ]
data rcv RT:[ [32m'0.00'[39m, [32m'4.34'[39m, [32m'3.36'[39m, [32m'0.06'[39m ]
data rcv RT:[ [32m'0.00'[39m, [32m'4.36'[39m, [32m'3.38'[39m, [32m'0.01'[39m ]
data rcv RT:[ [32m'0.00'[39m, [32m'4.36'[39m, [32m'3.45'[39m, [32m'0.00'[39m ]
data rcv RT:[ [32m'0.00'[39m, [32m'4.34'[39m, [32m'3.39'[39m, [32m'0.00'[39m ]
data rcv RT:[ [32m'0.00'[39m, [32m'4.35'[39m, [32m'3.42'[39m, [32m'0.00'[39m ]
data rcv RT:[ [32m'0.00'[39m, [32m'4.32'[39m, [32m'3.41'[39m, [32m'0.00'[39m ]
data rcv RT:[ [32m'0.00'[39m, [32m'4.32'[39m, [32m'3.43'[39m, [32m'0.00'[39m ]
data rcv RT:[ [32m'0.00'[39m, [32m'4.33'[39m, [32m'3.42'[39m, [32m'0.00'[39m ]
data rcv RT:[ [32m'0.00'[39m, [32m'4.31'[39m, [32m'3.45'[39m, [32m'0.00'[39m ]
data rcv RT:[ [32m'0.00'[39m, [32m'4.26'[39m, [32m'3.43'[39m, [32m'0.00'[39m ]
data rcv RT:[ [32m'0.00'[39m, [32m'4.26'[39m, [32m'3.39'[39m, [32m'0.00'[39m ]
data rcv RT:[ [32m'0.00'[39m, [32m'4.25'[39m, [32m'3.38'[39m, [32m'0.00'[39m ]
data rcv RT:[ [32m'0.00'[39m, [32m'4.27'[39m, [32m'3.38'[39m, [32m'0.00'[39m ]
data rcv RT:[ [32m'0.00'[39m, [32m'4.31'[39m, [32m'3.36'[39m, [32m'0.00'[39m ]
data rcv RT:[ [32m'0.00'[39m, [32m'4.36'[39m, [32m'3.38'[39m, [32m'0.05'[39m ]
data rcv RT:[ [32m'0.00'[39m, [32m'4.36'[39m, [32m'3.37'[39m, [32m'0.00'[39m ]
data rcv RT:[ [32m'0.00'[39m, [32m'4.38'[39m, [32m'3.41'[39m, [32m'0.00'[39m ]
data rcv RT:[ [32m'0.00'[39m, [32m'4.40'[39m, [32m'3.42'[39m, [32m'0.02'[39m ]
data rcv RT:[ [32m'0.00'[39m, [32m'4.34'[39m, [32m'3.44'[39m, [32m'0.00'[39m ]
data rcv RT:[ [32m'0.00'[39m, [32m'4.34'[39m, [32m'3.43'[39m, [32m'0.00'[39m ]
data rcv RT:[ [32m'0.00'[39m, [32m'4.32'[39m, [32m'3.44'[39m, [32m'0.00'[39m ]
data rcv RT:[ [32m'0.00'[39m, [32m'4.33'[39m, [32m'3.43'[39m, [32m'0.00'[39m ]
data rcv RT:[ [32m'0.00'[39m, [32m'4.30'[39m, [32m'3.42'[39m, [32m'0.00'[39m ]
data rcv RT:[ [32m'0.00'[39m, [32m'4.30'[39m, [32m'3.43'[39m, [32m'0.00'[39m ]
data rcv RT:[ [32m'0.00'[39m, [32m'4.26'[39m, [32m'3.42'[39m, [32m'0.00'[39m ]
data rcv RT:[ [32m'0.00'[39m, [32m'4.25'[39m, [32m'3.39'[39m, [32m'0.00'[39m ]
data rcv RT:[ [32m'0.00'[39m, [32m'4.24'[39m, [32m'3.40'[39m, [32m'0.00'[39m ]
data rcv RT:[ [32m'0.00'[39m, [32m'4.26'[39m, [32m'3.39'[39m, [32m'0.00'[39m ]
data rcv RT:[ [32m'0.00'[39m, [32m'4.31'[39m, [32m'3.37'[39m, [32m'0.00'[39m ]
data rcv RT:[ [32m'0.00'[39m, [32m'4.29'[39m, [32m'3.37'[39m, [32m'0.00'[39m ]
data rcv RT:[ [32m'0.00'[39m, [32m'4.34'[39m, [32m'3.37'[39m, [32m'0.00'[39m ]
data rcv RT:[ [32m'0.00'[39m, [32m'4.31'[39m, [32m'3.39'[39m, [32m'0.00'[39m ]
data rcv RT:[ [32m'0.00'[39m, [32m'4.29'[39m, [32m'3.38'[39m, [32m'0.00'[39m ]
data rcv RT:[ [32m'0.00'[39m, [32m'4.31'[39m, [32m'3.38'[39m, [32m'0.01'[39m ]
data rcv RT:[ [32m'0.00'[39m, [32m'4.33'[39m, [32m'3.39'[39m, [32m'0.02'[39m ]
data rcv RT:[ [32m'0.00'[39m, [32m'4.38'[39m, [32m'3.40'[39m, [32m'0.01'[39m ]
data rcv RT:[ [32m'0.00'[39m, [32m'4.37'[39m, [32m'3.42'[39m, [32m'0.02'[39m ]
data rcv RT:[ [32m'0.00'[39m, [32m'4.36'[39m, [32m'3.42'[39m, [32m'0.00'[39m ]
data rcv RT:[ [32m'0.00'[39m, [32m'4.36'[39m, [32m'3.42'[39m, [32m'0.00'[39m ]
data rcv RT:[ [32m'0.00'[39m, [32m'4.34'[39m, [32m'3.41'[39m, [32m'0.00'[39m ]
data rcv RT:[ [32m'0.00'[39m, [32m'4.31'[39m, [32m'3.42'[39m, [32m'0.00'[39m ]
data rcv RT:[ [32m'0.00'[39m, [32m'4.28'[39m, [32m'3.43'[39m, [32m'0.00'[39m ]
data rcv RT:[ [32m'0.00'[39m, [32m'4.27'[39m, [32m'3.40'[39m, [32m'0.00'[39m ]
data rcv RT:[ [32m'0.00'[39m, [32m'4.26'[39m, [32m'3.40'[39m, [32m'0.00'[39m ]
data rcv RT:[ [32m'0.00'[39m, [32m'4.29'[39m, [32m'3.42'[39m, [32m'0.00'[39m ]
data rcv RT:[ [32m'0.00'[39m, [32m'4.28'[39m, [32m'3.41'[39m, [32m'0.00'[39m ]
data rcv RT:[ [32m'0.00'[39m, [32m'4.25'[39m, [32m'3.41'[39m, [32m'0.00'[39m ]
data rcv RT:[ [32m'0.00'[39m, [32m'4.30'[39m, [32m'3.39'[39m, [32m'0.01'[39m ]
data rcv RT:[ [32m'0.00'[39m, [32m'4.33'[39m, [32m'3.38'[39m, [32m'0.01'[39m ]
data rcv RT:[ [32m'0.00'[39m, [32m'4.30'[39m, [32m'3.38'[39m, [32m'0.01'[39m ]
data rcv RT:[ [32m'0.00'[39m, [32m'4.36'[39m, [32m'3.38'[39m, [32m'0.03'[39m ]
data rcv RT:[ [32m'0.00'[39m, [32m'4.37'[39m, [32m'3.42'[39m, [32m'0.00'[39m ]
data rcv RT:[ [32m'0.00'[39m, [32m'4.36'[39m, [32m'3.42'[39m, [32m'0.00'[39m ]
data rcv RT:[ [32m'0.00'[39m, [32m'4.32'[39m, [32m'3.42'[39m, [32m'0.00'[39m ]
data rcv RT:[ [32m'0.00'[39m, [32m'4.35'[39m, [32m'3.41'[39m, [32m'0.00'[39m ]
data rcv RT:[ [32m'0.00'[39m, [32m'4.30'[39m, [32m'3.41'[39m, [32m'0.00'[39m ]
data rcv RT:[ [32m'0.00'[39m, [32m'4.32'[39m, [32m'3.43'[39m, [32m'0.00'[39m ]
data rcv RT:[ [32m'0.00'[39m, [32m'4.27'[39m, [32m'3.42'[39m, [32m'0.00'[39m ]
data rcv RT:[ [32m'0.00'[39m, [32m'4.27'[39m, [32m'3.40'[39m, [32m'0.00'[39m ]
data rcv RT:[ [32m'0.00'[39m, [32m'4.25'[39m, [32m'3.37'[39m, [32m'0.00'[39m ]
data rcv RT:[ [32m'0.00'[39m, [32m'4.28'[39m, [32m'3.37'[39m, [32m'0.00'[39m ]
data rcv RT:[ [32m'0.00'[39m, [32m'4.28'[39m, [32m'3.37'[39m, [32m'0.00'[39m ]
data rcv RT:[ [32m'0.00'[39m, [32m'4.35'[39m, [32m'3.39'[39m, [32m'0.00'[39m ]
data rcv RT:[ [32m'0.00'[39m, [32m'4.35'[39m, [32m'3.40'[39m, [32m'0.00'[39m ]
data rcv RT:[ [32m'0.00'[39m, [32m'4.36'[39m, [32m'3.38'[39m, [32m'0.04'[39m ]
data rcv RT:[ [32m'0.00'[39m, [32m'4.37'[39m, [32m'3.41'[39m, [32m'0.00'[39m ]
data rcv RT:[ [32m'0.00'[39m, [32m'4.37'[39m, [32m'3.44'[39m, [32m'0.00'[39m ]
data rcv RT:[ [32m'0.00'[39m, [32m'4.32'[39m, [32m'3.44'[39m, [32m'0.00'[39m ]
data rcv RT:[ [32m'0.00'[39m, [32m'4.29'[39m, [32m'3.42'[39m, [32m'0.00'[39m ]
data rcv RT:[ [32m'0.00'[39m, [32m'4.27'[39m, [32m'3.42'[39m, [32m'0.00'[39m ]
data rcv RT:[ [32m'0.00'[39m, [32m'4.29'[39m, [32m'3.43'[39m, [32m'0.00'[39m ]
data rcv RT:[ [32m'0.00'[39m, [32m'4.29'[39m, [32m'3.42'[39m, [32m'0.00'[39m ]
data rcv RT:[ [32m'0.00'[39m, [32m'4.32'[39m, [32m'3.40'[39m, [32m'0.00'[39m ]
data rcv RT:[ [32m'0.00'[39m, [32m'4.27'[39m, [32m'3.40'[39m, [32m'0.00'[39m ]
data rcv RT:[ [32m'0.00'[39m, [32m'4.28'[39m, [32m'3.38'[39m, [32m'0.00'[39m ]
data rcv RT:[ [32m'0.00'[39m, [32m'4.28'[39m, [32m'3.39'[39m, [32m'0.01'[39m ]
data rcv RT:[ [32m'0.00'[39m, [32m'4.33'[39m, [32m'3.37'[39m, [32m'0.03'[39m ]
data rcv RT:[ [32m'0.00'[39m, [32m'4.36'[39m, [32m'3.39'[39m, [32m'0.01'[39m ]
data rcv RT:[ [32m'0.00'[39m, [32m'4.42'[39m, [32m'3.38'[39m, [32m'0.02'[39m ]
data rcv RT:[ [32m'0.00'[39m, [32m'4.38'[39m, [32m'3.43'[39m, [32m'0.01'[39m ]
data rcv RT:[ [32m'0.00'[39m, [32m'4.40'[39m, [32m'3.41'[39m, [32m'0.00'[39m ]
data rcv RT:[ [32m'0.00'[39m, [32m'4.35'[39m, [32m'3.40'[39m, [32m'0.00'[39m ]
data rcv RT:[ [32m'0.00'[39m, [32m'4.35'[39m, [32m'3.40'[39m, [32m'0.00'[39m ]
data rcv RT:[ [32m'0.00'[39m, [32m'4.33'[39m, [32m'3.42'[39m, [32m'0.00'[39m ]
data rcv RT:[ [32m'0.00'[39m, [32m'4.31'[39m, [32m'3.44'[39m, [32m'0.00'[39m ]
data rcv RT:[ [32m'0.00'[39m, [32m'4.35'[39m, [32m'3.42'[39m, [32m'0.00'[39m ]
data rcv RT:[ [32m'0.00'[39m, [32m'4.30'[39m, [32m'3.42'[39m, [32m'0.00'[39m ]
data rcv RT:[ [32m'0.00'[39m, [32m'4.26'[39m, [32m'3.39'[39m, [32m'0.00'[39m ]
data rcv RT:[ [32m'0.00'[39m, [32m'4.26'[39m, [32m'3.39'[39m, [32m'0.00'[39m ]
data rcv RT:[ [32m'0.00'[39m, [32m'4.25'[39m, [32m'3.36'[39m, [32m'0.00'[39m ]
data rcv RT:[ [32m'0.00'[39m, [32m'4.28'[39m, [32m'3.43'[39m, [32m'0.00'[39m ]
data rcv RT:[ [32m'0.00'[39m, [32m'4.28'[39m, [32m'3.38'[39m, [32m'0.00'[39m ]
data rcv RT:[ [32m'0.00'[39m, [32m'4.30'[39m, [32m'3.38'[39m, [32m'0.00'[39m ]
data rcv RT:[ [32m'0.00'[39m, [32m'4.31'[39m, [32m'3.35'[39m, [32m'0.01'[39m ]
data rcv RT:[ [32m'0.00'[39m, [32m'4.34'[39m, [32m'3.38'[39m, [32m'0.02'[39m ]
data rcv RT:[ [32m'0.00'[39m, [32m'4.34'[39m, [32m'3.40'[39m, [32m'0.02'[39m ]
data rcv RT:[ [32m'0.00'[39m, [32m'4.33'[39m, [32m'3.37'[39m, [32m'0.00'[39m ]
data rcv RT:[ [32m'0.00'[39m, [32m'4.35'[39m, [32m'3.38'[39m, [32m'0.04'[39m ]
data rcv RT:[ [32m'0.00'[39m, [32m'4.34'[39m, [32m'3.41'[39m, [32m'0.01'[39m ]
data rcv RT:[ [32m'0.00'[39m, [32m'4.35'[39m, [32m'3.40'[39m, [32m'0.02'[39m ]
data rcv RT:[ [32m'0.00'[39m, [32m'4.40'[39m, [32m'3.42'[39m, [32m'0.03'[39m ]
data rcv RT:[ [32m'0.00'[39m, [32m'4.39'[39m, [32m'3.38'[39m, [32m'0.02'[39m ]
data rcv RT:[ [32m'0.00'[39m, [32m'4.34'[39m, [32m'3.41'[39m, [32m'0.00'[39m ]
data rcv RT:[ [32m'0.00'[39m, [32m'4.33'[39m, [32m'3.41'[39m, [32m'0.00'[39m ]
data rcv RT:[ [32m'0.00'[39m, [32m'4.33'[39m, [32m'3.42'[39m, [32m'0.00'[39m ]
data rcv RT:[ [32m'0.00'[39m, [32m'4.34'[39m, [32m'3.43'[39m, [32m'0.00'[39m ]
data rcv RT:[ [32m'0.00'[39m, [32m'4.32'[39m, [32m'3.42'[39m, [32m'0.00'[39m ]
data rcv RT:[ [32m'0.00'[39m, [32m'4.29'[39m, [32m'3.43'[39m, [32m'0.00'[39m ]
data rcv RT:[ [32m'0.00'[39m, [32m'4.25'[39m, [32m'3.42'[39m, [32m'0.00'[39m ]
data rcv RT:[ [32m'0.00'[39m, [32m'4.26'[39m, [32m'3.38'[39m, [32m'0.00'[39m ]
data rcv RT:[ [32m'0.00'[39m, [32m'4.31'[39m, [32m'3.37'[39m, [32m'0.00'[39m ]
data rcv RT:[ [32m'0.00'[39m, [32m'4.31'[39m, [32m'3.38'[39m, [32m'0.01'[39m ]
data rcv RT:[ [32m'0.00'[39m, [32m'4.34'[39m, [32m'3.34'[39m, [32m'0.05'[39m ]
data rcv RT:[ [32m'0.00'[39m, [32m'4.37'[39m, [32m'3.37'[39m, [32m'0.04'[39m ]
data rcv RT:[ [32m'0.00'[39m, [32m'4.37'[39m, [32m'3.43'[39m, [32m'0.00'[39m ]
data rcv RT:[ [32m'0.00'[39m, [32m'4.32'[39m, [32m'3.43'[39m, [32m'0.00'[39m ]
data rcv RT:[ [32m'0.00'[39m, [32m'4.31'[39m, [32m'3.43'[39m, [32m'0.00'[39m ]
data rcv RT:[ [32m'0.00'[39m, [32m'4.32'[39m, [32m'3.42'[39m, [32m'0.00'[39m ]
data rcv RT:[ [32m'0.00'[39m, [32m'4.31'[39m, [32m'3.44'[39m, [32m'0.00'[39m ]
data rcv RT:[ [32m'0.00'[39m, [32m'4.30'[39m, [32m'3.41'[39m, [32m'0.00'[39m ]
data rcv RT:[ [32m'0.00'[39m, [32m'4.26'[39m, [32m'3.41'[39m, [32m'0.00'[39m ]
data rcv RT:[ [32m'0.00'[39m, [32m'4.27'[39m, [32m'3.43'[39m, [32m'0.00'[39m ]
data rcv RT:[ [32m'0.00'[39m, [32m'4.28'[39m, [32m'3.38'[39m, [32m'0.00'[39m ]
data rcv RT:[ [32m'0.00'[39m, [32m'4.28'[39m, [32m'3.37'[39m, [32m'0.00'[39m ]
data rcv RT:[ [32m'0.00'[39m, [32m'4.31'[39m, [32m'3.37'[39m, [32m'0.01'[39m ]
data rcv RT:[ [32m'0.00'[39m, [32m'4.31'[39m, [32m'3.39'[39m, [32m'0.00'[39m ]
data rcv RT:[ [32m'0.00'[39m, [32m'4.36'[39m, [32m'3.37'[39m, [32m'0.07'[39m ]
data rcv RT:[ [32m'0.00'[39m, [32m'4.38'[39m, [32m'3.41'[39m, [32m'0.04'[39m ]
data rcv RT:[ [32m'0.00'[39m, [32m'4.39'[39m, [32m'3.42'[39m, [32m'0.00'[39m ]
data rcv RT:[ [32m'0.00'[39m, [32m'4.39'[39m, [32m'3.43'[39m, [32m'0.01'[39m ]
data rcv RT:[ [32m'0.00'[39m, [32m'4.33'[39m, [32m'3.45'[39m, [32m'0.00'[39m ]
data rcv RT:[ [32m'0.00'[39m, [32m'4.33'[39m, [32m'3.44'[39m, [32m'0.00'[39m ]
data rcv RT:[ [32m'0.00'[39m, [32m'4.32'[39m, [32m'3.42'[39m, [32m'0.00'[39m ]
data rcv RT:[ [32m'0.00'[39m, [32m'4.30'[39m, [32m'3.44'[39m, [32m'0.00'[39m ]
data rcv RT:[ [32m'0.00'[39m, [32m'4.32'[39m, [32m'3.47'[39m, [32m'0.00'[39m ]
data rcv RT:[ [32m'0.00'[39m, [32m'4.33'[39m, [32m'3.46'[39m, [32m'0.00'[39m ]
data rcv RT:[ [32m'0.00'[39m, [32m'4.27'[39m, [32m'3.39'[39m, [32m'0.00'[39m ]
data rcv RT:[ [32m'0.00'[39m, [32m'4.28'[39m, [32m'3.40'[39m, [32m'0.00'[39m ]
data rcv RT:[ [32m'0.00'[39m, [32m'4.27'[39m, [32m'3.39'[39m, [32m'0.00'[39m ]
data rcv RT:[ [32m'0.00'[39m, [32m'4.30'[39m, [32m'3.37'[39m, [32m'0.00'[39m ]
data rcv RT:[ [32m'0.00'[39m, [32m'4.32'[39m, [32m'3.39'[39m, [32m'0.00'[39m ]
data rcv RT:[ [32m'0.00'[39m, [32m'4.34'[39m, [32m'3.39'[39m, [32m'0.02'[39m ]
data rcv RT:[ [32m'0.00'[39m, [32m'4.38'[39m, [32m'3.38'[39m, [32m'0.03'[39m ]
data rcv RT:[ [32m'0.00'[39m, [32m'4.38'[39m, [32m'3.41'[39m, [32m'0.02'[39m ]
data rcv RT:[ [32m'0.00'[39m, [32m'4.37'[39m, [32m'3.41'[39m, [32m'0.00'[39m ]
data rcv RT:[ [32m'0.00'[39m, [32m'4.34'[39m, [32m'3.41'[39m, [32m'0.00'[39m ]
data rcv RT:[ [32m'0.00'[39m, [32m'4.33'[39m, [32m'3.41'[39m, [32m'0.00'[39m ]
data rcv RT:[ [32m'0.00'[39m, [32m'4.30'[39m, [32m'3.44'[39m, [32m'0.00'[39m ]
data rcv RT:[ [32m'0.00'[39m, [32m'4.30'[39m, [32m'3.43'[39m, [32m'0.00'[39m ]
data rcv RT:[ [32m'0.00'[39m, [32m'4.28'[39m, [32m'3.45'[39m, [32m'0.00'[39m ]
data rcv RT:[ [32m'0.00'[39m, [32m'4.27'[39m, [32m'3.42'[39m, [32m'0.00'[39m ]
data rcv RT:[ [32m'0.00'[39m, [32m'4.26'[39m, [32m'3.39'[39m, [32m'0.00'[39m ]
data rcv RT:[ [32m'0.00'[39m, [32m'4.30'[39m, [32m'3.39'[39m, [32m'0.00'[39m ]
data rcv RT:[ [32m'0.00'[39m, [32m'4.28'[39m, [32m'3.40'[39m, [32m'0.00'[39m ]
data rcv RT:[ [32m'0.00'[39m, [32m'4.31'[39m, [32m'3.39'[39m, [32m'0.00'[39m ]
data rcv RT:[ [32m'0.00'[39m, [32m'4.34'[39m, [32m'3.38'[39m, [32m'0.01'[39m ]
data rcv RT:[ [32m'0.00'[39m, [32m'4.36'[39m, [32m'3.40'[39m, [32m'0.02'[39m ]
data rcv RT:[ [32m'0.00'[39m, [32m'4.36'[39m, [32m'3.38'[39m, [32m'0.02'[39m ]
data rcv RT:[ [32m'0.00'[39m, [32m'4.38'[39m, [32m'3.42'[39m, [32m'0.00'[39m ]
data rcv RT:[ [32m'0.00'[39m, [32m'4.37'[39m, [32m'3.42'[39m, [32m'0.00'[39m ]
data rcv RT:[ [32m'0.00'[39m, [32m'4.33'[39m, [32m'3.43'[39m, [32m'0.00'[39m ]
data rcv RT:[ [32m'0.00'[39m, [32m'4.32'[39m, [32m'3.43'[39m, [32m'0.00'[39m ]
data rcv RT:[ [32m'0.00'[39m, [32m'4.31'[39m, [32m'3.46'[39m, [32m'0.00'[39m ]
data rcv RT:[ [32m'0.00'[39m, [32m'4.24'[39m, [32m'3.43'[39m, [32m'0.00'[39m ]
data rcv RT:[ [32m'0.00'[39m, [32m'4.24'[39m, [32m'3.39'[39m, [32m'0.00'[39m ]
data rcv RT:[ [32m'0.00'[39m, [32m'4.29'[39m, [32m'3.37'[39m, [32m'0.00'[39m ]
data rcv RT:[ [32m'0.00'[39m, [32m'4.33'[39m, [32m'3.38'[39m, [32m'0.00'[39m ]
data rcv RT:[ [32m'0.00'[39m, [32m'4.35'[39m, [32m'3.39'[39m, [32m'0.02'[39m ]
data rcv RT:[ [32m'0.00'[39m, [32m'4.32'[39m, [32m'3.37'[39m, [32m'0.06'[39m ]
data rcv RT:[ [32m'0.00'[39m, [32m'4.39'[39m, [32m'3.40'[39m, [32m'0.00'[39m ]
data rcv RT:[ [32m'0.00'[39m, [32m'4.39'[39m, [32m'3.42'[39m, [32m'0.00'[39m ]
data rcv RT:[ [32m'0.00'[39m, [32m'4.35'[39m, [32m'3.43'[39m, [32m'0.00'[39m ]
data rcv RT:[ [32m'0.00'[39m, [32m'4.32'[39m, [32m'3.43'[39m, [32m'0.00'[39m ]
data rcv RT:[ [32m'0.00'[39m, [32m'4.32'[39m, [32m'3.44'[39m, [32m'0.00'[39m ]
data rcv RT:[ [32m'0.00'[39m, [32m'4.31'[39m, [32m'3.43'[39m, [32m'0.00'[39m ]
data rcv RT:[ [32m'0.00'[39m, [32m'4.30'[39m, [32m'3.43'[39m, [32m'0.00'[39m ]
data rcv RT:[ [32m'0.00'[39m, [32m'4.25'[39m, [32m'3.42'[39m, [32m'0.00'[39m ]
data rcv RT:[ [32m'0.00'[39m, [32m'4.25'[39m, [32m'3.42'[39m, [32m'0.00'[39m ]
data rcv RT:[ [32m'0.00'[39m, [32m'4.27'[39m, [32m'3.39'[39m, [32m'0.00'[39m ]
data rcv RT:[ [32m'0.00'[39m, [32m'4.29'[39m, [32m'3.39'[39m, [32m'0.00'[39m ]
data rcv RT:[ [32m'0.00'[39m, [32m'4.30'[39m, [32m'3.38'[39m, [32m'0.01'[39m ]
data rcv RT:[ [32m'0.00'[39m, [32m'4.33'[39m, [32m'3.38'[39m, [32m'0.02'[39m ]
data rcv RT:[ [32m'0.00'[39m, [32m'4.34'[39m, [32m'3.39'[39m, [32m'0.02'[39m ]
data rcv RT:[ [32m'0.00'[39m, [32m'4.36'[39m, [32m'3.41'[39m, [32m'0.03'[39m ]
data rcv RT:[ [32m'0.00'[39m, [32m'4.38'[39m, [32m'3.39'[39m, [32m'0.02'[39m ]
data rcv RT:[ [32m'0.00'[39m, [32m'4.33'[39m, [32m'3.43'[39m, [32m'0.00'[39m ]
data rcv RT:[ [32m'0.00'[39m, [32m'4.31'[39m, [32m'3.43'[39m, [32m'0.00'[39m ]
data rcv RT:[ [32m'0.00'[39m, [32m'4.29'[39m, [32m'3.41'[39m, [32m'0.00'[39m ]
data rcv RT:[ [32m'0.00'[39m, [32m'4.30'[39m, [32m'3.42'[39m, [32m'0.00'[39m ]
data rcv RT:[ [32m'0.00'[39m, [32m'4.28'[39m, [32m'3.42'[39m, [32m'0.00'[39m ]
data rcv RT:[ [32m'0.00'[39m, [32m'4.29'[39m, [32m'3.43'[39m, [32m'0.00'[39m ]
data rcv RT:[ [32m'0.00'[39m, [32m'4.27'[39m, [32m'3.36'[39m, [32m'0.00'[39m ]
data rcv RT:[ [32m'0.00'[39m, [32m'4.31'[39m, [32m'3.37'[39m, [32m'0.00'[39m ]
data rcv RT:[ [32m'0.00'[39m, [32m'4.30'[39m, [32m'3.36'[39m, [32m'0.00'[39m ]
data rcv RT:[ [32m'0.00'[39m, [32m'4.34'[39m, [32m'3.38'[39m, [32m'0.01'[39m ]
data rcv RT:[ [32m'0.00'[39m, [32m'4.34'[39m, [32m'3.37'[39m, [32m'0.04'[39m ]
data rcv RT:[ [32m'0.00'[39m, [32m'4.34'[39m, [32m'3.40'[39m, [32m'0.02'[39m ]
data rcv RT:[ [32m'0.00'[39m, [32m'4.38'[39m, [32m'3.41'[39m, [32m'0.00'[39m ]
data rcv RT:[ [32m'0.00'[39m, [32m'4.37'[39m, [32m'3.39'[39m, [32m'0.02'[39m ]
data rcv RT:[ [32m'0.00'[39m, [32m'4.39'[39m, [32m'3.40'[39m, [32m'0.00'[39m ]
data rcv RT:[ [32m'0.00'[39m, [32m'4.35'[39m, [32m'3.43'[39m, [32m'0.00'[39m ]
data rcv RT:[ [32m'0.00'[39m, [32m'4.33'[39m, [32m'3.43'[39m, [32m'0.00'[39m ]
data rcv RT:[ [32m'0.00'[39m, [32m'4.30'[39m, [32m'3.45'[39m, [32m'0.00'[39m ]
data rcv RT:[ [32m'0.00'[39m, [32m'4.32'[39m, [32m'3.42'[39m, [32m'0.00'[39m ]
data rcv RT:[ [32m'0.00'[39m, [32m'4.32'[39m, [32m'3.45'[39m, [32m'0.00'[39m ]
data rcv RT:[ [32m'0.00'[39m, [32m'4.26'[39m, [32m'3.42'[39m, [32m'0.00'[39m ]
data rcv RT:[ [32m'0.00'[39m, [32m'4.30'[39m, [32m'3.40'[39m, [32m'0.00'[39m ]
data rcv RT:[ [32m'0.00'[39m, [32m'4.32'[39m, [32m'3.37'[39m, [32m'0.00'[39m ]
data rcv RT:[ [32m'0.00'[39m, [32m'4.31'[39m, [32m'3.39'[39m, [32m'0.02'[39m ]
data rcv RT:[ [32m'0.00'[39m, [32m'4.35'[39m, [32m'3.38'[39m, [32m'0.02'[39m ]
data rcv RT:[ [32m'0.00'[39m, [32m'4.37'[39m, [32m'3.40'[39m, [32m'0.01'[39m ]
data rcv RT:[ [32m'0.00'[39m, [32m'4.37'[39m, [32m'3.40'[39m, [32m'0.02'[39m ]
data rcv RT:[ [32m'0.00'[39m, [32m'4.32'[39m, [32m'3.43'[39m, [32m'0.00'[39m ]
data rcv RT:[ [32m'0.00'[39m, [32m'4.32'[39m, [32m'3.43'[39m, [32m'0.00'[39m ]
data rcv RT:[ [32m'0.00'[39m, [32m'4.31'[39m, [32m'3.43'[39m, [32m'0.00'[39m ]
data rcv RT:[ [32m'0.00'[39m, [32m'4.30'[39m, [32m'3.44'[39m, [32m'0.00'[39m ]
data rcv RT:[ [32m'0.00'[39m, [32m'4.25'[39m, [32m'3.39'[39m, [32m'0.00'[39m ]
data rcv RT:[ [32m'0.00'[39m, [32m'4.26'[39m, [32m'3.39'[39m, [32m'0.00'[39m ]
data rcv RT:[ [32m'0.00'[39m, [32m'4.28'[39m, [32m'3.43'[39m, [32m'0.00'[39m ]
data rcv RT:[ [32m'0.00'[39m, [32m'4.28'[39m, [32m'3.40'[39m, [32m'0.00'[39m ]
data rcv RT:[ [32m'0.00'[39m, [32m'4.33'[39m, [32m'3.38'[39m, [32m'0.03'[39m ]
data rcv RT:[ [32m'0.00'[39m, [32m'4.39'[39m, [32m'3.35'[39m, [32m'0.02'[39m ]
data rcv RT:[ [32m'0.00'[39m, [32m'4.34'[39m, [32m'3.38'[39m, [32m'0.00'[39m ]
data rcv RT:[ [32m'0.00'[39m, [32m'4.37'[39m, [32m'3.42'[39m, [32m'0.01'[39m ]
data rcv RT:[ [32m'0.00'[39m, [32m'4.35'[39m, [32m'3.42'[39m, [32m'0.00'[39m ]
data rcv RT:[ [32m'0.00'[39m, [32m'4.31'[39m, [32m'3.43'[39m, [32m'0.00'[39m ]
data rcv RT:[ [32m'0.00'[39m, [32m'4.27'[39m, [32m'3.46'[39m, [32m'0.00'[39m ]
data rcv RT:[ [32m'0.00'[39m, [32m'4.27'[39m, [32m'3.39'[39m, [32m'0.00'[39m ]
data rcv RT:[ [32m'0.00'[39m, [32m'4.28'[39m, [32m'3.41'[39m, [32m'0.00'[39m ]
data rcv RT:[ [32m'0.00'[39m, [32m'4.24'[39m, [32m'3.38'[39m, [32m'0.00'[39m ]
data rcv RT:[ [32m'0.00'[39m, [32m'4.27'[39m, [32m'3.37'[39m, [32m'0.00'[39m ]
data rcv RT:[ [32m'0.00'[39m, [32m'4.27'[39m, [32m'3.40'[39m, [32m'0.00'[39m ]
data rcv RT:[ [32m'0.00'[39m, [32m'4.30'[39m, [32m'3.39'[39m, [32m'0.02'[39m ]
data rcv RT:[ [32m'0.00'[39m, [32m'4.31'[39m, [32m'3.40'[39m, [32m'0.00'[39m ]
data rcv RT:[ [32m'0.00'[39m, [32m'4.35'[39m, [32m'3.41'[39m, [32m'0.01'[39m ]
data rcv RT:[ [32m'0.00'[39m, [32m'4.37'[39m, [32m'3.40'[39m, [32m'0.00'[39m ]
data rcv RT:[ [32m'0.00'[39m, [32m'4.38'[39m, [32m'3.42'[39m, [32m'0.00'[39m ]
data rcv RT:[ [32m'0.00'[39m, [32m'4.33'[39m, [32m'3.43'[39m, [32m'0.00'[39m ]
data rcv RT:[ [32m'0.00'[39m, [32m'4.34'[39m, [32m'3.41'[39m, [32m'0.00'[39m ]
data rcv RT:[ [32m'0.00'[39m, [32m'4.33'[39m, [32m'3.42'[39m, [32m'0.00'[39m ]
data rcv RT:[ [32m'0.00'[39m, [32m'4.30'[39m, [32m'3.42'[39m, [32m'0.00'[39m ]
data rcv RT:[ [32m'0.00'[39m, [32m'4.28'[39m, [32m'3.38'[39m, [32m'0.00'[39m ]
data rcv RT:[ [32m'0.00'[39m, [32m'4.30'[39m, [32m'3.38'[39m, [32m'0.00'[39m ]
data rcv RT:[ [32m'0.00'[39m, [32m'4.30'[39m, [32m'3.37'[39m, [32m'0.01'[39m ]
data rcv RT:[ [32m'0.00'[39m, [32m'4.32'[39m, [32m'3.37'[39m, [32m'0.01'[39m ]
data rcv RT:[ [32m'0.00'[39m, [32m'4.33'[39m, [32m'3.36'[39m, [32m'0.04'[39m ]
data rcv RT:[ [32m'0.00'[39m, [32m'4.37'[39m, [32m'3.38'[39m, [32m'0.03'[39m ]
data rcv RT:[ [32m'0.00'[39m, [32m'4.37'[39m, [32m'3.40'[39m, [32m'0.00'[39m ]
data rcv RT:[ [32m'0.00'[39m, [32m'4.31'[39m, [32m'3.44'[39m, [32m'0.00'[39m ]
data rcv RT:[ [32m'0.00'[39m, [32m'4.32'[39m, [32m'3.42'[39m, [32m'0.00'[39m ]
data rcv RT:[ [32m'0.00'[39m, [32m'4.30'[39m, [32m'3.40'[39m, [32m'0.00'[39m ]
data rcv RT:[ [32m'0.00'[39m, [32m'4.31'[39m, [32m'3.45'[39m, [32m'0.00'[39m ]
data rcv RT:[ [32m'0.00'[39m, [32m'4.24'[39m, [32m'3.39'[39m, [32m'0.00'[39m ]
data rcv RT:[ [32m'0.00'[39m, [32m'4.29'[39m, [32m'3.38'[39m, [32m'0.00'[39m ]
data rcv RT:[ [32m'0.00'[39m, [32m'4.31'[39m, [32m'3.36'[39m, [32m'0.00'[39m ]
data rcv RT:[ [32m'0.00'[39m, [32m'4.36'[39m, [32m'3.36'[39m, [32m'0.00'[39m ]
data rcv RT:[ [32m'0.00'[39m, [32m'4.33'[39m, [32m'3.40'[39m, [32m'0.00'[39m ]
data rcv RT:[ [32m'0.00'[39m, [32m'4.33'[39m, [32m'3.33'[39m, [32m'0.08'[39m ]
data rcv RT:[ [32m'0.00'[39m, [32m'4.36'[39m, [32m'3.42'[39m, [32m'0.00'[39m ]
data rcv RT:[ [32m'0.00'[39m, [32m'4.36'[39m, [32m'3.42'[39m, [32m'0.00'[39m ]
data rcv RT:[ [32m'0.00'[39m, [32m'4.34'[39m, [32m'3.42'[39m, [32m'0.00'[39m ]
data rcv RT:[ [32m'0.00'[39m, [32m'4.31'[39m, [32m'3.43'[39m, [32m'0.00'[39m ]
data rcv RT:[ [32m'0.00'[39m, [32m'4.30'[39m, [32m'3.42'[39m, [32m'0.00'[39m ]
data rcv RT:[ [32m'0.00'[39m, [32m'4.27'[39m, [32m'3.41'[39m, [32m'0.00'[39m ]
data rcv RT:[ [32m'0.00'[39m, [32m'4.27'[39m, [32m'3.35'[39m, [32m'0.00'[39m ]
data rcv RT:[ [32m'0.00'[39m, [32m'4.28'[39m, [32m'3.39'[39m, [32m'0.00'[39m ]
data rcv RT:[ [32m'0.00'[39m, [32m'4.30'[39m, [32m'3.38'[39m, [32m'0.01'[39m ]
data rcv RT:[ [32m'0.00'[39m, [32m'4.30'[39m, [32m'3.36'[39m, [32m'0.01'[39m ]
data rcv RT:[ [32m'0.00'[39m, [32m'4.36'[39m, [32m'3.39'[39m, [32m'0.03'[39m ]
data rcv RT:[ [32m'0.00'[39m, [32m'4.37'[39m, [32m'3.39'[39m, [32m'0.02'[39m ]
data rcv RT:[ [32m'0.00'[39m, [32m'4.36'[39m, [32m'3.40'[39m, [32m'0.00'[39m ]
data rcv RT:[ [32m'0.00'[39m, [32m'4.37'[39m, [32m'3.43'[39m, [32m'0.00'[39m ]
data rcv RT:[ [32m'0.00'[39m, [32m'4.32'[39m, [32m'3.46'[39m, [32m'0.00'[39m ]
data rcv RT:[ [32m'0.00'[39m, [32m'4.29'[39m, [32m'3.41'[39m, [32m'0.00'[39m ]
data rcv RT:[ [32m'0.00'[39m, [32m'4.31'[39m, [32m'3.43'[39m, [32m'0.00'[39m ]
data rcv RT:[ [32m'0.00'[39m, [32m'4.26'[39m, [32m'3.40'[39m, [32m'0.00'[39m ]
data rcv RT:[ [32m'0.00'[39m, [32m'4.28'[39m, [32m'3.40'[39m, [32m'0.00'[39m ]
data rcv RT:[ [32m'0.00'[39m, [32m'4.30'[39m, [32m'3.38'[39m, [32m'0.00'[39m ]
data rcv RT:[ [32m'0.00'[39m, [32m'4.30'[39m, [32m'3.36'[39m, [32m'0.01'[39m ]
data rcv RT:[ [32m'0.00'[39m, [32m'4.30'[39m, [32m'3.39'[39m, [32m'0.01'[39m ]
data rcv RT:[ [32m'0.00'[39m, [32m'4.36'[39m, [32m'3.39'[39m, [32m'0.03'[39m ]
data rcv RT:[ [32m'0.00'[39m, [32m'4.37'[39m, [32m'3.42'[39m, [32m'0.00'[39m ]
data rcv RT:[ [32m'0.00'[39m, [32m'4.38'[39m, [32m'3.41'[39m, [32m'0.00'[39m ]
data rcv RT:[ [32m'0.00'[39m, [32m'4.33'[39m, [32m'3.42'[39m, [32m'0.00'[39m ]
data rcv RT:[ [32m'0.00'[39m, [32m'4.35'[39m, [32m'3.43'[39m, [32m'0.00'[39m ]
data rcv RT:[ [32m'0.00'[39m, [32m'4.29'[39m, [32m'3.46'[39m, [32m'0.00'[39m ]
data rcv RT:[ [32m'0.00'[39m, [32m'4.30'[39m, [32m'3.45'[39m, [32m'0.00'[39m ]
data rcv RT:[ [32m'0.00'[39m, [32m'4.28'[39m, [32m'3.40'[39m, [32m'0.00'[39m ]
data rcv RT:[ [32m'0.00'[39m, [32m'4.29'[39m, [32m'3.37'[39m, [32m'0.00'[39m ]
data rcv RT:[ [32m'0.00'[39m, [32m'4.27'[39m, [32m'3.35'[39m, [32m'0.00'[39m ]
data rcv RT:[ [32m'0.00'[39m, [32m'4.31'[39m, [32m'3.37'[39m, [32m'0.00'[39m ]
data rcv RT:[ [32m'0.00'[39m, [32m'4.32'[39m, [32m'3.40'[39m, [32m'0.00'[39m ]
data rcv RT:[ [32m'0.00'[39m, [32m'4.33'[39m, [32m'3.39'[39m, [32m'0.00'[39m ]
data rcv RT:[ [32m'0.00'[39m, [32m'4.35'[39m, [32m'3.40'[39m, [32m'0.00'[39m ]
data rcv RT:[ [32m'0.00'[39m, [32m'4.34'[39m, [32m'3.42'[39m, [32m'0.00'[39m ]
data rcv RT:[ [32m'0.00'[39m, [32m'4.38'[39m, [32m'3.43'[39m, [32m'0.00'[39m ]
data rcv RT:[ [32m'0.00'[39m, [32m'4.34'[39m, [32m'3.42'[39m, [32m'0.00'[39m ]
data rcv RT:[ [32m'0.00'[39m, [32m'4.30'[39m, [32m'3.46'[39m, [32m'0.00'[39m ]
data rcv RT:[ [32m'0.00'[39m, [32m'4.22'[39m, [32m'3.41'[39m, [32m'0.00'[39m ]
data rcv RT:[ [32m'0.00'[39m, [32m'4.25'[39m, [32m'3.39'[39m, [32m'0.00'[39m ]
data rcv RT:[ [32m'0.00'[39m, [32m'4.27'[39m, [32m'3.36'[39m, [32m'0.00'[39m ]
data rcv RT:[ [32m'0.00'[39m, [32m'4.32'[39m, [32m'3.36'[39m, [32m'0.02'[39m ]
data rcv RT:[ [32m'0.00'[39m, [32m'4.33'[39m, [32m'3.39'[39m, [32m'0.02'[39m ]
data rcv RT:[ [32m'0.00'[39m, [32m'4.33'[39m, [32m'3.37'[39m, [32m'0.03'[39m ]
data rcv RT:[ [32m'0.00'[39m, [32m'4.38'[39m, [32m'3.40'[39m, [32m'0.04'[39m ]
data rcv RT:[ [32m'0.00'[39m, [32m'4.35'[39m, [32m'3.37'[39m, [32m'0.03'[39m ]
data rcv RT:[ [32m'0.00'[39m, [32m'4.34'[39m, [32m'3.41'[39m, [32m'0.00'[39m ]
data rcv RT:[ [32m'0.00'[39m, [32m'4.36'[39m, [32m'3.42'[39m, [32m'0.00'[39m ]
data rcv RT:[ [32m'0.00'[39m, [32m'4.37'[39m, [32m'3.44'[39m, [32m'0.00'[39m ]
data rcv RT:[ [32m'0.00'[39m, [32m'4.35'[39m, [32m'3.44'[39m, [32m'0.00'[39m ]
data rcv RT:[ [32m'0.00'[39m, [32m'4.33'[39m, [32m'3.43'[39m, [32m'0.00'[39m ]
data rcv RT:[ [32m'0.00'[39m, [32m'4.32'[39m, [32m'3.40'[39m, [32m'0.00'[39m ]
data rcv RT:[ [32m'0.00'[39m, [32m'4.28'[39m, [32m'3.45'[39m, [32m'0.00'[39m ]
data rcv RT:[ [32m'0.00'[39m, [32m'4.33'[39m, [32m'3.47'[39m, [32m'0.00'[39m ]
data rcv RT:[ [32m'0.00'[39m, [32m'4.25'[39m, [32m'3.39'[39m, [32m'0.00'[39m ]
data rcv RT:[ [32m'0.00'[39m, [32m'4.28'[39m, [32m'3.40'[39m, [32m'0.00'[39m ]
data rcv RT:[ [32m'0.00'[39m, [32m'4.28'[39m, [32m'3.36'[39m, [32m'0.00'[39m ]
data rcv RT:[ [32m'0.00'[39m, [32m'4.30'[39m, [32m'3.38'[39m, [32m'0.02'[39m ]
data rcv RT:[ [32m'0.00'[39m, [32m'4.33'[39m, [32m'3.37'[39m, [32m'0.03'[39m ]
data rcv RT:[ [32m'0.00'[39m, [32m'4.38'[39m, [32m'3.40'[39m, [32m'0.01'[39m ]
data rcv RT:[ [32m'0.00'[39m, [32m'4.34'[39m, [32m'3.39'[39m, [32m'0.02'[39m ]
data rcv RT:[ [32m'0.00'[39m, [32m'4.35'[39m, [32m'3.41'[39m, [32m'0.00'[39m ]
data rcv RT:[ [32m'0.00'[39m, [32m'4.35'[39m, [32m'3.42'[39m, [32m'0.00'[39m ]
data rcv RT:[ [32m'0.00'[39m, [32m'4.32'[39m, [32m'3.44'[39m, [32m'0.00'[39m ]
data rcv RT:[ [32m'0.00'[39m, [32m'4.30'[39m, [32m'3.42'[39m, [32m'0.00'[39m ]
data rcv RT:[ [32m'0.00'[39m, [32m'4.32'[39m, [32m'3.42'[39m, [32m'0.00'[39m ]
data rcv RT:[ [32m'0.00'[39m, [32m'4.32'[39m, [32m'3.44'[39m, [32m'0.00'[39m ]
data rcv RT:[ [32m'0.00'[39m, [32m'4.30'[39m, [32m'3.45'[39m, [32m'0.00'[39m ]
data rcv RT:[ [32m'0.00'[39m, [32m'4.25'[39m, [32m'3.41'[39m, [32m'0.00'[39m ]
data rcv RT:[ [32m'0.00'[39m, [32m'4.29'[39m, [32m'3.43'[39m, [32m'0.00'[39m ]
data rcv RT:[ [32m'0.00'[39m, [32m'4.28'[39m, [32m'3.41'[39m, [32m'0.00'[39m ]
data rcv RT:[ [32m'0.00'[39m, [32m'4.25'[39m, [32m'3.40'[39m, [32m'0.00'[39m ]
data rcv RT:[ [32m'0.00'[39m, [32m'4.27'[39m, [32m'3.38'[39m, [32m'0.00'[39m ]
data rcv RT:[ [32m'0.00'[39m, [32m'4.29'[39m, [32m'3.39'[39m, [32m'0.00'[39m ]
data rcv RT:[ [32m'0.00'[39m, [32m'4.31'[39m, [32m'3.37'[39m, [32m'0.01'[39m ]
data rcv RT:[ [32m'0.00'[39m, [32m'4.35'[39m, [32m'3.39'[39m, [32m'0.03'[39m ]
data rcv RT:[ [32m'0.00'[39m, [32m'4.36'[39m, [32m'3.38'[39m, [32m'0.00'[39m ]
data rcv RT:[ [32m'0.00'[39m, [32m'4.35'[39m, [32m'3.40'[39m, [32m'0.01'[39m ]
data rcv RT:[ [32m'0.00'[39m, [32m'4.33'[39m, [32m'3.44'[39m, [32m'0.00'[39m ]
data rcv RT:[ [32m'0.00'[39m, [32m'4.36'[39m, [32m'3.43'[39m, [32m'0.00'[39m ]
data rcv RT:[ [32m'0.00'[39m, [32m'4.31'[39m, [32m'3.43'[39m, [32m'0.00'[39m ]
data rcv RT:[ [32m'0.00'[39m, [32m'4.33'[39m, [32m'3.44'[39m, [32m'0.00'[39m ]
data rcv RT:[ [32m'0.00'[39m, [32m'4.31'[39m, [32m'3.43'[39m, [32m'0.00'[39m ]
data rcv RT:[ [32m'0.00'[39m, [32m'4.26'[39m, [32m'3.39'[39m, [32m'0.00'[39m ]
data rcv RT:[ [32m'0.00'[39m, [32m'4.27'[39m, [32m'3.38'[39m, [32m'0.00'[39m ]
data rcv RT:[ [32m'0.00'[39m, [32m'4.29'[39m, [32m'3.37'[39m, [32m'0.00'[39m ]
data rcv RT:[ [32m'0.00'[39m, [32m'4.30'[39m, [32m'3.38'[39m, [32m'0.01'[39m ]
data rcv RT:[ [32m'0.00'[39m, [32m'4.28'[39m, [32m'3.39'[39m, [32m'0.00'[39m ]
data rcv RT:[ [32m'0.00'[39m, [32m'4.32'[39m, [32m'3.38'[39m, [32m'0.02'[39m ]
data rcv RT:[ [32m'0.00'[39m, [32m'4.33'[39m, [32m'3.33'[39m, [32m'0.06'[39m ]
data rcv RT:[ [32m'0.00'[39m, [32m'4.35'[39m, [32m'3.38'[39m, [32m'0.04'[39m ]
data rcv RT:[ [32m'0.00'[39m, [32m'4.38'[39m, [32m'3.41'[39m, [32m'0.00'[39m ]
data rcv RT:[ [32m'0.00'[39m, [32m'4.36'[39m, [32m'3.42'[39m, [32m'0.00'[39m ]
data rcv RT:[ [32m'0.00'[39m, [32m'4.30'[39m, [32m'3.44'[39m, [32m'0.00'[39m ]
data rcv RT:[ [32m'0.00'[39m, [32m'4.32'[39m, [32m'3.42'[39m, [32m'0.00'[39m ]
data rcv RT:[ [32m'0.00'[39m, [32m'4.31'[39m, [32m'3.41'[39m, [32m'0.00'[39m ]
data rcv RT:[ [32m'0.00'[39m, [32m'4.31'[39m, [32m'3.45'[39m, [32m'0.00'[39m ]
data rcv RT:[ [32m'0.00'[39m, [32m'4.26'[39m, [32m'3.39'[39m, [32m'0.00'[39m ]
data rcv RT:[ [32m'0.00'[39m, [32m'4.25'[39m, [32m'3.39'[39m, [32m'0.00'[39m ]
data rcv RT:[ [32m'0.00'[39m, [32m'4.28'[39m, [32m'3.36'[39m, [32m'0.00'[39m ]
data rcv RT:[ [32m'0.00'[39m, [32m'4.27'[39m, [32m'3.38'[39m, [32m'0.00'[39m ]
data rcv RT:[ [32m'0.00'[39m, [32m'4.27'[39m, [32m'3.38'[39m, [32m'0.00'[39m ]
data rcv RT:[ [32m'0.00'[39m, [32m'4.29'[39m, [32m'3.39'[39m, [32m'0.00'[39m ]
data rcv RT:[ [32m'0.00'[39m, [32m'4.31'[39m, [32m'3.37'[39m, [32m'0.00'[39m ]
data rcv RT:[ [32m'0.00'[39m, [32m'4.36'[39m, [32m'3.40'[39m, [32m'0.02'[39m ]
data rcv RT:[ [32m'0.00'[39m, [32m'4.38'[39m, [32m'3.42'[39m, [32m'0.00'[39m ]
data rcv RT:[ [32m'0.00'[39m, [32m'4.36'[39m, [32m'3.39'[39m, [32m'0.01'[39m ]
data rcv RT:[ [32m'0.00'[39m, [32m'4.33'[39m, [32m'3.44'[39m, [32m'0.00'[39m ]
data rcv RT:[ [32m'0.00'[39m, [32m'4.32'[39m, [32m'3.43'[39m, [32m'0.00'[39m ]
data rcv RT:[ [32m'0.00'[39m, [32m'4.29'[39m, [32m'3.43'[39m, [32m'0.00'[39m ]
data rcv RT:[ [32m'0.00'[39m, [32m'4.29'[39m, [32m'3.45'[39m, [32m'0.00'[39m ]
data rcv RT:[ [32m'0.00'[39m, [32m'4.28'[39m, [32m'3.40'[39m, [32m'0.00'[39m ]
data rcv RT:[ [32m'0.00'[39m, [32m'4.26'[39m, [32m'3.42'[39m, [32m'0.00'[39m ]
data rcv RT:[ [32m'0.00'[39m, [32m'4.26'[39m, [32m'3.41'[39m, [32m'0.00'[39m ]
data rcv RT:[ [32m'0.00'[39m, [32m'4.26'[39m, [32m'3.38'[39m, [32m'0.00'[39m ]
data rcv RT:[ [32m'0.00'[39m, [32m'4.30'[39m, [32m'3.39'[39m, [32m'0.00'[39m ]
data rcv RT:[ [32m'0.00'[39m, [32m'4.26'[39m, [32m'3.39'[39m, [32m'0.00'[39m ]
data rcv RT:[ [32m'0.00'[39m, [32m'4.31'[39m, [32m'3.39'[39m, [32m'0.02'[39m ]
data rcv RT:[ [32m'0.00'[39m, [32m'4.31'[39m, [32m'3.38'[39m, [32m'0.02'[39m ]
data rcv RT:[ [32m'0.00'[39m, [32m'4.36'[39m, [32m'3.39'[39m, [32m'0.00'[39m ]
data rcv RT:[ [32m'0.00'[39m, [32m'4.35'[39m, [32m'3.40'[39m, [32m'0.00'[39m ]
data rcv RT:[ [32m'0.00'[39m, [32m'4.38'[39m, [32m'3.40'[39m, [32m'0.04'[39m ]
data rcv RT:[ [32m'0.00'[39m, [32m'4.39'[39m, [32m'3.40'[39m, [32m'0.02'[39m ]
data rcv RT:[ [32m'0.00'[39m, [32m'4.35'[39m, [32m'3.41'[39m, [32m'0.00'[39m ]
data rcv RT:[ [32m'0.00'[39m, [32m'4.34'[39m, [32m'3.42'[39m, [32m'0.00'[39m ]
data rcv RT:[ [32m'0.00'[39m, [32m'4.32'[39m, [32m'3.44'[39m, [32m'0.00'[39m ]
data rcv RT:[ [32m'0.00'[39m, [32m'4.30'[39m, [32m'3.43'[39m, [32m'0.00'[39m ]
data rcv RT:[ [32m'0.00'[39m, [32m'4.30'[39m, [32m'3.45'[39m, [32m'0.00'[39m ]
data rcv RT:[ [32m'0.00'[39m, [32m'4.28'[39m, [32m'3.38'[39m, [32m'0.00'[39m ]
data rcv RT:[ [32m'0.00'[39m, [32m'4.27'[39m, [32m'3.38'[39m, [32m'0.00'[39m ]
data rcv RT:[ [32m'0.00'[39m, [32m'4.26'[39m, [32m'3.36'[39m, [32m'0.00'[39m ]
data rcv RT:[ [32m'0.00'[39m, [32m'4.31'[39m, [32m'3.38'[39m, [32m'0.01'[39m ]
data rcv RT:[ [32m'0.00'[39m, [32m'4.31'[39m, [32m'3.37'[39m, [32m'0.01'[39m ]
data rcv RT:[ [32m'0.00'[39m, [32m'4.34'[39m, [32m'3.39'[39m, [32m'0.01'[39m ]
data rcv RT:[ [32m'0.00'[39m, [32m'4.35'[39m, [32m'3.39'[39m, [32m'0.00'[39m ]
data rcv RT:[ [32m'0.00'[39m, [32m'4.37'[39m, [32m'3.36'[39m, [32m'0.06'[39m ]
data rcv RT:[ [32m'0.00'[39m, [32m'4.39'[39m, [32m'3.42'[39m, [32m'0.00'[39m ]
data rcv RT:[ [32m'0.00'[39m, [32m'4.33'[39m, [32m'3.45'[39m, [32m'0.00'[39m ]
data rcv RT:[ [32m'0.00'[39m, [32m'4.31'[39m, [32m'3.44'[39m, [32m'0.00'[39m ]
data rcv RT:[ [32m'0.00'[39m, [32m'4.34'[39m, [32m'3.44'[39m, [32m'0.00'[39m ]
data rcv RT:[ [32m'0.00'[39m, [32m'4.31'[39m, [32m'3.43'[39m, [32m'0.00'[39m ]
data rcv RT:[ [32m'0.00'[39m, [32m'4.30'[39m, [32m'3.40'[39m, [32m'0.00'[39m ]
data rcv RT:[ [32m'0.00'[39m, [32m'4.29'[39m, [32m'3.41'[39m, [32m'0.00'[39m ]
data rcv RT:[ [32m'0.00'[39m, [32m'4.28'[39m, [32m'3.41'[39m, [32m'0.00'[39m ]
data rcv RT:[ [32m'0.00'[39m, [32m'4.29'[39m, [32m'3.37'[39m, [32m'0.02'[39m ]
data rcv RT:[ [32m'0.00'[39m, [32m'4.28'[39m, [32m'3.36'[39m, [32m'0.00'[39m ]
data rcv RT:[ [32m'0.00'[39m, [32m'4.28'[39m, [32m'3.40'[39m, [32m'0.00'[39m ]
data rcv RT:[ [32m'0.00'[39m, [32m'4.32'[39m, [32m'3.39'[39m, [32m'0.00'[39m ]
data rcv RT:[ [32m'0.00'[39m, [32m'4.33'[39m, [32m'3.37'[39m, [32m'0.01'[39m ]
data rcv RT:[ [32m'0.00'[39m, [32m'4.33'[39m, [32m'3.37'[39m, [32m'0.03'[39m ]
data rcv RT:[ [32m'0.00'[39m, [32m'4.31'[39m, [32m'3.37'[39m, [32m'0.01'[39m ]
data rcv RT:[ [32m'0.00'[39m, [32m'4.33'[39m, [32m'3.37'[39m, [32m'0.02'[39m ]
data rcv RT:[ [32m'0.00'[39m, [32m'4.32'[39m, [32m'3.35'[39m, [32m'0.05'[39m ]
data rcv RT:[ [32m'0.00'[39m, [32m'4.33'[39m, [32m'3.39'[39m, [32m'0.02'[39m ]
data rcv RT:[ [32m'0.00'[39m, [32m'4.34'[39m, [32m'3.37'[39m, [32m'0.05'[39m ]
data rcv RT:[ [32m'0.00'[39m, [32m'4.36'[39m, [32m'3.39'[39m, [32m'0.00'[39m ]
data rcv RT:[ [32m'0.00'[39m, [32m'4.37'[39m, [32m'3.41'[39m, [32m'0.02'[39m ]
data rcv RT:[ [32m'0.00'[39m, [32m'4.37'[39m, [32m'3.39'[39m, [32m'0.03'[39m ]
data rcv RT:[ [32m'0.00'[39m, [32m'4.34'[39m, [32m'3.42'[39m, [32m'0.00'[39m ]
data rcv RT:[ [32m'0.00'[39m, [32m'4.33'[39m, [32m'3.42'[39m, [32m'0.00'[39m ]
data rcv RT:[ [32m'0.00'[39m, [32m'4.34'[39m, [32m'3.42'[39m, [32m'0.00'[39m ]
data rcv RT:[ [32m'0.00'[39m, [32m'4.34'[39m, [32m'3.43'[39m, [32m'0.00'[39m ]
data rcv RT:[ [32m'0.00'[39m, [32m'4.30'[39m, [32m'3.42'[39m, [32m'0.00'[39m ]
data rcv RT:[ [32m'0.00'[39m, [32m'4.31'[39m, [32m'3.44'[39m, [32m'0.00'[39m ]
data rcv RT:[ [32m'0.00'[39m, [32m'4.29'[39m, [32m'3.42'[39m, [32m'0.00'[39m ]
data rcv RT:[ [32m'0.00'[39m, [32m'4.30'[39m, [32m'3.44'[39m, [32m'0.00'[39m ]
data rcv RT:[ [32m'0.00'[39m, [32m'4.26'[39m, [32m'3.45'[39m, [32m'0.00'[39m ]
data rcv RT:[ [32m'0.00'[39m, [32m'4.25'[39m, [32m'3.41'[39m, [32m'0.00'[39m ]
data rcv RT:[ [32m'0.00'[39m, [32m'4.27'[39m, [32m'3.38'[39m, [32m'0.00'[39m ]
data rcv RT:[ [32m'0.00'[39m, [32m'4.25'[39m, [32m'3.38'[39m, [32m'0.00'[39m ]
data rcv RT:[ [32m'0.00'[39m, [32m'4.27'[39m, [32m'3.35'[39m, [32m'0.00'[39m ]
data rcv RT:[ [32m'0.00'[39m, [32m'4.32'[39m, [32m'3.39'[39m, [32m'0.01'[39m ]
data rcv RT:[ [32m'0.00'[39m, [32m'4.32'[39m, [32m'3.38'[39m, [32m'0.02'[39m ]
data rcv RT:[ [32m'0.00'[39m, [32m'4.34'[39m, [32m'3.37'[39m, [32m'0.01'[39m ]
data rcv RT:[ [32m'0.00'[39m, [32m'4.33'[39m, [32m'3.37'[39m, [32m'0.01'[39m ]
data rcv RT:[ [32m'0.00'[39m, [32m'4.34'[39m, [32m'3.38'[39m, [32m'0.05'[39m ]
data rcv RT:[ [32m'0.00'[39m, [32m'4.34'[39m, [32m'3.38'[39m, [32m'0.04'[39m ]
data rcv RT:[ [32m'0.00'[39m, [32m'4.38'[39m, [32m'3.39'[39m, [32m'0.00'[39m ]
data rcv RT:[ [32m'0.00'[39m, [32m'4.36'[39m, [32m'3.41'[39m, [32m'0.00'[39m ]
data rcv RT:[ [32m'0.00'[39m, [32m'4.36'[39m, [32m'3.40'[39m, [32m'0.00'[39m ]
data rcv RT:[ [32m'0.00'[39m, [32m'4.34'[39m, [32m'3.41'[39m, [32m'0.00'[39m ]
data rcv RT:[ [32m'0.00'[39m, [32m'4.33'[39m, [32m'3.43'[39m, [32m'0.00'[39m ]
data rcv RT:[ [32m'0.00'[39m, [32m'4.33'[39m, [32m'3.45'[39m, [32m'0.00'[39m ]
data rcv RT:[ [32m'0.00'[39m, [32m'4.35'[39m, [32m'3.42'[39m, [32m'0.00'[39m ]
data rcv RT:[ [32m'0.00'[39m, [32m'4.32'[39m, [32m'3.44'[39m, [32m'0.00'[39m ]
data rcv RT:[ [32m'0.00'[39m, [32m'4.32'[39m, [32m'3.42'[39m, [32m'0.00'[39m ]
data rcv RT:[ [32m'0.00'[39m, [32m'4.30'[39m, [32m'3.43'[39m, [32m'0.00'[39m ]
data rcv RT:[ [32m'0.00'[39m, [32m'4.28'[39m, [32m'3.41'[39m, [32m'0.00'[39m ]
data rcv RT:[ [32m'0.00'[39m, [32m'4.29'[39m, [32m'3.44'[39m, [32m'0.00'[39m ]
data rcv RT:[ [32m'0.00'[39m, [32m'4.28'[39m, [32m'3.37'[39m, [32m'0.00'[39m ]
data rcv RT:[ [32m'0.00'[39m, [32m'4.28'[39m, [32m'3.38'[39m, [32m'0.00'[39m ]
data rcv RT:[ [32m'0.00'[39m, [32m'4.26'[39m, [32m'3.37'[39m, [32m'0.00'[39m ]
data rcv RT:[ [32m'0.00'[39m, [32m'4.29'[39m, [32m'3.38'[39m, [32m'0.00'[39m ]
data rcv RT:[ [32m'0.00'[39m, [32m'4.26'[39m, [32m'3.36'[39m, [32m'0.00'[39m ]
data rcv RT:[ [32m'0.00'[39m, [32m'4.32'[39m, [32m'3.37'[39m, [32m'0.02'[39m ]
data rcv RT:[ [32m'0.00'[39m, [32m'4.29'[39m, [32m'3.39'[39m, [32m'0.00'[39m ]
data rcv RT:[ [32m'0.00'[39m, [32m'4.33'[39m, [32m'3.39'[39m, [32m'0.02'[39m ]
data rcv RT:[ [32m'0.00'[39m, [32m'4.40'[39m, [32m'3.41'[39m, [32m'0.00'[39m ]
data rcv RT:[ [32m'0.00'[39m, [32m'4.38'[39m, [32m'3.42'[39m, [32m'0.00'[39m ]
data rcv RT:[ [32m'0.00'[39m, [32m'4.39'[39m, [32m'3.43'[39m, [32m'0.00'[39m ]
data rcv RT:[ [32m'0.00'[39m, [32m'4.33'[39m, [32m'3.43'[39m, [32m'0.00'[39m ]
data rcv RT:[ [32m'0.00'[39m, [32m'4.33'[39m, [32m'3.43'[39m, [32m'0.00'[39m ]
data rcv RT:[ [32m'0.00'[39m, [32m'4.29'[39m, [32m'3.44'[39m, [32m'0.00'[39m ]
data rcv RT:[ [32m'0.00'[39m, [32m'4.27'[39m, [32m'3.38'[39m, [32m'0.00'[39m ]
data rcv RT:[ [32m'0.00'[39m, [32m'4.27'[39m, [32m'3.38'[39m, [32m'0.00'[39m ]
data rcv RT:[ [32m'0.00'[39m, [32m'4.26'[39m, [32m'3.42'[39m, [32m'0.00'[39m ]
data rcv RT:[ [32m'0.00'[39m, [32m'4.28'[39m, [32m'3.39'[39m, [32m'0.00'[39m ]
data rcv RT:[ [32m'0.00'[39m, [32m'4.32'[39m, [32m'3.38'[39m, [32m'0.00'[39m ]
data rcv RT:[ [32m'0.00'[39m, [32m'4.34'[39m, [32m'3.36'[39m, [32m'0.02'[39m ]
data rcv RT:[ [32m'0.00'[39m, [32m'4.38'[39m, [32m'3.37'[39m, [32m'0.03'[39m ]
data rcv RT:[ [32m'0.00'[39m, [32m'4.36'[39m, [32m'3.39'[39m, [32m'0.00'[39m ]
data rcv RT:[ [32m'0.00'[39m, [32m'4.38'[39m, [32m'3.42'[39m, [32m'0.00'[39m ]
data rcv RT:[ [32m'0.00'[39m, [32m'4.32'[39m, [32m'3.41'[39m, [32m'0.00'[39m ]
data rcv RT:[ [32m'0.00'[39m, [32m'4.33'[39m, [32m'3.41'[39m, [32m'0.00'[39m ]
data rcv RT:[ [32m'0.00'[39m, [32m'4.29'[39m, [32m'3.46'[39m, [32m'0.00'[39m ]
data rcv RT:[ [32m'0.00'[39m, [32m'4.29'[39m, [32m'3.40'[39m, [32m'0.00'[39m ]
data rcv RT:[ [32m'0.00'[39m, [32m'4.25'[39m, [32m'3.36'[39m, [32m'0.00'[39m ]
data rcv RT:[ [32m'0.00'[39m, [32m'4.27'[39m, [32m'3.39'[39m, [32m'0.00'[39m ]
data rcv RT:[ [32m'0.00'[39m, [32m'4.30'[39m, [32m'3.38'[39m, [32m'0.01'[39m ]
data rcv RT:[ [32m'0.00'[39m, [32m'4.36'[39m, [32m'3.38'[39m, [32m'0.05'[39m ]
data rcv RT:[ [32m'0.00'[39m, [32m'4.30'[39m, [32m'3.38'[39m, [32m'0.00'[39m ]
data rcv RT:[ [32m'0.00'[39m, [32m'4.35'[39m, [32m'3.37'[39m, [32m'0.03'[39m ]
data rcv RT:[ [32m'0.00'[39m, [32m'4.38'[39m, [32m'3.39'[39m, [32m'0.01'[39m ]
data rcv RT:[ [32m'0.00'[39m, [32m'4.39'[39m, [32m'3.39'[39m, [32m'0.02'[39m ]
data rcv RT:[ [32m'0.00'[39m, [32m'4.37'[39m, [32m'3.43'[39m, [32m'0.00'[39m ]
data rcv RT:[ [32m'0.00'[39m, [32m'4.33'[39m, [32m'3.42'[39m, [32m'0.00'[39m ]
data rcv RT:[ [32m'0.00'[39m, [32m'4.32'[39m, [32m'3.41'[39m, [32m'0.00'[39m ]
data rcv RT:[ [32m'0.00'[39m, [32m'4.29'[39m, [32m'3.45'[39m, [32m'0.00'[39m ]
data rcv RT:[ [32m'0.00'[39m, [32m'4.28'[39m, [32m'3.43'[39m, [32m'0.00'[39m ]
data rcv RT:[ [32m'0.00'[39m, [32m'4.27'[39m, [32m'3.44'[39m, [32m'0.00'[39m ]
data rcv RT:[ [32m'0.00'[39m, [32m'4.26'[39m, [32m'3.45'[39m, [32m'0.00'[39m ]
data rcv RT:[ [32m'0.00'[39m, [32m'4.30'[39m, [32m'3.38'[39m, [32m'0.00'[39m ]
data rcv RT:[ [32m'0.00'[39m, [32m'4.30'[39m, [32m'3.37'[39m, [32m'0.02'[39m ]
data rcv RT:[ [32m'0.00'[39m, [32m'4.32'[39m, [32m'3.37'[39m, [32m'0.01'[39m ]
data rcv RT:[ [32m'0.00'[39m, [32m'4.33'[39m, [32m'3.35'[39m, [32m'0.02'[39m ]
data rcv RT:[ [32m'0.00'[39m, [32m'4.37'[39m, [32m'3.44'[39m, [32m'0.00'[39m ]
data rcv RT:[ [32m'0.00'[39m, [32m'4.31'[39m, [32m'3.44'[39m, [32m'0.00'[39m ]
data rcv RT:[ [32m'0.00'[39m, [32m'4.31'[39m, [32m'3.42'[39m, [32m'0.00'[39m ]
data rcv RT:[ [32m'0.00'[39m, [32m'4.30'[39m, [32m'3.46'[39m, [32m'0.00'[39m ]
data rcv RT:[ [32m'0.00'[39m, [32m'4.25'[39m, [32m'3.42'[39m, [32m'0.00'[39m ]
data rcv RT:[ [32m'0.00'[39m, [32m'4.26'[39m, [32m'3.38'[39m, [32m'0.00'[39m ]
data rcv RT:[ [32m'0.00'[39m, [32m'4.27'[39m, [32m'3.37'[39m, [32m'0.00'[39m ]
data rcv RT:[ [32m'0.00'[39m, [32m'4.31'[39m, [32m'3.37'[39m, [32m'0.01'[39m ]
data rcv RT:[ [32m'0.00'[39m, [32m'4.30'[39m, [32m'3.38'[39m, [32m'0.00'[39m ]
data rcv RT:[ [32m'0.00'[39m, [32m'4.34'[39m, [32m'3.39'[39m, [32m'0.03'[39m ]
data rcv RT:[ [32m'0.00'[39m, [32m'4.34'[39m, [32m'3.36'[39m, [32m'0.00'[39m ]
data rcv RT:[ [32m'0.00'[39m, [32m'4.37'[39m, [32m'3.37'[39m, [32m'0.02'[39m ]
data rcv RT:[ [32m'0.00'[39m, [32m'4.35'[39m, [32m'3.43'[39m, [32m'0.00'[39m ]
data rcv RT:[ [32m'0.00'[39m, [32m'4.36'[39m, [32m'3.39'[39m, [32m'0.00'[39m ]
data rcv RT:[ [32m'0.00'[39m, [32m'4.31'[39m, [32m'3.44'[39m, [32m'0.00'[39m ]
data rcv RT:[ [32m'0.00'[39m, [32m'4.30'[39m, [32m'3.41'[39m, [32m'0.00'[39m ]
data rcv RT:[ [32m'0.00'[39m, [32m'4.29'[39m, [32m'3.46'[39m, [32m'0.00'[39m ]
data rcv RT:[ [32m'0.00'[39m, [32m'4.27'[39m, [32m'3.43'[39m, [32m'0.00'[39m ]
data rcv RT:[ [32m'0.00'[39m, [32m'4.29'[39m, [32m'3.36'[39m, [32m'0.00'[39m ]
data rcv RT:[ [32m'0.00'[39m, [32m'4.32'[39m, [32m'3.38'[39m, [32m'0.01'[39m ]
data rcv RT:[ [32m'0.00'[39m, [32m'4.37'[39m, [32m'3.38'[39m, [32m'0.03'[39m ]
data rcv RT:[ [32m'0.00'[39m, [32m'4.36'[39m, [32m'3.42'[39m, [32m'0.01'[39m ]
data rcv RT:[ [32m'0.00'[39m, [32m'4.34'[39m, [32m'3.41'[39m, [32m'0.00'[39m ]
data rcv RT:[ [32m'0.00'[39m, [32m'4.36'[39m, [32m'3.42'[39m, [32m'0.00'[39m ]
data rcv RT:[ [32m'0.00'[39m, [32m'4.33'[39m, [32m'3.42'[39m, [32m'0.00'[39m ]
data rcv RT:[ [32m'0.00'[39m, [32m'4.30'[39m, [32m'3.44'[39m, [32m'0.00'[39m ]
data rcv RT:[ [32m'0.00'[39m, [32m'4.28'[39m, [32m'3.40'[39m, [32m'0.00'[39m ]
data rcv RT:[ [32m'0.00'[39m, [32m'4.30'[39m, [32m'3.43'[39m, [32m'0.00'[39m ]
data rcv RT:[ [32m'0.00'[39m, [32m'4.26'[39m, [32m'3.40'[39m, [32m'0.00'[39m ]
data rcv RT:[ [32m'0.00'[39m, [32m'4.29'[39m, [32m'3.37'[39m, [32m'0.00'[39m ]
data rcv RT:[ [32m'0.00'[39m, [32m'4.31'[39m, [32m'3.37'[39m, [32m'0.00'[39m ]
data rcv RT:[ [32m'0.00'[39m, [32m'4.34'[39m, [32m'3.38'[39m, [32m'0.00'[39m ]
data rcv RT:[ [32m'0.00'[39m, [32m'4.35'[39m, [32m'3.33'[39m, [32m'0.07'[39m ]
data rcv RT:[ [32m'0.00'[39m, [32m'4.38'[39m, [32m'3.40'[39m, [32m'0.01'[39m ]
data rcv RT:[ [32m'0.00'[39m, [32m'4.34'[39m, [32m'3.45'[39m, [32m'0.00'[39m ]
data rcv RT:[ [32m'0.00'[39m, [32m'4.32'[39m, [32m'3.44'[39m, [32m'0.00'[39m ]
data rcv RT:[ [32m'0.00'[39m, [32m'4.32'[39m, [32m'3.42'[39m, [32m'0.00'[39m ]
data rcv RT:[ [32m'0.00'[39m, [32m'4.30'[39m, [32m'3.42'[39m, [32m'0.00'[39m ]
data rcv RT:[ [32m'0.00'[39m, [32m'4.26'[39m, [32m'3.37'[39m, [32m'0.00'[39m ]
data rcv RT:[ [32m'0.00'[39m, [32m'4.27'[39m, [32m'3.36'[39m, [32m'0.00'[39m ]
data rcv RT:[ [32m'0.00'[39m, [32m'4.31'[39m, [32m'3.38'[39m, [32m'0.01'[39m ]
data rcv RT:[ [32m'0.00'[39m, [32m'4.31'[39m, [32m'3.38'[39m, [32m'0.01'[39m ]
data rcv RT:[ [32m'0.00'[39m, [32m'4.33'[39m, [32m'3.35'[39m, [32m'0.05'[39m ]
data rcv RT:[ [32m'0.00'[39m, [32m'4.36'[39m, [32m'3.36'[39m, [32m'0.02'[39m ]
data rcv RT:[ [32m'0.00'[39m, [32m'4.36'[39m, [32m'3.42'[39m, [32m'0.01'[39m ]
data rcv RT:[ [32m'0.00'[39m, [32m'4.36'[39m, [32m'3.41'[39m, [32m'0.00'[39m ]
data rcv RT:[ [32m'0.00'[39m, [32m'4.33'[39m, [32m'3.43'[39m, [32m'0.00'[39m ]
data rcv RT:[ [32m'0.00'[39m, [32m'4.30'[39m, [32m'3.45'[39m, [32m'0.00'[39m ]
data rcv RT:[ [32m'0.00'[39m, [32m'4.27'[39m, [32m'3.42'[39m, [32m'0.00'[39m ]
data rcv RT:[ [32m'0.00'[39m, [32m'4.27'[39m, [32m'3.39'[39m, [32m'0.00'[39m ]
data rcv RT:[ [32m'0.00'[39m, [32m'4.27'[39m, [32m'3.38'[39m, [32m'0.00'[39m ]
data rcv RT:[ [32m'0.00'[39m, [32m'4.26'[39m, [32m'3.39'[39m, [32m'0.00'[39m ]
data rcv RT:[ [32m'0.00'[39m, [32m'4.30'[39m, [32m'3.38'[39m, [32m'0.01'[39m ]
data rcv RT:[ [32m'0.00'[39m, [32m'4.34'[39m, [32m'3.37'[39m, [32m'0.01'[39m ]
data rcv RT:[ [32m'0.00'[39m, [32m'4.34'[39m, [32m'3.38'[39m, [32m'0.03'[39m ]
data rcv RT:[ [32m'0.00'[39m, [32m'4.35'[39m, [32m'3.38'[39m, [32m'0.02'[39m ]
data rcv RT:[ [32m'0.00'[39m, [32m'4.35'[39m, [32m'3.43'[39m, [32m'0.00'[39m ]
data rcv RT:[ [32m'0.00'[39m, [32m'4.34'[39m, [32m'3.42'[39m, [32m'0.00'[39m ]
data rcv RT:[ [32m'0.00'[39m, [32m'4.31'[39m, [32m'3.43'[39m, [32m'0.00'[39m ]
data rcv RT:[ [32m'0.00'[39m, [32m'4.30'[39m, [32m'3.44'[39m, [32m'0.00'[39m ]
data rcv RT:[ [32m'0.00'[39m, [32m'4.25'[39m, [32m'3.43'[39m, [32m'0.00'[39m ]
data rcv RT:[ [32m'0.00'[39m, [32m'4.33'[39m, [32m'3.38'[39m, [32m'0.00'[39m ]
data rcv RT:[ [32m'0.00'[39m, [32m'4.34'[39m, [32m'3.37'[39m, [32m'0.01'[39m ]
data rcv RT:[ [32m'0.00'[39m, [32m'4.35'[39m, [32m'3.39'[39m, [32m'0.05'[39m ]
data rcv RT:[ [32m'0.00'[39m, [32m'4.36'[39m, [32m'3.38'[39m, [32m'0.01'[39m ]
data rcv RT:[ [32m'0.00'[39m, [32m'4.38'[39m, [32m'3.40'[39m, [32m'0.00'[39m ]
data rcv RT:[ [32m'0.00'[39m, [32m'4.31'[39m, [32m'3.44'[39m, [32m'0.00'[39m ]
data rcv RT:[ [32m'0.00'[39m, [32m'4.30'[39m, [32m'3.44'[39m, [32m'0.00'[39m ]
data rcv RT:[ [32m'0.00'[39m, [32m'4.33'[39m, [32m'3.43'[39m, [32m'0.00'[39m ]
data rcv RT:[ [32m'0.00'[39m, [32m'4.27'[39m, [32m'3.40'[39m, [32m'0.00'[39m ]
data rcv RT:[ [32m'0.00'[39m, [32m'4.28'[39m, [32m'3.39'[39m, [32m'0.00'[39m ]
data rcv RT:[ [32m'0.00'[39m, [32m'4.26'[39m, [32m'3.37'[39m, [32m'0.00'[39m ]
data rcv RT:[ [32m'0.00'[39m, [32m'4.28'[39m, [32m'3.37'[39m, [32m'0.00'[39m ]
data rcv RT:[ [32m'0.00'[39m, [32m'4.32'[39m, [32m'3.38'[39m, [32m'0.00'[39m ]
data rcv RT:[ [32m'0.00'[39m, [32m'4.32'[39m, [32m'3.39'[39m, [32m'0.05'[39m ]
data rcv RT:[ [32m'0.00'[39m, [32m'4.36'[39m, [32m'3.38'[39m, [32m'0.00'[39m ]
data rcv RT:[ [32m'0.00'[39m, [32m'4.40'[39m, [32m'3.39'[39m, [32m'0.00'[39m ]
data rcv RT:[ [32m'0.00'[39m, [32m'4.37'[39m, [32m'3.42'[39m, [32m'0.00'[39m ]
data rcv RT:[ [32m'0.00'[39m, [32m'4.32'[39m, [32m'3.42'[39m, [32m'0.00'[39m ]
data rcv RT:[ [32m'0.00'[39m, [32m'4.30'[39m, [32m'3.40'[39m, [32m'0.00'[39m ]
data rcv RT:[ [32m'0.00'[39m, [32m'4.32'[39m, [32m'3.43'[39m, [32m'0.00'[39m ]
data rcv RT:[ [32m'0.00'[39m, [32m'4.28'[39m, [32m'3.41'[39m, [32m'0.00'[39m ]
data rcv RT:[ [32m'0.00'[39m, [32m'4.23'[39m, [32m'3.42'[39m, [32m'0.00'[39m ]
data rcv RT:[ [32m'0.00'[39m, [32m'4.28'[39m, [32m'3.42'[39m, [32m'0.00'[39m ]
data rcv RT:[ [32m'0.00'[39m, [32m'4.26'[39m, [32m'3.37'[39m, [32m'0.00'[39m ]
data rcv RT:[ [32m'0.00'[39m, [32m'4.33'[39m, [32m'3.37'[39m, [32m'0.01'[39m ]
data rcv RT:[ [32m'0.00'[39m, [32m'4.32'[39m, [32m'3.38'[39m, [32m'0.01'[39m ]
data rcv RT:[ [32m'0.00'[39m, [32m'4.31'[39m, [32m'3.40'[39m, [32m'0.01'[39m ]
data rcv RT:[ [32m'0.00'[39m, [32m'4.33'[39m, [32m'3.36'[39m, [32m'0.03'[39m ]
data rcv RT:[ [32m'0.00'[39m, [32m'4.34'[39m, [32m'3.41'[39m, [32m'0.00'[39m ]
data rcv RT:[ [32m'0.00'[39m, [32m'4.33'[39m, [32m'3.43'[39m, [32m'0.00'[39m ]
data rcv RT:[ [32m'0.00'[39m, [32m'4.35'[39m, [32m'3.43'[39m, [32m'0.00'[39m ]
data rcv RT:[ [32m'0.00'[39m, [32m'4.30'[39m, [32m'3.44'[39m, [32m'0.00'[39m ]
data rcv RT:[ [32m'0.00'[39m, [32m'4.30'[39m, [32m'3.42'[39m, [32m'0.00'[39m ]
data rcv RT:[ [32m'0.00'[39m, [32m'4.29'[39m, [32m'3.43'[39m, [32m'0.00'[39m ]
data rcv RT:[ [32m'0.00'[39m, [32m'4.27'[39m, [32m'3.38'[39m, [32m'0.00'[39m ]
data rcv RT:[ [32m'0.00'[39m, [32m'4.28'[39m, [32m'3.41'[39m, [32m'0.00'[39m ]
data rcv RT:[ [32m'0.00'[39m, [32m'4.24'[39m, [32m'3.37'[39m, [32m'0.00'[39m ]
data rcv RT:[ [32m'0.00'[39m, [32m'4.30'[39m, [32m'3.40'[39m, [32m'0.00'[39m ]
data rcv RT:[ [32m'0.00'[39m, [32m'4.34'[39m, [32m'3.38'[39m, [32m'0.01'[39m ]
data rcv RT:[ [32m'0.00'[39m, [32m'4.35'[39m, [32m'3.39'[39m, [32m'0.02'[39m ]
data rcv RT:[ [32m'0.00'[39m, [32m'4.34'[39m, [32m'3.34'[39m, [32m'0.07'[39m ]
data rcv RT:[ [32m'0.00'[39m, [32m'4.36'[39m, [32m'3.43'[39m, [32m'0.00'[39m ]
data rcv RT:[ [32m'0.00'[39m, [32m'4.39'[39m, [32m'3.40'[39m, [32m'0.01'[39m ]
data rcv RT:[ [32m'0.00'[39m, [32m'4.34'[39m, [32m'3.44'[39m, [32m'0.00'[39m ]
data rcv RT:[ [32m'0.00'[39m, [32m'4.34'[39m, [32m'3.42'[39m, [32m'0.00'[39m ]
data rcv RT:[ [32m'0.00'[39m, [32m'4.31'[39m, [32m'3.43'[39m, [32m'0.00'[39m ]
data rcv RT:[ [32m'0.00'[39m, [32m'4.32'[39m, [32m'3.44'[39m, [32m'0.00'[39m ]
data rcv RT:[ [32m'0.00'[39m, [32m'4.30'[39m, [32m'3.43'[39m, [32m'0.00'[39m ]
data rcv RT:[ [32m'0.00'[39m, [32m'4.26'[39m, [32m'3.39'[39m, [32m'0.00'[39m ]
data rcv RT:[ [32m'0.00'[39m, [32m'4.27'[39m, [32m'3.39'[39m, [32m'0.00'[39m ]
data rcv RT:[ [32m'0.00'[39m, [32m'4.26'[39m, [32m'3.40'[39m, [32m'0.00'[39m ]
data rcv RT:[ [32m'0.00'[39m, [32m'4.30'[39m, [32m'3.38'[39m, [32m'0.00'[39m ]
data rcv RT:[ [32m'0.00'[39m, [32m'4.34'[39m, [32m'3.39'[39m, [32m'0.02'[39m ]
data rcv RT:[ [32m'0.00'[39m, [32m'4.34'[39m, [32m'3.36'[39m, [32m'0.04'[39m ]
data rcv RT:[ [32m'0.00'[39m, [32m'4.34'[39m, [32m'3.39'[39m, [32m'0.01'[39m ]
data rcv RT:[ [32m'0.00'[39m, [32m'4.37'[39m, [32m'3.38'[39m, [32m'0.06'[39m ]
data rcv RT:[ [32m'0.00'[39m, [32m'4.34'[39m, [32m'3.40'[39m, [32m'0.00'[39m ]
data rcv RT:[ [32m'0.00'[39m, [32m'4.39'[39m, [32m'3.44'[39m, [32m'0.00'[39m ]
data rcv RT:[ [32m'0.00'[39m, [32m'4.32'[39m, [32m'3.41'[39m, [32m'0.00'[39m ]
data rcv RT:[ [32m'0.00'[39m, [32m'4.35'[39m, [32m'3.42'[39m, [32m'0.00'[39m ]
data rcv RT:[ [32m'0.00'[39m, [32m'4.35'[39m, [32m'3.40'[39m, [32m'0.00'[39m ]
data rcv RT:[ [32m'0.00'[39m, [32m'4.32'[39m, [32m'3.43'[39m, [32m'0.00'[39m ]
data rcv RT:[ [32m'0.00'[39m, [32m'4.31'[39m, [32m'3.47'[39m, [32m'0.00'[39m ]
data rcv RT:[ [32m'0.00'[39m, [32m'4.30'[39m, [32m'3.42'[39m, [32m'0.00'[39m ]
data rcv RT:[ [32m'0.00'[39m, [32m'4.26'[39m, [32m'3.41'[39m, [32m'0.00'[39m ]
data rcv RT:[ [32m'0.00'[39m, [32m'4.30'[39m, [32m'3.44'[39m, [32m'0.00'[39m ]
data rcv RT:[ [32m'0.00'[39m, [32m'4.28'[39m, [32m'3.40'[39m, [32m'0.00'[39m ]
data rcv RT:[ [32m'0.00'[39m, [32m'4.26'[39m, [32m'3.40'[39m, [32m'0.00'[39m ]
data rcv RT:[ [32m'0.00'[39m, [32m'4.30'[39m, [32m'3.39'[39m, [32m'0.00'[39m ]
data rcv RT:[ [32m'0.00'[39m, [32m'4.31'[39m, [32m'3.38'[39m, [32m'0.00'[39m ]
data rcv RT:[ [32m'0.00'[39m, [32m'4.33'[39m, [32m'3.37'[39m, [32m'0.02'[39m ]
data rcv RT:[ [32m'0.00'[39m, [32m'4.39'[39m, [32m'3.40'[39m, [32m'0.02'[39m ]
data rcv RT:[ [32m'0.00'[39m, [32m'4.37'[39m, [32m'3.42'[39m, [32m'0.00'[39m ]
data rcv RT:[ [32m'0.00'[39m, [32m'4.36'[39m, [32m'3.40'[39m, [32m'0.00'[39m ]
data rcv RT:[ [32m'0.00'[39m, [32m'4.36'[39m, [32m'3.41'[39m, [32m'0.00'[39m ]
data rcv RT:[ [32m'0.00'[39m, [32m'4.31'[39m, [32m'3.43'[39m, [32m'0.00'[39m ]
data rcv RT:[ [32m'0.00'[39m, [32m'4.29'[39m, [32m'3.44'[39m, [32m'0.00'[39m ]
data rcv RT:[ [32m'0.00'[39m, [32m'4.30'[39m, [32m'3.41'[39m, [32m'0.00'[39m ]
data rcv RT:[ [32m'0.00'[39m, [32m'4.29'[39m, [32m'3.41'[39m, [32m'0.00'[39m ]
data rcv RT:[ [32m'0.00'[39m, [32m'4.28'[39m, [32m'3.39'[39m, [32m'0.00'[39m ]
data rcv RT:[ [32m'0.00'[39m, [32m'4.27'[39m, [32m'3.41'[39m, [32m'0.00'[39m ]
data rcv RT:[ [32m'0.00'[39m, [32m'4.29'[39m, [32m'3.40'[39m, [32m'0.00'[39m ]
data rcv RT:[ [32m'0.00'[39m, [32m'4.32'[39m, [32m'3.39'[39m, [32m'0.00'[39m ]
data rcv RT:[ [32m'0.00'[39m, [32m'4.31'[39m, [32m'3.39'[39m, [32m'0.00'[39m ]
data rcv RT:[ [32m'0.00'[39m, [32m'4.35'[39m, [32m'3.37'[39m, [32m'0.02'[39m ]
data rcv RT:[ [32m'0.00'[39m, [32m'4.37'[39m, [32m'3.36'[39m, [32m'0.04'[39m ]
data rcv RT:[ [32m'0.00'[39m, [32m'4.37'[39m, [32m'3.41'[39m, [32m'0.01'[39m ]
data rcv RT:[ [32m'0.00'[39m, [32m'4.36'[39m, [32m'3.39'[39m, [32m'0.03'[39m ]
data rcv RT:[ [32m'0.00'[39m, [32m'4.33'[39m, [32m'3.42'[39m, [32m'0.00'[39m ]
data rcv RT:[ [32m'0.00'[39m, [32m'4.34'[39m, [32m'3.43'[39m, [32m'0.00'[39m ]
data rcv RT:[ [32m'0.00'[39m, [32m'4.32'[39m, [32m'3.43'[39m, [32m'0.00'[39m ]
data rcv RT:[ [32m'0.00'[39m, [32m'4.31'[39m, [32m'3.42'[39m, [32m'0.00'[39m ]
data rcv RT:[ [32m'0.00'[39m, [32m'4.29'[39m, [32m'3.44'[39m, [32m'0.00'[39m ]
data rcv RT:[ [32m'0.00'[39m, [32m'4.27'[39m, [32m'3.41'[39m, [32m'0.00'[39m ]
data rcv RT:[ [32m'0.00'[39m, [32m'4.27'[39m, [32m'3.43'[39m, [32m'0.00'[39m ]
data rcv RT:[ [32m'0.00'[39m, [32m'4.28'[39m, [32m'3.38'[39m, [32m'0.00'[39m ]
data rcv RT:[ [32m'0.00'[39m, [32m'4.27'[39m, [32m'3.40'[39m, [32m'0.00'[39m ]
data rcv RT:[ [32m'0.00'[39m, [32m'4.29'[39m, [32m'3.37'[39m, [32m'0.00'[39m ]
data rcv RT:[ [32m'0.00'[39m, [32m'4.33'[39m, [32m'3.37'[39m, [32m'0.01'[39m ]
data rcv RT:[ [32m'0.00'[39m, [32m'4.31'[39m, [32m'3.38'[39m, [32m'0.00'[39m ]
data rcv RT:[ [32m'0.00'[39m, [32m'4.32'[39m, [32m'3.39'[39m, [32m'0.02'[39m ]
data rcv RT:[ [32m'0.00'[39m, [32m'4.34'[39m, [32m'3.38'[39m, [32m'0.03'[39m ]
data rcv RT:[ [32m'0.00'[39m, [32m'4.33'[39m, [32m'3.41'[39m, [32m'0.00'[39m ]
data rcv RT:[ [32m'0.00'[39m, [32m'4.37'[39m, [32m'3.42'[39m, [32m'0.02'[39m ]
data rcv RT:[ [32m'0.00'[39m, [32m'4.36'[39m, [32m'3.39'[39m, [32m'0.01'[39m ]
data rcv RT:[ [32m'0.00'[39m, [32m'4.38'[39m, [32m'3.39'[39m, [32m'0.02'[39m ]
data rcv RT:[ [32m'0.00'[39m, [32m'4.34'[39m, [32m'3.45'[39m, [32m'0.00'[39m ]
data rcv RT:[ [32m'0.00'[39m, [32m'4.33'[39m, [32m'3.43'[39m, [32m'0.00'[39m ]
data rcv RT:[ [32m'0.00'[39m, [32m'4.32'[39m, [32m'3.42'[39m, [32m'0.00'[39m ]
data rcv RT:[ [32m'0.00'[39m, [32m'4.27'[39m, [32m'3.39'[39m, [32m'0.00'[39m ]
data rcv RT:[ [32m'0.00'[39m, [32m'4.24'[39m, [32m'3.42'[39m, [32m'0.00'[39m ]
data rcv RT:[ [32m'0.00'[39m, [32m'4.27'[39m, [32m'3.36'[39m, [32m'0.00'[39m ]
data rcv RT:[ [32m'0.00'[39m, [32m'4.28'[39m, [32m'3.38'[39m, [32m'0.00'[39m ]
data rcv RT:[ [32m'0.00'[39m, [32m'4.30'[39m, [32m'3.38'[39m, [32m'0.00'[39m ]
data rcv RT:[ [32m'0.00'[39m, [32m'4.30'[39m, [32m'3.40'[39m, [32m'0.00'[39m ]
data rcv RT:[ [32m'0.00'[39m, [32m'4.35'[39m, [32m'3.41'[39m, [32m'0.00'[39m ]
data rcv RT:[ [32m'0.00'[39m, [32m'4.32'[39m, [32m'3.36'[39m, [32m'0.05'[39m ]
data rcv RT:[ [32m'0.00'[39m, [32m'4.37'[39m, [32m'3.40'[39m, [32m'0.01'[39m ]
data rcv RT:[ [32m'0.00'[39m, [32m'4.35'[39m, [32m'3.42'[39m, [32m'0.00'[39m ]
data rcv RT:[ [32m'0.00'[39m, [32m'4.37'[39m, [32m'3.43'[39m, [32m'0.00'[39m ]
data rcv RT:[ [32m'0.00'[39m, [32m'4.28'[39m, [32m'3.46'[39m, [32m'0.00'[39m ]
data rcv RT:[ [32m'0.00'[39m, [32m'4.27'[39m, [32m'3.44'[39m, [32m'0.00'[39m ]
data rcv RT:[ [32m'0.00'[39m, [32m'4.28'[39m, [32m'3.41'[39m, [32m'0.00'[39m ]
data rcv RT:[ [32m'0.00'[39m, [32m'4.29'[39m, [32m'3.39'[39m, [32m'0.00'[39m ]
data rcv RT:[ [32m'0.00'[39m, [32m'4.29'[39m, [32m'3.39'[39m, [32m'0.00'[39m ]
data rcv RT:[ [32m'0.00'[39m, [32m'4.32'[39m, [32m'3.39'[39m, [32m'0.01'[39m ]
data rcv RT:[ [32m'0.00'[39m, [32m'4.33'[39m, [32m'3.36'[39m, [32m'0.01'[39m ]
data rcv RT:[ [32m'0.00'[39m, [32m'4.35'[39m, [32m'3.38'[39m, [32m'0.04'[39m ]
data rcv RT:[ [32m'0.00'[39m, [32m'4.36'[39m, [32m'3.39'[39m, [32m'0.02'[39m ]
data rcv RT:[ [32m'0.00'[39m, [32m'4.38'[39m, [32m'3.37'[39m, [32m'0.03'[39m ]
data rcv RT:[ [32m'0.00'[39m, [32m'4.34'[39m, [32m'3.41'[39m, [32m'0.00'[39m ]
data rcv RT:[ [32m'0.00'[39m, [32m'4.35'[39m, [32m'3.41'[39m, [32m'0.00'[39m ]
data rcv RT:[ [32m'0.00'[39m, [32m'4.30'[39m, [32m'3.45'[39m, [32m'0.00'[39m ]
data rcv RT:[ [32m'0.00'[39m, [32m'4.31'[39m, [32m'3.42'[39m, [32m'0.00'[39m ]
data rcv RT:[ [32m'0.00'[39m, [32m'4.32'[39m, [32m'3.44'[39m, [32m'0.00'[39m ]
data rcv RT:[ [32m'0.00'[39m, [32m'4.30'[39m, [32m'3.43'[39m, [32m'0.00'[39m ]
data rcv RT:[ [32m'0.00'[39m, [32m'4.26'[39m, [32m'3.38'[39m, [32m'0.00'[39m ]
data rcv RT:[ [32m'0.00'[39m, [32m'4.27'[39m, [32m'3.39'[39m, [32m'0.00'[39m ]
data rcv RT:[ [32m'0.00'[39m, [32m'4.29'[39m, [32m'3.40'[39m, [32m'0.00'[39m ]
data rcv RT:[ [32m'0.00'[39m, [32m'4.33'[39m, [32m'3.39'[39m, [32m'0.01'[39m ]
data rcv RT:[ [32m'0.00'[39m, [32m'4.35'[39m, [32m'3.40'[39m, [32m'0.01'[39m ]
data rcv RT:[ [32m'0.00'[39m, [32m'4.38'[39m, [32m'3.41'[39m, [32m'0.03'[39m ]
data rcv RT:[ [32m'0.00'[39m, [32m'4.38'[39m, [32m'3.42'[39m, [32m'0.00'[39m ]
data rcv RT:[ [32m'0.00'[39m, [32m'4.35'[39m, [32m'3.43'[39m, [32m'0.00'[39m ]
data rcv RT:[ [32m'0.00'[39m, [32m'4.35'[39m, [32m'3.41'[39m, [32m'0.00'[39m ]
data rcv RT:[ [32m'0.00'[39m, [32m'4.30'[39m, [32m'3.44'[39m, [32m'0.00'[39m ]
data rcv RT:[ [32m'0.00'[39m, [32m'4.29'[39m, [32m'3.41'[39m, [32m'0.00'[39m ]
data rcv RT:[ [32m'0.00'[39m, [32m'4.28'[39m, [32m'3.40'[39m, [32m'0.00'[39m ]
data rcv RT:[ [32m'0.00'[39m, [32m'4.27'[39m, [32m'3.44'[39m, [32m'0.00'[39m ]
data rcv RT:[ [32m'0.00'[39m, [32m'4.27'[39m, [32m'3.39'[39m, [32m'0.00'[39m ]
data rcv RT:[ [32m'0.00'[39m, [32m'4.28'[39m, [32m'3.38'[39m, [32m'0.00'[39m ]
data rcv RT:[ [32m'0.00'[39m, [32m'4.26'[39m, [32m'3.39'[39m, [32m'0.00'[39m ]
data rcv RT:[ [32m'0.00'[39m, [32m'4.26'[39m, [32m'3.38'[39m, [32m'0.00'[39m ]
data rcv RT:[ [32m'0.00'[39m, [32m'4.33'[39m, [32m'3.40'[39m, [32m'0.01'[39m ]
data rcv RT:[ [32m'0.00'[39m, [32m'4.34'[39m, [32m'3.39'[39m, [32m'0.02'[39m ]
data rcv RT:[ [32m'0.00'[39m, [32m'4.37'[39m, [32m'3.40'[39m, [32m'0.05'[39m ]
data rcv RT:[ [32m'0.00'[39m, [32m'4.38'[39m, [32m'3.38'[39m, [32m'0.04'[39m ]
data rcv RT:[ [32m'0.00'[39m, [32m'4.36'[39m, [32m'3.41'[39m, [32m'0.00'[39m ]
data rcv RT:[ [32m'0.00'[39m, [32m'4.33'[39m, [32m'3.40'[39m, [32m'0.00'[39m ]
data rcv RT:[ [32m'0.00'[39m, [32m'4.37'[39m, [32m'3.42'[39m, [32m'0.00'[39m ]
data rcv RT:[ [32m'0.00'[39m, [32m'4.30'[39m, [32m'3.43'[39m, [32m'0.00'[39m ]
data rcv RT:[ [32m'0.00'[39m, [32m'4.28'[39m, [32m'3.42'[39m, [32m'0.00'[39m ]
data rcv RT:[ [32m'0.00'[39m, [32m'4.28'[39m, [32m'3.43'[39m, [32m'0.00'[39m ]
data rcv RT:[ [32m'0.00'[39m, [32m'4.25'[39m, [32m'3.40'[39m, [32m'0.00'[39m ]
data rcv RT:[ [32m'0.00'[39m, [32m'4.26'[39m, [32m'3.37'[39m, [32m'0.00'[39m ]
data rcv RT:[ [32m'0.00'[39m, [32m'4.28'[39m, [32m'3.40'[39m, [32m'0.00'[39m ]
data rcv RT:[ [32m'0.00'[39m, [32m'4.27'[39m, [32m'3.40'[39m, [32m'0.00'[39m ]
data rcv RT:[ [32m'0.00'[39m, [32m'4.32'[39m, [32m'3.38'[39m, [32m'0.01'[39m ]
data rcv RT:[ [32m'0.00'[39m, [32m'4.32'[39m, [32m'3.40'[39m, [32m'0.00'[39m ]
data rcv RT:[ [32m'0.00'[39m, [32m'4.32'[39m, [32m'3.37'[39m, [32m'0.00'[39m ]
data rcv RT:[ [32m'0.00'[39m, [32m'4.32'[39m, [32m'3.37'[39m, [32m'0.01'[39m ]
data rcv RT:[ [32m'0.00'[39m, [32m'4.38'[39m, [32m'3.41'[39m, [32m'0.00'[39m ]
data rcv RT:[ [32m'0.00'[39m, [32m'4.35'[39m, [32m'3.34'[39m, [32m'0.06'[39m ]
data rcv RT:[ [32m'0.00'[39m, [32m'4.37'[39m, [32m'3.40'[39m, [32m'0.02'[39m ]
data rcv RT:[ [32m'0.00'[39m, [32m'4.39'[39m, [32m'3.39'[39m, [32m'0.03'[39m ]
data rcv RT:[ [32m'0.00'[39m, [32m'4.36'[39m, [32m'3.43'[39m, [32m'0.00'[39m ]
data rcv RT:[ [32m'0.00'[39m, [32m'4.38'[39m, [32m'3.42'[39m, [32m'0.00'[39m ]
data rcv RT:[ [32m'0.00'[39m, [32m'4.36'[39m, [32m'3.41'[39m, [32m'0.00'[39m ]
data rcv RT:[ [32m'0.00'[39m, [32m'4.36'[39m, [32m'3.43'[39m, [32m'0.00'[39m ]
data rcv RT:[ [32m'0.00'[39m, [32m'4.31'[39m, [32m'3.42'[39m, [32m'0.00'[39m ]
data rcv RT:[ [32m'0.00'[39m, [32m'4.29'[39m, [32m'3.44'[39m, [32m'0.00'[39m ]
data rcv RT:[ [32m'0.00'[39m, [32m'4.29'[39m, [32m'3.46'[39m, [32m'0.00'[39m ]
data rcv RT:[ [32m'0.00'[39m, [32m'4.28'[39m, [32m'3.46'[39m, [32m'0.00'[39m ]
data rcv RT:[ [32m'0.00'[39m, [32m'4.28'[39m, [32m'3.42'[39m, [32m'0.00'[39m ]
data rcv RT:[ [32m'0.00'[39m, [32m'4.31'[39m, [32m'3.39'[39m, [32m'0.00'[39m ]
data rcv RT:[ [32m'0.00'[39m, [32m'4.30'[39m, [32m'3.38'[39m, [32m'0.00'[39m ]
data rcv RT:[ [32m'0.00'[39m, [32m'4.33'[39m, [32m'3.36'[39m, [32m'0.00'[39m ]
data rcv RT:[ [32m'0.00'[39m, [32m'4.34'[39m, [32m'3.37'[39m, [32m'0.02'[39m ]
data rcv RT:[ [32m'0.00'[39m, [32m'4.33'[39m, [32m'3.39'[39m, [32m'0.03'[39m ]
data rcv RT:[ [32m'0.00'[39m, [32m'4.36'[39m, [32m'3.40'[39m, [32m'0.01'[39m ]
data rcv RT:[ [32m'0.00'[39m, [32m'4.37'[39m, [32m'3.37'[39m, [32m'0.06'[39m ]
data rcv RT:[ [32m'0.00'[39m, [32m'4.37'[39m, [32m'3.40'[39m, [32m'0.00'[39m ]
data rcv RT:[ [32m'0.00'[39m, [32m'4.34'[39m, [32m'3.44'[39m, [32m'0.00'[39m ]
data rcv RT:[ [32m'0.00'[39m, [32m'4.31'[39m, [32m'3.43'[39m, [32m'0.00'[39m ]
data rcv RT:[ [32m'0.00'[39m, [32m'4.34'[39m, [32m'3.40'[39m, [32m'0.00'[39m ]
data rcv RT:[ [32m'0.00'[39m, [32m'4.32'[39m, [32m'3.43'[39m, [32m'0.00'[39m ]
data rcv RT:[ [32m'0.00'[39m, [32m'4.34'[39m, [32m'3.43'[39m, [32m'0.00'[39m ]
data rcv RT:[ [32m'0.00'[39m, [32m'4.32'[39m, [32m'3.41'[39m, [32m'0.00'[39m ]
data rcv RT:[ [32m'0.00'[39m, [32m'4.30'[39m, [32m'3.42'[39m, [32m'0.00'[39m ]
data rcv RT:[ [32m'0.00'[39m, [32m'4.29'[39m, [32m'3.44'[39m, [32m'0.00'[39m ]
data rcv RT:[ [32m'0.00'[39m, [32m'4.28'[39m, [32m'3.44'[39m, [32m'0.00'[39m ]
data rcv RT:[ [32m'0.00'[39m, [32m'4.28'[39m, [32m'3.46'[39m, [32m'0.00'[39m ]
data rcv RT:[ [32m'0.00'[39m, [32m'4.27'[39m, [32m'3.43'[39m, [32m'0.00'[39m ]
data rcv RT:[ [32m'0.00'[39m, [32m'4.28'[39m, [32m'3.44'[39m, [32m'0.00'[39m ]
data rcv RT:[ [32m'0.00'[39m, [32m'4.29'[39m, [32m'3.38'[39m, [32m'0.00'[39m ]
data rcv RT:[ [32m'0.00'[39m, [32m'4.27'[39m, [32m'3.39'[39m, [32m'0.00'[39m ]
data rcv RT:[ [32m'0.00'[39m, [32m'4.32'[39m, [32m'3.36'[39m, [32m'0.00'[39m ]
data rcv RT:[ [32m'0.00'[39m, [32m'4.32'[39m, [32m'3.40'[39m, [32m'0.00'[39m ]
data rcv RT:[ [32m'0.00'[39m, [32m'4.33'[39m, [32m'3.37'[39m, [32m'0.02'[39m ]
data rcv RT:[ [32m'0.00'[39m, [32m'4.31'[39m, [32m'3.38'[39m, [32m'0.00'[39m ]
data rcv RT:[ [32m'0.00'[39m, [32m'4.33'[39m, [32m'3.36'[39m, [32m'0.01'[39m ]
data rcv RT:[ [32m'0.00'[39m, [32m'4.31'[39m, [32m'3.34'[39m, [32m'0.04'[39m ]
data rcv RT:[ [32m'0.00'[39m, [32m'4.38'[39m, [32m'3.40'[39m, [32m'0.00'[39m ]
data rcv RT:[ [32m'0.00'[39m, [32m'4.37'[39m, [32m'3.37'[39m, [32m'0.03'[39m ]
data rcv RT:[ [32m'0.00'[39m, [32m'4.37'[39m, [32m'3.41'[39m, [32m'0.00'[39m ]
data rcv RT:[ [32m'0.00'[39m, [32m'4.35'[39m, [32m'3.43'[39m, [32m'0.00'[39m ]
data rcv RT:[ [32m'0.00'[39m, [32m'4.35'[39m, [32m'3.41'[39m, [32m'0.00'[39m ]
data rcv RT:[ [32m'0.00'[39m, [32m'4.32'[39m, [32m'3.44'[39m, [32m'0.00'[39m ]
data rcv RT:[ [32m'0.00'[39m, [32m'4.31'[39m, [32m'3.44'[39m, [32m'0.00'[39m ]
data rcv RT:[ [32m'0.00'[39m, [32m'4.32'[39m, [32m'3.42'[39m, [32m'0.00'[39m ]
data rcv RT:[ [32m'0.00'[39m, [32m'4.29'[39m, [32m'3.41'[39m, [32m'0.00'[39m ]
data rcv RT:[ [32m'0.00'[39m, [32m'4.27'[39m, [32m'3.44'[39m, [32m'0.00'[39m ]
data rcv RT:[ [32m'0.00'[39m, [32m'4.32'[39m, [32m'3.47'[39m, [32m'0.00'[39m ]
data rcv RT:[ [32m'0.00'[39m, [32m'4.27'[39m, [32m'3.42'[39m, [32m'0.00'[39m ]
data rcv RT:[ [32m'0.00'[39m, [32m'4.26'[39m, [32m'3.38'[39m, [32m'0.00'[39m ]
data rcv RT:[ [32m'0.00'[39m, [32m'4.29'[39m, [32m'3.37'[39m, [32m'0.00'[39m ]
data rcv RT:[ [32m'0.00'[39m, [32m'4.29'[39m, [32m'3.36'[39m, [32m'0.00'[39m ]
data rcv RT:[ [32m'0.00'[39m, [32m'4.29'[39m, [32m'3.39'[39m, [32m'0.01'[39m ]
data rcv RT:[ [32m'0.00'[39m, [32m'4.28'[39m, [32m'3.38'[39m, [32m'0.00'[39m ]
data rcv RT:[ [32m'0.00'[39m, [32m'4.29'[39m, [32m'3.39'[39m, [32m'0.01'[39m ]
data rcv RT:[ [32m'0.00'[39m, [32m'4.34'[39m, [32m'3.37'[39m, [32m'0.05'[39m ]
data rcv RT:[ [32m'0.00'[39m, [32m'4.33'[39m, [32m'3.36'[39m, [32m'0.04'[39m ]
data rcv RT:[ [32m'0.00'[39m, [32m'4.35'[39m, [32m'3.35'[39m, [32m'0.02'[39m ]
data rcv RT:[ [32m'0.00'[39m, [32m'4.35'[39m, [32m'3.43'[39m, [32m'0.00'[39m ]
data rcv RT:[ [32m'0.00'[39m, [32m'4.36'[39m, [32m'3.43'[39m, [32m'0.00'[39m ]
data rcv RT:[ [32m'0.00'[39m, [32m'4.37'[39m, [32m'3.42'[39m, [32m'0.00'[39m ]
data rcv RT:[ [32m'0.00'[39m, [32m'4.37'[39m, [32m'3.43'[39m, [32m'0.00'[39m ]
data rcv RT:[ [32m'0.00'[39m, [32m'4.33'[39m, [32m'3.44'[39m, [32m'0.00'[39m ]
data rcv RT:[ [32m'0.00'[39m, [32m'4.31'[39m, [32m'3.43'[39m, [32m'0.00'[39m ]
data rcv RT:[ [32m'0.00'[39m, [32m'4.33'[39m, [32m'3.43'[39m, [32m'0.00'[39m ]
data rcv RT:[ [32m'0.00'[39m, [32m'4.31'[39m, [32m'3.43'[39m, [32m'0.00'[39m ]
data rcv RT:[ [32m'0.00'[39m, [32m'4.32'[39m, [32m'3.46'[39m, [32m'0.00'[39m ]
data rcv RT:[ [32m'0.00'[39m, [32m'4.26'[39m, [32m'3.39'[39m, [32m'0.00'[39m ]
data rcv RT:[ [32m'0.00'[39m, [32m'4.28'[39m, [32m'3.36'[39m, [32m'0.00'[39m ]
data rcv RT:[ [32m'0.00'[39m, [32m'4.30'[39m, [32m'3.37'[39m, [32m'0.00'[39m ]
data rcv RT:[ [32m'0.00'[39m, [32m'4.27'[39m, [32m'3.41'[39m, [32m'0.00'[39m ]
data rcv RT:[ [32m'0.00'[39m, [32m'4.31'[39m, [32m'3.39'[39m, [32m'0.01'[39m ]
data rcv RT:[ [32m'0.00'[39m, [32m'4.33'[39m, [32m'3.39'[39m, [32m'0.00'[39m ]
data rcv RT:[ [32m'0.00'[39m, [32m'4.34'[39m, [32m'3.38'[39m, [32m'0.01'[39m ]
data rcv RT:[ [32m'0.00'[39m, [32m'4.37'[39m, [32m'3.40'[39m, [32m'0.04'[39m ]
data rcv RT:[ [32m'0.00'[39m, [32m'4.38'[39m, [32m'3.40'[39m, [32m'0.00'[39m ]
data rcv RT:[ [32m'0.00'[39m, [32m'4.38'[39m, [32m'3.40'[39m, [32m'0.00'[39m ]
data rcv RT:[ [32m'0.00'[39m, [32m'4.37'[39m, [32m'3.43'[39m, [32m'0.00'[39m ]
data rcv RT:[ [32m'0.00'[39m, [32m'4.36'[39m, [32m'3.42'[39m, [32m'0.00'[39m ]
data rcv RT:[ [32m'0.00'[39m, [32m'4.33'[39m, [32m'3.43'[39m, [32m'0.00'[39m ]
data rcv RT:[ [32m'0.00'[39m, [32m'4.32'[39m, [32m'3.41'[39m, [32m'0.00'[39m ]
data rcv RT:[ [32m'0.00'[39m, [32m'4.34'[39m, [32m'3.43'[39m, [32m'0.00'[39m ]
data rcv RT:[ [32m'0.00'[39m, [32m'4.31'[39m, [32m'3.42'[39m, [32m'0.00'[39m ]
data rcv RT:[ [32m'0.00'[39m, [32m'4.25'[39m, [32m'3.41'[39m, [32m'0.00'[39m ]
data rcv RT:[ [32m'0.00'[39m, [32m'4.25'[39m, [32m'3.39'[39m, [32m'0.00'[39m ]
data rcv RT:[ [32m'0.00'[39m, [32m'4.27'[39m, [32m'3.37'[39m, [32m'0.00'[39m ]
data rcv RT:[ [32m'0.00'[39m, [32m'4.26'[39m, [32m'3.37'[39m, [32m'0.00'[39m ]
data rcv RT:[ [32m'0.00'[39m, [32m'4.30'[39m, [32m'3.37'[39m, [32m'0.00'[39m ]
data rcv RT:[ [32m'0.00'[39m, [32m'4.28'[39m, [32m'3.37'[39m, [32m'0.00'[39m ]
data rcv RT:[ [32m'0.00'[39m, [32m'4.32'[39m, [32m'3.38'[39m, [32m'0.01'[39m ]
data rcv RT:[ [32m'0.00'[39m, [32m'4.34'[39m, [32m'3.39'[39m, [32m'0.01'[39m ]
data rcv RT:[ [32m'0.00'[39m, [32m'4.38'[39m, [32m'3.37'[39m, [32m'0.05'[39m ]
data rcv RT:[ [32m'0.00'[39m, [32m'4.39'[39m, [32m'3.40'[39m, [32m'0.00'[39m ]
data rcv RT:[ [32m'0.00'[39m, [32m'4.38'[39m, [32m'3.40'[39m, [32m'0.00'[39m ]
data rcv RT:[ [32m'0.00'[39m, [32m'4.35'[39m, [32m'3.45'[39m, [32m'0.00'[39m ]
data rcv RT:[ [32m'0.00'[39m, [32m'4.31'[39m, [32m'3.44'[39m, [32m'0.00'[39m ]
data rcv RT:[ [32m'0.00'[39m, [32m'4.34'[39m, [32m'3.42'[39m, [32m'0.00'[39m ]
data rcv RT:[ [32m'0.00'[39m, [32m'4.30'[39m, [32m'3.45'[39m, [32m'0.00'[39m ]
data rcv RT:[ [32m'0.00'[39m, [32m'4.30'[39m, [32m'3.42'[39m, [32m'0.00'[39m ]
data rcv RT:[ [32m'0.00'[39m, [32m'4.24'[39m, [32m'3.43'[39m, [32m'0.00'[39m ]
data rcv RT:[ [32m'0.00'[39m, [32m'4.26'[39m, [32m'3.35'[39m, [32m'0.00'[39m ]
data rcv RT:[ [32m'0.00'[39m, [32m'4.27'[39m, [32m'3.38'[39m, [32m'0.00'[39m ]
data rcv RT:[ [32m'0.00'[39m, [32m'4.26'[39m, [32m'3.40'[39m, [32m'0.00'[39m ]
data rcv RT:[ [32m'0.00'[39m, [32m'4.32'[39m, [32m'3.38'[39m, [32m'0.02'[39m ]
data rcv RT:[ [32m'0.00'[39m, [32m'4.32'[39m, [32m'3.39'[39m, [32m'0.01'[39m ]
data rcv RT:[ [32m'0.00'[39m, [32m'4.34'[39m, [32m'3.39'[39m, [32m'0.01'[39m ]
data rcv RT:[ [32m'0.00'[39m, [32m'4.35'[39m, [32m'3.42'[39m, [32m'0.00'[39m ]
data rcv RT:[ [32m'0.00'[39m, [32m'4.36'[39m, [32m'3.42'[39m, [32m'0.00'[39m ]
data rcv RT:[ [32m'0.00'[39m, [32m'4.34'[39m, [32m'3.41'[39m, [32m'0.00'[39m ]
data rcv RT:[ [32m'0.00'[39m, [32m'4.31'[39m, [32m'3.44'[39m, [32m'0.00'[39m ]
data rcv RT:[ [32m'0.00'[39m, [32m'4.29'[39m, [32m'3.44'[39m, [32m'0.00'[39m ]
data rcv RT:[ [32m'0.00'[39m, [32m'4.30'[39m, [32m'3.42'[39m, [32m'0.00'[39m ]
data rcv RT:[ [32m'0.00'[39m, [32m'4.27'[39m, [32m'3.42'[39m, [32m'0.00'[39m ]
data rcv RT:[ [32m'0.00'[39m, [32m'4.28'[39m, [32m'3.39'[39m, [32m'0.00'[39m ]
data rcv RT:[ [32m'0.00'[39m, [32m'4.27'[39m, [32m'3.37'[39m, [32m'0.00'[39m ]
data rcv RT:[ [32m'0.00'[39m, [32m'4.29'[39m, [32m'3.40'[39m, [32m'0.00'[39m ]
data rcv RT:[ [32m'0.00'[39m, [32m'4.34'[39m, [32m'3.36'[39m, [32m'0.02'[39m ]
data rcv RT:[ [32m'0.00'[39m, [32m'4.34'[39m, [32m'3.36'[39m, [32m'0.00'[39m ]
data rcv RT:[ [32m'0.00'[39m, [32m'4.38'[39m, [32m'3.41'[39m, [32m'0.00'[39m ]
data rcv RT:[ [32m'0.00'[39m, [32m'4.37'[39m, [32m'3.41'[39m, [32m'0.00'[39m ]
data rcv RT:[ [32m'0.00'[39m, [32m'4.34'[39m, [32m'3.43'[39m, [32m'0.00'[39m ]
data rcv RT:[ [32m'0.00'[39m, [32m'4.35'[39m, [32m'3.43'[39m, [32m'0.00'[39m ]
data rcv RT:[ [32m'0.00'[39m, [32m'4.29'[39m, [32m'3.43'[39m, [32m'0.00'[39m ]
data rcv RT:[ [32m'0.00'[39m, [32m'4.34'[39m, [32m'3.44'[39m, [32m'0.00'[39m ]
data rcv RT:[ [32m'0.00'[39m, [32m'4.30'[39m, [32m'3.47'[39m, [32m'0.00'[39m ]
data rcv RT:[ [32m'0.00'[39m, [32m'4.27'[39m, [32m'3.42'[39m, [32m'0.00'[39m ]
data rcv RT:[ [32m'0.00'[39m, [32m'4.27'[39m, [32m'3.39'[39m, [32m'0.00'[39m ]
data rcv RT:[ [32m'0.00'[39m, [32m'4.27'[39m, [32m'3.39'[39m, [32m'0.00'[39m ]
data rcv RT:[ [32m'0.00'[39m, [32m'4.30'[39m, [32m'3.37'[39m, [32m'0.01'[39m ]
data rcv RT:[ [32m'0.00'[39m, [32m'4.31'[39m, [32m'3.36'[39m, [32m'0.00'[39m ]
data rcv RT:[ [32m'0.00'[39m, [32m'4.36'[39m, [32m'3.39'[39m, [32m'0.00'[39m ]
data rcv RT:[ [32m'0.00'[39m, [32m'4.35'[39m, [32m'3.36'[39m, [32m'0.03'[39m ]
data rcv RT:[ [32m'0.00'[39m, [32m'4.36'[39m, [32m'3.40'[39m, [32m'0.04'[39m ]
data rcv RT:[ [32m'0.00'[39m, [32m'4.36'[39m, [32m'3.41'[39m, [32m'0.00'[39m ]
data rcv RT:[ [32m'0.00'[39m, [32m'4.34'[39m, [32m'3.42'[39m, [32m'0.00'[39m ]
data rcv RT:[ [32m'0.00'[39m, [32m'4.30'[39m, [32m'3.42'[39m, [32m'0.00'[39m ]
data rcv RT:[ [32m'0.00'[39m, [32m'4.32'[39m, [32m'3.46'[39m, [32m'0.00'[39m ]
data rcv RT:[ [32m'0.00'[39m, [32m'4.29'[39m, [32m'3.43'[39m, [32m'0.00'[39m ]
data rcv RT:[ [32m'0.00'[39m, [32m'4.26'[39m, [32m'3.38'[39m, [32m'0.00'[39m ]
data rcv RT:[ [32m'0.00'[39m, [32m'4.29'[39m, [32m'3.36'[39m, [32m'0.00'[39m ]
data rcv RT:[ [32m'0.00'[39m, [32m'4.29'[39m, [32m'3.37'[39m, [32m'0.01'[39m ]
data rcv RT:[ [32m'0.00'[39m, [32m'4.31'[39m, [32m'3.38'[39m, [32m'0.00'[39m ]
data rcv RT:[ [32m'0.00'[39m, [32m'4.33'[39m, [32m'3.38'[39m, [32m'0.01'[39m ]
data rcv RT:[ [32m'0.00'[39m, [32m'4.33'[39m, [32m'3.37'[39m, [32m'0.03'[39m ]
data rcv RT:[ [32m'0.00'[39m, [32m'4.33'[39m, [32m'3.39'[39m, [32m'0.01'[39m ]
data rcv RT:[ [32m'0.00'[39m, [32m'4.38'[39m, [32m'3.38'[39m, [32m'0.00'[39m ]
data rcv RT:[ [32m'0.00'[39m, [32m'4.35'[39m, [32m'3.43'[39m, [32m'0.00'[39m ]
data rcv RT:[ [32m'0.00'[39m, [32m'4.37'[39m, [32m'3.43'[39m, [32m'0.00'[39m ]
data rcv RT:[ [32m'0.00'[39m, [32m'4.34'[39m, [32m'3.40'[39m, [32m'0.00'[39m ]
data rcv RT:[ [32m'0.00'[39m, [32m'4.29'[39m, [32m'3.42'[39m, [32m'0.00'[39m ]
data rcv RT:[ [32m'0.00'[39m, [32m'4.26'[39m, [32m'3.39'[39m, [32m'0.00'[39m ]
data rcv RT:[ [32m'0.00'[39m, [32m'4.27'[39m, [32m'3.41'[39m, [32m'0.00'[39m ]
data rcv RT:[ [32m'0.00'[39m, [32m'4.23'[39m, [32m'3.41'[39m, [32m'0.00'[39m ]
data rcv RT:[ [32m'0.00'[39m, [32m'4.29'[39m, [32m'3.37'[39m, [32m'0.00'[39m ]
data rcv RT:[ [32m'0.00'[39m, [32m'4.32'[39m, [32m'3.38'[39m, [32m'0.02'[39m ]
data rcv RT:[ [32m'0.00'[39m, [32m'4.33'[39m, [32m'3.38'[39m, [32m'0.00'[39m ]
data rcv RT:[ [32m'0.00'[39m, [32m'4.33'[39m, [32m'3.35'[39m, [32m'0.07'[39m ]
data rcv RT:[ [32m'0.00'[39m, [32m'4.37'[39m, [32m'3.42'[39m, [32m'0.01'[39m ]
data rcv RT:[ [32m'0.00'[39m, [32m'4.36'[39m, [32m'3.37'[39m, [32m'0.01'[39m ]
data rcv RT:[ [32m'0.00'[39m, [32m'4.37'[39m, [32m'3.40'[39m, [32m'0.00'[39m ]
data rcv RT:[ [32m'0.00'[39m, [32m'4.33'[39m, [32m'3.41'[39m, [32m'0.00'[39m ]
data rcv RT:[ [32m'0.00'[39m, [32m'4.33'[39m, [32m'3.41'[39m, [32m'0.00'[39m ]
data rcv RT:[ [32m'0.00'[39m, [32m'4.30'[39m, [32m'3.43'[39m, [32m'0.00'[39m ]
data rcv RT:[ [32m'0.00'[39m, [32m'4.26'[39m, [32m'3.41'[39m, [32m'0.00'[39m ]
data rcv RT:[ [32m'0.00'[39m, [32m'4.27'[39m, [32m'3.40'[39m, [32m'0.00'[39m ]
data rcv RT:[ [32m'0.00'[39m, [32m'4.26'[39m, [32m'3.41'[39m, [32m'0.00'[39m ]
data rcv RT:[ [32m'0.00'[39m, [32m'4.34'[39m, [32m'3.37'[39m, [32m'0.00'[39m ]
data rcv RT:[ [32m'0.00'[39m, [32m'4.30'[39m, [32m'3.39'[39m, [32m'0.01'[39m ]
data rcv RT:[ [32m'0.00'[39m, [32m'4.34'[39m, [32m'3.37'[39m, [32m'0.05'[39m ]
data rcv RT:[ [32m'0.00'[39m, [32m'4.35'[39m, [32m'3.40'[39m, [32m'0.02'[39m ]
data rcv RT:[ [32m'0.00'[39m, [32m'4.36'[39m, [32m'3.42'[39m, [32m'0.00'[39m ]
data rcv RT:[ [32m'0.00'[39m, [32m'4.34'[39m, [32m'3.43'[39m, [32m'0.00'[39m ]
data rcv RT:[ [32m'0.00'[39m, [32m'4.31'[39m, [32m'3.40'[39m, [32m'0.00'[39m ]
data rcv RT:[ [32m'0.00'[39m, [32m'4.27'[39m, [32m'3.40'[39m, [32m'0.00'[39m ]
data rcv RT:[ [32m'0.00'[39m, [32m'4.29'[39m, [32m'3.39'[39m, [32m'0.00'[39m ]
data rcv RT:[ [32m'0.00'[39m, [32m'4.30'[39m, [32m'3.40'[39m, [32m'0.00'[39m ]
data rcv RT:[ [32m'0.00'[39m, [32m'4.33'[39m, [32m'3.34'[39m, [32m'0.06'[39m ]
data rcv RT:[ [32m'0.00'[39m, [32m'4.36'[39m, [32m'3.39'[39m, [32m'0.03'[39m ]
data rcv RT:[ [32m'0.00'[39m, [32m'4.39'[39m, [32m'3.42'[39m, [32m'0.00'[39m ]
data rcv RT:[ [32m'0.00'[39m, [32m'4.36'[39m, [32m'3.40'[39m, [32m'0.01'[39m ]
data rcv RT:[ [32m'0.00'[39m, [32m'4.35'[39m, [32m'3.42'[39m, [32m'0.00'[39m ]
data rcv RT:[ [32m'0.00'[39m, [32m'4.32'[39m, [32m'3.43'[39m, [32m'0.00'[39m ]
data rcv RT:[ [32m'0.00'[39m, [32m'4.30'[39m, [32m'3.42'[39m, [32m'0.00'[39m ]
data rcv RT:[ [32m'0.00'[39m, [32m'4.27'[39m, [32m'3.42'[39m, [32m'0.00'[39m ]
data rcv RT:[ [32m'0.00'[39m, [32m'4.26'[39m, [32m'3.44'[39m, [32m'0.00'[39m ]
data rcv RT:[ [32m'0.00'[39m, [32m'4.26'[39m, [32m'3.40'[39m, [32m'0.00'[39m ]
data rcv RT:[ [32m'0.00'[39m, [32m'4.26'[39m, [32m'3.36'[39m, [32m'0.00'[39m ]
data rcv RT:[ [32m'0.00'[39m, [32m'4.30'[39m, [32m'3.38'[39m, [32m'0.00'[39m ]
data rcv RT:[ [32m'0.00'[39m, [32m'4.30'[39m, [32m'3.38'[39m, [32m'0.00'[39m ]
data rcv RT:[ [32m'0.00'[39m, [32m'4.31'[39m, [32m'3.39'[39m, [32m'0.01'[39m ]
data rcv RT:[ [32m'0.00'[39m, [32m'4.34'[39m, [32m'3.37'[39m, [32m'0.01'[39m ]
data rcv RT:[ [32m'0.00'[39m, [32m'4.35'[39m, [32m'3.36'[39m, [32m'0.03'[39m ]
data rcv RT:[ [32m'0.00'[39m, [32m'4.34'[39m, [32m'3.40'[39m, [32m'0.02'[39m ]
data rcv RT:[ [32m'0.00'[39m, [32m'4.35'[39m, [32m'3.46'[39m, [32m'0.00'[39m ]
data rcv RT:[ [32m'0.00'[39m, [32m'4.32'[39m, [32m'3.44'[39m, [32m'0.00'[39m ]
data rcv RT:[ [32m'0.00'[39m, [32m'4.31'[39m, [32m'3.42'[39m, [32m'0.00'[39m ]
data rcv RT:[ [32m'0.00'[39m, [32m'4.30'[39m, [32m'3.41'[39m, [32m'0.00'[39m ]
data rcv RT:[ [32m'0.00'[39m, [32m'4.31'[39m, [32m'3.43'[39m, [32m'0.00'[39m ]
data rcv RT:[ [32m'0.00'[39m, [32m'4.31'[39m, [32m'3.46'[39m, [32m'0.00'[39m ]
data rcv RT:[ [32m'0.00'[39m, [32m'4.25'[39m, [32m'3.41'[39m, [32m'0.00'[39m ]
data rcv RT:[ [32m'0.00'[39m, [32m'4.27'[39m, [32m'3.38'[39m, [32m'0.00'[39m ]
data rcv RT:[ [32m'0.00'[39m, [32m'4.31'[39m, [32m'3.36'[39m, [32m'0.00'[39m ]
data rcv RT:[ [32m'0.00'[39m, [32m'4.35'[39m, [32m'3.42'[39m, [32m'0.00'[39m ]
data rcv RT:[ [32m'0.00'[39m, [32m'4.33'[39m, [32m'3.44'[39m, [32m'0.00'[39m ]
data rcv RT:[ [32m'0.00'[39m, [32m'4.32'[39m, [32m'3.45'[39m, [32m'0.00'[39m ]
data rcv RT:[ [32m'0.00'[39m, [32m'4.30'[39m, [32m'3.47'[39m, [32m'0.00'[39m ]
data rcv RT:[ [32m'0.00'[39m, [32m'4.25'[39m, [32m'3.41'[39m, [32m'0.00'[39m ]
data rcv RT:[ [32m'0.00'[39m, [32m'4.28'[39m, [32m'3.39'[39m, [32m'0.00'[39m ]
data rcv RT:[ [32m'0.00'[39m, [32m'4.26'[39m, [32m'3.39'[39m, [32m'0.00'[39m ]
data rcv RT:[ [32m'0.00'[39m, [32m'4.29'[39m, [32m'3.38'[39m, [32m'0.00'[39m ]
data rcv RT:[ [32m'0.00'[39m, [32m'4.33'[39m, [32m'3.36'[39m, [32m'0.00'[39m ]
data rcv RT:[ [32m'0.00'[39m, [32m'4.34'[39m, [32m'3.33'[39m, [32m'0.07'[39m ]
data rcv RT:[ [32m'0.00'[39m, [32m'4.33'[39m, [32m'3.39'[39m, [32m'0.01'[39m ]
data rcv RT:[ [32m'0.00'[39m, [32m'4.38'[39m, [32m'3.41'[39m, [32m'0.00'[39m ]
data rcv RT:[ [32m'0.00'[39m, [32m'4.36'[39m, [32m'3.41'[39m, [32m'0.00'[39m ]
data rcv RT:[ [32m'0.00'[39m, [32m'4.37'[39m, [32m'3.43'[39m, [32m'0.00'[39m ]
data rcv RT:[ [32m'0.00'[39m, [32m'4.33'[39m, [32m'3.42'[39m, [32m'0.00'[39m ]
data rcv RT:[ [32m'0.00'[39m, [32m'4.31'[39m, [32m'3.43'[39m, [32m'0.00'[39m ]
data rcv RT:[ [32m'0.00'[39m, [32m'4.27'[39m, [32m'3.39'[39m, [32m'0.00'[39m ]
data rcv RT:[ [32m'0.00'[39m, [32m'4.28'[39m, [32m'3.41'[39m, [32m'0.00'[39m ]
data rcv RT:[ [32m'0.00'[39m, [32m'4.26'[39m, [32m'3.43'[39m, [32m'0.00'[39m ]
data rcv RT:[ [32m'0.00'[39m, [32m'4.27'[39m, [32m'3.39'[39m, [32m'0.00'[39m ]
data rcv RT:[ [32m'0.00'[39m, [32m'4.30'[39m, [32m'3.38'[39m, [32m'0.00'[39m ]
data rcv RT:[ [32m'0.00'[39m, [32m'4.33'[39m, [32m'3.38'[39m, [32m'0.01'[39m ]
data rcv RT:[ [32m'0.00'[39m, [32m'4.36'[39m, [32m'3.41'[39m, [32m'0.02'[39m ]
data rcv RT:[ [32m'0.00'[39m, [32m'4.39'[39m, [32m'3.40'[39m, [32m'0.01'[39m ]
data rcv RT:[ [32m'0.00'[39m, [32m'4.33'[39m, [32m'3.44'[39m, [32m'0.00'[39m ]
data rcv RT:[ [32m'0.00'[39m, [32m'4.32'[39m, [32m'3.41'[39m, [32m'0.00'[39m ]
data rcv RT:[ [32m'0.00'[39m, [32m'4.27'[39m, [32m'3.40'[39m, [32m'0.00'[39m ]
data rcv RT:[ [32m'0.00'[39m, [32m'4.28'[39m, [32m'3.45'[39m, [32m'0.00'[39m ]
data rcv RT:[ [32m'0.00'[39m, [32m'4.26'[39m, [32m'3.38'[39m, [32m'0.00'[39m ]
data rcv RT:[ [32m'0.00'[39m, [32m'4.28'[39m, [32m'3.40'[39m, [32m'0.00'[39m ]
data rcv RT:[ [32m'0.00'[39m, [32m'4.32'[39m, [32m'3.38'[39m, [32m'0.01'[39m ]
data rcv RT:[ [32m'0.00'[39m, [32m'4.35'[39m, [32m'3.38'[39m, [32m'0.02'[39m ]
data rcv RT:[ [32m'0.00'[39m, [32m'4.36'[39m, [32m'3.38'[39m, [32m'0.01'[39m ]
data rcv RT:[ [32m'0.00'[39m, [32m'4.37'[39m, [32m'3.40'[39m, [32m'0.02'[39m ]
data rcv RT:[ [32m'0.00'[39m, [32m'4.37'[39m, [32m'3.41'[39m, [32m'0.02'[39m ]
data rcv RT:[ [32m'0.00'[39m, [32m'4.35'[39m, [32m'3.42'[39m, [32m'0.00'[39m ]
data rcv RT:[ [32m'0.00'[39m, [32m'4.34'[39m, [32m'3.44'[39m, [32m'0.00'[39m ]
data rcv RT:[ [32m'0.00'[39m, [32m'4.33'[39m, [32m'3.41'[39m, [32m'0.00'[39m ]
data rcv RT:[ [32m'0.00'[39m, [32m'4.32'[39m, [32m'3.44'[39m, [32m'0.00'[39m ]
data rcv RT:[ [32m'0.00'[39m, [32m'4.29'[39m, [32m'3.43'[39m, [32m'0.00'[39m ]
data rcv RT:[ [32m'0.00'[39m, [32m'4.25'[39m, [32m'3.38'[39m, [32m'0.00'[39m ]
data rcv RT:[ [32m'0.00'[39m, [32m'4.26'[39m, [32m'3.40'[39m, [32m'0.00'[39m ]
data rcv RT:[ [32m'0.00'[39m, [32m'4.27'[39m, [32m'3.41'[39m, [32m'0.00'[39m ]
data rcv RT:[ [32m'0.00'[39m, [32m'4.28'[39m, [32m'3.38'[39m, [32m'0.00'[39m ]
data rcv RT:[ [32m'0.00'[39m, [32m'4.29'[39m, [32m'3.39'[39m, [32m'0.00'[39m ]
data rcv RT:[ [32m'0.00'[39m, [32m'4.33'[39m, [32m'3.38'[39m, [32m'0.00'[39m ]
data rcv RT:[ [32m'0.00'[39m, [32m'4.34'[39m, [32m'3.37'[39m, [32m'0.00'[39m ]
data rcv RT:[ [32m'0.00'[39m, [32m'4.36'[39m, [32m'3.39'[39m, [32m'0.01'[39m ]
data rcv RT:[ [32m'0.00'[39m, [32m'4.35'[39m, [32m'3.38'[39m, [32m'0.04'[39m ]
data rcv RT:[ [32m'0.00'[39m, [32m'4.39'[39m, [32m'3.40'[39m, [32m'0.03'[39m ]
data rcv RT:[ [32m'0.00'[39m, [32m'4.32'[39m, [32m'3.44'[39m, [32m'0.00'[39m ]
data rcv RT:[ [32m'0.00'[39m, [32m'4.33'[39m, [32m'3.43'[39m, [32m'0.00'[39m ]
data rcv RT:[ [32m'0.00'[39m, [32m'4.31'[39m, [32m'3.42'[39m, [32m'0.00'[39m ]
data rcv RT:[ [32m'0.00'[39m, [32m'4.31'[39m, [32m'3.41'[39m, [32m'0.00'[39m ]
data rcv RT:[ [32m'0.00'[39m, [32m'4.32'[39m, [32m'3.45'[39m, [32m'0.00'[39m ]
data rcv RT:[ [32m'0.00'[39m, [32m'4.27'[39m, [32m'3.45'[39m, [32m'0.00'[39m ]
data rcv RT:[ [32m'0.00'[39m, [32m'4.24'[39m, [32m'3.40'[39m, [32m'0.00'[39m ]
data rcv RT:[ [32m'0.00'[39m, [32m'4.26'[39m, [32m'3.38'[39m, [32m'0.00'[39m ]
data rcv RT:[ [32m'0.00'[39m, [32m'4.29'[39m, [32m'3.37'[39m, [32m'0.00'[39m ]
data rcv RT:[ [32m'0.00'[39m, [32m'4.29'[39m, [32m'3.39'[39m, [32m'0.00'[39m ]
data rcv RT:[ [32m'0.00'[39m, [32m'4.34'[39m, [32m'3.37'[39m, [32m'0.02'[39m ]
data rcv RT:[ [32m'0.00'[39m, [32m'4.35'[39m, [32m'3.37'[39m, [32m'0.04'[39m ]
data rcv RT:[ [32m'0.00'[39m, [32m'4.37'[39m, [32m'3.35'[39m, [32m'0.05'[39m ]
data rcv RT:[ [32m'0.00'[39m, [32m'4.35'[39m, [32m'3.43'[39m, [32m'0.00'[39m ]
data rcv RT:[ [32m'0.00'[39m, [32m'4.32'[39m, [32m'3.42'[39m, [32m'0.00'[39m ]
data rcv RT:[ [32m'0.00'[39m, [32m'4.29'[39m, [32m'3.44'[39m, [32m'0.00'[39m ]
data rcv RT:[ [32m'0.00'[39m, [32m'4.28'[39m, [32m'3.47'[39m, [32m'0.00'[39m ]
data rcv RT:[ [32m'0.00'[39m, [32m'4.27'[39m, [32m'3.39'[39m, [32m'0.00'[39m ]
data rcv RT:[ [32m'0.00'[39m, [32m'4.27'[39m, [32m'3.35'[39m, [32m'0.00'[39m ]
data rcv RT:[ [32m'0.00'[39m, [32m'4.32'[39m, [32m'3.37'[39m, [32m'0.01'[39m ]
data rcv RT:[ [32m'0.00'[39m, [32m'4.35'[39m, [32m'3.38'[39m, [32m'0.05'[39m ]
data rcv RT:[ [32m'0.00'[39m, [32m'4.34'[39m, [32m'3.39'[39m, [32m'0.03'[39m ]
data rcv RT:[ [32m'0.00'[39m, [32m'4.38'[39m, [32m'3.39'[39m, [32m'0.00'[39m ]
data rcv RT:[ [32m'0.00'[39m, [32m'4.36'[39m, [32m'3.43'[39m, [32m'0.00'[39m ]
data rcv RT:[ [32m'0.00'[39m, [32m'4.32'[39m, [32m'3.43'[39m, [32m'0.00'[39m ]
data rcv RT:[ [32m'0.00'[39m, [32m'4.33'[39m, [32m'3.41'[39m, [32m'0.00'[39m ]
data rcv RT:[ [32m'0.00'[39m, [32m'4.30'[39m, [32m'3.45'[39m, [32m'0.00'[39m ]
data rcv RT:[ [32m'0.00'[39m, [32m'4.24'[39m, [32m'3.40'[39m, [32m'0.00'[39m ]
data rcv RT:[ [32m'0.00'[39m, [32m'4.28'[39m, [32m'3.37'[39m, [32m'0.00'[39m ]
data rcv RT:[ [32m'0.00'[39m, [32m'4.28'[39m, [32m'3.39'[39m, [32m'0.00'[39m ]
data rcv RT:[ [32m'0.00'[39m, [32m'4.32'[39m, [32m'3.37'[39m, [32m'0.00'[39m ]
data rcv RT:[ [32m'0.00'[39m, [32m'4.33'[39m, [32m'3.33'[39m, [32m'0.08'[39m ]
data rcv RT:[ [32m'0.00'[39m, [32m'4.35'[39m, [32m'3.39'[39m, [32m'0.01'[39m ]
data rcv RT:[ [32m'0.00'[39m, [32m'4.35'[39m, [32m'3.40'[39m, [32m'0.02'[39m ]
data rcv RT:[ [32m'0.00'[39m, [32m'4.37'[39m, [32m'3.40'[39m, [32m'0.00'[39m ]
data rcv RT:[ [32m'0.00'[39m, [32m'4.34'[39m, [32m'3.44'[39m, [32m'0.00'[39m ]
data rcv RT:[ [32m'0.00'[39m, [32m'4.32'[39m, [32m'3.43'[39m, [32m'0.00'[39m ]
data rcv RT:[ [32m'0.00'[39m, [32m'4.29'[39m, [32m'3.46'[39m, [32m'0.00'[39m ]
data rcv RT:[ [32m'0.00'[39m, [32m'4.27'[39m, [32m'3.44'[39m, [32m'0.00'[39m ]
data rcv RT:[ [32m'0.00'[39m, [32m'4.28'[39m, [32m'3.39'[39m, [32m'0.00'[39m ]
data rcv RT:[ [32m'0.00'[39m, [32m'4.30'[39m, [32m'3.37'[39m, [32m'0.01'[39m ]
client Front End connected
Socket {
  nsp: 
   Namespace {
     name: [32m'/'[39m,
     server: 
      Server {
        nsps: [36m[Object][39m,
        _path: [32m'/socket.io'[39m,
        _serveClient: [33mtrue[39m,
        _adapter: [36m[Function: Adapter][39m,
        _origins: [32m'*:*'[39m,
        sockets: [36m[Circular][39m,
        eio: [36m[Object][39m,
        httpServer: [36m[Object][39m,
        engine: [36m[Object][39m },
     sockets: { [32m'/#gJxdcek2WCtCorgCAAAQ'[39m: [36m[Circular][39m },
     connected: { [32m'/#gJxdcek2WCtCorgCAAAQ'[39m: [36m[Circular][39m },
     fns: [],
     ids: [33m0[39m,
     adapter: 
      Adapter {
        nsp: [36m[Circular][39m,
        rooms: [36m[Object][39m,
        sids: [36m[Object][39m,
        encoder: Encoder {} },
     _events: { connection: [36m[Function][39m },
     _eventsCount: [33m1[39m },
  server: 
   Server {
     nsps: { [32m'/'[39m: [36m[Object][39m },
     _path: [32m'/socket.io'[39m,
     _serveClient: [33mtrue[39m,
     _adapter: [36m[Function: Adapter][39m,
     _origins: [32m'*:*'[39m,
     sockets: 
      Namespace {
        name: [32m'/'[39m,
        server: [36m[Circular][39m,
        sockets: [36m[Object][39m,
        connected: [36m[Object][39m,
        fns: [],
        ids: [33m0[39m,
        adapter: [36m[Object][39m,
        _events: [36m[Object][39m,
        _eventsCount: [33m1[39m },
     eio: 
      Server {
        clients: [36m[Object][39m,
        clientsCount: [33m1[39m,
        pingTimeout: [33m60000[39m,
        pingInterval: [33m25000[39m,
        upgradeTimeout: [33m10000[39m,
        maxHttpBufferSize: [33m100000000[39m,
        transports: [36m[Object][39m,
        allowUpgrades: [33mtrue[39m,
        allowRequest: [36m[Function: bound ][39m,
        cookie: [32m'io'[39m,
        cookiePath: [33mfalse[39m,
        perMessageDeflate: [36m[Object][39m,
        httpCompression: [36m[Object][39m,
        ws: [36m[Object][39m,
        _events: [36m[Object][39m,
        _eventsCount: [33m1[39m },
     httpServer: 
      Server {
        domain: [1mnull[22m,
        _events: [36m[Object][39m,
        _eventsCount: [33m4[39m,
        _maxListeners: [90mundefined[39m,
        _connections: [33m4[39m,
        _handle: [36m[Object][39m,
        _usingSlaves: [33mfalse[39m,
        _slaves: [],
        _unref: [33mfalse[39m,
        allowHalfOpen: [33mtrue[39m,
        pauseOnConnect: [33mfalse[39m,
        httpAllowHalfOpen: [33mfalse[39m,
        timeout: [33m120000[39m,
        _pendingResponseData: [33m0[39m,
        _connectionKey: [32m'6::::3000'[39m },
     engine: 
      Server {
        clients: [36m[Object][39m,
        clientsCount: [33m1[39m,
        pingTimeout: [33m60000[39m,
        pingInterval: [33m25000[39m,
        upgradeTimeout: [33m10000[39m,
        maxHttpBufferSize: [33m100000000[39m,
        transports: [36m[Object][39m,
        allowUpgrades: [33mtrue[39m,
        allowRequest: [36m[Function: bound ][39m,
        cookie: [32m'io'[39m,
        cookiePath: [33mfalse[39m,
        perMessageDeflate: [36m[Object][39m,
        httpCompression: [36m[Object][39m,
        ws: [36m[Object][39m,
        _events: [36m[Object][39m,
        _eventsCount: [33m1[39m } },
  adapter: 
   Adapter {
     nsp: 
      Namespace {
        name: [32m'/'[39m,
        server: [36m[Object][39m,
        sockets: [36m[Object][39m,
        connected: [36m[Object][39m,
        fns: [],
        ids: [33m0[39m,
        adapter: [36m[Circular][39m,
        _events: [36m[Object][39m,
        _eventsCount: [33m1[39m },
     rooms: { [32m'/#gJxdcek2WCtCorgCAAAQ'[39m: [36m[Object][39m },
     sids: { [32m'/#gJxdcek2WCtCorgCAAAQ'[39m: [36m[Object][39m },
     encoder: Encoder {} },
  id: [32m'/#gJxdcek2WCtCorgCAAAQ'[39m,
  client: 
   Client {
     server: 
      Server {
        nsps: [36m[Object][39m,
        _path: [32m'/socket.io'[39m,
        _serveClient: [33mtrue[39m,
        _adapter: [36m[Function: Adapter][39m,
        _origins: [32m'*:*'[39m,
        sockets: [36m[Object][39m,
        eio: [36m[Object][39m,
        httpServer: [36m[Object][39m,
        engine: [36m[Object][39m },
     conn: 
      Socket {
        id: [32m'gJxdcek2WCtCorgCAAAQ'[39m,
        server: [36m[Object][39m,
        upgrading: [33mfalse[39m,
        upgraded: [33mfalse[39m,
        readyState: [32m'open'[39m,
        writeBuffer: [36m[Object][39m,
        packetsFn: [36m[Object][39m,
        sentCallbackFn: [],
        cleanupFn: [36m[Object][39m,
        request: [36m[Object][39m,
        remoteAddress: [32m'::ffff:10.210.30.41'[39m,
        checkIntervalTimer: [1mnull[22m,
        upgradeTimeoutTimer: [1mnull[22m,
        pingTimeoutTimer: [36m[Object][39m,
        transport: [36m[Object][39m,
        _events: [36m[Object][39m,
        _eventsCount: [33m3[39m },
     encoder: Encoder {},
     decoder: Decoder { reconstructor: [1mnull[22m, _callbacks: [36m[Object][39m },
     id: [32m'gJxdcek2WCtCorgCAAAQ'[39m,
     request: 
      IncomingMessage {
        _readableState: [36m[Object][39m,
        readable: [33mtrue[39m,
        domain: [1mnull[22m,
        _events: {},
        _eventsCount: [33m0[39m,
        _maxListeners: [90mundefined[39m,
        socket: [36m[Object][39m,
        connection: [36m[Object][39m,
        httpVersionMajor: [33m1[39m,
        httpVersionMinor: [33m1[39m,
        httpVersion: [32m'1.1'[39m,
        complete: [33mtrue[39m,
        headers: [36m[Object][39m,
        rawHeaders: [36m[Object][39m,
        trailers: {},
        rawTrailers: [],
        upgrade: [33mfalse[39m,
        url: [32m'/socket.io/?EIO=3&transport=polling&t=LTlf9Fl'[39m,
        method: [32m'GET'[39m,
        statusCode: [1mnull[22m,
        statusMessage: [1mnull[22m,
        client: [36m[Object][39m,
        _consuming: [33mfalse[39m,
        _dumped: [33mtrue[39m,
        _query: [36m[Object][39m,
        res: [36m[Object][39m,
        cleanup: [36m[Function: cleanup][39m },
     onclose: [36m[Function: bound ][39m,
     ondata: [36m[Function: bound ][39m,
     onerror: [36m[Function: bound ][39m,
     ondecoded: [36m[Function: bound ][39m,
     sockets: { [32m'/#gJxdcek2WCtCorgCAAAQ'[39m: [36m[Circular][39m },
     nsps: { [32m'/'[39m: [36m[Circular][39m },
     connectBuffer: [] },
  conn: 
   Socket {
     id: [32m'gJxdcek2WCtCorgCAAAQ'[39m,
     server: 
      Server {
        clients: [36m[Object][39m,
        clientsCount: [33m1[39m,
        pingTimeout: [33m60000[39m,
        pingInterval: [33m25000[39m,
        upgradeTimeout: [33m10000[39m,
        maxHttpBufferSize: [33m100000000[39m,
        transports: [36m[Object][39m,
        allowUpgrades: [33mtrue[39m,
        allowRequest: [36m[Function: bound ][39m,
        cookie: [32m'io'[39m,
        cookiePath: [33mfalse[39m,
        perMessageDeflate: [36m[Object][39m,
        httpCompression: [36m[Object][39m,
        ws: [36m[Object][39m,
        _events: [36m[Object][39m,
        _eventsCount: [33m1[39m },
     upgrading: [33mfalse[39m,
     upgraded: [33mfalse[39m,
     readyState: [32m'open'[39m,
     writeBuffer: [ [36m[Object][39m ],
     packetsFn: [ [90mundefined[39m ],
     sentCallbackFn: [],
     cleanupFn: [ [36m[Function][39m, [36m[Function][39m ],
     request: 
      IncomingMessage {
        _readableState: [36m[Object][39m,
        readable: [33mtrue[39m,
        domain: [1mnull[22m,
        _events: {},
        _eventsCount: [33m0[39m,
        _maxListeners: [90mundefined[39m,
        socket: [36m[Object][39m,
        connection: [36m[Object][39m,
        httpVersionMajor: [33m1[39m,
        httpVersionMinor: [33m1[39m,
        httpVersion: [32m'1.1'[39m,
        complete: [33mtrue[39m,
        headers: [36m[Object][39m,
        rawHeaders: [36m[Object][39m,
        trailers: {},
        rawTrailers: [],
        upgrade: [33mfalse[39m,
        url: [32m'/socket.io/?EIO=3&transport=polling&t=LTlf9Fl'[39m,
        method: [32m'GET'[39m,
        statusCode: [1mnull[22m,
        statusMessage: [1mnull[22m,
        client: [36m[Object][39m,
        _consuming: [33mfalse[39m,
        _dumped: [33mtrue[39m,
        _query: [36m[Object][39m,
        res: [36m[Object][39m,
        cleanup: [36m[Function: cleanup][39m },
     remoteAddress: [32m'::ffff:10.210.30.41'[39m,
     checkIntervalTimer: [1mnull[22m,
     upgradeTimeoutTimer: [1mnull[22m,
     pingTimeoutTimer: 
      Timeout {
        _called: [33mfalse[39m,
        _idleTimeout: [33m85000[39m,
        _idlePrev: [36m[Object][39m,
        _idleNext: [36m[Object][39m,
        _idleStart: [33m9521619[39m,
        _onTimeout: [36m[Function][39m,
        _repeat: [1mnull[22m },
     transport: 
      XHR {
        readyState: [32m'open'[39m,
        discarded: [33mfalse[39m,
        closeTimeout: [33m30000[39m,
        maxHttpBufferSize: [33m100000000[39m,
        httpCompression: [36m[Object][39m,
        supportsBinary: [33mtrue[39m,
        _events: [36m[Object][39m,
        _eventsCount: [33m5[39m,
        sid: [32m'gJxdcek2WCtCorgCAAAQ'[39m,
        req: [1mnull[22m,
        res: [1mnull[22m,
        writable: [33mfalse[39m },
     _events: 
      { close: [36m[Object][39m,
        data: [36m[Function: bound ][39m,
        error: [36m[Function: bound ][39m },
     _eventsCount: [33m3[39m },
  rooms: {},
  acks: {},
  connected: [33mtrue[39m,
  disconnected: [33mfalse[39m,
  handshake: 
   { headers: 
      { host: [32m'10.210.30.148:3000'[39m,
        connection: [32m'keep-alive'[39m,
        [32m'user-agent'[39m: [32m'Mozilla/5.0 (Windows NT 5.1) AppleWebKit/537.36 (KHTML, like Gecko) Chrome/49.0.2623.112 Safari/537.36'[39m,
        origin: [32m'http://10.210.30.148'[39m,
        accept: [32m'*/*'[39m,
        referer: [32m'http://10.210.30.148/sku/'[39m,
        [32m'accept-encoding'[39m: [32m'gzip, deflate, sdch'[39m,
        [32m'accept-language'[39m: [32m'ru-RU,ru;q=0.8,en-US;q=0.6,en;q=0.4'[39m,
        cookie: [32m'io=8AUJDuskZ1inBpuQAAAP'[39m },
     time: [32m'Wed Sep 28 2016 11:13:53 GMT+0400 (SAMT)'[39m,
     address: [32m'::ffff:10.210.30.41'[39m,
     xdomain: [33mtrue[39m,
     secure: [33mfalse[39m,
     issued: [33m1475046833838[39m,
     url: [32m'/socket.io/?EIO=3&transport=polling&t=LTlf9Fl'[39m,
     query: { EIO: [32m'3'[39m, transport: [32m'polling'[39m, t: [32m'LTlf9Fl'[39m } } }
data rcv RT:[ [32m'0.00'[39m, [32m'4.31'[39m, [32m'3.37'[39m, [32m'0.01'[39m ]
data rcv RT:[ [32m'0.00'[39m, [32m'4.34'[39m, [32m'3.38'[39m, [32m'0.01'[39m ]
data rcv RT:[ [32m'0.00'[39m, [32m'4.33'[39m, [32m'3.39'[39m, [32m'0.02'[39m ]
data rcv RT:[ [32m'0.00'[39m, [32m'4.33'[39m, [32m'3.37'[39m, [32m'0.04'[39m ]
data rcv RT:[ [32m'0.00'[39m, [32m'4.36'[39m, [32m'3.41'[39m, [32m'0.00'[39m ]
data rcv RT:[ [32m'0.00'[39m, [32m'4.35'[39m, [32m'3.39'[39m, [32m'0.00'[39m ]
data rcv RT:[ [32m'0.00'[39m, [32m'4.32'[39m, [32m'3.41'[39m, [32m'0.00'[39m ]
data rcv RT:[ [32m'0.00'[39m, [32m'4.30'[39m, [32m'3.42'[39m, [32m'0.00'[39m ]
data rcv RT:[ [32m'0.00'[39m, [32m'4.31'[39m, [32m'3.44'[39m, [32m'0.00'[39m ]
data rcv RT:[ [32m'0.00'[39m, [32m'4.26'[39m, [32m'3.42'[39m, [32m'0.00'[39m ]
data rcv RT:[ [32m'0.00'[39m, [32m'4.27'[39m, [32m'3.38'[39m, [32m'0.00'[39m ]
data rcv RT:[ [32m'0.00'[39m, [32m'4.30'[39m, [32m'3.38'[39m, [32m'0.00'[39m ]
data rcv RT:[ [32m'0.00'[39m, [32m'4.32'[39m, [32m'3.39'[39m, [32m'0.00'[39m ]
data rcv RT:[ [32m'0.00'[39m, [32m'4.34'[39m, [32m'3.38'[39m, [32m'0.01'[39m ]
data rcv RT:[ [32m'0.00'[39m, [32m'4.36'[39m, [32m'3.39'[39m, [32m'0.02'[39m ]
data rcv RT:[ [32m'0.00'[39m, [32m'4.37'[39m, [32m'3.42'[39m, [32m'0.00'[39m ]
data rcv RT:[ [32m'0.00'[39m, [32m'4.33'[39m, [32m'3.41'[39m, [32m'0.00'[39m ]
data rcv RT:[ [32m'0.00'[39m, [32m'4.32'[39m, [32m'3.43'[39m, [32m'0.00'[39m ]
data rcv RT:[ [32m'0.00'[39m, [32m'4.29'[39m, [32m'3.44'[39m, [32m'0.00'[39m ]
data rcv RT:[ [32m'0.00'[39m, [32m'4.27'[39m, [32m'3.43'[39m, [32m'0.00'[39m ]
data rcv RT:[ [32m'0.00'[39m, [32m'4.28'[39m, [32m'3.42'[39m, [32m'0.00'[39m ]
data rcv RT:[ [32m'0.00'[39m, [32m'4.26'[39m, [32m'3.40'[39m, [32m'0.00'[39m ]
data rcv RT:[ [32m'0.00'[39m, [32m'4.27'[39m, [32m'3.38'[39m, [32m'0.00'[39m ]
data rcv RT:[ [32m'0.00'[39m, [32m'4.29'[39m, [32m'3.39'[39m, [32m'0.00'[39m ]
data rcv RT:[ [32m'0.00'[39m, [32m'4.30'[39m, [32m'3.37'[39m, [32m'0.00'[39m ]
data rcv RT:[ [32m'0.00'[39m, [32m'4.34'[39m, [32m'3.37'[39m, [32m'0.01'[39m ]
data rcv RT:[ [32m'0.00'[39m, [32m'4.32'[39m, [32m'3.38'[39m, [32m'0.02'[39m ]
data rcv RT:[ [32m'0.00'[39m, [32m'4.39'[39m, [32m'3.40'[39m, [32m'0.02'[39m ]
data rcv RT:[ [32m'0.00'[39m, [32m'4.38'[39m, [32m'3.40'[39m, [32m'0.02'[39m ]
data rcv RT:[ [32m'0.00'[39m, [32m'4.35'[39m, [32m'3.43'[39m, [32m'0.00'[39m ]
data rcv RT:[ [32m'0.00'[39m, [32m'4.34'[39m, [32m'3.43'[39m, [32m'0.00'[39m ]
data rcv RT:[ [32m'0.00'[39m, [32m'4.31'[39m, [32m'3.42'[39m, [32m'0.00'[39m ]
data rcv RT:[ [32m'0.00'[39m, [32m'4.29'[39m, [32m'3.38'[39m, [32m'0.00'[39m ]
data rcv RT:[ [32m'0.00'[39m, [32m'4.27'[39m, [32m'3.42'[39m, [32m'0.00'[39m ]
data rcv RT:[ [32m'0.00'[39m, [32m'4.29'[39m, [32m'3.46'[39m, [32m'0.00'[39m ]
data rcv RT:[ [32m'0.00'[39m, [32m'4.29'[39m, [32m'3.38'[39m, [32m'0.00'[39m ]
client Front End connected
Socket {
  nsp: 
   Namespace {
     name: [32m'/'[39m,
     server: 
      Server {
        nsps: [36m[Object][39m,
        _path: [32m'/socket.io'[39m,
        _serveClient: [33mtrue[39m,
        _adapter: [36m[Function: Adapter][39m,
        _origins: [32m'*:*'[39m,
        sockets: [36m[Circular][39m,
        eio: [36m[Object][39m,
        httpServer: [36m[Object][39m,
        engine: [36m[Object][39m },
     sockets: 
      { [32m'/#gJxdcek2WCtCorgCAAAQ'[39m: [36m[Object][39m,
        [32m'/#JdXLs-UzzTIXF4oxAAAR'[39m: [36m[Circular][39m },
     connected: 
      { [32m'/#gJxdcek2WCtCorgCAAAQ'[39m: [36m[Object][39m,
        [32m'/#JdXLs-UzzTIXF4oxAAAR'[39m: [36m[Circular][39m },
     fns: [],
     ids: [33m0[39m,
     adapter: 
      Adapter {
        nsp: [36m[Circular][39m,
        rooms: [36m[Object][39m,
        sids: [36m[Object][39m,
        encoder: Encoder {} },
     _events: { connection: [36m[Function][39m },
     _eventsCount: [33m1[39m },
  server: 
   Server {
     nsps: { [32m'/'[39m: [36m[Object][39m },
     _path: [32m'/socket.io'[39m,
     _serveClient: [33mtrue[39m,
     _adapter: [36m[Function: Adapter][39m,
     _origins: [32m'*:*'[39m,
     sockets: 
      Namespace {
        name: [32m'/'[39m,
        server: [36m[Circular][39m,
        sockets: [36m[Object][39m,
        connected: [36m[Object][39m,
        fns: [],
        ids: [33m0[39m,
        adapter: [36m[Object][39m,
        _events: [36m[Object][39m,
        _eventsCount: [33m1[39m },
     eio: 
      Server {
        clients: [36m[Object][39m,
        clientsCount: [33m2[39m,
        pingTimeout: [33m60000[39m,
        pingInterval: [33m25000[39m,
        upgradeTimeout: [33m10000[39m,
        maxHttpBufferSize: [33m100000000[39m,
        transports: [36m[Object][39m,
        allowUpgrades: [33mtrue[39m,
        allowRequest: [36m[Function: bound ][39m,
        cookie: [32m'io'[39m,
        cookiePath: [33mfalse[39m,
        perMessageDeflate: [36m[Object][39m,
        httpCompression: [36m[Object][39m,
        ws: [36m[Object][39m,
        _events: [36m[Object][39m,
        _eventsCount: [33m1[39m },
     httpServer: 
      Server {
        domain: [1mnull[22m,
        _events: [36m[Object][39m,
        _eventsCount: [33m4[39m,
        _maxListeners: [90mundefined[39m,
        _connections: [33m5[39m,
        _handle: [36m[Object][39m,
        _usingSlaves: [33mfalse[39m,
        _slaves: [],
        _unref: [33mfalse[39m,
        allowHalfOpen: [33mtrue[39m,
        pauseOnConnect: [33mfalse[39m,
        httpAllowHalfOpen: [33mfalse[39m,
        timeout: [33m120000[39m,
        _pendingResponseData: [33m0[39m,
        _connectionKey: [32m'6::::3000'[39m },
     engine: 
      Server {
        clients: [36m[Object][39m,
        clientsCount: [33m2[39m,
        pingTimeout: [33m60000[39m,
        pingInterval: [33m25000[39m,
        upgradeTimeout: [33m10000[39m,
        maxHttpBufferSize: [33m100000000[39m,
        transports: [36m[Object][39m,
        allowUpgrades: [33mtrue[39m,
        allowRequest: [36m[Function: bound ][39m,
        cookie: [32m'io'[39m,
        cookiePath: [33mfalse[39m,
        perMessageDeflate: [36m[Object][39m,
        httpCompression: [36m[Object][39m,
        ws: [36m[Object][39m,
        _events: [36m[Object][39m,
        _eventsCount: [33m1[39m } },
  adapter: 
   Adapter {
     nsp: 
      Namespace {
        name: [32m'/'[39m,
        server: [36m[Object][39m,
        sockets: [36m[Object][39m,
        connected: [36m[Object][39m,
        fns: [],
        ids: [33m0[39m,
        adapter: [36m[Circular][39m,
        _events: [36m[Object][39m,
        _eventsCount: [33m1[39m },
     rooms: 
      { [32m'/#gJxdcek2WCtCorgCAAAQ'[39m: [36m[Object][39m,
        [32m'/#JdXLs-UzzTIXF4oxAAAR'[39m: [36m[Object][39m },
     sids: 
      { [32m'/#gJxdcek2WCtCorgCAAAQ'[39m: [36m[Object][39m,
        [32m'/#JdXLs-UzzTIXF4oxAAAR'[39m: [36m[Object][39m },
     encoder: Encoder {} },
  id: [32m'/#JdXLs-UzzTIXF4oxAAAR'[39m,
  client: 
   Client {
     server: 
      Server {
        nsps: [36m[Object][39m,
        _path: [32m'/socket.io'[39m,
        _serveClient: [33mtrue[39m,
        _adapter: [36m[Function: Adapter][39m,
        _origins: [32m'*:*'[39m,
        sockets: [36m[Object][39m,
        eio: [36m[Object][39m,
        httpServer: [36m[Object][39m,
        engine: [36m[Object][39m },
     conn: 
      Socket {
        id: [32m'JdXLs-UzzTIXF4oxAAAR'[39m,
        server: [36m[Object][39m,
        upgrading: [33mfalse[39m,
        upgraded: [33mfalse[39m,
        readyState: [32m'open'[39m,
        writeBuffer: [36m[Object][39m,
        packetsFn: [36m[Object][39m,
        sentCallbackFn: [],
        cleanupFn: [36m[Object][39m,
        request: [36m[Object][39m,
        remoteAddress: [32m'::ffff:10.210.30.41'[39m,
        checkIntervalTimer: [1mnull[22m,
        upgradeTimeoutTimer: [1mnull[22m,
        pingTimeoutTimer: [36m[Object][39m,
        transport: [36m[Object][39m,
        _events: [36m[Object][39m,
        _eventsCount: [33m3[39m },
     encoder: Encoder {},
     decoder: Decoder { reconstructor: [1mnull[22m, _callbacks: [36m[Object][39m },
     id: [32m'JdXLs-UzzTIXF4oxAAAR'[39m,
     request: 
      IncomingMessage {
        _readableState: [36m[Object][39m,
        readable: [33mtrue[39m,
        domain: [1mnull[22m,
        _events: {},
        _eventsCount: [33m0[39m,
        _maxListeners: [90mundefined[39m,
        socket: [36m[Object][39m,
        connection: [36m[Object][39m,
        httpVersionMajor: [33m1[39m,
        httpVersionMinor: [33m1[39m,
        httpVersion: [32m'1.1'[39m,
        complete: [33mtrue[39m,
        headers: [36m[Object][39m,
        rawHeaders: [36m[Object][39m,
        trailers: {},
        rawTrailers: [],
        upgrade: [33mfalse[39m,
        url: [32m'/socket.io/?EIO=3&transport=polling&t=LTlfI5e'[39m,
        method: [32m'GET'[39m,
        statusCode: [1mnull[22m,
        statusMessage: [1mnull[22m,
        client: [36m[Object][39m,
        _consuming: [33mfalse[39m,
        _dumped: [33mtrue[39m,
        _query: [36m[Object][39m,
        res: [36m[Object][39m,
        cleanup: [36m[Function: cleanup][39m },
     onclose: [36m[Function: bound ][39m,
     ondata: [36m[Function: bound ][39m,
     onerror: [36m[Function: bound ][39m,
     ondecoded: [36m[Function: bound ][39m,
     sockets: { [32m'/#JdXLs-UzzTIXF4oxAAAR'[39m: [36m[Circular][39m },
     nsps: { [32m'/'[39m: [36m[Circular][39m },
     connectBuffer: [] },
  conn: 
   Socket {
     id: [32m'JdXLs-UzzTIXF4oxAAAR'[39m,
     server: 
      Server {
        clients: [36m[Object][39m,
        clientsCount: [33m2[39m,
        pingTimeout: [33m60000[39m,
        pingInterval: [33m25000[39m,
        upgradeTimeout: [33m10000[39m,
        maxHttpBufferSize: [33m100000000[39m,
        transports: [36m[Object][39m,
        allowUpgrades: [33mtrue[39m,
        allowRequest: [36m[Function: bound ][39m,
        cookie: [32m'io'[39m,
        cookiePath: [33mfalse[39m,
        perMessageDeflate: [36m[Object][39m,
        httpCompression: [36m[Object][39m,
        ws: [36m[Object][39m,
        _events: [36m[Object][39m,
        _eventsCount: [33m1[39m },
     upgrading: [33mfalse[39m,
     upgraded: [33mfalse[39m,
     readyState: [32m'open'[39m,
     writeBuffer: [ [36m[Object][39m ],
     packetsFn: [ [90mundefined[39m ],
     sentCallbackFn: [],
     cleanupFn: [ [36m[Function][39m, [36m[Function][39m ],
     request: 
      IncomingMessage {
        _readableState: [36m[Object][39m,
        readable: [33mtrue[39m,
        domain: [1mnull[22m,
        _events: {},
        _eventsCount: [33m0[39m,
        _maxListeners: [90mundefined[39m,
        socket: [36m[Object][39m,
        connection: [36m[Object][39m,
        httpVersionMajor: [33m1[39m,
        httpVersionMinor: [33m1[39m,
        httpVersion: [32m'1.1'[39m,
        complete: [33mtrue[39m,
        headers: [36m[Object][39m,
        rawHeaders: [36m[Object][39m,
        trailers: {},
        rawTrailers: [],
        upgrade: [33mfalse[39m,
        url: [32m'/socket.io/?EIO=3&transport=polling&t=LTlfI5e'[39m,
        method: [32m'GET'[39m,
        statusCode: [1mnull[22m,
        statusMessage: [1mnull[22m,
        client: [36m[Object][39m,
        _consuming: [33mfalse[39m,
        _dumped: [33mtrue[39m,
        _query: [36m[Object][39m,
        res: [36m[Object][39m,
        cleanup: [36m[Function: cleanup][39m },
     remoteAddress: [32m'::ffff:10.210.30.41'[39m,
     checkIntervalTimer: [1mnull[22m,
     upgradeTimeoutTimer: [1mnull[22m,
     pingTimeoutTimer: 
      Timeout {
        _called: [33mfalse[39m,
        _idleTimeout: [33m85000[39m,
        _idlePrev: [36m[Object][39m,
        _idleNext: [36m[Object][39m,
        _idleStart: [33m9557820[39m,
        _onTimeout: [36m[Function][39m,
        _repeat: [1mnull[22m },
     transport: 
      XHR {
        readyState: [32m'open'[39m,
        discarded: [33mfalse[39m,
        closeTimeout: [33m30000[39m,
        maxHttpBufferSize: [33m100000000[39m,
        httpCompression: [36m[Object][39m,
        supportsBinary: [33mtrue[39m,
        _events: [36m[Object][39m,
        _eventsCount: [33m5[39m,
        sid: [32m'JdXLs-UzzTIXF4oxAAAR'[39m,
        req: [1mnull[22m,
        res: [1mnull[22m,
        writable: [33mfalse[39m },
     _events: 
      { close: [36m[Object][39m,
        data: [36m[Function: bound ][39m,
        error: [36m[Function: bound ][39m },
     _eventsCount: [33m3[39m },
  rooms: {},
  acks: {},
  connected: [33mtrue[39m,
  disconnected: [33mfalse[39m,
  handshake: 
   { headers: 
      { host: [32m'10.210.30.148:3000'[39m,
        connection: [32m'keep-alive'[39m,
        [32m'user-agent'[39m: [32m'Mozilla/5.0 (Windows NT 5.1) AppleWebKit/537.36 (KHTML, like Gecko) Chrome/49.0.2623.112 Safari/537.36'[39m,
        origin: [32m'http://10.210.30.148'[39m,
        accept: [32m'*/*'[39m,
        referer: [32m'http://10.210.30.148/sku/'[39m,
        [32m'accept-encoding'[39m: [32m'gzip, deflate, sdch'[39m,
        [32m'accept-language'[39m: [32m'ru-RU,ru;q=0.8,en-US;q=0.6,en;q=0.4'[39m,
        cookie: [32m'io=gJxdcek2WCtCorgCAAAQ'[39m },
     time: [32m'Wed Sep 28 2016 11:14:30 GMT+0400 (SAMT)'[39m,
     address: [32m'::ffff:10.210.30.41'[39m,
     xdomain: [33mtrue[39m,
     secure: [33mfalse[39m,
     issued: [33m1475046870037[39m,
     url: [32m'/socket.io/?EIO=3&transport=polling&t=LTlfI5e'[39m,
     query: { EIO: [32m'3'[39m, transport: [32m'polling'[39m, t: [32m'LTlfI5e'[39m } } }
data rcv RT:[ [32m'0.00'[39m, [32m'4.26'[39m, [32m'3.38'[39m, [32m'0.00'[39m ]
data rcv RT:[ [32m'0.00'[39m, [32m'4.30'[39m, [32m'3.38'[39m, [32m'0.00'[39m ]
data rcv RT:[ [32m'0.00'[39m, [32m'4.28'[39m, [32m'3.38'[39m, [32m'0.00'[39m ]
data rcv RT:[ [32m'0.00'[39m, [32m'4.30'[39m, [32m'3.38'[39m, [32m'0.01'[39m ]
data rcv RT:[ [32m'0.00'[39m, [32m'4.37'[39m, [32m'3.36'[39m, [32m'0.00'[39m ]
data rcv RT:[ [32m'0.00'[39m, [32m'4.37'[39m, [32m'3.39'[39m, [32m'0.03'[39m ]
data rcv RT:[ [32m'0.00'[39m, [32m'4.39'[39m, [32m'3.39'[39m, [32m'0.00'[39m ]
data rcv RT:[ [32m'0.00'[39m, [32m'4.37'[39m, [32m'3.43'[39m, [32m'0.00'[39m ]
data rcv RT:[ [32m'0.00'[39m, [32m'4.35'[39m, [32m'3.44'[39m, [32m'0.00'[39m ]
data rcv RT:[ [32m'0.00'[39m, [32m'4.33'[39m, [32m'3.43'[39m, [32m'0.00'[39m ]
data rcv RT:[ [32m'0.00'[39m, [32m'4.31'[39m, [32m'3.44'[39m, [32m'0.00'[39m ]
data rcv RT:[ [32m'0.00'[39m, [32m'4.31'[39m, [32m'3.44'[39m, [32m'0.00'[39m ]
data rcv RT:[ [32m'0.00'[39m, [32m'4.31'[39m, [32m'3.43'[39m, [32m'0.00'[39m ]
data rcv RT:[ [32m'0.00'[39m, [32m'4.28'[39m, [32m'3.43'[39m, [32m'0.00'[39m ]
data rcv RT:[ [32m'0.00'[39m, [32m'4.26'[39m, [32m'3.44'[39m, [32m'0.00'[39m ]
data rcv RT:[ [32m'0.00'[39m, [32m'4.26'[39m, [32m'3.39'[39m, [32m'0.00'[39m ]
data rcv RT:[ [32m'0.00'[39m, [32m'4.28'[39m, [32m'3.38'[39m, [32m'0.00'[39m ]
data rcv RT:[ [32m'0.00'[39m, [32m'4.28'[39m, [32m'3.39'[39m, [32m'0.00'[39m ]
data rcv RT:[ [32m'0.00'[39m, [32m'4.31'[39m, [32m'3.40'[39m, [32m'0.00'[39m ]
data rcv RT:[ [32m'0.00'[39m, [32m'4.34'[39m, [32m'3.40'[39m, [32m'0.01'[39m ]
data rcv RT:[ [32m'0.00'[39m, [32m'4.31'[39m, [32m'3.38'[39m, [32m'0.01'[39m ]
data rcv RT:[ [32m'0.00'[39m, [32m'4.37'[39m, [32m'3.36'[39m, [32m'0.05'[39m ]
data rcv RT:[ [32m'0.00'[39m, [32m'4.37'[39m, [32m'3.38'[39m, [32m'0.02'[39m ]
data rcv RT:[ [32m'0.00'[39m, [32m'4.36'[39m, [32m'3.35'[39m, [32m'0.06'[39m ]
data rcv RT:[ [32m'0.00'[39m, [32m'4.38'[39m, [32m'3.41'[39m, [32m'0.00'[39m ]
data rcv RT:[ [32m'0.00'[39m, [32m'4.35'[39m, [32m'3.43'[39m, [32m'0.00'[39m ]
data rcv RT:[ [32m'0.00'[39m, [32m'4.33'[39m, [32m'3.43'[39m, [32m'0.00'[39m ]
data rcv RT:[ [32m'0.00'[39m, [32m'4.32'[39m, [32m'3.43'[39m, [32m'0.00'[39m ]
data rcv RT:[ [32m'0.00'[39m, [32m'4.29'[39m, [32m'3.44'[39m, [32m'0.00'[39m ]
data rcv RT:[ [32m'0.00'[39m, [32m'4.29'[39m, [32m'3.43'[39m, [32m'0.00'[39m ]
data rcv RT:[ [32m'0.00'[39m, [32m'4.30'[39m, [32m'3.42'[39m, [32m'0.00'[39m ]
data rcv RT:[ [32m'0.00'[39m, [32m'4.25'[39m, [32m'3.36'[39m, [32m'0.00'[39m ]
data rcv RT:[ [32m'0.00'[39m, [32m'4.29'[39m, [32m'3.38'[39m, [32m'0.00'[39m ]
data rcv RT:[ [32m'0.00'[39m, [32m'4.30'[39m, [32m'3.39'[39m, [32m'0.00'[39m ]
data rcv RT:[ [32m'0.00'[39m, [32m'4.33'[39m, [32m'3.36'[39m, [32m'0.01'[39m ]
data rcv RT:[ [32m'0.00'[39m, [32m'4.33'[39m, [32m'3.38'[39m, [32m'0.02'[39m ]
data rcv RT:[ [32m'0.00'[39m, [32m'4.34'[39m, [32m'3.36'[39m, [32m'0.03'[39m ]
data rcv RT:[ [32m'0.00'[39m, [32m'4.37'[39m, [32m'3.38'[39m, [32m'0.04'[39m ]
data rcv RT:[ [32m'0.00'[39m, [32m'4.34'[39m, [32m'3.41'[39m, [32m'0.00'[39m ]
data rcv RT:[ [32m'0.00'[39m, [32m'4.34'[39m, [32m'3.43'[39m, [32m'0.00'[39m ]
data rcv RT:[ [32m'0.00'[39m, [32m'4.30'[39m, [32m'3.44'[39m, [32m'0.00'[39m ]
data rcv RT:[ [32m'0.00'[39m, [32m'4.28'[39m, [32m'3.44'[39m, [32m'0.00'[39m ]
data rcv RT:[ [32m'0.00'[39m, [32m'4.28'[39m, [32m'3.41'[39m, [32m'0.00'[39m ]
data rcv RT:[ [32m'0.00'[39m, [32m'4.30'[39m, [32m'3.43'[39m, [32m'0.00'[39m ]
data rcv RT:[ [32m'0.00'[39m, [32m'4.26'[39m, [32m'3.41'[39m, [32m'0.00'[39m ]
data rcv RT:[ [32m'0.00'[39m, [32m'4.28'[39m, [32m'3.38'[39m, [32m'0.00'[39m ]
data rcv RT:[ [32m'0.00'[39m, [32m'4.27'[39m, [32m'3.37'[39m, [32m'0.00'[39m ]
data rcv RT:[ [32m'0.00'[39m, [32m'4.30'[39m, [32m'3.37'[39m, [32m'0.01'[39m ]
data rcv RT:[ [32m'0.00'[39m, [32m'4.32'[39m, [32m'3.37'[39m, [32m'0.00'[39m ]
data rcv RT:[ [32m'0.00'[39m, [32m'4.32'[39m, [32m'3.40'[39m, [32m'0.01'[39m ]
data rcv RT:[ [32m'0.00'[39m, [32m'4.37'[39m, [32m'3.38'[39m, [32m'0.02'[39m ]
data rcv RT:[ [32m'0.00'[39m, [32m'4.37'[39m, [32m'3.37'[39m, [32m'0.04'[39m ]
data rcv RT:[ [32m'0.00'[39m, [32m'4.36'[39m, [32m'3.39'[39m, [32m'0.00'[39m ]
data rcv RT:[ [32m'0.00'[39m, [32m'4.34'[39m, [32m'3.41'[39m, [32m'0.00'[39m ]
data rcv RT:[ [32m'0.00'[39m, [32m'4.29'[39m, [32m'3.44'[39m, [32m'0.00'[39m ]
data rcv RT:[ [32m'0.00'[39m, [32m'4.32'[39m, [32m'3.42'[39m, [32m'0.00'[39m ]
data rcv RT:[ [32m'0.00'[39m, [32m'4.29'[39m, [32m'3.43'[39m, [32m'0.00'[39m ]
data rcv RT:[ [32m'0.00'[39m, [32m'4.27'[39m, [32m'3.43'[39m, [32m'0.00'[39m ]
data rcv RT:[ [32m'0.00'[39m, [32m'4.26'[39m, [32m'3.42'[39m, [32m'0.00'[39m ]
data rcv RT:[ [32m'0.00'[39m, [32m'4.27'[39m, [32m'3.39'[39m, [32m'0.00'[39m ]
data rcv RT:[ [32m'0.00'[39m, [32m'4.29'[39m, [32m'3.37'[39m, [32m'0.00'[39m ]
data rcv RT:[ [32m'0.00'[39m, [32m'4.31'[39m, [32m'3.38'[39m, [32m'0.01'[39m ]
data rcv RT:[ [32m'0.00'[39m, [32m'4.34'[39m, [32m'3.36'[39m, [32m'0.02'[39m ]
data rcv RT:[ [32m'0.00'[39m, [32m'4.39'[39m, [32m'3.40'[39m, [32m'0.01'[39m ]
data rcv RT:[ [32m'0.00'[39m, [32m'4.35'[39m, [32m'3.41'[39m, [32m'0.00'[39m ]
data rcv RT:[ [32m'0.00'[39m, [32m'4.36'[39m, [32m'3.45'[39m, [32m'0.00'[39m ]
data rcv RT:[ [32m'0.00'[39m, [32m'4.32'[39m, [32m'3.44'[39m, [32m'0.00'[39m ]
data rcv RT:[ [32m'0.00'[39m, [32m'4.31'[39m, [32m'3.44'[39m, [32m'0.00'[39m ]
data rcv RT:[ [32m'0.00'[39m, [32m'4.29'[39m, [32m'3.48'[39m, [32m'0.00'[39m ]
data rcv RT:[ [32m'0.00'[39m, [32m'4.26'[39m, [32m'3.42'[39m, [32m'0.00'[39m ]
data rcv RT:[ [32m'0.00'[39m, [32m'4.25'[39m, [32m'3.39'[39m, [32m'0.00'[39m ]
data rcv RT:[ [32m'0.00'[39m, [32m'4.27'[39m, [32m'3.40'[39m, [32m'0.00'[39m ]
data rcv RT:[ [32m'0.00'[39m, [32m'4.28'[39m, [32m'3.42'[39m, [32m'0.00'[39m ]
data rcv RT:[ [32m'0.00'[39m, [32m'4.29'[39m, [32m'3.38'[39m, [32m'0.00'[39m ]
data rcv RT:[ [32m'0.00'[39m, [32m'4.32'[39m, [32m'3.37'[39m, [32m'0.01'[39m ]
data rcv RT:[ [32m'0.00'[39m, [32m'4.33'[39m, [32m'3.35'[39m, [32m'0.06'[39m ]
data rcv RT:[ [32m'0.00'[39m, [32m'4.37'[39m, [32m'3.41'[39m, [32m'0.00'[39m ]
data rcv RT:[ [32m'0.00'[39m, [32m'4.35'[39m, [32m'3.39'[39m, [32m'0.00'[39m ]
data rcv RT:[ [32m'0.00'[39m, [32m'4.31'[39m, [32m'3.43'[39m, [32m'0.00'[39m ]
data rcv RT:[ [32m'0.00'[39m, [32m'4.32'[39m, [32m'3.42'[39m, [32m'0.00'[39m ]
data rcv RT:[ [32m'0.00'[39m, [32m'4.30'[39m, [32m'3.46'[39m, [32m'0.00'[39m ]
data rcv RT:[ [32m'0.00'[39m, [32m'4.28'[39m, [32m'3.42'[39m, [32m'0.00'[39m ]
data rcv RT:[ [32m'0.00'[39m, [32m'4.27'[39m, [32m'3.42'[39m, [32m'0.00'[39m ]
data rcv RT:[ [32m'0.00'[39m, [32m'4.27'[39m, [32m'3.39'[39m, [32m'0.00'[39m ]
data rcv RT:[ [32m'0.00'[39m, [32m'4.30'[39m, [32m'3.37'[39m, [32m'0.00'[39m ]
data rcv RT:[ [32m'0.00'[39m, [32m'4.31'[39m, [32m'3.39'[39m, [32m'0.00'[39m ]
data rcv RT:[ [32m'0.00'[39m, [32m'4.34'[39m, [32m'3.38'[39m, [32m'0.02'[39m ]
data rcv RT:[ [32m'0.00'[39m, [32m'4.37'[39m, [32m'3.41'[39m, [32m'0.01'[39m ]
data rcv RT:[ [32m'0.00'[39m, [32m'4.37'[39m, [32m'3.41'[39m, [32m'0.00'[39m ]
data rcv RT:[ [32m'0.00'[39m, [32m'4.36'[39m, [32m'3.43'[39m, [32m'0.00'[39m ]
data rcv RT:[ [32m'0.00'[39m, [32m'4.33'[39m, [32m'3.42'[39m, [32m'0.00'[39m ]
data rcv RT:[ [32m'0.00'[39m, [32m'4.31'[39m, [32m'3.44'[39m, [32m'0.00'[39m ]
data rcv RT:[ [32m'0.00'[39m, [32m'4.29'[39m, [32m'3.43'[39m, [32m'0.00'[39m ]
data rcv RT:[ [32m'0.00'[39m, [32m'4.32'[39m, [32m'3.45'[39m, [32m'0.00'[39m ]
data rcv RT:[ [32m'0.00'[39m, [32m'4.29'[39m, [32m'3.42'[39m, [32m'0.00'[39m ]
data rcv RT:[ [32m'0.00'[39m, [32m'4.29'[39m, [32m'3.37'[39m, [32m'0.00'[39m ]
data rcv RT:[ [32m'0.00'[39m, [32m'4.28'[39m, [32m'3.36'[39m, [32m'0.00'[39m ]
data rcv RT:[ [32m'0.00'[39m, [32m'4.32'[39m, [32m'3.38'[39m, [32m'0.00'[39m ]
data rcv RT:[ [32m'0.00'[39m, [32m'4.33'[39m, [32m'3.37'[39m, [32m'0.01'[39m ]
data rcv RT:[ [32m'0.00'[39m, [32m'4.34'[39m, [32m'3.38'[39m, [32m'0.03'[39m ]
data rcv RT:[ [32m'0.00'[39m, [32m'4.38'[39m, [32m'3.40'[39m, [32m'0.04'[39m ]
data rcv RT:[ [32m'0.00'[39m, [32m'4.37'[39m, [32m'3.41'[39m, [32m'0.00'[39m ]
data rcv RT:[ [32m'0.00'[39m, [32m'4.32'[39m, [32m'3.42'[39m, [32m'0.00'[39m ]
data rcv RT:[ [32m'0.00'[39m, [32m'4.31'[39m, [32m'3.41'[39m, [32m'0.00'[39m ]
data rcv RT:[ [32m'0.00'[39m, [32m'4.26'[39m, [32m'3.41'[39m, [32m'0.00'[39m ]
data rcv RT:[ [32m'0.00'[39m, [32m'4.27'[39m, [32m'3.37'[39m, [32m'0.00'[39m ]
data rcv RT:[ [32m'0.00'[39m, [32m'4.28'[39m, [32m'3.37'[39m, [32m'0.00'[39m ]
data rcv RT:[ [32m'0.00'[39m, [32m'4.31'[39m, [32m'3.38'[39m, [32m'0.00'[39m ]
data rcv RT:[ [32m'0.00'[39m, [32m'4.32'[39m, [32m'3.39'[39m, [32m'0.01'[39m ]
data rcv RT:[ [32m'0.00'[39m, [32m'4.37'[39m, [32m'3.36'[39m, [32m'0.04'[39m ]
data rcv RT:[ [32m'0.00'[39m, [32m'4.38'[39m, [32m'3.42'[39m, [32m'0.00'[39m ]
data rcv RT:[ [32m'0.00'[39m, [32m'4.35'[39m, [32m'3.41'[39m, [32m'0.00'[39m ]
data rcv RT:[ [32m'0.00'[39m, [32m'4.34'[39m, [32m'3.42'[39m, [32m'0.00'[39m ]
data rcv RT:[ [32m'0.00'[39m, [32m'4.33'[39m, [32m'3.42'[39m, [32m'0.00'[39m ]
data rcv RT:[ [32m'0.00'[39m, [32m'4.30'[39m, [32m'3.44'[39m, [32m'0.00'[39m ]
data rcv RT:[ [32m'0.00'[39m, [32m'4.30'[39m, [32m'3.44'[39m, [32m'0.00'[39m ]
data rcv RT:[ [32m'0.00'[39m, [32m'4.27'[39m, [32m'3.39'[39m, [32m'0.00'[39m ]
data rcv RT:[ [32m'0.00'[39m, [32m'4.28'[39m, [32m'3.40'[39m, [32m'0.00'[39m ]
data rcv RT:[ [32m'0.00'[39m, [32m'4.26'[39m, [32m'3.38'[39m, [32m'0.00'[39m ]
data rcv RT:[ [32m'0.00'[39m, [32m'4.30'[39m, [32m'3.39'[39m, [32m'0.00'[39m ]
data rcv RT:[ [32m'0.00'[39m, [32m'4.32'[39m, [32m'3.37'[39m, [32m'0.01'[39m ]
data rcv RT:[ [32m'0.00'[39m, [32m'4.33'[39m, [32m'3.37'[39m, [32m'0.01'[39m ]
data rcv RT:[ [32m'0.00'[39m, [32m'4.32'[39m, [32m'3.40'[39m, [32m'0.00'[39m ]
data rcv RT:[ [32m'0.00'[39m, [32m'4.38'[39m, [32m'3.38'[39m, [32m'0.06'[39m ]
data rcv RT:[ [32m'0.00'[39m, [32m'4.36'[39m, [32m'3.43'[39m, [32m'0.01'[39m ]
data rcv RT:[ [32m'0.00'[39m, [32m'4.33'[39m, [32m'3.42'[39m, [32m'0.00'[39m ]
data rcv RT:[ [32m'0.00'[39m, [32m'4.35'[39m, [32m'3.42'[39m, [32m'0.00'[39m ]
data rcv RT:[ [32m'0.00'[39m, [32m'4.31'[39m, [32m'3.44'[39m, [32m'0.00'[39m ]
data rcv RT:[ [32m'0.00'[39m, [32m'4.27'[39m, [32m'3.40'[39m, [32m'0.00'[39m ]
data rcv RT:[ [32m'0.00'[39m, [32m'4.29'[39m, [32m'3.44'[39m, [32m'0.00'[39m ]
data rcv RT:[ [32m'0.00'[39m, [32m'4.28'[39m, [32m'3.37'[39m, [32m'0.01'[39m ]
data rcv RT:[ [32m'0.00'[39m, [32m'4.28'[39m, [32m'3.36'[39m, [32m'0.00'[39m ]
data rcv RT:[ [32m'0.00'[39m, [32m'4.34'[39m, [32m'3.38'[39m, [32m'0.02'[39m ]
data rcv RT:[ [32m'0.00'[39m, [32m'4.32'[39m, [32m'3.37'[39m, [32m'0.03'[39m ]
data rcv RT:[ [32m'0.00'[39m, [32m'4.38'[39m, [32m'3.39'[39m, [32m'0.04'[39m ]
data rcv RT:[ [32m'0.00'[39m, [32m'4.37'[39m, [32m'3.40'[39m, [32m'0.02'[39m ]
data rcv RT:[ [32m'0.00'[39m, [32m'4.38'[39m, [32m'3.40'[39m, [32m'0.00'[39m ]
data rcv RT:[ [32m'0.00'[39m, [32m'4.30'[39m, [32m'3.44'[39m, [32m'0.00'[39m ]
data rcv RT:[ [32m'0.00'[39m, [32m'4.35'[39m, [32m'3.44'[39m, [32m'0.00'[39m ]
data rcv RT:[ [32m'0.00'[39m, [32m'4.31'[39m, [32m'3.43'[39m, [32m'0.00'[39m ]
data rcv RT:[ [32m'0.00'[39m, [32m'4.31'[39m, [32m'3.43'[39m, [32m'0.00'[39m ]
data rcv RT:[ [32m'0.00'[39m, [32m'4.32'[39m, [32m'3.46'[39m, [32m'0.00'[39m ]
data rcv RT:[ [32m'0.00'[39m, [32m'4.28'[39m, [32m'3.37'[39m, [32m'0.00'[39m ]
data rcv RT:[ [32m'0.00'[39m, [32m'4.31'[39m, [32m'3.40'[39m, [32m'0.00'[39m ]
data rcv RT:[ [32m'0.00'[39m, [32m'4.33'[39m, [32m'3.36'[39m, [32m'0.02'[39m ]
data rcv RT:[ [32m'0.00'[39m, [32m'4.36'[39m, [32m'3.39'[39m, [32m'0.02'[39m ]
data rcv RT:[ [32m'0.00'[39m, [32m'4.36'[39m, [32m'3.38'[39m, [32m'0.01'[39m ]
data rcv RT:[ [32m'0.00'[39m, [32m'4.38'[39m, [32m'3.40'[39m, [32m'0.02'[39m ]
data rcv RT:[ [32m'0.00'[39m, [32m'4.37'[39m, [32m'3.39'[39m, [32m'0.01'[39m ]
data rcv RT:[ [32m'0.00'[39m, [32m'4.35'[39m, [32m'3.42'[39m, [32m'0.00'[39m ]
data rcv RT:[ [32m'0.00'[39m, [32m'4.32'[39m, [32m'3.42'[39m, [32m'0.00'[39m ]
data rcv RT:[ [32m'0.00'[39m, [32m'4.29'[39m, [32m'3.41'[39m, [32m'0.00'[39m ]
data rcv RT:[ [32m'0.00'[39m, [32m'4.29'[39m, [32m'3.44'[39m, [32m'0.00'[39m ]
data rcv RT:[ [32m'0.00'[39m, [32m'4.30'[39m, [32m'3.46'[39m, [32m'0.00'[39m ]
data rcv RT:[ [32m'0.00'[39m, [32m'4.28'[39m, [32m'3.39'[39m, [32m'0.00'[39m ]
data rcv RT:[ [32m'0.00'[39m, [32m'4.27'[39m, [32m'3.37'[39m, [32m'0.00'[39m ]
data rcv RT:[ [32m'0.00'[39m, [32m'4.32'[39m, [32m'3.40'[39m, [32m'0.00'[39m ]
data rcv RT:[ [32m'0.00'[39m, [32m'4.32'[39m, [32m'3.39'[39m, [32m'0.02'[39m ]
data rcv RT:[ [32m'0.00'[39m, [32m'4.30'[39m, [32m'3.40'[39m, [32m'0.00'[39m ]
data rcv RT:[ [32m'0.00'[39m, [32m'4.36'[39m, [32m'3.38'[39m, [32m'0.03'[39m ]
data rcv RT:[ [32m'0.00'[39m, [32m'4.38'[39m, [32m'3.43'[39m, [32m'0.00'[39m ]
data rcv RT:[ [32m'0.00'[39m, [32m'4.37'[39m, [32m'3.43'[39m, [32m'0.00'[39m ]
data rcv RT:[ [32m'0.00'[39m, [32m'4.33'[39m, [32m'3.44'[39m, [32m'0.00'[39m ]
data rcv RT:[ [32m'0.00'[39m, [32m'4.33'[39m, [32m'3.42'[39m, [32m'0.00'[39m ]
data rcv RT:[ [32m'0.00'[39m, [32m'4.34'[39m, [32m'3.42'[39m, [32m'0.00'[39m ]
data rcv RT:[ [32m'0.00'[39m, [32m'4.31'[39m, [32m'3.42'[39m, [32m'0.00'[39m ]
data rcv RT:[ [32m'0.00'[39m, [32m'4.30'[39m, [32m'3.44'[39m, [32m'0.00'[39m ]
data rcv RT:[ [32m'0.00'[39m, [32m'4.29'[39m, [32m'3.44'[39m, [32m'0.00'[39m ]
data rcv RT:[ [32m'0.00'[39m, [32m'4.31'[39m, [32m'3.45'[39m, [32m'0.00'[39m ]
data rcv RT:[ [32m'0.00'[39m, [32m'4.28'[39m, [32m'3.43'[39m, [32m'0.00'[39m ]
data rcv RT:[ [32m'0.00'[39m, [32m'4.28'[39m, [32m'3.39'[39m, [32m'0.00'[39m ]
data rcv RT:[ [32m'0.00'[39m, [32m'4.26'[39m, [32m'3.39'[39m, [32m'0.00'[39m ]
data rcv RT:[ [32m'0.00'[39m, [32m'4.28'[39m, [32m'3.38'[39m, [32m'0.00'[39m ]
data rcv RT:[ [32m'0.00'[39m, [32m'4.26'[39m, [32m'3.39'[39m, [32m'0.00'[39m ]
data rcv RT:[ [32m'0.00'[39m, [32m'4.29'[39m, [32m'3.37'[39m, [32m'0.00'[39m ]
data rcv RT:[ [32m'0.00'[39m, [32m'4.30'[39m, [32m'3.38'[39m, [32m'0.00'[39m ]
data rcv RT:[ [32m'0.00'[39m, [32m'4.35'[39m, [32m'3.42'[39m, [32m'0.01'[39m ]
data rcv RT:[ [32m'0.00'[39m, [32m'4.36'[39m, [32m'3.37'[39m, [32m'0.04'[39m ]
data rcv RT:[ [32m'0.00'[39m, [32m'4.35'[39m, [32m'3.38'[39m, [32m'0.03'[39m ]
data rcv RT:[ [32m'0.00'[39m, [32m'4.36'[39m, [32m'3.37'[39m, [32m'0.02'[39m ]
data rcv RT:[ [32m'0.00'[39m, [32m'4.37'[39m, [32m'3.44'[39m, [32m'0.00'[39m ]
data rcv RT:[ [32m'0.00'[39m, [32m'4.36'[39m, [32m'3.40'[39m, [32m'0.00'[39m ]
data rcv RT:[ [32m'0.00'[39m, [32m'4.34'[39m, [32m'3.42'[39m, [32m'0.00'[39m ]
data rcv RT:[ [32m'0.00'[39m, [32m'4.31'[39m, [32m'3.42'[39m, [32m'0.00'[39m ]
data rcv RT:[ [32m'0.00'[39m, [32m'4.31'[39m, [32m'3.41'[39m, [32m'0.00'[39m ]
data rcv RT:[ [32m'0.00'[39m, [32m'4.31'[39m, [32m'3.47'[39m, [32m'0.00'[39m ]
data rcv RT:[ [32m'0.00'[39m, [32m'4.24'[39m, [32m'3.39'[39m, [32m'0.00'[39m ]
data rcv RT:[ [32m'0.00'[39m, [32m'4.25'[39m, [32m'3.40'[39m, [32m'0.00'[39m ]
data rcv RT:[ [32m'0.00'[39m, [32m'4.26'[39m, [32m'3.40'[39m, [32m'0.00'[39m ]
data rcv RT:[ [32m'0.00'[39m, [32m'4.25'[39m, [32m'3.41'[39m, [32m'0.00'[39m ]
data rcv RT:[ [32m'0.00'[39m, [32m'4.27'[39m, [32m'3.39'[39m, [32m'0.00'[39m ]
data rcv RT:[ [32m'0.00'[39m, [32m'4.27'[39m, [32m'3.41'[39m, [32m'0.00'[39m ]
data rcv RT:[ [32m'0.00'[39m, [32m'4.29'[39m, [32m'3.38'[39m, [32m'0.00'[39m ]
data rcv RT:[ [32m'0.00'[39m, [32m'4.31'[39m, [32m'3.37'[39m, [32m'0.01'[39m ]
data rcv RT:[ [32m'0.00'[39m, [32m'4.29'[39m, [32m'3.39'[39m, [32m'0.00'[39m ]
data rcv RT:[ [32m'0.00'[39m, [32m'4.35'[39m, [32m'3.38'[39m, [32m'0.01'[39m ]
data rcv RT:[ [32m'0.00'[39m, [32m'4.32'[39m, [32m'3.37'[39m, [32m'0.03'[39m ]
data rcv RT:[ [32m'0.00'[39m, [32m'4.35'[39m, [32m'3.38'[39m, [32m'0.05'[39m ]
data rcv RT:[ [32m'0.00'[39m, [32m'4.34'[39m, [32m'3.35'[39m, [32m'0.07'[39m ]
data rcv RT:[ [32m'0.00'[39m, [32m'4.37'[39m, [32m'3.42'[39m, [32m'0.00'[39m ]
data rcv RT:[ [32m'0.00'[39m, [32m'4.35'[39m, [32m'3.40'[39m, [32m'0.01'[39m ]
data rcv RT:[ [32m'0.00'[39m, [32m'4.36'[39m, [32m'3.42'[39m, [32m'0.00'[39m ]
data rcv RT:[ [32m'0.00'[39m, [32m'4.33'[39m, [32m'3.43'[39m, [32m'0.00'[39m ]
data rcv RT:[ [32m'0.00'[39m, [32m'4.34'[39m, [32m'3.41'[39m, [32m'0.00'[39m ]
data rcv RT:[ [32m'0.00'[39m, [32m'4.31'[39m, [32m'3.43'[39m, [32m'0.00'[39m ]
data rcv RT:[ [32m'0.00'[39m, [32m'4.30'[39m, [32m'3.42'[39m, [32m'0.00'[39m ]
data rcv RT:[ [32m'0.00'[39m, [32m'4.25'[39m, [32m'3.42'[39m, [32m'0.00'[39m ]
data rcv RT:[ [32m'0.00'[39m, [32m'4.24'[39m, [32m'3.40'[39m, [32m'0.00'[39m ]
data rcv RT:[ [32m'0.00'[39m, [32m'4.27'[39m, [32m'3.39'[39m, [32m'0.00'[39m ]
data rcv RT:[ [32m'0.00'[39m, [32m'4.27'[39m, [32m'3.38'[39m, [32m'0.00'[39m ]
data rcv RT:[ [32m'0.00'[39m, [32m'4.32'[39m, [32m'3.38'[39m, [32m'0.00'[39m ]
data rcv RT:[ [32m'0.00'[39m, [32m'4.33'[39m, [32m'3.36'[39m, [32m'0.00'[39m ]
data rcv RT:[ [32m'0.00'[39m, [32m'4.32'[39m, [32m'3.40'[39m, [32m'0.00'[39m ]
data rcv RT:[ [32m'0.00'[39m, [32m'4.36'[39m, [32m'3.39'[39m, [32m'0.00'[39m ]
data rcv RT:[ [32m'0.00'[39m, [32m'4.37'[39m, [32m'3.41'[39m, [32m'0.00'[39m ]
data rcv RT:[ [32m'0.00'[39m, [32m'4.32'[39m, [32m'3.43'[39m, [32m'0.00'[39m ]
data rcv RT:[ [32m'0.00'[39m, [32m'4.31'[39m, [32m'3.43'[39m, [32m'0.00'[39m ]
data rcv RT:[ [32m'0.00'[39m, [32m'4.29'[39m, [32m'3.42'[39m, [32m'0.00'[39m ]
data rcv RT:[ [32m'0.00'[39m, [32m'4.30'[39m, [32m'3.48'[39m, [32m'0.00'[39m ]
data rcv RT:[ [32m'0.00'[39m, [32m'4.29'[39m, [32m'3.42'[39m, [32m'0.00'[39m ]
data rcv RT:[ [32m'0.00'[39m, [32m'4.28'[39m, [32m'3.40'[39m, [32m'0.00'[39m ]
data rcv RT:[ [32m'0.00'[39m, [32m'4.28'[39m, [32m'3.42'[39m, [32m'0.00'[39m ]
data rcv RT:[ [32m'0.00'[39m, [32m'4.29'[39m, [32m'3.37'[39m, [32m'0.00'[39m ]
data rcv RT:[ [32m'0.00'[39m, [32m'4.30'[39m, [32m'3.37'[39m, [32m'0.01'[39m ]
data rcv RT:[ [32m'0.00'[39m, [32m'4.33'[39m, [32m'3.38'[39m, [32m'0.01'[39m ]
data rcv RT:[ [32m'0.00'[39m, [32m'4.33'[39m, [32m'3.38'[39m, [32m'0.01'[39m ]
data rcv RT:[ [32m'0.00'[39m, [32m'4.35'[39m, [32m'3.41'[39m, [32m'0.02'[39m ]
data rcv RT:[ [32m'0.00'[39m, [32m'4.38'[39m, [32m'3.40'[39m, [32m'0.00'[39m ]
data rcv RT:[ [32m'0.00'[39m, [32m'4.36'[39m, [32m'3.40'[39m, [32m'0.00'[39m ]
data rcv RT:[ [32m'0.00'[39m, [32m'4.37'[39m, [32m'3.40'[39m, [32m'0.00'[39m ]
data rcv RT:[ [32m'0.00'[39m, [32m'4.33'[39m, [32m'3.44'[39m, [32m'0.00'[39m ]
data rcv RT:[ [32m'0.00'[39m, [32m'4.36'[39m, [32m'3.41'[39m, [32m'0.00'[39m ]
data rcv RT:[ [32m'0.00'[39m, [32m'4.34'[39m, [32m'3.42'[39m, [32m'0.00'[39m ]
data rcv RT:[ [32m'0.00'[39m, [32m'4.30'[39m, [32m'3.43'[39m, [32m'0.00'[39m ]
data rcv RT:[ [32m'0.00'[39m, [32m'4.31'[39m, [32m'3.40'[39m, [32m'0.00'[39m ]
data rcv RT:[ [32m'0.00'[39m, [32m'4.30'[39m, [32m'3.45'[39m, [32m'0.00'[39m ]
data rcv RT:[ [32m'0.00'[39m, [32m'4.28'[39m, [32m'3.42'[39m, [32m'0.00'[39m ]
data rcv RT:[ [32m'0.00'[39m, [32m'4.24'[39m, [32m'3.41'[39m, [32m'0.00'[39m ]
data rcv RT:[ [32m'0.00'[39m, [32m'4.28'[39m, [32m'3.38'[39m, [32m'0.00'[39m ]
data rcv RT:[ [32m'0.00'[39m, [32m'4.29'[39m, [32m'3.37'[39m, [32m'0.00'[39m ]
data rcv RT:[ [32m'0.00'[39m, [32m'4.32'[39m, [32m'3.37'[39m, [32m'0.01'[39m ]
data rcv RT:[ [32m'0.00'[39m, [32m'4.33'[39m, [32m'3.40'[39m, [32m'0.00'[39m ]
data rcv RT:[ [32m'0.00'[39m, [32m'4.36'[39m, [32m'3.41'[39m, [32m'0.00'[39m ]
data rcv RT:[ [32m'0.00'[39m, [32m'4.33'[39m, [32m'3.42'[39m, [32m'0.00'[39m ]
data rcv RT:[ [32m'0.00'[39m, [32m'4.36'[39m, [32m'3.45'[39m, [32m'0.00'[39m ]
data rcv RT:[ [32m'0.00'[39m, [32m'4.29'[39m, [32m'3.43'[39m, [32m'0.00'[39m ]
data rcv RT:[ [32m'0.00'[39m, [32m'4.29'[39m, [32m'3.44'[39m, [32m'0.00'[39m ]
data rcv RT:[ [32m'0.00'[39m, [32m'4.28'[39m, [32m'3.40'[39m, [32m'0.00'[39m ]
data rcv RT:[ [32m'0.00'[39m, [32m'4.27'[39m, [32m'3.45'[39m, [32m'0.00'[39m ]
data rcv RT:[ [32m'0.00'[39m, [32m'4.28'[39m, [32m'3.42'[39m, [32m'0.00'[39m ]
data rcv RT:[ [32m'0.00'[39m, [32m'4.24'[39m, [32m'3.40'[39m, [32m'0.00'[39m ]
data rcv RT:[ [32m'0.00'[39m, [32m'4.28'[39m, [32m'3.36'[39m, [32m'0.00'[39m ]
data rcv RT:[ [32m'0.00'[39m, [32m'4.27'[39m, [32m'3.39'[39m, [32m'0.00'[39m ]
data rcv RT:[ [32m'0.00'[39m, [32m'4.32'[39m, [32m'3.40'[39m, [32m'0.00'[39m ]
data rcv RT:[ [32m'0.00'[39m, [32m'4.34'[39m, [32m'3.39'[39m, [32m'0.01'[39m ]
data rcv RT:[ [32m'0.00'[39m, [32m'4.34'[39m, [32m'3.38'[39m, [32m'0.01'[39m ]
data rcv RT:[ [32m'0.00'[39m, [32m'4.36'[39m, [32m'3.41'[39m, [32m'0.02'[39m ]
data rcv RT:[ [32m'0.00'[39m, [32m'4.32'[39m, [32m'3.36'[39m, [32m'0.01'[39m ]
data rcv RT:[ [32m'0.00'[39m, [32m'4.37'[39m, [32m'3.42'[39m, [32m'0.02'[39m ]
data rcv RT:[ [32m'0.00'[39m, [32m'4.36'[39m, [32m'3.43'[39m, [32m'0.00'[39m ]
data rcv RT:[ [32m'0.00'[39m, [32m'4.33'[39m, [32m'3.40'[39m, [32m'0.00'[39m ]
data rcv RT:[ [32m'0.00'[39m, [32m'4.28'[39m, [32m'3.45'[39m, [32m'0.00'[39m ]
data rcv RT:[ [32m'0.00'[39m, [32m'4.27'[39m, [32m'3.44'[39m, [32m'0.00'[39m ]
data rcv RT:[ [32m'0.00'[39m, [32m'4.27'[39m, [32m'3.40'[39m, [32m'0.00'[39m ]
data rcv RT:[ [32m'0.00'[39m, [32m'4.28'[39m, [32m'3.40'[39m, [32m'0.00'[39m ]
data rcv RT:[ [32m'0.00'[39m, [32m'4.24'[39m, [32m'3.39'[39m, [32m'0.00'[39m ]
data rcv RT:[ [32m'0.00'[39m, [32m'4.24'[39m, [32m'3.35'[39m, [32m'0.00'[39m ]
data rcv RT:[ [32m'0.00'[39m, [32m'4.27'[39m, [32m'3.40'[39m, [32m'0.00'[39m ]
data rcv RT:[ [32m'0.00'[39m, [32m'4.34'[39m, [32m'3.38'[39m, [32m'0.00'[39m ]
data rcv RT:[ [32m'0.00'[39m, [32m'4.29'[39m, [32m'3.38'[39m, [32m'0.00'[39m ]
data rcv RT:[ [32m'0.00'[39m, [32m'4.32'[39m, [32m'3.34'[39m, [32m'0.08'[39m ]
data rcv RT:[ [32m'0.00'[39m, [32m'4.34'[39m, [32m'3.36'[39m, [32m'0.01'[39m ]
data rcv RT:[ [32m'0.00'[39m, [32m'4.35'[39m, [32m'3.40'[39m, [32m'0.00'[39m ]
data rcv RT:[ [32m'0.00'[39m, [32m'4.37'[39m, [32m'3.42'[39m, [32m'0.00'[39m ]
data rcv RT:[ [32m'0.00'[39m, [32m'4.34'[39m, [32m'3.41'[39m, [32m'0.00'[39m ]
data rcv RT:[ [32m'0.00'[39m, [32m'4.30'[39m, [32m'3.42'[39m, [32m'0.00'[39m ]
data rcv RT:[ [32m'0.00'[39m, [32m'4.29'[39m, [32m'3.41'[39m, [32m'0.00'[39m ]
data rcv RT:[ [32m'0.00'[39m, [32m'4.26'[39m, [32m'3.45'[39m, [32m'0.00'[39m ]
data rcv RT:[ [32m'0.00'[39m, [32m'4.32'[39m, [32m'3.43'[39m, [32m'0.00'[39m ]
data rcv RT:[ [32m'0.00'[39m, [32m'4.28'[39m, [32m'3.41'[39m, [32m'0.00'[39m ]
data rcv RT:[ [32m'0.00'[39m, [32m'4.29'[39m, [32m'3.38'[39m, [32m'0.01'[39m ]
data rcv RT:[ [32m'0.00'[39m, [32m'4.31'[39m, [32m'3.38'[39m, [32m'0.00'[39m ]
data rcv RT:[ [32m'0.00'[39m, [32m'4.34'[39m, [32m'3.35'[39m, [32m'0.05'[39m ]
data rcv RT:[ [32m'0.00'[39m, [32m'4.36'[39m, [32m'3.38'[39m, [32m'0.02'[39m ]
data rcv RT:[ [32m'0.00'[39m, [32m'4.35'[39m, [32m'3.40'[39m, [32m'0.03'[39m ]
data rcv RT:[ [32m'0.00'[39m, [32m'4.35'[39m, [32m'3.42'[39m, [32m'0.00'[39m ]
data rcv RT:[ [32m'0.00'[39m, [32m'4.35'[39m, [32m'3.43'[39m, [32m'0.00'[39m ]
data rcv RT:[ [32m'0.00'[39m, [32m'4.34'[39m, [32m'3.40'[39m, [32m'0.00'[39m ]
data rcv RT:[ [32m'0.00'[39m, [32m'4.30'[39m, [32m'3.41'[39m, [32m'0.00'[39m ]
data rcv RT:[ [32m'0.00'[39m, [32m'4.28'[39m, [32m'3.42'[39m, [32m'0.00'[39m ]
data rcv RT:[ [32m'0.00'[39m, [32m'4.27'[39m, [32m'3.42'[39m, [32m'0.00'[39m ]
data rcv RT:[ [32m'0.00'[39m, [32m'4.29'[39m, [32m'3.44'[39m, [32m'0.00'[39m ]
data rcv RT:[ [32m'0.00'[39m, [32m'4.29'[39m, [32m'3.37'[39m, [32m'0.00'[39m ]
data rcv RT:[ [32m'0.00'[39m, [32m'4.30'[39m, [32m'3.37'[39m, [32m'0.01'[39m ]
data rcv RT:[ [32m'0.00'[39m, [32m'4.28'[39m, [32m'3.37'[39m, [32m'0.02'[39m ]
data rcv RT:[ [32m'0.00'[39m, [32m'4.30'[39m, [32m'3.39'[39m, [32m'0.03'[39m ]
data rcv RT:[ [32m'0.00'[39m, [32m'4.35'[39m, [32m'3.38'[39m, [32m'0.04'[39m ]
data rcv RT:[ [32m'0.00'[39m, [32m'4.38'[39m, [32m'3.42'[39m, [32m'0.00'[39m ]
data rcv RT:[ [32m'0.00'[39m, [32m'4.37'[39m, [32m'3.42'[39m, [32m'0.00'[39m ]
data rcv RT:[ [32m'0.00'[39m, [32m'4.35'[39m, [32m'3.45'[39m, [32m'0.00'[39m ]
data rcv RT:[ [32m'0.00'[39m, [32m'4.31'[39m, [32m'3.41'[39m, [32m'0.00'[39m ]
data rcv RT:[ [32m'0.00'[39m, [32m'4.26'[39m, [32m'3.43'[39m, [32m'0.00'[39m ]
data rcv RT:[ [32m'0.00'[39m, [32m'4.24'[39m, [32m'3.40'[39m, [32m'0.00'[39m ]
data rcv RT:[ [32m'0.00'[39m, [32m'4.21'[39m, [32m'3.42'[39m, [32m'0.00'[39m ]
data rcv RT:[ [32m'0.00'[39m, [32m'4.30'[39m, [32m'3.38'[39m, [32m'0.00'[39m ]
data rcv RT:[ [32m'0.00'[39m, [32m'4.29'[39m, [32m'3.40'[39m, [32m'0.00'[39m ]
data rcv RT:[ [32m'0.00'[39m, [32m'4.32'[39m, [32m'3.42'[39m, [32m'0.00'[39m ]
data rcv RT:[ [32m'0.00'[39m, [32m'4.29'[39m, [32m'3.39'[39m, [32m'0.01'[39m ]
data rcv RT:[ [32m'0.00'[39m, [32m'4.32'[39m, [32m'3.40'[39m, [32m'0.01'[39m ]
data rcv RT:[ [32m'0.00'[39m, [32m'4.34'[39m, [32m'3.41'[39m, [32m'0.01'[39m ]
data rcv RT:[ [32m'0.00'[39m, [32m'4.36'[39m, [32m'3.45'[39m, [32m'0.00'[39m ]
data rcv RT:[ [32m'0.00'[39m, [32m'4.36'[39m, [32m'3.44'[39m, [32m'0.00'[39m ]
data rcv RT:[ [32m'0.00'[39m, [32m'4.32'[39m, [32m'3.41'[39m, [32m'0.00'[39m ]
data rcv RT:[ [32m'0.00'[39m, [32m'4.27'[39m, [32m'3.45'[39m, [32m'0.00'[39m ]
data rcv RT:[ [32m'0.00'[39m, [32m'4.24'[39m, [32m'3.41'[39m, [32m'0.00'[39m ]
data rcv RT:[ [32m'0.00'[39m, [32m'4.27'[39m, [32m'3.38'[39m, [32m'0.00'[39m ]
data rcv RT:[ [32m'0.00'[39m, [32m'4.28'[39m, [32m'3.36'[39m, [32m'0.00'[39m ]
data rcv RT:[ [32m'0.00'[39m, [32m'4.33'[39m, [32m'3.39'[39m, [32m'0.00'[39m ]
data rcv RT:[ [32m'0.00'[39m, [32m'4.33'[39m, [32m'3.39'[39m, [32m'0.02'[39m ]
data rcv RT:[ [32m'0.00'[39m, [32m'4.30'[39m, [32m'3.37'[39m, [32m'0.04'[39m ]
data rcv RT:[ [32m'0.00'[39m, [32m'4.34'[39m, [32m'3.42'[39m, [32m'0.00'[39m ]
data rcv RT:[ [32m'0.00'[39m, [32m'4.33'[39m, [32m'3.40'[39m, [32m'0.00'[39m ]
data rcv RT:[ [32m'0.00'[39m, [32m'4.32'[39m, [32m'3.44'[39m, [32m'0.00'[39m ]
data rcv RT:[ [32m'0.00'[39m, [32m'4.32'[39m, [32m'3.40'[39m, [32m'0.00'[39m ]
data rcv RT:[ [32m'0.00'[39m, [32m'4.34'[39m, [32m'3.42'[39m, [32m'0.00'[39m ]
data rcv RT:[ [32m'0.00'[39m, [32m'4.31'[39m, [32m'3.43'[39m, [32m'0.00'[39m ]
data rcv RT:[ [32m'0.00'[39m, [32m'4.27'[39m, [32m'3.44'[39m, [32m'0.00'[39m ]
data rcv RT:[ [32m'0.00'[39m, [32m'4.27'[39m, [32m'3.40'[39m, [32m'0.00'[39m ]
data rcv RT:[ [32m'0.00'[39m, [32m'4.29'[39m, [32m'3.37'[39m, [32m'0.00'[39m ]
data rcv RT:[ [32m'0.00'[39m, [32m'4.35'[39m, [32m'3.38'[39m, [32m'0.02'[39m ]
data rcv RT:[ [32m'0.00'[39m, [32m'4.32'[39m, [32m'3.38'[39m, [32m'0.01'[39m ]
data rcv RT:[ [32m'0.00'[39m, [32m'4.34'[39m, [32m'3.37'[39m, [32m'0.06'[39m ]
data rcv RT:[ [32m'0.00'[39m, [32m'4.37'[39m, [32m'3.41'[39m, [32m'0.00'[39m ]
data rcv RT:[ [32m'0.00'[39m, [32m'4.37'[39m, [32m'3.41'[39m, [32m'0.00'[39m ]
data rcv RT:[ [32m'0.00'[39m, [32m'4.33'[39m, [32m'3.44'[39m, [32m'0.00'[39m ]
data rcv RT:[ [32m'0.00'[39m, [32m'4.34'[39m, [32m'3.42'[39m, [32m'0.00'[39m ]
data rcv RT:[ [32m'0.00'[39m, [32m'4.32'[39m, [32m'3.40'[39m, [32m'0.00'[39m ]
data rcv RT:[ [32m'0.00'[39m, [32m'4.32'[39m, [32m'3.49'[39m, [32m'0.00'[39m ]
data rcv RT:[ [32m'0.00'[39m, [32m'4.30'[39m, [32m'3.48'[39m, [32m'0.00'[39m ]
data rcv RT:[ [32m'0.00'[39m, [32m'4.28'[39m, [32m'3.40'[39m, [32m'0.00'[39m ]
data rcv RT:[ [32m'0.00'[39m, [32m'4.25'[39m, [32m'3.38'[39m, [32m'0.00'[39m ]
data rcv RT:[ [32m'0.00'[39m, [32m'4.27'[39m, [32m'3.38'[39m, [32m'0.00'[39m ]
data rcv RT:[ [32m'0.00'[39m, [32m'4.31'[39m, [32m'3.38'[39m, [32m'0.01'[39m ]
data rcv RT:[ [32m'0.00'[39m, [32m'4.33'[39m, [32m'3.40'[39m, [32m'0.01'[39m ]
data rcv RT:[ [32m'0.00'[39m, [32m'4.31'[39m, [32m'3.36'[39m, [32m'0.03'[39m ]
data rcv RT:[ [32m'0.00'[39m, [32m'4.38'[39m, [32m'3.39'[39m, [32m'0.03'[39m ]
data rcv RT:[ [32m'0.00'[39m, [32m'4.37'[39m, [32m'3.40'[39m, [32m'0.00'[39m ]
data rcv RT:[ [32m'0.00'[39m, [32m'4.33'[39m, [32m'3.44'[39m, [32m'0.00'[39m ]
data rcv RT:[ [32m'0.00'[39m, [32m'4.32'[39m, [32m'3.43'[39m, [32m'0.00'[39m ]
data rcv RT:[ [32m'0.00'[39m, [32m'4.32'[39m, [32m'3.41'[39m, [32m'0.00'[39m ]
data rcv RT:[ [32m'0.00'[39m, [32m'4.32'[39m, [32m'3.42'[39m, [32m'0.00'[39m ]
data rcv RT:[ [32m'0.00'[39m, [32m'4.28'[39m, [32m'3.42'[39m, [32m'0.00'[39m ]
data rcv RT:[ [32m'0.00'[39m, [32m'4.27'[39m, [32m'3.40'[39m, [32m'0.00'[39m ]
data rcv RT:[ [32m'0.00'[39m, [32m'4.30'[39m, [32m'3.40'[39m, [32m'0.00'[39m ]
data rcv RT:[ [32m'0.00'[39m, [32m'4.29'[39m, [32m'3.39'[39m, [32m'0.00'[39m ]
data rcv RT:[ [32m'0.00'[39m, [32m'4.33'[39m, [32m'3.38'[39m, [32m'0.02'[39m ]
data rcv RT:[ [32m'0.00'[39m, [32m'4.33'[39m, [32m'3.40'[39m, [32m'0.02'[39m ]
data rcv RT:[ [32m'0.00'[39m, [32m'4.36'[39m, [32m'3.40'[39m, [32m'0.00'[39m ]
data rcv RT:[ [32m'0.00'[39m, [32m'4.37'[39m, [32m'3.41'[39m, [32m'0.00'[39m ]
data rcv RT:[ [32m'0.00'[39m, [32m'4.33'[39m, [32m'3.42'[39m, [32m'0.00'[39m ]
data rcv RT:[ [32m'0.00'[39m, [32m'4.30'[39m, [32m'3.42'[39m, [32m'0.00'[39m ]
data rcv RT:[ [32m'0.00'[39m, [32m'4.26'[39m, [32m'3.42'[39m, [32m'0.00'[39m ]
data rcv RT:[ [32m'0.00'[39m, [32m'4.25'[39m, [32m'3.42'[39m, [32m'0.00'[39m ]
data rcv RT:[ [32m'0.00'[39m, [32m'4.29'[39m, [32m'3.38'[39m, [32m'0.00'[39m ]
data rcv RT:[ [32m'0.00'[39m, [32m'4.29'[39m, [32m'3.38'[39m, [32m'0.00'[39m ]
data rcv RT:[ [32m'0.00'[39m, [32m'4.29'[39m, [32m'3.39'[39m, [32m'0.00'[39m ]
data rcv RT:[ [32m'0.00'[39m, [32m'4.31'[39m, [32m'3.38'[39m, [32m'0.01'[39m ]
data rcv RT:[ [32m'0.00'[39m, [32m'4.36'[39m, [32m'3.37'[39m, [32m'0.02'[39m ]
data rcv RT:[ [32m'0.00'[39m, [32m'4.37'[39m, [32m'3.41'[39m, [32m'0.00'[39m ]
data rcv RT:[ [32m'0.00'[39m, [32m'4.38'[39m, [32m'3.42'[39m, [32m'0.00'[39m ]
data rcv RT:[ [32m'0.00'[39m, [32m'4.34'[39m, [32m'3.42'[39m, [32m'0.00'[39m ]
data rcv RT:[ [32m'0.00'[39m, [32m'4.34'[39m, [32m'3.43'[39m, [32m'0.00'[39m ]
data rcv RT:[ [32m'0.00'[39m, [32m'4.31'[39m, [32m'3.42'[39m, [32m'0.00'[39m ]
data rcv RT:[ [32m'0.00'[39m, [32m'4.26'[39m, [32m'3.43'[39m, [32m'0.00'[39m ]
data rcv RT:[ [32m'0.00'[39m, [32m'4.24'[39m, [32m'3.41'[39m, [32m'0.00'[39m ]
data rcv RT:[ [32m'0.00'[39m, [32m'4.26'[39m, [32m'3.39'[39m, [32m'0.00'[39m ]
data rcv RT:[ [32m'0.00'[39m, [32m'4.29'[39m, [32m'3.38'[39m, [32m'0.00'[39m ]
data rcv RT:[ [32m'0.00'[39m, [32m'4.28'[39m, [32m'3.36'[39m, [32m'0.00'[39m ]
data rcv RT:[ [32m'0.00'[39m, [32m'4.29'[39m, [32m'3.38'[39m, [32m'0.00'[39m ]
data rcv RT:[ [32m'0.00'[39m, [32m'4.31'[39m, [32m'3.39'[39m, [32m'0.01'[39m ]
data rcv RT:[ [32m'0.00'[39m, [32m'4.33'[39m, [32m'3.37'[39m, [32m'0.03'[39m ]
data rcv RT:[ [32m'0.00'[39m, [32m'4.38'[39m, [32m'3.39'[39m, [32m'0.01'[39m ]
data rcv RT:[ [32m'0.00'[39m, [32m'4.35'[39m, [32m'3.40'[39m, [32m'0.00'[39m ]
data rcv RT:[ [32m'0.00'[39m, [32m'4.37'[39m, [32m'3.42'[39m, [32m'0.00'[39m ]
data rcv RT:[ [32m'0.00'[39m, [32m'4.31'[39m, [32m'3.43'[39m, [32m'0.00'[39m ]
data rcv RT:[ [32m'0.00'[39m, [32m'4.33'[39m, [32m'3.42'[39m, [32m'0.00'[39m ]
data rcv RT:[ [32m'0.00'[39m, [32m'4.30'[39m, [32m'3.43'[39m, [32m'0.00'[39m ]
data rcv RT:[ [32m'0.00'[39m, [32m'4.26'[39m, [32m'3.43'[39m, [32m'0.00'[39m ]
data rcv RT:[ [32m'0.00'[39m, [32m'4.26'[39m, [32m'3.40'[39m, [32m'0.00'[39m ]
data rcv RT:[ [32m'0.00'[39m, [32m'4.25'[39m, [32m'3.37'[39m, [32m'0.00'[39m ]
data rcv RT:[ [32m'0.00'[39m, [32m'4.29'[39m, [32m'3.39'[39m, [32m'0.00'[39m ]
data rcv RT:[ [32m'0.00'[39m, [32m'4.29'[39m, [32m'3.40'[39m, [32m'0.00'[39m ]
data rcv RT:[ [32m'0.00'[39m, [32m'4.31'[39m, [32m'3.37'[39m, [32m'0.02'[39m ]
data rcv RT:[ [32m'0.00'[39m, [32m'4.35'[39m, [32m'3.37'[39m, [32m'0.02'[39m ]
data rcv RT:[ [32m'0.00'[39m, [32m'4.38'[39m, [32m'3.41'[39m, [32m'0.00'[39m ]
data rcv RT:[ [32m'0.00'[39m, [32m'4.34'[39m, [32m'3.39'[39m, [32m'0.00'[39m ]
data rcv RT:[ [32m'0.00'[39m, [32m'4.38'[39m, [32m'3.38'[39m, [32m'0.03'[39m ]
data rcv RT:[ [32m'0.00'[39m, [32m'4.36'[39m, [32m'3.42'[39m, [32m'0.00'[39m ]
data rcv RT:[ [32m'0.00'[39m, [32m'4.33'[39m, [32m'3.42'[39m, [32m'0.00'[39m ]
data rcv RT:[ [32m'0.00'[39m, [32m'4.33'[39m, [32m'3.42'[39m, [32m'0.00'[39m ]
data rcv RT:[ [32m'0.00'[39m, [32m'4.30'[39m, [32m'3.43'[39m, [32m'0.00'[39m ]
data rcv RT:[ [32m'0.00'[39m, [32m'4.31'[39m, [32m'3.48'[39m, [32m'0.00'[39m ]
data rcv RT:[ [32m'0.00'[39m, [32m'4.30'[39m, [32m'3.47'[39m, [32m'0.00'[39m ]
data rcv RT:[ [32m'0.00'[39m, [32m'4.26'[39m, [32m'3.45'[39m, [32m'0.00'[39m ]
data rcv RT:[ [32m'0.00'[39m, [32m'4.26'[39m, [32m'3.42'[39m, [32m'0.00'[39m ]
data rcv RT:[ [32m'0.00'[39m, [32m'4.27'[39m, [32m'3.37'[39m, [32m'0.00'[39m ]
data rcv RT:[ [32m'0.00'[39m, [32m'4.28'[39m, [32m'3.37'[39m, [32m'0.00'[39m ]
data rcv RT:[ [32m'0.00'[39m, [32m'4.29'[39m, [32m'3.39'[39m, [32m'0.00'[39m ]
data rcv RT:[ [32m'0.00'[39m, [32m'4.35'[39m, [32m'3.38'[39m, [32m'0.00'[39m ]
data rcv RT:[ [32m'0.00'[39m, [32m'4.37'[39m, [32m'3.40'[39m, [32m'0.03'[39m ]
data rcv RT:[ [32m'0.00'[39m, [32m'4.35'[39m, [32m'3.33'[39m, [32m'0.06'[39m ]
data rcv RT:[ [32m'0.00'[39m, [32m'4.36'[39m, [32m'3.44'[39m, [32m'0.00'[39m ]
data rcv RT:[ [32m'0.00'[39m, [32m'4.37'[39m, [32m'3.39'[39m, [32m'0.03'[39m ]
data rcv RT:[ [32m'0.00'[39m, [32m'4.33'[39m, [32m'3.44'[39m, [32m'0.00'[39m ]
data rcv RT:[ [32m'0.00'[39m, [32m'4.32'[39m, [32m'3.43'[39m, [32m'0.00'[39m ]
data rcv RT:[ [32m'0.00'[39m, [32m'4.27'[39m, [32m'3.40'[39m, [32m'0.00'[39m ]
data rcv RT:[ [32m'0.00'[39m, [32m'4.32'[39m, [32m'3.45'[39m, [32m'0.00'[39m ]
data rcv RT:[ [32m'0.00'[39m, [32m'4.25'[39m, [32m'3.39'[39m, [32m'0.00'[39m ]
data rcv RT:[ [32m'0.00'[39m, [32m'4.27'[39m, [32m'3.35'[39m, [32m'0.00'[39m ]
data rcv RT:[ [32m'0.00'[39m, [32m'4.29'[39m, [32m'3.39'[39m, [32m'0.00'[39m ]
data rcv RT:[ [32m'0.00'[39m, [32m'4.30'[39m, [32m'3.37'[39m, [32m'0.00'[39m ]
data rcv RT:[ [32m'0.00'[39m, [32m'4.29'[39m, [32m'3.38'[39m, [32m'0.00'[39m ]
data rcv RT:[ [32m'0.00'[39m, [32m'4.32'[39m, [32m'3.38'[39m, [32m'0.01'[39m ]
data rcv RT:[ [32m'0.00'[39m, [32m'4.36'[39m, [32m'3.37'[39m, [32m'0.05'[39m ]
data rcv RT:[ [32m'0.00'[39m, [32m'4.37'[39m, [32m'3.37'[39m, [32m'0.05'[39m ]
data rcv RT:[ [32m'0.00'[39m, [32m'4.33'[39m, [32m'3.44'[39m, [32m'0.00'[39m ]
data rcv RT:[ [32m'0.00'[39m, [32m'4.31'[39m, [32m'3.41'[39m, [32m'0.00'[39m ]
data rcv RT:[ [32m'0.00'[39m, [32m'4.34'[39m, [32m'3.44'[39m, [32m'0.00'[39m ]
data rcv RT:[ [32m'0.00'[39m, [32m'4.29'[39m, [32m'3.42'[39m, [32m'0.00'[39m ]
data rcv RT:[ [32m'0.00'[39m, [32m'4.30'[39m, [32m'3.44'[39m, [32m'0.00'[39m ]
data rcv RT:[ [32m'0.00'[39m, [32m'4.26'[39m, [32m'3.41'[39m, [32m'0.00'[39m ]
data rcv RT:[ [32m'0.00'[39m, [32m'4.29'[39m, [32m'3.41'[39m, [32m'0.00'[39m ]
data rcv RT:[ [32m'0.00'[39m, [32m'4.26'[39m, [32m'3.37'[39m, [32m'0.00'[39m ]
data rcv RT:[ [32m'0.00'[39m, [32m'4.31'[39m, [32m'3.38'[39m, [32m'0.01'[39m ]
data rcv RT:[ [32m'0.00'[39m, [32m'4.30'[39m, [32m'3.37'[39m, [32m'0.00'[39m ]
data rcv RT:[ [32m'0.00'[39m, [32m'4.32'[39m, [32m'3.38'[39m, [32m'0.01'[39m ]
data rcv RT:[ [32m'0.00'[39m, [32m'4.33'[39m, [32m'3.39'[39m, [32m'0.02'[39m ]
data rcv RT:[ [32m'0.00'[39m, [32m'4.37'[39m, [32m'3.41'[39m, [32m'0.00'[39m ]
data rcv RT:[ [32m'0.00'[39m, [32m'4.35'[39m, [32m'3.41'[39m, [32m'0.00'[39m ]
data rcv RT:[ [32m'0.00'[39m, [32m'4.33'[39m, [32m'3.44'[39m, [32m'0.00'[39m ]
data rcv RT:[ [32m'0.00'[39m, [32m'4.30'[39m, [32m'3.43'[39m, [32m'0.00'[39m ]
data rcv RT:[ [32m'0.00'[39m, [32m'4.30'[39m, [32m'3.43'[39m, [32m'0.00'[39m ]
data rcv RT:[ [32m'0.00'[39m, [32m'4.29'[39m, [32m'3.42'[39m, [32m'0.00'[39m ]
data rcv RT:[ [32m'0.00'[39m, [32m'4.31'[39m, [32m'3.46'[39m, [32m'0.00'[39m ]
data rcv RT:[ [32m'0.00'[39m, [32m'4.27'[39m, [32m'3.41'[39m, [32m'0.00'[39m ]
data rcv RT:[ [32m'0.00'[39m, [32m'4.26'[39m, [32m'3.38'[39m, [32m'0.00'[39m ]
data rcv RT:[ [32m'0.00'[39m, [32m'4.29'[39m, [32m'3.37'[39m, [32m'0.00'[39m ]
data rcv RT:[ [32m'0.00'[39m, [32m'4.32'[39m, [32m'3.39'[39m, [32m'0.01'[39m ]
data rcv RT:[ [32m'0.00'[39m, [32m'4.31'[39m, [32m'3.39'[39m, [32m'0.00'[39m ]
data rcv RT:[ [32m'0.00'[39m, [32m'4.34'[39m, [32m'3.36'[39m, [32m'0.00'[39m ]
data rcv RT:[ [32m'0.00'[39m, [32m'4.33'[39m, [32m'3.37'[39m, [32m'0.03'[39m ]
data rcv RT:[ [32m'0.00'[39m, [32m'4.34'[39m, [32m'3.38'[39m, [32m'0.01'[39m ]
data rcv RT:[ [32m'0.00'[39m, [32m'4.36'[39m, [32m'3.37'[39m, [32m'0.04'[39m ]
data rcv RT:[ [32m'0.00'[39m, [32m'4.38'[39m, [32m'3.42'[39m, [32m'0.00'[39m ]
data rcv RT:[ [32m'0.00'[39m, [32m'4.36'[39m, [32m'3.41'[39m, [32m'0.00'[39m ]
data rcv RT:[ [32m'0.00'[39m, [32m'4.35'[39m, [32m'3.43'[39m, [32m'0.00'[39m ]
data rcv RT:[ [32m'0.00'[39m, [32m'4.31'[39m, [32m'3.42'[39m, [32m'0.00'[39m ]
data rcv RT:[ [32m'0.00'[39m, [32m'4.33'[39m, [32m'3.44'[39m, [32m'0.00'[39m ]
data rcv RT:[ [32m'0.00'[39m, [32m'4.29'[39m, [32m'3.44'[39m, [32m'0.00'[39m ]
data rcv RT:[ [32m'0.00'[39m, [32m'4.27'[39m, [32m'3.40'[39m, [32m'0.00'[39m ]
data rcv RT:[ [32m'0.00'[39m, [32m'4.30'[39m, [32m'3.39'[39m, [32m'0.00'[39m ]
data rcv RT:[ [32m'0.00'[39m, [32m'4.28'[39m, [32m'3.39'[39m, [32m'0.00'[39m ]
data rcv RT:[ [32m'0.00'[39m, [32m'4.31'[39m, [32m'3.38'[39m, [32m'0.01'[39m ]
data rcv RT:[ [32m'0.00'[39m, [32m'4.34'[39m, [32m'3.38'[39m, [32m'0.01'[39m ]
data rcv RT:[ [32m'0.00'[39m, [32m'4.30'[39m, [32m'3.38'[39m, [32m'0.00'[39m ]
data rcv RT:[ [32m'0.00'[39m, [32m'4.32'[39m, [32m'3.36'[39m, [32m'0.01'[39m ]
data rcv RT:[ [32m'0.00'[39m, [32m'4.34'[39m, [32m'3.39'[39m, [32m'0.01'[39m ]
data rcv RT:[ [32m'0.00'[39m, [32m'4.34'[39m, [32m'3.39'[39m, [32m'0.02'[39m ]
data rcv RT:[ [32m'0.00'[39m, [32m'4.36'[39m, [32m'3.39'[39m, [32m'0.02'[39m ]
data rcv RT:[ [32m'0.00'[39m, [32m'4.37'[39m, [32m'3.38'[39m, [32m'0.05'[39m ]
data rcv RT:[ [32m'0.00'[39m, [32m'4.38'[39m, [32m'3.40'[39m, [32m'0.03'[39m ]
data rcv RT:[ [32m'0.00'[39m, [32m'4.35'[39m, [32m'3.45'[39m, [32m'0.00'[39m ]
data rcv RT:[ [32m'0.00'[39m, [32m'4.35'[39m, [32m'3.40'[39m, [32m'0.00'[39m ]
data rcv RT:[ [32m'0.00'[39m, [32m'4.34'[39m, [32m'3.42'[39m, [32m'0.00'[39m ]
data rcv RT:[ [32m'0.00'[39m, [32m'4.35'[39m, [32m'3.42'[39m, [32m'0.00'[39m ]
data rcv RT:[ [32m'0.00'[39m, [32m'4.30'[39m, [32m'3.43'[39m, [32m'0.00'[39m ]
data rcv RT:[ [32m'0.00'[39m, [32m'4.32'[39m, [32m'3.43'[39m, [32m'0.00'[39m ]
data rcv RT:[ [32m'0.00'[39m, [32m'4.32'[39m, [32m'3.45'[39m, [32m'0.00'[39m ]
data rcv RT:[ [32m'0.00'[39m, [32m'4.31'[39m, [32m'3.42'[39m, [32m'0.00'[39m ]
data rcv RT:[ [32m'0.00'[39m, [32m'4.29'[39m, [32m'3.42'[39m, [32m'0.00'[39m ]
data rcv RT:[ [32m'0.00'[39m, [32m'4.31'[39m, [32m'3.43'[39m, [32m'0.00'[39m ]
data rcv RT:[ [32m'0.00'[39m, [32m'4.27'[39m, [32m'3.40'[39m, [32m'0.00'[39m ]
data rcv RT:[ [32m'0.00'[39m, [32m'4.27'[39m, [32m'3.42'[39m, [32m'0.00'[39m ]
data rcv RT:[ [32m'0.00'[39m, [32m'4.26'[39m, [32m'3.40'[39m, [32m'0.00'[39m ]
data rcv RT:[ [32m'0.00'[39m, [32m'4.30'[39m, [32m'3.39'[39m, [32m'0.01'[39m ]
data rcv RT:[ [32m'0.00'[39m, [32m'4.34'[39m, [32m'3.37'[39m, [32m'0.01'[39m ]
data rcv RT:[ [32m'0.00'[39m, [32m'4.36'[39m, [32m'3.38'[39m, [32m'0.06'[39m ]
data rcv RT:[ [32m'0.00'[39m, [32m'4.36'[39m, [32m'3.37'[39m, [32m'0.01'[39m ]
data rcv RT:[ [32m'0.00'[39m, [32m'4.33'[39m, [32m'3.37'[39m, [32m'0.01'[39m ]
data rcv RT:[ [32m'0.00'[39m, [32m'4.35'[39m, [32m'3.35'[39m, [32m'0.05'[39m ]
data rcv RT:[ [32m'0.00'[39m, [32m'4.36'[39m, [32m'3.41'[39m, [32m'0.00'[39m ]
data rcv RT:[ [32m'0.00'[39m, [32m'4.34'[39m, [32m'3.43'[39m, [32m'0.00'[39m ]
data rcv RT:[ [32m'0.00'[39m, [32m'4.34'[39m, [32m'3.44'[39m, [32m'0.00'[39m ]
data rcv RT:[ [32m'0.00'[39m, [32m'4.31'[39m, [32m'3.43'[39m, [32m'0.00'[39m ]
data rcv RT:[ [32m'0.00'[39m, [32m'4.32'[39m, [32m'3.45'[39m, [32m'0.00'[39m ]
data rcv RT:[ [32m'0.00'[39m, [32m'4.34'[39m, [32m'3.45'[39m, [32m'0.00'[39m ]
data rcv RT:[ [32m'0.00'[39m, [32m'4.33'[39m, [32m'3.44'[39m, [32m'0.00'[39m ]
data rcv RT:[ [32m'0.00'[39m, [32m'4.31'[39m, [32m'3.48'[39m, [32m'0.00'[39m ]
data rcv RT:[ [32m'0.00'[39m, [32m'4.28'[39m, [32m'3.40'[39m, [32m'0.00'[39m ]
data rcv RT:[ [32m'0.00'[39m, [32m'4.28'[39m, [32m'3.41'[39m, [32m'0.00'[39m ]
data rcv RT:[ [32m'0.00'[39m, [32m'4.26'[39m, [32m'3.39'[39m, [32m'0.00'[39m ]
data rcv RT:[ [32m'0.00'[39m, [32m'4.24'[39m, [32m'3.39'[39m, [32m'0.00'[39m ]
data rcv RT:[ [32m'0.00'[39m, [32m'4.27'[39m, [32m'3.41'[39m, [32m'0.00'[39m ]
data rcv RT:[ [32m'0.00'[39m, [32m'4.27'[39m, [32m'3.41'[39m, [32m'0.00'[39m ]
data rcv RT:[ [32m'0.00'[39m, [32m'4.27'[39m, [32m'3.38'[39m, [32m'0.00'[39m ]
data rcv RT:[ [32m'0.00'[39m, [32m'4.26'[39m, [32m'3.38'[39m, [32m'0.00'[39m ]
data rcv RT:[ [32m'0.00'[39m, [32m'4.27'[39m, [32m'3.37'[39m, [32m'0.00'[39m ]
data rcv RT:[ [32m'0.00'[39m, [32m'4.30'[39m, [32m'3.39'[39m, [32m'0.00'[39m ]
data rcv RT:[ [32m'0.00'[39m, [32m'4.29'[39m, [32m'3.38'[39m, [32m'0.00'[39m ]
data rcv RT:[ [32m'0.00'[39m, [32m'4.35'[39m, [32m'3.38'[39m, [32m'0.03'[39m ]
data rcv RT:[ [32m'0.00'[39m, [32m'4.32'[39m, [32m'3.34'[39m, [32m'0.05'[39m ]
data rcv RT:[ [32m'0.00'[39m, [32m'4.33'[39m, [32m'3.36'[39m, [32m'0.06'[39m ]
data rcv RT:[ [32m'0.00'[39m, [32m'4.35'[39m, [32m'3.36'[39m, [32m'0.04'[39m ]
data rcv RT:[ [32m'0.00'[39m, [32m'4.38'[39m, [32m'3.40'[39m, [32m'0.01'[39m ]
data rcv RT:[ [32m'0.00'[39m, [32m'4.37'[39m, [32m'3.41'[39m, [32m'0.00'[39m ]
data rcv RT:[ [32m'0.00'[39m, [32m'4.34'[39m, [32m'3.41'[39m, [32m'0.00'[39m ]
data rcv RT:[ [32m'0.00'[39m, [32m'4.34'[39m, [32m'3.43'[39m, [32m'0.00'[39m ]
data rcv RT:[ [32m'0.00'[39m, [32m'4.31'[39m, [32m'3.44'[39m, [32m'0.00'[39m ]
data rcv RT:[ [32m'0.00'[39m, [32m'4.27'[39m, [32m'3.43'[39m, [32m'0.00'[39m ]
data rcv RT:[ [32m'0.00'[39m, [32m'4.29'[39m, [32m'3.44'[39m, [32m'0.00'[39m ]
data rcv RT:[ [32m'0.00'[39m, [32m'4.28'[39m, [32m'3.42'[39m, [32m'0.00'[39m ]
data rcv RT:[ [32m'0.00'[39m, [32m'4.24'[39m, [32m'3.40'[39m, [32m'0.00'[39m ]
data rcv RT:[ [32m'0.00'[39m, [32m'4.28'[39m, [32m'3.39'[39m, [32m'0.00'[39m ]
data rcv RT:[ [32m'0.00'[39m, [32m'4.30'[39m, [32m'3.37'[39m, [32m'0.00'[39m ]
data rcv RT:[ [32m'0.00'[39m, [32m'4.29'[39m, [32m'3.36'[39m, [32m'0.00'[39m ]
data rcv RT:[ [32m'0.00'[39m, [32m'4.27'[39m, [32m'3.36'[39m, [32m'0.00'[39m ]
data rcv RT:[ [32m'0.00'[39m, [32m'4.32'[39m, [32m'3.39'[39m, [32m'0.02'[39m ]
data rcv RT:[ [32m'0.00'[39m, [32m'4.34'[39m, [32m'3.37'[39m, [32m'0.05'[39m ]
data rcv RT:[ [32m'0.00'[39m, [32m'4.37'[39m, [32m'3.35'[39m, [32m'0.03'[39m ]
data rcv RT:[ [32m'0.00'[39m, [32m'4.34'[39m, [32m'3.39'[39m, [32m'0.02'[39m ]
data rcv RT:[ [32m'0.00'[39m, [32m'4.35'[39m, [32m'3.38'[39m, [32m'0.04'[39m ]
data rcv RT:[ [32m'0.00'[39m, [32m'4.35'[39m, [32m'3.40'[39m, [32m'0.00'[39m ]
data rcv RT:[ [32m'0.00'[39m, [32m'4.35'[39m, [32m'3.43'[39m, [32m'0.00'[39m ]
data rcv RT:[ [32m'0.00'[39m, [32m'4.32'[39m, [32m'3.43'[39m, [32m'0.00'[39m ]
data rcv RT:[ [32m'0.00'[39m, [32m'4.30'[39m, [32m'3.41'[39m, [32m'0.00'[39m ]
data rcv RT:[ [32m'0.00'[39m, [32m'4.27'[39m, [32m'3.40'[39m, [32m'0.00'[39m ]
data rcv RT:[ [32m'0.00'[39m, [32m'4.26'[39m, [32m'3.40'[39m, [32m'0.00'[39m ]
data rcv RT:[ [32m'0.00'[39m, [32m'4.27'[39m, [32m'3.35'[39m, [32m'0.00'[39m ]
data rcv RT:[ [32m'0.00'[39m, [32m'4.31'[39m, [32m'3.37'[39m, [32m'0.00'[39m ]
data rcv RT:[ [32m'0.00'[39m, [32m'4.32'[39m, [32m'3.37'[39m, [32m'0.01'[39m ]
data rcv RT:[ [32m'0.00'[39m, [32m'4.33'[39m, [32m'3.37'[39m, [32m'0.01'[39m ]
data rcv RT:[ [32m'0.00'[39m, [32m'4.35'[39m, [32m'3.38'[39m, [32m'0.02'[39m ]
data rcv RT:[ [32m'0.00'[39m, [32m'4.32'[39m, [32m'3.39'[39m, [32m'0.01'[39m ]
data rcv RT:[ [32m'0.00'[39m, [32m'4.36'[39m, [32m'3.40'[39m, [32m'0.00'[39m ]
data rcv RT:[ [32m'0.00'[39m, [32m'4.34'[39m, [32m'3.41'[39m, [32m'0.01'[39m ]
data rcv RT:[ [32m'0.00'[39m, [32m'4.31'[39m, [32m'3.44'[39m, [32m'0.00'[39m ]
data rcv RT:[ [32m'0.00'[39m, [32m'4.32'[39m, [32m'3.42'[39m, [32m'0.00'[39m ]
data rcv RT:[ [32m'0.00'[39m, [32m'4.32'[39m, [32m'3.44'[39m, [32m'0.00'[39m ]
data rcv RT:[ [32m'0.00'[39m, [32m'4.33'[39m, [32m'3.44'[39m, [32m'0.00'[39m ]
data rcv RT:[ [32m'0.00'[39m, [32m'4.28'[39m, [32m'3.45'[39m, [32m'0.00'[39m ]
data rcv RT:[ [32m'0.00'[39m, [32m'4.28'[39m, [32m'3.39'[39m, [32m'0.00'[39m ]
data rcv RT:[ [32m'0.00'[39m, [32m'4.29'[39m, [32m'3.38'[39m, [32m'0.00'[39m ]
data rcv RT:[ [32m'0.00'[39m, [32m'4.28'[39m, [32m'3.38'[39m, [32m'0.01'[39m ]
data rcv RT:[ [32m'0.00'[39m, [32m'4.31'[39m, [32m'3.39'[39m, [32m'0.02'[39m ]
data rcv RT:[ [32m'0.00'[39m, [32m'4.36'[39m, [32m'3.38'[39m, [32m'0.02'[39m ]
data rcv RT:[ [32m'0.00'[39m, [32m'4.39'[39m, [32m'3.37'[39m, [32m'0.00'[39m ]
data rcv RT:[ [32m'0.00'[39m, [32m'4.35'[39m, [32m'3.41'[39m, [32m'0.00'[39m ]
data rcv RT:[ [32m'0.00'[39m, [32m'4.30'[39m, [32m'3.41'[39m, [32m'0.00'[39m ]
data rcv RT:[ [32m'0.00'[39m, [32m'4.27'[39m, [32m'3.39'[39m, [32m'0.00'[39m ]
data rcv RT:[ [32m'0.00'[39m, [32m'4.28'[39m, [32m'3.41'[39m, [32m'0.00'[39m ]
data rcv RT:[ [32m'0.00'[39m, [32m'4.28'[39m, [32m'3.39'[39m, [32m'0.00'[39m ]
data rcv RT:[ [32m'0.00'[39m, [32m'4.28'[39m, [32m'3.39'[39m, [32m'0.00'[39m ]
data rcv RT:[ [32m'0.00'[39m, [32m'4.31'[39m, [32m'3.38'[39m, [32m'0.02'[39m ]
data rcv RT:[ [32m'0.00'[39m, [32m'4.32'[39m, [32m'3.39'[39m, [32m'0.02'[39m ]
data rcv RT:[ [32m'0.00'[39m, [32m'4.35'[39m, [32m'3.38'[39m, [32m'0.03'[39m ]
data rcv RT:[ [32m'0.00'[39m, [32m'4.37'[39m, [32m'3.37'[39m, [32m'0.02'[39m ]
data rcv RT:[ [32m'0.00'[39m, [32m'4.36'[39m, [32m'3.42'[39m, [32m'0.00'[39m ]
data rcv RT:[ [32m'0.00'[39m, [32m'4.34'[39m, [32m'3.41'[39m, [32m'0.00'[39m ]
data rcv RT:[ [32m'0.00'[39m, [32m'4.36'[39m, [32m'3.42'[39m, [32m'0.00'[39m ]
data rcv RT:[ [32m'0.00'[39m, [32m'4.32'[39m, [32m'3.42'[39m, [32m'0.00'[39m ]
data rcv RT:[ [32m'0.00'[39m, [32m'4.29'[39m, [32m'3.42'[39m, [32m'0.00'[39m ]
data rcv RT:[ [32m'0.00'[39m, [32m'4.31'[39m, [32m'3.41'[39m, [32m'0.00'[39m ]
data rcv RT:[ [32m'0.00'[39m, [32m'4.26'[39m, [32m'3.45'[39m, [32m'0.00'[39m ]
data rcv RT:[ [32m'0.00'[39m, [32m'4.28'[39m, [32m'3.37'[39m, [32m'0.00'[39m ]
data rcv RT:[ [32m'0.00'[39m, [32m'4.29'[39m, [32m'3.37'[39m, [32m'0.00'[39m ]
data rcv RT:[ [32m'0.00'[39m, [32m'4.32'[39m, [32m'3.39'[39m, [32m'0.01'[39m ]
data rcv RT:[ [32m'0.00'[39m, [32m'4.32'[39m, [32m'3.38'[39m, [32m'0.01'[39m ]
data rcv RT:[ [32m'0.00'[39m, [32m'4.36'[39m, [32m'3.39'[39m, [32m'0.05'[39m ]
data rcv RT:[ [32m'0.00'[39m, [32m'4.37'[39m, [32m'3.40'[39m, [32m'0.05'[39m ]
data rcv RT:[ [32m'0.00'[39m, [32m'4.36'[39m, [32m'3.36'[39m, [32m'0.03'[39m ]
data rcv RT:[ [32m'0.00'[39m, [32m'4.35'[39m, [32m'3.38'[39m, [32m'0.04'[39m ]
data rcv RT:[ [32m'0.00'[39m, [32m'4.38'[39m, [32m'3.40'[39m, [32m'0.00'[39m ]
data rcv RT:[ [32m'0.00'[39m, [32m'4.33'[39m, [32m'3.42'[39m, [32m'0.00'[39m ]
data rcv RT:[ [32m'0.00'[39m, [32m'4.34'[39m, [32m'3.44'[39m, [32m'0.00'[39m ]
data rcv RT:[ [32m'0.00'[39m, [32m'4.31'[39m, [32m'3.42'[39m, [32m'0.00'[39m ]
data rcv RT:[ [32m'0.00'[39m, [32m'4.29'[39m, [32m'3.43'[39m, [32m'0.00'[39m ]
data rcv RT:[ [32m'0.00'[39m, [32m'4.25'[39m, [32m'3.38'[39m, [32m'0.00'[39m ]
data rcv RT:[ [32m'0.00'[39m, [32m'4.25'[39m, [32m'3.40'[39m, [32m'0.00'[39m ]
data rcv RT:[ [32m'0.00'[39m, [32m'4.28'[39m, [32m'3.39'[39m, [32m'0.00'[39m ]
data rcv RT:[ [32m'0.00'[39m, [32m'4.30'[39m, [32m'3.38'[39m, [32m'0.00'[39m ]
data rcv RT:[ [32m'0.00'[39m, [32m'4.36'[39m, [32m'3.38'[39m, [32m'0.03'[39m ]
data rcv RT:[ [32m'0.00'[39m, [32m'4.35'[39m, [32m'3.38'[39m, [32m'0.01'[39m ]
data rcv RT:[ [32m'0.00'[39m, [32m'4.33'[39m, [32m'3.37'[39m, [32m'0.03'[39m ]
data rcv RT:[ [32m'0.00'[39m, [32m'4.36'[39m, [32m'3.40'[39m, [32m'0.00'[39m ]
data rcv RT:[ [32m'0.00'[39m, [32m'4.37'[39m, [32m'3.42'[39m, [32m'0.00'[39m ]
data rcv RT:[ [32m'0.00'[39m, [32m'4.33'[39m, [32m'3.43'[39m, [32m'0.00'[39m ]
data rcv RT:[ [32m'0.00'[39m, [32m'4.32'[39m, [32m'3.41'[39m, [32m'0.00'[39m ]
data rcv RT:[ [32m'0.00'[39m, [32m'4.30'[39m, [32m'3.42'[39m, [32m'0.00'[39m ]
data rcv RT:[ [32m'0.00'[39m, [32m'4.30'[39m, [32m'3.44'[39m, [32m'0.00'[39m ]
data rcv RT:[ [32m'0.00'[39m, [32m'4.30'[39m, [32m'3.43'[39m, [32m'0.00'[39m ]
data rcv RT:[ [32m'0.00'[39m, [32m'4.27'[39m, [32m'3.38'[39m, [32m'0.00'[39m ]
data rcv RT:[ [32m'0.00'[39m, [32m'4.27'[39m, [32m'3.44'[39m, [32m'0.00'[39m ]
data rcv RT:[ [32m'0.00'[39m, [32m'4.29'[39m, [32m'3.39'[39m, [32m'0.00'[39m ]
data rcv RT:[ [32m'0.00'[39m, [32m'4.32'[39m, [32m'3.39'[39m, [32m'0.02'[39m ]
data rcv RT:[ [32m'0.00'[39m, [32m'4.33'[39m, [32m'3.38'[39m, [32m'0.01'[39m ]
data rcv RT:[ [32m'0.00'[39m, [32m'4.33'[39m, [32m'3.34'[39m, [32m'0.05'[39m ]
data rcv RT:[ [32m'0.00'[39m, [32m'4.36'[39m, [32m'3.40'[39m, [32m'0.00'[39m ]
data rcv RT:[ [32m'0.00'[39m, [32m'4.40'[39m, [32m'3.41'[39m, [32m'0.01'[39m ]
data rcv RT:[ [32m'0.00'[39m, [32m'4.36'[39m, [32m'3.43'[39m, [32m'0.00'[39m ]
data rcv RT:[ [32m'0.00'[39m, [32m'4.33'[39m, [32m'3.42'[39m, [32m'0.00'[39m ]
data rcv RT:[ [32m'0.00'[39m, [32m'4.29'[39m, [32m'3.43'[39m, [32m'0.00'[39m ]
data rcv RT:[ [32m'0.00'[39m, [32m'4.31'[39m, [32m'3.42'[39m, [32m'0.00'[39m ]
data rcv RT:[ [32m'0.00'[39m, [32m'4.31'[39m, [32m'3.43'[39m, [32m'0.00'[39m ]
data rcv RT:[ [32m'0.00'[39m, [32m'4.25'[39m, [32m'3.38'[39m, [32m'0.00'[39m ]
data rcv RT:[ [32m'0.00'[39m, [32m'4.26'[39m, [32m'3.40'[39m, [32m'0.00'[39m ]
data rcv RT:[ [32m'0.00'[39m, [32m'4.32'[39m, [32m'3.37'[39m, [32m'0.02'[39m ]
data rcv RT:[ [32m'0.00'[39m, [32m'4.32'[39m, [32m'3.39'[39m, [32m'0.01'[39m ]
data rcv RT:[ [32m'0.00'[39m, [32m'4.35'[39m, [32m'3.39'[39m, [32m'0.05'[39m ]
data rcv RT:[ [32m'0.00'[39m, [32m'4.36'[39m, [32m'3.37'[39m, [32m'0.03'[39m ]
data rcv RT:[ [32m'0.00'[39m, [32m'4.36'[39m, [32m'3.39'[39m, [32m'0.01'[39m ]
data rcv RT:[ [32m'0.00'[39m, [32m'4.37'[39m, [32m'3.44'[39m, [32m'0.00'[39m ]
data rcv RT:[ [32m'0.00'[39m, [32m'4.34'[39m, [32m'3.44'[39m, [32m'0.00'[39m ]
data rcv RT:[ [32m'0.00'[39m, [32m'4.31'[39m, [32m'3.42'[39m, [32m'0.00'[39m ]
data rcv RT:[ [32m'0.00'[39m, [32m'4.26'[39m, [32m'3.40'[39m, [32m'0.00'[39m ]
data rcv RT:[ [32m'0.00'[39m, [32m'4.28'[39m, [32m'3.38'[39m, [32m'0.00'[39m ]
data rcv RT:[ [32m'0.00'[39m, [32m'4.28'[39m, [32m'3.37'[39m, [32m'0.00'[39m ]
data rcv RT:[ [32m'0.00'[39m, [32m'4.32'[39m, [32m'3.37'[39m, [32m'0.03'[39m ]
data rcv RT:[ [32m'0.00'[39m, [32m'4.33'[39m, [32m'3.35'[39m, [32m'0.04'[39m ]
data rcv RT:[ [32m'0.00'[39m, [32m'4.34'[39m, [32m'3.40'[39m, [32m'0.00'[39m ]
data rcv RT:[ [32m'0.00'[39m, [32m'4.37'[39m, [32m'3.46'[39m, [32m'0.00'[39m ]
data rcv RT:[ [32m'0.00'[39m, [32m'4.33'[39m, [32m'3.42'[39m, [32m'0.00'[39m ]
data rcv RT:[ [32m'0.00'[39m, [32m'4.30'[39m, [32m'3.42'[39m, [32m'0.00'[39m ]
data rcv RT:[ [32m'0.00'[39m, [32m'4.30'[39m, [32m'3.41'[39m, [32m'0.00'[39m ]
data rcv RT:[ [32m'0.00'[39m, [32m'4.29'[39m, [32m'3.47'[39m, [32m'0.00'[39m ]
data rcv RT:[ [32m'0.00'[39m, [32m'4.29'[39m, [32m'3.41'[39m, [32m'0.00'[39m ]
data rcv RT:[ [32m'0.00'[39m, [32m'4.28'[39m, [32m'3.39'[39m, [32m'0.00'[39m ]
data rcv RT:[ [32m'0.00'[39m, [32m'4.29'[39m, [32m'3.39'[39m, [32m'0.00'[39m ]
data rcv RT:[ [32m'0.00'[39m, [32m'4.29'[39m, [32m'3.38'[39m, [32m'0.00'[39m ]
data rcv RT:[ [32m'0.00'[39m, [32m'4.30'[39m, [32m'3.36'[39m, [32m'0.00'[39m ]
data rcv RT:[ [32m'0.00'[39m, [32m'4.35'[39m, [32m'3.38'[39m, [32m'0.01'[39m ]
data rcv RT:[ [32m'0.00'[39m, [32m'4.34'[39m, [32m'3.36'[39m, [32m'0.05'[39m ]
data rcv RT:[ [32m'0.00'[39m, [32m'4.38'[39m, [32m'3.39'[39m, [32m'0.00'[39m ]
data rcv RT:[ [32m'0.00'[39m, [32m'4.34'[39m, [32m'3.44'[39m, [32m'0.00'[39m ]
data rcv RT:[ [32m'0.00'[39m, [32m'4.32'[39m, [32m'3.42'[39m, [32m'0.00'[39m ]
data rcv RT:[ [32m'0.00'[39m, [32m'4.29'[39m, [32m'3.44'[39m, [32m'0.00'[39m ]
data rcv RT:[ [32m'0.00'[39m, [32m'4.30'[39m, [32m'3.41'[39m, [32m'0.00'[39m ]
data rcv RT:[ [32m'0.00'[39m, [32m'4.26'[39m, [32m'3.42'[39m, [32m'0.00'[39m ]
data rcv RT:[ [32m'0.00'[39m, [32m'4.27'[39m, [32m'3.37'[39m, [32m'0.00'[39m ]
data rcv RT:[ [32m'0.00'[39m, [32m'4.31'[39m, [32m'3.39'[39m, [32m'0.00'[39m ]
data rcv RT:[ [32m'0.00'[39m, [32m'4.33'[39m, [32m'3.39'[39m, [32m'0.01'[39m ]
data rcv RT:[ [32m'0.00'[39m, [32m'4.39'[39m, [32m'3.41'[39m, [32m'0.00'[39m ]
data rcv RT:[ [32m'0.00'[39m, [32m'4.36'[39m, [32m'3.40'[39m, [32m'0.00'[39m ]
data rcv RT:[ [32m'0.00'[39m, [32m'4.37'[39m, [32m'3.42'[39m, [32m'0.00'[39m ]
data rcv RT:[ [32m'0.00'[39m, [32m'4.31'[39m, [32m'3.44'[39m, [32m'0.00'[39m ]
data rcv RT:[ [32m'0.00'[39m, [32m'4.30'[39m, [32m'3.41'[39m, [32m'0.00'[39m ]
data rcv RT:[ [32m'0.00'[39m, [32m'4.29'[39m, [32m'3.45'[39m, [32m'0.00'[39m ]
data rcv RT:[ [32m'0.00'[39m, [32m'4.27'[39m, [32m'3.40'[39m, [32m'0.00'[39m ]
data rcv RT:[ [32m'0.00'[39m, [32m'4.28'[39m, [32m'3.42'[39m, [32m'0.00'[39m ]
data rcv RT:[ [32m'0.00'[39m, [32m'4.30'[39m, [32m'3.37'[39m, [32m'0.01'[39m ]
data rcv RT:[ [32m'0.00'[39m, [32m'4.30'[39m, [32m'3.40'[39m, [32m'0.00'[39m ]
data rcv RT:[ [32m'0.00'[39m, [32m'4.34'[39m, [32m'3.37'[39m, [32m'0.05'[39m ]
data rcv RT:[ [32m'0.00'[39m, [32m'4.37'[39m, [32m'3.36'[39m, [32m'0.04'[39m ]
data rcv RT:[ [32m'0.00'[39m, [32m'4.36'[39m, [32m'3.39'[39m, [32m'0.00'[39m ]
data rcv RT:[ [32m'0.00'[39m, [32m'4.33'[39m, [32m'3.41'[39m, [32m'0.00'[39m ]
data rcv RT:[ [32m'0.00'[39m, [32m'4.31'[39m, [32m'3.45'[39m, [32m'0.00'[39m ]
data rcv RT:[ [32m'0.00'[39m, [32m'4.28'[39m, [32m'3.44'[39m, [32m'0.00'[39m ]
data rcv RT:[ [32m'0.00'[39m, [32m'4.30'[39m, [32m'3.44'[39m, [32m'0.00'[39m ]
data rcv RT:[ [32m'0.00'[39m, [32m'4.24'[39m, [32m'3.40'[39m, [32m'0.00'[39m ]
data rcv RT:[ [32m'0.00'[39m, [32m'4.27'[39m, [32m'3.38'[39m, [32m'0.00'[39m ]
data rcv RT:[ [32m'0.00'[39m, [32m'4.31'[39m, [32m'3.38'[39m, [32m'0.01'[39m ]
data rcv RT:[ [32m'0.00'[39m, [32m'4.31'[39m, [32m'3.37'[39m, [32m'0.00'[39m ]
data rcv RT:[ [32m'0.00'[39m, [32m'4.31'[39m, [32m'3.38'[39m, [32m'0.01'[39m ]
data rcv RT:[ [32m'0.00'[39m, [32m'4.35'[39m, [32m'3.36'[39m, [32m'0.03'[39m ]
data rcv RT:[ [32m'0.00'[39m, [32m'4.34'[39m, [32m'3.36'[39m, [32m'0.02'[39m ]
data rcv RT:[ [32m'0.00'[39m, [32m'4.36'[39m, [32m'3.38'[39m, [32m'0.02'[39m ]
data rcv RT:[ [32m'0.00'[39m, [32m'4.35'[39m, [32m'3.42'[39m, [32m'0.00'[39m ]
data rcv RT:[ [32m'0.00'[39m, [32m'4.30'[39m, [32m'3.44'[39m, [32m'0.00'[39m ]
data rcv RT:[ [32m'0.00'[39m, [32m'4.31'[39m, [32m'3.41'[39m, [32m'0.00'[39m ]
data rcv RT:[ [32m'0.00'[39m, [32m'4.29'[39m, [32m'3.43'[39m, [32m'0.00'[39m ]
data rcv RT:[ [32m'0.00'[39m, [32m'4.27'[39m, [32m'3.42'[39m, [32m'0.00'[39m ]
data rcv RT:[ [32m'0.00'[39m, [32m'4.26'[39m, [32m'3.39'[39m, [32m'0.00'[39m ]
data rcv RT:[ [32m'0.00'[39m, [32m'4.30'[39m, [32m'3.37'[39m, [32m'0.00'[39m ]
data rcv RT:[ [32m'0.00'[39m, [32m'4.33'[39m, [32m'3.37'[39m, [32m'0.02'[39m ]
data rcv RT:[ [32m'0.00'[39m, [32m'4.32'[39m, [32m'3.39'[39m, [32m'0.01'[39m ]
data rcv RT:[ [32m'0.00'[39m, [32m'4.33'[39m, [32m'3.38'[39m, [32m'0.00'[39m ]
data rcv RT:[ [32m'0.00'[39m, [32m'4.37'[39m, [32m'3.40'[39m, [32m'0.01'[39m ]
data rcv RT:[ [32m'0.00'[39m, [32m'4.36'[39m, [32m'3.39'[39m, [32m'0.00'[39m ]
data rcv RT:[ [32m'0.00'[39m, [32m'4.37'[39m, [32m'3.39'[39m, [32m'0.03'[39m ]
data rcv RT:[ [32m'0.00'[39m, [32m'4.37'[39m, [32m'3.41'[39m, [32m'0.00'[39m ]
data rcv RT:[ [32m'0.00'[39m, [32m'4.33'[39m, [32m'3.44'[39m, [32m'0.00'[39m ]
data rcv RT:[ [32m'0.00'[39m, [32m'4.35'[39m, [32m'3.43'[39m, [32m'0.00'[39m ]
data rcv RT:[ [32m'0.00'[39m, [32m'4.32'[39m, [32m'3.42'[39m, [32m'0.00'[39m ]
data rcv RT:[ [32m'0.00'[39m, [32m'4.31'[39m, [32m'3.45'[39m, [32m'0.00'[39m ]
data rcv RT:[ [32m'0.00'[39m, [32m'4.27'[39m, [32m'3.42'[39m, [32m'0.00'[39m ]
data rcv RT:[ [32m'0.00'[39m, [32m'4.28'[39m, [32m'3.44'[39m, [32m'0.00'[39m ]
data rcv RT:[ [32m'0.00'[39m, [32m'4.25'[39m, [32m'3.40'[39m, [32m'0.00'[39m ]
data rcv RT:[ [32m'0.00'[39m, [32m'4.27'[39m, [32m'3.40'[39m, [32m'0.00'[39m ]
data rcv RT:[ [32m'0.00'[39m, [32m'4.28'[39m, [32m'3.36'[39m, [32m'0.00'[39m ]
data rcv RT:[ [32m'0.00'[39m, [32m'4.30'[39m, [32m'3.39'[39m, [32m'0.00'[39m ]
data rcv RT:[ [32m'0.00'[39m, [32m'4.32'[39m, [32m'3.40'[39m, [32m'0.00'[39m ]
data rcv RT:[ [32m'0.00'[39m, [32m'4.35'[39m, [32m'3.41'[39m, [32m'0.00'[39m ]
data rcv RT:[ [32m'0.00'[39m, [32m'4.37'[39m, [32m'3.39'[39m, [32m'0.03'[39m ]
data rcv RT:[ [32m'0.00'[39m, [32m'4.37'[39m, [32m'3.41'[39m, [32m'0.02'[39m ]
data rcv RT:[ [32m'0.00'[39m, [32m'4.35'[39m, [32m'3.44'[39m, [32m'0.00'[39m ]
data rcv RT:[ [32m'0.00'[39m, [32m'4.35'[39m, [32m'3.42'[39m, [32m'0.00'[39m ]
data rcv RT:[ [32m'0.00'[39m, [32m'4.36'[39m, [32m'3.42'[39m, [32m'0.00'[39m ]
data rcv RT:[ [32m'0.00'[39m, [32m'4.33'[39m, [32m'3.43'[39m, [32m'0.00'[39m ]
data rcv RT:[ [32m'0.00'[39m, [32m'4.30'[39m, [32m'3.44'[39m, [32m'0.00'[39m ]
data rcv RT:[ [32m'0.00'[39m, [32m'4.29'[39m, [32m'3.44'[39m, [32m'0.00'[39m ]
data rcv RT:[ [32m'0.00'[39m, [32m'4.30'[39m, [32m'3.41'[39m, [32m'0.00'[39m ]
data rcv RT:[ [32m'0.00'[39m, [32m'4.30'[39m, [32m'3.42'[39m, [32m'0.00'[39m ]
data rcv RT:[ [32m'0.00'[39m, [32m'4.29'[39m, [32m'3.42'[39m, [32m'0.00'[39m ]
data rcv RT:[ [32m'0.00'[39m, [32m'4.26'[39m, [32m'3.40'[39m, [32m'0.00'[39m ]
data rcv RT:[ [32m'0.00'[39m, [32m'4.28'[39m, [32m'3.35'[39m, [32m'0.00'[39m ]
data rcv RT:[ [32m'0.00'[39m, [32m'4.30'[39m, [32m'3.38'[39m, [32m'0.00'[39m ]
data rcv RT:[ [32m'0.00'[39m, [32m'4.30'[39m, [32m'3.36'[39m, [32m'0.00'[39m ]
data rcv RT:[ [32m'0.00'[39m, [32m'4.33'[39m, [32m'3.41'[39m, [32m'0.00'[39m ]
data rcv RT:[ [32m'0.00'[39m, [32m'4.36'[39m, [32m'3.38'[39m, [32m'0.02'[39m ]
data rcv RT:[ [32m'0.00'[39m, [32m'4.35'[39m, [32m'3.38'[39m, [32m'0.05'[39m ]
data rcv RT:[ [32m'0.00'[39m, [32m'4.36'[39m, [32m'3.37'[39m, [32m'0.03'[39m ]
data rcv RT:[ [32m'0.00'[39m, [32m'4.37'[39m, [32m'3.41'[39m, [32m'0.00'[39m ]
data rcv RT:[ [32m'0.00'[39m, [32m'4.36'[39m, [32m'3.38'[39m, [32m'0.03'[39m ]
data rcv RT:[ [32m'0.00'[39m, [32m'4.34'[39m, [32m'3.41'[39m, [32m'0.00'[39m ]
data rcv RT:[ [32m'0.00'[39m, [32m'4.31'[39m, [32m'3.42'[39m, [32m'0.00'[39m ]
data rcv RT:[ [32m'0.00'[39m, [32m'4.33'[39m, [32m'3.41'[39m, [32m'0.00'[39m ]
data rcv RT:[ [32m'0.00'[39m, [32m'4.31'[39m, [32m'3.50'[39m, [32m'0.00'[39m ]
data rcv RT:[ [32m'0.00'[39m, [32m'4.30'[39m, [32m'3.43'[39m, [32m'0.00'[39m ]
data rcv RT:[ [32m'0.00'[39m, [32m'4.25'[39m, [32m'3.37'[39m, [32m'0.00'[39m ]
data rcv RT:[ [32m'0.00'[39m, [32m'4.27'[39m, [32m'3.37'[39m, [32m'0.00'[39m ]
data rcv RT:[ [32m'0.00'[39m, [32m'4.30'[39m, [32m'3.38'[39m, [32m'0.01'[39m ]
data rcv RT:[ [32m'0.00'[39m, [32m'4.29'[39m, [32m'3.38'[39m, [32m'0.00'[39m ]
data rcv RT:[ [32m'0.00'[39m, [32m'4.34'[39m, [32m'3.37'[39m, [32m'0.02'[39m ]
data rcv RT:[ [32m'0.00'[39m, [32m'4.33'[39m, [32m'3.38'[39m, [32m'0.00'[39m ]
data rcv RT:[ [32m'0.00'[39m, [32m'4.35'[39m, [32m'3.38'[39m, [32m'0.01'[39m ]
data rcv RT:[ [32m'0.00'[39m, [32m'4.36'[39m, [32m'3.39'[39m, [32m'0.01'[39m ]
data rcv RT:[ [32m'0.00'[39m, [32m'4.38'[39m, [32m'3.38'[39m, [32m'0.00'[39m ]
data rcv RT:[ [32m'0.00'[39m, [32m'4.35'[39m, [32m'3.42'[39m, [32m'0.00'[39m ]
data rcv RT:[ [32m'0.00'[39m, [32m'4.34'[39m, [32m'3.41'[39m, [32m'0.00'[39m ]
data rcv RT:[ [32m'0.00'[39m, [32m'4.31'[39m, [32m'3.43'[39m, [32m'0.00'[39m ]
data rcv RT:[ [32m'0.00'[39m, [32m'4.30'[39m, [32m'3.42'[39m, [32m'0.00'[39m ]
data rcv RT:[ [32m'0.00'[39m, [32m'4.30'[39m, [32m'3.45'[39m, [32m'0.00'[39m ]
data rcv RT:[ [32m'0.00'[39m, [32m'4.29'[39m, [32m'3.41'[39m, [32m'0.00'[39m ]
data rcv RT:[ [32m'0.00'[39m, [32m'4.26'[39m, [32m'3.40'[39m, [32m'0.00'[39m ]
data rcv RT:[ [32m'0.00'[39m, [32m'4.27'[39m, [32m'3.36'[39m, [32m'0.01'[39m ]
data rcv RT:[ [32m'0.00'[39m, [32m'4.32'[39m, [32m'3.40'[39m, [32m'0.01'[39m ]
data rcv RT:[ [32m'0.00'[39m, [32m'4.31'[39m, [32m'3.37'[39m, [32m'0.00'[39m ]
data rcv RT:[ [32m'0.00'[39m, [32m'4.28'[39m, [32m'3.37'[39m, [32m'0.01'[39m ]
data rcv RT:[ [32m'0.00'[39m, [32m'4.34'[39m, [32m'3.39'[39m, [32m'0.04'[39m ]
data rcv RT:[ [32m'0.00'[39m, [32m'4.36'[39m, [32m'3.33'[39m, [32m'0.08'[39m ]
data rcv RT:[ [32m'0.00'[39m, [32m'4.36'[39m, [32m'3.41'[39m, [32m'0.00'[39m ]
data rcv RT:[ [32m'0.00'[39m, [32m'4.35'[39m, [32m'3.42'[39m, [32m'0.00'[39m ]
data rcv RT:[ [32m'0.00'[39m, [32m'4.34'[39m, [32m'3.45'[39m, [32m'0.00'[39m ]
data rcv RT:[ [32m'0.00'[39m, [32m'4.30'[39m, [32m'3.42'[39m, [32m'0.00'[39m ]
data rcv RT:[ [32m'0.00'[39m, [32m'4.27'[39m, [32m'3.40'[39m, [32m'0.00'[39m ]
data rcv RT:[ [32m'0.00'[39m, [32m'4.25'[39m, [32m'3.39'[39m, [32m'0.00'[39m ]
data rcv RT:[ [32m'0.00'[39m, [32m'4.26'[39m, [32m'3.41'[39m, [32m'0.00'[39m ]
data rcv RT:[ [32m'0.00'[39m, [32m'4.30'[39m, [32m'3.37'[39m, [32m'0.01'[39m ]
data rcv RT:[ [32m'0.00'[39m, [32m'4.33'[39m, [32m'3.36'[39m, [32m'0.00'[39m ]
data rcv RT:[ [32m'0.00'[39m, [32m'4.35'[39m, [32m'3.38'[39m, [32m'0.03'[39m ]
data rcv RT:[ [32m'0.00'[39m, [32m'4.40'[39m, [32m'3.39'[39m, [32m'0.00'[39m ]
data rcv RT:[ [32m'0.00'[39m, [32m'4.35'[39m, [32m'3.39'[39m, [32m'0.00'[39m ]
data rcv RT:[ [32m'0.00'[39m, [32m'4.33'[39m, [32m'3.41'[39m, [32m'0.00'[39m ]
data rcv RT:[ [32m'0.00'[39m, [32m'4.29'[39m, [32m'3.43'[39m, [32m'0.00'[39m ]
data rcv RT:[ [32m'0.00'[39m, [32m'4.26'[39m, [32m'3.41'[39m, [32m'0.00'[39m ]
data rcv RT:[ [32m'0.00'[39m, [32m'4.27'[39m, [32m'3.41'[39m, [32m'0.00'[39m ]
data rcv RT:[ [32m'0.00'[39m, [32m'4.28'[39m, [32m'3.38'[39m, [32m'0.00'[39m ]
data rcv RT:[ [32m'0.00'[39m, [32m'4.27'[39m, [32m'3.39'[39m, [32m'0.00'[39m ]
data rcv RT:[ [32m'0.00'[39m, [32m'4.31'[39m, [32m'3.39'[39m, [32m'0.00'[39m ]
data rcv RT:[ [32m'0.00'[39m, [32m'4.31'[39m, [32m'3.40'[39m, [32m'0.00'[39m ]
data rcv RT:[ [32m'0.00'[39m, [32m'4.32'[39m, [32m'3.39'[39m, [32m'0.01'[39m ]
data rcv RT:[ [32m'0.00'[39m, [32m'4.34'[39m, [32m'3.35'[39m, [32m'0.06'[39m ]
data rcv RT:[ [32m'0.00'[39m, [32m'4.32'[39m, [32m'3.37'[39m, [32m'0.01'[39m ]
data rcv RT:[ [32m'0.00'[39m, [32m'4.38'[39m, [32m'3.42'[39m, [32m'0.01'[39m ]
data rcv RT:[ [32m'0.00'[39m, [32m'4.40'[39m, [32m'3.42'[39m, [32m'0.02'[39m ]
data rcv RT:[ [32m'0.00'[39m, [32m'4.37'[39m, [32m'3.42'[39m, [32m'0.00'[39m ]
data rcv RT:[ [32m'0.00'[39m, [32m'4.36'[39m, [32m'3.42'[39m, [32m'0.00'[39m ]
data rcv RT:[ [32m'0.00'[39m, [32m'4.32'[39m, [32m'3.43'[39m, [32m'0.00'[39m ]
data rcv RT:[ [32m'0.00'[39m, [32m'4.33'[39m, [32m'3.43'[39m, [32m'0.00'[39m ]
data rcv RT:[ [32m'0.00'[39m, [32m'4.28'[39m, [32m'3.45'[39m, [32m'0.00'[39m ]
data rcv RT:[ [32m'0.00'[39m, [32m'4.29'[39m, [32m'3.49'[39m, [32m'0.00'[39m ]
data rcv RT:[ [32m'0.00'[39m, [32m'4.31'[39m, [32m'3.46'[39m, [32m'0.00'[39m ]
data rcv RT:[ [32m'0.00'[39m, [32m'4.28'[39m, [32m'3.43'[39m, [32m'0.00'[39m ]
data rcv RT:[ [32m'0.00'[39m, [32m'4.22'[39m, [32m'3.42'[39m, [32m'0.00'[39m ]
data rcv RT:[ [32m'0.00'[39m, [32m'4.24'[39m, [32m'3.43'[39m, [32m'0.00'[39m ]
data rcv RT:[ [32m'0.00'[39m, [32m'4.29'[39m, [32m'3.41'[39m, [32m'0.00'[39m ]
data rcv RT:[ [32m'0.00'[39m, [32m'4.29'[39m, [32m'3.36'[39m, [32m'0.00'[39m ]
data rcv RT:[ [32m'0.00'[39m, [32m'4.34'[39m, [32m'3.37'[39m, [32m'0.01'[39m ]
data rcv RT:[ [32m'0.00'[39m, [32m'4.33'[39m, [32m'3.37'[39m, [32m'0.00'[39m ]
data rcv RT:[ [32m'0.00'[39m, [32m'4.36'[39m, [32m'3.38'[39m, [32m'0.01'[39m ]
data rcv RT:[ [32m'0.00'[39m, [32m'4.38'[39m, [32m'3.36'[39m, [32m'0.02'[39m ]
data rcv RT:[ [32m'0.00'[39m, [32m'4.36'[39m, [32m'3.37'[39m, [32m'0.01'[39m ]
data rcv RT:[ [32m'0.00'[39m, [32m'4.39'[39m, [32m'3.36'[39m, [32m'0.03'[39m ]
data rcv RT:[ [32m'0.00'[39m, [32m'4.37'[39m, [32m'3.41'[39m, [32m'0.00'[39m ]
data rcv RT:[ [32m'0.00'[39m, [32m'4.30'[39m, [32m'3.39'[39m, [32m'0.00'[39m ]
data rcv RT:[ [32m'0.00'[39m, [32m'4.30'[39m, [32m'3.42'[39m, [32m'0.00'[39m ]
data rcv RT:[ [32m'0.00'[39m, [32m'4.29'[39m, [32m'3.43'[39m, [32m'0.00'[39m ]
data rcv RT:[ [32m'0.00'[39m, [32m'4.29'[39m, [32m'3.39'[39m, [32m'0.00'[39m ]
data rcv RT:[ [32m'0.00'[39m, [32m'4.29'[39m, [32m'3.39'[39m, [32m'0.00'[39m ]
data rcv RT:[ [32m'0.00'[39m, [32m'4.28'[39m, [32m'3.40'[39m, [32m'0.00'[39m ]
data rcv RT:[ [32m'0.00'[39m, [32m'4.31'[39m, [32m'3.46'[39m, [32m'0.00'[39m ]
data rcv RT:[ [32m'0.00'[39m, [32m'4.26'[39m, [32m'3.38'[39m, [32m'0.00'[39m ]
data rcv RT:[ [32m'0.00'[39m, [32m'4.28'[39m, [32m'3.40'[39m, [32m'0.00'[39m ]
data rcv RT:[ [32m'0.00'[39m, [32m'4.30'[39m, [32m'3.39'[39m, [32m'0.00'[39m ]
data rcv RT:[ [32m'0.00'[39m, [32m'4.33'[39m, [32m'3.40'[39m, [32m'0.00'[39m ]
data rcv RT:[ [32m'0.00'[39m, [32m'4.32'[39m, [32m'3.36'[39m, [32m'0.01'[39m ]
data rcv RT:[ [32m'0.00'[39m, [32m'4.33'[39m, [32m'3.36'[39m, [32m'0.01'[39m ]
data rcv RT:[ [32m'0.00'[39m, [32m'4.31'[39m, [32m'3.36'[39m, [32m'0.05'[39m ]
data rcv RT:[ [32m'0.00'[39m, [32m'4.34'[39m, [32m'3.37'[39m, [32m'0.02'[39m ]
data rcv RT:[ [32m'0.00'[39m, [32m'4.37'[39m, [32m'3.46'[39m, [32m'0.00'[39m ]
data rcv RT:[ [32m'0.00'[39m, [32m'4.32'[39m, [32m'3.43'[39m, [32m'0.00'[39m ]
data rcv RT:[ [32m'0.00'[39m, [32m'4.34'[39m, [32m'3.44'[39m, [32m'0.00'[39m ]
data rcv RT:[ [32m'0.00'[39m, [32m'4.31'[39m, [32m'3.43'[39m, [32m'0.00'[39m ]
data rcv RT:[ [32m'0.00'[39m, [32m'4.34'[39m, [32m'3.42'[39m, [32m'0.00'[39m ]
data rcv RT:[ [32m'0.00'[39m, [32m'4.30'[39m, [32m'3.45'[39m, [32m'0.00'[39m ]
data rcv RT:[ [32m'0.00'[39m, [32m'4.25'[39m, [32m'3.43'[39m, [32m'0.00'[39m ]
data rcv RT:[ [32m'0.00'[39m, [32m'4.29'[39m, [32m'3.41'[39m, [32m'0.00'[39m ]
data rcv RT:[ [32m'0.00'[39m, [32m'4.29'[39m, [32m'3.38'[39m, [32m'0.00'[39m ]
data rcv RT:[ [32m'0.00'[39m, [32m'4.31'[39m, [32m'3.37'[39m, [32m'0.00'[39m ]
data rcv RT:[ [32m'0.00'[39m, [32m'4.32'[39m, [32m'3.40'[39m, [32m'0.01'[39m ]
data rcv RT:[ [32m'0.00'[39m, [32m'4.32'[39m, [32m'3.40'[39m, [32m'0.01'[39m ]
data rcv RT:[ [32m'0.00'[39m, [32m'4.34'[39m, [32m'3.35'[39m, [32m'0.05'[39m ]
data rcv RT:[ [32m'0.00'[39m, [32m'4.34'[39m, [32m'3.38'[39m, [32m'0.01'[39m ]
data rcv RT:[ [32m'0.00'[39m, [32m'4.39'[39m, [32m'3.41'[39m, [32m'0.01'[39m ]
data rcv RT:[ [32m'0.00'[39m, [32m'4.36'[39m, [32m'3.44'[39m, [32m'0.00'[39m ]
data rcv RT:[ [32m'0.00'[39m, [32m'4.36'[39m, [32m'3.42'[39m, [32m'0.00'[39m ]
data rcv RT:[ [32m'0.00'[39m, [32m'4.36'[39m, [32m'3.43'[39m, [32m'0.00'[39m ]
data rcv RT:[ [32m'0.00'[39m, [32m'4.34'[39m, [32m'3.41'[39m, [32m'0.00'[39m ]
data rcv RT:[ [32m'0.00'[39m, [32m'4.32'[39m, [32m'3.44'[39m, [32m'0.00'[39m ]
data rcv RT:[ [32m'0.00'[39m, [32m'4.30'[39m, [32m'3.42'[39m, [32m'0.00'[39m ]
data rcv RT:[ [32m'0.00'[39m, [32m'4.28'[39m, [32m'3.38'[39m, [32m'0.00'[39m ]
data rcv RT:[ [32m'0.00'[39m, [32m'4.27'[39m, [32m'3.40'[39m, [32m'0.00'[39m ]
data rcv RT:[ [32m'0.00'[39m, [32m'4.27'[39m, [32m'3.39'[39m, [32m'0.00'[39m ]
data rcv RT:[ [32m'0.00'[39m, [32m'4.29'[39m, [32m'3.37'[39m, [32m'0.00'[39m ]
data rcv RT:[ [32m'0.00'[39m, [32m'4.34'[39m, [32m'3.37'[39m, [32m'0.07'[39m ]
data rcv RT:[ [32m'0.00'[39m, [32m'4.35'[39m, [32m'3.34'[39m, [32m'0.08'[39m ]
data rcv RT:[ [32m'0.00'[39m, [32m'4.36'[39m, [32m'3.38'[39m, [32m'0.02'[39m ]
data rcv RT:[ [32m'0.00'[39m, [32m'4.36'[39m, [32m'3.41'[39m, [32m'0.00'[39m ]
data rcv RT:[ [32m'0.00'[39m, [32m'4.33'[39m, [32m'3.44'[39m, [32m'0.00'[39m ]
data rcv RT:[ [32m'0.00'[39m, [32m'4.34'[39m, [32m'3.42'[39m, [32m'0.00'[39m ]
data rcv RT:[ [32m'0.00'[39m, [32m'4.30'[39m, [32m'3.41'[39m, [32m'0.00'[39m ]
data rcv RT:[ [32m'0.00'[39m, [32m'4.29'[39m, [32m'3.43'[39m, [32m'0.00'[39m ]
data rcv RT:[ [32m'0.00'[39m, [32m'4.26'[39m, [32m'3.37'[39m, [32m'0.00'[39m ]
data rcv RT:[ [32m'0.00'[39m, [32m'4.27'[39m, [32m'3.39'[39m, [32m'0.00'[39m ]
data rcv RT:[ [32m'0.00'[39m, [32m'4.28'[39m, [32m'3.38'[39m, [32m'0.00'[39m ]
data rcv RT:[ [32m'0.00'[39m, [32m'4.31'[39m, [32m'3.39'[39m, [32m'0.02'[39m ]
data rcv RT:[ [32m'0.00'[39m, [32m'4.34'[39m, [32m'3.35'[39m, [32m'0.03'[39m ]
data rcv RT:[ [32m'0.00'[39m, [32m'4.36'[39m, [32m'3.41'[39m, [32m'0.00'[39m ]
data rcv RT:[ [32m'0.00'[39m, [32m'4.37'[39m, [32m'3.40'[39m, [32m'0.01'[39m ]
data rcv RT:[ [32m'0.00'[39m, [32m'4.34'[39m, [32m'3.41'[39m, [32m'0.00'[39m ]
data rcv RT:[ [32m'0.00'[39m, [32m'4.36'[39m, [32m'3.41'[39m, [32m'0.00'[39m ]
data rcv RT:[ [32m'0.00'[39m, [32m'4.30'[39m, [32m'3.43'[39m, [32m'0.00'[39m ]
data rcv RT:[ [32m'0.00'[39m, [32m'4.32'[39m, [32m'3.42'[39m, [32m'0.00'[39m ]
data rcv RT:[ [32m'0.00'[39m, [32m'4.29'[39m, [32m'3.44'[39m, [32m'0.00'[39m ]
data rcv RT:[ [32m'0.00'[39m, [32m'4.30'[39m, [32m'3.45'[39m, [32m'0.00'[39m ]
data rcv RT:[ [32m'0.00'[39m, [32m'4.26'[39m, [32m'3.39'[39m, [32m'0.00'[39m ]
data rcv RT:[ [32m'0.00'[39m, [32m'4.30'[39m, [32m'3.39'[39m, [32m'0.00'[39m ]
data rcv RT:[ [32m'0.00'[39m, [32m'4.32'[39m, [32m'3.37'[39m, [32m'0.00'[39m ]
data rcv RT:[ [32m'0.00'[39m, [32m'4.31'[39m, [32m'3.39'[39m, [32m'0.02'[39m ]
data rcv RT:[ [32m'0.00'[39m, [32m'4.32'[39m, [32m'3.38'[39m, [32m'0.02'[39m ]
data rcv RT:[ [32m'0.00'[39m, [32m'4.34'[39m, [32m'3.34'[39m, [32m'0.07'[39m ]
data rcv RT:[ [32m'0.00'[39m, [32m'4.37'[39m, [32m'3.39'[39m, [32m'0.05'[39m ]
data rcv RT:[ [32m'0.00'[39m, [32m'4.37'[39m, [32m'3.42'[39m, [32m'0.00'[39m ]
data rcv RT:[ [32m'0.00'[39m, [32m'4.37'[39m, [32m'3.43'[39m, [32m'0.00'[39m ]
data rcv RT:[ [32m'0.00'[39m, [32m'4.34'[39m, [32m'3.42'[39m, [32m'0.00'[39m ]
data rcv RT:[ [32m'0.00'[39m, [32m'4.32'[39m, [32m'3.45'[39m, [32m'0.00'[39m ]
data rcv RT:[ [32m'0.00'[39m, [32m'4.30'[39m, [32m'3.44'[39m, [32m'0.00'[39m ]
data rcv RT:[ [32m'0.00'[39m, [32m'4.32'[39m, [32m'3.45'[39m, [32m'0.00'[39m ]
data rcv RT:[ [32m'0.00'[39m, [32m'4.32'[39m, [32m'3.44'[39m, [32m'0.00'[39m ]
data rcv RT:[ [32m'0.00'[39m, [32m'4.28'[39m, [32m'3.42'[39m, [32m'0.00'[39m ]
data rcv RT:[ [32m'0.00'[39m, [32m'4.28'[39m, [32m'3.37'[39m, [32m'0.00'[39m ]
data rcv RT:[ [32m'0.00'[39m, [32m'4.29'[39m, [32m'3.37'[39m, [32m'0.00'[39m ]
data rcv RT:[ [32m'0.00'[39m, [32m'4.33'[39m, [32m'3.37'[39m, [32m'0.02'[39m ]
data rcv RT:[ [32m'0.00'[39m, [32m'4.33'[39m, [32m'3.39'[39m, [32m'0.01'[39m ]
data rcv RT:[ [32m'0.00'[39m, [32m'4.34'[39m, [32m'3.37'[39m, [32m'0.04'[39m ]
data rcv RT:[ [32m'0.00'[39m, [32m'4.35'[39m, [32m'3.40'[39m, [32m'0.03'[39m ]
data rcv RT:[ [32m'0.00'[39m, [32m'4.33'[39m, [32m'3.42'[39m, [32m'0.00'[39m ]
data rcv RT:[ [32m'0.00'[39m, [32m'4.33'[39m, [32m'3.42'[39m, [32m'0.00'[39m ]
data rcv RT:[ [32m'0.00'[39m, [32m'4.33'[39m, [32m'3.42'[39m, [32m'0.00'[39m ]
data rcv RT:[ [32m'0.00'[39m, [32m'4.30'[39m, [32m'3.43'[39m, [32m'0.00'[39m ]
data rcv RT:[ [32m'0.00'[39m, [32m'4.28'[39m, [32m'3.43'[39m, [32m'0.00'[39m ]
data rcv RT:[ [32m'0.00'[39m, [32m'4.27'[39m, [32m'3.41'[39m, [32m'0.00'[39m ]
data rcv RT:[ [32m'0.00'[39m, [32m'4.27'[39m, [32m'3.40'[39m, [32m'0.00'[39m ]
data rcv RT:[ [32m'0.00'[39m, [32m'4.25'[39m, [32m'3.38'[39m, [32m'0.00'[39m ]
data rcv RT:[ [32m'0.00'[39m, [32m'4.29'[39m, [32m'3.39'[39m, [32m'0.01'[39m ]
data rcv RT:[ [32m'0.00'[39m, [32m'4.31'[39m, [32m'3.37'[39m, [32m'0.02'[39m ]
data rcv RT:[ [32m'0.00'[39m, [32m'4.34'[39m, [32m'3.36'[39m, [32m'0.04'[39m ]
data rcv RT:[ [32m'0.00'[39m, [32m'4.37'[39m, [32m'3.41'[39m, [32m'0.00'[39m ]
data rcv RT:[ [32m'0.00'[39m, [32m'4.35'[39m, [32m'3.42'[39m, [32m'0.00'[39m ]
data rcv RT:[ [32m'0.00'[39m, [32m'4.33'[39m, [32m'3.40'[39m, [32m'0.00'[39m ]
data rcv RT:[ [32m'0.00'[39m, [32m'4.30'[39m, [32m'3.43'[39m, [32m'0.00'[39m ]
data rcv RT:[ [32m'0.00'[39m, [32m'4.31'[39m, [32m'3.40'[39m, [32m'0.00'[39m ]
data rcv RT:[ [32m'0.00'[39m, [32m'4.24'[39m, [32m'3.37'[39m, [32m'0.00'[39m ]
data rcv RT:[ [32m'0.00'[39m, [32m'4.24'[39m, [32m'3.40'[39m, [32m'0.00'[39m ]
data rcv RT:[ [32m'0.00'[39m, [32m'4.28'[39m, [32m'3.41'[39m, [32m'0.00'[39m ]
data rcv RT:[ [32m'0.00'[39m, [32m'4.27'[39m, [32m'3.40'[39m, [32m'0.00'[39m ]
data rcv RT:[ [32m'0.00'[39m, [32m'4.29'[39m, [32m'3.40'[39m, [32m'0.00'[39m ]
data rcv RT:[ [32m'0.00'[39m, [32m'4.33'[39m, [32m'3.38'[39m, [32m'0.01'[39m ]
data rcv RT:[ [32m'0.00'[39m, [32m'4.34'[39m, [32m'3.39'[39m, [32m'0.00'[39m ]
data rcv RT:[ [32m'0.00'[39m, [32m'4.38'[39m, [32m'3.42'[39m, [32m'0.00'[39m ]
data rcv RT:[ [32m'0.00'[39m, [32m'4.38'[39m, [32m'3.44'[39m, [32m'0.00'[39m ]
data rcv RT:[ [32m'0.00'[39m, [32m'4.34'[39m, [32m'3.41'[39m, [32m'0.00'[39m ]
data rcv RT:[ [32m'0.00'[39m, [32m'4.34'[39m, [32m'3.43'[39m, [32m'0.00'[39m ]
data rcv RT:[ [32m'0.00'[39m, [32m'4.33'[39m, [32m'3.42'[39m, [32m'0.00'[39m ]
data rcv RT:[ [32m'0.00'[39m, [32m'4.32'[39m, [32m'3.42'[39m, [32m'0.00'[39m ]
data rcv RT:[ [32m'0.00'[39m, [32m'4.30'[39m, [32m'3.43'[39m, [32m'0.00'[39m ]
data rcv RT:[ [32m'0.00'[39m, [32m'4.30'[39m, [32m'3.44'[39m, [32m'0.00'[39m ]
data rcv RT:[ [32m'0.00'[39m, [32m'4.28'[39m, [32m'3.44'[39m, [32m'0.00'[39m ]
data rcv RT:[ [32m'0.00'[39m, [32m'4.26'[39m, [32m'3.40'[39m, [32m'0.00'[39m ]
data rcv RT:[ [32m'0.00'[39m, [32m'4.29'[39m, [32m'3.38'[39m, [32m'0.00'[39m ]
data rcv RT:[ [32m'0.00'[39m, [32m'4.28'[39m, [32m'3.39'[39m, [32m'0.00'[39m ]
data rcv RT:[ [32m'0.00'[39m, [32m'4.37'[39m, [32m'3.39'[39m, [32m'0.03'[39m ]
data rcv RT:[ [32m'0.00'[39m, [32m'4.33'[39m, [32m'3.38'[39m, [32m'0.00'[39m ]
data rcv RT:[ [32m'0.00'[39m, [32m'4.32'[39m, [32m'3.39'[39m, [32m'0.02'[39m ]
data rcv RT:[ [32m'0.00'[39m, [32m'4.38'[39m, [32m'3.38'[39m, [32m'0.06'[39m ]
data rcv RT:[ [32m'0.00'[39m, [32m'4.39'[39m, [32m'3.40'[39m, [32m'0.01'[39m ]
data rcv RT:[ [32m'0.00'[39m, [32m'4.36'[39m, [32m'3.42'[39m, [32m'0.00'[39m ]
data rcv RT:[ [32m'0.00'[39m, [32m'4.35'[39m, [32m'3.44'[39m, [32m'0.00'[39m ]
data rcv RT:[ [32m'0.00'[39m, [32m'4.34'[39m, [32m'3.42'[39m, [32m'0.00'[39m ]
data rcv RT:[ [32m'0.00'[39m, [32m'4.31'[39m, [32m'3.41'[39m, [32m'0.00'[39m ]
data rcv RT:[ [32m'0.00'[39m, [32m'4.29'[39m, [32m'3.43'[39m, [32m'0.00'[39m ]
data rcv RT:[ [32m'0.00'[39m, [32m'4.31'[39m, [32m'3.44'[39m, [32m'0.00'[39m ]
data rcv RT:[ [32m'0.00'[39m, [32m'4.28'[39m, [32m'3.40'[39m, [32m'0.00'[39m ]
data rcv RT:[ [32m'0.00'[39m, [32m'4.30'[39m, [32m'3.44'[39m, [32m'0.00'[39m ]
data rcv RT:[ [32m'0.00'[39m, [32m'4.27'[39m, [32m'3.43'[39m, [32m'0.00'[39m ]
data rcv RT:[ [32m'0.00'[39m, [32m'4.26'[39m, [32m'3.38'[39m, [32m'0.00'[39m ]
data rcv RT:[ [32m'0.00'[39m, [32m'4.31'[39m, [32m'3.39'[39m, [32m'0.00'[39m ]
data rcv RT:[ [32m'0.00'[39m, [32m'4.30'[39m, [32m'3.38'[39m, [32m'0.00'[39m ]
data rcv RT:[ [32m'0.00'[39m, [32m'4.31'[39m, [32m'3.39'[39m, [32m'0.00'[39m ]
data rcv RT:[ [32m'0.00'[39m, [32m'4.33'[39m, [32m'3.38'[39m, [32m'0.04'[39m ]
data rcv RT:[ [32m'0.00'[39m, [32m'4.31'[39m, [32m'3.39'[39m, [32m'0.03'[39m ]
data rcv RT:[ [32m'0.00'[39m, [32m'4.34'[39m, [32m'3.35'[39m, [32m'0.02'[39m ]
data rcv RT:[ [32m'0.00'[39m, [32m'4.40'[39m, [32m'3.41'[39m, [32m'0.00'[39m ]
data rcv RT:[ [32m'0.00'[39m, [32m'4.36'[39m, [32m'3.41'[39m, [32m'0.00'[39m ]
data rcv RT:[ [32m'0.00'[39m, [32m'4.37'[39m, [32m'3.42'[39m, [32m'0.00'[39m ]
data rcv RT:[ [32m'0.00'[39m, [32m'4.35'[39m, [32m'3.46'[39m, [32m'0.00'[39m ]
data rcv RT:[ [32m'0.00'[39m, [32m'4.32'[39m, [32m'3.42'[39m, [32m'0.00'[39m ]
data rcv RT:[ [32m'0.00'[39m, [32m'4.33'[39m, [32m'3.42'[39m, [32m'0.00'[39m ]
data rcv RT:[ [32m'0.00'[39m, [32m'4.31'[39m, [32m'3.44'[39m, [32m'0.00'[39m ]
data rcv RT:[ [32m'0.00'[39m, [32m'4.29'[39m, [32m'3.42'[39m, [32m'0.00'[39m ]
data rcv RT:[ [32m'0.00'[39m, [32m'4.29'[39m, [32m'3.45'[39m, [32m'0.00'[39m ]
data rcv RT:[ [32m'0.00'[39m, [32m'4.26'[39m, [32m'3.38'[39m, [32m'0.00'[39m ]
data rcv RT:[ [32m'0.00'[39m, [32m'4.28'[39m, [32m'3.41'[39m, [32m'0.00'[39m ]
data rcv RT:[ [32m'0.00'[39m, [32m'4.27'[39m, [32m'3.37'[39m, [32m'0.00'[39m ]
data rcv RT:[ [32m'0.00'[39m, [32m'4.31'[39m, [32m'3.36'[39m, [32m'0.00'[39m ]
data rcv RT:[ [32m'0.00'[39m, [32m'4.28'[39m, [32m'3.38'[39m, [32m'0.00'[39m ]
data rcv RT:[ [32m'0.00'[39m, [32m'4.28'[39m, [32m'3.37'[39m, [32m'0.00'[39m ]
data rcv RT:[ [32m'0.00'[39m, [32m'4.30'[39m, [32m'3.38'[39m, [32m'0.00'[39m ]
data rcv RT:[ [32m'0.00'[39m, [32m'4.29'[39m, [32m'3.39'[39m, [32m'0.00'[39m ]
data rcv RT:[ [32m'0.00'[39m, [32m'4.29'[39m, [32m'3.37'[39m, [32m'0.00'[39m ]
data rcv RT:[ [32m'0.00'[39m, [32m'4.32'[39m, [32m'3.39'[39m, [32m'0.01'[39m ]
data rcv RT:[ [32m'0.00'[39m, [32m'4.34'[39m, [32m'3.40'[39m, [32m'0.04'[39m ]
data rcv RT:[ [32m'0.00'[39m, [32m'4.37'[39m, [32m'3.42'[39m, [32m'0.00'[39m ]
data rcv RT:[ [32m'0.00'[39m, [32m'4.38'[39m, [32m'3.41'[39m, [32m'0.00'[39m ]
data rcv RT:[ [32m'0.00'[39m, [32m'4.36'[39m, [32m'3.41'[39m, [32m'0.00'[39m ]
data rcv RT:[ [32m'0.00'[39m, [32m'4.29'[39m, [32m'3.43'[39m, [32m'0.00'[39m ]
data rcv RT:[ [32m'0.00'[39m, [32m'4.31'[39m, [32m'3.42'[39m, [32m'0.00'[39m ]
data rcv RT:[ [32m'0.00'[39m, [32m'4.31'[39m, [32m'3.42'[39m, [32m'0.00'[39m ]
data rcv RT:[ [32m'0.00'[39m, [32m'4.31'[39m, [32m'3.44'[39m, [32m'0.00'[39m ]
data rcv RT:[ [32m'0.00'[39m, [32m'4.31'[39m, [32m'3.43'[39m, [32m'0.00'[39m ]
data rcv RT:[ [32m'0.00'[39m, [32m'4.29'[39m, [32m'3.45'[39m, [32m'0.00'[39m ]
data rcv RT:[ [32m'0.00'[39m, [32m'4.27'[39m, [32m'3.40'[39m, [32m'0.00'[39m ]
data rcv RT:[ [32m'0.00'[39m, [32m'4.31'[39m, [32m'3.38'[39m, [32m'0.00'[39m ]
data rcv RT:[ [32m'0.00'[39m, [32m'4.28'[39m, [32m'3.40'[39m, [32m'0.00'[39m ]
data rcv RT:[ [32m'0.00'[39m, [32m'4.32'[39m, [32m'3.40'[39m, [32m'0.00'[39m ]
data rcv RT:[ [32m'0.00'[39m, [32m'4.33'[39m, [32m'3.37'[39m, [32m'0.00'[39m ]
data rcv RT:[ [32m'0.00'[39m, [32m'4.34'[39m, [32m'3.37'[39m, [32m'0.02'[39m ]
data rcv RT:[ [32m'0.00'[39m, [32m'4.35'[39m, [32m'3.44'[39m, [32m'0.01'[39m ]
data rcv RT:[ [32m'0.00'[39m, [32m'4.37'[39m, [32m'3.42'[39m, [32m'0.01'[39m ]
data rcv RT:[ [32m'0.00'[39m, [32m'4.35'[39m, [32m'3.41'[39m, [32m'0.00'[39m ]
data rcv RT:[ [32m'0.00'[39m, [32m'4.36'[39m, [32m'3.43'[39m, [32m'0.00'[39m ]
data rcv RT:[ [32m'0.00'[39m, [32m'4.32'[39m, [32m'3.45'[39m, [32m'0.00'[39m ]
data rcv RT:[ [32m'0.00'[39m, [32m'4.31'[39m, [32m'3.43'[39m, [32m'0.00'[39m ]
data rcv RT:[ [32m'0.00'[39m, [32m'4.34'[39m, [32m'3.42'[39m, [32m'0.00'[39m ]
data rcv RT:[ [32m'0.00'[39m, [32m'4.34'[39m, [32m'3.43'[39m, [32m'0.00'[39m ]
data rcv RT:[ [32m'0.00'[39m, [32m'4.31'[39m, [32m'3.43'[39m, [32m'0.00'[39m ]
data rcv RT:[ [32m'0.00'[39m, [32m'4.26'[39m, [32m'3.39'[39m, [32m'0.00'[39m ]
data rcv RT:[ [32m'0.00'[39m, [32m'4.26'[39m, [32m'3.42'[39m, [32m'0.00'[39m ]
data rcv RT:[ [32m'0.00'[39m, [32m'4.23'[39m, [32m'3.40'[39m, [32m'0.00'[39m ]
data rcv RT:[ [32m'0.00'[39m, [32m'4.29'[39m, [32m'3.37'[39m, [32m'0.00'[39m ]
data rcv RT:[ [32m'0.00'[39m, [32m'4.32'[39m, [32m'3.38'[39m, [32m'0.01'[39m ]
data rcv RT:[ [32m'0.00'[39m, [32m'4.31'[39m, [32m'3.39'[39m, [32m'0.02'[39m ]
data rcv RT:[ [32m'0.00'[39m, [32m'4.33'[39m, [32m'3.38'[39m, [32m'0.05'[39m ]
data rcv RT:[ [32m'0.00'[39m, [32m'4.34'[39m, [32m'3.36'[39m, [32m'0.05'[39m ]
data rcv RT:[ [32m'0.00'[39m, [32m'4.38'[39m, [32m'3.43'[39m, [32m'0.00'[39m ]
data rcv RT:[ [32m'0.00'[39m, [32m'4.32'[39m, [32m'3.45'[39m, [32m'0.00'[39m ]
data rcv RT:[ [32m'0.00'[39m, [32m'4.34'[39m, [32m'3.45'[39m, [32m'0.00'[39m ]
data rcv RT:[ [32m'0.00'[39m, [32m'4.34'[39m, [32m'3.40'[39m, [32m'0.00'[39m ]
data rcv RT:[ [32m'0.00'[39m, [32m'4.30'[39m, [32m'3.44'[39m, [32m'0.00'[39m ]
data rcv RT:[ [32m'0.00'[39m, [32m'4.28'[39m, [32m'3.42'[39m, [32m'0.00'[39m ]
data rcv RT:[ [32m'0.00'[39m, [32m'4.24'[39m, [32m'3.38'[39m, [32m'0.00'[39m ]
data rcv RT:[ [32m'0.00'[39m, [32m'4.23'[39m, [32m'3.39'[39m, [32m'0.00'[39m ]
data rcv RT:[ [32m'0.00'[39m, [32m'4.26'[39m, [32m'3.39'[39m, [32m'0.00'[39m ]
data rcv RT:[ [32m'0.00'[39m, [32m'4.30'[39m, [32m'3.39'[39m, [32m'0.00'[39m ]
data rcv RT:[ [32m'0.00'[39m, [32m'4.29'[39m, [32m'3.39'[39m, [32m'0.00'[39m ]
data rcv RT:[ [32m'0.00'[39m, [32m'4.30'[39m, [32m'3.39'[39m, [32m'0.00'[39m ]
data rcv RT:[ [32m'0.00'[39m, [32m'4.31'[39m, [32m'3.39'[39m, [32m'0.01'[39m ]
data rcv RT:[ [32m'0.00'[39m, [32m'4.33'[39m, [32m'3.38'[39m, [32m'0.01'[39m ]
data rcv RT:[ [32m'0.00'[39m, [32m'4.37'[39m, [32m'3.37'[39m, [32m'0.04'[39m ]
data rcv RT:[ [32m'0.00'[39m, [32m'4.37'[39m, [32m'3.38'[39m, [32m'0.02'[39m ]
data rcv RT:[ [32m'0.00'[39m, [32m'4.37'[39m, [32m'3.40'[39m, [32m'0.00'[39m ]
data rcv RT:[ [32m'0.00'[39m, [32m'4.33'[39m, [32m'3.46'[39m, [32m'0.00'[39m ]
data rcv RT:[ [32m'0.00'[39m, [32m'4.33'[39m, [32m'3.43'[39m, [32m'0.00'[39m ]
data rcv RT:[ [32m'0.00'[39m, [32m'4.33'[39m, [32m'3.41'[39m, [32m'0.00'[39m ]
data rcv RT:[ [32m'0.00'[39m, [32m'4.28'[39m, [32m'3.40'[39m, [32m'0.00'[39m ]
data rcv RT:[ [32m'0.00'[39m, [32m'4.27'[39m, [32m'3.45'[39m, [32m'0.00'[39m ]
data rcv RT:[ [32m'0.00'[39m, [32m'4.27'[39m, [32m'3.37'[39m, [32m'0.00'[39m ]
data rcv RT:[ [32m'0.00'[39m, [32m'4.27'[39m, [32m'3.36'[39m, [32m'0.00'[39m ]
data rcv RT:[ [32m'0.00'[39m, [32m'4.28'[39m, [32m'3.37'[39m, [32m'0.00'[39m ]
data rcv RT:[ [32m'0.00'[39m, [32m'4.30'[39m, [32m'3.39'[39m, [32m'0.00'[39m ]
data rcv RT:[ [32m'0.00'[39m, [32m'4.32'[39m, [32m'3.38'[39m, [32m'0.00'[39m ]
data rcv RT:[ [32m'0.00'[39m, [32m'4.35'[39m, [32m'3.37'[39m, [32m'0.03'[39m ]
data rcv RT:[ [32m'0.00'[39m, [32m'4.34'[39m, [32m'3.38'[39m, [32m'0.01'[39m ]
data rcv RT:[ [32m'0.00'[39m, [32m'4.37'[39m, [32m'3.37'[39m, [32m'0.01'[39m ]
data rcv RT:[ [32m'0.00'[39m, [32m'4.36'[39m, [32m'3.38'[39m, [32m'0.02'[39m ]
data rcv RT:[ [32m'0.00'[39m, [32m'4.35'[39m, [32m'3.41'[39m, [32m'0.00'[39m ]
data rcv RT:[ [32m'0.00'[39m, [32m'4.32'[39m, [32m'3.41'[39m, [32m'0.00'[39m ]
data rcv RT:[ [32m'0.00'[39m, [32m'4.30'[39m, [32m'3.41'[39m, [32m'0.00'[39m ]
data rcv RT:[ [32m'0.00'[39m, [32m'4.32'[39m, [32m'3.43'[39m, [32m'0.00'[39m ]
data rcv RT:[ [32m'0.00'[39m, [32m'4.32'[39m, [32m'3.44'[39m, [32m'0.00'[39m ]
data rcv RT:[ [32m'0.00'[39m, [32m'4.31'[39m, [32m'3.41'[39m, [32m'0.00'[39m ]
data rcv RT:[ [32m'0.00'[39m, [32m'4.29'[39m, [32m'3.40'[39m, [32m'0.00'[39m ]
data rcv RT:[ [32m'0.00'[39m, [32m'4.28'[39m, [32m'3.35'[39m, [32m'0.00'[39m ]
data rcv RT:[ [32m'0.00'[39m, [32m'4.30'[39m, [32m'3.36'[39m, [32m'0.00'[39m ]
data rcv RT:[ [32m'0.00'[39m, [32m'4.31'[39m, [32m'3.38'[39m, [32m'0.01'[39m ]
data rcv RT:[ [32m'0.00'[39m, [32m'4.33'[39m, [32m'3.38'[39m, [32m'0.01'[39m ]
data rcv RT:[ [32m'0.00'[39m, [32m'4.34'[39m, [32m'3.34'[39m, [32m'0.06'[39m ]
data rcv RT:[ [32m'0.00'[39m, [32m'4.36'[39m, [32m'3.36'[39m, [32m'0.04'[39m ]
data rcv RT:[ [32m'0.00'[39m, [32m'4.34'[39m, [32m'3.42'[39m, [32m'0.00'[39m ]
data rcv RT:[ [32m'0.00'[39m, [32m'4.34'[39m, [32m'3.44'[39m, [32m'0.00'[39m ]
data rcv RT:[ [32m'0.00'[39m, [32m'4.33'[39m, [32m'3.43'[39m, [32m'0.00'[39m ]
data rcv RT:[ [32m'0.00'[39m, [32m'4.32'[39m, [32m'3.42'[39m, [32m'0.00'[39m ]
data rcv RT:[ [32m'0.00'[39m, [32m'4.30'[39m, [32m'3.43'[39m, [32m'0.00'[39m ]
data rcv RT:[ [32m'0.00'[39m, [32m'4.26'[39m, [32m'3.38'[39m, [32m'0.00'[39m ]
data rcv RT:[ [32m'0.00'[39m, [32m'4.24'[39m, [32m'3.35'[39m, [32m'0.00'[39m ]
data rcv RT:[ [32m'0.00'[39m, [32m'4.25'[39m, [32m'3.39'[39m, [32m'0.00'[39m ]
data rcv RT:[ [32m'0.00'[39m, [32m'4.29'[39m, [32m'3.37'[39m, [32m'0.02'[39m ]
data rcv RT:[ [32m'0.00'[39m, [32m'4.34'[39m, [32m'3.38'[39m, [32m'0.00'[39m ]
data rcv RT:[ [32m'0.00'[39m, [32m'4.33'[39m, [32m'3.39'[39m, [32m'0.01'[39m ]
data rcv RT:[ [32m'0.00'[39m, [32m'4.38'[39m, [32m'3.41'[39m, [32m'0.03'[39m ]
data rcv RT:[ [32m'0.00'[39m, [32m'4.35'[39m, [32m'3.43'[39m, [32m'0.00'[39m ]
data rcv RT:[ [32m'0.00'[39m, [32m'4.33'[39m, [32m'3.41'[39m, [32m'0.00'[39m ]
data rcv RT:[ [32m'0.00'[39m, [32m'4.29'[39m, [32m'3.43'[39m, [32m'0.00'[39m ]
data rcv RT:[ [32m'0.00'[39m, [32m'4.29'[39m, [32m'3.43'[39m, [32m'0.00'[39m ]
data rcv RT:[ [32m'0.00'[39m, [32m'4.27'[39m, [32m'3.40'[39m, [32m'0.00'[39m ]
data rcv RT:[ [32m'0.00'[39m, [32m'4.30'[39m, [32m'3.42'[39m, [32m'0.00'[39m ]
data rcv RT:[ [32m'0.00'[39m, [32m'4.28'[39m, [32m'3.40'[39m, [32m'0.00'[39m ]
data rcv RT:[ [32m'0.00'[39m, [32m'4.28'[39m, [32m'3.36'[39m, [32m'0.00'[39m ]
data rcv RT:[ [32m'0.00'[39m, [32m'4.33'[39m, [32m'3.36'[39m, [32m'0.01'[39m ]
data rcv RT:[ [32m'0.00'[39m, [32m'4.33'[39m, [32m'3.39'[39m, [32m'0.01'[39m ]
data rcv RT:[ [32m'0.00'[39m, [32m'4.37'[39m, [32m'3.41'[39m, [32m'0.00'[39m ]
data rcv RT:[ [32m'0.00'[39m, [32m'4.37'[39m, [32m'3.45'[39m, [32m'0.00'[39m ]
data rcv RT:[ [32m'0.00'[39m, [32m'4.39'[39m, [32m'3.45'[39m, [32m'0.00'[39m ]
data rcv RT:[ [32m'0.00'[39m, [32m'4.30'[39m, [32m'3.44'[39m, [32m'0.00'[39m ]
data rcv RT:[ [32m'0.00'[39m, [32m'4.29'[39m, [32m'3.42'[39m, [32m'0.00'[39m ]
data rcv RT:[ [32m'0.00'[39m, [32m'4.28'[39m, [32m'3.42'[39m, [32m'0.00'[39m ]
data rcv RT:[ [32m'0.00'[39m, [32m'4.27'[39m, [32m'3.42'[39m, [32m'0.00'[39m ]
data rcv RT:[ [32m'0.00'[39m, [32m'4.28'[39m, [32m'3.42'[39m, [32m'0.00'[39m ]
data rcv RT:[ [32m'0.00'[39m, [32m'4.29'[39m, [32m'3.38'[39m, [32m'0.00'[39m ]
data rcv RT:[ [32m'0.00'[39m, [32m'4.28'[39m, [32m'3.40'[39m, [32m'0.00'[39m ]
data rcv RT:[ [32m'0.00'[39m, [32m'4.27'[39m, [32m'3.39'[39m, [32m'0.00'[39m ]
data rcv RT:[ [32m'0.00'[39m, [32m'4.31'[39m, [32m'3.38'[39m, [32m'0.00'[39m ]
data rcv RT:[ [32m'0.00'[39m, [32m'4.30'[39m, [32m'3.39'[39m, [32m'0.01'[39m ]
data rcv RT:[ [32m'0.00'[39m, [32m'4.36'[39m, [32m'3.37'[39m, [32m'0.01'[39m ]
data rcv RT:[ [32m'0.00'[39m, [32m'4.37'[39m, [32m'3.38'[39m, [32m'0.03'[39m ]
data rcv RT:[ [32m'0.00'[39m, [32m'4.37'[39m, [32m'3.42'[39m, [32m'0.00'[39m ]
data rcv RT:[ [32m'0.00'[39m, [32m'4.32'[39m, [32m'3.40'[39m, [32m'0.00'[39m ]
data rcv RT:[ [32m'0.00'[39m, [32m'4.34'[39m, [32m'3.42'[39m, [32m'0.00'[39m ]
data rcv RT:[ [32m'0.00'[39m, [32m'4.31'[39m, [32m'3.42'[39m, [32m'0.00'[39m ]
data rcv RT:[ [32m'0.00'[39m, [32m'4.31'[39m, [32m'3.44'[39m, [32m'0.00'[39m ]
data rcv RT:[ [32m'0.00'[39m, [32m'4.27'[39m, [32m'3.42'[39m, [32m'0.00'[39m ]
data rcv RT:[ [32m'0.00'[39m, [32m'4.30'[39m, [32m'3.38'[39m, [32m'0.00'[39m ]
data rcv RT:[ [32m'0.00'[39m, [32m'4.28'[39m, [32m'3.42'[39m, [32m'0.00'[39m ]
data rcv RT:[ [32m'0.00'[39m, [32m'4.27'[39m, [32m'3.40'[39m, [32m'0.00'[39m ]
data rcv RT:[ [32m'0.00'[39m, [32m'4.27'[39m, [32m'3.38'[39m, [32m'0.00'[39m ]
data rcv RT:[ [32m'0.00'[39m, [32m'4.26'[39m, [32m'3.38'[39m, [32m'0.00'[39m ]
data rcv RT:[ [32m'0.00'[39m, [32m'4.31'[39m, [32m'3.39'[39m, [32m'0.00'[39m ]
data rcv RT:[ [32m'0.00'[39m, [32m'4.31'[39m, [32m'3.39'[39m, [32m'0.00'[39m ]
data rcv RT:[ [32m'0.00'[39m, [32m'4.34'[39m, [32m'3.37'[39m, [32m'0.02'[39m ]
data rcv RT:[ [32m'0.00'[39m, [32m'4.36'[39m, [32m'3.39'[39m, [32m'0.04'[39m ]
data rcv RT:[ [32m'0.00'[39m, [32m'4.36'[39m, [32m'3.41'[39m, [32m'0.02'[39m ]
data rcv RT:[ [32m'0.00'[39m, [32m'4.36'[39m, [32m'3.41'[39m, [32m'0.01'[39m ]
data rcv RT:[ [32m'0.00'[39m, [32m'4.31'[39m, [32m'3.45'[39m, [32m'0.00'[39m ]
data rcv RT:[ [32m'0.00'[39m, [32m'4.32'[39m, [32m'3.43'[39m, [32m'0.00'[39m ]
data rcv RT:[ [32m'0.00'[39m, [32m'4.32'[39m, [32m'3.42'[39m, [32m'0.00'[39m ]
data rcv RT:[ [32m'0.00'[39m, [32m'4.30'[39m, [32m'3.42'[39m, [32m'0.00'[39m ]
data rcv RT:[ [32m'0.00'[39m, [32m'4.32'[39m, [32m'3.42'[39m, [32m'0.00'[39m ]
data rcv RT:[ [32m'0.00'[39m, [32m'4.33'[39m, [32m'3.46'[39m, [32m'0.00'[39m ]
data rcv RT:[ [32m'0.00'[39m, [32m'4.25'[39m, [32m'3.41'[39m, [32m'0.00'[39m ]
data rcv RT:[ [32m'0.00'[39m, [32m'4.28'[39m, [32m'3.36'[39m, [32m'0.00'[39m ]
data rcv RT:[ [32m'0.00'[39m, [32m'4.27'[39m, [32m'3.38'[39m, [32m'0.00'[39m ]
data rcv RT:[ [32m'0.00'[39m, [32m'4.29'[39m, [32m'3.39'[39m, [32m'0.00'[39m ]
data rcv RT:[ [32m'0.00'[39m, [32m'4.32'[39m, [32m'3.37'[39m, [32m'0.00'[39m ]
data rcv RT:[ [32m'0.00'[39m, [32m'4.31'[39m, [32m'3.37'[39m, [32m'0.01'[39m ]
data rcv RT:[ [32m'0.00'[39m, [32m'4.35'[39m, [32m'3.39'[39m, [32m'0.03'[39m ]
data rcv RT:[ [32m'0.00'[39m, [32m'4.36'[39m, [32m'3.37'[39m, [32m'0.03'[39m ]
data rcv RT:[ [32m'0.00'[39m, [32m'4.38'[39m, [32m'3.40'[39m, [32m'0.00'[39m ]
data rcv RT:[ [32m'0.00'[39m, [32m'4.38'[39m, [32m'3.39'[39m, [32m'0.03'[39m ]
data rcv RT:[ [32m'0.00'[39m, [32m'4.39'[39m, [32m'3.43'[39m, [32m'0.00'[39m ]
data rcv RT:[ [32m'0.00'[39m, [32m'4.35'[39m, [32m'3.40'[39m, [32m'0.00'[39m ]
data rcv RT:[ [32m'0.00'[39m, [32m'4.32'[39m, [32m'3.44'[39m, [32m'0.00'[39m ]
data rcv RT:[ [32m'0.00'[39m, [32m'4.32'[39m, [32m'3.42'[39m, [32m'0.00'[39m ]
data rcv RT:[ [32m'0.00'[39m, [32m'4.33'[39m, [32m'3.42'[39m, [32m'0.00'[39m ]
data rcv RT:[ [32m'0.00'[39m, [32m'4.33'[39m, [32m'3.44'[39m, [32m'0.00'[39m ]
data rcv RT:[ [32m'0.00'[39m, [32m'4.31'[39m, [32m'3.42'[39m, [32m'0.00'[39m ]
data rcv RT:[ [32m'0.00'[39m, [32m'4.28'[39m, [32m'3.46'[39m, [32m'0.00'[39m ]
data rcv RT:[ [32m'0.00'[39m, [32m'4.30'[39m, [32m'3.40'[39m, [32m'0.00'[39m ]
data rcv RT:[ [32m'0.00'[39m, [32m'4.29'[39m, [32m'3.44'[39m, [32m'0.00'[39m ]
data rcv RT:[ [32m'0.00'[39m, [32m'4.26'[39m, [32m'3.40'[39m, [32m'0.00'[39m ]
data rcv RT:[ [32m'0.00'[39m, [32m'4.28'[39m, [32m'3.38'[39m, [32m'0.00'[39m ]
data rcv RT:[ [32m'0.00'[39m, [32m'4.27'[39m, [32m'3.38'[39m, [32m'0.00'[39m ]
data rcv RT:[ [32m'0.00'[39m, [32m'4.31'[39m, [32m'3.38'[39m, [32m'0.01'[39m ]
data rcv RT:[ [32m'0.00'[39m, [32m'4.31'[39m, [32m'3.38'[39m, [32m'0.00'[39m ]
data rcv RT:[ [32m'0.00'[39m, [32m'4.31'[39m, [32m'3.35'[39m, [32m'0.04'[39m ]
data rcv RT:[ [32m'0.00'[39m, [32m'4.37'[39m, [32m'3.39'[39m, [32m'0.00'[39m ]
data rcv RT:[ [32m'0.00'[39m, [32m'4.34'[39m, [32m'3.38'[39m, [32m'0.02'[39m ]
data rcv RT:[ [32m'0.00'[39m, [32m'4.37'[39m, [32m'3.43'[39m, [32m'0.00'[39m ]
data rcv RT:[ [32m'0.00'[39m, [32m'4.36'[39m, [32m'3.45'[39m, [32m'0.00'[39m ]
data rcv RT:[ [32m'0.00'[39m, [32m'4.35'[39m, [32m'3.40'[39m, [32m'0.00'[39m ]
data rcv RT:[ [32m'0.00'[39m, [32m'4.33'[39m, [32m'3.44'[39m, [32m'0.00'[39m ]
data rcv RT:[ [32m'0.00'[39m, [32m'4.32'[39m, [32m'3.44'[39m, [32m'0.00'[39m ]
data rcv RT:[ [32m'0.00'[39m, [32m'4.32'[39m, [32m'3.42'[39m, [32m'0.00'[39m ]
data rcv RT:[ [32m'0.00'[39m, [32m'4.29'[39m, [32m'3.40'[39m, [32m'0.00'[39m ]
data rcv RT:[ [32m'0.00'[39m, [32m'4.32'[39m, [32m'3.44'[39m, [32m'0.00'[39m ]
data rcv RT:[ [32m'0.00'[39m, [32m'4.29'[39m, [32m'3.44'[39m, [32m'0.00'[39m ]
data rcv RT:[ [32m'0.00'[39m, [32m'4.33'[39m, [32m'3.44'[39m, [32m'0.00'[39m ]
data rcv RT:[ [32m'0.00'[39m, [32m'4.27'[39m, [32m'3.39'[39m, [32m'0.00'[39m ]
data rcv RT:[ [32m'0.00'[39m, [32m'4.30'[39m, [32m'3.41'[39m, [32m'0.00'[39m ]
data rcv RT:[ [32m'0.00'[39m, [32m'4.26'[39m, [32m'3.38'[39m, [32m'0.00'[39m ]
data rcv RT:[ [32m'0.00'[39m, [32m'4.26'[39m, [32m'3.40'[39m, [32m'0.00'[39m ]
data rcv RT:[ [32m'0.00'[39m, [32m'4.29'[39m, [32m'3.38'[39m, [32m'0.00'[39m ]
data rcv RT:[ [32m'0.00'[39m, [32m'4.31'[39m, [32m'3.36'[39m, [32m'0.00'[39m ]
data rcv RT:[ [32m'0.00'[39m, [32m'4.33'[39m, [32m'3.37'[39m, [32m'0.01'[39m ]
data rcv RT:[ [32m'0.00'[39m, [32m'4.33'[39m, [32m'3.38'[39m, [32m'0.01'[39m ]
data rcv RT:[ [32m'0.00'[39m, [32m'4.34'[39m, [32m'3.33'[39m, [32m'0.03'[39m ]
data rcv RT:[ [32m'0.00'[39m, [32m'4.38'[39m, [32m'3.37'[39m, [32m'0.05'[39m ]
data rcv RT:[ [32m'0.00'[39m, [32m'4.35'[39m, [32m'3.40'[39m, [32m'0.00'[39m ]
data rcv RT:[ [32m'0.00'[39m, [32m'4.35'[39m, [32m'3.41'[39m, [32m'0.00'[39m ]
data rcv RT:[ [32m'0.00'[39m, [32m'4.31'[39m, [32m'3.42'[39m, [32m'0.00'[39m ]
data rcv RT:[ [32m'0.00'[39m, [32m'4.30'[39m, [32m'3.43'[39m, [32m'0.00'[39m ]
data rcv RT:[ [32m'0.00'[39m, [32m'4.26'[39m, [32m'3.42'[39m, [32m'0.00'[39m ]
data rcv RT:[ [32m'0.00'[39m, [32m'4.26'[39m, [32m'3.38'[39m, [32m'0.00'[39m ]
data rcv RT:[ [32m'0.00'[39m, [32m'4.28'[39m, [32m'3.39'[39m, [32m'0.00'[39m ]
data rcv RT:[ [32m'0.00'[39m, [32m'4.27'[39m, [32m'3.38'[39m, [32m'0.00'[39m ]
data rcv RT:[ [32m'0.00'[39m, [32m'4.29'[39m, [32m'3.40'[39m, [32m'0.00'[39m ]
data rcv RT:[ [32m'0.00'[39m, [32m'4.31'[39m, [32m'3.37'[39m, [32m'0.01'[39m ]
data rcv RT:[ [32m'0.00'[39m, [32m'4.37'[39m, [32m'3.38'[39m, [32m'0.03'[39m ]
data rcv RT:[ [32m'0.00'[39m, [32m'4.37'[39m, [32m'3.43'[39m, [32m'0.00'[39m ]
data rcv RT:[ [32m'0.00'[39m, [32m'4.35'[39m, [32m'3.41'[39m, [32m'0.00'[39m ]
data rcv RT:[ [32m'0.00'[39m, [32m'4.34'[39m, [32m'3.42'[39m, [32m'0.00'[39m ]
data rcv RT:[ [32m'0.00'[39m, [32m'4.33'[39m, [32m'3.42'[39m, [32m'0.00'[39m ]
data rcv RT:[ [32m'0.00'[39m, [32m'4.32'[39m, [32m'3.42'[39m, [32m'0.00'[39m ]
data rcv RT:[ [32m'0.00'[39m, [32m'4.28'[39m, [32m'3.45'[39m, [32m'0.00'[39m ]
data rcv RT:[ [32m'0.00'[39m, [32m'4.26'[39m, [32m'3.44'[39m, [32m'0.00'[39m ]
data rcv RT:[ [32m'0.00'[39m, [32m'4.26'[39m, [32m'3.42'[39m, [32m'0.00'[39m ]
data rcv RT:[ [32m'0.00'[39m, [32m'4.28'[39m, [32m'3.40'[39m, [32m'0.00'[39m ]
data rcv RT:[ [32m'0.00'[39m, [32m'4.28'[39m, [32m'3.38'[39m, [32m'0.00'[39m ]
data rcv RT:[ [32m'0.00'[39m, [32m'4.33'[39m, [32m'3.36'[39m, [32m'0.02'[39m ]
data rcv RT:[ [32m'0.00'[39m, [32m'4.36'[39m, [32m'3.36'[39m, [32m'0.05'[39m ]
data rcv RT:[ [32m'0.00'[39m, [32m'4.38'[39m, [32m'3.42'[39m, [32m'0.01'[39m ]
data rcv RT:[ [32m'0.00'[39m, [32m'4.37'[39m, [32m'3.42'[39m, [32m'0.00'[39m ]
data rcv RT:[ [32m'0.00'[39m, [32m'4.36'[39m, [32m'3.44'[39m, [32m'0.00'[39m ]
data rcv RT:[ [32m'0.00'[39m, [32m'4.33'[39m, [32m'3.41'[39m, [32m'0.00'[39m ]
data rcv RT:[ [32m'0.00'[39m, [32m'4.33'[39m, [32m'3.43'[39m, [32m'0.00'[39m ]
data rcv RT:[ [32m'0.00'[39m, [32m'4.32'[39m, [32m'3.45'[39m, [32m'0.00'[39m ]
data rcv RT:[ [32m'0.00'[39m, [32m'4.33'[39m, [32m'3.43'[39m, [32m'0.00'[39m ]
data rcv RT:[ [32m'0.00'[39m, [32m'4.29'[39m, [32m'3.45'[39m, [32m'0.00'[39m ]
data rcv RT:[ [32m'0.00'[39m, [32m'4.27'[39m, [32m'3.39'[39m, [32m'0.00'[39m ]
data rcv RT:[ [32m'0.00'[39m, [32m'4.31'[39m, [32m'3.38'[39m, [32m'0.02'[39m ]
data rcv RT:[ [32m'0.00'[39m, [32m'4.32'[39m, [32m'3.37'[39m, [32m'0.03'[39m ]
data rcv RT:[ [32m'0.00'[39m, [32m'4.36'[39m, [32m'3.40'[39m, [32m'0.03'[39m ]
data rcv RT:[ [32m'0.00'[39m, [32m'4.33'[39m, [32m'3.39'[39m, [32m'0.02'[39m ]
data rcv RT:[ [32m'0.00'[39m, [32m'4.37'[39m, [32m'3.40'[39m, [32m'0.00'[39m ]
data rcv RT:[ [32m'0.00'[39m, [32m'4.39'[39m, [32m'3.41'[39m, [32m'0.00'[39m ]
data rcv RT:[ [32m'0.00'[39m, [32m'4.33'[39m, [32m'3.43'[39m, [32m'0.00'[39m ]
data rcv RT:[ [32m'0.00'[39m, [32m'4.32'[39m, [32m'3.43'[39m, [32m'0.00'[39m ]
data rcv RT:[ [32m'0.00'[39m, [32m'4.31'[39m, [32m'3.43'[39m, [32m'0.00'[39m ]
data rcv RT:[ [32m'0.00'[39m, [32m'4.28'[39m, [32m'3.45'[39m, [32m'0.00'[39m ]
data rcv RT:[ [32m'0.00'[39m, [32m'4.30'[39m, [32m'3.43'[39m, [32m'0.00'[39m ]
data rcv RT:[ [32m'0.00'[39m, [32m'4.29'[39m, [32m'3.40'[39m, [32m'0.00'[39m ]
data rcv RT:[ [32m'0.00'[39m, [32m'4.29'[39m, [32m'3.38'[39m, [32m'0.00'[39m ]
data rcv RT:[ [32m'0.00'[39m, [32m'4.28'[39m, [32m'3.40'[39m, [32m'0.00'[39m ]
data rcv RT:[ [32m'0.00'[39m, [32m'4.28'[39m, [32m'3.38'[39m, [32m'0.01'[39m ]
data rcv RT:[ [32m'0.00'[39m, [32m'4.31'[39m, [32m'3.37'[39m, [32m'0.00'[39m ]
data rcv RT:[ [32m'0.00'[39m, [32m'4.33'[39m, [32m'3.38'[39m, [32m'0.03'[39m ]
data rcv RT:[ [32m'0.00'[39m, [32m'4.37'[39m, [32m'3.36'[39m, [32m'0.01'[39m ]
data rcv RT:[ [32m'0.00'[39m, [32m'4.37'[39m, [32m'3.36'[39m, [32m'0.04'[39m ]
data rcv RT:[ [32m'0.00'[39m, [32m'4.35'[39m, [32m'3.45'[39m, [32m'0.00'[39m ]
data rcv RT:[ [32m'0.00'[39m, [32m'4.35'[39m, [32m'3.42'[39m, [32m'0.00'[39m ]
data rcv RT:[ [32m'0.00'[39m, [32m'4.33'[39m, [32m'3.43'[39m, [32m'0.00'[39m ]
data rcv RT:[ [32m'0.00'[39m, [32m'4.30'[39m, [32m'3.49'[39m, [32m'0.00'[39m ]
data rcv RT:[ [32m'0.00'[39m, [32m'4.27'[39m, [32m'3.45'[39m, [32m'0.00'[39m ]
data rcv RT:[ [32m'0.00'[39m, [32m'4.27'[39m, [32m'3.42'[39m, [32m'0.00'[39m ]
data rcv RT:[ [32m'0.00'[39m, [32m'4.29'[39m, [32m'3.38'[39m, [32m'0.00'[39m ]
data rcv RT:[ [32m'0.00'[39m, [32m'4.27'[39m, [32m'3.38'[39m, [32m'0.00'[39m ]
data rcv RT:[ [32m'0.00'[39m, [32m'4.31'[39m, [32m'3.39'[39m, [32m'0.01'[39m ]
data rcv RT:[ [32m'0.00'[39m, [32m'4.34'[39m, [32m'3.37'[39m, [32m'0.01'[39m ]
data rcv RT:[ [32m'0.00'[39m, [32m'4.38'[39m, [32m'3.40'[39m, [32m'0.03'[39m ]
data rcv RT:[ [32m'0.00'[39m, [32m'4.36'[39m, [32m'3.41'[39m, [32m'0.03'[39m ]
data rcv RT:[ [32m'0.00'[39m, [32m'4.36'[39m, [32m'3.38'[39m, [32m'0.01'[39m ]
data rcv RT:[ [32m'0.00'[39m, [32m'4.34'[39m, [32m'3.43'[39m, [32m'0.00'[39m ]
data rcv RT:[ [32m'0.00'[39m, [32m'4.31'[39m, [32m'3.43'[39m, [32m'0.00'[39m ]
data rcv RT:[ [32m'0.00'[39m, [32m'4.31'[39m, [32m'3.44'[39m, [32m'0.00'[39m ]
data rcv RT:[ [32m'0.00'[39m, [32m'4.31'[39m, [32m'3.43'[39m, [32m'0.00'[39m ]
data rcv RT:[ [32m'0.00'[39m, [32m'4.31'[39m, [32m'3.44'[39m, [32m'0.00'[39m ]
data rcv RT:[ [32m'0.00'[39m, [32m'4.27'[39m, [32m'3.39'[39m, [32m'0.00'[39m ]
data rcv RT:[ [32m'0.00'[39m, [32m'4.29'[39m, [32m'3.39'[39m, [32m'0.00'[39m ]
data rcv RT:[ [32m'0.00'[39m, [32m'4.31'[39m, [32m'3.39'[39m, [32m'0.00'[39m ]
data rcv RT:[ [32m'0.00'[39m, [32m'4.30'[39m, [32m'3.39'[39m, [32m'0.01'[39m ]
data rcv RT:[ [32m'0.00'[39m, [32m'4.35'[39m, [32m'3.38'[39m, [32m'0.02'[39m ]
data rcv RT:[ [32m'0.00'[39m, [32m'4.37'[39m, [32m'3.38'[39m, [32m'0.04'[39m ]
data rcv RT:[ [32m'0.00'[39m, [32m'4.35'[39m, [32m'3.42'[39m, [32m'0.00'[39m ]
data rcv RT:[ [32m'0.00'[39m, [32m'4.33'[39m, [32m'3.44'[39m, [32m'0.00'[39m ]
data rcv RT:[ [32m'0.00'[39m, [32m'4.29'[39m, [32m'3.44'[39m, [32m'0.00'[39m ]
data rcv RT:[ [32m'0.00'[39m, [32m'4.32'[39m, [32m'3.41'[39m, [32m'0.00'[39m ]
data rcv RT:[ [32m'0.00'[39m, [32m'4.28'[39m, [32m'3.43'[39m, [32m'0.00'[39m ]
data rcv RT:[ [32m'0.00'[39m, [32m'4.28'[39m, [32m'3.41'[39m, [32m'0.00'[39m ]
data rcv RT:[ [32m'0.00'[39m, [32m'4.29'[39m, [32m'3.39'[39m, [32m'0.00'[39m ]
data rcv RT:[ [32m'0.00'[39m, [32m'4.32'[39m, [32m'3.38'[39m, [32m'0.01'[39m ]
data rcv RT:[ [32m'0.00'[39m, [32m'4.38'[39m, [32m'3.38'[39m, [32m'0.02'[39m ]
data rcv RT:[ [32m'0.00'[39m, [32m'4.37'[39m, [32m'3.39'[39m, [32m'0.00'[39m ]
data rcv RT:[ [32m'0.00'[39m, [32m'4.35'[39m, [32m'3.45'[39m, [32m'0.00'[39m ]
data rcv RT:[ [32m'0.00'[39m, [32m'4.33'[39m, [32m'3.41'[39m, [32m'0.00'[39m ]
data rcv RT:[ [32m'0.00'[39m, [32m'4.32'[39m, [32m'3.43'[39m, [32m'0.00'[39m ]
data rcv RT:[ [32m'0.00'[39m, [32m'4.31'[39m, [32m'3.45'[39m, [32m'0.00'[39m ]
data rcv RT:[ [32m'0.00'[39m, [32m'4.32'[39m, [32m'3.42'[39m, [32m'0.00'[39m ]
data rcv RT:[ [32m'0.00'[39m, [32m'4.30'[39m, [32m'3.40'[39m, [32m'0.00'[39m ]
data rcv RT:[ [32m'0.00'[39m, [32m'4.32'[39m, [32m'3.45'[39m, [32m'0.00'[39m ]
data rcv RT:[ [32m'0.00'[39m, [32m'4.26'[39m, [32m'3.40'[39m, [32m'0.00'[39m ]
data rcv RT:[ [32m'0.00'[39m, [32m'4.27'[39m, [32m'3.42'[39m, [32m'0.00'[39m ]
data rcv RT:[ [32m'0.00'[39m, [32m'4.29'[39m, [32m'3.40'[39m, [32m'0.00'[39m ]
data rcv RT:[ [32m'0.00'[39m, [32m'4.29'[39m, [32m'3.38'[39m, [32m'0.00'[39m ]
data rcv RT:[ [32m'0.00'[39m, [32m'4.34'[39m, [32m'3.39'[39m, [32m'0.01'[39m ]
data rcv RT:[ [32m'0.00'[39m, [32m'4.32'[39m, [32m'3.39'[39m, [32m'0.01'[39m ]
data rcv RT:[ [32m'0.00'[39m, [32m'4.34'[39m, [32m'3.39'[39m, [32m'0.01'[39m ]
data rcv RT:[ [32m'0.00'[39m, [32m'4.35'[39m, [32m'3.37'[39m, [32m'0.00'[39m ]
data rcv RT:[ [32m'0.00'[39m, [32m'4.35'[39m, [32m'3.39'[39m, [32m'0.00'[39m ]
data rcv RT:[ [32m'0.00'[39m, [32m'4.35'[39m, [32m'3.37'[39m, [32m'0.05'[39m ]
data rcv RT:[ [32m'0.00'[39m, [32m'4.33'[39m, [32m'3.42'[39m, [32m'0.00'[39m ]
data rcv RT:[ [32m'0.00'[39m, [32m'4.32'[39m, [32m'3.44'[39m, [32m'0.00'[39m ]
data rcv RT:[ [32m'0.00'[39m, [32m'4.30'[39m, [32m'3.44'[39m, [32m'0.00'[39m ]
data rcv RT:[ [32m'0.00'[39m, [32m'4.31'[39m, [32m'3.40'[39m, [32m'0.00'[39m ]
data rcv RT:[ [32m'0.00'[39m, [32m'4.27'[39m, [32m'3.40'[39m, [32m'0.00'[39m ]
data rcv RT:[ [32m'0.00'[39m, [32m'4.26'[39m, [32m'3.35'[39m, [32m'0.00'[39m ]
data rcv RT:[ [32m'0.00'[39m, [32m'4.27'[39m, [32m'3.43'[39m, [32m'0.00'[39m ]
data rcv RT:[ [32m'0.00'[39m, [32m'4.27'[39m, [32m'3.38'[39m, [32m'0.00'[39m ]
data rcv RT:[ [32m'0.00'[39m, [32m'4.28'[39m, [32m'3.38'[39m, [32m'0.00'[39m ]
data rcv RT:[ [32m'0.00'[39m, [32m'4.28'[39m, [32m'3.38'[39m, [32m'0.00'[39m ]
data rcv RT:[ [32m'0.00'[39m, [32m'4.29'[39m, [32m'3.40'[39m, [32m'0.00'[39m ]
data rcv RT:[ [32m'0.00'[39m, [32m'4.32'[39m, [32m'3.38'[39m, [32m'0.01'[39m ]
data rcv RT:[ [32m'0.00'[39m, [32m'4.34'[39m, [32m'3.38'[39m, [32m'0.06'[39m ]
data rcv RT:[ [32m'0.00'[39m, [32m'4.32'[39m, [32m'3.39'[39m, [32m'0.05'[39m ]
data rcv RT:[ [32m'0.00'[39m, [32m'4.35'[39m, [32m'3.44'[39m, [32m'0.00'[39m ]
data rcv RT:[ [32m'0.00'[39m, [32m'4.37'[39m, [32m'3.40'[39m, [32m'0.00'[39m ]
data rcv RT:[ [32m'0.00'[39m, [32m'4.33'[39m, [32m'3.41'[39m, [32m'0.00'[39m ]
data rcv RT:[ [32m'0.00'[39m, [32m'4.37'[39m, [32m'3.42'[39m, [32m'0.00'[39m ]
data rcv RT:[ [32m'0.00'[39m, [32m'4.36'[39m, [32m'3.44'[39m, [32m'0.00'[39m ]
data rcv RT:[ [32m'0.00'[39m, [32m'4.32'[39m, [32m'3.41'[39m, [32m'0.00'[39m ]
data rcv RT:[ [32m'0.00'[39m, [32m'4.31'[39m, [32m'3.44'[39m, [32m'0.00'[39m ]
data rcv RT:[ [32m'0.00'[39m, [32m'4.31'[39m, [32m'3.44'[39m, [32m'0.00'[39m ]
data rcv RT:[ [32m'0.00'[39m, [32m'4.26'[39m, [32m'3.41'[39m, [32m'0.00'[39m ]
data rcv RT:[ [32m'0.00'[39m, [32m'4.27'[39m, [32m'3.39'[39m, [32m'0.00'[39m ]
data rcv RT:[ [32m'0.00'[39m, [32m'4.27'[39m, [32m'3.42'[39m, [32m'0.00'[39m ]
data rcv RT:[ [32m'0.00'[39m, [32m'4.26'[39m, [32m'3.43'[39m, [32m'0.00'[39m ]
data rcv RT:[ [32m'0.00'[39m, [32m'4.24'[39m, [32m'3.38'[39m, [32m'0.00'[39m ]
data rcv RT:[ [32m'0.00'[39m, [32m'4.27'[39m, [32m'3.42'[39m, [32m'0.00'[39m ]
data rcv RT:[ [32m'0.00'[39m, [32m'4.27'[39m, [32m'3.38'[39m, [32m'0.00'[39m ]
data rcv RT:[ [32m'0.00'[39m, [32m'4.33'[39m, [32m'3.38'[39m, [32m'0.00'[39m ]
data rcv RT:[ [32m'0.00'[39m, [32m'4.35'[39m, [32m'3.37'[39m, [32m'0.02'[39m ]
data rcv RT:[ [32m'0.00'[39m, [32m'4.37'[39m, [32m'3.35'[39m, [32m'0.06'[39m ]
data rcv RT:[ [32m'0.00'[39m, [32m'4.36'[39m, [32m'3.37'[39m, [32m'0.03'[39m ]
data rcv RT:[ [32m'0.00'[39m, [32m'4.36'[39m, [32m'3.42'[39m, [32m'0.00'[39m ]
data rcv RT:[ [32m'0.00'[39m, [32m'4.36'[39m, [32m'3.40'[39m, [32m'0.03'[39m ]
data rcv RT:[ [32m'0.00'[39m, [32m'4.36'[39m, [32m'3.36'[39m, [32m'0.05'[39m ]
data rcv RT:[ [32m'0.00'[39m, [32m'4.35'[39m, [32m'3.42'[39m, [32m'0.00'[39m ]
data rcv RT:[ [32m'0.00'[39m, [32m'4.33'[39m, [32m'3.44'[39m, [32m'0.00'[39m ]
data rcv RT:[ [32m'0.00'[39m, [32m'4.34'[39m, [32m'3.43'[39m, [32m'0.00'[39m ]
data rcv RT:[ [32m'0.00'[39m, [32m'4.32'[39m, [32m'3.44'[39m, [32m'0.00'[39m ]
data rcv RT:[ [32m'0.00'[39m, [32m'4.32'[39m, [32m'3.43'[39m, [32m'0.00'[39m ]
data rcv RT:[ [32m'0.00'[39m, [32m'4.28'[39m, [32m'3.39'[39m, [32m'0.00'[39m ]
data rcv RT:[ [32m'0.00'[39m, [32m'4.25'[39m, [32m'3.39'[39m, [32m'0.00'[39m ]
data rcv RT:[ [32m'0.00'[39m, [32m'4.23'[39m, [32m'3.38'[39m, [32m'0.00'[39m ]
data rcv RT:[ [32m'0.00'[39m, [32m'4.28'[39m, [32m'3.38'[39m, [32m'0.00'[39m ]
data rcv RT:[ [32m'0.00'[39m, [32m'4.30'[39m, [32m'3.37'[39m, [32m'0.00'[39m ]
data rcv RT:[ [32m'0.00'[39m, [32m'4.32'[39m, [32m'3.40'[39m, [32m'0.00'[39m ]
data rcv RT:[ [32m'0.00'[39m, [32m'4.33'[39m, [32m'3.37'[39m, [32m'0.01'[39m ]
data rcv RT:[ [32m'0.00'[39m, [32m'4.34'[39m, [32m'3.39'[39m, [32m'0.01'[39m ]
data rcv RT:[ [32m'0.00'[39m, [32m'4.32'[39m, [32m'3.36'[39m, [32m'0.03'[39m ]
data rcv RT:[ [32m'0.00'[39m, [32m'4.37'[39m, [32m'3.42'[39m, [32m'0.00'[39m ]
data rcv RT:[ [32m'0.00'[39m, [32m'4.36'[39m, [32m'3.41'[39m, [32m'0.00'[39m ]
data rcv RT:[ [32m'0.00'[39m, [32m'4.35'[39m, [32m'3.40'[39m, [32m'0.00'[39m ]
data rcv RT:[ [32m'0.00'[39m, [32m'4.31'[39m, [32m'3.43'[39m, [32m'0.00'[39m ]
data rcv RT:[ [32m'0.00'[39m, [32m'4.33'[39m, [32m'3.42'[39m, [32m'0.00'[39m ]
data rcv RT:[ [32m'0.00'[39m, [32m'4.32'[39m, [32m'3.43'[39m, [32m'0.00'[39m ]
data rcv RT:[ [32m'0.00'[39m, [32m'4.33'[39m, [32m'3.42'[39m, [32m'0.00'[39m ]
data rcv RT:[ [32m'0.00'[39m, [32m'4.28'[39m, [32m'3.43'[39m, [32m'0.00'[39m ]
data rcv RT:[ [32m'0.00'[39m, [32m'4.25'[39m, [32m'3.39'[39m, [32m'0.00'[39m ]
data rcv RT:[ [32m'0.00'[39m, [32m'4.26'[39m, [32m'3.40'[39m, [32m'0.00'[39m ]
data rcv RT:[ [32m'0.00'[39m, [32m'4.27'[39m, [32m'3.38'[39m, [32m'0.00'[39m ]
data rcv RT:[ [32m'0.00'[39m, [32m'4.25'[39m, [32m'3.38'[39m, [32m'0.00'[39m ]
data rcv RT:[ [32m'0.00'[39m, [32m'4.24'[39m, [32m'3.40'[39m, [32m'0.00'[39m ]
data rcv RT:[ [32m'0.00'[39m, [32m'4.27'[39m, [32m'3.39'[39m, [32m'0.00'[39m ]
data rcv RT:[ [32m'0.00'[39m, [32m'4.32'[39m, [32m'3.37'[39m, [32m'0.01'[39m ]
data rcv RT:[ [32m'0.00'[39m, [32m'4.29'[39m, [32m'3.39'[39m, [32m'0.00'[39m ]
data rcv RT:[ [32m'0.00'[39m, [32m'4.33'[39m, [32m'3.37'[39m, [32m'0.00'[39m ]
data rcv RT:[ [32m'0.00'[39m, [32m'4.35'[39m, [32m'3.38'[39m, [32m'0.00'[39m ]
data rcv RT:[ [32m'0.00'[39m, [32m'4.32'[39m, [32m'3.37'[39m, [32m'0.05'[39m ]
data rcv RT:[ [32m'0.00'[39m, [32m'4.38'[39m, [32m'3.38'[39m, [32m'0.03'[39m ]
data rcv RT:[ [32m'0.00'[39m, [32m'4.37'[39m, [32m'3.39'[39m, [32m'0.02'[39m ]
data rcv RT:[ [32m'0.00'[39m, [32m'4.34'[39m, [32m'3.43'[39m, [32m'0.00'[39m ]
data rcv RT:[ [32m'0.00'[39m, [32m'4.36'[39m, [32m'3.43'[39m, [32m'0.00'[39m ]
data rcv RT:[ [32m'0.00'[39m, [32m'4.32'[39m, [32m'3.42'[39m, [32m'0.00'[39m ]
data rcv RT:[ [32m'0.00'[39m, [32m'4.32'[39m, [32m'3.42'[39m, [32m'0.00'[39m ]
data rcv RT:[ [32m'0.00'[39m, [32m'4.30'[39m, [32m'3.41'[39m, [32m'0.00'[39m ]
data rcv RT:[ [32m'0.00'[39m, [32m'4.30'[39m, [32m'3.40'[39m, [32m'0.00'[39m ]
data rcv RT:[ [32m'0.00'[39m, [32m'4.26'[39m, [32m'3.42'[39m, [32m'0.00'[39m ]
data rcv RT:[ [32m'0.00'[39m, [32m'4.27'[39m, [32m'3.43'[39m, [32m'0.00'[39m ]
data rcv RT:[ [32m'0.00'[39m, [32m'4.27'[39m, [32m'3.40'[39m, [32m'0.00'[39m ]
data rcv RT:[ [32m'0.00'[39m, [32m'4.30'[39m, [32m'3.36'[39m, [32m'0.00'[39m ]
data rcv RT:[ [32m'0.00'[39m, [32m'4.30'[39m, [32m'3.37'[39m, [32m'0.00'[39m ]
data rcv RT:[ [32m'0.00'[39m, [32m'4.30'[39m, [32m'3.37'[39m, [32m'0.01'[39m ]
data rcv RT:[ [32m'0.00'[39m, [32m'4.31'[39m, [32m'3.38'[39m, [32m'0.00'[39m ]
data rcv RT:[ [32m'0.00'[39m, [32m'4.33'[39m, [32m'3.39'[39m, [32m'0.01'[39m ]
data rcv RT:[ [32m'0.00'[39m, [32m'4.35'[39m, [32m'3.37'[39m, [32m'0.04'[39m ]
data rcv RT:[ [32m'0.00'[39m, [32m'4.35'[39m, [32m'3.36'[39m, [32m'0.05'[39m ]
data rcv RT:[ [32m'0.00'[39m, [32m'4.37'[39m, [32m'3.39'[39m, [32m'0.00'[39m ]
data rcv RT:[ [32m'0.00'[39m, [32m'4.36'[39m, [32m'3.39'[39m, [32m'0.02'[39m ]
data rcv RT:[ [32m'0.00'[39m, [32m'4.34'[39m, [32m'3.44'[39m, [32m'0.00'[39m ]
data rcv RT:[ [32m'0.00'[39m, [32m'4.36'[39m, [32m'3.42'[39m, [32m'0.00'[39m ]
data rcv RT:[ [32m'0.00'[39m, [32m'4.33'[39m, [32m'3.43'[39m, [32m'0.00'[39m ]
data rcv RT:[ [32m'0.00'[39m, [32m'4.30'[39m, [32m'3.41'[39m, [32m'0.00'[39m ]
data rcv RT:[ [32m'0.00'[39m, [32m'4.27'[39m, [32m'3.39'[39m, [32m'0.00'[39m ]
data rcv RT:[ [32m'0.00'[39m, [32m'4.25'[39m, [32m'3.40'[39m, [32m'0.00'[39m ]
data rcv RT:[ [32m'0.00'[39m, [32m'4.27'[39m, [32m'3.42'[39m, [32m'0.00'[39m ]
data rcv RT:[ [32m'0.00'[39m, [32m'4.27'[39m, [32m'3.42'[39m, [32m'0.00'[39m ]
data rcv RT:[ [32m'0.00'[39m, [32m'4.27'[39m, [32m'3.39'[39m, [32m'0.00'[39m ]
data rcv RT:[ [32m'0.00'[39m, [32m'4.29'[39m, [32m'3.39'[39m, [32m'0.00'[39m ]
data rcv RT:[ [32m'0.00'[39m, [32m'4.31'[39m, [32m'3.39'[39m, [32m'0.00'[39m ]
data rcv RT:[ [32m'0.00'[39m, [32m'4.32'[39m, [32m'3.37'[39m, [32m'0.01'[39m ]
data rcv RT:[ [32m'0.00'[39m, [32m'4.35'[39m, [32m'3.38'[39m, [32m'0.01'[39m ]
data rcv RT:[ [32m'0.00'[39m, [32m'4.35'[39m, [32m'3.37'[39m, [32m'0.02'[39m ]
data rcv RT:[ [32m'0.00'[39m, [32m'4.32'[39m, [32m'3.38'[39m, [32m'0.02'[39m ]
data rcv RT:[ [32m'0.00'[39m, [32m'4.36'[39m, [32m'3.42'[39m, [32m'0.00'[39m ]
data rcv RT:[ [32m'0.00'[39m, [32m'4.37'[39m, [32m'3.39'[39m, [32m'0.01'[39m ]
data rcv RT:[ [32m'0.00'[39m, [32m'4.36'[39m, [32m'3.43'[39m, [32m'0.00'[39m ]
data rcv RT:[ [32m'0.00'[39m, [32m'4.32'[39m, [32m'3.42'[39m, [32m'0.00'[39m ]
data rcv RT:[ [32m'0.00'[39m, [32m'4.33'[39m, [32m'3.45'[39m, [32m'0.00'[39m ]
data rcv RT:[ [32m'0.00'[39m, [32m'4.32'[39m, [32m'3.42'[39m, [32m'0.00'[39m ]
data rcv RT:[ [32m'0.00'[39m, [32m'4.29'[39m, [32m'3.44'[39m, [32m'0.00'[39m ]
data rcv RT:[ [32m'0.00'[39m, [32m'4.32'[39m, [32m'3.42'[39m, [32m'0.00'[39m ]
data rcv RT:[ [32m'0.00'[39m, [32m'4.28'[39m, [32m'3.44'[39m, [32m'0.00'[39m ]
data rcv RT:[ [32m'0.00'[39m, [32m'4.30'[39m, [32m'3.44'[39m, [32m'0.00'[39m ]
data rcv RT:[ [32m'0.00'[39m, [32m'4.27'[39m, [32m'3.41'[39m, [32m'0.00'[39m ]
data rcv RT:[ [32m'0.00'[39m, [32m'4.28'[39m, [32m'3.43'[39m, [32m'0.00'[39m ]
data rcv RT:[ [32m'0.00'[39m, [32m'4.25'[39m, [32m'3.38'[39m, [32m'0.00'[39m ]
data rcv RT:[ [32m'0.00'[39m, [32m'4.28'[39m, [32m'3.36'[39m, [32m'0.00'[39m ]
data rcv RT:[ [32m'0.00'[39m, [32m'4.27'[39m, [32m'3.41'[39m, [32m'0.00'[39m ]
data rcv RT:[ [32m'0.00'[39m, [32m'4.31'[39m, [32m'3.40'[39m, [32m'0.01'[39m ]
data rcv RT:[ [32m'0.00'[39m, [32m'4.35'[39m, [32m'3.39'[39m, [32m'0.02'[39m ]
data rcv RT:[ [32m'0.00'[39m, [32m'4.35'[39m, [32m'3.37'[39m, [32m'0.01'[39m ]
data rcv RT:[ [32m'0.00'[39m, [32m'4.38'[39m, [32m'3.39'[39m, [32m'0.02'[39m ]
data rcv RT:[ [32m'0.00'[39m, [32m'4.37'[39m, [32m'3.40'[39m, [32m'0.00'[39m ]
data rcv RT:[ [32m'0.00'[39m, [32m'4.35'[39m, [32m'3.40'[39m, [32m'0.00'[39m ]
data rcv RT:[ [32m'0.00'[39m, [32m'4.33'[39m, [32m'3.43'[39m, [32m'0.00'[39m ]
data rcv RT:[ [32m'0.00'[39m, [32m'4.32'[39m, [32m'3.42'[39m, [32m'0.00'[39m ]
data rcv RT:[ [32m'0.00'[39m, [32m'4.30'[39m, [32m'3.42'[39m, [32m'0.00'[39m ]
data rcv RT:[ [32m'0.00'[39m, [32m'4.28'[39m, [32m'3.42'[39m, [32m'0.00'[39m ]
data rcv RT:[ [32m'0.00'[39m, [32m'4.27'[39m, [32m'3.39'[39m, [32m'0.00'[39m ]
data rcv RT:[ [32m'0.00'[39m, [32m'4.27'[39m, [32m'3.38'[39m, [32m'0.00'[39m ]
data rcv RT:[ [32m'0.00'[39m, [32m'4.30'[39m, [32m'3.38'[39m, [32m'0.01'[39m ]
data rcv RT:[ [32m'0.00'[39m, [32m'4.32'[39m, [32m'3.38'[39m, [32m'0.01'[39m ]
data rcv RT:[ [32m'0.00'[39m, [32m'4.33'[39m, [32m'3.39'[39m, [32m'0.02'[39m ]
data rcv RT:[ [32m'0.00'[39m, [32m'4.35'[39m, [32m'3.35'[39m, [32m'0.03'[39m ]
data rcv RT:[ [32m'0.00'[39m, [32m'4.36'[39m, [32m'3.38'[39m, [32m'0.05'[39m ]
data rcv RT:[ [32m'0.00'[39m, [32m'4.36'[39m, [32m'3.37'[39m, [32m'0.03'[39m ]
data rcv RT:[ [32m'0.00'[39m, [32m'4.34'[39m, [32m'3.41'[39m, [32m'0.00'[39m ]
data rcv RT:[ [32m'0.00'[39m, [32m'4.34'[39m, [32m'3.42'[39m, [32m'0.00'[39m ]
data rcv RT:[ [32m'0.00'[39m, [32m'4.33'[39m, [32m'3.45'[39m, [32m'0.00'[39m ]
data rcv RT:[ [32m'0.00'[39m, [32m'4.30'[39m, [32m'3.42'[39m, [32m'0.00'[39m ]
data rcv RT:[ [32m'0.00'[39m, [32m'4.30'[39m, [32m'3.46'[39m, [32m'0.00'[39m ]
data rcv RT:[ [32m'0.00'[39m, [32m'4.25'[39m, [32m'3.41'[39m, [32m'0.00'[39m ]
data rcv RT:[ [32m'0.00'[39m, [32m'4.24'[39m, [32m'3.38'[39m, [32m'0.00'[39m ]
data rcv RT:[ [32m'0.00'[39m, [32m'4.28'[39m, [32m'3.39'[39m, [32m'0.00'[39m ]
data rcv RT:[ [32m'0.00'[39m, [32m'4.27'[39m, [32m'3.39'[39m, [32m'0.00'[39m ]
data rcv RT:[ [32m'0.00'[39m, [32m'4.32'[39m, [32m'3.40'[39m, [32m'0.00'[39m ]
data rcv RT:[ [32m'0.00'[39m, [32m'4.33'[39m, [32m'3.39'[39m, [32m'0.02'[39m ]
data rcv RT:[ [32m'0.00'[39m, [32m'4.35'[39m, [32m'3.38'[39m, [32m'0.02'[39m ]
data rcv RT:[ [32m'0.00'[39m, [32m'4.36'[39m, [32m'3.43'[39m, [32m'0.04'[39m ]
data rcv RT:[ [32m'0.00'[39m, [32m'4.38'[39m, [32m'3.38'[39m, [32m'0.03'[39m ]
data rcv RT:[ [32m'0.00'[39m, [32m'4.35'[39m, [32m'3.41'[39m, [32m'0.00'[39m ]
data rcv RT:[ [32m'0.00'[39m, [32m'4.33'[39m, [32m'3.42'[39m, [32m'0.00'[39m ]
data rcv RT:[ [32m'0.00'[39m, [32m'4.35'[39m, [32m'3.42'[39m, [32m'0.00'[39m ]
data rcv RT:[ [32m'0.00'[39m, [32m'4.29'[39m, [32m'3.47'[39m, [32m'0.00'[39m ]
data rcv RT:[ [32m'0.00'[39m, [32m'4.32'[39m, [32m'3.46'[39m, [32m'0.00'[39m ]
data rcv RT:[ [32m'0.00'[39m, [32m'4.27'[39m, [32m'3.45'[39m, [32m'0.00'[39m ]
data rcv RT:[ [32m'0.00'[39m, [32m'4.25'[39m, [32m'3.39'[39m, [32m'0.00'[39m ]
data rcv RT:[ [32m'0.00'[39m, [32m'4.28'[39m, [32m'3.38'[39m, [32m'0.00'[39m ]
data rcv RT:[ [32m'0.00'[39m, [32m'4.31'[39m, [32m'3.38'[39m, [32m'0.00'[39m ]
data rcv RT:[ [32m'0.00'[39m, [32m'4.32'[39m, [32m'3.37'[39m, [32m'0.01'[39m ]
data rcv RT:[ [32m'0.00'[39m, [32m'4.33'[39m, [32m'3.38'[39m, [32m'0.02'[39m ]
data rcv RT:[ [32m'0.00'[39m, [32m'4.37'[39m, [32m'3.39'[39m, [32m'0.02'[39m ]
data rcv RT:[ [32m'0.00'[39m, [32m'4.35'[39m, [32m'3.35'[39m, [32m'0.01'[39m ]
data rcv RT:[ [32m'0.00'[39m, [32m'4.37'[39m, [32m'3.41'[39m, [32m'0.00'[39m ]
data rcv RT:[ [32m'0.00'[39m, [32m'4.34'[39m, [32m'3.45'[39m, [32m'0.00'[39m ]
data rcv RT:[ [32m'0.00'[39m, [32m'4.31'[39m, [32m'3.44'[39m, [32m'0.00'[39m ]
data rcv RT:[ [32m'0.00'[39m, [32m'4.33'[39m, [32m'3.49'[39m, [32m'0.00'[39m ]
data rcv RT:[ [32m'0.00'[39m, [32m'4.28'[39m, [32m'3.39'[39m, [32m'0.00'[39m ]
data rcv RT:[ [32m'0.00'[39m, [32m'4.27'[39m, [32m'3.42'[39m, [32m'0.00'[39m ]
data rcv RT:[ [32m'0.00'[39m, [32m'4.28'[39m, [32m'3.39'[39m, [32m'0.00'[39m ]
data rcv RT:[ [32m'0.00'[39m, [32m'4.29'[39m, [32m'3.39'[39m, [32m'0.00'[39m ]
data rcv RT:[ [32m'0.00'[39m, [32m'4.34'[39m, [32m'3.33'[39m, [32m'0.08'[39m ]
data rcv RT:[ [32m'0.00'[39m, [32m'4.38'[39m, [32m'3.41'[39m, [32m'0.01'[39m ]
data rcv RT:[ [32m'0.00'[39m, [32m'4.39'[39m, [32m'3.43'[39m, [32m'0.01'[39m ]
data rcv RT:[ [32m'0.00'[39m, [32m'4.36'[39m, [32m'3.41'[39m, [32m'0.00'[39m ]
data rcv RT:[ [32m'0.00'[39m, [32m'4.35'[39m, [32m'3.40'[39m, [32m'0.00'[39m ]
data rcv RT:[ [32m'0.00'[39m, [32m'4.31'[39m, [32m'3.44'[39m, [32m'0.00'[39m ]
data rcv RT:[ [32m'0.00'[39m, [32m'4.30'[39m, [32m'3.44'[39m, [32m'0.00'[39m ]
data rcv RT:[ [32m'0.00'[39m, [32m'4.31'[39m, [32m'3.41'[39m, [32m'0.00'[39m ]
data rcv RT:[ [32m'0.00'[39m, [32m'4.26'[39m, [32m'3.40'[39m, [32m'0.00'[39m ]
data rcv RT:[ [32m'0.00'[39m, [32m'4.29'[39m, [32m'3.37'[39m, [32m'0.00'[39m ]
data rcv RT:[ [32m'0.00'[39m, [32m'4.30'[39m, [32m'3.38'[39m, [32m'0.01'[39m ]
data rcv RT:[ [32m'0.00'[39m, [32m'4.31'[39m, [32m'3.40'[39m, [32m'0.01'[39m ]
data rcv RT:[ [32m'0.00'[39m, [32m'4.32'[39m, [32m'3.39'[39m, [32m'0.00'[39m ]
data rcv RT:[ [32m'0.00'[39m, [32m'4.36'[39m, [32m'3.39'[39m, [32m'0.04'[39m ]
data rcv RT:[ [32m'0.00'[39m, [32m'4.38'[39m, [32m'3.43'[39m, [32m'0.03'[39m ]
data rcv RT:[ [32m'0.00'[39m, [32m'4.34'[39m, [32m'3.44'[39m, [32m'0.00'[39m ]
data rcv RT:[ [32m'0.00'[39m, [32m'4.35'[39m, [32m'3.42'[39m, [32m'0.00'[39m ]
data rcv RT:[ [32m'0.00'[39m, [32m'4.31'[39m, [32m'3.43'[39m, [32m'0.00'[39m ]
data rcv RT:[ [32m'0.00'[39m, [32m'4.33'[39m, [32m'3.42'[39m, [32m'0.00'[39m ]
data rcv RT:[ [32m'0.00'[39m, [32m'4.30'[39m, [32m'3.42'[39m, [32m'0.00'[39m ]
data rcv RT:[ [32m'0.00'[39m, [32m'4.28'[39m, [32m'3.41'[39m, [32m'0.00'[39m ]
data rcv RT:[ [32m'0.00'[39m, [32m'4.26'[39m, [32m'3.43'[39m, [32m'0.00'[39m ]
data rcv RT:[ [32m'0.00'[39m, [32m'4.29'[39m, [32m'3.37'[39m, [32m'0.01'[39m ]
data rcv RT:[ [32m'0.00'[39m, [32m'4.32'[39m, [32m'3.40'[39m, [32m'0.00'[39m ]
data rcv RT:[ [32m'0.00'[39m, [32m'4.30'[39m, [32m'3.37'[39m, [32m'0.00'[39m ]
data rcv RT:[ [32m'0.00'[39m, [32m'4.32'[39m, [32m'3.39'[39m, [32m'0.01'[39m ]
data rcv RT:[ [32m'0.00'[39m, [32m'4.37'[39m, [32m'3.40'[39m, [32m'0.02'[39m ]
data rcv RT:[ [32m'0.00'[39m, [32m'4.38'[39m, [32m'3.43'[39m, [32m'0.01'[39m ]
data rcv RT:[ [32m'0.00'[39m, [32m'4.32'[39m, [32m'3.45'[39m, [32m'0.00'[39m ]
data rcv RT:[ [32m'0.00'[39m, [32m'4.30'[39m, [32m'3.42'[39m, [32m'0.00'[39m ]
data rcv RT:[ [32m'0.00'[39m, [32m'4.28'[39m, [32m'3.42'[39m, [32m'0.00'[39m ]
data rcv RT:[ [32m'0.00'[39m, [32m'4.28'[39m, [32m'3.38'[39m, [32m'0.00'[39m ]
data rcv RT:[ [32m'0.00'[39m, [32m'4.33'[39m, [32m'3.37'[39m, [32m'0.02'[39m ]
data rcv RT:[ [32m'0.00'[39m, [32m'4.35'[39m, [32m'3.41'[39m, [32m'0.00'[39m ]
data rcv RT:[ [32m'0.00'[39m, [32m'4.33'[39m, [32m'3.37'[39m, [32m'0.04'[39m ]
data rcv RT:[ [32m'0.00'[39m, [32m'4.35'[39m, [32m'3.37'[39m, [32m'0.06'[39m ]
data rcv RT:[ [32m'0.00'[39m, [32m'4.38'[39m, [32m'3.40'[39m, [32m'0.00'[39m ]
data rcv RT:[ [32m'0.00'[39m, [32m'4.37'[39m, [32m'3.43'[39m, [32m'0.00'[39m ]
data rcv RT:[ [32m'0.00'[39m, [32m'4.33'[39m, [32m'3.43'[39m, [32m'0.00'[39m ]
data rcv RT:[ [32m'0.00'[39m, [32m'4.34'[39m, [32m'3.42'[39m, [32m'0.00'[39m ]
data rcv RT:[ [32m'0.00'[39m, [32m'4.31'[39m, [32m'3.43'[39m, [32m'0.00'[39m ]
data rcv RT:[ [32m'0.00'[39m, [32m'4.31'[39m, [32m'3.44'[39m, [32m'0.00'[39m ]
data rcv RT:[ [32m'0.00'[39m, [32m'4.29'[39m, [32m'3.42'[39m, [32m'0.00'[39m ]
data rcv RT:[ [32m'0.00'[39m, [32m'4.29'[39m, [32m'3.46'[39m, [32m'0.00'[39m ]
data rcv RT:[ [32m'0.00'[39m, [32m'4.28'[39m, [32m'3.36'[39m, [32m'0.00'[39m ]
data rcv RT:[ [32m'0.00'[39m, [32m'4.29'[39m, [32m'3.39'[39m, [32m'0.00'[39m ]
data rcv RT:[ [32m'0.00'[39m, [32m'4.35'[39m, [32m'3.39'[39m, [32m'0.00'[39m ]
data rcv RT:[ [32m'0.00'[39m, [32m'4.37'[39m, [32m'3.44'[39m, [32m'0.00'[39m ]
data rcv RT:[ [32m'0.00'[39m, [32m'4.32'[39m, [32m'3.39'[39m, [32m'0.00'[39m ]
data rcv RT:[ [32m'0.00'[39m, [32m'4.30'[39m, [32m'3.43'[39m, [32m'0.00'[39m ]
data rcv RT:[ [32m'0.00'[39m, [32m'4.31'[39m, [32m'3.45'[39m, [32m'0.00'[39m ]
data rcv RT:[ [32m'0.00'[39m, [32m'4.25'[39m, [32m'3.39'[39m, [32m'0.00'[39m ]
data rcv RT:[ [32m'0.00'[39m, [32m'4.26'[39m, [32m'3.38'[39m, [32m'0.00'[39m ]
data rcv RT:[ [32m'0.00'[39m, [32m'4.31'[39m, [32m'3.39'[39m, [32m'0.00'[39m ]
data rcv RT:[ [32m'0.00'[39m, [32m'4.29'[39m, [32m'3.40'[39m, [32m'0.00'[39m ]
data rcv RT:[ [32m'0.00'[39m, [32m'4.34'[39m, [32m'3.40'[39m, [32m'0.00'[39m ]
data rcv RT:[ [32m'0.00'[39m, [32m'4.37'[39m, [32m'3.40'[39m, [32m'0.05'[39m ]
data rcv RT:[ [32m'0.00'[39m, [32m'4.37'[39m, [32m'3.39'[39m, [32m'0.02'[39m ]
data rcv RT:[ [32m'0.00'[39m, [32m'4.36'[39m, [32m'3.42'[39m, [32m'0.00'[39m ]
data rcv RT:[ [32m'0.00'[39m, [32m'4.38'[39m, [32m'3.43'[39m, [32m'0.00'[39m ]
data rcv RT:[ [32m'0.00'[39m, [32m'4.35'[39m, [32m'3.41'[39m, [32m'0.00'[39m ]
data rcv RT:[ [32m'0.00'[39m, [32m'4.34'[39m, [32m'3.42'[39m, [32m'0.00'[39m ]
data rcv RT:[ [32m'0.00'[39m, [32m'4.32'[39m, [32m'3.41'[39m, [32m'0.00'[39m ]
data rcv RT:[ [32m'0.00'[39m, [32m'4.30'[39m, [32m'3.43'[39m, [32m'0.00'[39m ]
data rcv RT:[ [32m'0.00'[39m, [32m'4.31'[39m, [32m'3.43'[39m, [32m'0.00'[39m ]
data rcv RT:[ [32m'0.00'[39m, [32m'4.30'[39m, [32m'3.43'[39m, [32m'0.00'[39m ]
data rcv RT:[ [32m'0.00'[39m, [32m'4.27'[39m, [32m'3.39'[39m, [32m'0.00'[39m ]
data rcv RT:[ [32m'0.00'[39m, [32m'4.27'[39m, [32m'3.40'[39m, [32m'0.00'[39m ]
data rcv RT:[ [32m'0.00'[39m, [32m'4.27'[39m, [32m'3.37'[39m, [32m'0.00'[39m ]
data rcv RT:[ [32m'0.00'[39m, [32m'4.26'[39m, [32m'3.36'[39m, [32m'0.00'[39m ]
data rcv RT:[ [32m'0.00'[39m, [32m'4.27'[39m, [32m'3.41'[39m, [32m'0.00'[39m ]
data rcv RT:[ [32m'0.00'[39m, [32m'4.31'[39m, [32m'3.39'[39m, [32m'0.00'[39m ]
data rcv RT:[ [32m'0.00'[39m, [32m'4.30'[39m, [32m'3.36'[39m, [32m'0.00'[39m ]
data rcv RT:[ [32m'0.00'[39m, [32m'4.29'[39m, [32m'3.39'[39m, [32m'0.00'[39m ]
data rcv RT:[ [32m'0.00'[39m, [32m'4.32'[39m, [32m'3.38'[39m, [32m'0.02'[39m ]
data rcv RT:[ [32m'0.00'[39m, [32m'4.32'[39m, [32m'3.38'[39m, [32m'0.01'[39m ]
data rcv RT:[ [32m'0.00'[39m, [32m'4.35'[39m, [32m'3.36'[39m, [32m'0.04'[39m ]
data rcv RT:[ [32m'0.00'[39m, [32m'4.36'[39m, [32m'3.38'[39m, [32m'0.02'[39m ]
data rcv RT:[ [32m'0.00'[39m, [32m'4.38'[39m, [32m'3.37'[39m, [32m'0.04'[39m ]
data rcv RT:[ [32m'0.00'[39m, [32m'4.37'[39m, [32m'3.41'[39m, [32m'0.00'[39m ]
data rcv RT:[ [32m'0.00'[39m, [32m'4.36'[39m, [32m'3.42'[39m, [32m'0.00'[39m ]
data rcv RT:[ [32m'0.00'[39m, [32m'4.33'[39m, [32m'3.41'[39m, [32m'0.00'[39m ]
data rcv RT:[ [32m'0.00'[39m, [32m'4.31'[39m, [32m'3.45'[39m, [32m'0.00'[39m ]
data rcv RT:[ [32m'0.00'[39m, [32m'4.29'[39m, [32m'3.42'[39m, [32m'0.00'[39m ]
data rcv RT:[ [32m'0.00'[39m, [32m'4.31'[39m, [32m'3.41'[39m, [32m'0.00'[39m ]
data rcv RT:[ [32m'0.00'[39m, [32m'4.31'[39m, [32m'3.43'[39m, [32m'0.00'[39m ]
data rcv RT:[ [32m'0.00'[39m, [32m'4.28'[39m, [32m'3.40'[39m, [32m'0.00'[39m ]
data rcv RT:[ [32m'0.00'[39m, [32m'4.26'[39m, [32m'3.44'[39m, [32m'0.00'[39m ]
data rcv RT:[ [32m'0.00'[39m, [32m'4.27'[39m, [32m'3.38'[39m, [32m'0.00'[39m ]
data rcv RT:[ [32m'0.00'[39m, [32m'4.27'[39m, [32m'3.38'[39m, [32m'0.00'[39m ]
data rcv RT:[ [32m'0.00'[39m, [32m'4.27'[39m, [32m'3.41'[39m, [32m'0.00'[39m ]
data rcv RT:[ [32m'0.00'[39m, [32m'4.28'[39m, [32m'3.40'[39m, [32m'0.00'[39m ]
data rcv RT:[ [32m'0.00'[39m, [32m'4.29'[39m, [32m'3.36'[39m, [32m'0.00'[39m ]
data rcv RT:[ [32m'0.00'[39m, [32m'4.29'[39m, [32m'3.40'[39m, [32m'0.00'[39m ]
data rcv RT:[ [32m'0.00'[39m, [32m'4.31'[39m, [32m'3.37'[39m, [32m'0.01'[39m ]
data rcv RT:[ [32m'0.00'[39m, [32m'4.35'[39m, [32m'3.40'[39m, [32m'0.02'[39m ]
data rcv RT:[ [32m'0.00'[39m, [32m'4.35'[39m, [32m'3.37'[39m, [32m'0.04'[39m ]
data rcv RT:[ [32m'0.00'[39m, [32m'4.36'[39m, [32m'3.39'[39m, [32m'0.00'[39m ]
data rcv RT:[ [32m'0.00'[39m, [32m'4.38'[39m, [32m'3.42'[39m, [32m'0.00'[39m ]
data rcv RT:[ [32m'0.00'[39m, [32m'4.38'[39m, [32m'3.39'[39m, [32m'0.01'[39m ]
data rcv RT:[ [32m'0.00'[39m, [32m'4.33'[39m, [32m'3.43'[39m, [32m'0.00'[39m ]
data rcv RT:[ [32m'0.00'[39m, [32m'4.36'[39m, [32m'3.44'[39m, [32m'0.00'[39m ]
data rcv RT:[ [32m'0.00'[39m, [32m'4.31'[39m, [32m'3.41'[39m, [32m'0.00'[39m ]
data rcv RT:[ [32m'0.00'[39m, [32m'4.33'[39m, [32m'3.43'[39m, [32m'0.00'[39m ]
data rcv RT:[ [32m'0.00'[39m, [32m'4.31'[39m, [32m'3.47'[39m, [32m'0.00'[39m ]
data rcv RT:[ [32m'0.00'[39m, [32m'4.29'[39m, [32m'3.45'[39m, [32m'0.00'[39m ]
data rcv RT:[ [32m'0.00'[39m, [32m'4.27'[39m, [32m'3.39'[39m, [32m'0.00'[39m ]
data rcv RT:[ [32m'0.00'[39m, [32m'4.25'[39m, [32m'3.41'[39m, [32m'0.00'[39m ]
data rcv RT:[ [32m'0.00'[39m, [32m'4.26'[39m, [32m'3.38'[39m, [32m'0.00'[39m ]
data rcv RT:[ [32m'0.00'[39m, [32m'4.28'[39m, [32m'3.40'[39m, [32m'0.00'[39m ]
data rcv RT:[ [32m'0.00'[39m, [32m'4.33'[39m, [32m'3.37'[39m, [32m'0.00'[39m ]
data rcv RT:[ [32m'0.00'[39m, [32m'4.33'[39m, [32m'3.39'[39m, [32m'0.01'[39m ]
data rcv RT:[ [32m'0.00'[39m, [32m'4.33'[39m, [32m'3.40'[39m, [32m'0.03'[39m ]
data rcv RT:[ [32m'0.00'[39m, [32m'4.33'[39m, [32m'3.36'[39m, [32m'0.03'[39m ]
data rcv RT:[ [32m'0.00'[39m, [32m'4.39'[39m, [32m'3.38'[39m, [32m'0.03'[39m ]
data rcv RT:[ [32m'0.00'[39m, [32m'4.34'[39m, [32m'3.43'[39m, [32m'0.00'[39m ]
data rcv RT:[ [32m'0.00'[39m, [32m'4.36'[39m, [32m'3.42'[39m, [32m'0.00'[39m ]
data rcv RT:[ [32m'0.00'[39m, [32m'4.36'[39m, [32m'3.43'[39m, [32m'0.00'[39m ]
data rcv RT:[ [32m'0.00'[39m, [32m'4.32'[39m, [32m'3.43'[39m, [32m'0.00'[39m ]
data rcv RT:[ [32m'0.00'[39m, [32m'4.34'[39m, [32m'3.42'[39m, [32m'0.00'[39m ]
data rcv RT:[ [32m'0.00'[39m, [32m'4.30'[39m, [32m'3.43'[39m, [32m'0.00'[39m ]
data rcv RT:[ [32m'0.00'[39m, [32m'4.26'[39m, [32m'3.42'[39m, [32m'0.00'[39m ]
data rcv RT:[ [32m'0.00'[39m, [32m'4.27'[39m, [32m'3.41'[39m, [32m'0.00'[39m ]
data rcv RT:[ [32m'0.00'[39m, [32m'4.28'[39m, [32m'3.37'[39m, [32m'0.00'[39m ]
data rcv RT:[ [32m'0.00'[39m, [32m'4.30'[39m, [32m'3.37'[39m, [32m'0.01'[39m ]
data rcv RT:[ [32m'0.00'[39m, [32m'4.33'[39m, [32m'3.40'[39m, [32m'0.00'[39m ]
data rcv RT:[ [32m'0.00'[39m, [32m'4.35'[39m, [32m'3.38'[39m, [32m'0.00'[39m ]
data rcv RT:[ [32m'0.00'[39m, [32m'4.38'[39m, [32m'3.43'[39m, [32m'0.01'[39m ]
data rcv RT:[ [32m'0.00'[39m, [32m'4.37'[39m, [32m'3.39'[39m, [32m'0.00'[39m ]
data rcv RT:[ [32m'0.00'[39m, [32m'4.37'[39m, [32m'3.38'[39m, [32m'0.02'[39m ]
data rcv RT:[ [32m'0.00'[39m, [32m'4.33'[39m, [32m'3.43'[39m, [32m'0.00'[39m ]
data rcv RT:[ [32m'0.00'[39m, [32m'4.28'[39m, [32m'3.43'[39m, [32m'0.00'[39m ]
data rcv RT:[ [32m'0.00'[39m, [32m'4.28'[39m, [32m'3.45'[39m, [32m'0.00'[39m ]
data rcv RT:[ [32m'0.00'[39m, [32m'4.27'[39m, [32m'3.41'[39m, [32m'0.00'[39m ]
data rcv RT:[ [32m'0.00'[39m, [32m'4.28'[39m, [32m'3.39'[39m, [32m'0.00'[39m ]
data rcv RT:[ [32m'0.00'[39m, [32m'4.29'[39m, [32m'3.39'[39m, [32m'0.00'[39m ]
data rcv RT:[ [32m'0.00'[39m, [32m'4.32'[39m, [32m'3.39'[39m, [32m'0.02'[39m ]
data rcv RT:[ [32m'0.00'[39m, [32m'4.39'[39m, [32m'3.35'[39m, [32m'0.05'[39m ]
data rcv RT:[ [32m'0.00'[39m, [32m'4.36'[39m, [32m'3.41'[39m, [32m'0.03'[39m ]
data rcv RT:[ [32m'0.00'[39m, [32m'4.39'[39m, [32m'3.43'[39m, [32m'0.00'[39m ]
data rcv RT:[ [32m'0.00'[39m, [32m'4.36'[39m, [32m'3.38'[39m, [32m'0.02'[39m ]
data rcv RT:[ [32m'0.00'[39m, [32m'4.32'[39m, [32m'3.44'[39m, [32m'0.00'[39m ]
data rcv RT:[ [32m'0.00'[39m, [32m'4.31'[39m, [32m'3.44'[39m, [32m'0.00'[39m ]
data rcv RT:[ [32m'0.00'[39m, [32m'4.30'[39m, [32m'3.43'[39m, [32m'0.00'[39m ]
data rcv RT:[ [32m'0.00'[39m, [32m'4.26'[39m, [32m'3.46'[39m, [32m'0.00'[39m ]
data rcv RT:[ [32m'0.00'[39m, [32m'4.24'[39m, [32m'3.44'[39m, [32m'0.00'[39m ]
data rcv RT:[ [32m'0.00'[39m, [32m'4.27'[39m, [32m'3.38'[39m, [32m'0.00'[39m ]
data rcv RT:[ [32m'0.00'[39m, [32m'4.30'[39m, [32m'3.37'[39m, [32m'0.00'[39m ]
data rcv RT:[ [32m'0.00'[39m, [32m'4.33'[39m, [32m'3.36'[39m, [32m'0.02'[39m ]
data rcv RT:[ [32m'0.00'[39m, [32m'4.33'[39m, [32m'3.36'[39m, [32m'0.03'[39m ]
data rcv RT:[ [32m'0.00'[39m, [32m'4.37'[39m, [32m'3.43'[39m, [32m'0.01'[39m ]
data rcv RT:[ [32m'0.00'[39m, [32m'4.34'[39m, [32m'3.43'[39m, [32m'0.00'[39m ]
data rcv RT:[ [32m'0.00'[39m, [32m'4.32'[39m, [32m'3.43'[39m, [32m'0.00'[39m ]
data rcv RT:[ [32m'0.00'[39m, [32m'4.30'[39m, [32m'3.42'[39m, [32m'0.00'[39m ]
data rcv RT:[ [32m'0.00'[39m, [32m'4.31'[39m, [32m'3.44'[39m, [32m'0.00'[39m ]
data rcv RT:[ [32m'0.00'[39m, [32m'4.28'[39m, [32m'3.43'[39m, [32m'0.00'[39m ]
data rcv RT:[ [32m'0.00'[39m, [32m'4.29'[39m, [32m'3.42'[39m, [32m'0.00'[39m ]
data rcv RT:[ [32m'0.00'[39m, [32m'4.26'[39m, [32m'3.43'[39m, [32m'0.00'[39m ]
data rcv RT:[ [32m'0.00'[39m, [32m'4.27'[39m, [32m'3.37'[39m, [32m'0.00'[39m ]
data rcv RT:[ [32m'0.00'[39m, [32m'4.29'[39m, [32m'3.37'[39m, [32m'0.00'[39m ]
data rcv RT:[ [32m'0.00'[39m, [32m'4.29'[39m, [32m'3.39'[39m, [32m'0.00'[39m ]
data rcv RT:[ [32m'0.00'[39m, [32m'4.32'[39m, [32m'3.39'[39m, [32m'0.01'[39m ]
data rcv RT:[ [32m'0.00'[39m, [32m'4.34'[39m, [32m'3.38'[39m, [32m'0.02'[39m ]
data rcv RT:[ [32m'0.00'[39m, [32m'4.36'[39m, [32m'3.42'[39m, [32m'0.00'[39m ]
data rcv RT:[ [32m'0.00'[39m, [32m'4.38'[39m, [32m'3.40'[39m, [32m'0.03'[39m ]
data rcv RT:[ [32m'0.00'[39m, [32m'4.34'[39m, [32m'3.45'[39m, [32m'0.00'[39m ]
data rcv RT:[ [32m'0.00'[39m, [32m'4.29'[39m, [32m'3.44'[39m, [32m'0.00'[39m ]
data rcv RT:[ [32m'0.00'[39m, [32m'4.30'[39m, [32m'3.41'[39m, [32m'0.00'[39m ]
data rcv RT:[ [32m'0.00'[39m, [32m'4.24'[39m, [32m'3.42'[39m, [32m'0.00'[39m ]
data rcv RT:[ [32m'0.00'[39m, [32m'4.27'[39m, [32m'3.39'[39m, [32m'0.00'[39m ]
data rcv RT:[ [32m'0.00'[39m, [32m'4.30'[39m, [32m'3.36'[39m, [32m'0.01'[39m ]
data rcv RT:[ [32m'0.00'[39m, [32m'4.32'[39m, [32m'3.37'[39m, [32m'0.01'[39m ]
data rcv RT:[ [32m'0.00'[39m, [32m'4.35'[39m, [32m'3.37'[39m, [32m'0.01'[39m ]
data rcv RT:[ [32m'0.00'[39m, [32m'4.34'[39m, [32m'3.34'[39m, [32m'0.06'[39m ]
data rcv RT:[ [32m'0.00'[39m, [32m'4.38'[39m, [32m'3.41'[39m, [32m'0.01'[39m ]
data rcv RT:[ [32m'0.00'[39m, [32m'4.36'[39m, [32m'3.40'[39m, [32m'0.00'[39m ]
data rcv RT:[ [32m'0.00'[39m, [32m'4.34'[39m, [32m'3.45'[39m, [32m'0.00'[39m ]
data rcv RT:[ [32m'0.00'[39m, [32m'4.32'[39m, [32m'3.41'[39m, [32m'0.00'[39m ]
data rcv RT:[ [32m'0.00'[39m, [32m'4.31'[39m, [32m'3.42'[39m, [32m'0.00'[39m ]
data rcv RT:[ [32m'0.00'[39m, [32m'4.26'[39m, [32m'3.38'[39m, [32m'0.00'[39m ]
data rcv RT:[ [32m'0.00'[39m, [32m'4.29'[39m, [32m'3.36'[39m, [32m'0.00'[39m ]
data rcv RT:[ [32m'0.00'[39m, [32m'4.33'[39m, [32m'3.37'[39m, [32m'0.01'[39m ]
data rcv RT:[ [32m'0.00'[39m, [32m'4.33'[39m, [32m'3.34'[39m, [32m'0.07'[39m ]
data rcv RT:[ [32m'0.00'[39m, [32m'4.35'[39m, [32m'3.37'[39m, [32m'0.04'[39m ]
data rcv RT:[ [32m'0.00'[39m, [32m'4.37'[39m, [32m'3.39'[39m, [32m'0.00'[39m ]
data rcv RT:[ [32m'0.00'[39m, [32m'4.35'[39m, [32m'3.41'[39m, [32m'0.00'[39m ]
data rcv RT:[ [32m'0.00'[39m, [32m'4.35'[39m, [32m'3.42'[39m, [32m'0.00'[39m ]
data rcv RT:[ [32m'0.00'[39m, [32m'4.29'[39m, [32m'3.45'[39m, [32m'0.00'[39m ]
data rcv RT:[ [32m'0.00'[39m, [32m'4.28'[39m, [32m'3.44'[39m, [32m'0.00'[39m ]
data rcv RT:[ [32m'0.00'[39m, [32m'4.27'[39m, [32m'3.39'[39m, [32m'0.00'[39m ]
data rcv RT:[ [32m'0.00'[39m, [32m'4.29'[39m, [32m'3.43'[39m, [32m'0.00'[39m ]
data rcv RT:[ [32m'0.00'[39m, [32m'4.31'[39m, [32m'3.38'[39m, [32m'0.01'[39m ]
data rcv RT:[ [32m'0.00'[39m, [32m'4.34'[39m, [32m'3.40'[39m, [32m'0.01'[39m ]
data rcv RT:[ [32m'0.00'[39m, [32m'4.33'[39m, [32m'3.38'[39m, [32m'0.01'[39m ]
data rcv RT:[ [32m'0.00'[39m, [32m'4.34'[39m, [32m'3.40'[39m, [32m'0.00'[39m ]
data rcv RT:[ [32m'0.00'[39m, [32m'4.37'[39m, [32m'3.39'[39m, [32m'0.01'[39m ]
data rcv RT:[ [32m'0.00'[39m, [32m'4.39'[39m, [32m'3.39'[39m, [32m'0.00'[39m ]
data rcv RT:[ [32m'0.00'[39m, [32m'4.36'[39m, [32m'3.40'[39m, [32m'0.00'[39m ]
data rcv RT:[ [32m'0.00'[39m, [32m'4.31'[39m, [32m'3.45'[39m, [32m'0.00'[39m ]
data rcv RT:[ [32m'0.00'[39m, [32m'4.32'[39m, [32m'3.42'[39m, [32m'0.00'[39m ]
data rcv RT:[ [32m'0.00'[39m, [32m'4.30'[39m, [32m'3.41'[39m, [32m'0.00'[39m ]
data rcv RT:[ [32m'0.00'[39m, [32m'4.29'[39m, [32m'3.43'[39m, [32m'0.00'[39m ]
data rcv RT:[ [32m'0.00'[39m, [32m'4.28'[39m, [32m'3.42'[39m, [32m'0.00'[39m ]
data rcv RT:[ [32m'0.00'[39m, [32m'4.29'[39m, [32m'3.40'[39m, [32m'0.00'[39m ]
data rcv RT:[ [32m'0.00'[39m, [32m'4.33'[39m, [32m'3.37'[39m, [32m'0.01'[39m ]
data rcv RT:[ [32m'0.00'[39m, [32m'4.36'[39m, [32m'3.38'[39m, [32m'0.02'[39m ]
data rcv RT:[ [32m'0.00'[39m, [32m'4.35'[39m, [32m'3.35'[39m, [32m'0.08'[39m ]
data rcv RT:[ [32m'0.00'[39m, [32m'4.38'[39m, [32m'3.39'[39m, [32m'0.03'[39m ]
data rcv RT:[ [32m'0.00'[39m, [32m'4.37'[39m, [32m'3.42'[39m, [32m'0.00'[39m ]
data rcv RT:[ [32m'0.00'[39m, [32m'4.32'[39m, [32m'3.43'[39m, [32m'0.00'[39m ]
data rcv RT:[ [32m'0.00'[39m, [32m'4.30'[39m, [32m'3.44'[39m, [32m'0.00'[39m ]
data rcv RT:[ [32m'0.00'[39m, [32m'4.29'[39m, [32m'3.43'[39m, [32m'0.00'[39m ]
data rcv RT:[ [32m'0.00'[39m, [32m'4.25'[39m, [32m'3.38'[39m, [32m'0.00'[39m ]
data rcv RT:[ [32m'0.00'[39m, [32m'4.30'[39m, [32m'3.39'[39m, [32m'0.00'[39m ]
data rcv RT:[ [32m'0.00'[39m, [32m'4.32'[39m, [32m'3.39'[39m, [32m'0.01'[39m ]
data rcv RT:[ [32m'0.00'[39m, [32m'4.36'[39m, [32m'3.39'[39m, [32m'0.02'[39m ]
data rcv RT:[ [32m'0.00'[39m, [32m'4.41'[39m, [32m'3.40'[39m, [32m'0.02'[39m ]
data rcv RT:[ [32m'0.00'[39m, [32m'4.38'[39m, [32m'3.38'[39m, [32m'0.05'[39m ]
data rcv RT:[ [32m'0.00'[39m, [32m'4.35'[39m, [32m'3.41'[39m, [32m'0.00'[39m ]
data rcv RT:[ [32m'0.00'[39m, [32m'4.32'[39m, [32m'3.42'[39m, [32m'0.00'[39m ]
data rcv RT:[ [32m'0.00'[39m, [32m'4.28'[39m, [32m'3.42'[39m, [32m'0.00'[39m ]
data rcv RT:[ [32m'0.00'[39m, [32m'4.28'[39m, [32m'3.41'[39m, [32m'0.00'[39m ]
data rcv RT:[ [32m'0.00'[39m, [32m'4.29'[39m, [32m'3.46'[39m, [32m'0.00'[39m ]
data rcv RT:[ [32m'0.00'[39m, [32m'4.24'[39m, [32m'3.40'[39m, [32m'0.00'[39m ]
data rcv RT:[ [32m'0.00'[39m, [32m'4.28'[39m, [32m'3.37'[39m, [32m'0.00'[39m ]
data rcv RT:[ [32m'0.00'[39m, [32m'4.28'[39m, [32m'3.40'[39m, [32m'0.00'[39m ]
data rcv RT:[ [32m'0.00'[39m, [32m'4.36'[39m, [32m'3.39'[39m, [32m'0.01'[39m ]
data rcv RT:[ [32m'0.00'[39m, [32m'4.37'[39m, [32m'3.36'[39m, [32m'0.05'[39m ]
data rcv RT:[ [32m'0.00'[39m, [32m'4.36'[39m, [32m'3.37'[39m, [32m'0.02'[39m ]
data rcv RT:[ [32m'0.00'[39m, [32m'4.37'[39m, [32m'3.40'[39m, [32m'0.00'[39m ]
data rcv RT:[ [32m'0.00'[39m, [32m'4.33'[39m, [32m'3.43'[39m, [32m'0.00'[39m ]
data rcv RT:[ [32m'0.00'[39m, [32m'4.30'[39m, [32m'3.42'[39m, [32m'0.00'[39m ]
data rcv RT:[ [32m'0.00'[39m, [32m'4.31'[39m, [32m'3.43'[39m, [32m'0.00'[39m ]
data rcv RT:[ [32m'0.00'[39m, [32m'4.30'[39m, [32m'3.41'[39m, [32m'0.00'[39m ]
data rcv RT:[ [32m'0.00'[39m, [32m'4.28'[39m, [32m'3.38'[39m, [32m'0.00'[39m ]
data rcv RT:[ [32m'0.00'[39m, [32m'4.25'[39m, [32m'3.40'[39m, [32m'0.00'[39m ]
data rcv RT:[ [32m'0.00'[39m, [32m'4.28'[39m, [32m'3.42'[39m, [32m'0.00'[39m ]
data rcv RT:[ [32m'0.00'[39m, [32m'4.29'[39m, [32m'3.37'[39m, [32m'0.00'[39m ]
data rcv RT:[ [32m'0.00'[39m, [32m'4.31'[39m, [32m'3.39'[39m, [32m'0.00'[39m ]
data rcv RT:[ [32m'0.00'[39m, [32m'4.31'[39m, [32m'3.40'[39m, [32m'0.00'[39m ]
data rcv RT:[ [32m'0.00'[39m, [32m'4.33'[39m, [32m'3.35'[39m, [32m'0.07'[39m ]
data rcv RT:[ [32m'0.00'[39m, [32m'4.38'[39m, [32m'3.40'[39m, [32m'0.01'[39m ]
data rcv RT:[ [32m'0.00'[39m, [32m'4.36'[39m, [32m'3.40'[39m, [32m'0.01'[39m ]
data rcv RT:[ [32m'0.00'[39m, [32m'4.39'[39m, [32m'3.42'[39m, [32m'0.05'[39m ]
data rcv RT:[ [32m'0.00'[39m, [32m'4.34'[39m, [32m'3.40'[39m, [32m'0.00'[39m ]
data rcv RT:[ [32m'0.00'[39m, [32m'4.34'[39m, [32m'3.43'[39m, [32m'0.00'[39m ]
data rcv RT:[ [32m'0.00'[39m, [32m'4.34'[39m, [32m'3.44'[39m, [32m'0.00'[39m ]
data rcv RT:[ [32m'0.00'[39m, [32m'4.32'[39m, [32m'3.44'[39m, [32m'0.00'[39m ]
data rcv RT:[ [32m'0.00'[39m, [32m'4.33'[39m, [32m'3.48'[39m, [32m'0.00'[39m ]
data rcv RT:[ [32m'0.00'[39m, [32m'4.28'[39m, [32m'3.47'[39m, [32m'0.00'[39m ]
data rcv RT:[ [32m'0.00'[39m, [32m'4.25'[39m, [32m'3.43'[39m, [32m'0.00'[39m ]
data rcv RT:[ [32m'0.00'[39m, [32m'4.24'[39m, [32m'3.41'[39m, [32m'0.00'[39m ]
data rcv RT:[ [32m'0.00'[39m, [32m'4.28'[39m, [32m'3.38'[39m, [32m'0.00'[39m ]
data rcv RT:[ [32m'0.00'[39m, [32m'4.33'[39m, [32m'3.42'[39m, [32m'0.00'[39m ]
data rcv RT:[ [32m'0.00'[39m, [32m'4.35'[39m, [32m'3.42'[39m, [32m'0.00'[39m ]
data rcv RT:[ [32m'0.00'[39m, [32m'4.31'[39m, [32m'3.38'[39m, [32m'0.06'[39m ]
data rcv RT:[ [32m'0.00'[39m, [32m'4.30'[39m, [32m'3.42'[39m, [32m'0.00'[39m ]
data rcv RT:[ [32m'0.00'[39m, [32m'4.35'[39m, [32m'3.41'[39m, [32m'0.01'[39m ]
data rcv RT:[ [32m'0.00'[39m, [32m'4.36'[39m, [32m'3.39'[39m, [32m'0.04'[39m ]
data rcv RT:[ [32m'0.00'[39m, [32m'4.34'[39m, [32m'3.42'[39m, [32m'0.00'[39m ]
data rcv RT:[ [32m'0.00'[39m, [32m'4.33'[39m, [32m'3.44'[39m, [32m'0.00'[39m ]
data rcv RT:[ [32m'0.00'[39m, [32m'4.35'[39m, [32m'3.43'[39m, [32m'0.00'[39m ]
data rcv RT:[ [32m'0.00'[39m, [32m'4.29'[39m, [32m'3.44'[39m, [32m'0.00'[39m ]
data rcv RT:[ [32m'0.00'[39m, [32m'4.32'[39m, [32m'3.44'[39m, [32m'0.00'[39m ]
data rcv RT:[ [32m'0.00'[39m, [32m'4.26'[39m, [32m'3.45'[39m, [32m'0.00'[39m ]
data rcv RT:[ [32m'0.00'[39m, [32m'4.24'[39m, [32m'3.39'[39m, [32m'0.00'[39m ]
data rcv RT:[ [32m'0.00'[39m, [32m'4.25'[39m, [32m'3.41'[39m, [32m'0.00'[39m ]
data rcv RT:[ [32m'0.00'[39m, [32m'4.27'[39m, [32m'3.40'[39m, [32m'0.00'[39m ]
data rcv RT:[ [32m'0.00'[39m, [32m'4.34'[39m, [32m'3.40'[39m, [32m'0.01'[39m ]
data rcv RT:[ [32m'0.00'[39m, [32m'4.31'[39m, [32m'3.39'[39m, [32m'0.00'[39m ]
data rcv RT:[ [32m'0.00'[39m, [32m'4.32'[39m, [32m'3.39'[39m, [32m'0.01'[39m ]
data rcv RT:[ [32m'0.00'[39m, [32m'4.32'[39m, [32m'3.36'[39m, [32m'0.05'[39m ]
data rcv RT:[ [32m'0.00'[39m, [32m'4.36'[39m, [32m'3.40'[39m, [32m'0.02'[39m ]
data rcv RT:[ [32m'0.00'[39m, [32m'4.37'[39m, [32m'3.38'[39m, [32m'0.01'[39m ]
data rcv RT:[ [32m'0.00'[39m, [32m'4.34'[39m, [32m'3.43'[39m, [32m'0.00'[39m ]
data rcv RT:[ [32m'0.00'[39m, [32m'4.35'[39m, [32m'3.43'[39m, [32m'0.00'[39m ]
data rcv RT:[ [32m'0.00'[39m, [32m'4.32'[39m, [32m'3.43'[39m, [32m'0.00'[39m ]
data rcv RT:[ [32m'0.00'[39m, [32m'4.31'[39m, [32m'3.41'[39m, [32m'0.00'[39m ]
data rcv RT:[ [32m'0.00'[39m, [32m'4.28'[39m, [32m'3.45'[39m, [32m'0.00'[39m ]
data rcv RT:[ [32m'0.00'[39m, [32m'4.25'[39m, [32m'3.39'[39m, [32m'0.00'[39m ]
data rcv RT:[ [32m'0.00'[39m, [32m'4.30'[39m, [32m'3.36'[39m, [32m'0.00'[39m ]
data rcv RT:[ [32m'0.00'[39m, [32m'4.32'[39m, [32m'3.36'[39m, [32m'0.00'[39m ]
data rcv RT:[ [32m'0.00'[39m, [32m'4.30'[39m, [32m'3.38'[39m, [32m'0.00'[39m ]
data rcv RT:[ [32m'0.00'[39m, [32m'4.29'[39m, [32m'3.37'[39m, [32m'0.01'[39m ]
data rcv RT:[ [32m'0.00'[39m, [32m'4.33'[39m, [32m'3.37'[39m, [32m'0.03'[39m ]
data rcv RT:[ [32m'0.00'[39m, [32m'4.34'[39m, [32m'3.35'[39m, [32m'0.03'[39m ]
data rcv RT:[ [32m'0.00'[39m, [32m'4.35'[39m, [32m'3.36'[39m, [32m'0.03'[39m ]
data rcv RT:[ [32m'0.00'[39m, [32m'4.41'[39m, [32m'3.42'[39m, [32m'0.00'[39m ]
data rcv RT:[ [32m'0.00'[39m, [32m'4.32'[39m, [32m'3.41'[39m, [32m'0.00'[39m ]
data rcv RT:[ [32m'0.00'[39m, [32m'4.30'[39m, [32m'3.42'[39m, [32m'0.00'[39m ]
data rcv RT:[ [32m'0.00'[39m, [32m'4.31'[39m, [32m'3.43'[39m, [32m'0.00'[39m ]
data rcv RT:[ [32m'0.00'[39m, [32m'4.33'[39m, [32m'3.47'[39m, [32m'0.00'[39m ]
data rcv RT:[ [32m'0.00'[39m, [32m'4.27'[39m, [32m'3.38'[39m, [32m'0.00'[39m ]
data rcv RT:[ [32m'0.00'[39m, [32m'4.28'[39m, [32m'3.42'[39m, [32m'0.00'[39m ]
data rcv RT:[ [32m'0.00'[39m, [32m'4.27'[39m, [32m'3.41'[39m, [32m'0.00'[39m ]
data rcv RT:[ [32m'0.00'[39m, [32m'4.29'[39m, [32m'3.40'[39m, [32m'0.00'[39m ]
data rcv RT:[ [32m'0.00'[39m, [32m'4.31'[39m, [32m'3.38'[39m, [32m'0.00'[39m ]
data rcv RT:[ [32m'0.00'[39m, [32m'4.33'[39m, [32m'3.40'[39m, [32m'0.01'[39m ]
data rcv RT:[ [32m'0.00'[39m, [32m'4.34'[39m, [32m'3.37'[39m, [32m'0.02'[39m ]
data rcv RT:[ [32m'0.00'[39m, [32m'4.35'[39m, [32m'3.36'[39m, [32m'0.04'[39m ]
data rcv RT:[ [32m'0.00'[39m, [32m'4.35'[39m, [32m'3.41'[39m, [32m'0.00'[39m ]
data rcv RT:[ [32m'0.00'[39m, [32m'4.37'[39m, [32m'3.41'[39m, [32m'0.00'[39m ]
data rcv RT:[ [32m'0.00'[39m, [32m'4.36'[39m, [32m'3.44'[39m, [32m'0.00'[39m ]
data rcv RT:[ [32m'0.00'[39m, [32m'4.34'[39m, [32m'3.43'[39m, [32m'0.00'[39m ]
data rcv RT:[ [32m'0.00'[39m, [32m'4.32'[39m, [32m'3.46'[39m, [32m'0.00'[39m ]
data rcv RT:[ [32m'0.00'[39m, [32m'4.31'[39m, [32m'3.45'[39m, [32m'0.00'[39m ]
data rcv RT:[ [32m'0.00'[39m, [32m'4.31'[39m, [32m'3.48'[39m, [32m'0.00'[39m ]
data rcv RT:[ [32m'0.00'[39m, [32m'4.27'[39m, [32m'3.39'[39m, [32m'0.00'[39m ]
data rcv RT:[ [32m'0.00'[39m, [32m'4.25'[39m, [32m'3.40'[39m, [32m'0.00'[39m ]
data rcv RT:[ [32m'0.00'[39m, [32m'4.25'[39m, [32m'3.37'[39m, [32m'0.00'[39m ]
data rcv RT:[ [32m'0.00'[39m, [32m'4.26'[39m, [32m'3.38'[39m, [32m'0.00'[39m ]
data rcv RT:[ [32m'0.00'[39m, [32m'4.27'[39m, [32m'3.43'[39m, [32m'0.00'[39m ]
data rcv RT:[ [32m'0.00'[39m, [32m'4.28'[39m, [32m'3.40'[39m, [32m'0.00'[39m ]
data rcv RT:[ [32m'0.00'[39m, [32m'4.29'[39m, [32m'3.39'[39m, [32m'0.00'[39m ]
data rcv RT:[ [32m'0.00'[39m, [32m'4.32'[39m, [32m'3.39'[39m, [32m'0.01'[39m ]
data rcv RT:[ [32m'0.00'[39m, [32m'4.30'[39m, [32m'3.39'[39m, [32m'0.02'[39m ]
data rcv RT:[ [32m'0.00'[39m, [32m'4.33'[39m, [32m'3.39'[39m, [32m'0.01'[39m ]
data rcv RT:[ [32m'0.00'[39m, [32m'4.36'[39m, [32m'3.38'[39m, [32m'0.03'[39m ]
data rcv RT:[ [32m'0.00'[39m, [32m'4.36'[39m, [32m'3.42'[39m, [32m'0.00'[39m ]
data rcv RT:[ [32m'0.00'[39m, [32m'4.37'[39m, [32m'3.44'[39m, [32m'0.00'[39m ]
data rcv RT:[ [32m'0.00'[39m, [32m'4.36'[39m, [32m'3.41'[39m, [32m'0.00'[39m ]
data rcv RT:[ [32m'0.00'[39m, [32m'4.33'[39m, [32m'3.42'[39m, [32m'0.00'[39m ]
data rcv RT:[ [32m'0.00'[39m, [32m'4.33'[39m, [32m'3.43'[39m, [32m'0.00'[39m ]
data rcv RT:[ [32m'0.00'[39m, [32m'4.31'[39m, [32m'3.43'[39m, [32m'0.00'[39m ]
data rcv RT:[ [32m'0.00'[39m, [32m'4.31'[39m, [32m'3.41'[39m, [32m'0.00'[39m ]
data rcv RT:[ [32m'0.00'[39m, [32m'4.31'[39m, [32m'3.44'[39m, [32m'0.00'[39m ]
data rcv RT:[ [32m'0.00'[39m, [32m'4.24'[39m, [32m'3.42'[39m, [32m'0.00'[39m ]
data rcv RT:[ [32m'0.00'[39m, [32m'4.24'[39m, [32m'3.39'[39m, [32m'0.00'[39m ]
data rcv RT:[ [32m'0.00'[39m, [32m'4.25'[39m, [32m'3.40'[39m, [32m'0.00'[39m ]
data rcv RT:[ [32m'0.00'[39m, [32m'4.33'[39m, [32m'3.37'[39m, [32m'0.01'[39m ]
data rcv RT:[ [32m'0.00'[39m, [32m'4.32'[39m, [32m'3.39'[39m, [32m'0.02'[39m ]
data rcv RT:[ [32m'0.00'[39m, [32m'4.35'[39m, [32m'3.37'[39m, [32m'0.04'[39m ]
data rcv RT:[ [32m'0.00'[39m, [32m'4.37'[39m, [32m'3.42'[39m, [32m'0.01'[39m ]
data rcv RT:[ [32m'0.00'[39m, [32m'4.39'[39m, [32m'3.38'[39m, [32m'0.02'[39m ]
data rcv RT:[ [32m'0.00'[39m, [32m'4.37'[39m, [32m'3.42'[39m, [32m'0.00'[39m ]
data rcv RT:[ [32m'0.00'[39m, [32m'4.34'[39m, [32m'3.44'[39m, [32m'0.00'[39m ]
data rcv RT:[ [32m'0.00'[39m, [32m'4.35'[39m, [32m'3.42'[39m, [32m'0.00'[39m ]
data rcv RT:[ [32m'0.00'[39m, [32m'4.29'[39m, [32m'3.43'[39m, [32m'0.00'[39m ]
data rcv RT:[ [32m'0.00'[39m, [32m'4.28'[39m, [32m'3.43'[39m, [32m'0.00'[39m ]
data rcv RT:[ [32m'0.00'[39m, [32m'4.25'[39m, [32m'3.39'[39m, [32m'0.00'[39m ]
data rcv RT:[ [32m'0.00'[39m, [32m'4.27'[39m, [32m'3.40'[39m, [32m'0.00'[39m ]
data rcv RT:[ [32m'0.00'[39m, [32m'4.28'[39m, [32m'3.38'[39m, [32m'0.00'[39m ]
data rcv RT:[ [32m'0.00'[39m, [32m'4.28'[39m, [32m'3.38'[39m, [32m'0.00'[39m ]
data rcv RT:[ [32m'0.00'[39m, [32m'4.27'[39m, [32m'3.39'[39m, [32m'0.00'[39m ]
data rcv RT:[ [32m'0.00'[39m, [32m'4.28'[39m, [32m'3.37'[39m, [32m'0.00'[39m ]
data rcv RT:[ [32m'0.00'[39m, [32m'4.31'[39m, [32m'3.40'[39m, [32m'0.00'[39m ]
data rcv RT:[ [32m'0.00'[39m, [32m'4.29'[39m, [32m'3.38'[39m, [32m'0.01'[39m ]
data rcv RT:[ [32m'0.00'[39m, [32m'4.33'[39m, [32m'3.37'[39m, [32m'0.01'[39m ]
data rcv RT:[ [32m'0.00'[39m, [32m'4.35'[39m, [32m'3.38'[39m, [32m'0.01'[39m ]
data rcv RT:[ [32m'0.00'[39m, [32m'4.38'[39m, [32m'3.42'[39m, [32m'0.00'[39m ]
data rcv RT:[ [32m'0.00'[39m, [32m'4.37'[39m, [32m'3.41'[39m, [32m'0.00'[39m ]
data rcv RT:[ [32m'0.00'[39m, [32m'4.34'[39m, [32m'3.43'[39m, [32m'0.00'[39m ]
data rcv RT:[ [32m'0.00'[39m, [32m'4.33'[39m, [32m'3.45'[39m, [32m'0.00'[39m ]
data rcv RT:[ [32m'0.00'[39m, [32m'4.29'[39m, [32m'3.43'[39m, [32m'0.00'[39m ]
data rcv RT:[ [32m'0.00'[39m, [32m'4.34'[39m, [32m'3.43'[39m, [32m'0.00'[39m ]
data rcv RT:[ [32m'0.00'[39m, [32m'4.32'[39m, [32m'3.48'[39m, [32m'0.00'[39m ]
data rcv RT:[ [32m'0.00'[39m, [32m'4.29'[39m, [32m'3.42'[39m, [32m'0.00'[39m ]
data rcv RT:[ [32m'0.00'[39m, [32m'4.26'[39m, [32m'3.38'[39m, [32m'0.00'[39m ]
data rcv RT:[ [32m'0.00'[39m, [32m'4.27'[39m, [32m'3.38'[39m, [32m'0.00'[39m ]
data rcv RT:[ [32m'0.00'[39m, [32m'4.30'[39m, [32m'3.38'[39m, [32m'0.00'[39m ]
data rcv RT:[ [32m'0.00'[39m, [32m'4.32'[39m, [32m'3.37'[39m, [32m'0.03'[39m ]
data rcv RT:[ [32m'0.00'[39m, [32m'4.34'[39m, [32m'3.38'[39m, [32m'0.01'[39m ]
data rcv RT:[ [32m'0.00'[39m, [32m'4.36'[39m, [32m'3.41'[39m, [32m'0.00'[39m ]
data rcv RT:[ [32m'0.00'[39m, [32m'4.35'[39m, [32m'3.41'[39m, [32m'0.00'[39m ]
data rcv RT:[ [32m'0.00'[39m, [32m'4.34'[39m, [32m'3.42'[39m, [32m'0.00'[39m ]
data rcv RT:[ [32m'0.00'[39m, [32m'4.30'[39m, [32m'3.42'[39m, [32m'0.00'[39m ]
data rcv RT:[ [32m'0.00'[39m, [32m'4.32'[39m, [32m'3.44'[39m, [32m'0.00'[39m ]
data rcv RT:[ [32m'0.00'[39m, [32m'4.29'[39m, [32m'3.39'[39m, [32m'0.00'[39m ]
data rcv RT:[ [32m'0.00'[39m, [32m'4.30'[39m, [32m'3.43'[39m, [32m'0.00'[39m ]
data rcv RT:[ [32m'0.00'[39m, [32m'4.26'[39m, [32m'3.37'[39m, [32m'0.00'[39m ]
data rcv RT:[ [32m'0.00'[39m, [32m'4.28'[39m, [32m'3.37'[39m, [32m'0.00'[39m ]
data rcv RT:[ [32m'0.00'[39m, [32m'4.35'[39m, [32m'3.38'[39m, [32m'0.01'[39m ]
data rcv RT:[ [32m'0.00'[39m, [32m'4.37'[39m, [32m'3.37'[39m, [32m'0.04'[39m ]
data rcv RT:[ [32m'0.00'[39m, [32m'4.36'[39m, [32m'3.36'[39m, [32m'0.06'[39m ]
data rcv RT:[ [32m'0.00'[39m, [32m'4.36'[39m, [32m'3.40'[39m, [32m'0.03'[39m ]
data rcv RT:[ [32m'0.00'[39m, [32m'4.35'[39m, [32m'3.41'[39m, [32m'0.00'[39m ]
data rcv RT:[ [32m'0.00'[39m, [32m'4.30'[39m, [32m'3.42'[39m, [32m'0.00'[39m ]
data rcv RT:[ [32m'0.00'[39m, [32m'4.32'[39m, [32m'3.42'[39m, [32m'0.00'[39m ]
data rcv RT:[ [32m'0.00'[39m, [32m'4.29'[39m, [32m'3.41'[39m, [32m'0.00'[39m ]
data rcv RT:[ [32m'0.00'[39m, [32m'4.27'[39m, [32m'3.40'[39m, [32m'0.00'[39m ]
data rcv RT:[ [32m'0.00'[39m, [32m'4.26'[39m, [32m'3.41'[39m, [32m'0.00'[39m ]
data rcv RT:[ [32m'0.00'[39m, [32m'4.25'[39m, [32m'3.39'[39m, [32m'0.00'[39m ]
data rcv RT:[ [32m'0.00'[39m, [32m'4.32'[39m, [32m'3.39'[39m, [32m'0.00'[39m ]
data rcv RT:[ [32m'0.00'[39m, [32m'4.33'[39m, [32m'3.39'[39m, [32m'0.01'[39m ]
data rcv RT:[ [32m'0.00'[39m, [32m'4.36'[39m, [32m'3.35'[39m, [32m'0.06'[39m ]
data rcv RT:[ [32m'0.00'[39m, [32m'4.37'[39m, [32m'3.40'[39m, [32m'0.02'[39m ]
data rcv RT:[ [32m'0.00'[39m, [32m'4.37'[39m, [32m'3.41'[39m, [32m'0.00'[39m ]
data rcv RT:[ [32m'0.00'[39m, [32m'4.34'[39m, [32m'3.45'[39m, [32m'0.00'[39m ]
data rcv RT:[ [32m'0.00'[39m, [32m'4.32'[39m, [32m'3.42'[39m, [32m'0.00'[39m ]
data rcv RT:[ [32m'0.00'[39m, [32m'4.30'[39m, [32m'3.44'[39m, [32m'0.00'[39m ]
data rcv RT:[ [32m'0.00'[39m, [32m'4.32'[39m, [32m'3.41'[39m, [32m'0.00'[39m ]
data rcv RT:[ [32m'0.00'[39m, [32m'4.30'[39m, [32m'3.46'[39m, [32m'0.00'[39m ]
data rcv RT:[ [32m'0.00'[39m, [32m'4.24'[39m, [32m'3.41'[39m, [32m'0.00'[39m ]
data rcv RT:[ [32m'0.00'[39m, [32m'4.25'[39m, [32m'3.36'[39m, [32m'0.00'[39m ]
data rcv RT:[ [32m'0.00'[39m, [32m'4.27'[39m, [32m'3.39'[39m, [32m'0.00'[39m ]
data rcv RT:[ [32m'0.00'[39m, [32m'4.33'[39m, [32m'3.37'[39m, [32m'0.02'[39m ]
data rcv RT:[ [32m'0.00'[39m, [32m'4.34'[39m, [32m'3.37'[39m, [32m'0.00'[39m ]
data rcv RT:[ [32m'0.00'[39m, [32m'4.37'[39m, [32m'3.39'[39m, [32m'0.01'[39m ]
data rcv RT:[ [32m'0.00'[39m, [32m'4.39'[39m, [32m'3.40'[39m, [32m'0.03'[39m ]
data rcv RT:[ [32m'0.00'[39m, [32m'4.34'[39m, [32m'3.43'[39m, [32m'0.00'[39m ]
data rcv RT:[ [32m'0.00'[39m, [32m'4.32'[39m, [32m'3.44'[39m, [32m'0.00'[39m ]
data rcv RT:[ [32m'0.00'[39m, [32m'4.32'[39m, [32m'3.43'[39m, [32m'0.00'[39m ]
data rcv RT:[ [32m'0.00'[39m, [32m'4.29'[39m, [32m'3.44'[39m, [32m'0.00'[39m ]
data rcv RT:[ [32m'0.00'[39m, [32m'4.25'[39m, [32m'3.37'[39m, [32m'0.00'[39m ]
data rcv RT:[ [32m'0.00'[39m, [32m'4.29'[39m, [32m'3.38'[39m, [32m'0.00'[39m ]
data rcv RT:[ [32m'0.00'[39m, [32m'4.31'[39m, [32m'3.40'[39m, [32m'0.02'[39m ]
data rcv RT:[ [32m'0.00'[39m, [32m'4.31'[39m, [32m'3.36'[39m, [32m'0.02'[39m ]
data rcv RT:[ [32m'0.00'[39m, [32m'4.32'[39m, [32m'3.37'[39m, [32m'0.04'[39m ]
data rcv RT:[ [32m'0.00'[39m, [32m'4.37'[39m, [32m'3.37'[39m, [32m'0.05'[39m ]
data rcv RT:[ [32m'0.00'[39m, [32m'4.33'[39m, [32m'3.44'[39m, [32m'0.00'[39m ]
data rcv RT:[ [32m'0.00'[39m, [32m'4.31'[39m, [32m'3.42'[39m, [32m'0.00'[39m ]
data rcv RT:[ [32m'0.00'[39m, [32m'4.29'[39m, [32m'3.44'[39m, [32m'0.00'[39m ]
data rcv RT:[ [32m'0.00'[39m, [32m'4.28'[39m, [32m'3.41'[39m, [32m'0.00'[39m ]
data rcv RT:[ [32m'0.00'[39m, [32m'4.26'[39m, [32m'3.38'[39m, [32m'0.00'[39m ]
data rcv RT:[ [32m'0.00'[39m, [32m'4.25'[39m, [32m'3.39'[39m, [32m'0.00'[39m ]
data rcv RT:[ [32m'0.00'[39m, [32m'4.28'[39m, [32m'3.38'[39m, [32m'0.00'[39m ]
data rcv RT:[ [32m'0.00'[39m, [32m'4.28'[39m, [32m'3.37'[39m, [32m'0.00'[39m ]
data rcv RT:[ [32m'0.00'[39m, [32m'4.36'[39m, [32m'3.36'[39m, [32m'0.04'[39m ]
data rcv RT:[ [32m'0.00'[39m, [32m'4.33'[39m, [32m'3.36'[39m, [32m'0.00'[39m ]
data rcv RT:[ [32m'0.00'[39m, [32m'4.38'[39m, [32m'3.38'[39m, [32m'0.02'[39m ]
data rcv RT:[ [32m'0.00'[39m, [32m'4.37'[39m, [32m'3.45'[39m, [32m'0.00'[39m ]
data rcv RT:[ [32m'0.00'[39m, [32m'4.34'[39m, [32m'3.42'[39m, [32m'0.00'[39m ]
data rcv RT:[ [32m'0.00'[39m, [32m'4.31'[39m, [32m'3.44'[39m, [32m'0.00'[39m ]
data rcv RT:[ [32m'0.00'[39m, [32m'4.31'[39m, [32m'3.44'[39m, [32m'0.00'[39m ]
data rcv RT:[ [32m'0.00'[39m, [32m'4.27'[39m, [32m'3.38'[39m, [32m'0.00'[39m ]
data rcv RT:[ [32m'0.00'[39m, [32m'4.26'[39m, [32m'3.37'[39m, [32m'0.00'[39m ]
data rcv RT:[ [32m'0.00'[39m, [32m'4.27'[39m, [32m'3.38'[39m, [32m'0.00'[39m ]
data rcv RT:[ [32m'0.00'[39m, [32m'4.30'[39m, [32m'3.37'[39m, [32m'0.02'[39m ]
data rcv RT:[ [32m'0.00'[39m, [32m'4.33'[39m, [32m'3.35'[39m, [32m'0.05'[39m ]
data rcv RT:[ [32m'0.00'[39m, [32m'4.34'[39m, [32m'3.37'[39m, [32m'0.03'[39m ]
data rcv RT:[ [32m'0.00'[39m, [32m'4.40'[39m, [32m'3.41'[39m, [32m'0.01'[39m ]
data rcv RT:[ [32m'0.00'[39m, [32m'4.35'[39m, [32m'3.40'[39m, [32m'0.01'[39m ]
data rcv RT:[ [32m'0.00'[39m, [32m'4.34'[39m, [32m'3.43'[39m, [32m'0.00'[39m ]
data rcv RT:[ [32m'0.00'[39m, [32m'4.32'[39m, [32m'3.45'[39m, [32m'0.00'[39m ]
data rcv RT:[ [32m'0.00'[39m, [32m'4.31'[39m, [32m'3.42'[39m, [32m'0.00'[39m ]
data rcv RT:[ [32m'0.00'[39m, [32m'4.30'[39m, [32m'3.44'[39m, [32m'0.00'[39m ]
data rcv RT:[ [32m'0.00'[39m, [32m'4.29'[39m, [32m'3.40'[39m, [32m'0.00'[39m ]
data rcv RT:[ [32m'0.00'[39m, [32m'4.27'[39m, [32m'3.42'[39m, [32m'0.00'[39m ]
data rcv RT:[ [32m'0.00'[39m, [32m'4.28'[39m, [32m'3.38'[39m, [32m'0.00'[39m ]
data rcv RT:[ [32m'0.00'[39m, [32m'4.31'[39m, [32m'3.38'[39m, [32m'0.00'[39m ]
data rcv RT:[ [32m'0.00'[39m, [32m'4.35'[39m, [32m'3.36'[39m, [32m'0.04'[39m ]
data rcv RT:[ [32m'0.00'[39m, [32m'4.36'[39m, [32m'3.37'[39m, [32m'0.01'[39m ]
data rcv RT:[ [32m'0.00'[39m, [32m'4.37'[39m, [32m'3.39'[39m, [32m'0.02'[39m ]
data rcv RT:[ [32m'0.00'[39m, [32m'4.37'[39m, [32m'3.44'[39m, [32m'0.00'[39m ]
data rcv RT:[ [32m'0.00'[39m, [32m'4.35'[39m, [32m'3.42'[39m, [32m'0.00'[39m ]
data rcv RT:[ [32m'0.00'[39m, [32m'4.32'[39m, [32m'3.41'[39m, [32m'0.00'[39m ]
data rcv RT:[ [32m'0.00'[39m, [32m'4.31'[39m, [32m'3.44'[39m, [32m'0.00'[39m ]
data rcv RT:[ [32m'0.00'[39m, [32m'4.29'[39m, [32m'3.42'[39m, [32m'0.00'[39m ]
data rcv RT:[ [32m'0.00'[39m, [32m'4.28'[39m, [32m'3.40'[39m, [32m'0.00'[39m ]
data rcv RT:[ [32m'0.00'[39m, [32m'4.25'[39m, [32m'3.42'[39m, [32m'0.00'[39m ]
data rcv RT:[ [32m'0.00'[39m, [32m'4.28'[39m, [32m'3.37'[39m, [32m'0.00'[39m ]
data rcv RT:[ [32m'0.00'[39m, [32m'4.27'[39m, [32m'3.40'[39m, [32m'0.00'[39m ]
data rcv RT:[ [32m'0.00'[39m, [32m'4.30'[39m, [32m'3.38'[39m, [32m'0.01'[39m ]
data rcv RT:[ [32m'0.00'[39m, [32m'4.34'[39m, [32m'3.39'[39m, [32m'0.02'[39m ]
data rcv RT:[ [32m'0.00'[39m, [32m'4.32'[39m, [32m'3.36'[39m, [32m'0.01'[39m ]
data rcv RT:[ [32m'0.00'[39m, [32m'4.36'[39m, [32m'3.38'[39m, [32m'0.05'[39m ]
data rcv RT:[ [32m'0.00'[39m, [32m'4.37'[39m, [32m'3.43'[39m, [32m'0.00'[39m ]
data rcv RT:[ [32m'0.00'[39m, [32m'4.38'[39m, [32m'3.42'[39m, [32m'0.00'[39m ]
data rcv RT:[ [32m'0.00'[39m, [32m'4.34'[39m, [32m'3.41'[39m, [32m'0.00'[39m ]
data rcv RT:[ [32m'0.00'[39m, [32m'4.33'[39m, [32m'3.43'[39m, [32m'0.00'[39m ]
data rcv RT:[ [32m'0.00'[39m, [32m'4.31'[39m, [32m'3.41'[39m, [32m'0.00'[39m ]
data rcv RT:[ [32m'0.00'[39m, [32m'4.31'[39m, [32m'3.46'[39m, [32m'0.00'[39m ]
data rcv RT:[ [32m'0.00'[39m, [32m'4.29'[39m, [32m'3.43'[39m, [32m'0.00'[39m ]
data rcv RT:[ [32m'0.00'[39m, [32m'4.28'[39m, [32m'3.41'[39m, [32m'0.00'[39m ]
data rcv RT:[ [32m'0.00'[39m, [32m'4.26'[39m, [32m'3.42'[39m, [32m'0.00'[39m ]
data rcv RT:[ [32m'0.00'[39m, [32m'4.29'[39m, [32m'3.38'[39m, [32m'0.00'[39m ]
data rcv RT:[ [32m'0.00'[39m, [32m'4.28'[39m, [32m'3.39'[39m, [32m'0.00'[39m ]
data rcv RT:[ [32m'0.00'[39m, [32m'4.31'[39m, [32m'3.37'[39m, [32m'0.01'[39m ]
data rcv RT:[ [32m'0.00'[39m, [32m'4.33'[39m, [32m'3.38'[39m, [32m'0.02'[39m ]
data rcv RT:[ [32m'0.00'[39m, [32m'4.32'[39m, [32m'3.39'[39m, [32m'0.01'[39m ]
data rcv RT:[ [32m'0.00'[39m, [32m'4.39'[39m, [32m'3.39'[39m, [32m'0.00'[39m ]
data rcv RT:[ [32m'0.00'[39m, [32m'4.35'[39m, [32m'3.38'[39m, [32m'0.02'[39m ]
data rcv RT:[ [32m'0.00'[39m, [32m'4.37'[39m, [32m'3.40'[39m, [32m'0.00'[39m ]
data rcv RT:[ [32m'0.00'[39m, [32m'4.36'[39m, [32m'3.41'[39m, [32m'0.00'[39m ]
data rcv RT:[ [32m'0.00'[39m, [32m'4.33'[39m, [32m'3.44'[39m, [32m'0.00'[39m ]
data rcv RT:[ [32m'0.00'[39m, [32m'4.30'[39m, [32m'3.43'[39m, [32m'0.00'[39m ]
data rcv RT:[ [32m'0.00'[39m, [32m'4.29'[39m, [32m'3.41'[39m, [32m'0.00'[39m ]
data rcv RT:[ [32m'0.00'[39m, [32m'4.28'[39m, [32m'3.44'[39m, [32m'0.00'[39m ]
data rcv RT:[ [32m'0.00'[39m, [32m'4.28'[39m, [32m'3.40'[39m, [32m'0.00'[39m ]
data rcv RT:[ [32m'0.00'[39m, [32m'4.27'[39m, [32m'3.40'[39m, [32m'0.00'[39m ]
data rcv RT:[ [32m'0.00'[39m, [32m'4.30'[39m, [32m'3.36'[39m, [32m'0.00'[39m ]
data rcv RT:[ [32m'0.00'[39m, [32m'4.32'[39m, [32m'3.35'[39m, [32m'0.01'[39m ]
data rcv RT:[ [32m'0.00'[39m, [32m'4.35'[39m, [32m'3.38'[39m, [32m'0.05'[39m ]
data rcv RT:[ [32m'0.00'[39m, [32m'4.38'[39m, [32m'3.41'[39m, [32m'0.01'[39m ]
data rcv RT:[ [32m'0.00'[39m, [32m'4.35'[39m, [32m'3.42'[39m, [32m'0.00'[39m ]
data rcv RT:[ [32m'0.00'[39m, [32m'4.35'[39m, [32m'3.44'[39m, [32m'0.00'[39m ]
data rcv RT:[ [32m'0.00'[39m, [32m'4.31'[39m, [32m'3.44'[39m, [32m'0.00'[39m ]
data rcv RT:[ [32m'0.00'[39m, [32m'4.32'[39m, [32m'3.42'[39m, [32m'0.00'[39m ]
data rcv RT:[ [32m'0.00'[39m, [32m'4.32'[39m, [32m'3.41'[39m, [32m'0.00'[39m ]
data rcv RT:[ [32m'0.00'[39m, [32m'4.30'[39m, [32m'3.42'[39m, [32m'0.00'[39m ]
data rcv RT:[ [32m'0.00'[39m, [32m'4.30'[39m, [32m'3.42'[39m, [32m'0.00'[39m ]
data rcv RT:[ [32m'0.00'[39m, [32m'4.28'[39m, [32m'3.43'[39m, [32m'0.00'[39m ]
data rcv RT:[ [32m'0.00'[39m, [32m'4.26'[39m, [32m'3.36'[39m, [32m'0.00'[39m ]
data rcv RT:[ [32m'0.00'[39m, [32m'4.26'[39m, [32m'3.39'[39m, [32m'0.00'[39m ]
data rcv RT:[ [32m'0.00'[39m, [32m'4.30'[39m, [32m'3.40'[39m, [32m'0.00'[39m ]
data rcv RT:[ [32m'0.00'[39m, [32m'4.30'[39m, [32m'3.40'[39m, [32m'0.00'[39m ]
data rcv RT:[ [32m'0.00'[39m, [32m'4.33'[39m, [32m'3.40'[39m, [32m'0.00'[39m ]
data rcv RT:[ [32m'0.00'[39m, [32m'4.38'[39m, [32m'3.38'[39m, [32m'0.03'[39m ]
data rcv RT:[ [32m'0.00'[39m, [32m'4.39'[39m, [32m'3.42'[39m, [32m'0.00'[39m ]
data rcv RT:[ [32m'0.00'[39m, [32m'4.33'[39m, [32m'3.45'[39m, [32m'0.00'[39m ]
data rcv RT:[ [32m'0.00'[39m, [32m'4.31'[39m, [32m'3.41'[39m, [32m'0.00'[39m ]
data rcv RT:[ [32m'0.00'[39m, [32m'4.35'[39m, [32m'3.42'[39m, [32m'0.00'[39m ]
data rcv RT:[ [32m'0.00'[39m, [32m'4.32'[39m, [32m'3.46'[39m, [32m'0.00'[39m ]
data rcv RT:[ [32m'0.00'[39m, [32m'4.31'[39m, [32m'3.48'[39m, [32m'0.00'[39m ]
data rcv RT:[ [32m'0.00'[39m, [32m'4.23'[39m, [32m'3.41'[39m, [32m'0.00'[39m ]
data rcv RT:[ [32m'0.00'[39m, [32m'4.27'[39m, [32m'3.39'[39m, [32m'0.00'[39m ]
data rcv RT:[ [32m'0.00'[39m, [32m'4.28'[39m, [32m'3.38'[39m, [32m'0.00'[39m ]
data rcv RT:[ [32m'0.00'[39m, [32m'4.31'[39m, [32m'3.38'[39m, [32m'0.00'[39m ]
data rcv RT:[ [32m'0.00'[39m, [32m'4.35'[39m, [32m'3.38'[39m, [32m'0.01'[39m ]
data rcv RT:[ [32m'0.00'[39m, [32m'4.34'[39m, [32m'3.35'[39m, [32m'0.04'[39m ]
data rcv RT:[ [32m'0.00'[39m, [32m'4.35'[39m, [32m'3.43'[39m, [32m'0.00'[39m ]
data rcv RT:[ [32m'0.00'[39m, [32m'4.36'[39m, [32m'3.41'[39m, [32m'0.00'[39m ]
data rcv RT:[ [32m'0.00'[39m, [32m'4.33'[39m, [32m'3.42'[39m, [32m'0.00'[39m ]
data rcv RT:[ [32m'0.00'[39m, [32m'4.32'[39m, [32m'3.43'[39m, [32m'0.00'[39m ]
data rcv RT:[ [32m'0.00'[39m, [32m'4.30'[39m, [32m'3.42'[39m, [32m'0.00'[39m ]
data rcv RT:[ [32m'0.00'[39m, [32m'4.28'[39m, [32m'3.39'[39m, [32m'0.00'[39m ]
data rcv RT:[ [32m'0.00'[39m, [32m'4.29'[39m, [32m'3.42'[39m, [32m'0.00'[39m ]
data rcv RT:[ [32m'0.00'[39m, [32m'4.28'[39m, [32m'3.44'[39m, [32m'0.00'[39m ]
data rcv RT:[ [32m'0.00'[39m, [32m'4.25'[39m, [32m'3.39'[39m, [32m'0.00'[39m ]
data rcv RT:[ [32m'0.00'[39m, [32m'4.28'[39m, [32m'3.36'[39m, [32m'0.00'[39m ]
data rcv RT:[ [32m'0.00'[39m, [32m'4.32'[39m, [32m'3.40'[39m, [32m'0.02'[39m ]
data rcv RT:[ [32m'0.00'[39m, [32m'4.34'[39m, [32m'3.38'[39m, [32m'0.00'[39m ]
data rcv RT:[ [32m'0.00'[39m, [32m'4.34'[39m, [32m'3.39'[39m, [32m'0.04'[39m ]
data rcv RT:[ [32m'0.00'[39m, [32m'4.34'[39m, [32m'3.38'[39m, [32m'0.01'[39m ]
data rcv RT:[ [32m'0.00'[39m, [32m'4.39'[39m, [32m'3.41'[39m, [32m'0.00'[39m ]
data rcv RT:[ [32m'0.00'[39m, [32m'4.34'[39m, [32m'3.44'[39m, [32m'0.00'[39m ]
data rcv RT:[ [32m'0.00'[39m, [32m'4.36'[39m, [32m'3.42'[39m, [32m'0.00'[39m ]
data rcv RT:[ [32m'0.00'[39m, [32m'4.31'[39m, [32m'3.43'[39m, [32m'0.00'[39m ]
data rcv RT:[ [32m'0.00'[39m, [32m'4.29'[39m, [32m'3.42'[39m, [32m'0.00'[39m ]
data rcv RT:[ [32m'0.00'[39m, [32m'4.26'[39m, [32m'3.43'[39m, [32m'0.00'[39m ]
data rcv RT:[ [32m'0.00'[39m, [32m'4.25'[39m, [32m'3.38'[39m, [32m'0.00'[39m ]
data rcv RT:[ [32m'0.00'[39m, [32m'4.26'[39m, [32m'3.39'[39m, [32m'0.00'[39m ]
data rcv RT:[ [32m'0.00'[39m, [32m'4.30'[39m, [32m'3.38'[39m, [32m'0.01'[39m ]
data rcv RT:[ [32m'0.00'[39m, [32m'4.32'[39m, [32m'3.36'[39m, [32m'0.00'[39m ]
data rcv RT:[ [32m'0.00'[39m, [32m'4.32'[39m, [32m'3.40'[39m, [32m'0.02'[39m ]
data rcv RT:[ [32m'0.00'[39m, [32m'4.34'[39m, [32m'3.37'[39m, [32m'0.00'[39m ]
data rcv RT:[ [32m'0.00'[39m, [32m'4.38'[39m, [32m'3.36'[39m, [32m'0.05'[39m ]
data rcv RT:[ [32m'0.00'[39m, [32m'4.41'[39m, [32m'3.43'[39m, [32m'0.00'[39m ]
data rcv RT:[ [32m'0.00'[39m, [32m'4.34'[39m, [32m'3.41'[39m, [32m'0.00'[39m ]
data rcv RT:[ [32m'0.00'[39m, [32m'4.37'[39m, [32m'3.39'[39m, [32m'0.00'[39m ]
data rcv RT:[ [32m'0.00'[39m, [32m'4.33'[39m, [32m'3.42'[39m, [32m'0.00'[39m ]
data rcv RT:[ [32m'0.00'[39m, [32m'4.30'[39m, [32m'3.43'[39m, [32m'0.00'[39m ]
data rcv RT:[ [32m'0.00'[39m, [32m'4.32'[39m, [32m'3.40'[39m, [32m'0.00'[39m ]
data rcv RT:[ [32m'0.00'[39m, [32m'4.33'[39m, [32m'3.41'[39m, [32m'0.00'[39m ]
data rcv RT:[ [32m'0.00'[39m, [32m'4.29'[39m, [32m'3.38'[39m, [32m'0.00'[39m ]
data rcv RT:[ [32m'0.00'[39m, [32m'4.30'[39m, [32m'3.39'[39m, [32m'0.00'[39m ]
data rcv RT:[ [32m'0.00'[39m, [32m'4.33'[39m, [32m'3.39'[39m, [32m'0.00'[39m ]
data rcv RT:[ [32m'0.00'[39m, [32m'4.30'[39m, [32m'3.37'[39m, [32m'0.02'[39m ]
data rcv RT:[ [32m'0.00'[39m, [32m'4.37'[39m, [32m'3.40'[39m, [32m'0.01'[39m ]
data rcv RT:[ [32m'0.00'[39m, [32m'4.36'[39m, [32m'3.40'[39m, [32m'0.00'[39m ]
data rcv RT:[ [32m'0.00'[39m, [32m'4.37'[39m, [32m'3.42'[39m, [32m'0.00'[39m ]
data rcv RT:[ [32m'0.00'[39m, [32m'4.38'[39m, [32m'3.39'[39m, [32m'0.00'[39m ]
data rcv RT:[ [32m'0.00'[39m, [32m'4.36'[39m, [32m'3.43'[39m, [32m'0.00'[39m ]
data rcv RT:[ [32m'0.00'[39m, [32m'4.32'[39m, [32m'3.43'[39m, [32m'0.00'[39m ]
data rcv RT:[ [32m'0.00'[39m, [32m'4.28'[39m, [32m'3.45'[39m, [32m'0.00'[39m ]
data rcv RT:[ [32m'0.00'[39m, [32m'4.27'[39m, [32m'3.44'[39m, [32m'0.00'[39m ]
data rcv RT:[ [32m'0.00'[39m, [32m'4.27'[39m, [32m'3.43'[39m, [32m'0.00'[39m ]
data rcv RT:[ [32m'0.00'[39m, [32m'4.26'[39m, [32m'3.37'[39m, [32m'0.00'[39m ]
data rcv RT:[ [32m'0.00'[39m, [32m'4.28'[39m, [32m'3.37'[39m, [32m'0.00'[39m ]
data rcv RT:[ [32m'0.00'[39m, [32m'4.29'[39m, [32m'3.38'[39m, [32m'0.00'[39m ]
data rcv RT:[ [32m'0.00'[39m, [32m'4.27'[39m, [32m'3.40'[39m, [32m'0.00'[39m ]
data rcv RT:[ [32m'0.00'[39m, [32m'4.31'[39m, [32m'3.37'[39m, [32m'0.00'[39m ]
data rcv RT:[ [32m'0.00'[39m, [32m'4.30'[39m, [32m'3.33'[39m, [32m'0.06'[39m ]
data rcv RT:[ [32m'0.00'[39m, [32m'4.36'[39m, [32m'3.38'[39m, [32m'0.02'[39m ]
data rcv RT:[ [32m'0.00'[39m, [32m'4.37'[39m, [32m'3.41'[39m, [32m'0.00'[39m ]
data rcv RT:[ [32m'0.00'[39m, [32m'4.34'[39m, [32m'3.44'[39m, [32m'0.00'[39m ]
data rcv RT:[ [32m'0.00'[39m, [32m'4.36'[39m, [32m'3.42'[39m, [32m'0.00'[39m ]
data rcv RT:[ [32m'0.00'[39m, [32m'4.31'[39m, [32m'3.44'[39m, [32m'0.00'[39m ]
data rcv RT:[ [32m'0.00'[39m, [32m'4.31'[39m, [32m'3.42'[39m, [32m'0.00'[39m ]
data rcv RT:[ [32m'0.00'[39m, [32m'4.25'[39m, [32m'3.41'[39m, [32m'0.00'[39m ]
data rcv RT:[ [32m'0.00'[39m, [32m'4.24'[39m, [32m'3.40'[39m, [32m'0.00'[39m ]
data rcv RT:[ [32m'0.00'[39m, [32m'4.26'[39m, [32m'3.42'[39m, [32m'0.00'[39m ]
data rcv RT:[ [32m'0.00'[39m, [32m'4.31'[39m, [32m'3.37'[39m, [32m'0.01'[39m ]
data rcv RT:[ [32m'0.00'[39m, [32m'4.32'[39m, [32m'3.39'[39m, [32m'0.00'[39m ]
data rcv RT:[ [32m'0.00'[39m, [32m'4.35'[39m, [32m'3.40'[39m, [32m'0.01'[39m ]
data rcv RT:[ [32m'0.00'[39m, [32m'4.36'[39m, [32m'3.45'[39m, [32m'0.00'[39m ]
data rcv RT:[ [32m'0.00'[39m, [32m'4.34'[39m, [32m'3.42'[39m, [32m'0.00'[39m ]
data rcv RT:[ [32m'0.00'[39m, [32m'4.34'[39m, [32m'3.43'[39m, [32m'0.00'[39m ]
data rcv RT:[ [32m'0.00'[39m, [32m'4.30'[39m, [32m'3.42'[39m, [32m'0.00'[39m ]
data rcv RT:[ [32m'0.00'[39m, [32m'4.32'[39m, [32m'3.42'[39m, [32m'0.00'[39m ]
data rcv RT:[ [32m'0.00'[39m, [32m'4.28'[39m, [32m'3.40'[39m, [32m'0.00'[39m ]
data rcv RT:[ [32m'0.00'[39m, [32m'4.28'[39m, [32m'3.39'[39m, [32m'0.00'[39m ]
data rcv RT:[ [32m'0.00'[39m, [32m'4.27'[39m, [32m'3.37'[39m, [32m'0.00'[39m ]
data rcv RT:[ [32m'0.00'[39m, [32m'4.31'[39m, [32m'3.36'[39m, [32m'0.00'[39m ]
data rcv RT:[ [32m'0.00'[39m, [32m'4.33'[39m, [32m'3.39'[39m, [32m'0.01'[39m ]
data rcv RT:[ [32m'0.00'[39m, [32m'4.33'[39m, [32m'3.39'[39m, [32m'0.01'[39m ]
data rcv RT:[ [32m'0.00'[39m, [32m'4.37'[39m, [32m'3.38'[39m, [32m'0.02'[39m ]
data rcv RT:[ [32m'0.00'[39m, [32m'4.38'[39m, [32m'3.39'[39m, [32m'0.02'[39m ]
data rcv RT:[ [32m'0.00'[39m, [32m'4.36'[39m, [32m'3.44'[39m, [32m'0.00'[39m ]
data rcv RT:[ [32m'0.00'[39m, [32m'4.35'[39m, [32m'3.42'[39m, [32m'0.00'[39m ]
data rcv RT:[ [32m'0.00'[39m, [32m'4.31'[39m, [32m'3.45'[39m, [32m'0.00'[39m ]
data rcv RT:[ [32m'0.00'[39m, [32m'4.31'[39m, [32m'3.46'[39m, [32m'0.00'[39m ]
data rcv RT:[ [32m'0.00'[39m, [32m'4.27'[39m, [32m'3.40'[39m, [32m'0.00'[39m ]
data rcv RT:[ [32m'0.00'[39m, [32m'4.25'[39m, [32m'3.40'[39m, [32m'0.00'[39m ]
data rcv RT:[ [32m'0.00'[39m, [32m'4.27'[39m, [32m'3.37'[39m, [32m'0.00'[39m ]
data rcv RT:[ [32m'0.00'[39m, [32m'4.29'[39m, [32m'3.39'[39m, [32m'0.00'[39m ]
data rcv RT:[ [32m'0.00'[39m, [32m'4.34'[39m, [32m'3.39'[39m, [32m'0.01'[39m ]
data rcv RT:[ [32m'0.00'[39m, [32m'4.39'[39m, [32m'3.41'[39m, [32m'0.00'[39m ]
data rcv RT:[ [32m'0.00'[39m, [32m'4.36'[39m, [32m'3.43'[39m, [32m'0.01'[39m ]
data rcv RT:[ [32m'0.00'[39m, [32m'4.33'[39m, [32m'3.42'[39m, [32m'0.00'[39m ]
data rcv RT:[ [32m'0.00'[39m, [32m'4.31'[39m, [32m'3.43'[39m, [32m'0.00'[39m ]
data rcv RT:[ [32m'0.00'[39m, [32m'4.32'[39m, [32m'3.42'[39m, [32m'0.00'[39m ]
data rcv RT:[ [32m'0.00'[39m, [32m'4.31'[39m, [32m'3.42'[39m, [32m'0.00'[39m ]
data rcv RT:[ [32m'0.00'[39m, [32m'4.27'[39m, [32m'3.40'[39m, [32m'0.00'[39m ]
data rcv RT:[ [32m'0.00'[39m, [32m'4.28'[39m, [32m'3.37'[39m, [32m'0.00'[39m ]
data rcv RT:[ [32m'0.00'[39m, [32m'4.27'[39m, [32m'3.37'[39m, [32m'0.00'[39m ]
data rcv RT:[ [32m'0.00'[39m, [32m'4.30'[39m, [32m'3.39'[39m, [32m'0.00'[39m ]
data rcv RT:[ [32m'0.00'[39m, [32m'4.32'[39m, [32m'3.36'[39m, [32m'0.00'[39m ]
data rcv RT:[ [32m'0.00'[39m, [32m'4.33'[39m, [32m'3.37'[39m, [32m'0.03'[39m ]
data rcv RT:[ [32m'0.00'[39m, [32m'4.36'[39m, [32m'3.38'[39m, [32m'0.04'[39m ]
data rcv RT:[ [32m'0.00'[39m, [32m'4.36'[39m, [32m'3.42'[39m, [32m'0.00'[39m ]
data rcv RT:[ [32m'0.00'[39m, [32m'4.36'[39m, [32m'3.40'[39m, [32m'0.00'[39m ]
data rcv RT:[ [32m'0.00'[39m, [32m'4.35'[39m, [32m'3.42'[39m, [32m'0.00'[39m ]
data rcv RT:[ [32m'0.00'[39m, [32m'4.35'[39m, [32m'3.41'[39m, [32m'0.00'[39m ]
data rcv RT:[ [32m'0.00'[39m, [32m'4.32'[39m, [32m'3.42'[39m, [32m'0.00'[39m ]
data rcv RT:[ [32m'0.00'[39m, [32m'4.30'[39m, [32m'3.44'[39m, [32m'0.00'[39m ]
data rcv RT:[ [32m'0.00'[39m, [32m'4.28'[39m, [32m'3.40'[39m, [32m'0.00'[39m ]
data rcv RT:[ [32m'0.00'[39m, [32m'4.29'[39m, [32m'3.40'[39m, [32m'0.00'[39m ]
data rcv RT:[ [32m'0.00'[39m, [32m'4.24'[39m, [32m'3.44'[39m, [32m'0.00'[39m ]
data rcv RT:[ [32m'0.00'[39m, [32m'4.27'[39m, [32m'3.36'[39m, [32m'0.00'[39m ]
data rcv RT:[ [32m'0.00'[39m, [32m'4.29'[39m, [32m'3.36'[39m, [32m'0.00'[39m ]
data rcv RT:[ [32m'0.00'[39m, [32m'4.32'[39m, [32m'3.37'[39m, [32m'0.00'[39m ]
data rcv RT:[ [32m'0.00'[39m, [32m'4.32'[39m, [32m'3.39'[39m, [32m'0.01'[39m ]
data rcv RT:[ [32m'0.00'[39m, [32m'4.33'[39m, [32m'3.35'[39m, [32m'0.05'[39m ]
data rcv RT:[ [32m'0.00'[39m, [32m'4.36'[39m, [32m'3.43'[39m, [32m'0.00'[39m ]
data rcv RT:[ [32m'0.00'[39m, [32m'4.32'[39m, [32m'3.44'[39m, [32m'0.00'[39m ]
data rcv RT:[ [32m'0.00'[39m, [32m'4.30'[39m, [32m'3.42'[39m, [32m'0.00'[39m ]
data rcv RT:[ [32m'0.00'[39m, [32m'4.30'[39m, [32m'3.44'[39m, [32m'0.00'[39m ]
data rcv RT:[ [32m'0.00'[39m, [32m'4.25'[39m, [32m'3.43'[39m, [32m'0.00'[39m ]
data rcv RT:[ [32m'0.00'[39m, [32m'4.26'[39m, [32m'3.39'[39m, [32m'0.00'[39m ]
data rcv RT:[ [32m'0.00'[39m, [32m'4.29'[39m, [32m'3.37'[39m, [32m'0.00'[39m ]
data rcv RT:[ [32m'0.00'[39m, [32m'4.27'[39m, [32m'3.40'[39m, [32m'0.00'[39m ]
data rcv RT:[ [32m'0.00'[39m, [32m'4.32'[39m, [32m'3.38'[39m, [32m'0.01'[39m ]
data rcv RT:[ [32m'0.00'[39m, [32m'4.34'[39m, [32m'3.38'[39m, [32m'0.04'[39m ]
data rcv RT:[ [32m'0.00'[39m, [32m'4.35'[39m, [32m'3.38'[39m, [32m'0.00'[39m ]
data rcv RT:[ [32m'0.00'[39m, [32m'4.38'[39m, [32m'3.40'[39m, [32m'0.02'[39m ]
data rcv RT:[ [32m'0.00'[39m, [32m'4.37'[39m, [32m'3.40'[39m, [32m'0.00'[39m ]
data rcv RT:[ [32m'0.00'[39m, [32m'4.34'[39m, [32m'3.44'[39m, [32m'0.00'[39m ]
data rcv RT:[ [32m'0.00'[39m, [32m'4.36'[39m, [32m'3.45'[39m, [32m'0.00'[39m ]
data rcv RT:[ [32m'0.00'[39m, [32m'4.33'[39m, [32m'3.41'[39m, [32m'0.00'[39m ]
data rcv RT:[ [32m'0.00'[39m, [32m'4.33'[39m, [32m'3.44'[39m, [32m'0.00'[39m ]
data rcv RT:[ [32m'0.00'[39m, [32m'4.29'[39m, [32m'3.43'[39m, [32m'0.00'[39m ]
data rcv RT:[ [32m'0.00'[39m, [32m'4.29'[39m, [32m'3.43'[39m, [32m'0.00'[39m ]
data rcv RT:[ [32m'0.00'[39m, [32m'4.26'[39m, [32m'3.37'[39m, [32m'0.00'[39m ]
data rcv RT:[ [32m'0.00'[39m, [32m'4.33'[39m, [32m'3.37'[39m, [32m'0.00'[39m ]
data rcv RT:[ [32m'0.00'[39m, [32m'4.37'[39m, [32m'3.43'[39m, [32m'0.00'[39m ]
data rcv RT:[ [32m'0.00'[39m, [32m'4.37'[39m, [32m'3.40'[39m, [32m'0.03'[39m ]
data rcv RT:[ [32m'0.00'[39m, [32m'4.39'[39m, [32m'3.42'[39m, [32m'0.00'[39m ]
data rcv RT:[ [32m'0.00'[39m, [32m'4.35'[39m, [32m'3.40'[39m, [32m'0.00'[39m ]
data rcv RT:[ [32m'0.00'[39m, [32m'4.30'[39m, [32m'3.44'[39m, [32m'0.00'[39m ]
data rcv RT:[ [32m'0.00'[39m, [32m'4.30'[39m, [32m'3.42'[39m, [32m'0.00'[39m ]
data rcv RT:[ [32m'0.00'[39m, [32m'4.28'[39m, [32m'3.40'[39m, [32m'0.00'[39m ]
data rcv RT:[ [32m'0.00'[39m, [32m'4.27'[39m, [32m'3.39'[39m, [32m'0.00'[39m ]
data rcv RT:[ [32m'0.00'[39m, [32m'4.28'[39m, [32m'3.39'[39m, [32m'0.00'[39m ]
data rcv RT:[ [32m'0.00'[39m, [32m'4.32'[39m, [32m'3.36'[39m, [32m'0.00'[39m ]
data rcv RT:[ [32m'0.00'[39m, [32m'4.33'[39m, [32m'3.37'[39m, [32m'0.02'[39m ]
data rcv RT:[ [32m'0.00'[39m, [32m'4.33'[39m, [32m'3.34'[39m, [32m'0.06'[39m ]
data rcv RT:[ [32m'0.00'[39m, [32m'4.36'[39m, [32m'3.39'[39m, [32m'0.00'[39m ]
data rcv RT:[ [32m'0.00'[39m, [32m'4.34'[39m, [32m'3.43'[39m, [32m'0.00'[39m ]
data rcv RT:[ [32m'0.00'[39m, [32m'4.31'[39m, [32m'3.45'[39m, [32m'0.00'[39m ]
data rcv RT:[ [32m'0.00'[39m, [32m'4.31'[39m, [32m'3.45'[39m, [32m'0.00'[39m ]
data rcv RT:[ [32m'0.00'[39m, [32m'4.30'[39m, [32m'3.44'[39m, [32m'0.00'[39m ]
data rcv RT:[ [32m'0.00'[39m, [32m'4.29'[39m, [32m'3.44'[39m, [32m'0.00'[39m ]
data rcv RT:[ [32m'0.00'[39m, [32m'4.27'[39m, [32m'3.39'[39m, [32m'0.00'[39m ]
data rcv RT:[ [32m'0.00'[39m, [32m'4.29'[39m, [32m'3.38'[39m, [32m'0.00'[39m ]
data rcv RT:[ [32m'0.00'[39m, [32m'4.28'[39m, [32m'3.39'[39m, [32m'0.00'[39m ]
data rcv RT:[ [32m'0.00'[39m, [32m'4.33'[39m, [32m'3.39'[39m, [32m'0.01'[39m ]
data rcv RT:[ [32m'0.00'[39m, [32m'4.32'[39m, [32m'3.36'[39m, [32m'0.02'[39m ]
data rcv RT:[ [32m'0.00'[39m, [32m'4.38'[39m, [32m'3.40'[39m, [32m'0.03'[39m ]
data rcv RT:[ [32m'0.00'[39m, [32m'4.36'[39m, [32m'3.43'[39m, [32m'0.00'[39m ]
data rcv RT:[ [32m'0.00'[39m, [32m'4.39'[39m, [32m'3.42'[39m, [32m'0.00'[39m ]
data rcv RT:[ [32m'0.00'[39m, [32m'4.33'[39m, [32m'3.42'[39m, [32m'0.00'[39m ]
data rcv RT:[ [32m'0.00'[39m, [32m'4.32'[39m, [32m'3.43'[39m, [32m'0.00'[39m ]
data rcv RT:[ [32m'0.00'[39m, [32m'4.33'[39m, [32m'3.42'[39m, [32m'0.00'[39m ]
data rcv RT:[ [32m'0.00'[39m, [32m'4.32'[39m, [32m'3.45'[39m, [32m'0.00'[39m ]
data rcv RT:[ [32m'0.00'[39m, [32m'4.31'[39m, [32m'3.41'[39m, [32m'0.00'[39m ]
data rcv RT:[ [32m'0.00'[39m, [32m'4.26'[39m, [32m'3.40'[39m, [32m'0.00'[39m ]
data rcv RT:[ [32m'0.00'[39m, [32m'4.26'[39m, [32m'3.40'[39m, [32m'0.00'[39m ]
data rcv RT:[ [32m'0.00'[39m, [32m'4.29'[39m, [32m'3.36'[39m, [32m'0.00'[39m ]
data rcv RT:[ [32m'0.00'[39m, [32m'4.34'[39m, [32m'3.40'[39m, [32m'0.00'[39m ]
data rcv RT:[ [32m'0.00'[39m, [32m'4.35'[39m, [32m'3.38'[39m, [32m'0.02'[39m ]
data rcv RT:[ [32m'0.00'[39m, [32m'4.38'[39m, [32m'3.40'[39m, [32m'0.01'[39m ]
data rcv RT:[ [32m'0.00'[39m, [32m'4.39'[39m, [32m'3.42'[39m, [32m'0.00'[39m ]
data rcv RT:[ [32m'0.00'[39m, [32m'4.36'[39m, [32m'3.41'[39m, [32m'0.00'[39m ]
data rcv RT:[ [32m'0.00'[39m, [32m'4.31'[39m, [32m'3.43'[39m, [32m'0.00'[39m ]
data rcv RT:[ [32m'0.00'[39m, [32m'4.30'[39m, [32m'3.43'[39m, [32m'0.00'[39m ]
data rcv RT:[ [32m'0.00'[39m, [32m'4.25'[39m, [32m'3.38'[39m, [32m'0.00'[39m ]
data rcv RT:[ [32m'0.00'[39m, [32m'4.27'[39m, [32m'3.42'[39m, [32m'0.00'[39m ]
data rcv RT:[ [32m'0.00'[39m, [32m'4.27'[39m, [32m'3.37'[39m, [32m'0.00'[39m ]
data rcv RT:[ [32m'0.00'[39m, [32m'4.32'[39m, [32m'3.37'[39m, [32m'0.01'[39m ]
data rcv RT:[ [32m'0.00'[39m, [32m'4.30'[39m, [32m'3.36'[39m, [32m'0.00'[39m ]
data rcv RT:[ [32m'0.00'[39m, [32m'4.34'[39m, [32m'3.40'[39m, [32m'0.00'[39m ]
data rcv RT:[ [32m'0.00'[39m, [32m'4.34'[39m, [32m'3.34'[39m, [32m'0.07'[39m ]
data rcv RT:[ [32m'0.00'[39m, [32m'4.36'[39m, [32m'3.36'[39m, [32m'0.05'[39m ]
data rcv RT:[ [32m'0.00'[39m, [32m'4.38'[39m, [32m'3.40'[39m, [32m'0.00'[39m ]
data rcv RT:[ [32m'0.00'[39m, [32m'4.35'[39m, [32m'3.44'[39m, [32m'0.00'[39m ]
data rcv RT:[ [32m'0.00'[39m, [32m'4.32'[39m, [32m'3.42'[39m, [32m'0.00'[39m ]
data rcv RT:[ [32m'0.00'[39m, [32m'4.29'[39m, [32m'3.42'[39m, [32m'0.00'[39m ]
data rcv RT:[ [32m'0.00'[39m, [32m'4.28'[39m, [32m'3.41'[39m, [32m'0.00'[39m ]
data rcv RT:[ [32m'0.00'[39m, [32m'4.25'[39m, [32m'3.41'[39m, [32m'0.00'[39m ]
data rcv RT:[ [32m'0.00'[39m, [32m'4.28'[39m, [32m'3.42'[39m, [32m'0.00'[39m ]
data rcv RT:[ [32m'0.00'[39m, [32m'4.26'[39m, [32m'3.38'[39m, [32m'0.00'[39m ]
data rcv RT:[ [32m'0.00'[39m, [32m'4.31'[39m, [32m'3.40'[39m, [32m'0.00'[39m ]
data rcv RT:[ [32m'0.00'[39m, [32m'4.32'[39m, [32m'3.37'[39m, [32m'0.00'[39m ]
data rcv RT:[ [32m'0.00'[39m, [32m'4.34'[39m, [32m'3.38'[39m, [32m'0.03'[39m ]
data rcv RT:[ [32m'0.00'[39m, [32m'4.36'[39m, [32m'3.40'[39m, [32m'0.03'[39m ]
data rcv RT:[ [32m'0.00'[39m, [32m'4.36'[39m, [32m'3.42'[39m, [32m'0.00'[39m ]
data rcv RT:[ [32m'0.00'[39m, [32m'4.36'[39m, [32m'3.41'[39m, [32m'0.00'[39m ]
data rcv RT:[ [32m'0.00'[39m, [32m'4.35'[39m, [32m'3.43'[39m, [32m'0.00'[39m ]
data rcv RT:[ [32m'0.00'[39m, [32m'4.30'[39m, [32m'3.44'[39m, [32m'0.00'[39m ]
data rcv RT:[ [32m'0.00'[39m, [32m'4.31'[39m, [32m'3.43'[39m, [32m'0.00'[39m ]
data rcv RT:[ [32m'0.00'[39m, [32m'4.25'[39m, [32m'3.38'[39m, [32m'0.00'[39m ]
data rcv RT:[ [32m'0.00'[39m, [32m'4.25'[39m, [32m'3.38'[39m, [32m'0.00'[39m ]
data rcv RT:[ [32m'0.00'[39m, [32m'4.27'[39m, [32m'3.38'[39m, [32m'0.00'[39m ]
data rcv RT:[ [32m'0.00'[39m, [32m'4.29'[39m, [32m'3.38'[39m, [32m'0.00'[39m ]
data rcv RT:[ [32m'0.00'[39m, [32m'4.29'[39m, [32m'3.39'[39m, [32m'0.00'[39m ]
data rcv RT:[ [32m'0.00'[39m, [32m'4.33'[39m, [32m'3.39'[39m, [32m'0.02'[39m ]
data rcv RT:[ [32m'0.00'[39m, [32m'4.36'[39m, [32m'3.40'[39m, [32m'0.03'[39m ]
data rcv RT:[ [32m'0.00'[39m, [32m'4.38'[39m, [32m'3.38'[39m, [32m'0.00'[39m ]
data rcv RT:[ [32m'0.00'[39m, [32m'4.35'[39m, [32m'3.39'[39m, [32m'0.00'[39m ]
data rcv RT:[ [32m'0.00'[39m, [32m'4.35'[39m, [32m'3.41'[39m, [32m'0.00'[39m ]
data rcv RT:[ [32m'0.00'[39m, [32m'4.35'[39m, [32m'3.45'[39m, [32m'0.00'[39m ]
data rcv RT:[ [32m'0.00'[39m, [32m'4.36'[39m, [32m'3.40'[39m, [32m'0.00'[39m ]
data rcv RT:[ [32m'0.00'[39m, [32m'4.29'[39m, [32m'3.43'[39m, [32m'0.00'[39m ]
data rcv RT:[ [32m'0.00'[39m, [32m'4.27'[39m, [32m'3.42'[39m, [32m'0.00'[39m ]
data rcv RT:[ [32m'0.00'[39m, [32m'4.26'[39m, [32m'3.42'[39m, [32m'0.00'[39m ]
data rcv RT:[ [32m'0.00'[39m, [32m'4.27'[39m, [32m'3.40'[39m, [32m'0.00'[39m ]
data rcv RT:[ [32m'0.00'[39m, [32m'4.28'[39m, [32m'3.38'[39m, [32m'0.00'[39m ]
data rcv RT:[ [32m'0.00'[39m, [32m'4.28'[39m, [32m'3.38'[39m, [32m'0.00'[39m ]
data rcv RT:[ [32m'0.00'[39m, [32m'4.30'[39m, [32m'3.38'[39m, [32m'0.00'[39m ]
data rcv RT:[ [32m'0.00'[39m, [32m'4.33'[39m, [32m'3.39'[39m, [32m'0.00'[39m ]
data rcv RT:[ [32m'0.00'[39m, [32m'4.37'[39m, [32m'3.39'[39m, [32m'0.00'[39m ]
data rcv RT:[ [32m'0.00'[39m, [32m'4.34'[39m, [32m'3.42'[39m, [32m'0.00'[39m ]
data rcv RT:[ [32m'0.00'[39m, [32m'4.34'[39m, [32m'3.43'[39m, [32m'0.00'[39m ]
data rcv RT:[ [32m'0.00'[39m, [32m'4.37'[39m, [32m'3.43'[39m, [32m'0.00'[39m ]
data rcv RT:[ [32m'0.00'[39m, [32m'4.32'[39m, [32m'3.43'[39m, [32m'0.00'[39m ]
data rcv RT:[ [32m'0.00'[39m, [32m'4.28'[39m, [32m'3.42'[39m, [32m'0.00'[39m ]
data rcv RT:[ [32m'0.00'[39m, [32m'4.29'[39m, [32m'3.42'[39m, [32m'0.00'[39m ]
data rcv RT:[ [32m'0.00'[39m, [32m'4.26'[39m, [32m'3.39'[39m, [32m'0.00'[39m ]
data rcv RT:[ [32m'0.00'[39m, [32m'4.26'[39m, [32m'3.39'[39m, [32m'0.00'[39m ]
data rcv RT:[ [32m'0.00'[39m, [32m'4.27'[39m, [32m'3.36'[39m, [32m'0.00'[39m ]
data rcv RT:[ [32m'0.00'[39m, [32m'4.32'[39m, [32m'3.38'[39m, [32m'0.01'[39m ]
data rcv RT:[ [32m'0.00'[39m, [32m'4.33'[39m, [32m'3.37'[39m, [32m'0.01'[39m ]
data rcv RT:[ [32m'0.00'[39m, [32m'4.39'[39m, [32m'3.42'[39m, [32m'0.01'[39m ]
data rcv RT:[ [32m'0.00'[39m, [32m'4.34'[39m, [32m'3.42'[39m, [32m'0.00'[39m ]
data rcv RT:[ [32m'0.00'[39m, [32m'4.33'[39m, [32m'3.43'[39m, [32m'0.00'[39m ]
data rcv RT:[ [32m'0.00'[39m, [32m'4.33'[39m, [32m'3.42'[39m, [32m'0.00'[39m ]
data rcv RT:[ [32m'0.00'[39m, [32m'4.31'[39m, [32m'3.44'[39m, [32m'0.00'[39m ]
data rcv RT:[ [32m'0.00'[39m, [32m'4.29'[39m, [32m'3.46'[39m, [32m'0.00'[39m ]
data rcv RT:[ [32m'0.00'[39m, [32m'4.30'[39m, [32m'3.42'[39m, [32m'0.00'[39m ]
data rcv RT:[ [32m'0.00'[39m, [32m'4.26'[39m, [32m'3.40'[39m, [32m'0.00'[39m ]
data rcv RT:[ [32m'0.00'[39m, [32m'4.30'[39m, [32m'3.37'[39m, [32m'0.00'[39m ]
data rcv RT:[ [32m'0.00'[39m, [32m'4.27'[39m, [32m'3.40'[39m, [32m'0.00'[39m ]
data rcv RT:[ [32m'0.00'[39m, [32m'4.34'[39m, [32m'3.37'[39m, [32m'0.03'[39m ]
data rcv RT:[ [32m'0.00'[39m, [32m'4.32'[39m, [32m'3.39'[39m, [32m'0.00'[39m ]
data rcv RT:[ [32m'0.00'[39m, [32m'4.35'[39m, [32m'3.37'[39m, [32m'0.01'[39m ]
data rcv RT:[ [32m'0.00'[39m, [32m'4.35'[39m, [32m'3.37'[39m, [32m'0.04'[39m ]
data rcv RT:[ [32m'0.00'[39m, [32m'4.37'[39m, [32m'3.44'[39m, [32m'0.00'[39m ]
data rcv RT:[ [32m'0.00'[39m, [32m'4.33'[39m, [32m'3.45'[39m, [32m'0.00'[39m ]
data rcv RT:[ [32m'0.00'[39m, [32m'4.35'[39m, [32m'3.42'[39m, [32m'0.00'[39m ]
data rcv RT:[ [32m'0.00'[39m, [32m'4.33'[39m, [32m'3.42'[39m, [32m'0.00'[39m ]
data rcv RT:[ [32m'0.00'[39m, [32m'4.31'[39m, [32m'3.43'[39m, [32m'0.00'[39m ]
data rcv RT:[ [32m'0.00'[39m, [32m'4.26'[39m, [32m'3.41'[39m, [32m'0.00'[39m ]
data rcv RT:[ [32m'0.00'[39m, [32m'4.31'[39m, [32m'3.38'[39m, [32m'0.00'[39m ]
data rcv RT:[ [32m'0.00'[39m, [32m'4.29'[39m, [32m'3.37'[39m, [32m'0.00'[39m ]
data rcv RT:[ [32m'0.00'[39m, [32m'4.33'[39m, [32m'3.35'[39m, [32m'0.05'[39m ]
data rcv RT:[ [32m'0.00'[39m, [32m'4.32'[39m, [32m'3.39'[39m, [32m'0.04'[39m ]
data rcv RT:[ [32m'0.00'[39m, [32m'4.37'[39m, [32m'3.40'[39m, [32m'0.00'[39m ]
data rcv RT:[ [32m'0.00'[39m, [32m'4.37'[39m, [32m'3.36'[39m, [32m'0.05'[39m ]
data rcv RT:[ [32m'0.00'[39m, [32m'4.39'[39m, [32m'3.44'[39m, [32m'0.00'[39m ]
data rcv RT:[ [32m'0.00'[39m, [32m'4.31'[39m, [32m'3.43'[39m, [32m'0.00'[39m ]
data rcv RT:[ [32m'0.00'[39m, [32m'4.31'[39m, [32m'3.43'[39m, [32m'0.00'[39m ]
data rcv RT:[ [32m'0.00'[39m, [32m'4.30'[39m, [32m'3.43'[39m, [32m'0.00'[39m ]
data rcv RT:[ [32m'0.00'[39m, [32m'4.29'[39m, [32m'3.49'[39m, [32m'0.00'[39m ]
data rcv RT:[ [32m'0.00'[39m, [32m'4.26'[39m, [32m'3.42'[39m, [32m'0.00'[39m ]
data rcv RT:[ [32m'0.00'[39m, [32m'4.28'[39m, [32m'3.40'[39m, [32m'0.00'[39m ]
data rcv RT:[ [32m'0.00'[39m, [32m'4.29'[39m, [32m'3.38'[39m, [32m'0.00'[39m ]
data rcv RT:[ [32m'0.00'[39m, [32m'4.32'[39m, [32m'3.36'[39m, [32m'0.00'[39m ]
data rcv RT:[ [32m'0.00'[39m, [32m'4.35'[39m, [32m'3.36'[39m, [32m'0.04'[39m ]
data rcv RT:[ [32m'0.00'[39m, [32m'4.34'[39m, [32m'3.36'[39m, [32m'0.05'[39m ]
data rcv RT:[ [32m'0.00'[39m, [32m'4.37'[39m, [32m'3.41'[39m, [32m'0.01'[39m ]
data rcv RT:[ [32m'0.00'[39m, [32m'4.36'[39m, [32m'3.39'[39m, [32m'0.00'[39m ]
data rcv RT:[ [32m'0.00'[39m, [32m'4.37'[39m, [32m'3.41'[39m, [32m'0.00'[39m ]
data rcv RT:[ [32m'0.00'[39m, [32m'4.34'[39m, [32m'3.45'[39m, [32m'0.00'[39m ]
data rcv RT:[ [32m'0.00'[39m, [32m'4.34'[39m, [32m'3.42'[39m, [32m'0.00'[39m ]
data rcv RT:[ [32m'0.00'[39m, [32m'4.31'[39m, [32m'3.41'[39m, [32m'0.00'[39m ]
data rcv RT:[ [32m'0.00'[39m, [32m'4.27'[39m, [32m'3.43'[39m, [32m'0.00'[39m ]
data rcv RT:[ [32m'0.00'[39m, [32m'4.25'[39m, [32m'3.40'[39m, [32m'0.00'[39m ]
data rcv RT:[ [32m'0.00'[39m, [32m'4.24'[39m, [32m'3.42'[39m, [32m'0.00'[39m ]
data rcv RT:[ [32m'0.00'[39m, [32m'4.30'[39m, [32m'3.39'[39m, [32m'0.00'[39m ]
data rcv RT:[ [32m'0.00'[39m, [32m'4.31'[39m, [32m'3.36'[39m, [32m'0.00'[39m ]
data rcv RT:[ [32m'0.00'[39m, [32m'4.30'[39m, [32m'3.37'[39m, [32m'0.00'[39m ]
data rcv RT:[ [32m'0.00'[39m, [32m'4.33'[39m, [32m'3.39'[39m, [32m'0.00'[39m ]
data rcv RT:[ [32m'0.00'[39m, [32m'4.33'[39m, [32m'3.41'[39m, [32m'0.00'[39m ]
data rcv RT:[ [32m'0.00'[39m, [32m'4.38'[39m, [32m'3.42'[39m, [32m'0.01'[39m ]
data rcv RT:[ [32m'0.00'[39m, [32m'4.37'[39m, [32m'3.38'[39m, [32m'0.01'[39m ]
data rcv RT:[ [32m'0.00'[39m, [32m'4.35'[39m, [32m'3.41'[39m, [32m'0.01'[39m ]
data rcv RT:[ [32m'0.00'[39m, [32m'4.36'[39m, [32m'3.45'[39m, [32m'0.00'[39m ]
data rcv RT:[ [32m'0.00'[39m, [32m'4.36'[39m, [32m'3.44'[39m, [32m'0.00'[39m ]
data rcv RT:[ [32m'0.00'[39m, [32m'4.34'[39m, [32m'3.41'[39m, [32m'0.00'[39m ]
data rcv RT:[ [32m'0.00'[39m, [32m'4.31'[39m, [32m'3.45'[39m, [32m'0.00'[39m ]
data rcv RT:[ [32m'0.00'[39m, [32m'4.32'[39m, [32m'3.42'[39m, [32m'0.00'[39m ]
data rcv RT:[ [32m'0.00'[39m, [32m'4.31'[39m, [32m'3.42'[39m, [32m'0.00'[39m ]
data rcv RT:[ [32m'0.00'[39m, [32m'4.28'[39m, [32m'3.42'[39m, [32m'0.00'[39m ]
data rcv RT:[ [32m'0.00'[39m, [32m'4.29'[39m, [32m'3.43'[39m, [32m'0.00'[39m ]
data rcv RT:[ [32m'0.00'[39m, [32m'4.26'[39m, [32m'3.39'[39m, [32m'0.00'[39m ]
data rcv RT:[ [32m'0.00'[39m, [32m'4.26'[39m, [32m'3.40'[39m, [32m'0.00'[39m ]
data rcv RT:[ [32m'0.00'[39m, [32m'4.25'[39m, [32m'3.36'[39m, [32m'0.00'[39m ]
data rcv RT:[ [32m'0.00'[39m, [32m'4.26'[39m, [32m'3.38'[39m, [32m'0.00'[39m ]
data rcv RT:[ [32m'0.00'[39m, [32m'4.29'[39m, [32m'3.40'[39m, [32m'0.00'[39m ]
data rcv RT:[ [32m'0.00'[39m, [32m'4.32'[39m, [32m'3.38'[39m, [32m'0.01'[39m ]
data rcv RT:[ [32m'0.00'[39m, [32m'4.34'[39m, [32m'3.36'[39m, [32m'0.02'[39m ]
data rcv RT:[ [32m'0.00'[39m, [32m'4.35'[39m, [32m'3.38'[39m, [32m'0.04'[39m ]
data rcv RT:[ [32m'0.00'[39m, [32m'4.39'[39m, [32m'3.41'[39m, [32m'0.01'[39m ]
data rcv RT:[ [32m'0.00'[39m, [32m'4.39'[39m, [32m'3.41'[39m, [32m'0.00'[39m ]
data rcv RT:[ [32m'0.00'[39m, [32m'4.35'[39m, [32m'3.44'[39m, [32m'0.00'[39m ]
data rcv RT:[ [32m'0.00'[39m, [32m'4.36'[39m, [32m'3.42'[39m, [32m'0.00'[39m ]
data rcv RT:[ [32m'0.00'[39m, [32m'4.32'[39m, [32m'3.42'[39m, [32m'0.00'[39m ]
data rcv RT:[ [32m'0.00'[39m, [32m'4.29'[39m, [32m'3.44'[39m, [32m'0.00'[39m ]
data rcv RT:[ [32m'0.00'[39m, [32m'4.31'[39m, [32m'3.42'[39m, [32m'0.00'[39m ]
data rcv RT:[ [32m'0.00'[39m, [32m'4.31'[39m, [32m'3.43'[39m, [32m'0.00'[39m ]
data rcv RT:[ [32m'0.00'[39m, [32m'4.30'[39m, [32m'3.41'[39m, [32m'0.00'[39m ]
data rcv RT:[ [32m'0.00'[39m, [32m'4.27'[39m, [32m'3.40'[39m, [32m'0.00'[39m ]
data rcv RT:[ [32m'0.00'[39m, [32m'4.30'[39m, [32m'3.37'[39m, [32m'0.00'[39m ]
data rcv RT:[ [32m'0.00'[39m, [32m'4.30'[39m, [32m'3.37'[39m, [32m'0.00'[39m ]
data rcv RT:[ [32m'0.00'[39m, [32m'4.32'[39m, [32m'3.37'[39m, [32m'0.01'[39m ]
data rcv RT:[ [32m'0.00'[39m, [32m'4.32'[39m, [32m'3.39'[39m, [32m'0.00'[39m ]
data rcv RT:[ [32m'0.00'[39m, [32m'4.33'[39m, [32m'3.35'[39m, [32m'0.06'[39m ]
data rcv RT:[ [32m'0.00'[39m, [32m'4.40'[39m, [32m'3.41'[39m, [32m'0.05'[39m ]
data rcv RT:[ [32m'0.00'[39m, [32m'4.38'[39m, [32m'3.41'[39m, [32m'0.01'[39m ]
data rcv RT:[ [32m'0.00'[39m, [32m'4.34'[39m, [32m'3.43'[39m, [32m'0.00'[39m ]
data rcv RT:[ [32m'0.00'[39m, [32m'4.34'[39m, [32m'3.41'[39m, [32m'0.01'[39m ]
data rcv RT:[ [32m'0.00'[39m, [32m'4.33'[39m, [32m'3.44'[39m, [32m'0.00'[39m ]
data rcv RT:[ [32m'0.00'[39m, [32m'4.30'[39m, [32m'3.43'[39m, [32m'0.00'[39m ]
data rcv RT:[ [32m'0.00'[39m, [32m'4.30'[39m, [32m'3.45'[39m, [32m'0.00'[39m ]
data rcv RT:[ [32m'0.00'[39m, [32m'4.30'[39m, [32m'3.45'[39m, [32m'0.00'[39m ]
data rcv RT:[ [32m'0.00'[39m, [32m'4.25'[39m, [32m'3.40'[39m, [32m'0.00'[39m ]
data rcv RT:[ [32m'0.00'[39m, [32m'4.28'[39m, [32m'3.38'[39m, [32m'0.00'[39m ]
data rcv RT:[ [32m'0.00'[39m, [32m'4.27'[39m, [32m'3.36'[39m, [32m'0.00'[39m ]
data rcv RT:[ [32m'0.00'[39m, [32m'4.31'[39m, [32m'3.37'[39m, [32m'0.00'[39m ]
data rcv RT:[ [32m'0.00'[39m, [32m'4.30'[39m, [32m'3.37'[39m, [32m'0.00'[39m ]
data rcv RT:[ [32m'0.00'[39m, [32m'4.32'[39m, [32m'3.37'[39m, [32m'0.02'[39m ]
data rcv RT:[ [32m'0.00'[39m, [32m'4.37'[39m, [32m'3.39'[39m, [32m'0.01'[39m ]
data rcv RT:[ [32m'0.00'[39m, [32m'4.37'[39m, [32m'3.42'[39m, [32m'0.00'[39m ]
data rcv RT:[ [32m'0.00'[39m, [32m'4.31'[39m, [32m'3.44'[39m, [32m'0.00'[39m ]
data rcv RT:[ [32m'0.00'[39m, [32m'4.30'[39m, [32m'3.43'[39m, [32m'0.00'[39m ]
data rcv RT:[ [32m'0.00'[39m, [32m'4.29'[39m, [32m'3.43'[39m, [32m'0.00'[39m ]
data rcv RT:[ [32m'0.00'[39m, [32m'4.32'[39m, [32m'3.46'[39m, [32m'0.00'[39m ]
data rcv RT:[ [32m'0.00'[39m, [32m'4.24'[39m, [32m'3.41'[39m, [32m'0.00'[39m ]
data rcv RT:[ [32m'0.00'[39m, [32m'4.29'[39m, [32m'3.39'[39m, [32m'0.00'[39m ]
data rcv RT:[ [32m'0.00'[39m, [32m'4.26'[39m, [32m'3.39'[39m, [32m'0.00'[39m ]
data rcv RT:[ [32m'0.00'[39m, [32m'4.31'[39m, [32m'3.38'[39m, [32m'0.00'[39m ]
data rcv RT:[ [32m'0.00'[39m, [32m'4.33'[39m, [32m'3.40'[39m, [32m'0.00'[39m ]
data rcv RT:[ [32m'0.00'[39m, [32m'4.31'[39m, [32m'3.39'[39m, [32m'0.01'[39m ]
data rcv RT:[ [32m'0.00'[39m, [32m'4.35'[39m, [32m'3.35'[39m, [32m'0.05'[39m ]
data rcv RT:[ [32m'0.00'[39m, [32m'4.35'[39m, [32m'3.39'[39m, [32m'0.03'[39m ]
data rcv RT:[ [32m'0.00'[39m, [32m'4.40'[39m, [32m'3.41'[39m, [32m'0.00'[39m ]
data rcv RT:[ [32m'0.00'[39m, [32m'4.34'[39m, [32m'3.43'[39m, [32m'0.00'[39m ]
data rcv RT:[ [32m'0.00'[39m, [32m'4.35'[39m, [32m'3.42'[39m, [32m'0.00'[39m ]
data rcv RT:[ [32m'0.00'[39m, [32m'4.32'[39m, [32m'3.43'[39m, [32m'0.00'[39m ]
data rcv RT:[ [32m'0.00'[39m, [32m'4.30'[39m, [32m'3.40'[39m, [32m'0.00'[39m ]
data rcv RT:[ [32m'0.00'[39m, [32m'4.30'[39m, [32m'3.43'[39m, [32m'0.00'[39m ]
data rcv RT:[ [32m'0.00'[39m, [32m'4.25'[39m, [32m'3.40'[39m, [32m'0.00'[39m ]
data rcv RT:[ [32m'0.00'[39m, [32m'4.25'[39m, [32m'3.40'[39m, [32m'0.00'[39m ]
data rcv RT:[ [32m'0.00'[39m, [32m'4.29'[39m, [32m'3.39'[39m, [32m'0.00'[39m ]
data rcv RT:[ [32m'0.00'[39m, [32m'4.32'[39m, [32m'3.36'[39m, [32m'0.00'[39m ]
data rcv RT:[ [32m'0.00'[39m, [32m'4.34'[39m, [32m'3.38'[39m, [32m'0.01'[39m ]
data rcv RT:[ [32m'0.00'[39m, [32m'4.34'[39m, [32m'3.38'[39m, [32m'0.00'[39m ]
data rcv RT:[ [32m'0.00'[39m, [32m'4.34'[39m, [32m'3.34'[39m, [32m'0.04'[39m ]
data rcv RT:[ [32m'0.00'[39m, [32m'4.36'[39m, [32m'3.37'[39m, [32m'0.02'[39m ]
data rcv RT:[ [32m'0.00'[39m, [32m'4.39'[39m, [32m'3.43'[39m, [32m'0.00'[39m ]
data rcv RT:[ [32m'0.00'[39m, [32m'4.35'[39m, [32m'3.45'[39m, [32m'0.00'[39m ]
data rcv RT:[ [32m'0.00'[39m, [32m'4.31'[39m, [32m'3.43'[39m, [32m'0.00'[39m ]
data rcv RT:[ [32m'0.00'[39m, [32m'4.30'[39m, [32m'3.43'[39m, [32m'0.00'[39m ]
data rcv RT:[ [32m'0.00'[39m, [32m'4.27'[39m, [32m'3.42'[39m, [32m'0.00'[39m ]
data rcv RT:[ [32m'0.00'[39m, [32m'4.26'[39m, [32m'3.36'[39m, [32m'0.00'[39m ]
data rcv RT:[ [32m'0.00'[39m, [32m'4.29'[39m, [32m'3.38'[39m, [32m'0.00'[39m ]
data rcv RT:[ [32m'0.00'[39m, [32m'4.32'[39m, [32m'3.40'[39m, [32m'0.02'[39m ]
data rcv RT:[ [32m'0.00'[39m, [32m'4.31'[39m, [32m'3.39'[39m, [32m'0.01'[39m ]
data rcv RT:[ [32m'0.00'[39m, [32m'4.33'[39m, [32m'3.40'[39m, [32m'0.00'[39m ]
data rcv RT:[ [32m'0.00'[39m, [32m'4.34'[39m, [32m'3.38'[39m, [32m'0.02'[39m ]
data rcv RT:[ [32m'0.00'[39m, [32m'4.36'[39m, [32m'3.36'[39m, [32m'0.02'[39m ]
data rcv RT:[ [32m'0.00'[39m, [32m'4.29'[39m, [32m'3.42'[39m, [32m'0.00'[39m ]
data rcv RT:[ [32m'0.00'[39m, [32m'4.29'[39m, [32m'3.43'[39m, [32m'0.00'[39m ]
data rcv RT:[ [32m'0.00'[39m, [32m'4.29'[39m, [32m'3.40'[39m, [32m'0.00'[39m ]
data rcv RT:[ [32m'0.00'[39m, [32m'4.25'[39m, [32m'3.35'[39m, [32m'0.00'[39m ]
data rcv RT:[ [32m'0.00'[39m, [32m'4.27'[39m, [32m'3.38'[39m, [32m'0.00'[39m ]
data rcv RT:[ [32m'0.00'[39m, [32m'4.34'[39m, [32m'3.39'[39m, [32m'0.02'[39m ]
data rcv RT:[ [32m'0.00'[39m, [32m'4.34'[39m, [32m'3.37'[39m, [32m'0.01'[39m ]
data rcv RT:[ [32m'0.00'[39m, [32m'4.38'[39m, [32m'3.38'[39m, [32m'0.02'[39m ]
data rcv RT:[ [32m'0.00'[39m, [32m'4.38'[39m, [32m'3.43'[39m, [32m'0.00'[39m ]
data rcv RT:[ [32m'0.00'[39m, [32m'4.37'[39m, [32m'3.36'[39m, [32m'0.03'[39m ]
data rcv RT:[ [32m'0.00'[39m, [32m'4.33'[39m, [32m'3.43'[39m, [32m'0.00'[39m ]
data rcv RT:[ [32m'0.00'[39m, [32m'4.32'[39m, [32m'3.43'[39m, [32m'0.00'[39m ]
data rcv RT:[ [32m'0.00'[39m, [32m'4.31'[39m, [32m'3.42'[39m, [32m'0.00'[39m ]
data rcv RT:[ [32m'0.00'[39m, [32m'4.29'[39m, [32m'3.43'[39m, [32m'0.00'[39m ]
data rcv RT:[ [32m'0.00'[39m, [32m'4.25'[39m, [32m'3.41'[39m, [32m'0.00'[39m ]
data rcv RT:[ [32m'0.00'[39m, [32m'4.27'[39m, [32m'3.42'[39m, [32m'0.00'[39m ]
data rcv RT:[ [32m'0.00'[39m, [32m'4.28'[39m, [32m'3.39'[39m, [32m'0.00'[39m ]
data rcv RT:[ [32m'0.00'[39m, [32m'4.29'[39m, [32m'3.37'[39m, [32m'0.00'[39m ]
data rcv RT:[ [32m'0.00'[39m, [32m'4.31'[39m, [32m'3.37'[39m, [32m'0.02'[39m ]
data rcv RT:[ [32m'0.00'[39m, [32m'4.33'[39m, [32m'3.35'[39m, [32m'0.07'[39m ]
data rcv RT:[ [32m'0.00'[39m, [32m'4.32'[39m, [32m'3.37'[39m, [32m'0.03'[39m ]
data rcv RT:[ [32m'0.00'[39m, [32m'4.34'[39m, [32m'3.36'[39m, [32m'0.01'[39m ]
data rcv RT:[ [32m'0.00'[39m, [32m'4.36'[39m, [32m'3.40'[39m, [32m'0.01'[39m ]
data rcv RT:[ [32m'0.00'[39m, [32m'4.35'[39m, [32m'3.44'[39m, [32m'0.00'[39m ]
data rcv RT:[ [32m'0.00'[39m, [32m'4.34'[39m, [32m'3.42'[39m, [32m'0.00'[39m ]
data rcv RT:[ [32m'0.00'[39m, [32m'4.34'[39m, [32m'3.43'[39m, [32m'0.00'[39m ]
data rcv RT:[ [32m'0.00'[39m, [32m'4.32'[39m, [32m'3.42'[39m, [32m'0.00'[39m ]
data rcv RT:[ [32m'0.00'[39m, [32m'4.31'[39m, [32m'3.44'[39m, [32m'0.00'[39m ]
data rcv RT:[ [32m'0.00'[39m, [32m'4.33'[39m, [32m'3.43'[39m, [32m'0.00'[39m ]
data rcv RT:[ [32m'0.00'[39m, [32m'4.25'[39m, [32m'3.41'[39m, [32m'0.00'[39m ]
data rcv RT:[ [32m'0.00'[39m, [32m'4.28'[39m, [32m'3.38'[39m, [32m'0.00'[39m ]
data rcv RT:[ [32m'0.00'[39m, [32m'4.29'[39m, [32m'3.37'[39m, [32m'0.00'[39m ]
data rcv RT:[ [32m'0.00'[39m, [32m'4.30'[39m, [32m'3.37'[39m, [32m'0.02'[39m ]
data rcv RT:[ [32m'0.00'[39m, [32m'4.31'[39m, [32m'3.38'[39m, [32m'0.00'[39m ]
data rcv RT:[ [32m'0.00'[39m, [32m'4.33'[39m, [32m'3.36'[39m, [32m'0.00'[39m ]
data rcv RT:[ [32m'0.00'[39m, [32m'4.35'[39m, [32m'3.36'[39m, [32m'0.03'[39m ]
data rcv RT:[ [32m'0.00'[39m, [32m'4.34'[39m, [32m'3.39'[39m, [32m'0.03'[39m ]
data rcv RT:[ [32m'0.00'[39m, [32m'4.34'[39m, [32m'3.40'[39m, [32m'0.01'[39m ]
data rcv RT:[ [32m'0.00'[39m, [32m'4.34'[39m, [32m'3.39'[39m, [32m'0.01'[39m ]
data rcv RT:[ [32m'0.00'[39m, [32m'4.35'[39m, [32m'3.42'[39m, [32m'0.00'[39m ]
data rcv RT:[ [32m'0.00'[39m, [32m'4.34'[39m, [32m'3.41'[39m, [32m'0.00'[39m ]
data rcv RT:[ [32m'0.00'[39m, [32m'4.31'[39m, [32m'3.43'[39m, [32m'0.00'[39m ]
data rcv RT:[ [32m'0.00'[39m, [32m'4.32'[39m, [32m'3.43'[39m, [32m'0.00'[39m ]
data rcv RT:[ [32m'0.00'[39m, [32m'4.31'[39m, [32m'3.42'[39m, [32m'0.00'[39m ]
data rcv RT:[ [32m'0.00'[39m, [32m'4.28'[39m, [32m'3.44'[39m, [32m'0.00'[39m ]
data rcv RT:[ [32m'0.00'[39m, [32m'4.25'[39m, [32m'3.42'[39m, [32m'0.00'[39m ]
data rcv RT:[ [32m'0.00'[39m, [32m'4.26'[39m, [32m'3.42'[39m, [32m'0.00'[39m ]
data rcv RT:[ [32m'0.00'[39m, [32m'4.28'[39m, [32m'3.38'[39m, [32m'0.00'[39m ]
data rcv RT:[ [32m'0.00'[39m, [32m'4.29'[39m, [32m'3.37'[39m, [32m'0.00'[39m ]
data rcv RT:[ [32m'0.00'[39m, [32m'4.29'[39m, [32m'3.40'[39m, [32m'0.00'[39m ]
data rcv RT:[ [32m'0.00'[39m, [32m'4.36'[39m, [32m'3.35'[39m, [32m'0.05'[39m ]
data rcv RT:[ [32m'0.00'[39m, [32m'4.36'[39m, [32m'3.38'[39m, [32m'0.02'[39m ]
data rcv RT:[ [32m'0.00'[39m, [32m'4.37'[39m, [32m'3.39'[39m, [32m'0.04'[39m ]
data rcv RT:[ [32m'0.00'[39m, [32m'4.35'[39m, [32m'3.42'[39m, [32m'0.00'[39m ]
data rcv RT:[ [32m'0.00'[39m, [32m'4.32'[39m, [32m'3.44'[39m, [32m'0.00'[39m ]
data rcv RT:[ [32m'0.00'[39m, [32m'4.34'[39m, [32m'3.45'[39m, [32m'0.00'[39m ]
data rcv RT:[ [32m'0.00'[39m, [32m'4.29'[39m, [32m'3.45'[39m, [32m'0.00'[39m ]
data rcv RT:[ [32m'0.00'[39m, [32m'4.31'[39m, [32m'3.43'[39m, [32m'0.00'[39m ]
data rcv RT:[ [32m'0.00'[39m, [32m'4.27'[39m, [32m'3.42'[39m, [32m'0.00'[39m ]
data rcv RT:[ [32m'0.00'[39m, [32m'4.26'[39m, [32m'3.43'[39m, [32m'0.00'[39m ]
data rcv RT:[ [32m'0.00'[39m, [32m'4.27'[39m, [32m'3.35'[39m, [32m'0.00'[39m ]
data rcv RT:[ [32m'0.00'[39m, [32m'4.28'[39m, [32m'3.39'[39m, [32m'0.00'[39m ]
data rcv RT:[ [32m'0.00'[39m, [32m'4.30'[39m, [32m'3.38'[39m, [32m'0.01'[39m ]
data rcv RT:[ [32m'0.00'[39m, [32m'4.32'[39m, [32m'3.38'[39m, [32m'0.01'[39m ]
data rcv RT:[ [32m'0.00'[39m, [32m'4.34'[39m, [32m'3.36'[39m, [32m'0.03'[39m ]
data rcv RT:[ [32m'0.00'[39m, [32m'4.38'[39m, [32m'3.43'[39m, [32m'0.00'[39m ]
data rcv RT:[ [32m'0.00'[39m, [32m'4.36'[39m, [32m'3.43'[39m, [32m'0.00'[39m ]
data rcv RT:[ [32m'0.00'[39m, [32m'4.37'[39m, [32m'3.42'[39m, [32m'0.00'[39m ]
data rcv RT:[ [32m'0.00'[39m, [32m'4.31'[39m, [32m'3.44'[39m, [32m'0.00'[39m ]
data rcv RT:[ [32m'0.00'[39m, [32m'4.30'[39m, [32m'3.45'[39m, [32m'0.00'[39m ]
data rcv RT:[ [32m'0.00'[39m, [32m'4.29'[39m, [32m'3.40'[39m, [32m'0.00'[39m ]
data rcv RT:[ [32m'0.00'[39m, [32m'4.25'[39m, [32m'3.41'[39m, [32m'0.00'[39m ]
data rcv RT:[ [32m'0.00'[39m, [32m'4.28'[39m, [32m'3.38'[39m, [32m'0.00'[39m ]
data rcv RT:[ [32m'0.00'[39m, [32m'4.30'[39m, [32m'3.38'[39m, [32m'0.00'[39m ]
data rcv RT:[ [32m'0.00'[39m, [32m'4.32'[39m, [32m'3.37'[39m, [32m'0.00'[39m ]
data rcv RT:[ [32m'0.00'[39m, [32m'4.33'[39m, [32m'3.34'[39m, [32m'0.05'[39m ]
data rcv RT:[ [32m'0.00'[39m, [32m'4.33'[39m, [32m'3.36'[39m, [32m'0.04'[39m ]
data rcv RT:[ [32m'0.00'[39m, [32m'4.37'[39m, [32m'3.39'[39m, [32m'0.02'[39m ]
data rcv RT:[ [32m'0.00'[39m, [32m'4.36'[39m, [32m'3.45'[39m, [32m'0.00'[39m ]
data rcv RT:[ [32m'0.00'[39m, [32m'4.32'[39m, [32m'3.44'[39m, [32m'0.00'[39m ]
data rcv RT:[ [32m'0.00'[39m, [32m'4.29'[39m, [32m'3.43'[39m, [32m'0.00'[39m ]
data rcv RT:[ [32m'0.00'[39m, [32m'4.29'[39m, [32m'3.43'[39m, [32m'0.00'[39m ]
data rcv RT:[ [32m'0.00'[39m, [32m'4.27'[39m, [32m'3.43'[39m, [32m'0.00'[39m ]
data rcv RT:[ [32m'0.00'[39m, [32m'4.26'[39m, [32m'3.40'[39m, [32m'0.00'[39m ]
data rcv RT:[ [32m'0.00'[39m, [32m'4.27'[39m, [32m'3.38'[39m, [32m'0.00'[39m ]
data rcv RT:[ [32m'0.00'[39m, [32m'4.30'[39m, [32m'3.38'[39m, [32m'0.01'[39m ]
data rcv RT:[ [32m'0.00'[39m, [32m'4.33'[39m, [32m'3.37'[39m, [32m'0.01'[39m ]
data rcv RT:[ [32m'0.00'[39m, [32m'4.34'[39m, [32m'3.39'[39m, [32m'0.02'[39m ]
data rcv RT:[ [32m'0.00'[39m, [32m'4.38'[39m, [32m'3.40'[39m, [32m'0.00'[39m ]
data rcv RT:[ [32m'0.00'[39m, [32m'4.36'[39m, [32m'3.40'[39m, [32m'0.00'[39m ]
data rcv RT:[ [32m'0.00'[39m, [32m'4.35'[39m, [32m'3.43'[39m, [32m'0.00'[39m ]
data rcv RT:[ [32m'0.00'[39m, [32m'4.35'[39m, [32m'3.42'[39m, [32m'0.00'[39m ]
data rcv RT:[ [32m'0.00'[39m, [32m'4.32'[39m, [32m'3.44'[39m, [32m'0.00'[39m ]
data rcv RT:[ [32m'0.00'[39m, [32m'4.31'[39m, [32m'3.42'[39m, [32m'0.00'[39m ]
data rcv RT:[ [32m'0.00'[39m, [32m'4.30'[39m, [32m'3.41'[39m, [32m'0.00'[39m ]
data rcv RT:[ [32m'0.00'[39m, [32m'4.31'[39m, [32m'3.46'[39m, [32m'0.00'[39m ]
data rcv RT:[ [32m'0.00'[39m, [32m'4.28'[39m, [32m'3.42'[39m, [32m'0.00'[39m ]
data rcv RT:[ [32m'0.00'[39m, [32m'4.27'[39m, [32m'3.38'[39m, [32m'0.00'[39m ]
data rcv RT:[ [32m'0.00'[39m, [32m'4.28'[39m, [32m'3.39'[39m, [32m'0.00'[39m ]
data rcv RT:[ [32m'0.00'[39m, [32m'4.28'[39m, [32m'3.37'[39m, [32m'0.00'[39m ]
data rcv RT:[ [32m'0.00'[39m, [32m'4.30'[39m, [32m'3.38'[39m, [32m'0.01'[39m ]
data rcv RT:[ [32m'0.00'[39m, [32m'4.32'[39m, [32m'3.39'[39m, [32m'0.00'[39m ]
data rcv RT:[ [32m'0.00'[39m, [32m'4.36'[39m, [32m'3.39'[39m, [32m'0.02'[39m ]
data rcv RT:[ [32m'0.00'[39m, [32m'4.35'[39m, [32m'3.35'[39m, [32m'0.07'[39m ]
data rcv RT:[ [32m'0.00'[39m, [32m'4.39'[39m, [32m'3.43'[39m, [32m'0.00'[39m ]
data rcv RT:[ [32m'0.00'[39m, [32m'4.32'[39m, [32m'3.45'[39m, [32m'0.00'[39m ]
data rcv RT:[ [32m'0.00'[39m, [32m'4.31'[39m, [32m'3.41'[39m, [32m'0.00'[39m ]
data rcv RT:[ [32m'0.00'[39m, [32m'4.25'[39m, [32m'3.42'[39m, [32m'0.00'[39m ]
data rcv RT:[ [32m'0.00'[39m, [32m'4.27'[39m, [32m'3.39'[39m, [32m'0.00'[39m ]
data rcv RT:[ [32m'0.00'[39m, [32m'4.27'[39m, [32m'3.42'[39m, [32m'0.00'[39m ]
data rcv RT:[ [32m'0.00'[39m, [32m'4.29'[39m, [32m'3.39'[39m, [32m'0.00'[39m ]
data rcv RT:[ [32m'0.00'[39m, [32m'4.31'[39m, [32m'3.38'[39m, [32m'0.00'[39m ]
data rcv RT:[ [32m'0.00'[39m, [32m'4.32'[39m, [32m'3.38'[39m, [32m'0.00'[39m ]
data rcv RT:[ [32m'0.00'[39m, [32m'4.35'[39m, [32m'3.39'[39m, [32m'0.01'[39m ]
data rcv RT:[ [32m'0.00'[39m, [32m'4.37'[39m, [32m'3.42'[39m, [32m'0.00'[39m ]
data rcv RT:[ [32m'0.00'[39m, [32m'4.37'[39m, [32m'3.38'[39m, [32m'0.03'[39m ]
data rcv RT:[ [32m'0.00'[39m, [32m'4.37'[39m, [32m'3.40'[39m, [32m'0.00'[39m ]
data rcv RT:[ [32m'0.00'[39m, [32m'4.30'[39m, [32m'3.44'[39m, [32m'0.00'[39m ]
data rcv RT:[ [32m'0.00'[39m, [32m'4.31'[39m, [32m'3.43'[39m, [32m'0.00'[39m ]
data rcv RT:[ [32m'0.00'[39m, [32m'4.24'[39m, [32m'3.43'[39m, [32m'0.00'[39m ]
data rcv RT:[ [32m'0.00'[39m, [32m'4.27'[39m, [32m'3.43'[39m, [32m'0.00'[39m ]
data rcv RT:[ [32m'0.00'[39m, [32m'4.28'[39m, [32m'3.43'[39m, [32m'0.00'[39m ]
data rcv RT:[ [32m'0.00'[39m, [32m'4.29'[39m, [32m'3.36'[39m, [32m'0.00'[39m ]
data rcv RT:[ [32m'0.00'[39m, [32m'4.32'[39m, [32m'3.40'[39m, [32m'0.00'[39m ]
data rcv RT:[ [32m'0.00'[39m, [32m'4.35'[39m, [32m'3.35'[39m, [32m'0.06'[39m ]
data rcv RT:[ [32m'0.00'[39m, [32m'4.37'[39m, [32m'3.39'[39m, [32m'0.03'[39m ]
data rcv RT:[ [32m'0.00'[39m, [32m'4.37'[39m, [32m'3.42'[39m, [32m'0.00'[39m ]
data rcv RT:[ [32m'0.00'[39m, [32m'4.35'[39m, [32m'3.43'[39m, [32m'0.00'[39m ]
data rcv RT:[ [32m'0.00'[39m, [32m'4.35'[39m, [32m'3.41'[39m, [32m'0.00'[39m ]
data rcv RT:[ [32m'0.00'[39m, [32m'4.31'[39m, [32m'3.43'[39m, [32m'0.00'[39m ]
data rcv RT:[ [32m'0.00'[39m, [32m'4.27'[39m, [32m'3.42'[39m, [32m'0.00'[39m ]
data rcv RT:[ [32m'0.00'[39m, [32m'4.26'[39m, [32m'3.40'[39m, [32m'0.00'[39m ]
data rcv RT:[ [32m'0.00'[39m, [32m'4.25'[39m, [32m'3.37'[39m, [32m'0.00'[39m ]
data rcv RT:[ [32m'0.00'[39m, [32m'4.30'[39m, [32m'3.39'[39m, [32m'0.00'[39m ]
data rcv RT:[ [32m'0.00'[39m, [32m'4.32'[39m, [32m'3.39'[39m, [32m'0.00'[39m ]
data rcv RT:[ [32m'0.00'[39m, [32m'4.33'[39m, [32m'3.38'[39m, [32m'0.02'[39m ]
data rcv RT:[ [32m'0.00'[39m, [32m'4.37'[39m, [32m'3.40'[39m, [32m'0.02'[39m ]
data rcv RT:[ [32m'0.00'[39m, [32m'4.38'[39m, [32m'3.44'[39m, [32m'0.00'[39m ]
data rcv RT:[ [32m'0.00'[39m, [32m'4.33'[39m, [32m'3.42'[39m, [32m'0.00'[39m ]
data rcv RT:[ [32m'0.00'[39m, [32m'4.34'[39m, [32m'3.43'[39m, [32m'0.00'[39m ]
data rcv RT:[ [32m'0.00'[39m, [32m'4.32'[39m, [32m'3.42'[39m, [32m'0.00'[39m ]
data rcv RT:[ [32m'0.00'[39m, [32m'4.28'[39m, [32m'3.44'[39m, [32m'0.00'[39m ]
data rcv RT:[ [32m'0.00'[39m, [32m'4.25'[39m, [32m'3.39'[39m, [32m'0.00'[39m ]
data rcv RT:[ [32m'0.00'[39m, [32m'4.26'[39m, [32m'3.42'[39m, [32m'0.00'[39m ]
data rcv RT:[ [32m'0.00'[39m, [32m'4.29'[39m, [32m'3.38'[39m, [32m'0.01'[39m ]
data rcv RT:[ [32m'0.00'[39m, [32m'4.34'[39m, [32m'3.38'[39m, [32m'0.01'[39m ]
data rcv RT:[ [32m'0.00'[39m, [32m'4.33'[39m, [32m'3.38'[39m, [32m'0.02'[39m ]
data rcv RT:[ [32m'0.00'[39m, [32m'4.38'[39m, [32m'3.41'[39m, [32m'0.02'[39m ]
data rcv RT:[ [32m'0.00'[39m, [32m'4.35'[39m, [32m'3.43'[39m, [32m'0.00'[39m ]
data rcv RT:[ [32m'0.00'[39m, [32m'4.32'[39m, [32m'3.44'[39m, [32m'0.00'[39m ]
data rcv RT:[ [32m'0.00'[39m, [32m'4.34'[39m, [32m'3.43'[39m, [32m'0.00'[39m ]
data rcv RT:[ [32m'0.00'[39m, [32m'4.30'[39m, [32m'3.42'[39m, [32m'0.00'[39m ]
data rcv RT:[ [32m'0.00'[39m, [32m'4.25'[39m, [32m'3.41'[39m, [32m'0.00'[39m ]
data rcv RT:[ [32m'0.00'[39m, [32m'4.28'[39m, [32m'3.40'[39m, [32m'0.00'[39m ]
data rcv RT:[ [32m'0.00'[39m, [32m'4.25'[39m, [32m'3.41'[39m, [32m'0.00'[39m ]
data rcv RT:[ [32m'0.00'[39m, [32m'4.29'[39m, [32m'3.37'[39m, [32m'0.00'[39m ]
data rcv RT:[ [32m'0.00'[39m, [32m'4.30'[39m, [32m'3.38'[39m, [32m'0.01'[39m ]
data rcv RT:[ [32m'0.00'[39m, [32m'4.32'[39m, [32m'3.37'[39m, [32m'0.00'[39m ]
data rcv RT:[ [32m'0.00'[39m, [32m'4.35'[39m, [32m'3.39'[39m, [32m'0.02'[39m ]
data rcv RT:[ [32m'0.00'[39m, [32m'4.34'[39m, [32m'3.37'[39m, [32m'0.01'[39m ]
data rcv RT:[ [32m'0.00'[39m, [32m'4.37'[39m, [32m'3.40'[39m, [32m'0.01'[39m ]
data rcv RT:[ [32m'0.00'[39m, [32m'4.39'[39m, [32m'3.40'[39m, [32m'0.00'[39m ]
data rcv RT:[ [32m'0.00'[39m, [32m'4.37'[39m, [32m'3.42'[39m, [32m'0.00'[39m ]
data rcv RT:[ [32m'0.00'[39m, [32m'4.32'[39m, [32m'3.44'[39m, [32m'0.00'[39m ]
data rcv RT:[ [32m'0.00'[39m, [32m'4.30'[39m, [32m'3.41'[39m, [32m'0.00'[39m ]
data rcv RT:[ [32m'0.00'[39m, [32m'4.29'[39m, [32m'3.42'[39m, [32m'0.00'[39m ]
data rcv RT:[ [32m'0.00'[39m, [32m'4.27'[39m, [32m'3.41'[39m, [32m'0.00'[39m ]
data rcv RT:[ [32m'0.00'[39m, [32m'4.26'[39m, [32m'3.40'[39m, [32m'0.00'[39m ]
data rcv RT:[ [32m'0.00'[39m, [32m'4.28'[39m, [32m'3.38'[39m, [32m'0.00'[39m ]
data rcv RT:[ [32m'0.00'[39m, [32m'4.31'[39m, [32m'3.39'[39m, [32m'0.01'[39m ]
data rcv RT:[ [32m'0.00'[39m, [32m'4.35'[39m, [32m'3.37'[39m, [32m'0.01'[39m ]
data rcv RT:[ [32m'0.00'[39m, [32m'4.35'[39m, [32m'3.34'[39m, [32m'0.06'[39m ]
data rcv RT:[ [32m'0.00'[39m, [32m'4.36'[39m, [32m'3.39'[39m, [32m'0.00'[39m ]
data rcv RT:[ [32m'0.00'[39m, [32m'4.38'[39m, [32m'3.37'[39m, [32m'0.03'[39m ]
data rcv RT:[ [32m'0.00'[39m, [32m'4.40'[39m, [32m'3.41'[39m, [32m'0.01'[39m ]
data rcv RT:[ [32m'0.00'[39m, [32m'4.33'[39m, [32m'3.43'[39m, [32m'0.00'[39m ]
data rcv RT:[ [32m'0.00'[39m, [32m'4.31'[39m, [32m'3.40'[39m, [32m'0.00'[39m ]
data rcv RT:[ [32m'0.00'[39m, [32m'4.30'[39m, [32m'3.48'[39m, [32m'0.00'[39m ]
data rcv RT:[ [32m'0.00'[39m, [32m'4.27'[39m, [32m'3.38'[39m, [32m'0.00'[39m ]
data rcv RT:[ [32m'0.00'[39m, [32m'4.26'[39m, [32m'3.41'[39m, [32m'0.00'[39m ]
data rcv RT:[ [32m'0.00'[39m, [32m'4.27'[39m, [32m'3.41'[39m, [32m'0.00'[39m ]
data rcv RT:[ [32m'0.00'[39m, [32m'4.29'[39m, [32m'3.38'[39m, [32m'0.00'[39m ]
data rcv RT:[ [32m'0.00'[39m, [32m'4.31'[39m, [32m'3.38'[39m, [32m'0.00'[39m ]
data rcv RT:[ [32m'0.00'[39m, [32m'4.31'[39m, [32m'3.38'[39m, [32m'0.01'[39m ]
data rcv RT:[ [32m'0.00'[39m, [32m'4.31'[39m, [32m'3.37'[39m, [32m'0.00'[39m ]
data rcv RT:[ [32m'0.00'[39m, [32m'4.35'[39m, [32m'3.37'[39m, [32m'0.05'[39m ]
data rcv RT:[ [32m'0.00'[39m, [32m'4.32'[39m, [32m'3.37'[39m, [32m'0.05'[39m ]
data rcv RT:[ [32m'0.00'[39m, [32m'4.38'[39m, [32m'3.40'[39m, [32m'0.00'[39m ]
data rcv RT:[ [32m'0.00'[39m, [32m'4.34'[39m, [32m'3.43'[39m, [32m'0.00'[39m ]
data rcv RT:[ [32m'0.00'[39m, [32m'4.33'[39m, [32m'3.43'[39m, [32m'0.00'[39m ]
data rcv RT:[ [32m'0.00'[39m, [32m'4.30'[39m, [32m'3.42'[39m, [32m'0.00'[39m ]
data rcv RT:[ [32m'0.00'[39m, [32m'4.29'[39m, [32m'3.45'[39m, [32m'0.00'[39m ]
data rcv RT:[ [32m'0.00'[39m, [32m'4.27'[39m, [32m'3.42'[39m, [32m'0.00'[39m ]
data rcv RT:[ [32m'0.00'[39m, [32m'4.26'[39m, [32m'3.39'[39m, [32m'0.00'[39m ]
data rcv RT:[ [32m'0.00'[39m, [32m'4.27'[39m, [32m'3.34'[39m, [32m'0.00'[39m ]
data rcv RT:[ [32m'0.00'[39m, [32m'4.30'[39m, [32m'3.39'[39m, [32m'0.00'[39m ]
data rcv RT:[ [32m'0.00'[39m, [32m'4.32'[39m, [32m'3.36'[39m, [32m'0.02'[39m ]
data rcv RT:[ [32m'0.00'[39m, [32m'4.33'[39m, [32m'3.40'[39m, [32m'0.01'[39m ]
data rcv RT:[ [32m'0.00'[39m, [32m'4.35'[39m, [32m'3.36'[39m, [32m'0.06'[39m ]
data rcv RT:[ [32m'0.00'[39m, [32m'4.36'[39m, [32m'3.36'[39m, [32m'0.06'[39m ]
data rcv RT:[ [32m'0.00'[39m, [32m'4.37'[39m, [32m'3.42'[39m, [32m'0.03'[39m ]
data rcv RT:[ [32m'0.00'[39m, [32m'4.37'[39m, [32m'3.41'[39m, [32m'0.00'[39m ]
data rcv RT:[ [32m'0.00'[39m, [32m'4.32'[39m, [32m'3.43'[39m, [32m'0.00'[39m ]
data rcv RT:[ [32m'0.00'[39m, [32m'4.31'[39m, [32m'3.40'[39m, [32m'0.00'[39m ]
data rcv RT:[ [32m'0.00'[39m, [32m'4.28'[39m, [32m'3.40'[39m, [32m'0.00'[39m ]
data rcv RT:[ [32m'0.00'[39m, [32m'4.26'[39m, [32m'3.38'[39m, [32m'0.00'[39m ]
data rcv RT:[ [32m'0.00'[39m, [32m'4.28'[39m, [32m'3.41'[39m, [32m'0.00'[39m ]
data rcv RT:[ [32m'0.00'[39m, [32m'4.28'[39m, [32m'3.38'[39m, [32m'0.00'[39m ]
data rcv RT:[ [32m'0.00'[39m, [32m'4.27'[39m, [32m'3.39'[39m, [32m'0.00'[39m ]
data rcv RT:[ [32m'0.00'[39m, [32m'4.32'[39m, [32m'3.38'[39m, [32m'0.01'[39m ]
data rcv RT:[ [32m'0.00'[39m, [32m'4.32'[39m, [32m'3.40'[39m, [32m'0.01'[39m ]
data rcv RT:[ [32m'0.00'[39m, [32m'4.32'[39m, [32m'3.38'[39m, [32m'0.01'[39m ]
data rcv RT:[ [32m'0.00'[39m, [32m'4.37'[39m, [32m'3.40'[39m, [32m'0.00'[39m ]
data rcv RT:[ [32m'0.00'[39m, [32m'4.36'[39m, [32m'3.42'[39m, [32m'0.00'[39m ]
data rcv RT:[ [32m'0.00'[39m, [32m'4.38'[39m, [32m'3.42'[39m, [32m'0.01'[39m ]
data rcv RT:[ [32m'0.00'[39m, [32m'4.35'[39m, [32m'3.41'[39m, [32m'0.00'[39m ]
data rcv RT:[ [32m'0.00'[39m, [32m'4.34'[39m, [32m'3.41'[39m, [32m'0.00'[39m ]
data rcv RT:[ [32m'0.00'[39m, [32m'4.34'[39m, [32m'3.44'[39m, [32m'0.00'[39m ]
data rcv RT:[ [32m'0.00'[39m, [32m'4.32'[39m, [32m'3.42'[39m, [32m'0.00'[39m ]
data rcv RT:[ [32m'0.00'[39m, [32m'4.31'[39m, [32m'3.43'[39m, [32m'0.00'[39m ]
data rcv RT:[ [32m'0.00'[39m, [32m'4.29'[39m, [32m'3.42'[39m, [32m'0.00'[39m ]
data rcv RT:[ [32m'0.00'[39m, [32m'4.29'[39m, [32m'3.48'[39m, [32m'0.00'[39m ]
data rcv RT:[ [32m'0.00'[39m, [32m'4.27'[39m, [32m'3.41'[39m, [32m'0.00'[39m ]
data rcv RT:[ [32m'0.00'[39m, [32m'4.28'[39m, [32m'3.38'[39m, [32m'0.00'[39m ]
data rcv RT:[ [32m'0.00'[39m, [32m'4.31'[39m, [32m'3.37'[39m, [32m'0.01'[39m ]
data rcv RT:[ [32m'0.00'[39m, [32m'4.32'[39m, [32m'3.40'[39m, [32m'0.00'[39m ]
data rcv RT:[ [32m'0.00'[39m, [32m'4.33'[39m, [32m'3.39'[39m, [32m'0.00'[39m ]
data rcv RT:[ [32m'0.00'[39m, [32m'4.38'[39m, [32m'3.42'[39m, [32m'0.01'[39m ]
data rcv RT:[ [32m'0.00'[39m, [32m'4.34'[39m, [32m'3.42'[39m, [32m'0.00'[39m ]
data rcv RT:[ [32m'0.00'[39m, [32m'4.32'[39m, [32m'3.43'[39m, [32m'0.00'[39m ]
data rcv RT:[ [32m'0.00'[39m, [32m'4.34'[39m, [32m'3.43'[39m, [32m'0.00'[39m ]
data rcv RT:[ [32m'0.00'[39m, [32m'4.32'[39m, [32m'3.40'[39m, [32m'0.00'[39m ]
data rcv RT:[ [32m'0.00'[39m, [32m'4.30'[39m, [32m'3.43'[39m, [32m'0.00'[39m ]
data rcv RT:[ [32m'0.00'[39m, [32m'4.30'[39m, [32m'3.40'[39m, [32m'0.00'[39m ]
data rcv RT:[ [32m'0.00'[39m, [32m'4.32'[39m, [32m'3.44'[39m, [32m'0.00'[39m ]
data rcv RT:[ [32m'0.00'[39m, [32m'4.27'[39m, [32m'3.41'[39m, [32m'0.00'[39m ]
data rcv RT:[ [32m'0.00'[39m, [32m'4.27'[39m, [32m'3.37'[39m, [32m'0.00'[39m ]
data rcv RT:[ [32m'0.00'[39m, [32m'4.27'[39m, [32m'3.38'[39m, [32m'0.00'[39m ]
data rcv RT:[ [32m'0.00'[39m, [32m'4.31'[39m, [32m'3.37'[39m, [32m'0.01'[39m ]
data rcv RT:[ [32m'0.00'[39m, [32m'4.31'[39m, [32m'3.39'[39m, [32m'0.00'[39m ]
data rcv RT:[ [32m'0.00'[39m, [32m'4.31'[39m, [32m'3.39'[39m, [32m'0.00'[39m ]
data rcv RT:[ [32m'0.00'[39m, [32m'4.33'[39m, [32m'3.36'[39m, [32m'0.02'[39m ]
data rcv RT:[ [32m'0.00'[39m, [32m'4.38'[39m, [32m'3.40'[39m, [32m'0.02'[39m ]
data rcv RT:[ [32m'0.00'[39m, [32m'4.39'[39m, [32m'3.37'[39m, [32m'0.01'[39m ]
data rcv RT:[ [32m'0.00'[39m, [32m'4.34'[39m, [32m'3.40'[39m, [32m'0.00'[39m ]
data rcv RT:[ [32m'0.00'[39m, [32m'4.31'[39m, [32m'3.44'[39m, [32m'0.00'[39m ]
data rcv RT:[ [32m'0.00'[39m, [32m'4.29'[39m, [32m'3.45'[39m, [32m'0.00'[39m ]
data rcv RT:[ [32m'0.00'[39m, [32m'4.27'[39m, [32m'3.39'[39m, [32m'0.00'[39m ]
data rcv RT:[ [32m'0.00'[39m, [32m'4.27'[39m, [32m'3.38'[39m, [32m'0.00'[39m ]
data rcv RT:[ [32m'0.00'[39m, [32m'4.30'[39m, [32m'3.37'[39m, [32m'0.00'[39m ]
data rcv RT:[ [32m'0.00'[39m, [32m'4.32'[39m, [32m'3.38'[39m, [32m'0.00'[39m ]
data rcv RT:[ [32m'0.00'[39m, [32m'4.31'[39m, [32m'3.37'[39m, [32m'0.00'[39m ]
data rcv RT:[ [32m'0.00'[39m, [32m'4.33'[39m, [32m'3.39'[39m, [32m'0.02'[39m ]
data rcv RT:[ [32m'0.00'[39m, [32m'4.37'[39m, [32m'3.42'[39m, [32m'0.00'[39m ]
data rcv RT:[ [32m'0.00'[39m, [32m'4.36'[39m, [32m'3.40'[39m, [32m'0.00'[39m ]
data rcv RT:[ [32m'0.00'[39m, [32m'4.34'[39m, [32m'3.42'[39m, [32m'0.00'[39m ]
data rcv RT:[ [32m'0.00'[39m, [32m'4.30'[39m, [32m'3.42'[39m, [32m'0.00'[39m ]
data rcv RT:[ [32m'0.00'[39m, [32m'4.32'[39m, [32m'3.45'[39m, [32m'0.00'[39m ]
data rcv RT:[ [32m'0.00'[39m, [32m'4.30'[39m, [32m'3.44'[39m, [32m'0.00'[39m ]
data rcv RT:[ [32m'0.00'[39m, [32m'4.30'[39m, [32m'3.44'[39m, [32m'0.00'[39m ]
data rcv RT:[ [32m'0.00'[39m, [32m'4.29'[39m, [32m'3.40'[39m, [32m'0.00'[39m ]
data rcv RT:[ [32m'0.00'[39m, [32m'4.28'[39m, [32m'3.42'[39m, [32m'0.00'[39m ]
data rcv RT:[ [32m'0.00'[39m, [32m'4.27'[39m, [32m'3.38'[39m, [32m'0.00'[39m ]
data rcv RT:[ [32m'0.00'[39m, [32m'4.31'[39m, [32m'3.37'[39m, [32m'0.02'[39m ]
data rcv RT:[ [32m'0.00'[39m, [32m'4.30'[39m, [32m'3.39'[39m, [32m'0.00'[39m ]
data rcv RT:[ [32m'0.00'[39m, [32m'4.38'[39m, [32m'3.38'[39m, [32m'0.04'[39m ]
data rcv RT:[ [32m'0.00'[39m, [32m'4.37'[39m, [32m'3.40'[39m, [32m'0.00'[39m ]
data rcv RT:[ [32m'0.00'[39m, [32m'4.38'[39m, [32m'3.40'[39m, [32m'0.00'[39m ]
data rcv RT:[ [32m'0.00'[39m, [32m'4.35'[39m, [32m'3.43'[39m, [32m'0.00'[39m ]
data rcv RT:[ [32m'0.00'[39m, [32m'4.35'[39m, [32m'3.44'[39m, [32m'0.00'[39m ]
data rcv RT:[ [32m'0.00'[39m, [32m'4.35'[39m, [32m'3.41'[39m, [32m'0.00'[39m ]
data rcv RT:[ [32m'0.00'[39m, [32m'4.30'[39m, [32m'3.43'[39m, [32m'0.00'[39m ]
data rcv RT:[ [32m'0.00'[39m, [32m'4.31'[39m, [32m'3.42'[39m, [32m'0.00'[39m ]
data rcv RT:[ [32m'0.00'[39m, [32m'4.31'[39m, [32m'3.42'[39m, [32m'0.00'[39m ]
data rcv RT:[ [32m'0.00'[39m, [32m'4.27'[39m, [32m'3.43'[39m, [32m'0.00'[39m ]
data rcv RT:[ [32m'0.00'[39m, [32m'4.24'[39m, [32m'3.41'[39m, [32m'0.00'[39m ]
data rcv RT:[ [32m'0.00'[39m, [32m'4.28'[39m, [32m'3.41'[39m, [32m'0.00'[39m ]
data rcv RT:[ [32m'0.00'[39m, [32m'4.27'[39m, [32m'3.42'[39m, [32m'0.00'[39m ]
data rcv RT:[ [32m'0.00'[39m, [32m'4.27'[39m, [32m'3.39'[39m, [32m'0.00'[39m ]
data rcv RT:[ [32m'0.00'[39m, [32m'4.28'[39m, [32m'3.39'[39m, [32m'0.00'[39m ]
data rcv RT:[ [32m'0.00'[39m, [32m'4.31'[39m, [32m'3.40'[39m, [32m'0.00'[39m ]
data rcv RT:[ [32m'0.00'[39m, [32m'4.31'[39m, [32m'3.38'[39m, [32m'0.01'[39m ]
data rcv RT:[ [32m'0.00'[39m, [32m'4.33'[39m, [32m'3.38'[39m, [32m'0.01'[39m ]
data rcv RT:[ [32m'0.00'[39m, [32m'4.34'[39m, [32m'3.38'[39m, [32m'0.01'[39m ]
data rcv RT:[ [32m'0.00'[39m, [32m'4.34'[39m, [32m'3.34'[39m, [32m'0.05'[39m ]
data rcv RT:[ [32m'0.00'[39m, [32m'4.35'[39m, [32m'3.42'[39m, [32m'0.00'[39m ]
data rcv RT:[ [32m'0.00'[39m, [32m'4.35'[39m, [32m'3.43'[39m, [32m'0.00'[39m ]
data rcv RT:[ [32m'0.00'[39m, [32m'4.35'[39m, [32m'3.41'[39m, [32m'0.00'[39m ]
data rcv RT:[ [32m'0.00'[39m, [32m'4.32'[39m, [32m'3.44'[39m, [32m'0.00'[39m ]
data rcv RT:[ [32m'0.00'[39m, [32m'4.31'[39m, [32m'3.44'[39m, [32m'0.00'[39m ]
data rcv RT:[ [32m'0.00'[39m, [32m'4.30'[39m, [32m'3.44'[39m, [32m'0.00'[39m ]
data rcv RT:[ [32m'0.00'[39m, [32m'4.31'[39m, [32m'3.43'[39m, [32m'0.00'[39m ]
data rcv RT:[ [32m'0.00'[39m, [32m'4.28'[39m, [32m'3.42'[39m, [32m'0.00'[39m ]
data rcv RT:[ [32m'0.00'[39m, [32m'4.24'[39m, [32m'3.40'[39m, [32m'0.00'[39m ]
data rcv RT:[ [32m'0.00'[39m, [32m'4.27'[39m, [32m'3.39'[39m, [32m'0.00'[39m ]
data rcv RT:[ [32m'0.00'[39m, [32m'4.28'[39m, [32m'3.39'[39m, [32m'0.00'[39m ]
data rcv RT:[ [32m'0.00'[39m, [32m'4.31'[39m, [32m'3.40'[39m, [32m'0.00'[39m ]
data rcv RT:[ [32m'0.00'[39m, [32m'4.32'[39m, [32m'3.38'[39m, [32m'0.00'[39m ]
data rcv RT:[ [32m'0.00'[39m, [32m'4.35'[39m, [32m'3.37'[39m, [32m'0.01'[39m ]
data rcv RT:[ [32m'0.00'[39m, [32m'4.33'[39m, [32m'3.36'[39m, [32m'0.04'[39m ]
data rcv RT:[ [32m'0.00'[39m, [32m'4.39'[39m, [32m'3.39'[39m, [32m'0.02'[39m ]
data rcv RT:[ [32m'0.00'[39m, [32m'4.38'[39m, [32m'3.41'[39m, [32m'0.00'[39m ]
data rcv RT:[ [32m'0.00'[39m, [32m'4.37'[39m, [32m'3.39'[39m, [32m'0.03'[39m ]
data rcv RT:[ [32m'0.00'[39m, [32m'4.35'[39m, [32m'3.40'[39m, [32m'0.00'[39m ]
data rcv RT:[ [32m'0.00'[39m, [32m'4.31'[39m, [32m'3.42'[39m, [32m'0.00'[39m ]
data rcv RT:[ [32m'0.00'[39m, [32m'4.32'[39m, [32m'3.42'[39m, [32m'0.00'[39m ]
data rcv RT:[ [32m'0.00'[39m, [32m'4.30'[39m, [32m'3.41'[39m, [32m'0.00'[39m ]
data rcv RT:[ [32m'0.00'[39m, [32m'4.31'[39m, [32m'3.42'[39m, [32m'0.00'[39m ]
data rcv RT:[ [32m'0.00'[39m, [32m'4.30'[39m, [32m'3.42'[39m, [32m'0.00'[39m ]
data rcv RT:[ [32m'0.00'[39m, [32m'4.30'[39m, [32m'3.46'[39m, [32m'0.00'[39m ]
data rcv RT:[ [32m'0.00'[39m, [32m'4.30'[39m, [32m'3.44'[39m, [32m'0.00'[39m ]
data rcv RT:[ [32m'0.00'[39m, [32m'4.26'[39m, [32m'3.38'[39m, [32m'0.00'[39m ]
data rcv RT:[ [32m'0.00'[39m, [32m'4.27'[39m, [32m'3.40'[39m, [32m'0.00'[39m ]
data rcv RT:[ [32m'0.00'[39m, [32m'4.28'[39m, [32m'3.39'[39m, [32m'0.00'[39m ]
data rcv RT:[ [32m'0.00'[39m, [32m'4.33'[39m, [32m'3.38'[39m, [32m'0.00'[39m ]
data rcv RT:[ [32m'0.00'[39m, [32m'4.34'[39m, [32m'3.37'[39m, [32m'0.01'[39m ]
data rcv RT:[ [32m'0.00'[39m, [32m'4.34'[39m, [32m'3.34'[39m, [32m'0.07'[39m ]
data rcv RT:[ [32m'0.00'[39m, [32m'4.37'[39m, [32m'3.35'[39m, [32m'0.02'[39m ]
data rcv RT:[ [32m'0.00'[39m, [32m'4.34'[39m, [32m'3.39'[39m, [32m'0.02'[39m ]
data rcv RT:[ [32m'0.00'[39m, [32m'4.36'[39m, [32m'3.39'[39m, [32m'0.01'[39m ]
data rcv RT:[ [32m'0.00'[39m, [32m'4.35'[39m, [32m'3.44'[39m, [32m'0.00'[39m ]
data rcv RT:[ [32m'0.00'[39m, [32m'4.35'[39m, [32m'3.42'[39m, [32m'0.00'[39m ]
data rcv RT:[ [32m'0.00'[39m, [32m'4.34'[39m, [32m'3.42'[39m, [32m'0.00'[39m ]
data rcv RT:[ [32m'0.00'[39m, [32m'4.30'[39m, [32m'3.41'[39m, [32m'0.00'[39m ]
data rcv RT:[ [32m'0.00'[39m, [32m'4.30'[39m, [32m'3.43'[39m, [32m'0.00'[39m ]
data rcv RT:[ [32m'0.00'[39m, [32m'4.30'[39m, [32m'3.41'[39m, [32m'0.00'[39m ]
data rcv RT:[ [32m'0.00'[39m, [32m'4.31'[39m, [32m'3.48'[39m, [32m'0.00'[39m ]
data rcv RT:[ [32m'0.00'[39m, [32m'4.28'[39m, [32m'3.40'[39m, [32m'0.00'[39m ]
data rcv RT:[ [32m'0.00'[39m, [32m'4.28'[39m, [32m'3.38'[39m, [32m'0.00'[39m ]
data rcv RT:[ [32m'0.00'[39m, [32m'4.28'[39m, [32m'3.38'[39m, [32m'0.00'[39m ]
data rcv RT:[ [32m'0.00'[39m, [32m'4.27'[39m, [32m'3.39'[39m, [32m'0.00'[39m ]
data rcv RT:[ [32m'0.00'[39m, [32m'4.32'[39m, [32m'3.37'[39m, [32m'0.01'[39m ]
data rcv RT:[ [32m'0.00'[39m, [32m'4.30'[39m, [32m'3.39'[39m, [32m'0.00'[39m ]
data rcv RT:[ [32m'0.00'[39m, [32m'4.32'[39m, [32m'3.38'[39m, [32m'0.02'[39m ]
data rcv RT:[ [32m'0.00'[39m, [32m'4.33'[39m, [32m'3.39'[39m, [32m'0.03'[39m ]
data rcv RT:[ [32m'0.00'[39m, [32m'4.36'[39m, [32m'3.37'[39m, [32m'0.05'[39m ]
data rcv RT:[ [32m'0.00'[39m, [32m'4.35'[39m, [32m'3.39'[39m, [32m'0.02'[39m ]
data rcv RT:[ [32m'0.00'[39m, [32m'4.39'[39m, [32m'3.43'[39m, [32m'0.04'[39m ]
data rcv RT:[ [32m'0.00'[39m, [32m'4.35'[39m, [32m'3.42'[39m, [32m'0.00'[39m ]
data rcv RT:[ [32m'0.00'[39m, [32m'4.37'[39m, [32m'3.42'[39m, [32m'0.00'[39m ]
data rcv RT:[ [32m'0.00'[39m, [32m'4.38'[39m, [32m'3.45'[39m, [32m'0.01'[39m ]
data rcv RT:[ [32m'0.00'[39m, [32m'4.34'[39m, [32m'3.41'[39m, [32m'0.00'[39m ]
data rcv RT:[ [32m'0.00'[39m, [32m'4.31'[39m, [32m'3.44'[39m, [32m'0.00'[39m ]
data rcv RT:[ [32m'0.00'[39m, [32m'4.31'[39m, [32m'3.45'[39m, [32m'0.00'[39m ]
data rcv RT:[ [32m'0.00'[39m, [32m'4.30'[39m, [32m'3.42'[39m, [32m'0.00'[39m ]
data rcv RT:[ [32m'0.00'[39m, [32m'4.28'[39m, [32m'3.42'[39m, [32m'0.00'[39m ]
data rcv RT:[ [32m'0.00'[39m, [32m'4.26'[39m, [32m'3.41'[39m, [32m'0.00'[39m ]
data rcv RT:[ [32m'0.00'[39m, [32m'4.27'[39m, [32m'3.37'[39m, [32m'0.00'[39m ]
data rcv RT:[ [32m'0.00'[39m, [32m'4.31'[39m, [32m'3.37'[39m, [32m'0.02'[39m ]
data rcv RT:[ [32m'0.00'[39m, [32m'4.29'[39m, [32m'3.37'[39m, [32m'0.01'[39m ]
data rcv RT:[ [32m'0.00'[39m, [32m'4.31'[39m, [32m'3.40'[39m, [32m'0.00'[39m ]
data rcv RT:[ [32m'0.00'[39m, [32m'4.34'[39m, [32m'3.36'[39m, [32m'0.05'[39m ]
data rcv RT:[ [32m'0.00'[39m, [32m'4.37'[39m, [32m'3.39'[39m, [32m'0.03'[39m ]
data rcv RT:[ [32m'0.00'[39m, [32m'4.35'[39m, [32m'3.42'[39m, [32m'0.00'[39m ]
data rcv RT:[ [32m'0.00'[39m, [32m'4.32'[39m, [32m'3.43'[39m, [32m'0.00'[39m ]
data rcv RT:[ [32m'0.00'[39m, [32m'4.34'[39m, [32m'3.43'[39m, [32m'0.00'[39m ]
data rcv RT:[ [32m'0.00'[39m, [32m'4.31'[39m, [32m'3.44'[39m, [32m'0.00'[39m ]
data rcv RT:[ [32m'0.00'[39m, [32m'4.26'[39m, [32m'3.39'[39m, [32m'0.00'[39m ]
data rcv RT:[ [32m'0.00'[39m, [32m'4.28'[39m, [32m'3.39'[39m, [32m'0.00'[39m ]
data rcv RT:[ [32m'0.00'[39m, [32m'4.26'[39m, [32m'3.45'[39m, [32m'0.00'[39m ]
data rcv RT:[ [32m'0.00'[39m, [32m'4.29'[39m, [32m'3.36'[39m, [32m'0.00'[39m ]
data rcv RT:[ [32m'0.00'[39m, [32m'4.30'[39m, [32m'3.38'[39m, [32m'0.00'[39m ]
data rcv RT:[ [32m'0.00'[39m, [32m'4.32'[39m, [32m'3.37'[39m, [32m'0.03'[39m ]
data rcv RT:[ [32m'0.00'[39m, [32m'4.37'[39m, [32m'3.37'[39m, [32m'0.03'[39m ]
data rcv RT:[ [32m'0.00'[39m, [32m'4.36'[39m, [32m'3.37'[39m, [32m'0.02'[39m ]
data rcv RT:[ [32m'0.00'[39m, [32m'4.37'[39m, [32m'3.40'[39m, [32m'0.01'[39m ]
data rcv RT:[ [32m'0.00'[39m, [32m'4.34'[39m, [32m'3.43'[39m, [32m'0.00'[39m ]
data rcv RT:[ [32m'0.00'[39m, [32m'4.33'[39m, [32m'3.43'[39m, [32m'0.00'[39m ]
data rcv RT:[ [32m'0.00'[39m, [32m'4.31'[39m, [32m'3.47'[39m, [32m'0.00'[39m ]
data rcv RT:[ [32m'0.00'[39m, [32m'4.26'[39m, [32m'3.41'[39m, [32m'0.00'[39m ]
data rcv RT:[ [32m'0.00'[39m, [32m'4.27'[39m, [32m'3.42'[39m, [32m'0.00'[39m ]
data rcv RT:[ [32m'0.00'[39m, [32m'4.24'[39m, [32m'3.39'[39m, [32m'0.00'[39m ]
data rcv RT:[ [32m'0.00'[39m, [32m'4.31'[39m, [32m'3.37'[39m, [32m'0.01'[39m ]
data rcv RT:[ [32m'0.00'[39m, [32m'4.35'[39m, [32m'3.39'[39m, [32m'0.01'[39m ]
data rcv RT:[ [32m'0.00'[39m, [32m'4.37'[39m, [32m'3.40'[39m, [32m'0.02'[39m ]
data rcv RT:[ [32m'0.00'[39m, [32m'4.35'[39m, [32m'3.41'[39m, [32m'0.00'[39m ]
data rcv RT:[ [32m'0.00'[39m, [32m'4.37'[39m, [32m'3.40'[39m, [32m'0.00'[39m ]
data rcv RT:[ [32m'0.00'[39m, [32m'4.37'[39m, [32m'3.43'[39m, [32m'0.00'[39m ]
data rcv RT:[ [32m'0.00'[39m, [32m'4.31'[39m, [32m'3.42'[39m, [32m'0.00'[39m ]
data rcv RT:[ [32m'0.00'[39m, [32m'4.30'[39m, [32m'3.43'[39m, [32m'0.00'[39m ]
data rcv RT:[ [32m'0.00'[39m, [32m'4.32'[39m, [32m'3.44'[39m, [32m'0.00'[39m ]
data rcv RT:[ [32m'0.00'[39m, [32m'4.28'[39m, [32m'3.42'[39m, [32m'0.00'[39m ]
data rcv RT:[ [32m'0.00'[39m, [32m'4.27'[39m, [32m'3.41'[39m, [32m'0.00'[39m ]
data rcv RT:[ [32m'0.00'[39m, [32m'4.29'[39m, [32m'3.36'[39m, [32m'0.00'[39m ]
data rcv RT:[ [32m'0.00'[39m, [32m'4.28'[39m, [32m'3.39'[39m, [32m'0.00'[39m ]
data rcv RT:[ [32m'0.00'[39m, [32m'4.33'[39m, [32m'3.38'[39m, [32m'0.01'[39m ]
data rcv RT:[ [32m'0.00'[39m, [32m'4.34'[39m, [32m'3.38'[39m, [32m'0.00'[39m ]
data rcv RT:[ [32m'0.00'[39m, [32m'4.37'[39m, [32m'3.38'[39m, [32m'0.03'[39m ]
data rcv RT:[ [32m'0.00'[39m, [32m'4.35'[39m, [32m'3.45'[39m, [32m'0.00'[39m ]
data rcv RT:[ [32m'0.00'[39m, [32m'4.38'[39m, [32m'3.44'[39m, [32m'0.00'[39m ]
data rcv RT:[ [32m'0.00'[39m, [32m'4.31'[39m, [32m'3.42'[39m, [32m'0.00'[39m ]
data rcv RT:[ [32m'0.00'[39m, [32m'4.31'[39m, [32m'3.43'[39m, [32m'0.00'[39m ]
data rcv RT:[ [32m'0.00'[39m, [32m'4.30'[39m, [32m'3.43'[39m, [32m'0.00'[39m ]
data rcv RT:[ [32m'0.00'[39m, [32m'4.25'[39m, [32m'3.39'[39m, [32m'0.00'[39m ]
data rcv RT:[ [32m'0.00'[39m, [32m'4.25'[39m, [32m'3.39'[39m, [32m'0.00'[39m ]
data rcv RT:[ [32m'0.00'[39m, [32m'4.28'[39m, [32m'3.38'[39m, [32m'0.00'[39m ]
data rcv RT:[ [32m'0.00'[39m, [32m'4.27'[39m, [32m'3.39'[39m, [32m'0.00'[39m ]
data rcv RT:[ [32m'0.00'[39m, [32m'4.32'[39m, [32m'3.40'[39m, [32m'0.00'[39m ]
data rcv RT:[ [32m'0.00'[39m, [32m'4.33'[39m, [32m'3.36'[39m, [32m'0.05'[39m ]
data rcv RT:[ [32m'0.00'[39m, [32m'4.38'[39m, [32m'3.42'[39m, [32m'0.01'[39m ]
data rcv RT:[ [32m'0.00'[39m, [32m'4.37'[39m, [32m'3.43'[39m, [32m'0.00'[39m ]
data rcv RT:[ [32m'0.00'[39m, [32m'4.34'[39m, [32m'3.42'[39m, [32m'0.00'[39m ]
data rcv RT:[ [32m'0.00'[39m, [32m'4.31'[39m, [32m'3.41'[39m, [32m'0.00'[39m ]
data rcv RT:[ [32m'0.00'[39m, [32m'4.31'[39m, [32m'3.42'[39m, [32m'0.00'[39m ]
data rcv RT:[ [32m'0.00'[39m, [32m'4.31'[39m, [32m'3.45'[39m, [32m'0.00'[39m ]
data rcv RT:[ [32m'0.00'[39m, [32m'4.28'[39m, [32m'3.41'[39m, [32m'0.00'[39m ]
data rcv RT:[ [32m'0.00'[39m, [32m'4.29'[39m, [32m'3.42'[39m, [32m'0.00'[39m ]
data rcv RT:[ [32m'0.00'[39m, [32m'4.26'[39m, [32m'3.40'[39m, [32m'0.00'[39m ]
data rcv RT:[ [32m'0.00'[39m, [32m'4.26'[39m, [32m'3.40'[39m, [32m'0.00'[39m ]
data rcv RT:[ [32m'0.00'[39m, [32m'4.27'[39m, [32m'3.38'[39m, [32m'0.00'[39m ]
data rcv RT:[ [32m'0.00'[39m, [32m'4.27'[39m, [32m'3.37'[39m, [32m'0.00'[39m ]
data rcv RT:[ [32m'0.00'[39m, [32m'4.34'[39m, [32m'3.40'[39m, [32m'0.00'[39m ]
data rcv RT:[ [32m'0.00'[39m, [32m'4.34'[39m, [32m'3.38'[39m, [32m'0.00'[39m ]
data rcv RT:[ [32m'0.00'[39m, [32m'4.34'[39m, [32m'3.35'[39m, [32m'0.04'[39m ]
data rcv RT:[ [32m'0.00'[39m, [32m'4.33'[39m, [32m'3.37'[39m, [32m'0.01'[39m ]
data rcv RT:[ [32m'0.00'[39m, [32m'4.37'[39m, [32m'3.40'[39m, [32m'0.04'[39m ]
data rcv RT:[ [32m'0.00'[39m, [32m'4.36'[39m, [32m'3.43'[39m, [32m'0.00'[39m ]
data rcv RT:[ [32m'0.00'[39m, [32m'4.36'[39m, [32m'3.40'[39m, [32m'0.00'[39m ]
data rcv RT:[ [32m'0.00'[39m, [32m'4.31'[39m, [32m'3.44'[39m, [32m'0.00'[39m ]
data rcv RT:[ [32m'0.00'[39m, [32m'4.34'[39m, [32m'3.42'[39m, [32m'0.00'[39m ]
data rcv RT:[ [32m'0.00'[39m, [32m'4.30'[39m, [32m'3.45'[39m, [32m'0.00'[39m ]
data rcv RT:[ [32m'0.00'[39m, [32m'4.31'[39m, [32m'3.44'[39m, [32m'0.00'[39m ]
data rcv RT:[ [32m'0.00'[39m, [32m'4.26'[39m, [32m'3.41'[39m, [32m'0.00'[39m ]
data rcv RT:[ [32m'0.00'[39m, [32m'4.27'[39m, [32m'3.41'[39m, [32m'0.00'[39m ]
data rcv RT:[ [32m'0.00'[39m, [32m'4.24'[39m, [32m'3.39'[39m, [32m'0.00'[39m ]
data rcv RT:[ [32m'0.00'[39m, [32m'4.29'[39m, [32m'3.37'[39m, [32m'0.00'[39m ]
data rcv RT:[ [32m'0.00'[39m, [32m'4.31'[39m, [32m'3.37'[39m, [32m'0.01'[39m ]
data rcv RT:[ [32m'0.00'[39m, [32m'4.33'[39m, [32m'3.37'[39m, [32m'0.04'[39m ]
data rcv RT:[ [32m'0.00'[39m, [32m'4.36'[39m, [32m'3.38'[39m, [32m'0.02'[39m ]
data rcv RT:[ [32m'0.00'[39m, [32m'4.37'[39m, [32m'3.42'[39m, [32m'0.00'[39m ]
data rcv RT:[ [32m'0.00'[39m, [32m'4.37'[39m, [32m'3.41'[39m, [32m'0.00'[39m ]
data rcv RT:[ [32m'0.00'[39m, [32m'4.35'[39m, [32m'3.43'[39m, [32m'0.00'[39m ]
data rcv RT:[ [32m'0.00'[39m, [32m'4.32'[39m, [32m'3.44'[39m, [32m'0.00'[39m ]
data rcv RT:[ [32m'0.00'[39m, [32m'4.29'[39m, [32m'3.43'[39m, [32m'0.00'[39m ]
data rcv RT:[ [32m'0.00'[39m, [32m'4.30'[39m, [32m'3.44'[39m, [32m'0.00'[39m ]
data rcv RT:[ [32m'0.00'[39m, [32m'4.30'[39m, [32m'3.43'[39m, [32m'0.00'[39m ]
data rcv RT:[ [32m'0.00'[39m, [32m'4.28'[39m, [32m'3.43'[39m, [32m'0.00'[39m ]
data rcv RT:[ [32m'0.00'[39m, [32m'4.25'[39m, [32m'3.42'[39m, [32m'0.00'[39m ]
data rcv RT:[ [32m'0.00'[39m, [32m'4.28'[39m, [32m'3.38'[39m, [32m'0.00'[39m ]
data rcv RT:[ [32m'0.00'[39m, [32m'4.28'[39m, [32m'3.35'[39m, [32m'0.00'[39m ]
data rcv RT:[ [32m'0.00'[39m, [32m'4.26'[39m, [32m'3.38'[39m, [32m'0.00'[39m ]
data rcv RT:[ [32m'0.00'[39m, [32m'4.29'[39m, [32m'3.38'[39m, [32m'0.00'[39m ]
data rcv RT:[ [32m'0.00'[39m, [32m'4.30'[39m, [32m'3.39'[39m, [32m'0.01'[39m ]
data rcv RT:[ [32m'0.00'[39m, [32m'4.33'[39m, [32m'3.37'[39m, [32m'0.02'[39m ]
data rcv RT:[ [32m'0.00'[39m, [32m'4.35'[39m, [32m'3.36'[39m, [32m'0.05'[39m ]
data rcv RT:[ [32m'0.00'[39m, [32m'4.33'[39m, [32m'3.32'[39m, [32m'0.06'[39m ]
data rcv RT:[ [32m'0.00'[39m, [32m'4.38'[39m, [32m'3.41'[39m, [32m'0.00'[39m ]
data rcv RT:[ [32m'0.00'[39m, [32m'4.36'[39m, [32m'3.40'[39m, [32m'0.00'[39m ]
data rcv RT:[ [32m'0.00'[39m, [32m'4.36'[39m, [32m'3.41'[39m, [32m'0.00'[39m ]
data rcv RT:[ [32m'0.00'[39m, [32m'4.33'[39m, [32m'3.43'[39m, [32m'0.00'[39m ]
data rcv RT:[ [32m'0.00'[39m, [32m'4.34'[39m, [32m'3.43'[39m, [32m'0.00'[39m ]
data rcv RT:[ [32m'0.00'[39m, [32m'4.31'[39m, [32m'3.40'[39m, [32m'0.00'[39m ]
data rcv RT:[ [32m'0.00'[39m, [32m'4.34'[39m, [32m'3.41'[39m, [32m'0.00'[39m ]
data rcv RT:[ [32m'0.00'[39m, [32m'4.32'[39m, [32m'3.42'[39m, [32m'0.00'[39m ]
data rcv RT:[ [32m'0.00'[39m, [32m'4.31'[39m, [32m'3.41'[39m, [32m'0.00'[39m ]
data rcv RT:[ [32m'0.00'[39m, [32m'4.29'[39m, [32m'3.41'[39m, [32m'0.00'[39m ]
data rcv RT:[ [32m'0.00'[39m, [32m'4.26'[39m, [32m'3.38'[39m, [32m'0.00'[39m ]
data rcv RT:[ [32m'0.00'[39m, [32m'4.29'[39m, [32m'3.38'[39m, [32m'0.00'[39m ]
data rcv RT:[ [32m'0.00'[39m, [32m'4.26'[39m, [32m'3.40'[39m, [32m'0.00'[39m ]
data rcv RT:[ [32m'0.00'[39m, [32m'4.27'[39m, [32m'3.36'[39m, [32m'0.00'[39m ]
data rcv RT:[ [32m'0.00'[39m, [32m'4.30'[39m, [32m'3.37'[39m, [32m'0.00'[39m ]
data rcv RT:[ [32m'0.00'[39m, [32m'4.33'[39m, [32m'3.37'[39m, [32m'0.02'[39m ]
data rcv RT:[ [32m'0.00'[39m, [32m'4.31'[39m, [32m'3.36'[39m, [32m'0.00'[39m ]
data rcv RT:[ [32m'0.00'[39m, [32m'4.30'[39m, [32m'3.38'[39m, [32m'0.01'[39m ]
data rcv RT:[ [32m'0.00'[39m, [32m'4.30'[39m, [32m'3.38'[39m, [32m'0.01'[39m ]
data rcv RT:[ [32m'0.00'[39m, [32m'4.34'[39m, [32m'3.36'[39m, [32m'0.00'[39m ]
data rcv RT:[ [32m'0.00'[39m, [32m'4.33'[39m, [32m'3.40'[39m, [32m'0.01'[39m ]
data rcv RT:[ [32m'0.00'[39m, [32m'4.36'[39m, [32m'3.37'[39m, [32m'0.07'[39m ]
data rcv RT:[ [32m'0.00'[39m, [32m'4.40'[39m, [32m'3.41'[39m, [32m'0.02'[39m ]
data rcv RT:[ [32m'0.00'[39m, [32m'4.37'[39m, [32m'3.39'[39m, [32m'0.02'[39m ]
data rcv RT:[ [32m'0.00'[39m, [32m'4.37'[39m, [32m'3.43'[39m, [32m'0.00'[39m ]
data rcv RT:[ [32m'0.00'[39m, [32m'4.38'[39m, [32m'3.39'[39m, [32m'0.02'[39m ]
data rcv RT:[ [32m'0.00'[39m, [32m'4.37'[39m, [32m'3.39'[39m, [32m'0.01'[39m ]
data rcv RT:[ [32m'0.00'[39m, [32m'4.36'[39m, [32m'3.42'[39m, [32m'0.00'[39m ]
data rcv RT:[ [32m'0.00'[39m, [32m'4.37'[39m, [32m'3.42'[39m, [32m'0.00'[39m ]
data rcv RT:[ [32m'0.00'[39m, [32m'4.34'[39m, [32m'3.45'[39m, [32m'0.00'[39m ]
data rcv RT:[ [32m'0.00'[39m, [32m'4.32'[39m, [32m'3.43'[39m, [32m'0.00'[39m ]
data rcv RT:[ [32m'0.00'[39m, [32m'4.30'[39m, [32m'3.41'[39m, [32m'0.00'[39m ]
data rcv RT:[ [32m'0.00'[39m, [32m'4.30'[39m, [32m'3.41'[39m, [32m'0.00'[39m ]
data rcv RT:[ [32m'0.00'[39m, [32m'4.29'[39m, [32m'3.41'[39m, [32m'0.00'[39m ]
data rcv RT:[ [32m'0.00'[39m, [32m'4.28'[39m, [32m'3.40'[39m, [32m'0.00'[39m ]
data rcv RT:[ [32m'0.00'[39m, [32m'4.26'[39m, [32m'3.39'[39m, [32m'0.00'[39m ]
data rcv RT:[ [32m'0.00'[39m, [32m'4.30'[39m, [32m'3.40'[39m, [32m'0.00'[39m ]
data rcv RT:[ [32m'0.00'[39m, [32m'4.30'[39m, [32m'3.39'[39m, [32m'0.00'[39m ]
data rcv RT:[ [32m'0.00'[39m, [32m'4.33'[39m, [32m'3.32'[39m, [32m'0.06'[39m ]
data rcv RT:[ [32m'0.00'[39m, [32m'4.31'[39m, [32m'3.37'[39m, [32m'0.04'[39m ]
data rcv RT:[ [32m'0.00'[39m, [32m'4.32'[39m, [32m'3.36'[39m, [32m'0.09'[39m ]
data rcv RT:[ [32m'0.00'[39m, [32m'4.33'[39m, [32m'3.36'[39m, [32m'0.04'[39m ]
data rcv RT:[ [32m'0.00'[39m, [32m'4.39'[39m, [32m'3.41'[39m, [32m'0.00'[39m ]
data rcv RT:[ [32m'0.00'[39m, [32m'4.37'[39m, [32m'3.38'[39m, [32m'0.03'[39m ]
data rcv RT:[ [32m'0.00'[39m, [32m'4.36'[39m, [32m'3.43'[39m, [32m'0.00'[39m ]
data rcv RT:[ [32m'0.00'[39m, [32m'4.37'[39m, [32m'3.40'[39m, [32m'0.00'[39m ]
data rcv RT:[ [32m'0.00'[39m, [32m'4.31'[39m, [32m'3.43'[39m, [32m'0.00'[39m ]
data rcv RT:[ [32m'0.00'[39m, [32m'4.31'[39m, [32m'3.41'[39m, [32m'0.00'[39m ]
data rcv RT:[ [32m'0.00'[39m, [32m'4.31'[39m, [32m'3.43'[39m, [32m'0.00'[39m ]
data rcv RT:[ [32m'0.00'[39m, [32m'4.29'[39m, [32m'3.41'[39m, [32m'0.00'[39m ]
data rcv RT:[ [32m'0.00'[39m, [32m'4.26'[39m, [32m'3.39'[39m, [32m'0.00'[39m ]
data rcv RT:[ [32m'0.00'[39m, [32m'4.26'[39m, [32m'3.39'[39m, [32m'0.00'[39m ]
data rcv RT:[ [32m'0.00'[39m, [32m'4.30'[39m, [32m'3.39'[39m, [32m'0.00'[39m ]
data rcv RT:[ [32m'0.00'[39m, [32m'4.29'[39m, [32m'3.39'[39m, [32m'0.00'[39m ]
data rcv RT:[ [32m'0.00'[39m, [32m'4.32'[39m, [32m'3.37'[39m, [32m'0.00'[39m ]
data rcv RT:[ [32m'0.00'[39m, [32m'4.36'[39m, [32m'3.37'[39m, [32m'0.05'[39m ]
data rcv RT:[ [32m'0.00'[39m, [32m'4.37'[39m, [32m'3.42'[39m, [32m'0.02'[39m ]
data rcv RT:[ [32m'0.00'[39m, [32m'4.38'[39m, [32m'3.46'[39m, [32m'0.00'[39m ]
data rcv RT:[ [32m'0.00'[39m, [32m'4.37'[39m, [32m'3.42'[39m, [32m'0.00'[39m ]
data rcv RT:[ [32m'0.00'[39m, [32m'4.32'[39m, [32m'3.43'[39m, [32m'0.00'[39m ]
data rcv RT:[ [32m'0.00'[39m, [32m'4.29'[39m, [32m'3.44'[39m, [32m'0.00'[39m ]
data rcv RT:[ [32m'0.00'[39m, [32m'4.29'[39m, [32m'3.45'[39m, [32m'0.00'[39m ]
data rcv RT:[ [32m'0.00'[39m, [32m'4.29'[39m, [32m'3.46'[39m, [32m'0.00'[39m ]
data rcv RT:[ [32m'0.00'[39m, [32m'4.28'[39m, [32m'3.39'[39m, [32m'0.00'[39m ]
data rcv RT:[ [32m'0.00'[39m, [32m'4.27'[39m, [32m'3.38'[39m, [32m'0.00'[39m ]
data rcv RT:[ [32m'0.00'[39m, [32m'4.26'[39m, [32m'3.39'[39m, [32m'0.00'[39m ]
data rcv RT:[ [32m'0.00'[39m, [32m'4.32'[39m, [32m'3.39'[39m, [32m'0.01'[39m ]
data rcv RT:[ [32m'0.00'[39m, [32m'4.30'[39m, [32m'3.39'[39m, [32m'0.01'[39m ]
data rcv RT:[ [32m'0.00'[39m, [32m'4.32'[39m, [32m'3.37'[39m, [32m'0.01'[39m ]
data rcv RT:[ [32m'0.00'[39m, [32m'4.34'[39m, [32m'3.38'[39m, [32m'0.02'[39m ]
data rcv RT:[ [32m'0.00'[39m, [32m'4.36'[39m, [32m'3.36'[39m, [32m'0.05'[39m ]
data rcv RT:[ [32m'0.00'[39m, [32m'4.38'[39m, [32m'3.36'[39m, [32m'0.02'[39m ]
data rcv RT:[ [32m'0.00'[39m, [32m'4.37'[39m, [32m'3.43'[39m, [32m'0.00'[39m ]
data rcv RT:[ [32m'0.00'[39m, [32m'4.33'[39m, [32m'3.44'[39m, [32m'0.00'[39m ]
data rcv RT:[ [32m'0.00'[39m, [32m'4.33'[39m, [32m'3.43'[39m, [32m'0.00'[39m ]
data rcv RT:[ [32m'0.00'[39m, [32m'4.27'[39m, [32m'3.39'[39m, [32m'0.00'[39m ]
data rcv RT:[ [32m'0.00'[39m, [32m'4.27'[39m, [32m'3.38'[39m, [32m'0.00'[39m ]
data rcv RT:[ [32m'0.00'[39m, [32m'4.26'[39m, [32m'3.40'[39m, [32m'0.00'[39m ]
data rcv RT:[ [32m'0.00'[39m, [32m'4.25'[39m, [32m'3.39'[39m, [32m'0.00'[39m ]
data rcv RT:[ [32m'0.00'[39m, [32m'4.30'[39m, [32m'3.38'[39m, [32m'0.00'[39m ]
data rcv RT:[ [32m'0.00'[39m, [32m'4.31'[39m, [32m'3.38'[39m, [32m'0.00'[39m ]
data rcv RT:[ [32m'0.00'[39m, [32m'4.33'[39m, [32m'3.39'[39m, [32m'0.00'[39m ]
data rcv RT:[ [32m'0.00'[39m, [32m'4.35'[39m, [32m'3.39'[39m, [32m'0.01'[39m ]
data rcv RT:[ [32m'0.00'[39m, [32m'4.32'[39m, [32m'3.41'[39m, [32m'0.00'[39m ]
data rcv RT:[ [32m'0.00'[39m, [32m'4.32'[39m, [32m'3.38'[39m, [32m'0.00'[39m ]
data rcv RT:[ [32m'0.00'[39m, [32m'4.31'[39m, [32m'3.39'[39m, [32m'0.00'[39m ]
data rcv RT:[ [32m'0.00'[39m, [32m'4.36'[39m, [32m'3.40'[39m, [32m'0.05'[39m ]
data rcv RT:[ [32m'0.00'[39m, [32m'4.33'[39m, [32m'3.38'[39m, [32m'0.05'[39m ]
data rcv RT:[ [32m'0.00'[39m, [32m'4.37'[39m, [32m'3.38'[39m, [32m'0.00'[39m ]
data rcv RT:[ [32m'0.00'[39m, [32m'4.38'[39m, [32m'3.39'[39m, [32m'0.00'[39m ]
data rcv RT:[ [32m'0.00'[39m, [32m'4.37'[39m, [32m'3.41'[39m, [32m'0.00'[39m ]
data rcv RT:[ [32m'0.00'[39m, [32m'4.34'[39m, [32m'3.44'[39m, [32m'0.00'[39m ]
data rcv RT:[ [32m'0.00'[39m, [32m'4.34'[39m, [32m'3.42'[39m, [32m'0.00'[39m ]
data rcv RT:[ [32m'0.00'[39m, [32m'4.31'[39m, [32m'3.44'[39m, [32m'0.00'[39m ]
data rcv RT:[ [32m'0.00'[39m, [32m'4.30'[39m, [32m'3.42'[39m, [32m'0.00'[39m ]
data rcv RT:[ [32m'0.00'[39m, [32m'4.25'[39m, [32m'3.45'[39m, [32m'0.00'[39m ]
data rcv RT:[ [32m'0.00'[39m, [32m'4.27'[39m, [32m'3.39'[39m, [32m'0.00'[39m ]
data rcv RT:[ [32m'0.00'[39m, [32m'4.27'[39m, [32m'3.39'[39m, [32m'0.00'[39m ]
data rcv RT:[ [32m'0.00'[39m, [32m'4.29'[39m, [32m'3.37'[39m, [32m'0.00'[39m ]
data rcv RT:[ [32m'0.00'[39m, [32m'4.31'[39m, [32m'3.39'[39m, [32m'0.00'[39m ]
data rcv RT:[ [32m'0.00'[39m, [32m'4.29'[39m, [32m'3.37'[39m, [32m'0.00'[39m ]
data rcv RT:[ [32m'0.00'[39m, [32m'4.29'[39m, [32m'3.38'[39m, [32m'0.00'[39m ]
data rcv RT:[ [32m'0.00'[39m, [32m'4.32'[39m, [32m'3.39'[39m, [32m'0.01'[39m ]
data rcv RT:[ [32m'0.00'[39m, [32m'4.36'[39m, [32m'3.38'[39m, [32m'0.02'[39m ]
data rcv RT:[ [32m'0.00'[39m, [32m'4.33'[39m, [32m'3.38'[39m, [32m'0.01'[39m ]
data rcv RT:[ [32m'0.00'[39m, [32m'4.38'[39m, [32m'3.43'[39m, [32m'0.00'[39m ]
data rcv RT:[ [32m'0.00'[39m, [32m'4.38'[39m, [32m'3.42'[39m, [32m'0.00'[39m ]
data rcv RT:[ [32m'0.00'[39m, [32m'4.36'[39m, [32m'3.43'[39m, [32m'0.00'[39m ]
data rcv RT:[ [32m'0.00'[39m, [32m'4.31'[39m, [32m'3.44'[39m, [32m'0.00'[39m ]
data rcv RT:[ [32m'0.00'[39m, [32m'4.28'[39m, [32m'3.43'[39m, [32m'0.00'[39m ]
data rcv RT:[ [32m'0.00'[39m, [32m'4.28'[39m, [32m'3.46'[39m, [32m'0.00'[39m ]
data rcv RT:[ [32m'0.00'[39m, [32m'4.31'[39m, [32m'3.43'[39m, [32m'0.00'[39m ]
data rcv RT:[ [32m'0.00'[39m, [32m'4.27'[39m, [32m'3.45'[39m, [32m'0.00'[39m ]
data rcv RT:[ [32m'0.00'[39m, [32m'4.28'[39m, [32m'3.37'[39m, [32m'0.00'[39m ]
data rcv RT:[ [32m'0.00'[39m, [32m'4.33'[39m, [32m'3.37'[39m, [32m'0.00'[39m ]
data rcv RT:[ [32m'0.00'[39m, [32m'4.32'[39m, [32m'3.38'[39m, [32m'0.01'[39m ]
data rcv RT:[ [32m'0.00'[39m, [32m'4.37'[39m, [32m'3.42'[39m, [32m'0.00'[39m ]
data rcv RT:[ [32m'0.00'[39m, [32m'4.36'[39m, [32m'3.41'[39m, [32m'0.00'[39m ]
data rcv RT:[ [32m'0.00'[39m, [32m'4.33'[39m, [32m'3.42'[39m, [32m'0.00'[39m ]
data rcv RT:[ [32m'0.00'[39m, [32m'4.36'[39m, [32m'3.43'[39m, [32m'0.00'[39m ]
data rcv RT:[ [32m'0.00'[39m, [32m'4.35'[39m, [32m'3.41'[39m, [32m'0.00'[39m ]
data rcv RT:[ [32m'0.00'[39m, [32m'4.34'[39m, [32m'3.42'[39m, [32m'0.00'[39m ]
data rcv RT:[ [32m'0.00'[39m, [32m'4.32'[39m, [32m'3.44'[39m, [32m'0.00'[39m ]
data rcv RT:[ [32m'0.00'[39m, [32m'4.27'[39m, [32m'3.42'[39m, [32m'0.00'[39m ]
data rcv RT:[ [32m'0.00'[39m, [32m'4.26'[39m, [32m'3.40'[39m, [32m'0.00'[39m ]
data rcv RT:[ [32m'0.00'[39m, [32m'4.28'[39m, [32m'3.43'[39m, [32m'0.00'[39m ]
data rcv RT:[ [32m'0.00'[39m, [32m'4.28'[39m, [32m'3.40'[39m, [32m'0.00'[39m ]
data rcv RT:[ [32m'0.00'[39m, [32m'4.28'[39m, [32m'3.39'[39m, [32m'0.00'[39m ]
data rcv RT:[ [32m'0.00'[39m, [32m'4.30'[39m, [32m'3.40'[39m, [32m'0.00'[39m ]
data rcv RT:[ [32m'0.00'[39m, [32m'4.31'[39m, [32m'3.39'[39m, [32m'0.00'[39m ]
data rcv RT:[ [32m'0.00'[39m, [32m'4.32'[39m, [32m'3.35'[39m, [32m'0.03'[39m ]
data rcv RT:[ [32m'0.00'[39m, [32m'4.36'[39m, [32m'3.36'[39m, [32m'0.06'[39m ]
data rcv RT:[ [32m'0.00'[39m, [32m'4.36'[39m, [32m'3.43'[39m, [32m'0.01'[39m ]
data rcv RT:[ [32m'0.00'[39m, [32m'4.38'[39m, [32m'3.40'[39m, [32m'0.00'[39m ]
data rcv RT:[ [32m'0.00'[39m, [32m'4.38'[39m, [32m'3.41'[39m, [32m'0.00'[39m ]
data rcv RT:[ [32m'0.00'[39m, [32m'4.36'[39m, [32m'3.44'[39m, [32m'0.00'[39m ]
data rcv RT:[ [32m'0.00'[39m, [32m'4.36'[39m, [32m'3.42'[39m, [32m'0.00'[39m ]
data rcv RT:[ [32m'0.00'[39m, [32m'4.34'[39m, [32m'3.43'[39m, [32m'0.00'[39m ]
data rcv RT:[ [32m'0.00'[39m, [32m'4.29'[39m, [32m'3.43'[39m, [32m'0.00'[39m ]
data rcv RT:[ [32m'0.00'[39m, [32m'4.30'[39m, [32m'3.42'[39m, [32m'0.00'[39m ]
data rcv RT:[ [32m'0.00'[39m, [32m'4.25'[39m, [32m'3.43'[39m, [32m'0.00'[39m ]
data rcv RT:[ [32m'0.00'[39m, [32m'4.27'[39m, [32m'3.38'[39m, [32m'0.00'[39m ]
data rcv RT:[ [32m'0.00'[39m, [32m'4.28'[39m, [32m'3.37'[39m, [32m'0.00'[39m ]
data rcv RT:[ [32m'0.00'[39m, [32m'4.29'[39m, [32m'3.37'[39m, [32m'0.00'[39m ]
data rcv RT:[ [32m'0.00'[39m, [32m'4.30'[39m, [32m'3.37'[39m, [32m'0.00'[39m ]
data rcv RT:[ [32m'0.00'[39m, [32m'4.32'[39m, [32m'3.36'[39m, [32m'0.01'[39m ]
data rcv RT:[ [32m'0.00'[39m, [32m'4.32'[39m, [32m'3.37'[39m, [32m'0.01'[39m ]
data rcv RT:[ [32m'0.00'[39m, [32m'4.33'[39m, [32m'3.37'[39m, [32m'0.00'[39m ]
data rcv RT:[ [32m'0.00'[39m, [32m'4.35'[39m, [32m'3.39'[39m, [32m'0.04'[39m ]
data rcv RT:[ [32m'0.00'[39m, [32m'4.38'[39m, [32m'3.40'[39m, [32m'0.00'[39m ]
data rcv RT:[ [32m'0.00'[39m, [32m'4.37'[39m, [32m'3.42'[39m, [32m'0.00'[39m ]
data rcv RT:[ [32m'0.00'[39m, [32m'4.34'[39m, [32m'3.45'[39m, [32m'0.00'[39m ]
data rcv RT:[ [32m'0.00'[39m, [32m'4.33'[39m, [32m'3.43'[39m, [32m'0.00'[39m ]
data rcv RT:[ [32m'0.00'[39m, [32m'4.33'[39m, [32m'3.40'[39m, [32m'0.00'[39m ]
data rcv RT:[ [32m'0.00'[39m, [32m'4.33'[39m, [32m'3.45'[39m, [32m'0.00'[39m ]
data rcv RT:[ [32m'0.00'[39m, [32m'4.29'[39m, [32m'3.45'[39m, [32m'0.00'[39m ]
data rcv RT:[ [32m'0.00'[39m, [32m'4.24'[39m, [32m'3.42'[39m, [32m'0.00'[39m ]
data rcv RT:[ [32m'0.00'[39m, [32m'4.26'[39m, [32m'3.42'[39m, [32m'0.00'[39m ]
data rcv RT:[ [32m'0.00'[39m, [32m'4.26'[39m, [32m'3.39'[39m, [32m'0.00'[39m ]
data rcv RT:[ [32m'0.00'[39m, [32m'4.29'[39m, [32m'3.37'[39m, [32m'0.00'[39m ]
data rcv RT:[ [32m'0.00'[39m, [32m'4.29'[39m, [32m'3.38'[39m, [32m'0.00'[39m ]
data rcv RT:[ [32m'0.00'[39m, [32m'4.32'[39m, [32m'3.38'[39m, [32m'0.02'[39m ]
data rcv RT:[ [32m'0.00'[39m, [32m'4.34'[39m, [32m'3.37'[39m, [32m'0.05'[39m ]
data rcv RT:[ [32m'0.00'[39m, [32m'4.34'[39m, [32m'3.37'[39m, [32m'0.06'[39m ]
data rcv RT:[ [32m'0.00'[39m, [32m'4.37'[39m, [32m'3.37'[39m, [32m'0.01'[39m ]
data rcv RT:[ [32m'0.00'[39m, [32m'4.38'[39m, [32m'3.42'[39m, [32m'0.01'[39m ]
data rcv RT:[ [32m'0.00'[39m, [32m'4.37'[39m, [32m'3.39'[39m, [32m'0.02'[39m ]
data rcv RT:[ [32m'0.00'[39m, [32m'4.36'[39m, [32m'3.37'[39m, [32m'0.04'[39m ]
data rcv RT:[ [32m'0.00'[39m, [32m'4.35'[39m, [32m'3.39'[39m, [32m'0.00'[39m ]
data rcv RT:[ [32m'0.00'[39m, [32m'4.31'[39m, [32m'3.42'[39m, [32m'0.00'[39m ]
data rcv RT:[ [32m'0.00'[39m, [32m'4.32'[39m, [32m'3.45'[39m, [32m'0.00'[39m ]
data rcv RT:[ [32m'0.00'[39m, [32m'4.32'[39m, [32m'3.41'[39m, [32m'0.00'[39m ]
data rcv RT:[ [32m'0.00'[39m, [32m'4.30'[39m, [32m'3.45'[39m, [32m'0.00'[39m ]
data rcv RT:[ [32m'0.00'[39m, [32m'4.29'[39m, [32m'3.38'[39m, [32m'0.00'[39m ]
data rcv RT:[ [32m'0.00'[39m, [32m'4.28'[39m, [32m'3.38'[39m, [32m'0.00'[39m ]
data rcv RT:[ [32m'0.00'[39m, [32m'4.25'[39m, [32m'3.37'[39m, [32m'0.00'[39m ]
data rcv RT:[ [32m'0.00'[39m, [32m'4.30'[39m, [32m'3.37'[39m, [32m'0.00'[39m ]
data rcv RT:[ [32m'0.00'[39m, [32m'4.30'[39m, [32m'3.39'[39m, [32m'0.01'[39m ]
data rcv RT:[ [32m'0.00'[39m, [32m'4.34'[39m, [32m'3.38'[39m, [32m'0.02'[39m ]
data rcv RT:[ [32m'0.00'[39m, [32m'4.38'[39m, [32m'3.40'[39m, [32m'0.03'[39m ]
data rcv RT:[ [32m'0.00'[39m, [32m'4.39'[39m, [32m'3.41'[39m, [32m'0.00'[39m ]
data rcv RT:[ [32m'0.00'[39m, [32m'4.37'[39m, [32m'3.42'[39m, [32m'0.00'[39m ]
data rcv RT:[ [32m'0.00'[39m, [32m'4.32'[39m, [32m'3.43'[39m, [32m'0.00'[39m ]
data rcv RT:[ [32m'0.00'[39m, [32m'4.32'[39m, [32m'3.41'[39m, [32m'0.00'[39m ]
data rcv RT:[ [32m'0.00'[39m, [32m'4.29'[39m, [32m'3.43'[39m, [32m'0.00'[39m ]
data rcv RT:[ [32m'0.00'[39m, [32m'4.33'[39m, [32m'3.45'[39m, [32m'0.00'[39m ]
data rcv RT:[ [32m'0.00'[39m, [32m'4.26'[39m, [32m'3.40'[39m, [32m'0.00'[39m ]
data rcv RT:[ [32m'0.00'[39m, [32m'4.28'[39m, [32m'3.37'[39m, [32m'0.00'[39m ]
data rcv RT:[ [32m'0.00'[39m, [32m'4.29'[39m, [32m'3.38'[39m, [32m'0.00'[39m ]
data rcv RT:[ [32m'0.00'[39m, [32m'4.31'[39m, [32m'3.38'[39m, [32m'0.01'[39m ]
data rcv RT:[ [32m'0.00'[39m, [32m'4.30'[39m, [32m'3.36'[39m, [32m'0.00'[39m ]
data rcv RT:[ [32m'0.00'[39m, [32m'4.35'[39m, [32m'3.37'[39m, [32m'0.01'[39m ]
data rcv RT:[ [32m'0.00'[39m, [32m'4.34'[39m, [32m'3.40'[39m, [32m'0.02'[39m ]
data rcv RT:[ [32m'0.00'[39m, [32m'4.38'[39m, [32m'3.39'[39m, [32m'0.02'[39m ]
data rcv RT:[ [32m'0.00'[39m, [32m'4.36'[39m, [32m'3.42'[39m, [32m'0.00'[39m ]
data rcv RT:[ [32m'0.00'[39m, [32m'4.33'[39m, [32m'3.42'[39m, [32m'0.00'[39m ]
data rcv RT:[ [32m'0.00'[39m, [32m'4.31'[39m, [32m'3.43'[39m, [32m'0.00'[39m ]
data rcv RT:[ [32m'0.00'[39m, [32m'4.32'[39m, [32m'3.42'[39m, [32m'0.00'[39m ]
data rcv RT:[ [32m'0.00'[39m, [32m'4.31'[39m, [32m'3.43'[39m, [32m'0.00'[39m ]
data rcv RT:[ [32m'0.00'[39m, [32m'4.31'[39m, [32m'3.45'[39m, [32m'0.00'[39m ]
data rcv RT:[ [32m'0.00'[39m, [32m'4.28'[39m, [32m'3.40'[39m, [32m'0.00'[39m ]
data rcv RT:[ [32m'0.00'[39m, [32m'4.29'[39m, [32m'3.47'[39m, [32m'0.00'[39m ]
data rcv RT:[ [32m'0.00'[39m, [32m'4.26'[39m, [32m'3.38'[39m, [32m'0.00'[39m ]
data rcv RT:[ [32m'0.00'[39m, [32m'4.27'[39m, [32m'3.39'[39m, [32m'0.00'[39m ]
data rcv RT:[ [32m'0.00'[39m, [32m'4.27'[39m, [32m'3.38'[39m, [32m'0.00'[39m ]
data rcv RT:[ [32m'0.00'[39m, [32m'4.28'[39m, [32m'3.38'[39m, [32m'0.00'[39m ]
data rcv RT:[ [32m'0.00'[39m, [32m'4.34'[39m, [32m'3.39'[39m, [32m'0.01'[39m ]
data rcv RT:[ [32m'0.00'[39m, [32m'4.32'[39m, [32m'3.39'[39m, [32m'0.03'[39m ]
data rcv RT:[ [32m'0.00'[39m, [32m'4.33'[39m, [32m'3.39'[39m, [32m'0.01'[39m ]
data rcv RT:[ [32m'0.00'[39m, [32m'4.34'[39m, [32m'3.39'[39m, [32m'0.00'[39m ]
data rcv RT:[ [32m'0.00'[39m, [32m'4.36'[39m, [32m'3.39'[39m, [32m'0.00'[39m ]
data rcv RT:[ [32m'0.00'[39m, [32m'4.36'[39m, [32m'3.37'[39m, [32m'0.03'[39m ]
data rcv RT:[ [32m'0.00'[39m, [32m'4.34'[39m, [32m'3.42'[39m, [32m'0.00'[39m ]
data rcv RT:[ [32m'0.00'[39m, [32m'4.33'[39m, [32m'3.43'[39m, [32m'0.00'[39m ]
data rcv RT:[ [32m'0.00'[39m, [32m'4.30'[39m, [32m'3.42'[39m, [32m'0.00'[39m ]
data rcv RT:[ [32m'0.00'[39m, [32m'4.31'[39m, [32m'3.43'[39m, [32m'0.00'[39m ]
data rcv RT:[ [32m'0.00'[39m, [32m'4.29'[39m, [32m'3.44'[39m, [32m'0.00'[39m ]
data rcv RT:[ [32m'0.00'[39m, [32m'4.30'[39m, [32m'3.42'[39m, [32m'0.00'[39m ]
data rcv RT:[ [32m'0.00'[39m, [32m'4.26'[39m, [32m'3.40'[39m, [32m'0.00'[39m ]
data rcv RT:[ [32m'0.00'[39m, [32m'4.27'[39m, [32m'3.40'[39m, [32m'0.00'[39m ]
data rcv RT:[ [32m'0.00'[39m, [32m'4.26'[39m, [32m'3.40'[39m, [32m'0.00'[39m ]
data rcv RT:[ [32m'0.00'[39m, [32m'4.28'[39m, [32m'3.39'[39m, [32m'0.00'[39m ]
data rcv RT:[ [32m'0.00'[39m, [32m'4.31'[39m, [32m'3.38'[39m, [32m'0.01'[39m ]
data rcv RT:[ [32m'0.00'[39m, [32m'4.38'[39m, [32m'3.41'[39m, [32m'0.04'[39m ]
data rcv RT:[ [32m'0.00'[39m, [32m'4.37'[39m, [32m'3.41'[39m, [32m'0.00'[39m ]
data rcv RT:[ [32m'0.00'[39m, [32m'4.35'[39m, [32m'3.40'[39m, [32m'0.02'[39m ]
data rcv RT:[ [32m'0.00'[39m, [32m'4.38'[39m, [32m'3.43'[39m, [32m'0.00'[39m ]
data rcv RT:[ [32m'0.00'[39m, [32m'4.33'[39m, [32m'3.41'[39m, [32m'0.00'[39m ]
data rcv RT:[ [32m'0.00'[39m, [32m'4.33'[39m, [32m'3.41'[39m, [32m'0.00'[39m ]
data rcv RT:[ [32m'0.00'[39m, [32m'4.32'[39m, [32m'3.42'[39m, [32m'0.00'[39m ]
data rcv RT:[ [32m'0.00'[39m, [32m'4.29'[39m, [32m'3.44'[39m, [32m'0.00'[39m ]
data rcv RT:[ [32m'0.00'[39m, [32m'4.29'[39m, [32m'3.43'[39m, [32m'0.00'[39m ]
data rcv RT:[ [32m'0.00'[39m, [32m'4.29'[39m, [32m'3.43'[39m, [32m'0.00'[39m ]
data rcv RT:[ [32m'0.00'[39m, [32m'4.28'[39m, [32m'3.42'[39m, [32m'0.00'[39m ]
data rcv RT:[ [32m'0.00'[39m, [32m'4.27'[39m, [32m'3.37'[39m, [32m'0.00'[39m ]
data rcv RT:[ [32m'0.00'[39m, [32m'4.30'[39m, [32m'3.38'[39m, [32m'0.00'[39m ]
data rcv RT:[ [32m'0.00'[39m, [32m'4.30'[39m, [32m'3.37'[39m, [32m'0.01'[39m ]
data rcv RT:[ [32m'0.00'[39m, [32m'4.35'[39m, [32m'3.37'[39m, [32m'0.03'[39m ]
data rcv RT:[ [32m'0.00'[39m, [32m'4.34'[39m, [32m'3.37'[39m, [32m'0.01'[39m ]
data rcv RT:[ [32m'0.00'[39m, [32m'4.34'[39m, [32m'3.37'[39m, [32m'0.02'[39m ]
data rcv RT:[ [32m'0.00'[39m, [32m'4.38'[39m, [32m'3.40'[39m, [32m'0.00'[39m ]
data rcv RT:[ [32m'0.00'[39m, [32m'4.36'[39m, [32m'3.40'[39m, [32m'0.00'[39m ]
data rcv RT:[ [32m'0.00'[39m, [32m'4.36'[39m, [32m'3.44'[39m, [32m'0.00'[39m ]
data rcv RT:[ [32m'0.00'[39m, [32m'4.32'[39m, [32m'3.44'[39m, [32m'0.00'[39m ]
data rcv RT:[ [32m'0.00'[39m, [32m'4.34'[39m, [32m'3.43'[39m, [32m'0.00'[39m ]
data rcv RT:[ [32m'0.00'[39m, [32m'4.33'[39m, [32m'3.42'[39m, [32m'0.00'[39m ]
data rcv RT:[ [32m'0.00'[39m, [32m'4.30'[39m, [32m'3.44'[39m, [32m'0.00'[39m ]
data rcv RT:[ [32m'0.00'[39m, [32m'4.31'[39m, [32m'3.46'[39m, [32m'0.00'[39m ]
data rcv RT:[ [32m'0.00'[39m, [32m'4.27'[39m, [32m'3.38'[39m, [32m'0.00'[39m ]
data rcv RT:[ [32m'0.00'[39m, [32m'4.25'[39m, [32m'3.40'[39m, [32m'0.00'[39m ]
data rcv RT:[ [32m'0.00'[39m, [32m'4.28'[39m, [32m'3.39'[39m, [32m'0.00'[39m ]
data rcv RT:[ [32m'0.00'[39m, [32m'4.26'[39m, [32m'3.39'[39m, [32m'0.00'[39m ]
data rcv RT:[ [32m'0.00'[39m, [32m'4.30'[39m, [32m'3.37'[39m, [32m'0.00'[39m ]
data rcv RT:[ [32m'0.00'[39m, [32m'4.32'[39m, [32m'3.38'[39m, [32m'0.00'[39m ]
data rcv RT:[ [32m'0.00'[39m, [32m'4.35'[39m, [32m'3.39'[39m, [32m'0.04'[39m ]
data rcv RT:[ [32m'0.00'[39m, [32m'4.34'[39m, [32m'3.36'[39m, [32m'0.05'[39m ]
data rcv RT:[ [32m'0.00'[39m, [32m'4.35'[39m, [32m'3.39'[39m, [32m'0.03'[39m ]
data rcv RT:[ [32m'0.00'[39m, [32m'4.38'[39m, [32m'3.42'[39m, [32m'0.00'[39m ]
data rcv RT:[ [32m'0.00'[39m, [32m'4.39'[39m, [32m'3.36'[39m, [32m'0.02'[39m ]
data rcv RT:[ [32m'0.00'[39m, [32m'4.35'[39m, [32m'3.43'[39m, [32m'0.00'[39m ]
data rcv RT:[ [32m'0.00'[39m, [32m'4.33'[39m, [32m'3.43'[39m, [32m'0.00'[39m ]
data rcv RT:[ [32m'0.00'[39m, [32m'4.32'[39m, [32m'3.41'[39m, [32m'0.00'[39m ]
data rcv RT:[ [32m'0.00'[39m, [32m'4.32'[39m, [32m'3.46'[39m, [32m'0.00'[39m ]
data rcv RT:[ [32m'0.00'[39m, [32m'4.30'[39m, [32m'3.44'[39m, [32m'0.00'[39m ]
data rcv RT:[ [32m'0.00'[39m, [32m'4.25'[39m, [32m'3.44'[39m, [32m'0.00'[39m ]
data rcv RT:[ [32m'0.00'[39m, [32m'4.26'[39m, [32m'3.41'[39m, [32m'0.00'[39m ]
data rcv RT:[ [32m'0.00'[39m, [32m'4.27'[39m, [32m'3.41'[39m, [32m'0.00'[39m ]
data rcv RT:[ [32m'0.00'[39m, [32m'4.27'[39m, [32m'3.37'[39m, [32m'0.00'[39m ]
data rcv RT:[ [32m'0.00'[39m, [32m'4.31'[39m, [32m'3.39'[39m, [32m'0.01'[39m ]
data rcv RT:[ [32m'0.00'[39m, [32m'4.31'[39m, [32m'3.39'[39m, [32m'0.02'[39m ]
data rcv RT:[ [32m'0.00'[39m, [32m'4.35'[39m, [32m'3.37'[39m, [32m'0.03'[39m ]
data rcv RT:[ [32m'0.00'[39m, [32m'4.37'[39m, [32m'3.41'[39m, [32m'0.00'[39m ]
data rcv RT:[ [32m'0.00'[39m, [32m'4.36'[39m, [32m'3.37'[39m, [32m'0.05'[39m ]
data rcv RT:[ [32m'0.00'[39m, [32m'4.38'[39m, [32m'3.40'[39m, [32m'0.00'[39m ]
data rcv RT:[ [32m'0.00'[39m, [32m'4.34'[39m, [32m'3.43'[39m, [32m'0.00'[39m ]
data rcv RT:[ [32m'0.00'[39m, [32m'4.32'[39m, [32m'3.42'[39m, [32m'0.00'[39m ]
data rcv RT:[ [32m'0.00'[39m, [32m'4.30'[39m, [32m'3.42'[39m, [32m'0.00'[39m ]
data rcv RT:[ [32m'0.00'[39m, [32m'4.27'[39m, [32m'3.42'[39m, [32m'0.00'[39m ]
data rcv RT:[ [32m'0.00'[39m, [32m'4.25'[39m, [32m'3.42'[39m, [32m'0.00'[39m ]
data rcv RT:[ [32m'0.00'[39m, [32m'4.26'[39m, [32m'3.39'[39m, [32m'0.00'[39m ]
data rcv RT:[ [32m'0.00'[39m, [32m'4.29'[39m, [32m'3.39'[39m, [32m'0.00'[39m ]
data rcv RT:[ [32m'0.00'[39m, [32m'4.29'[39m, [32m'3.39'[39m, [32m'0.01'[39m ]
data rcv RT:[ [32m'0.00'[39m, [32m'4.33'[39m, [32m'3.38'[39m, [32m'0.01'[39m ]
data rcv RT:[ [32m'0.00'[39m, [32m'4.33'[39m, [32m'3.40'[39m, [32m'0.02'[39m ]
data rcv RT:[ [32m'0.00'[39m, [32m'4.33'[39m, [32m'3.35'[39m, [32m'0.05'[39m ]
data rcv RT:[ [32m'0.00'[39m, [32m'4.37'[39m, [32m'3.41'[39m, [32m'0.01'[39m ]
data rcv RT:[ [32m'0.00'[39m, [32m'4.35'[39m, [32m'3.40'[39m, [32m'0.00'[39m ]
data rcv RT:[ [32m'0.00'[39m, [32m'4.34'[39m, [32m'3.41'[39m, [32m'0.00'[39m ]
data rcv RT:[ [32m'0.00'[39m, [32m'4.34'[39m, [32m'3.43'[39m, [32m'0.00'[39m ]
data rcv RT:[ [32m'0.00'[39m, [32m'4.31'[39m, [32m'3.44'[39m, [32m'0.00'[39m ]
data rcv RT:[ [32m'0.00'[39m, [32m'4.29'[39m, [32m'3.48'[39m, [32m'0.00'[39m ]
data rcv RT:[ [32m'0.00'[39m, [32m'4.26'[39m, [32m'3.38'[39m, [32m'0.00'[39m ]
data rcv RT:[ [32m'0.00'[39m, [32m'4.27'[39m, [32m'3.38'[39m, [32m'0.00'[39m ]
data rcv RT:[ [32m'0.00'[39m, [32m'4.30'[39m, [32m'3.37'[39m, [32m'0.01'[39m ]
data rcv RT:[ [32m'0.00'[39m, [32m'4.30'[39m, [32m'3.37'[39m, [32m'0.00'[39m ]
data rcv RT:[ [32m'0.00'[39m, [32m'4.36'[39m, [32m'3.40'[39m, [32m'0.02'[39m ]
data rcv RT:[ [32m'0.00'[39m, [32m'4.33'[39m, [32m'3.39'[39m, [32m'0.02'[39m ]
data rcv RT:[ [32m'0.00'[39m, [32m'4.40'[39m, [32m'3.41'[39m, [32m'0.00'[39m ]
data rcv RT:[ [32m'0.00'[39m, [32m'4.38'[39m, [32m'3.42'[39m, [32m'0.00'[39m ]
data rcv RT:[ [32m'0.00'[39m, [32m'4.36'[39m, [32m'3.41'[39m, [32m'0.00'[39m ]
data rcv RT:[ [32m'0.00'[39m, [32m'4.34'[39m, [32m'3.42'[39m, [32m'0.00'[39m ]
data rcv RT:[ [32m'0.00'[39m, [32m'4.31'[39m, [32m'3.42'[39m, [32m'0.00'[39m ]
data rcv RT:[ [32m'0.00'[39m, [32m'4.28'[39m, [32m'3.39'[39m, [32m'0.00'[39m ]
data rcv RT:[ [32m'0.00'[39m, [32m'4.26'[39m, [32m'3.40'[39m, [32m'0.00'[39m ]
data rcv RT:[ [32m'0.00'[39m, [32m'4.28'[39m, [32m'3.42'[39m, [32m'0.00'[39m ]
data rcv RT:[ [32m'0.00'[39m, [32m'4.26'[39m, [32m'3.39'[39m, [32m'0.00'[39m ]
data rcv RT:[ [32m'0.00'[39m, [32m'4.29'[39m, [32m'3.40'[39m, [32m'0.00'[39m ]
data rcv RT:[ [32m'0.00'[39m, [32m'4.31'[39m, [32m'3.38'[39m, [32m'0.01'[39m ]
data rcv RT:[ [32m'0.00'[39m, [32m'4.34'[39m, [32m'3.38'[39m, [32m'0.03'[39m ]
data rcv RT:[ [32m'0.00'[39m, [32m'4.32'[39m, [32m'3.38'[39m, [32m'0.00'[39m ]
data rcv RT:[ [32m'0.00'[39m, [32m'4.38'[39m, [32m'3.38'[39m, [32m'0.01'[39m ]
data rcv RT:[ [32m'0.00'[39m, [32m'4.37'[39m, [32m'3.38'[39m, [32m'0.02'[39m ]
data rcv RT:[ [32m'0.00'[39m, [32m'4.35'[39m, [32m'3.41'[39m, [32m'0.00'[39m ]
data rcv RT:[ [32m'0.00'[39m, [32m'4.32'[39m, [32m'3.43'[39m, [32m'0.00'[39m ]
data rcv RT:[ [32m'0.00'[39m, [32m'4.29'[39m, [32m'3.43'[39m, [32m'0.00'[39m ]
data rcv RT:[ [32m'0.00'[39m, [32m'4.30'[39m, [32m'3.43'[39m, [32m'0.00'[39m ]
data rcv RT:[ [32m'0.00'[39m, [32m'4.31'[39m, [32m'3.47'[39m, [32m'0.00'[39m ]
data rcv RT:[ [32m'0.00'[39m, [32m'4.26'[39m, [32m'3.44'[39m, [32m'0.00'[39m ]
data rcv RT:[ [32m'0.00'[39m, [32m'4.27'[39m, [32m'3.39'[39m, [32m'0.00'[39m ]
data rcv RT:[ [32m'0.00'[39m, [32m'4.28'[39m, [32m'3.39'[39m, [32m'0.00'[39m ]
data rcv RT:[ [32m'0.00'[39m, [32m'4.28'[39m, [32m'3.38'[39m, [32m'0.00'[39m ]
data rcv RT:[ [32m'0.00'[39m, [32m'4.31'[39m, [32m'3.37'[39m, [32m'0.01'[39m ]
data rcv RT:[ [32m'0.00'[39m, [32m'4.31'[39m, [32m'3.39'[39m, [32m'0.01'[39m ]
data rcv RT:[ [32m'0.00'[39m, [32m'4.33'[39m, [32m'3.39'[39m, [32m'0.01'[39m ]
data rcv RT:[ [32m'0.00'[39m, [32m'4.34'[39m, [32m'3.35'[39m, [32m'0.04'[39m ]
data rcv RT:[ [32m'0.00'[39m, [32m'4.34'[39m, [32m'3.37'[39m, [32m'0.05'[39m ]
data rcv RT:[ [32m'0.00'[39m, [32m'4.38'[39m, [32m'3.43'[39m, [32m'0.00'[39m ]
data rcv RT:[ [32m'0.00'[39m, [32m'4.37'[39m, [32m'3.41'[39m, [32m'0.00'[39m ]
data rcv RT:[ [32m'0.00'[39m, [32m'4.35'[39m, [32m'3.40'[39m, [32m'0.00'[39m ]
data rcv RT:[ [32m'0.00'[39m, [32m'4.34'[39m, [32m'3.41'[39m, [32m'0.00'[39m ]
data rcv RT:[ [32m'0.00'[39m, [32m'4.32'[39m, [32m'3.43'[39m, [32m'0.00'[39m ]
data rcv RT:[ [32m'0.00'[39m, [32m'4.33'[39m, [32m'3.42'[39m, [32m'0.00'[39m ]
data rcv RT:[ [32m'0.00'[39m, [32m'4.31'[39m, [32m'3.42'[39m, [32m'0.00'[39m ]
data rcv RT:[ [32m'0.00'[39m, [32m'4.31'[39m, [32m'3.45'[39m, [32m'0.00'[39m ]
data rcv RT:[ [32m'0.00'[39m, [32m'4.31'[39m, [32m'3.44'[39m, [32m'0.00'[39m ]
data rcv RT:[ [32m'0.00'[39m, [32m'4.27'[39m, [32m'3.40'[39m, [32m'0.00'[39m ]
data rcv RT:[ [32m'0.00'[39m, [32m'4.27'[39m, [32m'3.36'[39m, [32m'0.00'[39m ]
data rcv RT:[ [32m'0.00'[39m, [32m'4.29'[39m, [32m'3.37'[39m, [32m'0.00'[39m ]
data rcv RT:[ [32m'0.00'[39m, [32m'4.30'[39m, [32m'3.36'[39m, [32m'0.00'[39m ]
data rcv RT:[ [32m'0.00'[39m, [32m'4.32'[39m, [32m'3.38'[39m, [32m'0.00'[39m ]
data rcv RT:[ [32m'0.00'[39m, [32m'4.35'[39m, [32m'3.39'[39m, [32m'0.02'[39m ]
data rcv RT:[ [32m'0.00'[39m, [32m'4.32'[39m, [32m'3.35'[39m, [32m'0.07'[39m ]
data rcv RT:[ [32m'0.00'[39m, [32m'4.38'[39m, [32m'3.40'[39m, [32m'0.02'[39m ]
data rcv RT:[ [32m'0.00'[39m, [32m'4.38'[39m, [32m'3.43'[39m, [32m'0.00'[39m ]
data rcv RT:[ [32m'0.00'[39m, [32m'4.38'[39m, [32m'3.40'[39m, [32m'0.01'[39m ]
data rcv RT:[ [32m'0.00'[39m, [32m'4.33'[39m, [32m'3.43'[39m, [32m'0.00'[39m ]
data rcv RT:[ [32m'0.00'[39m, [32m'4.31'[39m, [32m'3.41'[39m, [32m'0.00'[39m ]
data rcv RT:[ [32m'0.00'[39m, [32m'4.31'[39m, [32m'3.43'[39m, [32m'0.00'[39m ]
data rcv RT:[ [32m'0.00'[39m, [32m'4.24'[39m, [32m'3.39'[39m, [32m'0.00'[39m ]
data rcv RT:[ [32m'0.00'[39m, [32m'4.27'[39m, [32m'3.41'[39m, [32m'0.00'[39m ]
data rcv RT:[ [32m'0.00'[39m, [32m'4.27'[39m, [32m'3.38'[39m, [32m'0.00'[39m ]
data rcv RT:[ [32m'0.00'[39m, [32m'4.28'[39m, [32m'3.39'[39m, [32m'0.00'[39m ]
data rcv RT:[ [32m'0.00'[39m, [32m'4.30'[39m, [32m'3.37'[39m, [32m'0.01'[39m ]
data rcv RT:[ [32m'0.00'[39m, [32m'4.34'[39m, [32m'3.36'[39m, [32m'0.04'[39m ]
data rcv RT:[ [32m'0.00'[39m, [32m'4.35'[39m, [32m'3.37'[39m, [32m'0.04'[39m ]
data rcv RT:[ [32m'0.00'[39m, [32m'4.34'[39m, [32m'3.41'[39m, [32m'0.00'[39m ]
data rcv RT:[ [32m'0.00'[39m, [32m'4.36'[39m, [32m'3.39'[39m, [32m'0.03'[39m ]
data rcv RT:[ [32m'0.00'[39m, [32m'4.34'[39m, [32m'3.44'[39m, [32m'0.00'[39m ]
data rcv RT:[ [32m'0.00'[39m, [32m'4.34'[39m, [32m'3.43'[39m, [32m'0.00'[39m ]
data rcv RT:[ [32m'0.00'[39m, [32m'4.31'[39m, [32m'3.44'[39m, [32m'0.00'[39m ]
data rcv RT:[ [32m'0.00'[39m, [32m'4.31'[39m, [32m'3.42'[39m, [32m'0.00'[39m ]
data rcv RT:[ [32m'0.00'[39m, [32m'4.31'[39m, [32m'3.41'[39m, [32m'0.00'[39m ]
data rcv RT:[ [32m'0.00'[39m, [32m'4.28'[39m, [32m'3.44'[39m, [32m'0.00'[39m ]
data rcv RT:[ [32m'0.00'[39m, [32m'4.28'[39m, [32m'3.39'[39m, [32m'0.00'[39m ]
data rcv RT:[ [32m'0.00'[39m, [32m'4.25'[39m, [32m'3.37'[39m, [32m'0.00'[39m ]
data rcv RT:[ [32m'0.00'[39m, [32m'4.28'[39m, [32m'3.39'[39m, [32m'0.00'[39m ]
data rcv RT:[ [32m'0.00'[39m, [32m'4.30'[39m, [32m'3.37'[39m, [32m'0.01'[39m ]
data rcv RT:[ [32m'0.00'[39m, [32m'4.35'[39m, [32m'3.38'[39m, [32m'0.02'[39m ]
data rcv RT:[ [32m'0.00'[39m, [32m'4.37'[39m, [32m'3.40'[39m, [32m'0.01'[39m ]
data rcv RT:[ [32m'0.00'[39m, [32m'4.36'[39m, [32m'3.40'[39m, [32m'0.01'[39m ]
data rcv RT:[ [32m'0.00'[39m, [32m'4.36'[39m, [32m'3.42'[39m, [32m'0.00'[39m ]
data rcv RT:[ [32m'0.00'[39m, [32m'4.31'[39m, [32m'3.42'[39m, [32m'0.00'[39m ]
data rcv RT:[ [32m'0.00'[39m, [32m'4.29'[39m, [32m'3.46'[39m, [32m'0.00'[39m ]
data rcv RT:[ [32m'0.00'[39m, [32m'4.25'[39m, [32m'3.42'[39m, [32m'0.00'[39m ]
data rcv RT:[ [32m'0.00'[39m, [32m'4.28'[39m, [32m'3.36'[39m, [32m'0.00'[39m ]
data rcv RT:[ [32m'0.00'[39m, [32m'4.32'[39m, [32m'3.36'[39m, [32m'0.02'[39m ]
data rcv RT:[ [32m'0.00'[39m, [32m'4.35'[39m, [32m'3.37'[39m, [32m'0.05'[39m ]
data rcv RT:[ [32m'0.00'[39m, [32m'4.33'[39m, [32m'3.37'[39m, [32m'0.03'[39m ]
data rcv RT:[ [32m'0.00'[39m, [32m'4.37'[39m, [32m'3.40'[39m, [32m'0.01'[39m ]
data rcv RT:[ [32m'0.00'[39m, [32m'4.34'[39m, [32m'3.43'[39m, [32m'0.00'[39m ]
data rcv RT:[ [32m'0.00'[39m, [32m'4.32'[39m, [32m'3.43'[39m, [32m'0.00'[39m ]
data rcv RT:[ [32m'0.00'[39m, [32m'4.30'[39m, [32m'3.43'[39m, [32m'0.00'[39m ]
data rcv RT:[ [32m'0.00'[39m, [32m'4.27'[39m, [32m'3.40'[39m, [32m'0.00'[39m ]
data rcv RT:[ [32m'0.00'[39m, [32m'4.28'[39m, [32m'3.39'[39m, [32m'0.00'[39m ]
data rcv RT:[ [32m'0.00'[39m, [32m'4.31'[39m, [32m'3.36'[39m, [32m'0.01'[39m ]
data rcv RT:[ [32m'0.00'[39m, [32m'4.35'[39m, [32m'3.37'[39m, [32m'0.05'[39m ]
data rcv RT:[ [32m'0.00'[39m, [32m'4.32'[39m, [32m'3.34'[39m, [32m'0.04'[39m ]
data rcv RT:[ [32m'0.00'[39m, [32m'4.38'[39m, [32m'3.42'[39m, [32m'0.00'[39m ]
data rcv RT:[ [32m'0.00'[39m, [32m'4.36'[39m, [32m'3.41'[39m, [32m'0.01'[39m ]
data rcv RT:[ [32m'0.00'[39m, [32m'4.31'[39m, [32m'3.42'[39m, [32m'0.00'[39m ]
data rcv RT:[ [32m'0.00'[39m, [32m'4.33'[39m, [32m'3.45'[39m, [32m'0.00'[39m ]
data rcv RT:[ [32m'0.00'[39m, [32m'4.32'[39m, [32m'3.45'[39m, [32m'0.00'[39m ]
data rcv RT:[ [32m'0.00'[39m, [32m'4.25'[39m, [32m'3.36'[39m, [32m'0.00'[39m ]
data rcv RT:[ [32m'0.00'[39m, [32m'4.25'[39m, [32m'3.40'[39m, [32m'0.00'[39m ]
data rcv RT:[ [32m'0.00'[39m, [32m'4.33'[39m, [32m'3.37'[39m, [32m'0.01'[39m ]
data rcv RT:[ [32m'0.00'[39m, [32m'4.33'[39m, [32m'3.37'[39m, [32m'0.01'[39m ]
data rcv RT:[ [32m'0.00'[39m, [32m'4.32'[39m, [32m'3.37'[39m, [32m'0.01'[39m ]
data rcv RT:[ [32m'0.00'[39m, [32m'4.35'[39m, [32m'3.40'[39m, [32m'0.01'[39m ]
data rcv RT:[ [32m'0.00'[39m, [32m'4.39'[39m, [32m'3.42'[39m, [32m'0.00'[39m ]
data rcv RT:[ [32m'0.00'[39m, [32m'4.35'[39m, [32m'3.43'[39m, [32m'0.00'[39m ]
data rcv RT:[ [32m'0.00'[39m, [32m'4.31'[39m, [32m'3.43'[39m, [32m'0.00'[39m ]
data rcv RT:[ [32m'0.00'[39m, [32m'4.29'[39m, [32m'3.39'[39m, [32m'0.00'[39m ]
data rcv RT:[ [32m'0.00'[39m, [32m'4.28'[39m, [32m'3.43'[39m, [32m'0.00'[39m ]
data rcv RT:[ [32m'0.00'[39m, [32m'4.25'[39m, [32m'3.39'[39m, [32m'0.00'[39m ]
data rcv RT:[ [32m'0.00'[39m, [32m'4.28'[39m, [32m'3.38'[39m, [32m'0.00'[39m ]
data rcv RT:[ [32m'0.00'[39m, [32m'4.32'[39m, [32m'3.38'[39m, [32m'0.00'[39m ]
data rcv RT:[ [32m'0.00'[39m, [32m'4.35'[39m, [32m'3.37'[39m, [32m'0.00'[39m ]
data rcv RT:[ [32m'0.00'[39m, [32m'4.36'[39m, [32m'3.40'[39m, [32m'0.00'[39m ]
data rcv RT:[ [32m'0.00'[39m, [32m'4.39'[39m, [32m'3.41'[39m, [32m'0.01'[39m ]
data rcv RT:[ [32m'0.00'[39m, [32m'4.37'[39m, [32m'3.42'[39m, [32m'0.00'[39m ]
data rcv RT:[ [32m'0.00'[39m, [32m'4.36'[39m, [32m'3.44'[39m, [32m'0.00'[39m ]
data rcv RT:[ [32m'0.00'[39m, [32m'4.32'[39m, [32m'3.43'[39m, [32m'0.00'[39m ]
data rcv RT:[ [32m'0.00'[39m, [32m'4.30'[39m, [32m'3.45'[39m, [32m'0.00'[39m ]
data rcv RT:[ [32m'0.00'[39m, [32m'4.26'[39m, [32m'3.42'[39m, [32m'0.00'[39m ]
data rcv RT:[ [32m'0.00'[39m, [32m'4.28'[39m, [32m'3.40'[39m, [32m'0.00'[39m ]
data rcv RT:[ [32m'0.00'[39m, [32m'4.26'[39m, [32m'3.38'[39m, [32m'0.00'[39m ]
data rcv RT:[ [32m'0.00'[39m, [32m'4.33'[39m, [32m'3.37'[39m, [32m'0.00'[39m ]
data rcv RT:[ [32m'0.00'[39m, [32m'4.35'[39m, [32m'3.38'[39m, [32m'0.02'[39m ]
data rcv RT:[ [32m'0.00'[39m, [32m'4.36'[39m, [32m'3.36'[39m, [32m'0.06'[39m ]
data rcv RT:[ [32m'0.00'[39m, [32m'4.38'[39m, [32m'3.42'[39m, [32m'0.00'[39m ]
data rcv RT:[ [32m'0.00'[39m, [32m'4.37'[39m, [32m'3.42'[39m, [32m'0.00'[39m ]
data rcv RT:[ [32m'0.00'[39m, [32m'4.35'[39m, [32m'3.44'[39m, [32m'0.00'[39m ]
data rcv RT:[ [32m'0.00'[39m, [32m'4.28'[39m, [32m'3.40'[39m, [32m'0.00'[39m ]
data rcv RT:[ [32m'0.00'[39m, [32m'4.27'[39m, [32m'3.44'[39m, [32m'0.00'[39m ]
data rcv RT:[ [32m'0.00'[39m, [32m'4.26'[39m, [32m'3.42'[39m, [32m'0.00'[39m ]
data rcv RT:[ [32m'0.00'[39m, [32m'4.30'[39m, [32m'3.38'[39m, [32m'0.00'[39m ]
data rcv RT:[ [32m'0.00'[39m, [32m'4.32'[39m, [32m'3.37'[39m, [32m'0.00'[39m ]
data rcv RT:[ [32m'0.00'[39m, [32m'4.32'[39m, [32m'3.40'[39m, [32m'0.00'[39m ]
data rcv RT:[ [32m'0.00'[39m, [32m'4.34'[39m, [32m'3.38'[39m, [32m'0.04'[39m ]
data rcv RT:[ [32m'0.00'[39m, [32m'4.37'[39m, [32m'3.38'[39m, [32m'0.04'[39m ]
data rcv RT:[ [32m'0.00'[39m, [32m'4.37'[39m, [32m'3.42'[39m, [32m'0.00'[39m ]
data rcv RT:[ [32m'0.00'[39m, [32m'4.34'[39m, [32m'3.43'[39m, [32m'0.00'[39m ]
data rcv RT:[ [32m'0.00'[39m, [32m'4.33'[39m, [32m'3.43'[39m, [32m'0.00'[39m ]
data rcv RT:[ [32m'0.00'[39m, [32m'4.32'[39m, [32m'3.47'[39m, [32m'0.00'[39m ]
data rcv RT:[ [32m'0.00'[39m, [32m'4.27'[39m, [32m'3.39'[39m, [32m'0.00'[39m ]
data rcv RT:[ [32m'0.00'[39m, [32m'4.28'[39m, [32m'3.44'[39m, [32m'0.00'[39m ]
data rcv RT:[ [32m'0.00'[39m, [32m'4.28'[39m, [32m'3.37'[39m, [32m'0.00'[39m ]
data rcv RT:[ [32m'0.00'[39m, [32m'4.31'[39m, [32m'3.39'[39m, [32m'0.00'[39m ]
data rcv RT:[ [32m'0.00'[39m, [32m'4.34'[39m, [32m'3.39'[39m, [32m'0.01'[39m ]
data rcv RT:[ [32m'0.00'[39m, [32m'4.34'[39m, [32m'3.40'[39m, [32m'0.04'[39m ]
data rcv RT:[ [32m'0.00'[39m, [32m'4.38'[39m, [32m'3.43'[39m, [32m'0.01'[39m ]
data rcv RT:[ [32m'0.00'[39m, [32m'4.33'[39m, [32m'3.41'[39m, [32m'0.00'[39m ]
data rcv RT:[ [32m'0.00'[39m, [32m'4.31'[39m, [32m'3.41'[39m, [32m'0.00'[39m ]
data rcv RT:[ [32m'0.00'[39m, [32m'4.31'[39m, [32m'3.44'[39m, [32m'0.00'[39m ]
data rcv RT:[ [32m'0.00'[39m, [32m'4.31'[39m, [32m'3.44'[39m, [32m'0.00'[39m ]
data rcv RT:[ [32m'0.00'[39m, [32m'4.29'[39m, [32m'3.42'[39m, [32m'0.00'[39m ]
data rcv RT:[ [32m'0.00'[39m, [32m'4.28'[39m, [32m'3.38'[39m, [32m'0.00'[39m ]
data rcv RT:[ [32m'0.00'[39m, [32m'4.32'[39m, [32m'3.37'[39m, [32m'0.02'[39m ]
data rcv RT:[ [32m'0.00'[39m, [32m'4.29'[39m, [32m'3.38'[39m, [32m'0.00'[39m ]
data rcv RT:[ [32m'0.00'[39m, [32m'4.32'[39m, [32m'3.39'[39m, [32m'0.01'[39m ]
data rcv RT:[ [32m'0.00'[39m, [32m'4.38'[39m, [32m'3.37'[39m, [32m'0.03'[39m ]
data rcv RT:[ [32m'0.00'[39m, [32m'4.35'[39m, [32m'3.39'[39m, [32m'0.03'[39m ]
data rcv RT:[ [32m'0.00'[39m, [32m'4.37'[39m, [32m'3.43'[39m, [32m'0.00'[39m ]
data rcv RT:[ [32m'0.00'[39m, [32m'4.36'[39m, [32m'3.42'[39m, [32m'0.00'[39m ]
data rcv RT:[ [32m'0.00'[39m, [32m'4.33'[39m, [32m'3.43'[39m, [32m'0.00'[39m ]
data rcv RT:[ [32m'0.00'[39m, [32m'4.31'[39m, [32m'3.47'[39m, [32m'0.00'[39m ]
data rcv RT:[ [32m'0.00'[39m, [32m'4.27'[39m, [32m'3.44'[39m, [32m'0.00'[39m ]
data rcv RT:[ [32m'0.00'[39m, [32m'4.27'[39m, [32m'3.41'[39m, [32m'0.00'[39m ]
data rcv RT:[ [32m'0.00'[39m, [32m'4.28'[39m, [32m'3.36'[39m, [32m'0.00'[39m ]
data rcv RT:[ [32m'0.00'[39m, [32m'4.28'[39m, [32m'3.37'[39m, [32m'0.00'[39m ]
data rcv RT:[ [32m'0.00'[39m, [32m'4.31'[39m, [32m'3.39'[39m, [32m'0.00'[39m ]
data rcv RT:[ [32m'0.00'[39m, [32m'4.30'[39m, [32m'3.39'[39m, [32m'0.03'[39m ]
data rcv RT:[ [32m'0.00'[39m, [32m'4.34'[39m, [32m'3.37'[39m, [32m'0.05'[39m ]
data rcv RT:[ [32m'0.00'[39m, [32m'4.36'[39m, [32m'3.42'[39m, [32m'0.00'[39m ]
data rcv RT:[ [32m'0.00'[39m, [32m'4.36'[39m, [32m'3.40'[39m, [32m'0.01'[39m ]
data rcv RT:[ [32m'0.00'[39m, [32m'4.33'[39m, [32m'3.44'[39m, [32m'0.00'[39m ]
data rcv RT:[ [32m'0.00'[39m, [32m'4.33'[39m, [32m'3.43'[39m, [32m'0.00'[39m ]
data rcv RT:[ [32m'0.00'[39m, [32m'4.31'[39m, [32m'3.44'[39m, [32m'0.00'[39m ]
data rcv RT:[ [32m'0.00'[39m, [32m'4.33'[39m, [32m'3.44'[39m, [32m'0.00'[39m ]
data rcv RT:[ [32m'0.00'[39m, [32m'4.26'[39m, [32m'3.39'[39m, [32m'0.00'[39m ]
data rcv RT:[ [32m'0.00'[39m, [32m'4.25'[39m, [32m'3.40'[39m, [32m'0.00'[39m ]
data rcv RT:[ [32m'0.00'[39m, [32m'4.30'[39m, [32m'3.40'[39m, [32m'0.00'[39m ]
data rcv RT:[ [32m'0.00'[39m, [32m'4.29'[39m, [32m'3.38'[39m, [32m'0.00'[39m ]
data rcv RT:[ [32m'0.00'[39m, [32m'4.29'[39m, [32m'3.37'[39m, [32m'0.00'[39m ]
data rcv RT:[ [32m'0.00'[39m, [32m'4.33'[39m, [32m'3.41'[39m, [32m'0.00'[39m ]
data rcv RT:[ [32m'0.00'[39m, [32m'4.36'[39m, [32m'3.40'[39m, [32m'0.02'[39m ]
data rcv RT:[ [32m'0.00'[39m, [32m'4.32'[39m, [32m'3.38'[39m, [32m'0.02'[39m ]
data rcv RT:[ [32m'0.00'[39m, [32m'4.37'[39m, [32m'3.42'[39m, [32m'0.04'[39m ]
data rcv RT:[ [32m'0.00'[39m, [32m'4.37'[39m, [32m'3.38'[39m, [32m'0.02'[39m ]
data rcv RT:[ [32m'0.00'[39m, [32m'4.37'[39m, [32m'3.41'[39m, [32m'0.00'[39m ]
data rcv RT:[ [32m'0.00'[39m, [32m'4.37'[39m, [32m'3.42'[39m, [32m'0.00'[39m ]
data rcv RT:[ [32m'0.00'[39m, [32m'4.33'[39m, [32m'3.42'[39m, [32m'0.00'[39m ]
data rcv RT:[ [32m'0.00'[39m, [32m'4.31'[39m, [32m'3.43'[39m, [32m'0.00'[39m ]
data rcv RT:[ [32m'0.00'[39m, [32m'4.29'[39m, [32m'3.43'[39m, [32m'0.00'[39m ]
data rcv RT:[ [32m'0.00'[39m, [32m'4.31'[39m, [32m'3.47'[39m, [32m'0.00'[39m ]
data rcv RT:[ [32m'0.00'[39m, [32m'4.29'[39m, [32m'3.43'[39m, [32m'0.00'[39m ]
data rcv RT:[ [32m'0.00'[39m, [32m'4.27'[39m, [32m'3.39'[39m, [32m'0.00'[39m ]
data rcv RT:[ [32m'0.00'[39m, [32m'4.31'[39m, [32m'3.43'[39m, [32m'0.00'[39m ]
data rcv RT:[ [32m'0.00'[39m, [32m'4.26'[39m, [32m'3.41'[39m, [32m'0.00'[39m ]
data rcv RT:[ [32m'0.00'[39m, [32m'4.25'[39m, [32m'3.38'[39m, [32m'0.00'[39m ]
data rcv RT:[ [32m'0.00'[39m, [32m'4.28'[39m, [32m'3.41'[39m, [32m'0.00'[39m ]
data rcv RT:[ [32m'0.00'[39m, [32m'4.28'[39m, [32m'3.37'[39m, [32m'0.00'[39m ]
data rcv RT:[ [32m'0.00'[39m, [32m'4.28'[39m, [32m'3.37'[39m, [32m'0.00'[39m ]
data rcv RT:[ [32m'0.00'[39m, [32m'4.28'[39m, [32m'3.37'[39m, [32m'0.00'[39m ]
data rcv RT:[ [32m'0.00'[39m, [32m'4.28'[39m, [32m'3.40'[39m, [32m'0.00'[39m ]
data rcv RT:[ [32m'0.00'[39m, [32m'4.30'[39m, [32m'3.39'[39m, [32m'0.01'[39m ]
data rcv RT:[ [32m'0.00'[39m, [32m'4.34'[39m, [32m'3.38'[39m, [32m'0.02'[39m ]
data rcv RT:[ [32m'0.00'[39m, [32m'4.35'[39m, [32m'3.38'[39m, [32m'0.06'[39m ]
data rcv RT:[ [32m'0.00'[39m, [32m'4.38'[39m, [32m'3.41'[39m, [32m'0.01'[39m ]
data rcv RT:[ [32m'0.00'[39m, [32m'4.37'[39m, [32m'3.42'[39m, [32m'0.00'[39m ]
data rcv RT:[ [32m'0.00'[39m, [32m'4.36'[39m, [32m'3.39'[39m, [32m'0.02'[39m ]
data rcv RT:[ [32m'0.00'[39m, [32m'4.34'[39m, [32m'3.42'[39m, [32m'0.00'[39m ]
data rcv RT:[ [32m'0.00'[39m, [32m'4.34'[39m, [32m'3.43'[39m, [32m'0.00'[39m ]
data rcv RT:[ [32m'0.00'[39m, [32m'4.33'[39m, [32m'3.42'[39m, [32m'0.00'[39m ]
data rcv RT:[ [32m'0.00'[39m, [32m'4.30'[39m, [32m'3.43'[39m, [32m'0.00'[39m ]
data rcv RT:[ [32m'0.00'[39m, [32m'4.32'[39m, [32m'3.43'[39m, [32m'0.00'[39m ]
data rcv RT:[ [32m'0.00'[39m, [32m'4.30'[39m, [32m'3.43'[39m, [32m'0.00'[39m ]
data rcv RT:[ [32m'0.00'[39m, [32m'4.27'[39m, [32m'3.43'[39m, [32m'0.00'[39m ]
data rcv RT:[ [32m'0.00'[39m, [32m'4.31'[39m, [32m'3.42'[39m, [32m'0.00'[39m ]
data rcv RT:[ [32m'0.00'[39m, [32m'4.26'[39m, [32m'3.39'[39m, [32m'0.00'[39m ]
data rcv RT:[ [32m'0.00'[39m, [32m'4.28'[39m, [32m'3.41'[39m, [32m'0.00'[39m ]
data rcv RT:[ [32m'0.00'[39m, [32m'4.28'[39m, [32m'3.42'[39m, [32m'0.00'[39m ]
data rcv RT:[ [32m'0.00'[39m, [32m'4.29'[39m, [32m'3.40'[39m, [32m'0.00'[39m ]
data rcv RT:[ [32m'0.00'[39m, [32m'4.31'[39m, [32m'3.39'[39m, [32m'0.01'[39m ]
data rcv RT:[ [32m'0.00'[39m, [32m'4.31'[39m, [32m'3.37'[39m, [32m'0.01'[39m ]
data rcv RT:[ [32m'0.00'[39m, [32m'4.34'[39m, [32m'3.34'[39m, [32m'0.07'[39m ]
data rcv RT:[ [32m'0.00'[39m, [32m'4.33'[39m, [32m'3.36'[39m, [32m'0.00'[39m ]
data rcv RT:[ [32m'0.00'[39m, [32m'4.37'[39m, [32m'3.43'[39m, [32m'0.02'[39m ]
data rcv RT:[ [32m'0.00'[39m, [32m'4.35'[39m, [32m'3.39'[39m, [32m'0.00'[39m ]
data rcv RT:[ [32m'0.00'[39m, [32m'4.37'[39m, [32m'3.41'[39m, [32m'0.01'[39m ]
data rcv RT:[ [32m'0.00'[39m, [32m'4.32'[39m, [32m'3.43'[39m, [32m'0.00'[39m ]
data rcv RT:[ [32m'0.00'[39m, [32m'4.33'[39m, [32m'3.43'[39m, [32m'0.00'[39m ]
data rcv RT:[ [32m'0.00'[39m, [32m'4.30'[39m, [32m'3.44'[39m, [32m'0.00'[39m ]
data rcv RT:[ [32m'0.00'[39m, [32m'4.30'[39m, [32m'3.41'[39m, [32m'0.00'[39m ]
data rcv RT:[ [32m'0.00'[39m, [32m'4.31'[39m, [32m'3.44'[39m, [32m'0.00'[39m ]
data rcv RT:[ [32m'0.00'[39m, [32m'4.28'[39m, [32m'3.42'[39m, [32m'0.00'[39m ]
data rcv RT:[ [32m'0.00'[39m, [32m'4.27'[39m, [32m'3.41'[39m, [32m'0.00'[39m ]
data rcv RT:[ [32m'0.00'[39m, [32m'4.27'[39m, [32m'3.37'[39m, [32m'0.00'[39m ]
data rcv RT:[ [32m'0.00'[39m, [32m'4.32'[39m, [32m'3.37'[39m, [32m'0.01'[39m ]
data rcv RT:[ [32m'0.00'[39m, [32m'4.33'[39m, [32m'3.39'[39m, [32m'0.01'[39m ]
data rcv RT:[ [32m'0.00'[39m, [32m'4.34'[39m, [32m'3.37'[39m, [32m'0.01'[39m ]
data rcv RT:[ [32m'0.00'[39m, [32m'4.34'[39m, [32m'3.38'[39m, [32m'0.02'[39m ]
data rcv RT:[ [32m'0.00'[39m, [32m'4.38'[39m, [32m'3.39'[39m, [32m'0.04'[39m ]
data rcv RT:[ [32m'0.00'[39m, [32m'4.36'[39m, [32m'3.39'[39m, [32m'0.01'[39m ]
data rcv RT:[ [32m'0.00'[39m, [32m'4.35'[39m, [32m'3.42'[39m, [32m'0.00'[39m ]
data rcv RT:[ [32m'0.00'[39m, [32m'4.36'[39m, [32m'3.43'[39m, [32m'0.00'[39m ]
data rcv RT:[ [32m'0.00'[39m, [32m'4.32'[39m, [32m'3.41'[39m, [32m'0.00'[39m ]
data rcv RT:[ [32m'0.00'[39m, [32m'4.30'[39m, [32m'3.44'[39m, [32m'0.00'[39m ]
data rcv RT:[ [32m'0.00'[39m, [32m'4.29'[39m, [32m'3.43'[39m, [32m'0.00'[39m ]
data rcv RT:[ [32m'0.00'[39m, [32m'4.31'[39m, [32m'3.41'[39m, [32m'0.00'[39m ]
data rcv RT:[ [32m'0.00'[39m, [32m'4.27'[39m, [32m'3.41'[39m, [32m'0.00'[39m ]
data rcv RT:[ [32m'0.00'[39m, [32m'4.27'[39m, [32m'3.40'[39m, [32m'0.00'[39m ]
data rcv RT:[ [32m'0.00'[39m, [32m'4.26'[39m, [32m'3.37'[39m, [32m'0.00'[39m ]
data rcv RT:[ [32m'0.00'[39m, [32m'4.33'[39m, [32m'3.36'[39m, [32m'0.01'[39m ]
data rcv RT:[ [32m'0.00'[39m, [32m'4.30'[39m, [32m'3.38'[39m, [32m'0.01'[39m ]
data rcv RT:[ [32m'0.00'[39m, [32m'4.32'[39m, [32m'3.38'[39m, [32m'0.01'[39m ]
data rcv RT:[ [32m'0.00'[39m, [32m'4.32'[39m, [32m'3.40'[39m, [32m'0.01'[39m ]
data rcv RT:[ [32m'0.00'[39m, [32m'4.33'[39m, [32m'3.39'[39m, [32m'0.02'[39m ]
data rcv RT:[ [32m'0.00'[39m, [32m'4.37'[39m, [32m'3.40'[39m, [32m'0.03'[39m ]
data rcv RT:[ [32m'0.00'[39m, [32m'4.36'[39m, [32m'3.38'[39m, [32m'0.01'[39m ]
data rcv RT:[ [32m'0.00'[39m, [32m'4.39'[39m, [32m'3.44'[39m, [32m'0.00'[39m ]
data rcv RT:[ [32m'0.00'[39m, [32m'4.37'[39m, [32m'3.40'[39m, [32m'0.00'[39m ]
data rcv RT:[ [32m'0.00'[39m, [32m'4.38'[39m, [32m'3.43'[39m, [32m'0.00'[39m ]
data rcv RT:[ [32m'0.00'[39m, [32m'4.36'[39m, [32m'3.44'[39m, [32m'0.00'[39m ]
data rcv RT:[ [32m'0.00'[39m, [32m'4.35'[39m, [32m'3.43'[39m, [32m'0.00'[39m ]
data rcv RT:[ [32m'0.00'[39m, [32m'4.35'[39m, [32m'3.43'[39m, [32m'0.00'[39m ]
data rcv RT:[ [32m'0.00'[39m, [32m'4.31'[39m, [32m'3.41'[39m, [32m'0.00'[39m ]
data rcv RT:[ [32m'0.00'[39m, [32m'4.31'[39m, [32m'3.42'[39m, [32m'0.00'[39m ]
data rcv RT:[ [32m'0.00'[39m, [32m'4.30'[39m, [32m'3.43'[39m, [32m'0.00'[39m ]
data rcv RT:[ [32m'0.00'[39m, [32m'4.29'[39m, [32m'3.48'[39m, [32m'0.00'[39m ]
data rcv RT:[ [32m'0.00'[39m, [32m'4.25'[39m, [32m'3.39'[39m, [32m'0.00'[39m ]
data rcv RT:[ [32m'0.00'[39m, [32m'4.28'[39m, [32m'3.40'[39m, [32m'0.00'[39m ]
data rcv RT:[ [32m'0.00'[39m, [32m'4.24'[39m, [32m'3.39'[39m, [32m'0.00'[39m ]
data rcv RT:[ [32m'0.00'[39m, [32m'4.26'[39m, [32m'3.39'[39m, [32m'0.00'[39m ]
data rcv RT:[ [32m'0.00'[39m, [32m'4.31'[39m, [32m'3.37'[39m, [32m'0.02'[39m ]
data rcv RT:[ [32m'0.00'[39m, [32m'4.29'[39m, [32m'3.37'[39m, [32m'0.02'[39m ]
data rcv RT:[ [32m'0.00'[39m, [32m'4.32'[39m, [32m'3.37'[39m, [32m'0.01'[39m ]
data rcv RT:[ [32m'0.00'[39m, [32m'4.35'[39m, [32m'3.37'[39m, [32m'0.04'[39m ]
data rcv RT:[ [32m'0.00'[39m, [32m'4.36'[39m, [32m'3.39'[39m, [32m'0.01'[39m ]
data rcv RT:[ [32m'0.00'[39m, [32m'4.38'[39m, [32m'3.39'[39m, [32m'0.01'[39m ]
data rcv RT:[ [32m'0.00'[39m, [32m'4.36'[39m, [32m'3.37'[39m, [32m'0.00'[39m ]
data rcv RT:[ [32m'0.00'[39m, [32m'4.37'[39m, [32m'3.37'[39m, [32m'0.04'[39m ]
data rcv RT:[ [32m'0.00'[39m, [32m'4.36'[39m, [32m'3.41'[39m, [32m'0.00'[39m ]
data rcv RT:[ [32m'0.00'[39m, [32m'4.38'[39m, [32m'3.38'[39m, [32m'0.02'[39m ]
data rcv RT:[ [32m'0.00'[39m, [32m'4.37'[39m, [32m'3.39'[39m, [32m'0.02'[39m ]
data rcv RT:[ [32m'0.00'[39m, [32m'4.34'[39m, [32m'3.42'[39m, [32m'0.00'[39m ]
data rcv RT:[ [32m'0.00'[39m, [32m'4.31'[39m, [32m'3.41'[39m, [32m'0.00'[39m ]
data rcv RT:[ [32m'0.00'[39m, [32m'4.31'[39m, [32m'3.42'[39m, [32m'0.00'[39m ]
data rcv RT:[ [32m'0.00'[39m, [32m'4.31'[39m, [32m'3.41'[39m, [32m'0.00'[39m ]
data rcv RT:[ [32m'0.00'[39m, [32m'4.31'[39m, [32m'3.45'[39m, [32m'0.00'[39m ]
data rcv RT:[ [32m'0.00'[39m, [32m'4.25'[39m, [32m'3.40'[39m, [32m'0.00'[39m ]
data rcv RT:[ [32m'0.00'[39m, [32m'4.27'[39m, [32m'3.35'[39m, [32m'0.00'[39m ]
data rcv RT:[ [32m'0.00'[39m, [32m'4.27'[39m, [32m'3.39'[39m, [32m'0.00'[39m ]
data rcv RT:[ [32m'0.00'[39m, [32m'4.25'[39m, [32m'3.43'[39m, [32m'0.00'[39m ]
data rcv RT:[ [32m'0.00'[39m, [32m'4.31'[39m, [32m'3.39'[39m, [32m'0.01'[39m ]
data rcv RT:[ [32m'0.00'[39m, [32m'4.32'[39m, [32m'3.37'[39m, [32m'0.01'[39m ]
data rcv RT:[ [32m'0.00'[39m, [32m'4.32'[39m, [32m'3.36'[39m, [32m'0.00'[39m ]
data rcv RT:[ [32m'0.00'[39m, [32m'4.33'[39m, [32m'3.39'[39m, [32m'0.01'[39m ]
data rcv RT:[ [32m'0.00'[39m, [32m'4.35'[39m, [32m'3.35'[39m, [32m'0.05'[39m ]
data rcv RT:[ [32m'0.00'[39m, [32m'4.35'[39m, [32m'3.39'[39m, [32m'0.03'[39m ]
data rcv RT:[ [32m'0.00'[39m, [32m'4.34'[39m, [32m'3.36'[39m, [32m'0.03'[39m ]
data rcv RT:[ [32m'0.00'[39m, [32m'4.39'[39m, [32m'3.40'[39m, [32m'0.02'[39m ]
data rcv RT:[ [32m'0.00'[39m, [32m'4.36'[39m, [32m'3.40'[39m, [32m'0.00'[39m ]
data rcv RT:[ [32m'0.00'[39m, [32m'4.34'[39m, [32m'3.42'[39m, [32m'0.00'[39m ]
data rcv RT:[ [32m'0.00'[39m, [32m'4.32'[39m, [32m'3.42'[39m, [32m'0.00'[39m ]
data rcv RT:[ [32m'0.00'[39m, [32m'4.32'[39m, [32m'3.42'[39m, [32m'0.00'[39m ]
data rcv RT:[ [32m'0.00'[39m, [32m'4.31'[39m, [32m'3.42'[39m, [32m'0.00'[39m ]
data rcv RT:[ [32m'0.00'[39m, [32m'4.33'[39m, [32m'3.42'[39m, [32m'0.00'[39m ]
data rcv RT:[ [32m'0.00'[39m, [32m'4.32'[39m, [32m'3.44'[39m, [32m'0.00'[39m ]
data rcv RT:[ [32m'0.00'[39m, [32m'4.29'[39m, [32m'3.41'[39m, [32m'0.00'[39m ]
data rcv RT:[ [32m'0.00'[39m, [32m'4.26'[39m, [32m'3.44'[39m, [32m'0.00'[39m ]
data rcv RT:[ [32m'0.00'[39m, [32m'4.30'[39m, [32m'3.44'[39m, [32m'0.00'[39m ]
data rcv RT:[ [32m'0.00'[39m, [32m'4.25'[39m, [32m'3.42'[39m, [32m'0.00'[39m ]
data rcv RT:[ [32m'0.00'[39m, [32m'4.27'[39m, [32m'3.38'[39m, [32m'0.00'[39m ]
data rcv RT:[ [32m'0.00'[39m, [32m'4.27'[39m, [32m'3.37'[39m, [32m'0.01'[39m ]
data rcv RT:[ [32m'0.00'[39m, [32m'4.30'[39m, [32m'3.37'[39m, [32m'0.01'[39m ]
data rcv RT:[ [32m'0.00'[39m, [32m'4.34'[39m, [32m'3.38'[39m, [32m'0.02'[39m ]
data rcv RT:[ [32m'0.00'[39m, [32m'4.35'[39m, [32m'3.40'[39m, [32m'0.04'[39m ]
data rcv RT:[ [32m'0.00'[39m, [32m'4.34'[39m, [32m'3.39'[39m, [32m'0.04'[39m ]
data rcv RT:[ [32m'0.00'[39m, [32m'4.36'[39m, [32m'3.40'[39m, [32m'0.02'[39m ]
data rcv RT:[ [32m'0.00'[39m, [32m'4.36'[39m, [32m'3.43'[39m, [32m'0.00'[39m ]
data rcv RT:[ [32m'0.00'[39m, [32m'4.36'[39m, [32m'3.41'[39m, [32m'0.00'[39m ]
data rcv RT:[ [32m'0.00'[39m, [32m'4.34'[39m, [32m'3.45'[39m, [32m'0.00'[39m ]
data rcv RT:[ [32m'0.00'[39m, [32m'4.32'[39m, [32m'3.42'[39m, [32m'0.00'[39m ]
data rcv RT:[ [32m'0.00'[39m, [32m'4.32'[39m, [32m'3.41'[39m, [32m'0.00'[39m ]
data rcv RT:[ [32m'0.00'[39m, [32m'4.31'[39m, [32m'3.41'[39m, [32m'0.00'[39m ]
data rcv RT:[ [32m'0.00'[39m, [32m'4.29'[39m, [32m'3.44'[39m, [32m'0.00'[39m ]
data rcv RT:[ [32m'0.00'[39m, [32m'4.30'[39m, [32m'3.44'[39m, [32m'0.00'[39m ]
data rcv RT:[ [32m'0.00'[39m, [32m'4.28'[39m, [32m'3.44'[39m, [32m'0.00'[39m ]
data rcv RT:[ [32m'0.00'[39m, [32m'4.29'[39m, [32m'3.40'[39m, [32m'0.00'[39m ]
data rcv RT:[ [32m'0.00'[39m, [32m'4.25'[39m, [32m'3.42'[39m, [32m'0.00'[39m ]
data rcv RT:[ [32m'0.00'[39m, [32m'4.29'[39m, [32m'3.37'[39m, [32m'0.00'[39m ]
data rcv RT:[ [32m'0.00'[39m, [32m'4.26'[39m, [32m'3.38'[39m, [32m'0.00'[39m ]
data rcv RT:[ [32m'0.00'[39m, [32m'4.30'[39m, [32m'3.37'[39m, [32m'0.00'[39m ]
data rcv RT:[ [32m'0.00'[39m, [32m'4.33'[39m, [32m'3.38'[39m, [32m'0.01'[39m ]
data rcv RT:[ [32m'0.00'[39m, [32m'4.38'[39m, [32m'3.39'[39m, [32m'0.01'[39m ]
data rcv RT:[ [32m'0.00'[39m, [32m'4.36'[39m, [32m'3.44'[39m, [32m'0.00'[39m ]
data rcv RT:[ [32m'0.00'[39m, [32m'4.34'[39m, [32m'3.44'[39m, [32m'0.00'[39m ]
data rcv RT:[ [32m'0.00'[39m, [32m'4.33'[39m, [32m'3.42'[39m, [32m'0.00'[39m ]
data rcv RT:[ [32m'0.00'[39m, [32m'4.30'[39m, [32m'3.40'[39m, [32m'0.00'[39m ]
data rcv RT:[ [32m'0.00'[39m, [32m'4.31'[39m, [32m'3.43'[39m, [32m'0.00'[39m ]
data rcv RT:[ [32m'0.00'[39m, [32m'4.27'[39m, [32m'3.42'[39m, [32m'0.00'[39m ]
data rcv RT:[ [32m'0.00'[39m, [32m'4.26'[39m, [32m'3.39'[39m, [32m'0.00'[39m ]
data rcv RT:[ [32m'0.00'[39m, [32m'4.24'[39m, [32m'3.40'[39m, [32m'0.00'[39m ]
data rcv RT:[ [32m'0.00'[39m, [32m'4.27'[39m, [32m'3.39'[39m, [32m'0.00'[39m ]
data rcv RT:[ [32m'0.00'[39m, [32m'4.32'[39m, [32m'3.36'[39m, [32m'0.01'[39m ]
data rcv RT:[ [32m'0.00'[39m, [32m'4.31'[39m, [32m'3.36'[39m, [32m'0.01'[39m ]
data rcv RT:[ [32m'0.00'[39m, [32m'4.32'[39m, [32m'3.38'[39m, [32m'0.01'[39m ]
data rcv RT:[ [32m'0.00'[39m, [32m'4.39'[39m, [32m'3.41'[39m, [32m'0.04'[39m ]
data rcv RT:[ [32m'0.00'[39m, [32m'4.39'[39m, [32m'3.41'[39m, [32m'0.00'[39m ]
data rcv RT:[ [32m'0.00'[39m, [32m'4.37'[39m, [32m'3.41'[39m, [32m'0.02'[39m ]
data rcv RT:[ [32m'0.00'[39m, [32m'4.36'[39m, [32m'3.37'[39m, [32m'0.05'[39m ]
data rcv RT:[ [32m'0.00'[39m, [32m'4.37'[39m, [32m'3.41'[39m, [32m'0.00'[39m ]
data rcv RT:[ [32m'0.00'[39m, [32m'4.34'[39m, [32m'3.42'[39m, [32m'0.00'[39m ]
data rcv RT:[ [32m'0.00'[39m, [32m'4.29'[39m, [32m'3.41'[39m, [32m'0.00'[39m ]
data rcv RT:[ [32m'0.00'[39m, [32m'4.31'[39m, [32m'3.40'[39m, [32m'0.00'[39m ]
data rcv RT:[ [32m'0.00'[39m, [32m'4.28'[39m, [32m'3.45'[39m, [32m'0.00'[39m ]
data rcv RT:[ [32m'0.00'[39m, [32m'4.28'[39m, [32m'3.41'[39m, [32m'0.00'[39m ]
data rcv RT:[ [32m'0.00'[39m, [32m'4.26'[39m, [32m'3.40'[39m, [32m'0.00'[39m ]
data rcv RT:[ [32m'0.00'[39m, [32m'4.26'[39m, [32m'3.36'[39m, [32m'0.00'[39m ]
data rcv RT:[ [32m'0.00'[39m, [32m'4.32'[39m, [32m'3.38'[39m, [32m'0.00'[39m ]
data rcv RT:[ [32m'0.00'[39m, [32m'4.30'[39m, [32m'3.37'[39m, [32m'0.00'[39m ]
data rcv RT:[ [32m'0.00'[39m, [32m'4.33'[39m, [32m'3.39'[39m, [32m'0.00'[39m ]
data rcv RT:[ [32m'0.00'[39m, [32m'4.32'[39m, [32m'3.36'[39m, [32m'0.05'[39m ]
data rcv RT:[ [32m'0.00'[39m, [32m'4.37'[39m, [32m'3.42'[39m, [32m'0.00'[39m ]
data rcv RT:[ [32m'0.00'[39m, [32m'4.37'[39m, [32m'3.40'[39m, [32m'0.00'[39m ]
data rcv RT:[ [32m'0.00'[39m, [32m'4.34'[39m, [32m'3.42'[39m, [32m'0.00'[39m ]
data rcv RT:[ [32m'0.00'[39m, [32m'4.35'[39m, [32m'3.39'[39m, [32m'0.00'[39m ]
data rcv RT:[ [32m'0.00'[39m, [32m'4.32'[39m, [32m'3.41'[39m, [32m'0.00'[39m ]
data rcv RT:[ [32m'0.00'[39m, [32m'4.32'[39m, [32m'3.43'[39m, [32m'0.00'[39m ]
data rcv RT:[ [32m'0.00'[39m, [32m'4.33'[39m, [32m'3.42'[39m, [32m'0.00'[39m ]
data rcv RT:[ [32m'0.00'[39m, [32m'4.30'[39m, [32m'3.44'[39m, [32m'0.00'[39m ]
data rcv RT:[ [32m'0.00'[39m, [32m'4.30'[39m, [32m'3.42'[39m, [32m'0.00'[39m ]
data rcv RT:[ [32m'0.00'[39m, [32m'4.29'[39m, [32m'3.44'[39m, [32m'0.00'[39m ]
data rcv RT:[ [32m'0.00'[39m, [32m'4.30'[39m, [32m'3.41'[39m, [32m'0.00'[39m ]
data rcv RT:[ [32m'0.00'[39m, [32m'4.29'[39m, [32m'3.41'[39m, [32m'0.00'[39m ]
data rcv RT:[ [32m'0.00'[39m, [32m'4.27'[39m, [32m'3.38'[39m, [32m'0.00'[39m ]
data rcv RT:[ [32m'0.00'[39m, [32m'4.27'[39m, [32m'3.39'[39m, [32m'0.00'[39m ]
data rcv RT:[ [32m'0.00'[39m, [32m'4.28'[39m, [32m'3.37'[39m, [32m'0.00'[39m ]
data rcv RT:[ [32m'0.00'[39m, [32m'4.30'[39m, [32m'3.36'[39m, [32m'0.00'[39m ]
data rcv RT:[ [32m'0.00'[39m, [32m'4.32'[39m, [32m'3.39'[39m, [32m'0.02'[39m ]
data rcv RT:[ [32m'0.00'[39m, [32m'4.35'[39m, [32m'3.40'[39m, [32m'0.00'[39m ]
data rcv RT:[ [32m'0.00'[39m, [32m'4.34'[39m, [32m'3.39'[39m, [32m'0.03'[39m ]
data rcv RT:[ [32m'0.00'[39m, [32m'4.37'[39m, [32m'3.37'[39m, [32m'0.06'[39m ]
data rcv RT:[ [32m'0.00'[39m, [32m'4.36'[39m, [32m'3.40'[39m, [32m'0.02'[39m ]
data rcv RT:[ [32m'0.00'[39m, [32m'4.38'[39m, [32m'3.43'[39m, [32m'0.00'[39m ]
data rcv RT:[ [32m'0.00'[39m, [32m'4.35'[39m, [32m'3.42'[39m, [32m'0.00'[39m ]
data rcv RT:[ [32m'0.00'[39m, [32m'4.34'[39m, [32m'3.43'[39m, [32m'0.00'[39m ]
data rcv RT:[ [32m'0.00'[39m, [32m'4.37'[39m, [32m'3.43'[39m, [32m'0.00'[39m ]
data rcv RT:[ [32m'0.00'[39m, [32m'4.35'[39m, [32m'3.42'[39m, [32m'0.00'[39m ]
data rcv RT:[ [32m'0.00'[39m, [32m'4.32'[39m, [32m'3.43'[39m, [32m'0.00'[39m ]
data rcv RT:[ [32m'0.00'[39m, [32m'4.31'[39m, [32m'3.40'[39m, [32m'0.00'[39m ]
data rcv RT:[ [32m'0.00'[39m, [32m'4.30'[39m, [32m'3.42'[39m, [32m'0.00'[39m ]
data rcv RT:[ [32m'0.00'[39m, [32m'4.28'[39m, [32m'3.43'[39m, [32m'0.00'[39m ]
data rcv RT:[ [32m'0.00'[39m, [32m'4.28'[39m, [32m'3.43'[39m, [32m'0.00'[39m ]
data rcv RT:[ [32m'0.00'[39m, [32m'4.24'[39m, [32m'3.38'[39m, [32m'0.00'[39m ]
data rcv RT:[ [32m'0.00'[39m, [32m'4.30'[39m, [32m'3.37'[39m, [32m'0.00'[39m ]
data rcv RT:[ [32m'0.00'[39m, [32m'4.27'[39m, [32m'3.39'[39m, [32m'0.00'[39m ]
data rcv RT:[ [32m'0.00'[39m, [32m'4.31'[39m, [32m'3.37'[39m, [32m'0.01'[39m ]
data rcv RT:[ [32m'0.00'[39m, [32m'4.32'[39m, [32m'3.39'[39m, [32m'0.01'[39m ]
data rcv RT:[ [32m'0.00'[39m, [32m'4.36'[39m, [32m'3.41'[39m, [32m'0.01'[39m ]
data rcv RT:[ [32m'0.00'[39m, [32m'4.33'[39m, [32m'3.39'[39m, [32m'0.00'[39m ]
data rcv RT:[ [32m'0.00'[39m, [32m'4.34'[39m, [32m'3.37'[39m, [32m'0.05'[39m ]
data rcv RT:[ [32m'0.00'[39m, [32m'4.35'[39m, [32m'3.43'[39m, [32m'0.00'[39m ]
data rcv RT:[ [32m'0.00'[39m, [32m'4.35'[39m, [32m'3.40'[39m, [32m'0.00'[39m ]
data rcv RT:[ [32m'0.00'[39m, [32m'4.37'[39m, [32m'3.40'[39m, [32m'0.04'[39m ]
data rcv RT:[ [32m'0.00'[39m, [32m'4.37'[39m, [32m'3.42'[39m, [32m'0.00'[39m ]
data rcv RT:[ [32m'0.00'[39m, [32m'4.34'[39m, [32m'3.40'[39m, [32m'0.00'[39m ]
data rcv RT:[ [32m'0.00'[39m, [32m'4.32'[39m, [32m'3.44'[39m, [32m'0.00'[39m ]
data rcv RT:[ [32m'0.00'[39m, [32m'4.31'[39m, [32m'3.43'[39m, [32m'0.00'[39m ]
data rcv RT:[ [32m'0.00'[39m, [32m'4.31'[39m, [32m'3.42'[39m, [32m'0.00'[39m ]
data rcv RT:[ [32m'0.00'[39m, [32m'4.27'[39m, [32m'3.44'[39m, [32m'0.00'[39m ]
data rcv RT:[ [32m'0.00'[39m, [32m'4.26'[39m, [32m'3.44'[39m, [32m'0.00'[39m ]
data rcv RT:[ [32m'0.00'[39m, [32m'4.27'[39m, [32m'3.43'[39m, [32m'0.00'[39m ]
data rcv RT:[ [32m'0.00'[39m, [32m'4.28'[39m, [32m'3.38'[39m, [32m'0.00'[39m ]
data rcv RT:[ [32m'0.00'[39m, [32m'4.29'[39m, [32m'3.40'[39m, [32m'0.00'[39m ]
data rcv RT:[ [32m'0.00'[39m, [32m'4.29'[39m, [32m'3.37'[39m, [32m'0.00'[39m ]
data rcv RT:[ [32m'0.00'[39m, [32m'4.31'[39m, [32m'3.39'[39m, [32m'0.01'[39m ]
data rcv RT:[ [32m'0.00'[39m, [32m'4.32'[39m, [32m'3.40'[39m, [32m'0.00'[39m ]
data rcv RT:[ [32m'0.00'[39m, [32m'4.33'[39m, [32m'3.37'[39m, [32m'0.02'[39m ]
data rcv RT:[ [32m'0.00'[39m, [32m'4.37'[39m, [32m'3.43'[39m, [32m'0.00'[39m ]
data rcv RT:[ [32m'0.00'[39m, [32m'4.37'[39m, [32m'3.41'[39m, [32m'0.01'[39m ]
data rcv RT:[ [32m'0.00'[39m, [32m'4.38'[39m, [32m'3.43'[39m, [32m'0.00'[39m ]
data rcv RT:[ [32m'0.00'[39m, [32m'4.34'[39m, [32m'3.43'[39m, [32m'0.00'[39m ]
data rcv RT:[ [32m'0.00'[39m, [32m'4.33'[39m, [32m'3.42'[39m, [32m'0.00'[39m ]
data rcv RT:[ [32m'0.00'[39m, [32m'4.30'[39m, [32m'3.42'[39m, [32m'0.00'[39m ]
data rcv RT:[ [32m'0.00'[39m, [32m'4.32'[39m, [32m'3.41'[39m, [32m'0.00'[39m ]
data rcv RT:[ [32m'0.00'[39m, [32m'4.31'[39m, [32m'3.39'[39m, [32m'0.00'[39m ]
data rcv RT:[ [32m'0.00'[39m, [32m'4.25'[39m, [32m'3.41'[39m, [32m'0.00'[39m ]
data rcv RT:[ [32m'0.00'[39m, [32m'4.26'[39m, [32m'3.38'[39m, [32m'0.00'[39m ]
data rcv RT:[ [32m'0.00'[39m, [32m'4.27'[39m, [32m'3.37'[39m, [32m'0.00'[39m ]
data rcv RT:[ [32m'0.00'[39m, [32m'4.27'[39m, [32m'3.39'[39m, [32m'0.00'[39m ]
data rcv RT:[ [32m'0.00'[39m, [32m'4.31'[39m, [32m'3.37'[39m, [32m'0.00'[39m ]
data rcv RT:[ [32m'0.00'[39m, [32m'4.33'[39m, [32m'3.39'[39m, [32m'0.00'[39m ]
data rcv RT:[ [32m'0.00'[39m, [32m'4.33'[39m, [32m'3.41'[39m, [32m'0.00'[39m ]
data rcv RT:[ [32m'0.00'[39m, [32m'4.32'[39m, [32m'3.38'[39m, [32m'0.01'[39m ]
data rcv RT:[ [32m'0.00'[39m, [32m'4.36'[39m, [32m'3.41'[39m, [32m'0.00'[39m ]
data rcv RT:[ [32m'0.00'[39m, [32m'4.35'[39m, [32m'3.43'[39m, [32m'0.00'[39m ]
data rcv RT:[ [32m'0.00'[39m, [32m'4.37'[39m, [32m'3.41'[39m, [32m'0.00'[39m ]
data rcv RT:[ [32m'0.00'[39m, [32m'4.30'[39m, [32m'3.43'[39m, [32m'0.00'[39m ]
data rcv RT:[ [32m'0.00'[39m, [32m'4.34'[39m, [32m'3.43'[39m, [32m'0.00'[39m ]
data rcv RT:[ [32m'0.00'[39m, [32m'4.29'[39m, [32m'3.45'[39m, [32m'0.00'[39m ]
data rcv RT:[ [32m'0.00'[39m, [32m'4.29'[39m, [32m'3.43'[39m, [32m'0.00'[39m ]
data rcv RT:[ [32m'0.00'[39m, [32m'4.26'[39m, [32m'3.40'[39m, [32m'0.00'[39m ]
data rcv RT:[ [32m'0.00'[39m, [32m'4.26'[39m, [32m'3.39'[39m, [32m'0.00'[39m ]
data rcv RT:[ [32m'0.00'[39m, [32m'4.31'[39m, [32m'3.37'[39m, [32m'0.01'[39m ]
data rcv RT:[ [32m'0.00'[39m, [32m'4.33'[39m, [32m'3.37'[39m, [32m'0.01'[39m ]
data rcv RT:[ [32m'0.00'[39m, [32m'4.34'[39m, [32m'3.35'[39m, [32m'0.08'[39m ]
data rcv RT:[ [32m'0.00'[39m, [32m'4.37'[39m, [32m'3.38'[39m, [32m'0.03'[39m ]
data rcv RT:[ [32m'0.00'[39m, [32m'4.36'[39m, [32m'3.42'[39m, [32m'0.00'[39m ]
data rcv RT:[ [32m'0.00'[39m, [32m'4.36'[39m, [32m'3.41'[39m, [32m'0.00'[39m ]
data rcv RT:[ [32m'0.00'[39m, [32m'4.31'[39m, [32m'3.44'[39m, [32m'0.00'[39m ]
data rcv RT:[ [32m'0.00'[39m, [32m'4.30'[39m, [32m'3.44'[39m, [32m'0.00'[39m ]
data rcv RT:[ [32m'0.00'[39m, [32m'4.25'[39m, [32m'3.38'[39m, [32m'0.00'[39m ]
data rcv RT:[ [32m'0.00'[39m, [32m'4.28'[39m, [32m'3.42'[39m, [32m'0.00'[39m ]
data rcv RT:[ [32m'0.00'[39m, [32m'4.28'[39m, [32m'3.37'[39m, [32m'0.00'[39m ]
data rcv RT:[ [32m'0.00'[39m, [32m'4.29'[39m, [32m'3.38'[39m, [32m'0.00'[39m ]
data rcv RT:[ [32m'0.00'[39m, [32m'4.29'[39m, [32m'3.39'[39m, [32m'0.00'[39m ]
data rcv RT:[ [32m'0.00'[39m, [32m'4.27'[39m, [32m'3.40'[39m, [32m'0.00'[39m ]
data rcv RT:[ [32m'0.00'[39m, [32m'4.30'[39m, [32m'3.37'[39m, [32m'0.01'[39m ]
data rcv RT:[ [32m'0.00'[39m, [32m'4.29'[39m, [32m'3.38'[39m, [32m'0.00'[39m ]
data rcv RT:[ [32m'0.00'[39m, [32m'4.33'[39m, [32m'3.38'[39m, [32m'0.01'[39m ]
data rcv RT:[ [32m'0.00'[39m, [32m'4.36'[39m, [32m'3.38'[39m, [32m'0.02'[39m ]
data rcv RT:[ [32m'0.00'[39m, [32m'4.35'[39m, [32m'3.41'[39m, [32m'0.00'[39m ]
data rcv RT:[ [32m'0.00'[39m, [32m'4.35'[39m, [32m'3.44'[39m, [32m'0.00'[39m ]
data rcv RT:[ [32m'0.00'[39m, [32m'4.35'[39m, [32m'3.43'[39m, [32m'0.00'[39m ]
data rcv RT:[ [32m'0.00'[39m, [32m'4.32'[39m, [32m'3.44'[39m, [32m'0.00'[39m ]
data rcv RT:[ [32m'0.00'[39m, [32m'4.33'[39m, [32m'3.46'[39m, [32m'0.00'[39m ]
data rcv RT:[ [32m'0.00'[39m, [32m'4.29'[39m, [32m'3.43'[39m, [32m'0.00'[39m ]
data rcv RT:[ [32m'0.00'[39m, [32m'4.27'[39m, [32m'3.38'[39m, [32m'0.00'[39m ]
data rcv RT:[ [32m'0.00'[39m, [32m'4.29'[39m, [32m'3.41'[39m, [32m'0.00'[39m ]
data rcv RT:[ [32m'0.00'[39m, [32m'4.27'[39m, [32m'3.38'[39m, [32m'0.00'[39m ]
data rcv RT:[ [32m'0.00'[39m, [32m'4.30'[39m, [32m'3.37'[39m, [32m'0.01'[39m ]
data rcv RT:[ [32m'0.00'[39m, [32m'4.35'[39m, [32m'3.38'[39m, [32m'0.01'[39m ]
data rcv RT:[ [32m'0.00'[39m, [32m'4.31'[39m, [32m'3.38'[39m, [32m'0.01'[39m ]
data rcv RT:[ [32m'0.00'[39m, [32m'4.36'[39m, [32m'3.40'[39m, [32m'0.02'[39m ]
data rcv RT:[ [32m'0.00'[39m, [32m'4.36'[39m, [32m'3.42'[39m, [32m'0.00'[39m ]
data rcv RT:[ [32m'0.00'[39m, [32m'4.33'[39m, [32m'3.42'[39m, [32m'0.00'[39m ]
data rcv RT:[ [32m'0.00'[39m, [32m'4.34'[39m, [32m'3.42'[39m, [32m'0.00'[39m ]
data rcv RT:[ [32m'0.00'[39m, [32m'4.31'[39m, [32m'3.43'[39m, [32m'0.00'[39m ]
data rcv RT:[ [32m'0.00'[39m, [32m'4.29'[39m, [32m'3.48'[39m, [32m'0.00'[39m ]
data rcv RT:[ [32m'0.00'[39m, [32m'4.27'[39m, [32m'3.44'[39m, [32m'0.00'[39m ]
data rcv RT:[ [32m'0.00'[39m, [32m'4.26'[39m, [32m'3.39'[39m, [32m'0.00'[39m ]
data rcv RT:[ [32m'0.00'[39m, [32m'4.26'[39m, [32m'3.37'[39m, [32m'0.00'[39m ]
data rcv RT:[ [32m'0.00'[39m, [32m'4.32'[39m, [32m'3.37'[39m, [32m'0.02'[39m ]
data rcv RT:[ [32m'0.00'[39m, [32m'4.32'[39m, [32m'3.40'[39m, [32m'0.00'[39m ]
data rcv RT:[ [32m'0.00'[39m, [32m'4.36'[39m, [32m'3.38'[39m, [32m'0.03'[39m ]
data rcv RT:[ [32m'0.00'[39m, [32m'4.37'[39m, [32m'3.37'[39m, [32m'0.02'[39m ]
data rcv RT:[ [32m'0.00'[39m, [32m'4.34'[39m, [32m'3.42'[39m, [32m'0.00'[39m ]
data rcv RT:[ [32m'0.00'[39m, [32m'4.30'[39m, [32m'3.45'[39m, [32m'0.00'[39m ]
data rcv RT:[ [32m'0.00'[39m, [32m'4.27'[39m, [32m'3.42'[39m, [32m'0.00'[39m ]
data rcv RT:[ [32m'0.00'[39m, [32m'4.26'[39m, [32m'3.41'[39m, [32m'0.00'[39m ]
data rcv RT:[ [32m'0.00'[39m, [32m'4.27'[39m, [32m'3.44'[39m, [32m'0.00'[39m ]
data rcv RT:[ [32m'0.00'[39m, [32m'4.29'[39m, [32m'3.36'[39m, [32m'0.00'[39m ]
data rcv RT:[ [32m'0.00'[39m, [32m'4.30'[39m, [32m'3.38'[39m, [32m'0.00'[39m ]
data rcv RT:[ [32m'0.00'[39m, [32m'4.31'[39m, [32m'3.36'[39m, [32m'0.00'[39m ]
data rcv RT:[ [32m'0.00'[39m, [32m'4.36'[39m, [32m'3.39'[39m, [32m'0.02'[39m ]
data rcv RT:[ [32m'0.00'[39m, [32m'4.36'[39m, [32m'3.40'[39m, [32m'0.01'[39m ]
data rcv RT:[ [32m'0.00'[39m, [32m'4.38'[39m, [32m'3.40'[39m, [32m'0.01'[39m ]
data rcv RT:[ [32m'0.00'[39m, [32m'4.36'[39m, [32m'3.40'[39m, [32m'0.00'[39m ]
data rcv RT:[ [32m'0.00'[39m, [32m'4.37'[39m, [32m'3.43'[39m, [32m'0.00'[39m ]
data rcv RT:[ [32m'0.00'[39m, [32m'4.32'[39m, [32m'3.42'[39m, [32m'0.00'[39m ]
data rcv RT:[ [32m'0.00'[39m, [32m'4.29'[39m, [32m'3.43'[39m, [32m'0.00'[39m ]
data rcv RT:[ [32m'0.00'[39m, [32m'4.33'[39m, [32m'3.46'[39m, [32m'0.00'[39m ]
data rcv RT:[ [32m'0.00'[39m, [32m'4.32'[39m, [32m'3.48'[39m, [32m'0.00'[39m ]
data rcv RT:[ [32m'0.00'[39m, [32m'4.28'[39m, [32m'3.45'[39m, [32m'0.00'[39m ]
data rcv RT:[ [32m'0.00'[39m, [32m'4.24'[39m, [32m'3.38'[39m, [32m'0.00'[39m ]
data rcv RT:[ [32m'0.00'[39m, [32m'4.24'[39m, [32m'3.40'[39m, [32m'0.00'[39m ]
data rcv RT:[ [32m'0.00'[39m, [32m'4.26'[39m, [32m'3.40'[39m, [32m'0.00'[39m ]
data rcv RT:[ [32m'0.00'[39m, [32m'4.29'[39m, [32m'3.37'[39m, [32m'0.00'[39m ]
data rcv RT:[ [32m'0.00'[39m, [32m'4.34'[39m, [32m'3.37'[39m, [32m'0.02'[39m ]
data rcv RT:[ [32m'0.00'[39m, [32m'4.34'[39m, [32m'3.37'[39m, [32m'0.02'[39m ]
data rcv RT:[ [32m'0.00'[39m, [32m'4.35'[39m, [32m'3.41'[39m, [32m'0.00'[39m ]
data rcv RT:[ [32m'0.00'[39m, [32m'4.37'[39m, [32m'3.41'[39m, [32m'0.00'[39m ]
data rcv RT:[ [32m'0.00'[39m, [32m'4.33'[39m, [32m'3.41'[39m, [32m'0.00'[39m ]
data rcv RT:[ [32m'0.00'[39m, [32m'4.34'[39m, [32m'3.44'[39m, [32m'0.00'[39m ]
data rcv RT:[ [32m'0.00'[39m, [32m'4.35'[39m, [32m'3.42'[39m, [32m'0.00'[39m ]
data rcv RT:[ [32m'0.00'[39m, [32m'4.30'[39m, [32m'3.44'[39m, [32m'0.00'[39m ]
data rcv RT:[ [32m'0.00'[39m, [32m'4.32'[39m, [32m'3.42'[39m, [32m'0.00'[39m ]
data rcv RT:[ [32m'0.00'[39m, [32m'4.29'[39m, [32m'3.41'[39m, [32m'0.00'[39m ]
data rcv RT:[ [32m'0.00'[39m, [32m'4.25'[39m, [32m'3.42'[39m, [32m'0.00'[39m ]
data rcv RT:[ [32m'0.00'[39m, [32m'4.28'[39m, [32m'3.43'[39m, [32m'0.00'[39m ]
data rcv RT:[ [32m'0.00'[39m, [32m'4.26'[39m, [32m'3.39'[39m, [32m'0.00'[39m ]
data rcv RT:[ [32m'0.00'[39m, [32m'4.27'[39m, [32m'3.42'[39m, [32m'0.00'[39m ]
data rcv RT:[ [32m'0.00'[39m, [32m'4.25'[39m, [32m'3.39'[39m, [32m'0.00'[39m ]
data rcv RT:[ [32m'0.00'[39m, [32m'4.31'[39m, [32m'3.36'[39m, [32m'0.00'[39m ]
data rcv RT:[ [32m'0.00'[39m, [32m'4.36'[39m, [32m'3.39'[39m, [32m'0.07'[39m ]
data rcv RT:[ [32m'0.00'[39m, [32m'4.35'[39m, [32m'3.36'[39m, [32m'0.02'[39m ]
data rcv RT:[ [32m'0.00'[39m, [32m'4.34'[39m, [32m'3.38'[39m, [32m'0.03'[39m ]
data rcv RT:[ [32m'0.00'[39m, [32m'4.36'[39m, [32m'3.41'[39m, [32m'0.00'[39m ]
data rcv RT:[ [32m'0.00'[39m, [32m'4.40'[39m, [32m'3.39'[39m, [32m'0.00'[39m ]
data rcv RT:[ [32m'0.00'[39m, [32m'4.36'[39m, [32m'3.41'[39m, [32m'0.00'[39m ]
data rcv RT:[ [32m'0.00'[39m, [32m'4.31'[39m, [32m'3.46'[39m, [32m'0.00'[39m ]
data rcv RT:[ [32m'0.00'[39m, [32m'4.33'[39m, [32m'3.41'[39m, [32m'0.00'[39m ]
data rcv RT:[ [32m'0.00'[39m, [32m'4.31'[39m, [32m'3.45'[39m, [32m'0.00'[39m ]
data rcv RT:[ [32m'0.00'[39m, [32m'4.29'[39m, [32m'3.44'[39m, [32m'0.00'[39m ]
data rcv RT:[ [32m'0.00'[39m, [32m'4.28'[39m, [32m'3.47'[39m, [32m'0.00'[39m ]
data rcv RT:[ [32m'0.00'[39m, [32m'4.27'[39m, [32m'3.45'[39m, [32m'0.00'[39m ]
data rcv RT:[ [32m'0.00'[39m, [32m'4.29'[39m, [32m'3.37'[39m, [32m'0.00'[39m ]
data rcv RT:[ [32m'0.00'[39m, [32m'4.30'[39m, [32m'3.36'[39m, [32m'0.00'[39m ]
data rcv RT:[ [32m'0.00'[39m, [32m'4.31'[39m, [32m'3.36'[39m, [32m'0.01'[39m ]
data rcv RT:[ [32m'0.00'[39m, [32m'4.34'[39m, [32m'3.38'[39m, [32m'0.02'[39m ]
data rcv RT:[ [32m'0.00'[39m, [32m'4.35'[39m, [32m'3.37'[39m, [32m'0.03'[39m ]
data rcv RT:[ [32m'0.00'[39m, [32m'4.36'[39m, [32m'3.36'[39m, [32m'0.05'[39m ]
data rcv RT:[ [32m'0.00'[39m, [32m'4.38'[39m, [32m'3.38'[39m, [32m'0.01'[39m ]
data rcv RT:[ [32m'0.00'[39m, [32m'4.37'[39m, [32m'3.42'[39m, [32m'0.00'[39m ]
data rcv RT:[ [32m'0.00'[39m, [32m'4.37'[39m, [32m'3.44'[39m, [32m'0.00'[39m ]
data rcv RT:[ [32m'0.00'[39m, [32m'4.30'[39m, [32m'3.44'[39m, [32m'0.00'[39m ]
data rcv RT:[ [32m'0.00'[39m, [32m'4.29'[39m, [32m'3.43'[39m, [32m'0.00'[39m ]
data rcv RT:[ [32m'0.00'[39m, [32m'4.28'[39m, [32m'3.42'[39m, [32m'0.00'[39m ]
data rcv RT:[ [32m'0.00'[39m, [32m'4.29'[39m, [32m'3.37'[39m, [32m'0.00'[39m ]
data rcv RT:[ [32m'0.00'[39m, [32m'4.29'[39m, [32m'3.37'[39m, [32m'0.00'[39m ]
data rcv RT:[ [32m'0.00'[39m, [32m'4.28'[39m, [32m'3.38'[39m, [32m'0.00'[39m ]
data rcv RT:[ [32m'0.00'[39m, [32m'4.30'[39m, [32m'3.37'[39m, [32m'0.00'[39m ]
data rcv RT:[ [32m'0.00'[39m, [32m'4.34'[39m, [32m'3.40'[39m, [32m'0.01'[39m ]
data rcv RT:[ [32m'0.00'[39m, [32m'4.35'[39m, [32m'3.39'[39m, [32m'0.01'[39m ]
data rcv RT:[ [32m'0.00'[39m, [32m'4.39'[39m, [32m'3.40'[39m, [32m'0.00'[39m ]
data rcv RT:[ [32m'0.00'[39m, [32m'4.37'[39m, [32m'3.42'[39m, [32m'0.00'[39m ]
data rcv RT:[ [32m'0.00'[39m, [32m'4.33'[39m, [32m'3.45'[39m, [32m'0.00'[39m ]
data rcv RT:[ [32m'0.00'[39m, [32m'4.30'[39m, [32m'3.42'[39m, [32m'0.00'[39m ]
data rcv RT:[ [32m'0.00'[39m, [32m'4.31'[39m, [32m'3.41'[39m, [32m'0.00'[39m ]
data rcv RT:[ [32m'0.00'[39m, [32m'4.28'[39m, [32m'3.44'[39m, [32m'0.00'[39m ]
data rcv RT:[ [32m'0.00'[39m, [32m'4.25'[39m, [32m'3.41'[39m, [32m'0.00'[39m ]
data rcv RT:[ [32m'0.00'[39m, [32m'4.28'[39m, [32m'3.37'[39m, [32m'0.00'[39m ]
data rcv RT:[ [32m'0.00'[39m, [32m'4.30'[39m, [32m'3.39'[39m, [32m'0.00'[39m ]
data rcv RT:[ [32m'0.00'[39m, [32m'4.30'[39m, [32m'3.39'[39m, [32m'0.00'[39m ]
data rcv RT:[ [32m'0.00'[39m, [32m'4.34'[39m, [32m'3.38'[39m, [32m'0.04'[39m ]
data rcv RT:[ [32m'0.00'[39m, [32m'4.38'[39m, [32m'3.38'[39m, [32m'0.02'[39m ]
data rcv RT:[ [32m'0.00'[39m, [32m'4.37'[39m, [32m'3.38'[39m, [32m'0.03'[39m ]
data rcv RT:[ [32m'0.00'[39m, [32m'4.37'[39m, [32m'3.40'[39m, [32m'0.01'[39m ]
data rcv RT:[ [32m'0.00'[39m, [32m'4.36'[39m, [32m'3.41'[39m, [32m'0.00'[39m ]
data rcv RT:[ [32m'0.00'[39m, [32m'4.32'[39m, [32m'3.43'[39m, [32m'0.00'[39m ]
data rcv RT:[ [32m'0.00'[39m, [32m'4.31'[39m, [32m'3.42'[39m, [32m'0.00'[39m ]
data rcv RT:[ [32m'0.00'[39m, [32m'4.31'[39m, [32m'3.43'[39m, [32m'0.00'[39m ]
data rcv RT:[ [32m'0.00'[39m, [32m'4.28'[39m, [32m'3.43'[39m, [32m'0.00'[39m ]
data rcv RT:[ [32m'0.00'[39m, [32m'4.24'[39m, [32m'3.39'[39m, [32m'0.00'[39m ]
data rcv RT:[ [32m'0.00'[39m, [32m'4.27'[39m, [32m'3.38'[39m, [32m'0.00'[39m ]
data rcv RT:[ [32m'0.00'[39m, [32m'4.29'[39m, [32m'3.38'[39m, [32m'0.00'[39m ]
data rcv RT:[ [32m'0.00'[39m, [32m'4.31'[39m, [32m'3.39'[39m, [32m'0.00'[39m ]
data rcv RT:[ [32m'0.00'[39m, [32m'4.35'[39m, [32m'3.40'[39m, [32m'0.03'[39m ]
data rcv RT:[ [32m'0.00'[39m, [32m'4.35'[39m, [32m'3.39'[39m, [32m'0.00'[39m ]
data rcv RT:[ [32m'0.00'[39m, [32m'4.41'[39m, [32m'3.44'[39m, [32m'0.02'[39m ]
data rcv RT:[ [32m'0.00'[39m, [32m'4.35'[39m, [32m'3.42'[39m, [32m'0.00'[39m ]
data rcv RT:[ [32m'0.00'[39m, [32m'4.32'[39m, [32m'3.44'[39m, [32m'0.00'[39m ]
data rcv RT:[ [32m'0.00'[39m, [32m'4.32'[39m, [32m'3.43'[39m, [32m'0.00'[39m ]
data rcv RT:[ [32m'0.00'[39m, [32m'4.31'[39m, [32m'3.41'[39m, [32m'0.00'[39m ]
data rcv RT:[ [32m'0.00'[39m, [32m'4.31'[39m, [32m'3.42'[39m, [32m'0.00'[39m ]
data rcv RT:[ [32m'0.00'[39m, [32m'4.25'[39m, [32m'3.40'[39m, [32m'0.00'[39m ]
data rcv RT:[ [32m'0.00'[39m, [32m'4.27'[39m, [32m'3.37'[39m, [32m'0.00'[39m ]
data rcv RT:[ [32m'0.00'[39m, [32m'4.29'[39m, [32m'3.37'[39m, [32m'0.00'[39m ]
data rcv RT:[ [32m'0.00'[39m, [32m'4.28'[39m, [32m'3.39'[39m, [32m'0.00'[39m ]
data rcv RT:[ [32m'0.00'[39m, [32m'4.34'[39m, [32m'3.34'[39m, [32m'0.04'[39m ]
data rcv RT:[ [32m'0.00'[39m, [32m'4.34'[39m, [32m'3.41'[39m, [32m'0.06'[39m ]
data rcv RT:[ [32m'0.00'[39m, [32m'4.38'[39m, [32m'3.38'[39m, [32m'0.04'[39m ]
data rcv RT:[ [32m'0.00'[39m, [32m'4.37'[39m, [32m'3.42'[39m, [32m'0.00'[39m ]
data rcv RT:[ [32m'0.00'[39m, [32m'4.32'[39m, [32m'3.42'[39m, [32m'0.00'[39m ]
data rcv RT:[ [32m'0.00'[39m, [32m'4.26'[39m, [32m'3.40'[39m, [32m'0.00'[39m ]
data rcv RT:[ [32m'0.00'[39m, [32m'4.25'[39m, [32m'3.39'[39m, [32m'0.00'[39m ]
data rcv RT:[ [32m'0.00'[39m, [32m'4.29'[39m, [32m'3.37'[39m, [32m'0.00'[39m ]
data rcv RT:[ [32m'0.00'[39m, [32m'4.30'[39m, [32m'3.37'[39m, [32m'0.00'[39m ]
data rcv RT:[ [32m'0.00'[39m, [32m'4.32'[39m, [32m'3.36'[39m, [32m'0.00'[39m ]
data rcv RT:[ [32m'0.00'[39m, [32m'4.34'[39m, [32m'3.38'[39m, [32m'0.01'[39m ]
data rcv RT:[ [32m'0.00'[39m, [32m'4.35'[39m, [32m'3.39'[39m, [32m'0.00'[39m ]
data rcv RT:[ [32m'0.00'[39m, [32m'4.35'[39m, [32m'3.40'[39m, [32m'0.01'[39m ]
data rcv RT:[ [32m'0.00'[39m, [32m'4.37'[39m, [32m'3.39'[39m, [32m'0.03'[39m ]
data rcv RT:[ [32m'0.00'[39m, [32m'4.34'[39m, [32m'3.44'[39m, [32m'0.00'[39m ]
data rcv RT:[ [32m'0.00'[39m, [32m'4.32'[39m, [32m'3.44'[39m, [32m'0.00'[39m ]
data rcv RT:[ [32m'0.00'[39m, [32m'4.31'[39m, [32m'3.43'[39m, [32m'0.00'[39m ]
data rcv RT:[ [32m'0.00'[39m, [32m'4.28'[39m, [32m'3.39'[39m, [32m'0.00'[39m ]
data rcv RT:[ [32m'0.00'[39m, [32m'4.27'[39m, [32m'3.41'[39m, [32m'0.00'[39m ]
data rcv RT:[ [32m'0.00'[39m, [32m'4.27'[39m, [32m'3.37'[39m, [32m'0.00'[39m ]
data rcv RT:[ [32m'0.00'[39m, [32m'4.30'[39m, [32m'3.38'[39m, [32m'0.00'[39m ]
data rcv RT:[ [32m'0.00'[39m, [32m'4.34'[39m, [32m'3.35'[39m, [32m'0.04'[39m ]
data rcv RT:[ [32m'0.00'[39m, [32m'4.37'[39m, [32m'3.36'[39m, [32m'0.03'[39m ]
data rcv RT:[ [32m'0.00'[39m, [32m'4.35'[39m, [32m'3.40'[39m, [32m'0.00'[39m ]
data rcv RT:[ [32m'0.00'[39m, [32m'4.34'[39m, [32m'3.41'[39m, [32m'0.00'[39m ]
data rcv RT:[ [32m'0.00'[39m, [32m'4.34'[39m, [32m'3.44'[39m, [32m'0.00'[39m ]
data rcv RT:[ [32m'0.00'[39m, [32m'4.30'[39m, [32m'3.43'[39m, [32m'0.00'[39m ]
data rcv RT:[ [32m'0.00'[39m, [32m'4.31'[39m, [32m'3.42'[39m, [32m'0.00'[39m ]
data rcv RT:[ [32m'0.00'[39m, [32m'4.30'[39m, [32m'3.45'[39m, [32m'0.00'[39m ]
data rcv RT:[ [32m'0.00'[39m, [32m'4.24'[39m, [32m'3.38'[39m, [32m'0.00'[39m ]
data rcv RT:[ [32m'0.00'[39m, [32m'4.28'[39m, [32m'3.39'[39m, [32m'0.00'[39m ]
data rcv RT:[ [32m'0.00'[39m, [32m'4.29'[39m, [32m'3.38'[39m, [32m'0.00'[39m ]
data rcv RT:[ [32m'0.00'[39m, [32m'4.34'[39m, [32m'3.37'[39m, [32m'0.01'[39m ]
data rcv RT:[ [32m'0.00'[39m, [32m'4.35'[39m, [32m'3.38'[39m, [32m'0.00'[39m ]
data rcv RT:[ [32m'0.00'[39m, [32m'4.33'[39m, [32m'3.38'[39m, [32m'0.03'[39m ]
data rcv RT:[ [32m'0.00'[39m, [32m'4.34'[39m, [32m'3.43'[39m, [32m'0.00'[39m ]
data rcv RT:[ [32m'0.00'[39m, [32m'4.38'[39m, [32m'3.43'[39m, [32m'0.00'[39m ]
data rcv RT:[ [32m'0.00'[39m, [32m'4.33'[39m, [32m'3.42'[39m, [32m'0.00'[39m ]
data rcv RT:[ [32m'0.00'[39m, [32m'4.31'[39m, [32m'3.42'[39m, [32m'0.00'[39m ]
data rcv RT:[ [32m'0.00'[39m, [32m'4.32'[39m, [32m'3.44'[39m, [32m'0.00'[39m ]
data rcv RT:[ [32m'0.00'[39m, [32m'4.25'[39m, [32m'3.37'[39m, [32m'0.00'[39m ]
data rcv RT:[ [32m'0.00'[39m, [32m'4.24'[39m, [32m'3.39'[39m, [32m'0.00'[39m ]
data rcv RT:[ [32m'0.00'[39m, [32m'4.26'[39m, [32m'3.37'[39m, [32m'0.01'[39m ]
data rcv RT:[ [32m'0.00'[39m, [32m'4.33'[39m, [32m'3.37'[39m, [32m'0.01'[39m ]
data rcv RT:[ [32m'0.00'[39m, [32m'4.34'[39m, [32m'3.38'[39m, [32m'0.03'[39m ]
data rcv RT:[ [32m'0.00'[39m, [32m'4.35'[39m, [32m'3.39'[39m, [32m'0.03'[39m ]
data rcv RT:[ [32m'0.00'[39m, [32m'4.38'[39m, [32m'3.40'[39m, [32m'0.01'[39m ]
data rcv RT:[ [32m'0.00'[39m, [32m'4.37'[39m, [32m'3.41'[39m, [32m'0.00'[39m ]
data rcv RT:[ [32m'0.00'[39m, [32m'4.31'[39m, [32m'3.43'[39m, [32m'0.00'[39m ]
data rcv RT:[ [32m'0.00'[39m, [32m'4.32'[39m, [32m'3.41'[39m, [32m'0.00'[39m ]
data rcv RT:[ [32m'0.00'[39m, [32m'4.30'[39m, [32m'3.42'[39m, [32m'0.00'[39m ]
data rcv RT:[ [32m'0.00'[39m, [32m'4.30'[39m, [32m'3.43'[39m, [32m'0.00'[39m ]
data rcv RT:[ [32m'0.00'[39m, [32m'4.28'[39m, [32m'3.42'[39m, [32m'0.00'[39m ]
data rcv RT:[ [32m'0.00'[39m, [32m'4.26'[39m, [32m'3.40'[39m, [32m'0.00'[39m ]
data rcv RT:[ [32m'0.00'[39m, [32m'4.26'[39m, [32m'3.36'[39m, [32m'0.00'[39m ]
data rcv RT:[ [32m'0.00'[39m, [32m'4.31'[39m, [32m'3.38'[39m, [32m'0.01'[39m ]
data rcv RT:[ [32m'0.00'[39m, [32m'4.36'[39m, [32m'3.38'[39m, [32m'0.01'[39m ]
data rcv RT:[ [32m'0.00'[39m, [32m'4.33'[39m, [32m'3.39'[39m, [32m'0.02'[39m ]
data rcv RT:[ [32m'0.00'[39m, [32m'4.36'[39m, [32m'3.40'[39m, [32m'0.01'[39m ]
data rcv RT:[ [32m'0.00'[39m, [32m'4.36'[39m, [32m'3.38'[39m, [32m'0.04'[39m ]
data rcv RT:[ [32m'0.00'[39m, [32m'4.38'[39m, [32m'3.40'[39m, [32m'0.00'[39m ]
data rcv RT:[ [32m'0.00'[39m, [32m'4.35'[39m, [32m'3.43'[39m, [32m'0.00'[39m ]
data rcv RT:[ [32m'0.00'[39m, [32m'4.37'[39m, [32m'3.41'[39m, [32m'0.00'[39m ]
data rcv RT:[ [32m'0.00'[39m, [32m'4.32'[39m, [32m'3.43'[39m, [32m'0.00'[39m ]
data rcv RT:[ [32m'0.00'[39m, [32m'4.28'[39m, [32m'3.42'[39m, [32m'0.00'[39m ]
data rcv RT:[ [32m'0.00'[39m, [32m'4.32'[39m, [32m'3.47'[39m, [32m'0.00'[39m ]
data rcv RT:[ [32m'0.00'[39m, [32m'4.28'[39m, [32m'3.47'[39m, [32m'0.00'[39m ]
data rcv RT:[ [32m'0.00'[39m, [32m'4.26'[39m, [32m'3.44'[39m, [32m'0.00'[39m ]
data rcv RT:[ [32m'0.00'[39m, [32m'4.25'[39m, [32m'3.38'[39m, [32m'0.00'[39m ]
data rcv RT:[ [32m'0.00'[39m, [32m'4.24'[39m, [32m'3.38'[39m, [32m'0.00'[39m ]
data rcv RT:[ [32m'0.00'[39m, [32m'4.27'[39m, [32m'3.41'[39m, [32m'0.00'[39m ]
data rcv RT:[ [32m'0.00'[39m, [32m'4.30'[39m, [32m'3.36'[39m, [32m'0.00'[39m ]
data rcv RT:[ [32m'0.00'[39m, [32m'4.31'[39m, [32m'3.37'[39m, [32m'0.00'[39m ]
data rcv RT:[ [32m'0.00'[39m, [32m'4.35'[39m, [32m'3.37'[39m, [32m'0.03'[39m ]
data rcv RT:[ [32m'0.00'[39m, [32m'4.36'[39m, [32m'3.33'[39m, [32m'0.05'[39m ]
data rcv RT:[ [32m'0.00'[39m, [32m'4.32'[39m, [32m'3.38'[39m, [32m'0.02'[39m ]
data rcv RT:[ [32m'0.00'[39m, [32m'4.33'[39m, [32m'3.39'[39m, [32m'0.02'[39m ]
data rcv RT:[ [32m'0.00'[39m, [32m'4.37'[39m, [32m'3.40'[39m, [32m'0.00'[39m ]
data rcv RT:[ [32m'0.00'[39m, [32m'4.38'[39m, [32m'3.40'[39m, [32m'0.00'[39m ]
data rcv RT:[ [32m'0.00'[39m, [32m'4.37'[39m, [32m'3.41'[39m, [32m'0.00'[39m ]
data rcv RT:[ [32m'0.00'[39m, [32m'4.35'[39m, [32m'3.42'[39m, [32m'0.00'[39m ]
data rcv RT:[ [32m'0.00'[39m, [32m'4.35'[39m, [32m'3.43'[39m, [32m'0.00'[39m ]
data rcv RT:[ [32m'0.00'[39m, [32m'4.32'[39m, [32m'3.44'[39m, [32m'0.00'[39m ]
data rcv RT:[ [32m'0.00'[39m, [32m'4.32'[39m, [32m'3.44'[39m, [32m'0.00'[39m ]
data rcv RT:[ [32m'0.00'[39m, [32m'4.28'[39m, [32m'3.42'[39m, [32m'0.00'[39m ]
data rcv RT:[ [32m'0.00'[39m, [32m'4.29'[39m, [32m'3.42'[39m, [32m'0.00'[39m ]
data rcv RT:[ [32m'0.00'[39m, [32m'4.27'[39m, [32m'3.42'[39m, [32m'0.00'[39m ]
data rcv RT:[ [32m'0.00'[39m, [32m'4.27'[39m, [32m'3.41'[39m, [32m'0.00'[39m ]
data rcv RT:[ [32m'0.00'[39m, [32m'4.26'[39m, [32m'3.44'[39m, [32m'0.00'[39m ]
data rcv RT:[ [32m'0.00'[39m, [32m'4.27'[39m, [32m'3.39'[39m, [32m'0.00'[39m ]
data rcv RT:[ [32m'0.00'[39m, [32m'4.25'[39m, [32m'3.40'[39m, [32m'0.00'[39m ]
data rcv RT:[ [32m'0.00'[39m, [32m'4.28'[39m, [32m'3.38'[39m, [32m'0.00'[39m ]
data rcv RT:[ [32m'0.00'[39m, [32m'4.30'[39m, [32m'3.38'[39m, [32m'0.00'[39m ]
data rcv RT:[ [32m'0.00'[39m, [32m'4.29'[39m, [32m'3.39'[39m, [32m'0.00'[39m ]
data rcv RT:[ [32m'0.00'[39m, [32m'4.31'[39m, [32m'3.40'[39m, [32m'0.02'[39m ]
data rcv RT:[ [32m'0.00'[39m, [32m'4.37'[39m, [32m'3.39'[39m, [32m'0.00'[39m ]
data rcv RT:[ [32m'0.00'[39m, [32m'4.34'[39m, [32m'3.34'[39m, [32m'0.07'[39m ]
data rcv RT:[ [32m'0.00'[39m, [32m'4.35'[39m, [32m'3.44'[39m, [32m'0.00'[39m ]
data rcv RT:[ [32m'0.00'[39m, [32m'4.35'[39m, [32m'3.43'[39m, [32m'0.00'[39m ]
data rcv RT:[ [32m'0.00'[39m, [32m'4.36'[39m, [32m'3.40'[39m, [32m'0.00'[39m ]
data rcv RT:[ [32m'0.00'[39m, [32m'4.29'[39m, [32m'3.43'[39m, [32m'0.00'[39m ]
data rcv RT:[ [32m'0.00'[39m, [32m'4.32'[39m, [32m'3.42'[39m, [32m'0.00'[39m ]
data rcv RT:[ [32m'0.00'[39m, [32m'4.31'[39m, [32m'3.45'[39m, [32m'0.00'[39m ]
data rcv RT:[ [32m'0.00'[39m, [32m'4.29'[39m, [32m'3.44'[39m, [32m'0.00'[39m ]
data rcv RT:[ [32m'0.00'[39m, [32m'4.25'[39m, [32m'3.43'[39m, [32m'0.00'[39m ]
data rcv RT:[ [32m'0.00'[39m, [32m'4.28'[39m, [32m'3.44'[39m, [32m'0.00'[39m ]
data rcv RT:[ [32m'0.00'[39m, [32m'4.28'[39m, [32m'3.38'[39m, [32m'0.00'[39m ]
data rcv RT:[ [32m'0.00'[39m, [32m'4.25'[39m, [32m'3.39'[39m, [32m'0.00'[39m ]
data rcv RT:[ [32m'0.00'[39m, [32m'4.26'[39m, [32m'3.40'[39m, [32m'0.00'[39m ]
data rcv RT:[ [32m'0.00'[39m, [32m'4.28'[39m, [32m'3.36'[39m, [32m'0.00'[39m ]
data rcv RT:[ [32m'0.00'[39m, [32m'4.30'[39m, [32m'3.37'[39m, [32m'0.01'[39m ]
data rcv RT:[ [32m'0.00'[39m, [32m'4.35'[39m, [32m'3.38'[39m, [32m'0.01'[39m ]
data rcv RT:[ [32m'0.00'[39m, [32m'4.36'[39m, [32m'3.38'[39m, [32m'0.01'[39m ]
data rcv RT:[ [32m'0.00'[39m, [32m'4.35'[39m, [32m'3.42'[39m, [32m'0.00'[39m ]
data rcv RT:[ [32m'0.00'[39m, [32m'4.35'[39m, [32m'3.43'[39m, [32m'0.00'[39m ]
data rcv RT:[ [32m'0.00'[39m, [32m'4.32'[39m, [32m'3.43'[39m, [32m'0.00'[39m ]
data rcv RT:[ [32m'0.00'[39m, [32m'4.27'[39m, [32m'3.39'[39m, [32m'0.00'[39m ]
data rcv RT:[ [32m'0.00'[39m, [32m'4.28'[39m, [32m'3.40'[39m, [32m'0.00'[39m ]
data rcv RT:[ [32m'0.00'[39m, [32m'4.27'[39m, [32m'3.41'[39m, [32m'0.00'[39m ]
data rcv RT:[ [32m'0.00'[39m, [32m'4.27'[39m, [32m'3.37'[39m, [32m'0.00'[39m ]
data rcv RT:[ [32m'0.00'[39m, [32m'4.29'[39m, [32m'3.37'[39m, [32m'0.00'[39m ]
data rcv RT:[ [32m'0.00'[39m, [32m'4.32'[39m, [32m'3.40'[39m, [32m'0.00'[39m ]
data rcv RT:[ [32m'0.00'[39m, [32m'4.32'[39m, [32m'3.41'[39m, [32m'0.00'[39m ]
data rcv RT:[ [32m'0.00'[39m, [32m'4.34'[39m, [32m'3.37'[39m, [32m'0.04'[39m ]
data rcv RT:[ [32m'0.00'[39m, [32m'4.37'[39m, [32m'3.42'[39m, [32m'0.00'[39m ]
data rcv RT:[ [32m'0.00'[39m, [32m'4.36'[39m, [32m'3.42'[39m, [32m'0.00'[39m ]
data rcv RT:[ [32m'0.00'[39m, [32m'4.38'[39m, [32m'3.40'[39m, [32m'0.00'[39m ]
data rcv RT:[ [32m'0.00'[39m, [32m'4.35'[39m, [32m'3.43'[39m, [32m'0.00'[39m ]
data rcv RT:[ [32m'0.00'[39m, [32m'4.34'[39m, [32m'3.42'[39m, [32m'0.00'[39m ]
data rcv RT:[ [32m'0.00'[39m, [32m'4.31'[39m, [32m'3.43'[39m, [32m'0.00'[39m ]
data rcv RT:[ [32m'0.00'[39m, [32m'4.30'[39m, [32m'3.48'[39m, [32m'0.00'[39m ]
data rcv RT:[ [32m'0.00'[39m, [32m'4.28'[39m, [32m'3.45'[39m, [32m'0.00'[39m ]
data rcv RT:[ [32m'0.00'[39m, [32m'4.26'[39m, [32m'3.37'[39m, [32m'0.00'[39m ]
data rcv RT:[ [32m'0.00'[39m, [32m'4.29'[39m, [32m'3.37'[39m, [32m'0.00'[39m ]
data rcv RT:[ [32m'0.00'[39m, [32m'4.28'[39m, [32m'3.38'[39m, [32m'0.00'[39m ]
data rcv RT:[ [32m'0.00'[39m, [32m'4.28'[39m, [32m'3.38'[39m, [32m'0.00'[39m ]
data rcv RT:[ [32m'0.00'[39m, [32m'4.30'[39m, [32m'3.40'[39m, [32m'0.00'[39m ]
data rcv RT:[ [32m'0.00'[39m, [32m'4.35'[39m, [32m'3.37'[39m, [32m'0.03'[39m ]
data rcv RT:[ [32m'0.00'[39m, [32m'4.37'[39m, [32m'3.41'[39m, [32m'0.01'[39m ]
data rcv RT:[ [32m'0.00'[39m, [32m'4.37'[39m, [32m'3.41'[39m, [32m'0.00'[39m ]
data rcv RT:[ [32m'0.00'[39m, [32m'4.36'[39m, [32m'3.43'[39m, [32m'0.00'[39m ]
data rcv RT:[ [32m'0.00'[39m, [32m'4.35'[39m, [32m'3.45'[39m, [32m'0.00'[39m ]
data rcv RT:[ [32m'0.00'[39m, [32m'4.31'[39m, [32m'3.42'[39m, [32m'0.00'[39m ]
data rcv RT:[ [32m'0.00'[39m, [32m'4.24'[39m, [32m'3.44'[39m, [32m'0.00'[39m ]
data rcv RT:[ [32m'0.00'[39m, [32m'4.25'[39m, [32m'3.39'[39m, [32m'0.00'[39m ]
data rcv RT:[ [32m'0.00'[39m, [32m'4.25'[39m, [32m'3.39'[39m, [32m'0.00'[39m ]
data rcv RT:[ [32m'0.00'[39m, [32m'4.26'[39m, [32m'3.38'[39m, [32m'0.00'[39m ]
data rcv RT:[ [32m'0.00'[39m, [32m'4.31'[39m, [32m'3.37'[39m, [32m'0.01'[39m ]
data rcv RT:[ [32m'0.00'[39m, [32m'4.34'[39m, [32m'3.41'[39m, [32m'0.01'[39m ]
data rcv RT:[ [32m'0.00'[39m, [32m'4.33'[39m, [32m'3.34'[39m, [32m'0.04'[39m ]
data rcv RT:[ [32m'0.00'[39m, [32m'4.37'[39m, [32m'3.41'[39m, [32m'0.01'[39m ]
data rcv RT:[ [32m'0.00'[39m, [32m'4.35'[39m, [32m'3.45'[39m, [32m'0.00'[39m ]
data rcv RT:[ [32m'0.00'[39m, [32m'4.28'[39m, [32m'3.40'[39m, [32m'0.00'[39m ]
data rcv RT:[ [32m'0.00'[39m, [32m'4.27'[39m, [32m'3.41'[39m, [32m'0.00'[39m ]
data rcv RT:[ [32m'0.00'[39m, [32m'4.29'[39m, [32m'3.41'[39m, [32m'0.00'[39m ]
data rcv RT:[ [32m'0.00'[39m, [32m'4.28'[39m, [32m'3.39'[39m, [32m'0.00'[39m ]
data rcv RT:[ [32m'0.00'[39m, [32m'4.30'[39m, [32m'3.37'[39m, [32m'0.00'[39m ]
data rcv RT:[ [32m'0.00'[39m, [32m'4.31'[39m, [32m'3.39'[39m, [32m'0.01'[39m ]
data rcv RT:[ [32m'0.00'[39m, [32m'4.34'[39m, [32m'3.39'[39m, [32m'0.04'[39m ]
data rcv RT:[ [32m'0.00'[39m, [32m'4.37'[39m, [32m'3.37'[39m, [32m'0.03'[39m ]
data rcv RT:[ [32m'0.00'[39m, [32m'4.36'[39m, [32m'3.42'[39m, [32m'0.00'[39m ]
data rcv RT:[ [32m'0.00'[39m, [32m'4.35'[39m, [32m'3.40'[39m, [32m'0.00'[39m ]
data rcv RT:[ [32m'0.00'[39m, [32m'4.34'[39m, [32m'3.42'[39m, [32m'0.00'[39m ]
data rcv RT:[ [32m'0.00'[39m, [32m'4.30'[39m, [32m'3.43'[39m, [32m'0.00'[39m ]
data rcv RT:[ [32m'0.00'[39m, [32m'4.31'[39m, [32m'3.45'[39m, [32m'0.00'[39m ]
data rcv RT:[ [32m'0.00'[39m, [32m'4.28'[39m, [32m'3.42'[39m, [32m'0.00'[39m ]
data rcv RT:[ [32m'0.00'[39m, [32m'4.29'[39m, [32m'3.41'[39m, [32m'0.00'[39m ]
data rcv RT:[ [32m'0.00'[39m, [32m'4.28'[39m, [32m'3.38'[39m, [32m'0.00'[39m ]
data rcv RT:[ [32m'0.00'[39m, [32m'4.34'[39m, [32m'3.39'[39m, [32m'0.02'[39m ]
data rcv RT:[ [32m'0.00'[39m, [32m'4.34'[39m, [32m'3.36'[39m, [32m'0.05'[39m ]
data rcv RT:[ [32m'0.00'[39m, [32m'4.34'[39m, [32m'3.36'[39m, [32m'0.05'[39m ]
data rcv RT:[ [32m'0.00'[39m, [32m'4.35'[39m, [32m'3.37'[39m, [32m'0.02'[39m ]
data rcv RT:[ [32m'0.00'[39m, [32m'4.36'[39m, [32m'3.40'[39m, [32m'0.00'[39m ]
data rcv RT:[ [32m'0.00'[39m, [32m'4.35'[39m, [32m'3.42'[39m, [32m'0.00'[39m ]
data rcv RT:[ [32m'0.00'[39m, [32m'4.30'[39m, [32m'3.43'[39m, [32m'0.00'[39m ]
data rcv RT:[ [32m'0.00'[39m, [32m'4.32'[39m, [32m'3.43'[39m, [32m'0.00'[39m ]
data rcv RT:[ [32m'0.00'[39m, [32m'4.29'[39m, [32m'3.45'[39m, [32m'0.00'[39m ]
data rcv RT:[ [32m'0.00'[39m, [32m'4.24'[39m, [32m'3.39'[39m, [32m'0.00'[39m ]
data rcv RT:[ [32m'0.00'[39m, [32m'4.26'[39m, [32m'3.38'[39m, [32m'0.00'[39m ]
data rcv RT:[ [32m'0.00'[39m, [32m'4.28'[39m, [32m'3.41'[39m, [32m'0.00'[39m ]
data rcv RT:[ [32m'0.00'[39m, [32m'4.28'[39m, [32m'3.40'[39m, [32m'0.00'[39m ]
data rcv RT:[ [32m'0.00'[39m, [32m'4.33'[39m, [32m'3.39'[39m, [32m'0.03'[39m ]
data rcv RT:[ [32m'0.00'[39m, [32m'4.34'[39m, [32m'3.35'[39m, [32m'0.04'[39m ]
data rcv RT:[ [32m'0.00'[39m, [32m'4.35'[39m, [32m'3.38'[39m, [32m'0.01'[39m ]
data rcv RT:[ [32m'0.00'[39m, [32m'4.34'[39m, [32m'3.40'[39m, [32m'0.01'[39m ]
data rcv RT:[ [32m'0.00'[39m, [32m'4.37'[39m, [32m'3.43'[39m, [32m'0.00'[39m ]
data rcv RT:[ [32m'0.00'[39m, [32m'4.35'[39m, [32m'3.42'[39m, [32m'0.00'[39m ]
data rcv RT:[ [32m'0.00'[39m, [32m'4.31'[39m, [32m'3.43'[39m, [32m'0.00'[39m ]
data rcv RT:[ [32m'0.00'[39m, [32m'4.29'[39m, [32m'3.43'[39m, [32m'0.00'[39m ]
data rcv RT:[ [32m'0.00'[39m, [32m'4.26'[39m, [32m'3.42'[39m, [32m'0.00'[39m ]
data rcv RT:[ [32m'0.00'[39m, [32m'4.26'[39m, [32m'3.38'[39m, [32m'0.00'[39m ]
data rcv RT:[ [32m'0.00'[39m, [32m'4.27'[39m, [32m'3.35'[39m, [32m'0.00'[39m ]
data rcv RT:[ [32m'0.00'[39m, [32m'4.31'[39m, [32m'3.38'[39m, [32m'0.02'[39m ]
data rcv RT:[ [32m'0.00'[39m, [32m'4.32'[39m, [32m'3.40'[39m, [32m'0.00'[39m ]
data rcv RT:[ [32m'0.00'[39m, [32m'4.35'[39m, [32m'3.38'[39m, [32m'0.01'[39m ]
data rcv RT:[ [32m'0.00'[39m, [32m'4.35'[39m, [32m'3.35'[39m, [32m'0.08'[39m ]
data rcv RT:[ [32m'0.00'[39m, [32m'4.38'[39m, [32m'3.41'[39m, [32m'0.01'[39m ]
data rcv RT:[ [32m'0.00'[39m, [32m'4.33'[39m, [32m'3.44'[39m, [32m'0.00'[39m ]
data rcv RT:[ [32m'0.00'[39m, [32m'4.33'[39m, [32m'3.41'[39m, [32m'0.00'[39m ]
data rcv RT:[ [32m'0.00'[39m, [32m'4.32'[39m, [32m'3.44'[39m, [32m'0.00'[39m ]
data rcv RT:[ [32m'0.00'[39m, [32m'4.32'[39m, [32m'3.43'[39m, [32m'0.00'[39m ]
data rcv RT:[ [32m'0.00'[39m, [32m'4.29'[39m, [32m'3.45'[39m, [32m'0.00'[39m ]
data rcv RT:[ [32m'0.00'[39m, [32m'4.27'[39m, [32m'3.40'[39m, [32m'0.00'[39m ]
data rcv RT:[ [32m'0.00'[39m, [32m'4.29'[39m, [32m'3.40'[39m, [32m'0.00'[39m ]
data rcv RT:[ [32m'0.00'[39m, [32m'4.31'[39m, [32m'3.38'[39m, [32m'0.00'[39m ]
data rcv RT:[ [32m'0.00'[39m, [32m'4.34'[39m, [32m'3.38'[39m, [32m'0.02'[39m ]
data rcv RT:[ [32m'0.00'[39m, [32m'4.34'[39m, [32m'3.35'[39m, [32m'0.03'[39m ]
data rcv RT:[ [32m'0.00'[39m, [32m'4.38'[39m, [32m'3.36'[39m, [32m'0.03'[39m ]
data rcv RT:[ [32m'0.00'[39m, [32m'4.36'[39m, [32m'3.39'[39m, [32m'0.00'[39m ]
data rcv RT:[ [32m'0.00'[39m, [32m'4.34'[39m, [32m'3.40'[39m, [32m'0.00'[39m ]
data rcv RT:[ [32m'0.00'[39m, [32m'4.33'[39m, [32m'3.41'[39m, [32m'0.00'[39m ]
data rcv RT:[ [32m'0.00'[39m, [32m'4.29'[39m, [32m'3.43'[39m, [32m'0.00'[39m ]
data rcv RT:[ [32m'0.00'[39m, [32m'4.32'[39m, [32m'3.43'[39m, [32m'0.00'[39m ]
data rcv RT:[ [32m'0.00'[39m, [32m'4.30'[39m, [32m'3.44'[39m, [32m'0.00'[39m ]
data rcv RT:[ [32m'0.00'[39m, [32m'4.26'[39m, [32m'3.38'[39m, [32m'0.00'[39m ]
data rcv RT:[ [32m'0.00'[39m, [32m'4.26'[39m, [32m'3.40'[39m, [32m'0.00'[39m ]
data rcv RT:[ [32m'0.00'[39m, [32m'4.26'[39m, [32m'3.38'[39m, [32m'0.00'[39m ]
data rcv RT:[ [32m'0.00'[39m, [32m'4.27'[39m, [32m'3.38'[39m, [32m'0.00'[39m ]
data rcv RT:[ [32m'0.00'[39m, [32m'4.28'[39m, [32m'3.38'[39m, [32m'0.00'[39m ]
data rcv RT:[ [32m'0.00'[39m, [32m'4.31'[39m, [32m'3.38'[39m, [32m'0.00'[39m ]
data rcv RT:[ [32m'0.00'[39m, [32m'4.34'[39m, [32m'3.37'[39m, [32m'0.01'[39m ]
data rcv RT:[ [32m'0.00'[39m, [32m'4.39'[39m, [32m'3.38'[39m, [32m'0.00'[39m ]
data rcv RT:[ [32m'0.00'[39m, [32m'4.35'[39m, [32m'3.36'[39m, [32m'0.05'[39m ]
data rcv RT:[ [32m'0.00'[39m, [32m'4.37'[39m, [32m'3.41'[39m, [32m'0.01'[39m ]
data rcv RT:[ [32m'0.00'[39m, [32m'4.36'[39m, [32m'3.41'[39m, [32m'0.00'[39m ]
data rcv RT:[ [32m'0.00'[39m, [32m'4.34'[39m, [32m'3.41'[39m, [32m'0.00'[39m ]
data rcv RT:[ [32m'0.00'[39m, [32m'4.31'[39m, [32m'3.40'[39m, [32m'0.00'[39m ]
data rcv RT:[ [32m'0.00'[39m, [32m'4.31'[39m, [32m'3.41'[39m, [32m'0.00'[39m ]
data rcv RT:[ [32m'0.00'[39m, [32m'4.26'[39m, [32m'3.37'[39m, [32m'0.00'[39m ]
data rcv RT:[ [32m'0.00'[39m, [32m'4.26'[39m, [32m'3.42'[39m, [32m'0.00'[39m ]
data rcv RT:[ [32m'0.00'[39m, [32m'4.24'[39m, [32m'3.38'[39m, [32m'0.00'[39m ]
data rcv RT:[ [32m'0.00'[39m, [32m'4.33'[39m, [32m'3.35'[39m, [32m'0.07'[39m ]
data rcv RT:[ [32m'0.00'[39m, [32m'4.34'[39m, [32m'3.38'[39m, [32m'0.00'[39m ]
data rcv RT:[ [32m'0.00'[39m, [32m'4.33'[39m, [32m'3.41'[39m, [32m'0.03'[39m ]
data rcv RT:[ [32m'0.00'[39m, [32m'4.38'[39m, [32m'3.42'[39m, [32m'0.01'[39m ]
data rcv RT:[ [32m'0.00'[39m, [32m'4.38'[39m, [32m'3.43'[39m, [32m'0.00'[39m ]
data rcv RT:[ [32m'0.00'[39m, [32m'4.35'[39m, [32m'3.39'[39m, [32m'0.00'[39m ]
data rcv RT:[ [32m'0.00'[39m, [32m'4.34'[39m, [32m'3.41'[39m, [32m'0.00'[39m ]
data rcv RT:[ [32m'0.00'[39m, [32m'4.32'[39m, [32m'3.41'[39m, [32m'0.00'[39m ]
data rcv RT:[ [32m'0.00'[39m, [32m'4.31'[39m, [32m'3.42'[39m, [32m'0.00'[39m ]
data rcv RT:[ [32m'0.00'[39m, [32m'4.28'[39m, [32m'3.45'[39m, [32m'0.00'[39m ]
data rcv RT:[ [32m'0.00'[39m, [32m'4.31'[39m, [32m'3.48'[39m, [32m'0.00'[39m ]
data rcv RT:[ [32m'0.00'[39m, [32m'4.26'[39m, [32m'3.42'[39m, [32m'0.00'[39m ]
data rcv RT:[ [32m'0.00'[39m, [32m'4.29'[39m, [32m'3.44'[39m, [32m'0.00'[39m ]
data rcv RT:[ [32m'0.00'[39m, [32m'4.26'[39m, [32m'3.41'[39m, [32m'0.00'[39m ]
data rcv RT:[ [32m'0.00'[39m, [32m'4.31'[39m, [32m'3.39'[39m, [32m'0.00'[39m ]
data rcv RT:[ [32m'0.00'[39m, [32m'4.31'[39m, [32m'3.39'[39m, [32m'0.01'[39m ]
data rcv RT:[ [32m'0.00'[39m, [32m'4.32'[39m, [32m'3.37'[39m, [32m'0.03'[39m ]
data rcv RT:[ [32m'0.00'[39m, [32m'4.30'[39m, [32m'3.35'[39m, [32m'0.03'[39m ]
data rcv RT:[ [32m'0.00'[39m, [32m'4.34'[39m, [32m'3.37'[39m, [32m'0.04'[39m ]
data rcv RT:[ [32m'0.00'[39m, [32m'4.38'[39m, [32m'3.40'[39m, [32m'0.00'[39m ]
data rcv RT:[ [32m'0.00'[39m, [32m'4.39'[39m, [32m'3.40'[39m, [32m'0.01'[39m ]
data rcv RT:[ [32m'0.00'[39m, [32m'4.35'[39m, [32m'3.42'[39m, [32m'0.00'[39m ]
data rcv RT:[ [32m'0.00'[39m, [32m'4.34'[39m, [32m'3.42'[39m, [32m'0.00'[39m ]
data rcv RT:[ [32m'0.00'[39m, [32m'4.31'[39m, [32m'3.44'[39m, [32m'0.00'[39m ]
data rcv RT:[ [32m'0.00'[39m, [32m'4.32'[39m, [32m'3.43'[39m, [32m'0.00'[39m ]
data rcv RT:[ [32m'0.00'[39m, [32m'4.31'[39m, [32m'3.43'[39m, [32m'0.00'[39m ]
data rcv RT:[ [32m'0.00'[39m, [32m'4.31'[39m, [32m'3.42'[39m, [32m'0.00'[39m ]
data rcv RT:[ [32m'0.00'[39m, [32m'4.27'[39m, [32m'3.44'[39m, [32m'0.00'[39m ]
data rcv RT:[ [32m'0.00'[39m, [32m'4.25'[39m, [32m'3.42'[39m, [32m'0.00'[39m ]
data rcv RT:[ [32m'0.00'[39m, [32m'4.27'[39m, [32m'3.40'[39m, [32m'0.00'[39m ]
data rcv RT:[ [32m'0.00'[39m, [32m'4.28'[39m, [32m'3.39'[39m, [32m'0.00'[39m ]
data rcv RT:[ [32m'0.00'[39m, [32m'4.29'[39m, [32m'3.38'[39m, [32m'0.00'[39m ]
data rcv RT:[ [32m'0.00'[39m, [32m'4.33'[39m, [32m'3.38'[39m, [32m'0.02'[39m ]
data rcv RT:[ [32m'0.00'[39m, [32m'4.35'[39m, [32m'3.40'[39m, [32m'0.02'[39m ]
data rcv RT:[ [32m'0.00'[39m, [32m'4.35'[39m, [32m'3.37'[39m, [32m'0.01'[39m ]
data rcv RT:[ [32m'0.00'[39m, [32m'4.32'[39m, [32m'3.38'[39m, [32m'0.03'[39m ]
data rcv RT:[ [32m'0.00'[39m, [32m'4.38'[39m, [32m'3.42'[39m, [32m'0.00'[39m ]
data rcv RT:[ [32m'0.00'[39m, [32m'4.35'[39m, [32m'3.41'[39m, [32m'0.00'[39m ]
data rcv RT:[ [32m'0.00'[39m, [32m'4.34'[39m, [32m'3.42'[39m, [32m'0.00'[39m ]
data rcv RT:[ [32m'0.00'[39m, [32m'4.29'[39m, [32m'3.43'[39m, [32m'0.00'[39m ]
data rcv RT:[ [32m'0.00'[39m, [32m'4.32'[39m, [32m'3.42'[39m, [32m'0.00'[39m ]
data rcv RT:[ [32m'0.00'[39m, [32m'4.31'[39m, [32m'3.47'[39m, [32m'0.00'[39m ]
data rcv RT:[ [32m'0.00'[39m, [32m'4.28'[39m, [32m'3.44'[39m, [32m'0.00'[39m ]
data rcv RT:[ [32m'0.00'[39m, [32m'4.27'[39m, [32m'3.45'[39m, [32m'0.00'[39m ]
data rcv RT:[ [32m'0.00'[39m, [32m'4.24'[39m, [32m'3.40'[39m, [32m'0.00'[39m ]
data rcv RT:[ [32m'0.00'[39m, [32m'4.25'[39m, [32m'3.38'[39m, [32m'0.00'[39m ]
data rcv RT:[ [32m'0.00'[39m, [32m'4.27'[39m, [32m'3.40'[39m, [32m'0.00'[39m ]
data rcv RT:[ [32m'0.00'[39m, [32m'4.26'[39m, [32m'3.39'[39m, [32m'0.00'[39m ]
data rcv RT:[ [32m'0.00'[39m, [32m'4.33'[39m, [32m'3.38'[39m, [32m'0.01'[39m ]
data rcv RT:[ [32m'0.00'[39m, [32m'4.33'[39m, [32m'3.40'[39m, [32m'0.00'[39m ]
data rcv RT:[ [32m'0.00'[39m, [32m'4.30'[39m, [32m'3.37'[39m, [32m'0.01'[39m ]
data rcv RT:[ [32m'0.00'[39m, [32m'4.34'[39m, [32m'3.38'[39m, [32m'0.02'[39m ]
data rcv RT:[ [32m'0.00'[39m, [32m'4.34'[39m, [32m'3.34'[39m, [32m'0.08'[39m ]
data rcv RT:[ [32m'0.00'[39m, [32m'4.37'[39m, [32m'3.39'[39m, [32m'0.00'[39m ]
data rcv RT:[ [32m'0.00'[39m, [32m'4.36'[39m, [32m'3.36'[39m, [32m'0.00'[39m ]
data rcv RT:[ [32m'0.00'[39m, [32m'4.38'[39m, [32m'3.41'[39m, [32m'0.00'[39m ]
data rcv RT:[ [32m'0.00'[39m, [32m'4.35'[39m, [32m'3.40'[39m, [32m'0.00'[39m ]
data rcv RT:[ [32m'0.00'[39m, [32m'4.33'[39m, [32m'3.43'[39m, [32m'0.00'[39m ]
data rcv RT:[ [32m'0.00'[39m, [32m'4.29'[39m, [32m'3.43'[39m, [32m'0.00'[39m ]
data rcv RT:[ [32m'0.00'[39m, [32m'4.30'[39m, [32m'3.42'[39m, [32m'0.00'[39m ]
data rcv RT:[ [32m'0.00'[39m, [32m'4.28'[39m, [32m'3.44'[39m, [32m'0.00'[39m ]
data rcv RT:[ [32m'0.00'[39m, [32m'4.28'[39m, [32m'3.37'[39m, [32m'0.00'[39m ]
data rcv RT:[ [32m'0.00'[39m, [32m'4.29'[39m, [32m'3.40'[39m, [32m'0.00'[39m ]
data rcv RT:[ [32m'0.00'[39m, [32m'4.26'[39m, [32m'3.37'[39m, [32m'0.00'[39m ]
data rcv RT:[ [32m'0.00'[39m, [32m'4.28'[39m, [32m'3.37'[39m, [32m'0.00'[39m ]
data rcv RT:[ [32m'0.00'[39m, [32m'4.31'[39m, [32m'3.40'[39m, [32m'0.00'[39m ]
data rcv RT:[ [32m'0.00'[39m, [32m'4.32'[39m, [32m'3.38'[39m, [32m'0.01'[39m ]
data rcv RT:[ [32m'0.00'[39m, [32m'4.33'[39m, [32m'3.36'[39m, [32m'0.02'[39m ]
data rcv RT:[ [32m'0.00'[39m, [32m'4.33'[39m, [32m'3.36'[39m, [32m'0.02'[39m ]
data rcv RT:[ [32m'0.00'[39m, [32m'4.39'[39m, [32m'3.41'[39m, [32m'0.01'[39m ]
data rcv RT:[ [32m'0.00'[39m, [32m'4.37'[39m, [32m'3.36'[39m, [32m'0.03'[39m ]
data rcv RT:[ [32m'0.00'[39m, [32m'4.37'[39m, [32m'3.43'[39m, [32m'0.00'[39m ]
data rcv RT:[ [32m'0.00'[39m, [32m'4.34'[39m, [32m'3.42'[39m, [32m'0.00'[39m ]
data rcv RT:[ [32m'0.00'[39m, [32m'4.30'[39m, [32m'3.42'[39m, [32m'0.00'[39m ]
data rcv RT:[ [32m'0.00'[39m, [32m'4.30'[39m, [32m'3.44'[39m, [32m'0.00'[39m ]
data rcv RT:[ [32m'0.00'[39m, [32m'4.32'[39m, [32m'3.43'[39m, [32m'0.00'[39m ]
data rcv RT:[ [32m'0.00'[39m, [32m'4.30'[39m, [32m'3.41'[39m, [32m'0.00'[39m ]
data rcv RT:[ [32m'0.00'[39m, [32m'4.28'[39m, [32m'3.45'[39m, [32m'0.00'[39m ]
data rcv RT:[ [32m'0.00'[39m, [32m'4.28'[39m, [32m'3.38'[39m, [32m'0.00'[39m ]
data rcv RT:[ [32m'0.00'[39m, [32m'4.26'[39m, [32m'3.42'[39m, [32m'0.00'[39m ]
data rcv RT:[ [32m'0.00'[39m, [32m'4.29'[39m, [32m'3.40'[39m, [32m'0.00'[39m ]
data rcv RT:[ [32m'0.00'[39m, [32m'4.32'[39m, [32m'3.36'[39m, [32m'0.01'[39m ]
data rcv RT:[ [32m'0.00'[39m, [32m'4.32'[39m, [32m'3.37'[39m, [32m'0.00'[39m ]
data rcv RT:[ [32m'0.00'[39m, [32m'4.32'[39m, [32m'3.40'[39m, [32m'0.01'[39m ]
data rcv RT:[ [32m'0.00'[39m, [32m'4.36'[39m, [32m'3.37'[39m, [32m'0.03'[39m ]
data rcv RT:[ [32m'0.00'[39m, [32m'4.36'[39m, [32m'3.38'[39m, [32m'0.03'[39m ]
data rcv RT:[ [32m'0.00'[39m, [32m'4.37'[39m, [32m'3.39'[39m, [32m'0.00'[39m ]
data rcv RT:[ [32m'0.00'[39m, [32m'4.37'[39m, [32m'3.41'[39m, [32m'0.03'[39m ]
data rcv RT:[ [32m'0.00'[39m, [32m'4.33'[39m, [32m'3.43'[39m, [32m'0.00'[39m ]
data rcv RT:[ [32m'0.00'[39m, [32m'4.32'[39m, [32m'3.44'[39m, [32m'0.00'[39m ]
data rcv RT:[ [32m'0.00'[39m, [32m'4.26'[39m, [32m'3.43'[39m, [32m'0.00'[39m ]
data rcv RT:[ [32m'0.00'[39m, [32m'4.30'[39m, [32m'3.42'[39m, [32m'0.00'[39m ]
data rcv RT:[ [32m'0.00'[39m, [32m'4.28'[39m, [32m'3.42'[39m, [32m'0.00'[39m ]
data rcv RT:[ [32m'0.00'[39m, [32m'4.27'[39m, [32m'3.44'[39m, [32m'0.00'[39m ]
data rcv RT:[ [32m'0.00'[39m, [32m'4.27'[39m, [32m'3.39'[39m, [32m'0.00'[39m ]
data rcv RT:[ [32m'0.00'[39m, [32m'4.28'[39m, [32m'3.37'[39m, [32m'0.00'[39m ]
data rcv RT:[ [32m'0.00'[39m, [32m'4.33'[39m, [32m'3.37'[39m, [32m'0.00'[39m ]
data rcv RT:[ [32m'0.00'[39m, [32m'4.34'[39m, [32m'3.39'[39m, [32m'0.00'[39m ]
data rcv RT:[ [32m'0.00'[39m, [32m'4.32'[39m, [32m'3.39'[39m, [32m'0.01'[39m ]
data rcv RT:[ [32m'0.00'[39m, [32m'4.32'[39m, [32m'3.40'[39m, [32m'0.00'[39m ]
data rcv RT:[ [32m'0.00'[39m, [32m'4.28'[39m, [32m'3.42'[39m, [32m'0.00'[39m ]
data rcv RT:[ [32m'0.00'[39m, [32m'4.26'[39m, [32m'3.44'[39m, [32m'0.00'[39m ]
data rcv RT:[ [32m'0.00'[39m, [32m'4.26'[39m, [32m'3.41'[39m, [32m'0.00'[39m ]
data rcv RT:[ [32m'0.00'[39m, [32m'4.26'[39m, [32m'3.38'[39m, [32m'0.00'[39m ]
data rcv RT:[ [32m'0.00'[39m, [32m'4.29'[39m, [32m'3.37'[39m, [32m'0.00'[39m ]
data rcv RT:[ [32m'0.00'[39m, [32m'4.28'[39m, [32m'3.38'[39m, [32m'0.00'[39m ]
data rcv RT:[ [32m'0.00'[39m, [32m'4.31'[39m, [32m'3.39'[39m, [32m'0.01'[39m ]
data rcv RT:[ [32m'0.00'[39m, [32m'4.36'[39m, [32m'3.39'[39m, [32m'0.03'[39m ]
data rcv RT:[ [32m'0.00'[39m, [32m'4.37'[39m, [32m'3.39'[39m, [32m'0.01'[39m ]
data rcv RT:[ [32m'0.00'[39m, [32m'4.39'[39m, [32m'3.39'[39m, [32m'0.02'[39m ]
data rcv RT:[ [32m'0.00'[39m, [32m'4.34'[39m, [32m'3.40'[39m, [32m'0.00'[39m ]
data rcv RT:[ [32m'0.00'[39m, [32m'4.33'[39m, [32m'3.45'[39m, [32m'0.00'[39m ]
data rcv RT:[ [32m'0.00'[39m, [32m'4.32'[39m, [32m'3.45'[39m, [32m'0.00'[39m ]
data rcv RT:[ [32m'0.00'[39m, [32m'4.29'[39m, [32m'3.41'[39m, [32m'0.00'[39m ]
data rcv RT:[ [32m'0.00'[39m, [32m'4.23'[39m, [32m'3.41'[39m, [32m'0.00'[39m ]
data rcv RT:[ [32m'0.00'[39m, [32m'4.27'[39m, [32m'3.42'[39m, [32m'0.00'[39m ]
data rcv RT:[ [32m'0.00'[39m, [32m'4.25'[39m, [32m'3.40'[39m, [32m'0.00'[39m ]
data rcv RT:[ [32m'0.00'[39m, [32m'4.28'[39m, [32m'3.37'[39m, [32m'0.00'[39m ]
data rcv RT:[ [32m'0.00'[39m, [32m'4.31'[39m, [32m'3.37'[39m, [32m'0.01'[39m ]
data rcv RT:[ [32m'0.00'[39m, [32m'4.30'[39m, [32m'3.33'[39m, [32m'0.05'[39m ]
data rcv RT:[ [32m'0.00'[39m, [32m'4.30'[39m, [32m'3.36'[39m, [32m'0.07'[39m ]
data rcv RT:[ [32m'0.00'[39m, [32m'4.36'[39m, [32m'3.36'[39m, [32m'0.05'[39m ]
data rcv RT:[ [32m'0.00'[39m, [32m'4.37'[39m, [32m'3.42'[39m, [32m'0.00'[39m ]
data rcv RT:[ [32m'0.00'[39m, [32m'4.35'[39m, [32m'3.42'[39m, [32m'0.00'[39m ]
data rcv RT:[ [32m'0.00'[39m, [32m'4.36'[39m, [32m'3.44'[39m, [32m'0.00'[39m ]
data rcv RT:[ [32m'0.00'[39m, [32m'4.36'[39m, [32m'3.41'[39m, [32m'0.00'[39m ]
data rcv RT:[ [32m'0.00'[39m, [32m'4.31'[39m, [32m'3.43'[39m, [32m'0.00'[39m ]
data rcv RT:[ [32m'0.00'[39m, [32m'4.31'[39m, [32m'3.44'[39m, [32m'0.00'[39m ]
data rcv RT:[ [32m'0.00'[39m, [32m'4.31'[39m, [32m'3.45'[39m, [32m'0.00'[39m ]
data rcv RT:[ [32m'0.00'[39m, [32m'4.27'[39m, [32m'3.39'[39m, [32m'0.00'[39m ]
data rcv RT:[ [32m'0.00'[39m, [32m'4.24'[39m, [32m'3.39'[39m, [32m'0.00'[39m ]
data rcv RT:[ [32m'0.00'[39m, [32m'4.26'[39m, [32m'3.35'[39m, [32m'0.00'[39m ]
data rcv RT:[ [32m'0.00'[39m, [32m'4.28'[39m, [32m'3.40'[39m, [32m'0.00'[39m ]
data rcv RT:[ [32m'0.00'[39m, [32m'4.31'[39m, [32m'3.37'[39m, [32m'0.01'[39m ]
data rcv RT:[ [32m'0.00'[39m, [32m'4.30'[39m, [32m'3.38'[39m, [32m'0.00'[39m ]
data rcv RT:[ [32m'0.00'[39m, [32m'4.37'[39m, [32m'3.39'[39m, [32m'0.03'[39m ]
data rcv RT:[ [32m'0.00'[39m, [32m'4.40'[39m, [32m'3.39'[39m, [32m'0.02'[39m ]
data rcv RT:[ [32m'0.00'[39m, [32m'4.38'[39m, [32m'3.40'[39m, [32m'0.02'[39m ]
data rcv RT:[ [32m'0.00'[39m, [32m'4.33'[39m, [32m'3.40'[39m, [32m'0.00'[39m ]
data rcv RT:[ [32m'0.00'[39m, [32m'4.35'[39m, [32m'3.41'[39m, [32m'0.00'[39m ]
data rcv RT:[ [32m'0.00'[39m, [32m'4.27'[39m, [32m'3.43'[39m, [32m'0.00'[39m ]
data rcv RT:[ [32m'0.00'[39m, [32m'4.28'[39m, [32m'3.44'[39m, [32m'0.00'[39m ]
data rcv RT:[ [32m'0.00'[39m, [32m'4.25'[39m, [32m'3.41'[39m, [32m'0.00'[39m ]
data rcv RT:[ [32m'0.00'[39m, [32m'4.28'[39m, [32m'3.40'[39m, [32m'0.00'[39m ]
data rcv RT:[ [32m'0.00'[39m, [32m'4.31'[39m, [32m'3.37'[39m, [32m'0.00'[39m ]
data rcv RT:[ [32m'0.00'[39m, [32m'4.27'[39m, [32m'3.38'[39m, [32m'0.00'[39m ]
data rcv RT:[ [32m'0.00'[39m, [32m'4.35'[39m, [32m'3.37'[39m, [32m'0.01'[39m ]
data rcv RT:[ [32m'0.00'[39m, [32m'4.37'[39m, [32m'3.39'[39m, [32m'0.03'[39m ]
data rcv RT:[ [32m'0.00'[39m, [32m'4.37'[39m, [32m'3.35'[39m, [32m'0.05'[39m ]
data rcv RT:[ [32m'0.00'[39m, [32m'4.40'[39m, [32m'3.39'[39m, [32m'0.01'[39m ]
data rcv RT:[ [32m'0.00'[39m, [32m'4.37'[39m, [32m'3.41'[39m, [32m'0.00'[39m ]
data rcv RT:[ [32m'0.00'[39m, [32m'4.30'[39m, [32m'3.42'[39m, [32m'0.00'[39m ]
data rcv RT:[ [32m'0.00'[39m, [32m'4.32'[39m, [32m'3.44'[39m, [32m'0.00'[39m ]
data rcv RT:[ [32m'0.00'[39m, [32m'4.30'[39m, [32m'3.44'[39m, [32m'0.00'[39m ]
data rcv RT:[ [32m'0.00'[39m, [32m'4.31'[39m, [32m'3.47'[39m, [32m'0.00'[39m ]
data rcv RT:[ [32m'0.00'[39m, [32m'4.30'[39m, [32m'3.42'[39m, [32m'0.00'[39m ]
data rcv RT:[ [32m'0.00'[39m, [32m'4.27'[39m, [32m'3.38'[39m, [32m'0.00'[39m ]
data rcv RT:[ [32m'0.00'[39m, [32m'4.26'[39m, [32m'3.39'[39m, [32m'0.00'[39m ]
data rcv RT:[ [32m'0.00'[39m, [32m'4.28'[39m, [32m'3.36'[39m, [32m'0.00'[39m ]
data rcv RT:[ [32m'0.00'[39m, [32m'4.32'[39m, [32m'3.39'[39m, [32m'0.01'[39m ]
data rcv RT:[ [32m'0.00'[39m, [32m'4.34'[39m, [32m'3.39'[39m, [32m'0.02'[39m ]
data rcv RT:[ [32m'0.00'[39m, [32m'4.38'[39m, [32m'3.37'[39m, [32m'0.03'[39m ]
data rcv RT:[ [32m'0.00'[39m, [32m'4.38'[39m, [32m'3.45'[39m, [32m'0.00'[39m ]
data rcv RT:[ [32m'0.00'[39m, [32m'4.37'[39m, [32m'3.42'[39m, [32m'0.00'[39m ]
data rcv RT:[ [32m'0.00'[39m, [32m'4.31'[39m, [32m'3.42'[39m, [32m'0.00'[39m ]
data rcv RT:[ [32m'0.00'[39m, [32m'4.29'[39m, [32m'3.42'[39m, [32m'0.00'[39m ]
data rcv RT:[ [32m'0.00'[39m, [32m'4.31'[39m, [32m'3.42'[39m, [32m'0.00'[39m ]
data rcv RT:[ [32m'0.00'[39m, [32m'4.23'[39m, [32m'3.37'[39m, [32m'0.00'[39m ]
data rcv RT:[ [32m'0.00'[39m, [32m'4.26'[39m, [32m'3.41'[39m, [32m'0.00'[39m ]
data rcv RT:[ [32m'0.00'[39m, [32m'4.29'[39m, [32m'3.38'[39m, [32m'0.00'[39m ]
data rcv RT:[ [32m'0.00'[39m, [32m'4.29'[39m, [32m'3.40'[39m, [32m'0.00'[39m ]
data rcv RT:[ [32m'0.00'[39m, [32m'4.33'[39m, [32m'3.40'[39m, [32m'0.02'[39m ]
data rcv RT:[ [32m'0.00'[39m, [32m'4.32'[39m, [32m'3.37'[39m, [32m'0.07'[39m ]
data rcv RT:[ [32m'0.00'[39m, [32m'4.37'[39m, [32m'3.39'[39m, [32m'0.04'[39m ]
data rcv RT:[ [32m'0.00'[39m, [32m'4.40'[39m, [32m'3.41'[39m, [32m'0.01'[39m ]
data rcv RT:[ [32m'0.00'[39m, [32m'4.35'[39m, [32m'3.40'[39m, [32m'0.00'[39m ]
data rcv RT:[ [32m'0.00'[39m, [32m'4.34'[39m, [32m'3.42'[39m, [32m'0.00'[39m ]
data rcv RT:[ [32m'0.00'[39m, [32m'4.30'[39m, [32m'3.44'[39m, [32m'0.00'[39m ]
data rcv RT:[ [32m'0.00'[39m, [32m'4.32'[39m, [32m'3.41'[39m, [32m'0.00'[39m ]
data rcv RT:[ [32m'0.00'[39m, [32m'4.33'[39m, [32m'3.43'[39m, [32m'0.00'[39m ]
data rcv RT:[ [32m'0.00'[39m, [32m'4.29'[39m, [32m'3.40'[39m, [32m'0.00'[39m ]
data rcv RT:[ [32m'0.00'[39m, [32m'4.26'[39m, [32m'3.38'[39m, [32m'0.00'[39m ]
data rcv RT:[ [32m'0.00'[39m, [32m'4.26'[39m, [32m'3.38'[39m, [32m'0.00'[39m ]
data rcv RT:[ [32m'0.00'[39m, [32m'4.31'[39m, [32m'3.37'[39m, [32m'0.01'[39m ]
data rcv RT:[ [32m'0.00'[39m, [32m'4.34'[39m, [32m'3.39'[39m, [32m'0.02'[39m ]
data rcv RT:[ [32m'0.00'[39m, [32m'4.34'[39m, [32m'3.37'[39m, [32m'0.01'[39m ]
data rcv RT:[ [32m'0.00'[39m, [32m'4.38'[39m, [32m'3.41'[39m, [32m'0.01'[39m ]
data rcv RT:[ [32m'0.00'[39m, [32m'4.33'[39m, [32m'3.45'[39m, [32m'0.00'[39m ]
data rcv RT:[ [32m'0.00'[39m, [32m'4.35'[39m, [32m'3.41'[39m, [32m'0.00'[39m ]
data rcv RT:[ [32m'0.00'[39m, [32m'4.35'[39m, [32m'3.41'[39m, [32m'0.00'[39m ]
data rcv RT:[ [32m'0.00'[39m, [32m'4.31'[39m, [32m'3.41'[39m, [32m'0.00'[39m ]
data rcv RT:[ [32m'0.00'[39m, [32m'4.33'[39m, [32m'3.44'[39m, [32m'0.00'[39m ]
data rcv RT:[ [32m'0.00'[39m, [32m'4.30'[39m, [32m'3.46'[39m, [32m'0.00'[39m ]
data rcv RT:[ [32m'0.00'[39m, [32m'4.27'[39m, [32m'3.40'[39m, [32m'0.00'[39m ]
data rcv RT:[ [32m'0.00'[39m, [32m'4.27'[39m, [32m'3.39'[39m, [32m'0.00'[39m ]
data rcv RT:[ [32m'0.00'[39m, [32m'4.28'[39m, [32m'3.36'[39m, [32m'0.00'[39m ]
data rcv RT:[ [32m'0.00'[39m, [32m'4.31'[39m, [32m'3.39'[39m, [32m'0.00'[39m ]
data rcv RT:[ [32m'0.00'[39m, [32m'4.33'[39m, [32m'3.39'[39m, [32m'0.00'[39m ]
data rcv RT:[ [32m'0.00'[39m, [32m'4.37'[39m, [32m'3.36'[39m, [32m'0.02'[39m ]
data rcv RT:[ [32m'0.00'[39m, [32m'4.34'[39m, [32m'3.36'[39m, [32m'0.05'[39m ]
data rcv RT:[ [32m'0.00'[39m, [32m'4.38'[39m, [32m'3.43'[39m, [32m'0.00'[39m ]
data rcv RT:[ [32m'0.00'[39m, [32m'4.31'[39m, [32m'3.45'[39m, [32m'0.00'[39m ]
data rcv RT:[ [32m'0.00'[39m, [32m'4.34'[39m, [32m'3.43'[39m, [32m'0.00'[39m ]
data rcv RT:[ [32m'0.00'[39m, [32m'4.32'[39m, [32m'3.45'[39m, [32m'0.00'[39m ]
data rcv RT:[ [32m'0.00'[39m, [32m'4.32'[39m, [32m'3.44'[39m, [32m'0.00'[39m ]
data rcv RT:[ [32m'0.00'[39m, [32m'4.30'[39m, [32m'3.45'[39m, [32m'0.00'[39m ]
data rcv RT:[ [32m'0.00'[39m, [32m'4.25'[39m, [32m'3.38'[39m, [32m'0.00'[39m ]
data rcv RT:[ [32m'0.00'[39m, [32m'4.27'[39m, [32m'3.40'[39m, [32m'0.00'[39m ]
data rcv RT:[ [32m'0.00'[39m, [32m'4.30'[39m, [32m'3.38'[39m, [32m'0.00'[39m ]
data rcv RT:[ [32m'0.00'[39m, [32m'4.31'[39m, [32m'3.38'[39m, [32m'0.00'[39m ]
data rcv RT:[ [32m'0.00'[39m, [32m'4.29'[39m, [32m'3.37'[39m, [32m'0.00'[39m ]
data rcv RT:[ [32m'0.00'[39m, [32m'4.32'[39m, [32m'3.37'[39m, [32m'0.00'[39m ]
data rcv RT:[ [32m'0.00'[39m, [32m'4.33'[39m, [32m'3.35'[39m, [32m'0.06'[39m ]
data rcv RT:[ [32m'0.00'[39m, [32m'4.36'[39m, [32m'3.40'[39m, [32m'0.02'[39m ]
data rcv RT:[ [32m'0.00'[39m, [32m'4.37'[39m, [32m'3.40'[39m, [32m'0.03'[39m ]
data rcv RT:[ [32m'0.00'[39m, [32m'4.36'[39m, [32m'3.39'[39m, [32m'0.00'[39m ]
data rcv RT:[ [32m'0.00'[39m, [32m'4.33'[39m, [32m'3.43'[39m, [32m'0.00'[39m ]
data rcv RT:[ [32m'0.00'[39m, [32m'4.34'[39m, [32m'3.42'[39m, [32m'0.00'[39m ]
data rcv RT:[ [32m'0.00'[39m, [32m'4.32'[39m, [32m'3.42'[39m, [32m'0.00'[39m ]
data rcv RT:[ [32m'0.00'[39m, [32m'4.31'[39m, [32m'3.41'[39m, [32m'0.00'[39m ]
data rcv RT:[ [32m'0.00'[39m, [32m'4.28'[39m, [32m'3.40'[39m, [32m'0.00'[39m ]
data rcv RT:[ [32m'0.00'[39m, [32m'4.26'[39m, [32m'3.41'[39m, [32m'0.00'[39m ]
data rcv RT:[ [32m'0.00'[39m, [32m'4.28'[39m, [32m'3.36'[39m, [32m'0.00'[39m ]
data rcv RT:[ [32m'0.00'[39m, [32m'4.27'[39m, [32m'3.36'[39m, [32m'0.00'[39m ]
data rcv RT:[ [32m'0.00'[39m, [32m'4.29'[39m, [32m'3.37'[39m, [32m'0.00'[39m ]
data rcv RT:[ [32m'0.00'[39m, [32m'4.29'[39m, [32m'3.37'[39m, [32m'0.00'[39m ]
data rcv RT:[ [32m'0.00'[39m, [32m'4.33'[39m, [32m'3.39'[39m, [32m'0.01'[39m ]
data rcv RT:[ [32m'0.00'[39m, [32m'4.34'[39m, [32m'3.39'[39m, [32m'0.00'[39m ]
data rcv RT:[ [32m'0.00'[39m, [32m'4.36'[39m, [32m'3.39'[39m, [32m'0.02'[39m ]
data rcv RT:[ [32m'0.00'[39m, [32m'4.39'[39m, [32m'3.42'[39m, [32m'0.01'[39m ]
data rcv RT:[ [32m'0.00'[39m, [32m'4.38'[39m, [32m'3.39'[39m, [32m'0.00'[39m ]
data rcv RT:[ [32m'0.00'[39m, [32m'4.34'[39m, [32m'3.42'[39m, [32m'0.00'[39m ]
data rcv RT:[ [32m'0.00'[39m, [32m'4.33'[39m, [32m'3.42'[39m, [32m'0.00'[39m ]
data rcv RT:[ [32m'0.00'[39m, [32m'4.34'[39m, [32m'3.41'[39m, [32m'0.00'[39m ]
data rcv RT:[ [32m'0.00'[39m, [32m'4.32'[39m, [32m'3.42'[39m, [32m'0.00'[39m ]
data rcv RT:[ [32m'0.00'[39m, [32m'4.30'[39m, [32m'3.42'[39m, [32m'0.00'[39m ]
data rcv RT:[ [32m'0.00'[39m, [32m'4.25'[39m, [32m'3.44'[39m, [32m'0.00'[39m ]
data rcv RT:[ [32m'0.00'[39m, [32m'4.26'[39m, [32m'3.41'[39m, [32m'0.00'[39m ]
data rcv RT:[ [32m'0.00'[39m, [32m'4.29'[39m, [32m'3.39'[39m, [32m'0.00'[39m ]
data rcv RT:[ [32m'0.00'[39m, [32m'4.27'[39m, [32m'3.37'[39m, [32m'0.00'[39m ]
data rcv RT:[ [32m'0.00'[39m, [32m'4.29'[39m, [32m'3.38'[39m, [32m'0.00'[39m ]
data rcv RT:[ [32m'0.00'[39m, [32m'4.31'[39m, [32m'3.39'[39m, [32m'0.00'[39m ]
data rcv RT:[ [32m'0.00'[39m, [32m'4.31'[39m, [32m'3.39'[39m, [32m'0.00'[39m ]
data rcv RT:[ [32m'0.00'[39m, [32m'4.33'[39m, [32m'3.37'[39m, [32m'0.06'[39m ]
data rcv RT:[ [32m'0.00'[39m, [32m'4.36'[39m, [32m'3.42'[39m, [32m'0.02'[39m ]
data rcv RT:[ [32m'0.00'[39m, [32m'4.37'[39m, [32m'3.42'[39m, [32m'0.02'[39m ]
data rcv RT:[ [32m'0.00'[39m, [32m'4.37'[39m, [32m'3.37'[39m, [32m'0.03'[39m ]
data rcv RT:[ [32m'0.00'[39m, [32m'4.34'[39m, [32m'3.42'[39m, [32m'0.00'[39m ]
data rcv RT:[ [32m'0.00'[39m, [32m'4.32'[39m, [32m'3.44'[39m, [32m'0.00'[39m ]
data rcv RT:[ [32m'0.00'[39m, [32m'4.31'[39m, [32m'3.44'[39m, [32m'0.00'[39m ]
data rcv RT:[ [32m'0.00'[39m, [32m'4.30'[39m, [32m'3.41'[39m, [32m'0.00'[39m ]
data rcv RT:[ [32m'0.00'[39m, [32m'4.28'[39m, [32m'3.39'[39m, [32m'0.00'[39m ]
data rcv RT:[ [32m'0.00'[39m, [32m'4.26'[39m, [32m'3.39'[39m, [32m'0.00'[39m ]
data rcv RT:[ [32m'0.00'[39m, [32m'4.29'[39m, [32m'3.38'[39m, [32m'0.00'[39m ]
data rcv RT:[ [32m'0.00'[39m, [32m'4.30'[39m, [32m'3.39'[39m, [32m'0.01'[39m ]
data rcv RT:[ [32m'0.00'[39m, [32m'4.35'[39m, [32m'3.37'[39m, [32m'0.01'[39m ]
data rcv RT:[ [32m'0.00'[39m, [32m'4.39'[39m, [32m'3.42'[39m, [32m'0.04'[39m ]
data rcv RT:[ [32m'0.00'[39m, [32m'4.38'[39m, [32m'3.42'[39m, [32m'0.00'[39m ]
data rcv RT:[ [32m'0.00'[39m, [32m'4.34'[39m, [32m'3.44'[39m, [32m'0.00'[39m ]
data rcv RT:[ [32m'0.00'[39m, [32m'4.33'[39m, [32m'3.43'[39m, [32m'0.00'[39m ]
data rcv RT:[ [32m'0.00'[39m, [32m'4.32'[39m, [32m'3.43'[39m, [32m'0.00'[39m ]
data rcv RT:[ [32m'0.00'[39m, [32m'4.30'[39m, [32m'3.44'[39m, [32m'0.00'[39m ]
data rcv RT:[ [32m'0.00'[39m, [32m'4.28'[39m, [32m'3.44'[39m, [32m'0.00'[39m ]
data rcv RT:[ [32m'0.00'[39m, [32m'4.27'[39m, [32m'3.39'[39m, [32m'0.00'[39m ]
data rcv RT:[ [32m'0.00'[39m, [32m'4.29'[39m, [32m'3.37'[39m, [32m'0.01'[39m ]
data rcv RT:[ [32m'0.00'[39m, [32m'4.31'[39m, [32m'3.39'[39m, [32m'0.00'[39m ]
data rcv RT:[ [32m'0.00'[39m, [32m'4.34'[39m, [32m'3.37'[39m, [32m'0.00'[39m ]
data rcv RT:[ [32m'0.00'[39m, [32m'4.35'[39m, [32m'3.34'[39m, [32m'0.07'[39m ]
data rcv RT:[ [32m'0.00'[39m, [32m'4.32'[39m, [32m'3.36'[39m, [32m'0.03'[39m ]
data rcv RT:[ [32m'0.00'[39m, [32m'4.36'[39m, [32m'3.38'[39m, [32m'0.04'[39m ]
data rcv RT:[ [32m'0.00'[39m, [32m'4.35'[39m, [32m'3.42'[39m, [32m'0.00'[39m ]
data rcv RT:[ [32m'0.00'[39m, [32m'4.36'[39m, [32m'3.42'[39m, [32m'0.00'[39m ]
data rcv RT:[ [32m'0.00'[39m, [32m'4.34'[39m, [32m'3.42'[39m, [32m'0.00'[39m ]
data rcv RT:[ [32m'0.00'[39m, [32m'4.32'[39m, [32m'3.43'[39m, [32m'0.00'[39m ]
data rcv RT:[ [32m'0.00'[39m, [32m'4.28'[39m, [32m'3.44'[39m, [32m'0.00'[39m ]
data rcv RT:[ [32m'0.00'[39m, [32m'4.25'[39m, [32m'3.42'[39m, [32m'0.00'[39m ]
data rcv RT:[ [32m'0.00'[39m, [32m'4.26'[39m, [32m'3.38'[39m, [32m'0.00'[39m ]
data rcv RT:[ [32m'0.00'[39m, [32m'4.27'[39m, [32m'3.39'[39m, [32m'0.00'[39m ]
data rcv RT:[ [32m'0.00'[39m, [32m'4.31'[39m, [32m'3.38'[39m, [32m'0.01'[39m ]
data rcv RT:[ [32m'0.00'[39m, [32m'4.33'[39m, [32m'3.38'[39m, [32m'0.03'[39m ]
data rcv RT:[ [32m'0.00'[39m, [32m'4.37'[39m, [32m'3.38'[39m, [32m'0.06'[39m ]
data rcv RT:[ [32m'0.00'[39m, [32m'4.33'[39m, [32m'3.33'[39m, [32m'0.07'[39m ]
data rcv RT:[ [32m'0.00'[39m, [32m'4.38'[39m, [32m'3.38'[39m, [32m'0.02'[39m ]
data rcv RT:[ [32m'0.00'[39m, [32m'4.34'[39m, [32m'3.43'[39m, [32m'0.00'[39m ]
data rcv RT:[ [32m'0.00'[39m, [32m'4.32'[39m, [32m'3.44'[39m, [32m'0.00'[39m ]
data rcv RT:[ [32m'0.00'[39m, [32m'4.29'[39m, [32m'3.43'[39m, [32m'0.00'[39m ]
data rcv RT:[ [32m'0.00'[39m, [32m'4.30'[39m, [32m'3.42'[39m, [32m'0.00'[39m ]
data rcv RT:[ [32m'0.00'[39m, [32m'4.26'[39m, [32m'3.40'[39m, [32m'0.00'[39m ]
data rcv RT:[ [32m'0.00'[39m, [32m'4.24'[39m, [32m'3.36'[39m, [32m'0.00'[39m ]
data rcv RT:[ [32m'0.00'[39m, [32m'4.28'[39m, [32m'3.38'[39m, [32m'0.00'[39m ]
data rcv RT:[ [32m'0.00'[39m, [32m'4.30'[39m, [32m'3.39'[39m, [32m'0.01'[39m ]
data rcv RT:[ [32m'0.00'[39m, [32m'4.35'[39m, [32m'3.40'[39m, [32m'0.01'[39m ]
data rcv RT:[ [32m'0.00'[39m, [32m'4.35'[39m, [32m'3.37'[39m, [32m'0.04'[39m ]
data rcv RT:[ [32m'0.00'[39m, [32m'4.35'[39m, [32m'3.43'[39m, [32m'0.00'[39m ]
data rcv RT:[ [32m'0.00'[39m, [32m'4.37'[39m, [32m'3.42'[39m, [32m'0.00'[39m ]
data rcv RT:[ [32m'0.00'[39m, [32m'4.37'[39m, [32m'3.40'[39m, [32m'0.00'[39m ]
data rcv RT:[ [32m'0.00'[39m, [32m'4.33'[39m, [32m'3.43'[39m, [32m'0.00'[39m ]
data rcv RT:[ [32m'0.00'[39m, [32m'4.34'[39m, [32m'3.42'[39m, [32m'0.00'[39m ]
data rcv RT:[ [32m'0.00'[39m, [32m'4.30'[39m, [32m'3.44'[39m, [32m'0.00'[39m ]
data rcv RT:[ [32m'0.00'[39m, [32m'4.31'[39m, [32m'3.44'[39m, [32m'0.00'[39m ]
data rcv RT:[ [32m'0.00'[39m, [32m'4.26'[39m, [32m'3.41'[39m, [32m'0.00'[39m ]
data rcv RT:[ [32m'0.00'[39m, [32m'4.28'[39m, [32m'3.41'[39m, [32m'0.00'[39m ]
data rcv RT:[ [32m'0.00'[39m, [32m'4.29'[39m, [32m'3.37'[39m, [32m'0.00'[39m ]
data rcv RT:[ [32m'0.00'[39m, [32m'4.34'[39m, [32m'3.37'[39m, [32m'0.02'[39m ]
data rcv RT:[ [32m'0.00'[39m, [32m'4.32'[39m, [32m'3.38'[39m, [32m'0.01'[39m ]
data rcv RT:[ [32m'0.00'[39m, [32m'4.34'[39m, [32m'3.38'[39m, [32m'0.01'[39m ]
data rcv RT:[ [32m'0.00'[39m, [32m'4.38'[39m, [32m'3.39'[39m, [32m'0.04'[39m ]
data rcv RT:[ [32m'0.00'[39m, [32m'4.38'[39m, [32m'3.41'[39m, [32m'0.00'[39m ]
data rcv RT:[ [32m'0.00'[39m, [32m'4.36'[39m, [32m'3.42'[39m, [32m'0.00'[39m ]
data rcv RT:[ [32m'0.00'[39m, [32m'4.31'[39m, [32m'3.45'[39m, [32m'0.00'[39m ]
data rcv RT:[ [32m'0.00'[39m, [32m'4.32'[39m, [32m'3.41'[39m, [32m'0.00'[39m ]
data rcv RT:[ [32m'0.00'[39m, [32m'4.28'[39m, [32m'3.44'[39m, [32m'0.00'[39m ]
data rcv RT:[ [32m'0.00'[39m, [32m'4.30'[39m, [32m'3.43'[39m, [32m'0.00'[39m ]
data rcv RT:[ [32m'0.00'[39m, [32m'4.28'[39m, [32m'3.45'[39m, [32m'0.00'[39m ]
data rcv RT:[ [32m'0.00'[39m, [32m'4.28'[39m, [32m'3.43'[39m, [32m'0.00'[39m ]
data rcv RT:[ [32m'0.00'[39m, [32m'4.26'[39m, [32m'3.43'[39m, [32m'0.00'[39m ]
data rcv RT:[ [32m'0.00'[39m, [32m'4.26'[39m, [32m'3.37'[39m, [32m'0.00'[39m ]
data rcv RT:[ [32m'0.00'[39m, [32m'4.30'[39m, [32m'3.38'[39m, [32m'0.01'[39m ]
data rcv RT:[ [32m'0.00'[39m, [32m'4.28'[39m, [32m'3.38'[39m, [32m'0.00'[39m ]
data rcv RT:[ [32m'0.00'[39m, [32m'4.32'[39m, [32m'3.39'[39m, [32m'0.01'[39m ]
data rcv RT:[ [32m'0.00'[39m, [32m'4.35'[39m, [32m'3.39'[39m, [32m'0.02'[39m ]
data rcv RT:[ [32m'0.00'[39m, [32m'4.33'[39m, [32m'3.38'[39m, [32m'0.00'[39m ]
data rcv RT:[ [32m'0.00'[39m, [32m'4.37'[39m, [32m'3.37'[39m, [32m'0.05'[39m ]
data rcv RT:[ [32m'0.00'[39m, [32m'4.38'[39m, [32m'3.41'[39m, [32m'0.00'[39m ]
data rcv RT:[ [32m'0.00'[39m, [32m'4.35'[39m, [32m'3.42'[39m, [32m'0.00'[39m ]
data rcv RT:[ [32m'0.00'[39m, [32m'4.37'[39m, [32m'3.42'[39m, [32m'0.00'[39m ]
data rcv RT:[ [32m'0.00'[39m, [32m'4.32'[39m, [32m'3.43'[39m, [32m'0.00'[39m ]
data rcv RT:[ [32m'0.00'[39m, [32m'4.33'[39m, [32m'3.41'[39m, [32m'0.00'[39m ]
data rcv RT:[ [32m'0.00'[39m, [32m'4.30'[39m, [32m'3.43'[39m, [32m'0.00'[39m ]
data rcv RT:[ [32m'0.00'[39m, [32m'4.30'[39m, [32m'3.44'[39m, [32m'0.00'[39m ]
data rcv RT:[ [32m'0.00'[39m, [32m'4.26'[39m, [32m'3.45'[39m, [32m'0.00'[39m ]
data rcv RT:[ [32m'0.00'[39m, [32m'4.29'[39m, [32m'3.36'[39m, [32m'0.00'[39m ]
data rcv RT:[ [32m'0.00'[39m, [32m'4.28'[39m, [32m'3.41'[39m, [32m'0.00'[39m ]
data rcv RT:[ [32m'0.00'[39m, [32m'4.32'[39m, [32m'3.38'[39m, [32m'0.00'[39m ]
data rcv RT:[ [32m'0.00'[39m, [32m'4.32'[39m, [32m'3.38'[39m, [32m'0.00'[39m ]
data rcv RT:[ [32m'0.00'[39m, [32m'4.33'[39m, [32m'3.38'[39m, [32m'0.01'[39m ]
data rcv RT:[ [32m'0.00'[39m, [32m'4.36'[39m, [32m'3.37'[39m, [32m'0.03'[39m ]
data rcv RT:[ [32m'0.00'[39m, [32m'4.35'[39m, [32m'3.39'[39m, [32m'0.01'[39m ]
data rcv RT:[ [32m'0.00'[39m, [32m'4.38'[39m, [32m'3.41'[39m, [32m'0.00'[39m ]
data rcv RT:[ [32m'0.00'[39m, [32m'4.37'[39m, [32m'3.41'[39m, [32m'0.00'[39m ]
data rcv RT:[ [32m'0.00'[39m, [32m'4.35'[39m, [32m'3.45'[39m, [32m'0.00'[39m ]
data rcv RT:[ [32m'0.00'[39m, [32m'4.32'[39m, [32m'3.43'[39m, [32m'0.00'[39m ]
data rcv RT:[ [32m'0.00'[39m, [32m'4.31'[39m, [32m'3.42'[39m, [32m'0.00'[39m ]
data rcv RT:[ [32m'0.00'[39m, [32m'4.28'[39m, [32m'3.46'[39m, [32m'0.00'[39m ]
data rcv RT:[ [32m'0.00'[39m, [32m'4.26'[39m, [32m'3.40'[39m, [32m'0.00'[39m ]
data rcv RT:[ [32m'0.00'[39m, [32m'4.27'[39m, [32m'3.35'[39m, [32m'0.00'[39m ]
data rcv RT:[ [32m'0.00'[39m, [32m'4.29'[39m, [32m'3.39'[39m, [32m'0.00'[39m ]
data rcv RT:[ [32m'0.00'[39m, [32m'4.31'[39m, [32m'3.39'[39m, [32m'0.01'[39m ]
data rcv RT:[ [32m'0.00'[39m, [32m'4.32'[39m, [32m'3.36'[39m, [32m'0.01'[39m ]
data rcv RT:[ [32m'0.00'[39m, [32m'4.32'[39m, [32m'3.39'[39m, [32m'0.02'[39m ]
data rcv RT:[ [32m'0.00'[39m, [32m'4.32'[39m, [32m'3.39'[39m, [32m'0.01'[39m ]
data rcv RT:[ [32m'0.00'[39m, [32m'4.34'[39m, [32m'3.38'[39m, [32m'0.01'[39m ]
data rcv RT:[ [32m'0.00'[39m, [32m'4.34'[39m, [32m'3.41'[39m, [32m'0.00'[39m ]
data rcv RT:[ [32m'0.00'[39m, [32m'4.35'[39m, [32m'3.39'[39m, [32m'0.00'[39m ]
data rcv RT:[ [32m'0.00'[39m, [32m'4.35'[39m, [32m'3.42'[39m, [32m'0.00'[39m ]
data rcv RT:[ [32m'0.00'[39m, [32m'4.33'[39m, [32m'3.45'[39m, [32m'0.00'[39m ]
data rcv RT:[ [32m'0.00'[39m, [32m'4.30'[39m, [32m'3.44'[39m, [32m'0.00'[39m ]
data rcv RT:[ [32m'0.00'[39m, [32m'4.30'[39m, [32m'3.43'[39m, [32m'0.00'[39m ]
data rcv RT:[ [32m'0.00'[39m, [32m'4.30'[39m, [32m'3.42'[39m, [32m'0.00'[39m ]
data rcv RT:[ [32m'0.00'[39m, [32m'4.25'[39m, [32m'3.40'[39m, [32m'0.00'[39m ]
data rcv RT:[ [32m'0.00'[39m, [32m'4.25'[39m, [32m'3.37'[39m, [32m'0.00'[39m ]
data rcv RT:[ [32m'0.00'[39m, [32m'4.23'[39m, [32m'3.38'[39m, [32m'0.00'[39m ]
data rcv RT:[ [32m'0.00'[39m, [32m'4.30'[39m, [32m'3.36'[39m, [32m'0.00'[39m ]
data rcv RT:[ [32m'0.00'[39m, [32m'4.31'[39m, [32m'3.35'[39m, [32m'0.01'[39m ]
data rcv RT:[ [32m'0.00'[39m, [32m'4.35'[39m, [32m'3.37'[39m, [32m'0.02'[39m ]
data rcv RT:[ [32m'0.00'[39m, [32m'4.32'[39m, [32m'3.36'[39m, [32m'0.05'[39m ]
data rcv RT:[ [32m'0.00'[39m, [32m'4.36'[39m, [32m'3.39'[39m, [32m'0.00'[39m ]
data rcv RT:[ [32m'0.00'[39m, [32m'4.37'[39m, [32m'3.44'[39m, [32m'0.00'[39m ]
data rcv RT:[ [32m'0.00'[39m, [32m'4.37'[39m, [32m'3.40'[39m, [32m'0.00'[39m ]
data rcv RT:[ [32m'0.00'[39m, [32m'4.32'[39m, [32m'3.45'[39m, [32m'0.00'[39m ]
data rcv RT:[ [32m'0.00'[39m, [32m'4.33'[39m, [32m'3.44'[39m, [32m'0.00'[39m ]
data rcv RT:[ [32m'0.00'[39m, [32m'4.31'[39m, [32m'3.41'[39m, [32m'0.00'[39m ]
data rcv RT:[ [32m'0.00'[39m, [32m'4.28'[39m, [32m'3.39'[39m, [32m'0.00'[39m ]
data rcv RT:[ [32m'0.00'[39m, [32m'4.30'[39m, [32m'3.41'[39m, [32m'0.00'[39m ]
data rcv RT:[ [32m'0.00'[39m, [32m'4.27'[39m, [32m'3.43'[39m, [32m'0.00'[39m ]
data rcv RT:[ [32m'0.00'[39m, [32m'4.25'[39m, [32m'3.38'[39m, [32m'0.00'[39m ]
data rcv RT:[ [32m'0.00'[39m, [32m'4.28'[39m, [32m'3.37'[39m, [32m'0.00'[39m ]
data rcv RT:[ [32m'0.00'[39m, [32m'4.34'[39m, [32m'3.35'[39m, [32m'0.05'[39m ]
data rcv RT:[ [32m'0.00'[39m, [32m'4.39'[39m, [32m'3.39'[39m, [32m'0.00'[39m ]
data rcv RT:[ [32m'0.00'[39m, [32m'4.39'[39m, [32m'3.40'[39m, [32m'0.02'[39m ]
data rcv RT:[ [32m'0.00'[39m, [32m'4.39'[39m, [32m'3.43'[39m, [32m'0.00'[39m ]
data rcv RT:[ [32m'0.00'[39m, [32m'4.36'[39m, [32m'3.41'[39m, [32m'0.00'[39m ]
data rcv RT:[ [32m'0.00'[39m, [32m'4.33'[39m, [32m'3.41'[39m, [32m'0.00'[39m ]
data rcv RT:[ [32m'0.00'[39m, [32m'4.30'[39m, [32m'3.42'[39m, [32m'0.00'[39m ]
data rcv RT:[ [32m'0.00'[39m, [32m'4.31'[39m, [32m'3.42'[39m, [32m'0.00'[39m ]
data rcv RT:[ [32m'0.00'[39m, [32m'4.29'[39m, [32m'3.43'[39m, [32m'0.00'[39m ]
data rcv RT:[ [32m'0.00'[39m, [32m'4.27'[39m, [32m'3.41'[39m, [32m'0.00'[39m ]
data rcv RT:[ [32m'0.00'[39m, [32m'4.29'[39m, [32m'3.39'[39m, [32m'0.00'[39m ]
data rcv RT:[ [32m'0.00'[39m, [32m'4.27'[39m, [32m'3.39'[39m, [32m'0.00'[39m ]
data rcv RT:[ [32m'0.00'[39m, [32m'4.30'[39m, [32m'3.38'[39m, [32m'0.00'[39m ]
data rcv RT:[ [32m'0.00'[39m, [32m'4.32'[39m, [32m'3.39'[39m, [32m'0.01'[39m ]
data rcv RT:[ [32m'0.00'[39m, [32m'4.33'[39m, [32m'3.39'[39m, [32m'0.02'[39m ]
data rcv RT:[ [32m'0.00'[39m, [32m'4.37'[39m, [32m'3.37'[39m, [32m'0.05'[39m ]
data rcv RT:[ [32m'0.00'[39m, [32m'4.37'[39m, [32m'3.37'[39m, [32m'0.04'[39m ]
data rcv RT:[ [32m'0.00'[39m, [32m'4.37'[39m, [32m'3.40'[39m, [32m'0.01'[39m ]
data rcv RT:[ [32m'0.00'[39m, [32m'4.37'[39m, [32m'3.42'[39m, [32m'0.03'[39m ]
data rcv RT:[ [32m'0.00'[39m, [32m'4.34'[39m, [32m'3.41'[39m, [32m'0.00'[39m ]
data rcv RT:[ [32m'0.00'[39m, [32m'4.36'[39m, [32m'3.43'[39m, [32m'0.00'[39m ]
data rcv RT:[ [32m'0.00'[39m, [32m'4.35'[39m, [32m'3.43'[39m, [32m'0.00'[39m ]
data rcv RT:[ [32m'0.00'[39m, [32m'4.31'[39m, [32m'3.42'[39m, [32m'0.00'[39m ]
data rcv RT:[ [32m'0.00'[39m, [32m'4.33'[39m, [32m'3.47'[39m, [32m'0.00'[39m ]
data rcv RT:[ [32m'0.00'[39m, [32m'4.31'[39m, [32m'3.46'[39m, [32m'0.00'[39m ]
data rcv RT:[ [32m'0.00'[39m, [32m'4.29'[39m, [32m'3.40'[39m, [32m'0.00'[39m ]
data rcv RT:[ [32m'0.00'[39m, [32m'4.27'[39m, [32m'3.40'[39m, [32m'0.00'[39m ]
data rcv RT:[ [32m'0.00'[39m, [32m'4.28'[39m, [32m'3.38'[39m, [32m'0.00'[39m ]
data rcv RT:[ [32m'0.00'[39m, [32m'4.33'[39m, [32m'3.38'[39m, [32m'0.01'[39m ]
data rcv RT:[ [32m'0.00'[39m, [32m'4.30'[39m, [32m'3.36'[39m, [32m'0.01'[39m ]
data rcv RT:[ [32m'0.00'[39m, [32m'4.32'[39m, [32m'3.39'[39m, [32m'0.01'[39m ]
data rcv RT:[ [32m'0.00'[39m, [32m'4.34'[39m, [32m'3.37'[39m, [32m'0.03'[39m ]
data rcv RT:[ [32m'0.00'[39m, [32m'4.37'[39m, [32m'3.39'[39m, [32m'0.00'[39m ]
data rcv RT:[ [32m'0.00'[39m, [32m'4.39'[39m, [32m'3.40'[39m, [32m'0.03'[39m ]
data rcv RT:[ [32m'0.00'[39m, [32m'4.35'[39m, [32m'3.38'[39m, [32m'0.04'[39m ]
data rcv RT:[ [32m'0.00'[39m, [32m'4.35'[39m, [32m'3.43'[39m, [32m'0.00'[39m ]
data rcv RT:[ [32m'0.00'[39m, [32m'4.33'[39m, [32m'3.44'[39m, [32m'0.00'[39m ]
data rcv RT:[ [32m'0.00'[39m, [32m'4.32'[39m, [32m'3.44'[39m, [32m'0.00'[39m ]
data rcv RT:[ [32m'0.00'[39m, [32m'4.32'[39m, [32m'3.43'[39m, [32m'0.00'[39m ]
data rcv RT:[ [32m'0.00'[39m, [32m'4.27'[39m, [32m'3.41'[39m, [32m'0.00'[39m ]
data rcv RT:[ [32m'0.00'[39m, [32m'4.27'[39m, [32m'3.43'[39m, [32m'0.00'[39m ]
data rcv RT:[ [32m'0.00'[39m, [32m'4.27'[39m, [32m'3.43'[39m, [32m'0.00'[39m ]
data rcv RT:[ [32m'0.00'[39m, [32m'4.26'[39m, [32m'3.41'[39m, [32m'0.00'[39m ]
data rcv RT:[ [32m'0.00'[39m, [32m'4.25'[39m, [32m'3.41'[39m, [32m'0.00'[39m ]
data rcv RT:[ [32m'0.00'[39m, [32m'4.28'[39m, [32m'3.38'[39m, [32m'0.00'[39m ]
data rcv RT:[ [32m'0.00'[39m, [32m'4.29'[39m, [32m'3.37'[39m, [32m'0.00'[39m ]
data rcv RT:[ [32m'0.00'[39m, [32m'4.34'[39m, [32m'3.38'[39m, [32m'0.02'[39m ]
data rcv RT:[ [32m'0.00'[39m, [32m'4.34'[39m, [32m'3.39'[39m, [32m'0.00'[39m ]
data rcv RT:[ [32m'0.00'[39m, [32m'4.33'[39m, [32m'3.39'[39m, [32m'0.01'[39m ]
data rcv RT:[ [32m'0.00'[39m, [32m'4.33'[39m, [32m'3.36'[39m, [32m'0.03'[39m ]
data rcv RT:[ [32m'0.00'[39m, [32m'4.37'[39m, [32m'3.38'[39m, [32m'0.05'[39m ]
data rcv RT:[ [32m'0.00'[39m, [32m'4.38'[39m, [32m'3.40'[39m, [32m'0.01'[39m ]
data rcv RT:[ [32m'0.00'[39m, [32m'4.37'[39m, [32m'3.44'[39m, [32m'0.00'[39m ]
data rcv RT:[ [32m'0.00'[39m, [32m'4.35'[39m, [32m'3.41'[39m, [32m'0.00'[39m ]
data rcv RT:[ [32m'0.00'[39m, [32m'4.33'[39m, [32m'3.44'[39m, [32m'0.00'[39m ]
data rcv RT:[ [32m'0.00'[39m, [32m'4.31'[39m, [32m'3.44'[39m, [32m'0.00'[39m ]
data rcv RT:[ [32m'0.00'[39m, [32m'4.32'[39m, [32m'3.41'[39m, [32m'0.00'[39m ]
data rcv RT:[ [32m'0.00'[39m, [32m'4.33'[39m, [32m'3.42'[39m, [32m'0.00'[39m ]
data rcv RT:[ [32m'0.00'[39m, [32m'4.32'[39m, [32m'3.43'[39m, [32m'0.00'[39m ]
data rcv RT:[ [32m'0.00'[39m, [32m'4.31'[39m, [32m'3.47'[39m, [32m'0.00'[39m ]
data rcv RT:[ [32m'0.00'[39m, [32m'4.32'[39m, [32m'3.48'[39m, [32m'0.00'[39m ]
data rcv RT:[ [32m'0.00'[39m, [32m'4.26'[39m, [32m'3.44'[39m, [32m'0.00'[39m ]
data rcv RT:[ [32m'0.00'[39m, [32m'4.28'[39m, [32m'3.38'[39m, [32m'0.00'[39m ]
data rcv RT:[ [32m'0.00'[39m, [32m'4.27'[39m, [32m'3.37'[39m, [32m'0.00'[39m ]
data rcv RT:[ [32m'0.00'[39m, [32m'4.28'[39m, [32m'3.38'[39m, [32m'0.00'[39m ]
data rcv RT:[ [32m'0.00'[39m, [32m'4.30'[39m, [32m'3.37'[39m, [32m'0.01'[39m ]
data rcv RT:[ [32m'0.00'[39m, [32m'4.34'[39m, [32m'3.38'[39m, [32m'0.04'[39m ]
data rcv RT:[ [32m'0.00'[39m, [32m'4.33'[39m, [32m'3.39'[39m, [32m'0.00'[39m ]
data rcv RT:[ [32m'0.00'[39m, [32m'4.32'[39m, [32m'3.37'[39m, [32m'0.04'[39m ]
data rcv RT:[ [32m'0.00'[39m, [32m'4.37'[39m, [32m'3.38'[39m, [32m'0.03'[39m ]
data rcv RT:[ [32m'0.00'[39m, [32m'4.38'[39m, [32m'3.40'[39m, [32m'0.00'[39m ]
data rcv RT:[ [32m'0.00'[39m, [32m'4.34'[39m, [32m'3.43'[39m, [32m'0.00'[39m ]
data rcv RT:[ [32m'0.00'[39m, [32m'4.34'[39m, [32m'3.44'[39m, [32m'0.00'[39m ]
data rcv RT:[ [32m'0.00'[39m, [32m'4.34'[39m, [32m'3.43'[39m, [32m'0.00'[39m ]
data rcv RT:[ [32m'0.00'[39m, [32m'4.31'[39m, [32m'3.43'[39m, [32m'0.00'[39m ]
data rcv RT:[ [32m'0.00'[39m, [32m'4.31'[39m, [32m'3.43'[39m, [32m'0.00'[39m ]
data rcv RT:[ [32m'0.00'[39m, [32m'4.33'[39m, [32m'3.41'[39m, [32m'0.00'[39m ]
data rcv RT:[ [32m'0.00'[39m, [32m'4.29'[39m, [32m'3.42'[39m, [32m'0.00'[39m ]
data rcv RT:[ [32m'0.00'[39m, [32m'4.31'[39m, [32m'3.47'[39m, [32m'0.00'[39m ]
data rcv RT:[ [32m'0.00'[39m, [32m'4.25'[39m, [32m'3.40'[39m, [32m'0.00'[39m ]
data rcv RT:[ [32m'0.00'[39m, [32m'4.29'[39m, [32m'3.38'[39m, [32m'0.00'[39m ]
data rcv RT:[ [32m'0.00'[39m, [32m'4.28'[39m, [32m'3.36'[39m, [32m'0.00'[39m ]
data rcv RT:[ [32m'0.00'[39m, [32m'4.32'[39m, [32m'3.37'[39m, [32m'0.02'[39m ]
data rcv RT:[ [32m'0.00'[39m, [32m'4.31'[39m, [32m'3.37'[39m, [32m'0.00'[39m ]
data rcv RT:[ [32m'0.00'[39m, [32m'4.35'[39m, [32m'3.38'[39m, [32m'0.04'[39m ]
data rcv RT:[ [32m'0.00'[39m, [32m'4.34'[39m, [32m'3.39'[39m, [32m'0.02'[39m ]
data rcv RT:[ [32m'0.00'[39m, [32m'4.37'[39m, [32m'3.40'[39m, [32m'0.01'[39m ]
data rcv RT:[ [32m'0.00'[39m, [32m'4.36'[39m, [32m'3.39'[39m, [32m'0.00'[39m ]
data rcv RT:[ [32m'0.00'[39m, [32m'4.37'[39m, [32m'3.36'[39m, [32m'0.04'[39m ]
data rcv RT:[ [32m'0.00'[39m, [32m'4.34'[39m, [32m'3.41'[39m, [32m'0.00'[39m ]
data rcv RT:[ [32m'0.00'[39m, [32m'4.33'[39m, [32m'3.42'[39m, [32m'0.00'[39m ]
data rcv RT:[ [32m'0.00'[39m, [32m'4.33'[39m, [32m'3.43'[39m, [32m'0.00'[39m ]
data rcv RT:[ [32m'0.00'[39m, [32m'4.30'[39m, [32m'3.45'[39m, [32m'0.00'[39m ]
data rcv RT:[ [32m'0.00'[39m, [32m'4.32'[39m, [32m'3.44'[39m, [32m'0.00'[39m ]
data rcv RT:[ [32m'0.00'[39m, [32m'4.30'[39m, [32m'3.42'[39m, [32m'0.00'[39m ]
data rcv RT:[ [32m'0.00'[39m, [32m'4.30'[39m, [32m'3.40'[39m, [32m'0.00'[39m ]
data rcv RT:[ [32m'0.00'[39m, [32m'4.29'[39m, [32m'3.47'[39m, [32m'0.00'[39m ]
data rcv RT:[ [32m'0.00'[39m, [32m'4.28'[39m, [32m'3.42'[39m, [32m'0.00'[39m ]
data rcv RT:[ [32m'0.00'[39m, [32m'4.26'[39m, [32m'3.42'[39m, [32m'0.00'[39m ]
data rcv RT:[ [32m'0.00'[39m, [32m'4.26'[39m, [32m'3.36'[39m, [32m'0.00'[39m ]
data rcv RT:[ [32m'0.00'[39m, [32m'4.28'[39m, [32m'3.35'[39m, [32m'0.00'[39m ]
data rcv RT:[ [32m'0.00'[39m, [32m'4.32'[39m, [32m'3.40'[39m, [32m'0.01'[39m ]
data rcv RT:[ [32m'0.00'[39m, [32m'4.28'[39m, [32m'3.40'[39m, [32m'0.00'[39m ]
data rcv RT:[ [32m'0.00'[39m, [32m'4.32'[39m, [32m'3.38'[39m, [32m'0.01'[39m ]
data rcv RT:[ [32m'0.00'[39m, [32m'4.32'[39m, [32m'3.39'[39m, [32m'0.01'[39m ]
data rcv RT:[ [32m'0.00'[39m, [32m'4.37'[39m, [32m'3.42'[39m, [32m'0.00'[39m ]
data rcv RT:[ [32m'0.00'[39m, [32m'4.33'[39m, [32m'3.38'[39m, [32m'0.03'[39m ]
data rcv RT:[ [32m'0.00'[39m, [32m'4.39'[39m, [32m'3.43'[39m, [32m'0.00'[39m ]
data rcv RT:[ [32m'0.00'[39m, [32m'4.36'[39m, [32m'3.42'[39m, [32m'0.00'[39m ]
data rcv RT:[ [32m'0.00'[39m, [32m'4.35'[39m, [32m'3.42'[39m, [32m'0.00'[39m ]
data rcv RT:[ [32m'0.00'[39m, [32m'4.34'[39m, [32m'3.45'[39m, [32m'0.00'[39m ]
data rcv RT:[ [32m'0.00'[39m, [32m'4.30'[39m, [32m'3.44'[39m, [32m'0.00'[39m ]
data rcv RT:[ [32m'0.00'[39m, [32m'4.31'[39m, [32m'3.42'[39m, [32m'0.00'[39m ]
data rcv RT:[ [32m'0.00'[39m, [32m'4.27'[39m, [32m'3.43'[39m, [32m'0.00'[39m ]
data rcv RT:[ [32m'0.00'[39m, [32m'4.27'[39m, [32m'3.42'[39m, [32m'0.00'[39m ]
data rcv RT:[ [32m'0.00'[39m, [32m'4.26'[39m, [32m'3.39'[39m, [32m'0.00'[39m ]
data rcv RT:[ [32m'0.00'[39m, [32m'4.27'[39m, [32m'3.37'[39m, [32m'0.00'[39m ]
data rcv RT:[ [32m'0.00'[39m, [32m'4.31'[39m, [32m'3.38'[39m, [32m'0.00'[39m ]
data rcv RT:[ [32m'0.00'[39m, [32m'4.31'[39m, [32m'3.39'[39m, [32m'0.01'[39m ]
data rcv RT:[ [32m'0.00'[39m, [32m'4.34'[39m, [32m'3.38'[39m, [32m'0.01'[39m ]
data rcv RT:[ [32m'0.00'[39m, [32m'4.33'[39m, [32m'3.34'[39m, [32m'0.05'[39m ]
data rcv RT:[ [32m'0.00'[39m, [32m'4.36'[39m, [32m'3.38'[39m, [32m'0.02'[39m ]
data rcv RT:[ [32m'0.00'[39m, [32m'4.37'[39m, [32m'3.45'[39m, [32m'0.00'[39m ]
data rcv RT:[ [32m'0.00'[39m, [32m'4.33'[39m, [32m'3.44'[39m, [32m'0.00'[39m ]
data rcv RT:[ [32m'0.00'[39m, [32m'4.33'[39m, [32m'3.42'[39m, [32m'0.00'[39m ]
data rcv RT:[ [32m'0.00'[39m, [32m'4.32'[39m, [32m'3.42'[39m, [32m'0.00'[39m ]
data rcv RT:[ [32m'0.00'[39m, [32m'4.31'[39m, [32m'3.43'[39m, [32m'0.00'[39m ]
data rcv RT:[ [32m'0.00'[39m, [32m'4.28'[39m, [32m'3.40'[39m, [32m'0.00'[39m ]
data rcv RT:[ [32m'0.00'[39m, [32m'4.31'[39m, [32m'3.43'[39m, [32m'0.00'[39m ]
data rcv RT:[ [32m'0.00'[39m, [32m'4.27'[39m, [32m'3.43'[39m, [32m'0.00'[39m ]
data rcv RT:[ [32m'0.00'[39m, [32m'4.26'[39m, [32m'3.40'[39m, [32m'0.00'[39m ]
data rcv RT:[ [32m'0.00'[39m, [32m'4.28'[39m, [32m'3.40'[39m, [32m'0.00'[39m ]
data rcv RT:[ [32m'0.00'[39m, [32m'4.26'[39m, [32m'3.38'[39m, [32m'0.00'[39m ]
data rcv RT:[ [32m'0.00'[39m, [32m'4.29'[39m, [32m'3.38'[39m, [32m'0.00'[39m ]
data rcv RT:[ [32m'0.00'[39m, [32m'4.28'[39m, [32m'3.37'[39m, [32m'0.00'[39m ]
data rcv RT:[ [32m'0.00'[39m, [32m'4.31'[39m, [32m'3.38'[39m, [32m'0.02'[39m ]
data rcv RT:[ [32m'0.00'[39m, [32m'4.33'[39m, [32m'3.37'[39m, [32m'0.00'[39m ]
data rcv RT:[ [32m'0.00'[39m, [32m'4.33'[39m, [32m'3.39'[39m, [32m'0.02'[39m ]
data rcv RT:[ [32m'0.00'[39m, [32m'4.36'[39m, [32m'3.41'[39m, [32m'0.00'[39m ]
data rcv RT:[ [32m'0.00'[39m, [32m'4.37'[39m, [32m'3.38'[39m, [32m'0.03'[39m ]
data rcv RT:[ [32m'0.00'[39m, [32m'4.39'[39m, [32m'3.37'[39m, [32m'0.03'[39m ]
data rcv RT:[ [32m'0.00'[39m, [32m'4.37'[39m, [32m'3.41'[39m, [32m'0.01'[39m ]
data rcv RT:[ [32m'0.00'[39m, [32m'4.36'[39m, [32m'3.42'[39m, [32m'0.00'[39m ]
data rcv RT:[ [32m'0.00'[39m, [32m'4.37'[39m, [32m'3.42'[39m, [32m'0.00'[39m ]
data rcv RT:[ [32m'0.00'[39m, [32m'4.31'[39m, [32m'3.44'[39m, [32m'0.00'[39m ]
data rcv RT:[ [32m'0.00'[39m, [32m'4.31'[39m, [32m'3.43'[39m, [32m'0.00'[39m ]
data rcv RT:[ [32m'0.00'[39m, [32m'4.30'[39m, [32m'3.46'[39m, [32m'0.00'[39m ]
data rcv RT:[ [32m'0.00'[39m, [32m'4.27'[39m, [32m'3.42'[39m, [32m'0.00'[39m ]
data rcv RT:[ [32m'0.00'[39m, [32m'4.28'[39m, [32m'3.40'[39m, [32m'0.00'[39m ]
data rcv RT:[ [32m'0.00'[39m, [32m'4.27'[39m, [32m'3.40'[39m, [32m'0.00'[39m ]
data rcv RT:[ [32m'0.00'[39m, [32m'4.27'[39m, [32m'3.38'[39m, [32m'0.00'[39m ]
data rcv RT:[ [32m'0.00'[39m, [32m'4.30'[39m, [32m'3.39'[39m, [32m'0.01'[39m ]
data rcv RT:[ [32m'0.00'[39m, [32m'4.31'[39m, [32m'3.38'[39m, [32m'0.00'[39m ]
data rcv RT:[ [32m'0.00'[39m, [32m'4.34'[39m, [32m'3.40'[39m, [32m'0.00'[39m ]
data rcv RT:[ [32m'0.00'[39m, [32m'4.34'[39m, [32m'3.38'[39m, [32m'0.02'[39m ]
data rcv RT:[ [32m'0.00'[39m, [32m'4.39'[39m, [32m'3.38'[39m, [32m'0.05'[39m ]
data rcv RT:[ [32m'0.00'[39m, [32m'4.36'[39m, [32m'3.37'[39m, [32m'0.02'[39m ]
data rcv RT:[ [32m'0.00'[39m, [32m'4.35'[39m, [32m'3.42'[39m, [32m'0.00'[39m ]
data rcv RT:[ [32m'0.00'[39m, [32m'4.32'[39m, [32m'3.42'[39m, [32m'0.00'[39m ]
data rcv RT:[ [32m'0.00'[39m, [32m'4.31'[39m, [32m'3.43'[39m, [32m'0.00'[39m ]
data rcv RT:[ [32m'0.00'[39m, [32m'4.26'[39m, [32m'3.44'[39m, [32m'0.00'[39m ]
data rcv RT:[ [32m'0.00'[39m, [32m'4.27'[39m, [32m'3.40'[39m, [32m'0.00'[39m ]
data rcv RT:[ [32m'0.00'[39m, [32m'4.27'[39m, [32m'3.38'[39m, [32m'0.00'[39m ]
data rcv RT:[ [32m'0.00'[39m, [32m'4.28'[39m, [32m'3.37'[39m, [32m'0.00'[39m ]
data rcv RT:[ [32m'0.00'[39m, [32m'4.30'[39m, [32m'3.37'[39m, [32m'0.00'[39m ]
data rcv RT:[ [32m'0.00'[39m, [32m'4.35'[39m, [32m'3.38'[39m, [32m'0.02'[39m ]
data rcv RT:[ [32m'0.00'[39m, [32m'4.37'[39m, [32m'3.37'[39m, [32m'0.04'[39m ]
data rcv RT:[ [32m'0.00'[39m, [32m'4.35'[39m, [32m'3.39'[39m, [32m'0.00'[39m ]
data rcv RT:[ [32m'0.00'[39m, [32m'4.35'[39m, [32m'3.44'[39m, [32m'0.00'[39m ]
data rcv RT:[ [32m'0.00'[39m, [32m'4.35'[39m, [32m'3.44'[39m, [32m'0.00'[39m ]
data rcv RT:[ [32m'0.00'[39m, [32m'4.27'[39m, [32m'3.44'[39m, [32m'0.00'[39m ]
data rcv RT:[ [32m'0.00'[39m, [32m'4.28'[39m, [32m'3.42'[39m, [32m'0.00'[39m ]
data rcv RT:[ [32m'0.00'[39m, [32m'4.28'[39m, [32m'3.39'[39m, [32m'0.00'[39m ]
data rcv RT:[ [32m'0.00'[39m, [32m'4.27'[39m, [32m'3.37'[39m, [32m'0.00'[39m ]
data rcv RT:[ [32m'0.00'[39m, [32m'4.27'[39m, [32m'3.40'[39m, [32m'0.00'[39m ]
data rcv RT:[ [32m'0.00'[39m, [32m'4.31'[39m, [32m'3.38'[39m, [32m'0.00'[39m ]
data rcv RT:[ [32m'0.00'[39m, [32m'4.28'[39m, [32m'3.38'[39m, [32m'0.00'[39m ]
data rcv RT:[ [32m'0.00'[39m, [32m'4.34'[39m, [32m'3.38'[39m, [32m'0.01'[39m ]
data rcv RT:[ [32m'0.00'[39m, [32m'4.34'[39m, [32m'3.40'[39m, [32m'0.01'[39m ]
data rcv RT:[ [32m'0.00'[39m, [32m'4.34'[39m, [32m'3.39'[39m, [32m'0.02'[39m ]
data rcv RT:[ [32m'0.00'[39m, [32m'4.37'[39m, [32m'3.40'[39m, [32m'0.00'[39m ]
data rcv RT:[ [32m'0.00'[39m, [32m'4.33'[39m, [32m'3.44'[39m, [32m'0.00'[39m ]
data rcv RT:[ [32m'0.00'[39m, [32m'4.31'[39m, [32m'3.43'[39m, [32m'0.00'[39m ]
data rcv RT:[ [32m'0.00'[39m, [32m'4.33'[39m, [32m'3.42'[39m, [32m'0.00'[39m ]
data rcv RT:[ [32m'0.00'[39m, [32m'4.29'[39m, [32m'3.44'[39m, [32m'0.00'[39m ]
data rcv RT:[ [32m'0.00'[39m, [32m'4.27'[39m, [32m'3.41'[39m, [32m'0.00'[39m ]
data rcv RT:[ [32m'0.00'[39m, [32m'4.27'[39m, [32m'3.39'[39m, [32m'0.00'[39m ]
data rcv RT:[ [32m'0.00'[39m, [32m'4.28'[39m, [32m'3.38'[39m, [32m'0.00'[39m ]
data rcv RT:[ [32m'0.00'[39m, [32m'4.31'[39m, [32m'3.37'[39m, [32m'0.00'[39m ]
data rcv RT:[ [32m'0.00'[39m, [32m'4.31'[39m, [32m'3.36'[39m, [32m'0.02'[39m ]
data rcv RT:[ [32m'0.00'[39m, [32m'4.35'[39m, [32m'3.38'[39m, [32m'0.02'[39m ]
data rcv RT:[ [32m'0.00'[39m, [32m'4.36'[39m, [32m'3.39'[39m, [32m'0.02'[39m ]
data rcv RT:[ [32m'0.00'[39m, [32m'4.37'[39m, [32m'3.40'[39m, [32m'0.02'[39m ]
data rcv RT:[ [32m'0.00'[39m, [32m'4.37'[39m, [32m'3.41'[39m, [32m'0.00'[39m ]
data rcv RT:[ [32m'0.00'[39m, [32m'4.34'[39m, [32m'3.42'[39m, [32m'0.00'[39m ]
data rcv RT:[ [32m'0.00'[39m, [32m'4.34'[39m, [32m'3.43'[39m, [32m'0.00'[39m ]
data rcv RT:[ [32m'0.00'[39m, [32m'4.32'[39m, [32m'3.44'[39m, [32m'0.00'[39m ]
data rcv RT:[ [32m'0.00'[39m, [32m'4.33'[39m, [32m'3.43'[39m, [32m'0.00'[39m ]
data rcv RT:[ [32m'0.00'[39m, [32m'4.32'[39m, [32m'3.42'[39m, [32m'0.00'[39m ]
data rcv RT:[ [32m'0.00'[39m, [32m'4.29'[39m, [32m'3.42'[39m, [32m'0.00'[39m ]
data rcv RT:[ [32m'0.00'[39m, [32m'4.31'[39m, [32m'3.43'[39m, [32m'0.00'[39m ]
data rcv RT:[ [32m'0.00'[39m, [32m'4.30'[39m, [32m'3.41'[39m, [32m'0.00'[39m ]
data rcv RT:[ [32m'0.00'[39m, [32m'4.28'[39m, [32m'3.40'[39m, [32m'0.00'[39m ]
data rcv RT:[ [32m'0.00'[39m, [32m'4.27'[39m, [32m'3.42'[39m, [32m'0.00'[39m ]
data rcv RT:[ [32m'0.00'[39m, [32m'4.26'[39m, [32m'3.40'[39m, [32m'0.00'[39m ]
data rcv RT:[ [32m'0.00'[39m, [32m'4.27'[39m, [32m'3.35'[39m, [32m'0.00'[39m ]
data rcv RT:[ [32m'0.00'[39m, [32m'4.27'[39m, [32m'3.38'[39m, [32m'0.00'[39m ]
data rcv RT:[ [32m'0.00'[39m, [32m'4.29'[39m, [32m'3.39'[39m, [32m'0.00'[39m ]
data rcv RT:[ [32m'0.00'[39m, [32m'4.28'[39m, [32m'3.37'[39m, [32m'0.00'[39m ]
data rcv RT:[ [32m'0.00'[39m, [32m'4.32'[39m, [32m'3.39'[39m, [32m'0.00'[39m ]
data rcv RT:[ [32m'0.00'[39m, [32m'4.33'[39m, [32m'3.38'[39m, [32m'0.00'[39m ]
data rcv RT:[ [32m'0.00'[39m, [32m'4.34'[39m, [32m'3.37'[39m, [32m'0.02'[39m ]
data rcv RT:[ [32m'0.00'[39m, [32m'4.35'[39m, [32m'3.39'[39m, [32m'0.04'[39m ]
data rcv RT:[ [32m'0.00'[39m, [32m'4.33'[39m, [32m'3.37'[39m, [32m'0.01'[39m ]
data rcv RT:[ [32m'0.00'[39m, [32m'4.39'[39m, [32m'3.38'[39m, [32m'0.05'[39m ]
data rcv RT:[ [32m'0.00'[39m, [32m'4.36'[39m, [32m'3.41'[39m, [32m'0.00'[39m ]
data rcv RT:[ [32m'0.00'[39m, [32m'4.34'[39m, [32m'3.40'[39m, [32m'0.00'[39m ]
data rcv RT:[ [32m'0.00'[39m, [32m'4.32'[39m, [32m'3.42'[39m, [32m'0.00'[39m ]
data rcv RT:[ [32m'0.00'[39m, [32m'4.34'[39m, [32m'3.41'[39m, [32m'0.00'[39m ]
data rcv RT:[ [32m'0.00'[39m, [32m'4.31'[39m, [32m'3.44'[39m, [32m'0.00'[39m ]
data rcv RT:[ [32m'0.00'[39m, [32m'4.31'[39m, [32m'3.44'[39m, [32m'0.00'[39m ]
data rcv RT:[ [32m'0.00'[39m, [32m'4.28'[39m, [32m'3.40'[39m, [32m'0.00'[39m ]
data rcv RT:[ [32m'0.00'[39m, [32m'4.27'[39m, [32m'3.45'[39m, [32m'0.00'[39m ]
data rcv RT:[ [32m'0.00'[39m, [32m'4.27'[39m, [32m'3.39'[39m, [32m'0.00'[39m ]
data rcv RT:[ [32m'0.00'[39m, [32m'4.28'[39m, [32m'3.39'[39m, [32m'0.00'[39m ]
data rcv RT:[ [32m'0.00'[39m, [32m'4.32'[39m, [32m'3.37'[39m, [32m'0.01'[39m ]
data rcv RT:[ [32m'0.00'[39m, [32m'4.31'[39m, [32m'3.39'[39m, [32m'0.01'[39m ]
data rcv RT:[ [32m'0.00'[39m, [32m'4.34'[39m, [32m'3.38'[39m, [32m'0.01'[39m ]
data rcv RT:[ [32m'0.00'[39m, [32m'4.34'[39m, [32m'3.41'[39m, [32m'0.01'[39m ]
data rcv RT:[ [32m'0.00'[39m, [32m'4.33'[39m, [32m'3.38'[39m, [32m'0.01'[39m ]
data rcv RT:[ [32m'0.00'[39m, [32m'4.38'[39m, [32m'3.39'[39m, [32m'0.00'[39m ]
data rcv RT:[ [32m'0.00'[39m, [32m'4.36'[39m, [32m'3.42'[39m, [32m'0.00'[39m ]
data rcv RT:[ [32m'0.00'[39m, [32m'4.34'[39m, [32m'3.41'[39m, [32m'0.00'[39m ]
data rcv RT:[ [32m'0.00'[39m, [32m'4.34'[39m, [32m'3.42'[39m, [32m'0.00'[39m ]
data rcv RT:[ [32m'0.00'[39m, [32m'4.32'[39m, [32m'3.42'[39m, [32m'0.00'[39m ]
data rcv RT:[ [32m'0.00'[39m, [32m'4.31'[39m, [32m'3.42'[39m, [32m'0.00'[39m ]
data rcv RT:[ [32m'0.00'[39m, [32m'4.30'[39m, [32m'3.43'[39m, [32m'0.00'[39m ]
data rcv RT:[ [32m'0.00'[39m, [32m'4.30'[39m, [32m'3.43'[39m, [32m'0.00'[39m ]
data rcv RT:[ [32m'0.00'[39m, [32m'4.26'[39m, [32m'3.38'[39m, [32m'0.00'[39m ]
data rcv RT:[ [32m'0.00'[39m, [32m'4.27'[39m, [32m'3.37'[39m, [32m'0.00'[39m ]
data rcv RT:[ [32m'0.00'[39m, [32m'4.30'[39m, [32m'3.39'[39m, [32m'0.00'[39m ]
data rcv RT:[ [32m'0.00'[39m, [32m'4.35'[39m, [32m'3.39'[39m, [32m'0.02'[39m ]
data rcv RT:[ [32m'0.00'[39m, [32m'4.33'[39m, [32m'3.34'[39m, [32m'0.05'[39m ]
data rcv RT:[ [32m'0.00'[39m, [32m'4.36'[39m, [32m'3.40'[39m, [32m'0.00'[39m ]
data rcv RT:[ [32m'0.00'[39m, [32m'4.38'[39m, [32m'3.40'[39m, [32m'0.00'[39m ]
data rcv RT:[ [32m'0.00'[39m, [32m'4.33'[39m, [32m'3.44'[39m, [32m'0.00'[39m ]
data rcv RT:[ [32m'0.00'[39m, [32m'4.31'[39m, [32m'3.43'[39m, [32m'0.00'[39m ]
data rcv RT:[ [32m'0.00'[39m, [32m'4.30'[39m, [32m'3.42'[39m, [32m'0.00'[39m ]
data rcv RT:[ [32m'0.00'[39m, [32m'4.29'[39m, [32m'3.41'[39m, [32m'0.00'[39m ]
data rcv RT:[ [32m'0.00'[39m, [32m'4.33'[39m, [32m'3.46'[39m, [32m'0.00'[39m ]
data rcv RT:[ [32m'0.00'[39m, [32m'4.30'[39m, [32m'3.41'[39m, [32m'0.00'[39m ]
data rcv RT:[ [32m'0.00'[39m, [32m'4.25'[39m, [32m'3.42'[39m, [32m'0.00'[39m ]
data rcv RT:[ [32m'0.00'[39m, [32m'4.26'[39m, [32m'3.37'[39m, [32m'0.00'[39m ]
data rcv RT:[ [32m'0.00'[39m, [32m'4.26'[39m, [32m'3.41'[39m, [32m'0.00'[39m ]
data rcv RT:[ [32m'0.00'[39m, [32m'4.34'[39m, [32m'3.38'[39m, [32m'0.01'[39m ]
data rcv RT:[ [32m'0.00'[39m, [32m'4.33'[39m, [32m'3.38'[39m, [32m'0.00'[39m ]
data rcv RT:[ [32m'0.00'[39m, [32m'4.34'[39m, [32m'3.39'[39m, [32m'0.01'[39m ]
data rcv RT:[ [32m'0.00'[39m, [32m'4.37'[39m, [32m'3.42'[39m, [32m'0.00'[39m ]
data rcv RT:[ [32m'0.00'[39m, [32m'4.36'[39m, [32m'3.44'[39m, [32m'0.00'[39m ]
data rcv RT:[ [32m'0.00'[39m, [32m'4.36'[39m, [32m'3.43'[39m, [32m'0.00'[39m ]
data rcv RT:[ [32m'0.00'[39m, [32m'4.31'[39m, [32m'3.43'[39m, [32m'0.00'[39m ]
data rcv RT:[ [32m'0.00'[39m, [32m'4.29'[39m, [32m'3.42'[39m, [32m'0.00'[39m ]
data rcv RT:[ [32m'0.00'[39m, [32m'4.31'[39m, [32m'3.45'[39m, [32m'0.00'[39m ]
data rcv RT:[ [32m'0.00'[39m, [32m'4.29'[39m, [32m'3.43'[39m, [32m'0.00'[39m ]
data rcv RT:[ [32m'0.00'[39m, [32m'4.26'[39m, [32m'3.36'[39m, [32m'0.00'[39m ]
data rcv RT:[ [32m'0.00'[39m, [32m'4.27'[39m, [32m'3.39'[39m, [32m'0.00'[39m ]
data rcv RT:[ [32m'0.00'[39m, [32m'4.28'[39m, [32m'3.40'[39m, [32m'0.00'[39m ]
data rcv RT:[ [32m'0.00'[39m, [32m'4.30'[39m, [32m'3.37'[39m, [32m'0.00'[39m ]
data rcv RT:[ [32m'0.00'[39m, [32m'4.31'[39m, [32m'3.37'[39m, [32m'0.02'[39m ]
data rcv RT:[ [32m'0.00'[39m, [32m'4.33'[39m, [32m'3.36'[39m, [32m'0.02'[39m ]
data rcv RT:[ [32m'0.00'[39m, [32m'4.39'[39m, [32m'3.40'[39m, [32m'0.01'[39m ]
data rcv RT:[ [32m'0.00'[39m, [32m'4.34'[39m, [32m'3.43'[39m, [32m'0.00'[39m ]
data rcv RT:[ [32m'0.00'[39m, [32m'4.31'[39m, [32m'3.43'[39m, [32m'0.00'[39m ]
data rcv RT:[ [32m'0.00'[39m, [32m'4.31'[39m, [32m'3.43'[39m, [32m'0.00'[39m ]
data rcv RT:[ [32m'0.00'[39m, [32m'4.31'[39m, [32m'3.42'[39m, [32m'0.00'[39m ]
data rcv RT:[ [32m'0.00'[39m, [32m'4.26'[39m, [32m'3.42'[39m, [32m'0.00'[39m ]
data rcv RT:[ [32m'0.00'[39m, [32m'4.27'[39m, [32m'3.37'[39m, [32m'0.00'[39m ]
data rcv RT:[ [32m'0.00'[39m, [32m'4.27'[39m, [32m'3.38'[39m, [32m'0.00'[39m ]
data rcv RT:[ [32m'0.00'[39m, [32m'4.30'[39m, [32m'3.36'[39m, [32m'0.00'[39m ]
data rcv RT:[ [32m'0.00'[39m, [32m'4.36'[39m, [32m'3.37'[39m, [32m'0.01'[39m ]
data rcv RT:[ [32m'0.00'[39m, [32m'4.34'[39m, [32m'3.41'[39m, [32m'0.01'[39m ]
data rcv RT:[ [32m'0.00'[39m, [32m'4.36'[39m, [32m'3.39'[39m, [32m'0.03'[39m ]
data rcv RT:[ [32m'0.00'[39m, [32m'4.39'[39m, [32m'3.41'[39m, [32m'0.02'[39m ]
data rcv RT:[ [32m'0.00'[39m, [32m'4.35'[39m, [32m'3.42'[39m, [32m'0.00'[39m ]
data rcv RT:[ [32m'0.00'[39m, [32m'4.30'[39m, [32m'3.43'[39m, [32m'0.00'[39m ]
data rcv RT:[ [32m'0.00'[39m, [32m'4.31'[39m, [32m'3.44'[39m, [32m'0.00'[39m ]
data rcv RT:[ [32m'0.00'[39m, [32m'4.32'[39m, [32m'3.43'[39m, [32m'0.00'[39m ]
data rcv RT:[ [32m'0.00'[39m, [32m'4.25'[39m, [32m'3.42'[39m, [32m'0.00'[39m ]
data rcv RT:[ [32m'0.00'[39m, [32m'4.27'[39m, [32m'3.38'[39m, [32m'0.00'[39m ]
data rcv RT:[ [32m'0.00'[39m, [32m'4.29'[39m, [32m'3.36'[39m, [32m'0.00'[39m ]
data rcv RT:[ [32m'0.00'[39m, [32m'4.30'[39m, [32m'3.39'[39m, [32m'0.00'[39m ]
data rcv RT:[ [32m'0.00'[39m, [32m'4.36'[39m, [32m'3.38'[39m, [32m'0.02'[39m ]
data rcv RT:[ [32m'0.00'[39m, [32m'4.36'[39m, [32m'3.39'[39m, [32m'0.02'[39m ]
data rcv RT:[ [32m'0.00'[39m, [32m'4.38'[39m, [32m'3.42'[39m, [32m'0.00'[39m ]
data rcv RT:[ [32m'0.00'[39m, [32m'4.35'[39m, [32m'3.40'[39m, [32m'0.00'[39m ]
data rcv RT:[ [32m'0.00'[39m, [32m'4.34'[39m, [32m'3.42'[39m, [32m'0.00'[39m ]
data rcv RT:[ [32m'0.00'[39m, [32m'4.31'[39m, [32m'3.41'[39m, [32m'0.00'[39m ]
data rcv RT:[ [32m'0.00'[39m, [32m'4.30'[39m, [32m'3.41'[39m, [32m'0.00'[39m ]
data rcv RT:[ [32m'0.00'[39m, [32m'4.27'[39m, [32m'3.41'[39m, [32m'0.00'[39m ]
data rcv RT:[ [32m'0.00'[39m, [32m'4.26'[39m, [32m'3.41'[39m, [32m'0.00'[39m ]
data rcv RT:[ [32m'0.00'[39m, [32m'4.24'[39m, [32m'3.40'[39m, [32m'0.00'[39m ]
data rcv RT:[ [32m'0.00'[39m, [32m'4.27'[39m, [32m'3.39'[39m, [32m'0.00'[39m ]
data rcv RT:[ [32m'0.00'[39m, [32m'4.29'[39m, [32m'3.37'[39m, [32m'0.00'[39m ]
data rcv RT:[ [32m'0.00'[39m, [32m'4.32'[39m, [32m'3.39'[39m, [32m'0.01'[39m ]
data rcv RT:[ [32m'0.00'[39m, [32m'4.37'[39m, [32m'3.37'[39m, [32m'0.04'[39m ]
data rcv RT:[ [32m'0.00'[39m, [32m'4.37'[39m, [32m'3.42'[39m, [32m'0.02'[39m ]
data rcv RT:[ [32m'0.00'[39m, [32m'4.36'[39m, [32m'3.40'[39m, [32m'0.01'[39m ]
data rcv RT:[ [32m'0.00'[39m, [32m'4.35'[39m, [32m'3.41'[39m, [32m'0.00'[39m ]
data rcv RT:[ [32m'0.00'[39m, [32m'4.32'[39m, [32m'3.44'[39m, [32m'0.00'[39m ]
data rcv RT:[ [32m'0.00'[39m, [32m'4.32'[39m, [32m'3.46'[39m, [32m'0.00'[39m ]
data rcv RT:[ [32m'0.00'[39m, [32m'4.30'[39m, [32m'3.43'[39m, [32m'0.00'[39m ]
data rcv RT:[ [32m'0.00'[39m, [32m'4.28'[39m, [32m'3.38'[39m, [32m'0.00'[39m ]
data rcv RT:[ [32m'0.00'[39m, [32m'4.26'[39m, [32m'3.36'[39m, [32m'0.00'[39m ]
data rcv RT:[ [32m'0.00'[39m, [32m'4.27'[39m, [32m'3.38'[39m, [32m'0.00'[39m ]
data rcv RT:[ [32m'0.00'[39m, [32m'4.28'[39m, [32m'3.38'[39m, [32m'0.00'[39m ]
data rcv RT:[ [32m'0.00'[39m, [32m'4.30'[39m, [32m'3.37'[39m, [32m'0.00'[39m ]
data rcv RT:[ [32m'0.00'[39m, [32m'4.30'[39m, [32m'3.37'[39m, [32m'0.02'[39m ]
data rcv RT:[ [32m'0.00'[39m, [32m'4.32'[39m, [32m'3.37'[39m, [32m'0.03'[39m ]
data rcv RT:[ [32m'0.00'[39m, [32m'4.38'[39m, [32m'3.38'[39m, [32m'0.05'[39m ]
data rcv RT:[ [32m'0.00'[39m, [32m'4.38'[39m, [32m'3.39'[39m, [32m'0.03'[39m ]
data rcv RT:[ [32m'0.00'[39m, [32m'4.36'[39m, [32m'3.39'[39m, [32m'0.00'[39m ]
data rcv RT:[ [32m'0.00'[39m, [32m'4.37'[39m, [32m'3.41'[39m, [32m'0.00'[39m ]
data rcv RT:[ [32m'0.00'[39m, [32m'4.35'[39m, [32m'3.42'[39m, [32m'0.00'[39m ]
data rcv RT:[ [32m'0.00'[39m, [32m'4.36'[39m, [32m'3.40'[39m, [32m'0.00'[39m ]
data rcv RT:[ [32m'0.00'[39m, [32m'4.34'[39m, [32m'3.42'[39m, [32m'0.00'[39m ]
data rcv RT:[ [32m'0.00'[39m, [32m'4.31'[39m, [32m'3.44'[39m, [32m'0.00'[39m ]
data rcv RT:[ [32m'0.00'[39m, [32m'4.33'[39m, [32m'3.42'[39m, [32m'0.00'[39m ]
data rcv RT:[ [32m'0.00'[39m, [32m'4.30'[39m, [32m'3.44'[39m, [32m'0.00'[39m ]
data rcv RT:[ [32m'0.00'[39m, [32m'4.28'[39m, [32m'3.43'[39m, [32m'0.00'[39m ]
data rcv RT:[ [32m'0.00'[39m, [32m'4.27'[39m, [32m'3.41'[39m, [32m'0.00'[39m ]
data rcv RT:[ [32m'0.00'[39m, [32m'4.27'[39m, [32m'3.42'[39m, [32m'0.00'[39m ]
data rcv RT:[ [32m'0.00'[39m, [32m'4.26'[39m, [32m'3.37'[39m, [32m'0.00'[39m ]
data rcv RT:[ [32m'0.00'[39m, [32m'4.26'[39m, [32m'3.40'[39m, [32m'0.00'[39m ]
data rcv RT:[ [32m'0.00'[39m, [32m'4.28'[39m, [32m'3.38'[39m, [32m'0.00'[39m ]
data rcv RT:[ [32m'0.00'[39m, [32m'4.28'[39m, [32m'3.38'[39m, [32m'0.00'[39m ]
data rcv RT:[ [32m'0.00'[39m, [32m'4.29'[39m, [32m'3.39'[39m, [32m'0.00'[39m ]
data rcv RT:[ [32m'0.00'[39m, [32m'4.29'[39m, [32m'3.38'[39m, [32m'0.00'[39m ]
data rcv RT:[ [32m'0.00'[39m, [32m'4.30'[39m, [32m'3.37'[39m, [32m'0.00'[39m ]
data rcv RT:[ [32m'0.00'[39m, [32m'4.33'[39m, [32m'3.38'[39m, [32m'0.02'[39m ]
data rcv RT:[ [32m'0.00'[39m, [32m'4.34'[39m, [32m'3.35'[39m, [32m'0.00'[39m ]
data rcv RT:[ [32m'0.00'[39m, [32m'4.36'[39m, [32m'3.37'[39m, [32m'0.03'[39m ]
data rcv RT:[ [32m'0.00'[39m, [32m'4.37'[39m, [32m'3.41'[39m, [32m'0.00'[39m ]
data rcv RT:[ [32m'0.00'[39m, [32m'4.36'[39m, [32m'3.44'[39m, [32m'0.00'[39m ]
data rcv RT:[ [32m'0.00'[39m, [32m'4.37'[39m, [32m'3.40'[39m, [32m'0.01'[39m ]
data rcv RT:[ [32m'0.00'[39m, [32m'4.37'[39m, [32m'3.42'[39m, [32m'0.00'[39m ]
data rcv RT:[ [32m'0.00'[39m, [32m'4.31'[39m, [32m'3.44'[39m, [32m'0.00'[39m ]
data rcv RT:[ [32m'0.00'[39m, [32m'4.29'[39m, [32m'3.43'[39m, [32m'0.00'[39m ]
data rcv RT:[ [32m'0.00'[39m, [32m'4.29'[39m, [32m'3.43'[39m, [32m'0.00'[39m ]
data rcv RT:[ [32m'0.00'[39m, [32m'4.29'[39m, [32m'3.45'[39m, [32m'0.00'[39m ]
data rcv RT:[ [32m'0.00'[39m, [32m'4.25'[39m, [32m'3.42'[39m, [32m'0.00'[39m ]
data rcv RT:[ [32m'0.00'[39m, [32m'4.27'[39m, [32m'3.35'[39m, [32m'0.00'[39m ]
data rcv RT:[ [32m'0.00'[39m, [32m'4.26'[39m, [32m'3.38'[39m, [32m'0.00'[39m ]
data rcv RT:[ [32m'0.00'[39m, [32m'4.29'[39m, [32m'3.38'[39m, [32m'0.00'[39m ]
data rcv RT:[ [32m'0.00'[39m, [32m'4.31'[39m, [32m'3.39'[39m, [32m'0.00'[39m ]
data rcv RT:[ [32m'0.00'[39m, [32m'4.31'[39m, [32m'3.38'[39m, [32m'0.02'[39m ]
data rcv RT:[ [32m'0.00'[39m, [32m'4.33'[39m, [32m'3.38'[39m, [32m'0.00'[39m ]
data rcv RT:[ [32m'0.00'[39m, [32m'4.33'[39m, [32m'3.35'[39m, [32m'0.05'[39m ]
data rcv RT:[ [32m'0.00'[39m, [32m'4.36'[39m, [32m'3.40'[39m, [32m'0.01'[39m ]
data rcv RT:[ [32m'0.00'[39m, [32m'4.37'[39m, [32m'3.40'[39m, [32m'0.03'[39m ]
data rcv RT:[ [32m'0.00'[39m, [32m'4.35'[39m, [32m'3.43'[39m, [32m'0.00'[39m ]
data rcv RT:[ [32m'0.00'[39m, [32m'4.35'[39m, [32m'3.40'[39m, [32m'0.00'[39m ]
data rcv RT:[ [32m'0.00'[39m, [32m'4.32'[39m, [32m'3.43'[39m, [32m'0.00'[39m ]
data rcv RT:[ [32m'0.00'[39m, [32m'4.35'[39m, [32m'3.42'[39m, [32m'0.00'[39m ]
data rcv RT:[ [32m'0.00'[39m, [32m'4.33'[39m, [32m'3.42'[39m, [32m'0.00'[39m ]
data rcv RT:[ [32m'0.00'[39m, [32m'4.32'[39m, [32m'3.41'[39m, [32m'0.00'[39m ]
data rcv RT:[ [32m'0.00'[39m, [32m'4.31'[39m, [32m'3.44'[39m, [32m'0.00'[39m ]
data rcv RT:[ [32m'0.00'[39m, [32m'4.25'[39m, [32m'3.41'[39m, [32m'0.00'[39m ]
data rcv RT:[ [32m'0.00'[39m, [32m'4.27'[39m, [32m'3.38'[39m, [32m'0.00'[39m ]
data rcv RT:[ [32m'0.00'[39m, [32m'4.28'[39m, [32m'3.37'[39m, [32m'0.00'[39m ]
data rcv RT:[ [32m'0.00'[39m, [32m'4.32'[39m, [32m'3.37'[39m, [32m'0.01'[39m ]
data rcv RT:[ [32m'0.00'[39m, [32m'4.34'[39m, [32m'3.40'[39m, [32m'0.01'[39m ]
data rcv RT:[ [32m'0.00'[39m, [32m'4.33'[39m, [32m'3.35'[39m, [32m'0.04'[39m ]
data rcv RT:[ [32m'0.00'[39m, [32m'4.38'[39m, [32m'3.42'[39m, [32m'0.03'[39m ]
data rcv RT:[ [32m'0.00'[39m, [32m'4.37'[39m, [32m'3.37'[39m, [32m'0.01'[39m ]
data rcv RT:[ [32m'0.00'[39m, [32m'4.35'[39m, [32m'3.39'[39m, [32m'0.00'[39m ]
data rcv RT:[ [32m'0.00'[39m, [32m'4.34'[39m, [32m'3.43'[39m, [32m'0.00'[39m ]
data rcv RT:[ [32m'0.00'[39m, [32m'4.32'[39m, [32m'3.43'[39m, [32m'0.00'[39m ]
data rcv RT:[ [32m'0.00'[39m, [32m'4.30'[39m, [32m'3.43'[39m, [32m'0.00'[39m ]
data rcv RT:[ [32m'0.00'[39m, [32m'4.29'[39m, [32m'3.45'[39m, [32m'0.00'[39m ]
data rcv RT:[ [32m'0.00'[39m, [32m'4.25'[39m, [32m'3.41'[39m, [32m'0.00'[39m ]
data rcv RT:[ [32m'0.00'[39m, [32m'4.26'[39m, [32m'3.40'[39m, [32m'0.00'[39m ]
data rcv RT:[ [32m'0.00'[39m, [32m'4.23'[39m, [32m'3.40'[39m, [32m'0.00'[39m ]
data rcv RT:[ [32m'0.00'[39m, [32m'4.28'[39m, [32m'3.38'[39m, [32m'0.00'[39m ]
data rcv RT:[ [32m'0.00'[39m, [32m'4.29'[39m, [32m'3.38'[39m, [32m'0.00'[39m ]
data rcv RT:[ [32m'0.00'[39m, [32m'4.30'[39m, [32m'3.39'[39m, [32m'0.00'[39m ]
data rcv RT:[ [32m'0.00'[39m, [32m'4.36'[39m, [32m'3.38'[39m, [32m'0.01'[39m ]
data rcv RT:[ [32m'0.00'[39m, [32m'4.35'[39m, [32m'3.40'[39m, [32m'0.01'[39m ]
data rcv RT:[ [32m'0.00'[39m, [32m'4.37'[39m, [32m'3.40'[39m, [32m'0.02'[39m ]
data rcv RT:[ [32m'0.00'[39m, [32m'4.37'[39m, [32m'3.42'[39m, [32m'0.00'[39m ]
data rcv RT:[ [32m'0.00'[39m, [32m'4.36'[39m, [32m'3.39'[39m, [32m'0.00'[39m ]
data rcv RT:[ [32m'0.00'[39m, [32m'4.32'[39m, [32m'3.42'[39m, [32m'0.00'[39m ]
data rcv RT:[ [32m'0.00'[39m, [32m'4.33'[39m, [32m'3.43'[39m, [32m'0.00'[39m ]
data rcv RT:[ [32m'0.00'[39m, [32m'4.31'[39m, [32m'3.43'[39m, [32m'0.00'[39m ]
data rcv RT:[ [32m'0.00'[39m, [32m'4.31'[39m, [32m'3.48'[39m, [32m'0.00'[39m ]
data rcv RT:[ [32m'0.00'[39m, [32m'4.29'[39m, [32m'3.41'[39m, [32m'0.00'[39m ]
data rcv RT:[ [32m'0.00'[39m, [32m'4.29'[39m, [32m'3.38'[39m, [32m'0.00'[39m ]
data rcv RT:[ [32m'0.00'[39m, [32m'4.28'[39m, [32m'3.39'[39m, [32m'0.00'[39m ]
data rcv RT:[ [32m'0.00'[39m, [32m'4.30'[39m, [32m'3.36'[39m, [32m'0.00'[39m ]
data rcv RT:[ [32m'0.00'[39m, [32m'4.32'[39m, [32m'3.37'[39m, [32m'0.02'[39m ]
data rcv RT:[ [32m'0.00'[39m, [32m'4.32'[39m, [32m'3.39'[39m, [32m'0.00'[39m ]
data rcv RT:[ [32m'0.00'[39m, [32m'4.36'[39m, [32m'3.38'[39m, [32m'0.03'[39m ]
data rcv RT:[ [32m'0.00'[39m, [32m'4.39'[39m, [32m'3.40'[39m, [32m'0.02'[39m ]
data rcv RT:[ [32m'0.00'[39m, [32m'4.37'[39m, [32m'3.38'[39m, [32m'0.03'[39m ]
data rcv RT:[ [32m'0.00'[39m, [32m'4.36'[39m, [32m'3.39'[39m, [32m'0.00'[39m ]
data rcv RT:[ [32m'0.00'[39m, [32m'4.35'[39m, [32m'3.43'[39m, [32m'0.00'[39m ]
data rcv RT:[ [32m'0.00'[39m, [32m'4.32'[39m, [32m'3.43'[39m, [32m'0.00'[39m ]
data rcv RT:[ [32m'0.00'[39m, [32m'4.32'[39m, [32m'3.41'[39m, [32m'0.00'[39m ]
data rcv RT:[ [32m'0.00'[39m, [32m'4.29'[39m, [32m'3.43'[39m, [32m'0.00'[39m ]
data rcv RT:[ [32m'0.00'[39m, [32m'4.28'[39m, [32m'3.43'[39m, [32m'0.00'[39m ]
data rcv RT:[ [32m'0.00'[39m, [32m'4.29'[39m, [32m'3.42'[39m, [32m'0.00'[39m ]
data rcv RT:[ [32m'0.00'[39m, [32m'4.26'[39m, [32m'3.40'[39m, [32m'0.00'[39m ]
data rcv RT:[ [32m'0.00'[39m, [32m'4.27'[39m, [32m'3.44'[39m, [32m'0.00'[39m ]
data rcv RT:[ [32m'0.00'[39m, [32m'4.27'[39m, [32m'3.41'[39m, [32m'0.00'[39m ]
data rcv RT:[ [32m'0.00'[39m, [32m'4.29'[39m, [32m'3.38'[39m, [32m'0.00'[39m ]
data rcv RT:[ [32m'0.00'[39m, [32m'4.30'[39m, [32m'3.37'[39m, [32m'0.00'[39m ]
data rcv RT:[ [32m'0.00'[39m, [32m'4.33'[39m, [32m'3.41'[39m, [32m'0.00'[39m ]
data rcv RT:[ [32m'0.00'[39m, [32m'4.29'[39m, [32m'3.39'[39m, [32m'0.01'[39m ]
data rcv RT:[ [32m'0.00'[39m, [32m'4.34'[39m, [32m'3.38'[39m, [32m'0.02'[39m ]
data rcv RT:[ [32m'0.00'[39m, [32m'4.34'[39m, [32m'3.36'[39m, [32m'0.02'[39m ]
data rcv RT:[ [32m'0.00'[39m, [32m'4.37'[39m, [32m'3.37'[39m, [32m'0.04'[39m ]
data rcv RT:[ [32m'0.00'[39m, [32m'4.38'[39m, [32m'3.37'[39m, [32m'0.04'[39m ]
data rcv RT:[ [32m'0.00'[39m, [32m'4.37'[39m, [32m'3.37'[39m, [32m'0.00'[39m ]
data rcv RT:[ [32m'0.00'[39m, [32m'4.37'[39m, [32m'3.43'[39m, [32m'0.00'[39m ]
data rcv RT:[ [32m'0.00'[39m, [32m'4.35'[39m, [32m'3.42'[39m, [32m'0.00'[39m ]
data rcv RT:[ [32m'0.00'[39m, [32m'4.33'[39m, [32m'3.42'[39m, [32m'0.00'[39m ]
data rcv RT:[ [32m'0.00'[39m, [32m'4.33'[39m, [32m'3.42'[39m, [32m'0.00'[39m ]
data rcv RT:[ [32m'0.00'[39m, [32m'4.32'[39m, [32m'3.42'[39m, [32m'0.00'[39m ]
data rcv RT:[ [32m'0.00'[39m, [32m'4.34'[39m, [32m'3.42'[39m, [32m'0.00'[39m ]
data rcv RT:[ [32m'0.00'[39m, [32m'4.32'[39m, [32m'3.44'[39m, [32m'0.00'[39m ]
data rcv RT:[ [32m'0.00'[39m, [32m'4.29'[39m, [32m'3.44'[39m, [32m'0.00'[39m ]
data rcv RT:[ [32m'0.00'[39m, [32m'4.27'[39m, [32m'3.45'[39m, [32m'0.00'[39m ]
data rcv RT:[ [32m'0.00'[39m, [32m'4.27'[39m, [32m'3.44'[39m, [32m'0.00'[39m ]
data rcv RT:[ [32m'0.00'[39m, [32m'4.25'[39m, [32m'3.38'[39m, [32m'0.00'[39m ]
data rcv RT:[ [32m'0.00'[39m, [32m'4.27'[39m, [32m'3.40'[39m, [32m'0.00'[39m ]
data rcv RT:[ [32m'0.00'[39m, [32m'4.28'[39m, [32m'3.39'[39m, [32m'0.00'[39m ]
data rcv RT:[ [32m'0.00'[39m, [32m'4.31'[39m, [32m'3.37'[39m, [32m'0.01'[39m ]
data rcv RT:[ [32m'0.00'[39m, [32m'4.30'[39m, [32m'3.36'[39m, [32m'0.01'[39m ]
data rcv RT:[ [32m'0.00'[39m, [32m'4.31'[39m, [32m'3.38'[39m, [32m'0.01'[39m ]
data rcv RT:[ [32m'0.00'[39m, [32m'4.32'[39m, [32m'3.39'[39m, [32m'0.02'[39m ]
data rcv RT:[ [32m'0.00'[39m, [32m'4.34'[39m, [32m'3.38'[39m, [32m'0.01'[39m ]
data rcv RT:[ [32m'0.00'[39m, [32m'4.36'[39m, [32m'3.41'[39m, [32m'0.00'[39m ]
data rcv RT:[ [32m'0.00'[39m, [32m'4.38'[39m, [32m'3.39'[39m, [32m'0.01'[39m ]
data rcv RT:[ [32m'0.00'[39m, [32m'4.37'[39m, [32m'3.44'[39m, [32m'0.00'[39m ]
data rcv RT:[ [32m'0.00'[39m, [32m'4.35'[39m, [32m'3.43'[39m, [32m'0.00'[39m ]
data rcv RT:[ [32m'0.00'[39m, [32m'4.33'[39m, [32m'3.44'[39m, [32m'0.00'[39m ]
data rcv RT:[ [32m'0.00'[39m, [32m'4.32'[39m, [32m'3.41'[39m, [32m'0.00'[39m ]
data rcv RT:[ [32m'0.00'[39m, [32m'4.31'[39m, [32m'3.46'[39m, [32m'0.00'[39m ]
data rcv RT:[ [32m'0.00'[39m, [32m'4.25'[39m, [32m'3.43'[39m, [32m'0.00'[39m ]
data rcv RT:[ [32m'0.00'[39m, [32m'4.28'[39m, [32m'3.41'[39m, [32m'0.00'[39m ]
data rcv RT:[ [32m'0.00'[39m, [32m'4.26'[39m, [32m'3.42'[39m, [32m'0.00'[39m ]
data rcv RT:[ [32m'0.00'[39m, [32m'4.27'[39m, [32m'3.38'[39m, [32m'0.00'[39m ]
data rcv RT:[ [32m'0.00'[39m, [32m'4.28'[39m, [32m'3.38'[39m, [32m'0.00'[39m ]
data rcv RT:[ [32m'0.00'[39m, [32m'4.31'[39m, [32m'3.37'[39m, [32m'0.00'[39m ]
data rcv RT:[ [32m'0.00'[39m, [32m'4.34'[39m, [32m'3.37'[39m, [32m'0.02'[39m ]
data rcv RT:[ [32m'0.00'[39m, [32m'4.37'[39m, [32m'3.38'[39m, [32m'0.03'[39m ]
data rcv RT:[ [32m'0.00'[39m, [32m'4.38'[39m, [32m'3.40'[39m, [32m'0.00'[39m ]
data rcv RT:[ [32m'0.00'[39m, [32m'4.36'[39m, [32m'3.38'[39m, [32m'0.02'[39m ]
data rcv RT:[ [32m'0.00'[39m, [32m'4.37'[39m, [32m'3.39'[39m, [32m'0.01'[39m ]
data rcv RT:[ [32m'0.00'[39m, [32m'4.35'[39m, [32m'3.43'[39m, [32m'0.00'[39m ]
data rcv RT:[ [32m'0.00'[39m, [32m'4.37'[39m, [32m'3.42'[39m, [32m'0.00'[39m ]
data rcv RT:[ [32m'0.00'[39m, [32m'4.31'[39m, [32m'3.44'[39m, [32m'0.00'[39m ]
data rcv RT:[ [32m'0.00'[39m, [32m'4.34'[39m, [32m'3.43'[39m, [32m'0.00'[39m ]
data rcv RT:[ [32m'0.00'[39m, [32m'4.32'[39m, [32m'3.43'[39m, [32m'0.00'[39m ]
data rcv RT:[ [32m'0.00'[39m, [32m'4.30'[39m, [32m'3.44'[39m, [32m'0.00'[39m ]
data rcv RT:[ [32m'0.00'[39m, [32m'4.31'[39m, [32m'3.41'[39m, [32m'0.00'[39m ]
data rcv RT:[ [32m'0.00'[39m, [32m'4.26'[39m, [32m'3.44'[39m, [32m'0.00'[39m ]
data rcv RT:[ [32m'0.00'[39m, [32m'4.28'[39m, [32m'3.40'[39m, [32m'0.00'[39m ]
data rcv RT:[ [32m'0.00'[39m, [32m'4.28'[39m, [32m'3.38'[39m, [32m'0.00'[39m ]
data rcv RT:[ [32m'0.00'[39m, [32m'4.27'[39m, [32m'3.40'[39m, [32m'0.00'[39m ]
data rcv RT:[ [32m'0.00'[39m, [32m'4.28'[39m, [32m'3.39'[39m, [32m'0.00'[39m ]
data rcv RT:[ [32m'0.00'[39m, [32m'4.32'[39m, [32m'3.37'[39m, [32m'0.01'[39m ]
data rcv RT:[ [32m'0.00'[39m, [32m'4.35'[39m, [32m'3.38'[39m, [32m'0.04'[39m ]
data rcv RT:[ [32m'0.00'[39m, [32m'4.37'[39m, [32m'3.37'[39m, [32m'0.03'[39m ]
data rcv RT:[ [32m'0.00'[39m, [32m'4.36'[39m, [32m'3.40'[39m, [32m'0.00'[39m ]
data rcv RT:[ [32m'0.00'[39m, [32m'4.39'[39m, [32m'3.41'[39m, [32m'0.03'[39m ]
data rcv RT:[ [32m'0.00'[39m, [32m'4.38'[39m, [32m'3.38'[39m, [32m'0.00'[39m ]
data rcv RT:[ [32m'0.00'[39m, [32m'4.37'[39m, [32m'3.41'[39m, [32m'0.00'[39m ]
data rcv RT:[ [32m'0.00'[39m, [32m'4.32'[39m, [32m'3.41'[39m, [32m'0.00'[39m ]
data rcv RT:[ [32m'0.00'[39m, [32m'4.29'[39m, [32m'3.44'[39m, [32m'0.00'[39m ]
data rcv RT:[ [32m'0.00'[39m, [32m'4.32'[39m, [32m'3.41'[39m, [32m'0.00'[39m ]
data rcv RT:[ [32m'0.00'[39m, [32m'4.26'[39m, [32m'3.41'[39m, [32m'0.00'[39m ]
data rcv RT:[ [32m'0.00'[39m, [32m'4.26'[39m, [32m'3.39'[39m, [32m'0.00'[39m ]
data rcv RT:[ [32m'0.00'[39m, [32m'4.27'[39m, [32m'3.45'[39m, [32m'0.00'[39m ]
data rcv RT:[ [32m'0.00'[39m, [32m'4.25'[39m, [32m'3.39'[39m, [32m'0.00'[39m ]
data rcv RT:[ [32m'0.00'[39m, [32m'4.28'[39m, [32m'3.40'[39m, [32m'0.00'[39m ]
data rcv RT:[ [32m'0.00'[39m, [32m'4.29'[39m, [32m'3.37'[39m, [32m'0.00'[39m ]
data rcv RT:[ [32m'0.00'[39m, [32m'4.31'[39m, [32m'3.38'[39m, [32m'0.02'[39m ]
data rcv RT:[ [32m'0.00'[39m, [32m'4.30'[39m, [32m'3.38'[39m, [32m'0.02'[39m ]
data rcv RT:[ [32m'0.00'[39m, [32m'4.33'[39m, [32m'3.38'[39m, [32m'0.03'[39m ]
data rcv RT:[ [32m'0.00'[39m, [32m'4.34'[39m, [32m'3.37'[39m, [32m'0.01'[39m ]
data rcv RT:[ [32m'0.00'[39m, [32m'4.34'[39m, [32m'3.37'[39m, [32m'0.03'[39m ]
data rcv RT:[ [32m'0.00'[39m, [32m'4.34'[39m, [32m'3.38'[39m, [32m'0.05'[39m ]
data rcv RT:[ [32m'0.00'[39m, [32m'4.39'[39m, [32m'3.41'[39m, [32m'0.00'[39m ]
data rcv RT:[ [32m'0.00'[39m, [32m'4.36'[39m, [32m'3.43'[39m, [32m'0.00'[39m ]
data rcv RT:[ [32m'0.00'[39m, [32m'4.33'[39m, [32m'3.43'[39m, [32m'0.00'[39m ]
data rcv RT:[ [32m'0.00'[39m, [32m'4.32'[39m, [32m'3.43'[39m, [32m'0.00'[39m ]
data rcv RT:[ [32m'0.00'[39m, [32m'4.31'[39m, [32m'3.43'[39m, [32m'0.00'[39m ]
data rcv RT:[ [32m'0.00'[39m, [32m'4.29'[39m, [32m'3.44'[39m, [32m'0.00'[39m ]
data rcv RT:[ [32m'0.00'[39m, [32m'4.29'[39m, [32m'3.41'[39m, [32m'0.00'[39m ]
data rcv RT:[ [32m'0.00'[39m, [32m'4.27'[39m, [32m'3.37'[39m, [32m'0.00'[39m ]
data rcv RT:[ [32m'0.00'[39m, [32m'4.25'[39m, [32m'3.40'[39m, [32m'0.00'[39m ]
data rcv RT:[ [32m'0.00'[39m, [32m'4.28'[39m, [32m'3.38'[39m, [32m'0.00'[39m ]
data rcv RT:[ [32m'0.00'[39m, [32m'4.28'[39m, [32m'3.39'[39m, [32m'0.00'[39m ]
data rcv RT:[ [32m'0.00'[39m, [32m'4.31'[39m, [32m'3.37'[39m, [32m'0.00'[39m ]
data rcv RT:[ [32m'0.00'[39m, [32m'4.32'[39m, [32m'3.36'[39m, [32m'0.01'[39m ]
data rcv RT:[ [32m'0.00'[39m, [32m'4.36'[39m, [32m'3.38'[39m, [32m'0.02'[39m ]
data rcv RT:[ [32m'0.00'[39m, [32m'4.33'[39m, [32m'3.38'[39m, [32m'0.00'[39m ]
data rcv RT:[ [32m'0.00'[39m, [32m'4.32'[39m, [32m'3.36'[39m, [32m'0.04'[39m ]
data rcv RT:[ [32m'0.00'[39m, [32m'4.37'[39m, [32m'3.40'[39m, [32m'0.01'[39m ]
data rcv RT:[ [32m'0.00'[39m, [32m'4.38'[39m, [32m'3.40'[39m, [32m'0.02'[39m ]
data rcv RT:[ [32m'0.00'[39m, [32m'4.35'[39m, [32m'3.39'[39m, [32m'0.02'[39m ]
data rcv RT:[ [32m'0.00'[39m, [32m'4.37'[39m, [32m'3.42'[39m, [32m'0.00'[39m ]
data rcv RT:[ [32m'0.00'[39m, [32m'4.37'[39m, [32m'3.41'[39m, [32m'0.00'[39m ]
data rcv RT:[ [32m'0.00'[39m, [32m'4.36'[39m, [32m'3.40'[39m, [32m'0.00'[39m ]
data rcv RT:[ [32m'0.00'[39m, [32m'4.34'[39m, [32m'3.43'[39m, [32m'0.00'[39m ]
data rcv RT:[ [32m'0.00'[39m, [32m'4.34'[39m, [32m'3.41'[39m, [32m'0.00'[39m ]
data rcv RT:[ [32m'0.00'[39m, [32m'4.33'[39m, [32m'3.43'[39m, [32m'0.00'[39m ]
data rcv RT:[ [32m'0.00'[39m, [32m'4.32'[39m, [32m'3.42'[39m, [32m'0.00'[39m ]
data rcv RT:[ [32m'0.00'[39m, [32m'4.31'[39m, [32m'3.46'[39m, [32m'0.00'[39m ]
data rcv RT:[ [32m'0.00'[39m, [32m'4.26'[39m, [32m'3.41'[39m, [32m'0.00'[39m ]
data rcv RT:[ [32m'0.00'[39m, [32m'4.26'[39m, [32m'3.41'[39m, [32m'0.00'[39m ]
data rcv RT:[ [32m'0.00'[39m, [32m'4.26'[39m, [32m'3.38'[39m, [32m'0.00'[39m ]
data rcv RT:[ [32m'0.00'[39m, [32m'4.27'[39m, [32m'3.39'[39m, [32m'0.00'[39m ]
data rcv RT:[ [32m'0.00'[39m, [32m'4.34'[39m, [32m'3.39'[39m, [32m'0.02'[39m ]
data rcv RT:[ [32m'0.00'[39m, [32m'4.33'[39m, [32m'3.37'[39m, [32m'0.01'[39m ]
data rcv RT:[ [32m'0.00'[39m, [32m'4.33'[39m, [32m'3.38'[39m, [32m'0.01'[39m ]
data rcv RT:[ [32m'0.00'[39m, [32m'4.34'[39m, [32m'3.39'[39m, [32m'0.02'[39m ]
data rcv RT:[ [32m'0.00'[39m, [32m'4.38'[39m, [32m'3.41'[39m, [32m'0.02'[39m ]
data rcv RT:[ [32m'0.00'[39m, [32m'4.38'[39m, [32m'3.38'[39m, [32m'0.01'[39m ]
data rcv RT:[ [32m'0.00'[39m, [32m'4.37'[39m, [32m'3.44'[39m, [32m'0.00'[39m ]
data rcv RT:[ [32m'0.00'[39m, [32m'4.32'[39m, [32m'3.45'[39m, [32m'0.00'[39m ]
data rcv RT:[ [32m'0.00'[39m, [32m'4.33'[39m, [32m'3.43'[39m, [32m'0.00'[39m ]
data rcv RT:[ [32m'0.00'[39m, [32m'4.30'[39m, [32m'3.43'[39m, [32m'0.00'[39m ]
data rcv RT:[ [32m'0.00'[39m, [32m'4.29'[39m, [32m'3.45'[39m, [32m'0.00'[39m ]
data rcv RT:[ [32m'0.00'[39m, [32m'4.30'[39m, [32m'3.43'[39m, [32m'0.00'[39m ]
data rcv RT:[ [32m'0.00'[39m, [32m'4.25'[39m, [32m'3.43'[39m, [32m'0.00'[39m ]
data rcv RT:[ [32m'0.00'[39m, [32m'4.28'[39m, [32m'3.43'[39m, [32m'0.00'[39m ]
data rcv RT:[ [32m'0.00'[39m, [32m'4.27'[39m, [32m'3.41'[39m, [32m'0.00'[39m ]
data rcv RT:[ [32m'0.00'[39m, [32m'4.26'[39m, [32m'3.39'[39m, [32m'0.00'[39m ]
data rcv RT:[ [32m'0.00'[39m, [32m'4.29'[39m, [32m'3.39'[39m, [32m'0.00'[39m ]
data rcv RT:[ [32m'0.00'[39m, [32m'4.31'[39m, [32m'3.39'[39m, [32m'0.00'[39m ]
data rcv RT:[ [32m'0.00'[39m, [32m'4.32'[39m, [32m'3.37'[39m, [32m'0.00'[39m ]
data rcv RT:[ [32m'0.00'[39m, [32m'4.32'[39m, [32m'3.40'[39m, [32m'0.02'[39m ]
data rcv RT:[ [32m'0.00'[39m, [32m'4.34'[39m, [32m'3.37'[39m, [32m'0.05'[39m ]
data rcv RT:[ [32m'0.00'[39m, [32m'4.37'[39m, [32m'3.40'[39m, [32m'0.04'[39m ]
data rcv RT:[ [32m'0.00'[39m, [32m'4.39'[39m, [32m'3.37'[39m, [32m'0.00'[39m ]
data rcv RT:[ [32m'0.00'[39m, [32m'4.34'[39m, [32m'3.43'[39m, [32m'0.00'[39m ]
data rcv RT:[ [32m'0.00'[39m, [32m'4.33'[39m, [32m'3.44'[39m, [32m'0.00'[39m ]
data rcv RT:[ [32m'0.00'[39m, [32m'4.34'[39m, [32m'3.41'[39m, [32m'0.00'[39m ]
data rcv RT:[ [32m'0.00'[39m, [32m'4.32'[39m, [32m'3.42'[39m, [32m'0.00'[39m ]
data rcv RT:[ [32m'0.00'[39m, [32m'4.28'[39m, [32m'3.43'[39m, [32m'0.00'[39m ]
data rcv RT:[ [32m'0.00'[39m, [32m'4.31'[39m, [32m'3.44'[39m, [32m'0.00'[39m ]
data rcv RT:[ [32m'0.00'[39m, [32m'4.25'[39m, [32m'3.41'[39m, [32m'0.00'[39m ]
data rcv RT:[ [32m'0.00'[39m, [32m'4.26'[39m, [32m'3.40'[39m, [32m'0.00'[39m ]
data rcv RT:[ [32m'0.00'[39m, [32m'4.26'[39m, [32m'3.40'[39m, [32m'0.00'[39m ]
data rcv RT:[ [32m'0.00'[39m, [32m'4.28'[39m, [32m'3.37'[39m, [32m'0.00'[39m ]
data rcv RT:[ [32m'0.00'[39m, [32m'4.33'[39m, [32m'3.37'[39m, [32m'0.01'[39m ]
data rcv RT:[ [32m'0.00'[39m, [32m'4.32'[39m, [32m'3.37'[39m, [32m'0.01'[39m ]
data rcv RT:[ [32m'0.00'[39m, [32m'4.38'[39m, [32m'3.37'[39m, [32m'0.04'[39m ]
data rcv RT:[ [32m'0.00'[39m, [32m'4.37'[39m, [32m'3.42'[39m, [32m'0.00'[39m ]
data rcv RT:[ [32m'0.00'[39m, [32m'4.38'[39m, [32m'3.39'[39m, [32m'0.03'[39m ]
data rcv RT:[ [32m'0.00'[39m, [32m'4.36'[39m, [32m'3.42'[39m, [32m'0.00'[39m ]
data rcv RT:[ [32m'0.00'[39m, [32m'4.36'[39m, [32m'3.44'[39m, [32m'0.00'[39m ]
data rcv RT:[ [32m'0.00'[39m, [32m'4.31'[39m, [32m'3.44'[39m, [32m'0.00'[39m ]
data rcv RT:[ [32m'0.00'[39m, [32m'4.32'[39m, [32m'3.46'[39m, [32m'0.00'[39m ]
data rcv RT:[ [32m'0.00'[39m, [32m'4.26'[39m, [32m'3.38'[39m, [32m'0.00'[39m ]
data rcv RT:[ [32m'0.00'[39m, [32m'4.26'[39m, [32m'3.40'[39m, [32m'0.00'[39m ]
data rcv RT:[ [32m'0.00'[39m, [32m'4.26'[39m, [32m'3.37'[39m, [32m'0.00'[39m ]
data rcv RT:[ [32m'0.00'[39m, [32m'4.29'[39m, [32m'3.38'[39m, [32m'0.00'[39m ]
data rcv RT:[ [32m'0.00'[39m, [32m'4.35'[39m, [32m'3.34'[39m, [32m'0.05'[39m ]
data rcv RT:[ [32m'0.00'[39m, [32m'4.34'[39m, [32m'3.40'[39m, [32m'0.00'[39m ]
data rcv RT:[ [32m'0.00'[39m, [32m'4.37'[39m, [32m'3.43'[39m, [32m'0.00'[39m ]
data rcv RT:[ [32m'0.00'[39m, [32m'4.38'[39m, [32m'3.41'[39m, [32m'0.00'[39m ]
data rcv RT:[ [32m'0.00'[39m, [32m'4.33'[39m, [32m'3.41'[39m, [32m'0.00'[39m ]
data rcv RT:[ [32m'0.00'[39m, [32m'4.33'[39m, [32m'3.41'[39m, [32m'0.00'[39m ]
data rcv RT:[ [32m'0.00'[39m, [32m'4.28'[39m, [32m'3.43'[39m, [32m'0.00'[39m ]
data rcv RT:[ [32m'0.00'[39m, [32m'4.29'[39m, [32m'3.44'[39m, [32m'0.00'[39m ]
data rcv RT:[ [32m'0.00'[39m, [32m'4.27'[39m, [32m'3.41'[39m, [32m'0.00'[39m ]
data rcv RT:[ [32m'0.00'[39m, [32m'4.29'[39m, [32m'3.43'[39m, [32m'0.00'[39m ]
data rcv RT:[ [32m'0.00'[39m, [32m'4.25'[39m, [32m'3.41'[39m, [32m'0.00'[39m ]
data rcv RT:[ [32m'0.00'[39m, [32m'4.25'[39m, [32m'3.40'[39m, [32m'0.00'[39m ]
data rcv RT:[ [32m'0.00'[39m, [32m'4.28'[39m, [32m'3.39'[39m, [32m'0.00'[39m ]
data rcv RT:[ [32m'0.00'[39m, [32m'4.28'[39m, [32m'3.37'[39m, [32m'0.01'[39m ]
data rcv RT:[ [32m'0.00'[39m, [32m'4.36'[39m, [32m'3.40'[39m, [32m'0.02'[39m ]
data rcv RT:[ [32m'0.00'[39m, [32m'4.33'[39m, [32m'3.40'[39m, [32m'0.01'[39m ]
data rcv RT:[ [32m'0.00'[39m, [32m'4.36'[39m, [32m'3.38'[39m, [32m'0.02'[39m ]
data rcv RT:[ [32m'0.00'[39m, [32m'4.36'[39m, [32m'3.38'[39m, [32m'0.01'[39m ]
data rcv RT:[ [32m'0.00'[39m, [32m'4.35'[39m, [32m'3.40'[39m, [32m'0.00'[39m ]
data rcv RT:[ [32m'0.00'[39m, [32m'4.35'[39m, [32m'3.41'[39m, [32m'0.00'[39m ]
data rcv RT:[ [32m'0.00'[39m, [32m'4.36'[39m, [32m'3.42'[39m, [32m'0.00'[39m ]
data rcv RT:[ [32m'0.00'[39m, [32m'4.30'[39m, [32m'3.43'[39m, [32m'0.00'[39m ]
data rcv RT:[ [32m'0.00'[39m, [32m'4.32'[39m, [32m'3.40'[39m, [32m'0.00'[39m ]
data rcv RT:[ [32m'0.00'[39m, [32m'4.31'[39m, [32m'3.42'[39m, [32m'0.00'[39m ]
data rcv RT:[ [32m'0.00'[39m, [32m'4.27'[39m, [32m'3.39'[39m, [32m'0.00'[39m ]
data rcv RT:[ [32m'0.00'[39m, [32m'4.25'[39m, [32m'3.42'[39m, [32m'0.00'[39m ]
data rcv RT:[ [32m'0.00'[39m, [32m'4.28'[39m, [32m'3.36'[39m, [32m'0.00'[39m ]
data rcv RT:[ [32m'0.00'[39m, [32m'4.31'[39m, [32m'3.36'[39m, [32m'0.00'[39m ]
data rcv RT:[ [32m'0.00'[39m, [32m'4.29'[39m, [32m'3.36'[39m, [32m'0.00'[39m ]
data rcv RT:[ [32m'0.00'[39m, [32m'4.32'[39m, [32m'3.37'[39m, [32m'0.00'[39m ]
data rcv RT:[ [32m'0.00'[39m, [32m'4.33'[39m, [32m'3.39'[39m, [32m'0.01'[39m ]
data rcv RT:[ [32m'0.00'[39m, [32m'4.35'[39m, [32m'3.42'[39m, [32m'0.00'[39m ]
data rcv RT:[ [32m'0.00'[39m, [32m'4.37'[39m, [32m'3.37'[39m, [32m'0.02'[39m ]
data rcv RT:[ [32m'0.00'[39m, [32m'4.35'[39m, [32m'3.44'[39m, [32m'0.00'[39m ]
data rcv RT:[ [32m'0.00'[39m, [32m'4.34'[39m, [32m'3.43'[39m, [32m'0.00'[39m ]
data rcv RT:[ [32m'0.00'[39m, [32m'4.32'[39m, [32m'3.44'[39m, [32m'0.00'[39m ]
data rcv RT:[ [32m'0.00'[39m, [32m'4.32'[39m, [32m'3.43'[39m, [32m'0.00'[39m ]
data rcv RT:[ [32m'0.00'[39m, [32m'4.29'[39m, [32m'3.40'[39m, [32m'0.00'[39m ]
data rcv RT:[ [32m'0.00'[39m, [32m'4.29'[39m, [32m'3.42'[39m, [32m'0.00'[39m ]
data rcv RT:[ [32m'0.00'[39m, [32m'4.26'[39m, [32m'3.42'[39m, [32m'0.00'[39m ]
data rcv RT:[ [32m'0.00'[39m, [32m'4.30'[39m, [32m'3.40'[39m, [32m'0.00'[39m ]
data rcv RT:[ [32m'0.00'[39m, [32m'4.31'[39m, [32m'3.36'[39m, [32m'0.02'[39m ]
data rcv RT:[ [32m'0.00'[39m, [32m'4.34'[39m, [32m'3.39'[39m, [32m'0.05'[39m ]
data rcv RT:[ [32m'0.00'[39m, [32m'4.39'[39m, [32m'3.39'[39m, [32m'0.02'[39m ]
data rcv RT:[ [32m'0.00'[39m, [32m'4.34'[39m, [32m'3.39'[39m, [32m'0.04'[39m ]
data rcv RT:[ [32m'0.00'[39m, [32m'4.35'[39m, [32m'3.38'[39m, [32m'0.05'[39m ]
data rcv RT:[ [32m'0.00'[39m, [32m'4.37'[39m, [32m'3.43'[39m, [32m'0.00'[39m ]
data rcv RT:[ [32m'0.00'[39m, [32m'4.37'[39m, [32m'3.41'[39m, [32m'0.00'[39m ]
data rcv RT:[ [32m'0.00'[39m, [32m'4.38'[39m, [32m'3.40'[39m, [32m'0.00'[39m ]
data rcv RT:[ [32m'0.00'[39m, [32m'4.31'[39m, [32m'3.42'[39m, [32m'0.00'[39m ]
data rcv RT:[ [32m'0.00'[39m, [32m'4.32'[39m, [32m'3.43'[39m, [32m'0.00'[39m ]
data rcv RT:[ [32m'0.00'[39m, [32m'4.29'[39m, [32m'3.43'[39m, [32m'0.00'[39m ]
data rcv RT:[ [32m'0.00'[39m, [32m'4.28'[39m, [32m'3.43'[39m, [32m'0.00'[39m ]
data rcv RT:[ [32m'0.00'[39m, [32m'4.28'[39m, [32m'3.41'[39m, [32m'0.00'[39m ]
data rcv RT:[ [32m'0.00'[39m, [32m'4.27'[39m, [32m'3.40'[39m, [32m'0.00'[39m ]
data rcv RT:[ [32m'0.00'[39m, [32m'4.31'[39m, [32m'3.36'[39m, [32m'0.00'[39m ]
data rcv RT:[ [32m'0.00'[39m, [32m'4.31'[39m, [32m'3.37'[39m, [32m'0.01'[39m ]
data rcv RT:[ [32m'0.00'[39m, [32m'4.33'[39m, [32m'3.36'[39m, [32m'0.00'[39m ]
data rcv RT:[ [32m'0.00'[39m, [32m'4.38'[39m, [32m'3.42'[39m, [32m'0.00'[39m ]
data rcv RT:[ [32m'0.00'[39m, [32m'4.36'[39m, [32m'3.36'[39m, [32m'0.05'[39m ]
data rcv RT:[ [32m'0.00'[39m, [32m'4.35'[39m, [32m'3.43'[39m, [32m'0.00'[39m ]
data rcv RT:[ [32m'0.00'[39m, [32m'4.33'[39m, [32m'3.43'[39m, [32m'0.00'[39m ]
data rcv RT:[ [32m'0.00'[39m, [32m'4.33'[39m, [32m'3.43'[39m, [32m'0.00'[39m ]
data rcv RT:[ [32m'0.00'[39m, [32m'4.31'[39m, [32m'3.42'[39m, [32m'0.00'[39m ]
data rcv RT:[ [32m'0.00'[39m, [32m'4.31'[39m, [32m'3.46'[39m, [32m'0.00'[39m ]
data rcv RT:[ [32m'0.00'[39m, [32m'4.30'[39m, [32m'3.41'[39m, [32m'0.00'[39m ]
data rcv RT:[ [32m'0.00'[39m, [32m'4.26'[39m, [32m'3.42'[39m, [32m'0.00'[39m ]
data rcv RT:[ [32m'0.00'[39m, [32m'4.29'[39m, [32m'3.39'[39m, [32m'0.00'[39m ]
data rcv RT:[ [32m'0.00'[39m, [32m'4.29'[39m, [32m'3.38'[39m, [32m'0.00'[39m ]
data rcv RT:[ [32m'0.00'[39m, [32m'4.31'[39m, [32m'3.38'[39m, [32m'0.02'[39m ]
data rcv RT:[ [32m'0.00'[39m, [32m'4.33'[39m, [32m'3.40'[39m, [32m'0.02'[39m ]
data rcv RT:[ [32m'0.00'[39m, [32m'4.33'[39m, [32m'3.37'[39m, [32m'0.01'[39m ]
data rcv RT:[ [32m'0.00'[39m, [32m'4.34'[39m, [32m'3.37'[39m, [32m'0.02'[39m ]
data rcv RT:[ [32m'0.00'[39m, [32m'4.31'[39m, [32m'3.38'[39m, [32m'0.07'[39m ]
data rcv RT:[ [32m'0.00'[39m, [32m'4.36'[39m, [32m'3.44'[39m, [32m'0.00'[39m ]
data rcv RT:[ [32m'0.00'[39m, [32m'4.36'[39m, [32m'3.38'[39m, [32m'0.02'[39m ]
data rcv RT:[ [32m'0.00'[39m, [32m'4.36'[39m, [32m'3.41'[39m, [32m'0.00'[39m ]
data rcv RT:[ [32m'0.00'[39m, [32m'4.34'[39m, [32m'3.42'[39m, [32m'0.00'[39m ]
data rcv RT:[ [32m'0.00'[39m, [32m'4.33'[39m, [32m'3.42'[39m, [32m'0.00'[39m ]
data rcv RT:[ [32m'0.00'[39m, [32m'4.33'[39m, [32m'3.43'[39m, [32m'0.00'[39m ]
data rcv RT:[ [32m'0.00'[39m, [32m'4.30'[39m, [32m'3.43'[39m, [32m'0.00'[39m ]
data rcv RT:[ [32m'0.00'[39m, [32m'4.33'[39m, [32m'3.44'[39m, [32m'0.00'[39m ]
data rcv RT:[ [32m'0.00'[39m, [32m'4.25'[39m, [32m'3.39'[39m, [32m'0.00'[39m ]
data rcv RT:[ [32m'0.00'[39m, [32m'4.28'[39m, [32m'3.39'[39m, [32m'0.00'[39m ]
data rcv RT:[ [32m'0.00'[39m, [32m'4.27'[39m, [32m'3.38'[39m, [32m'0.00'[39m ]
data rcv RT:[ [32m'0.00'[39m, [32m'4.28'[39m, [32m'3.37'[39m, [32m'0.00'[39m ]
data rcv RT:[ [32m'0.00'[39m, [32m'4.26'[39m, [32m'3.39'[39m, [32m'0.00'[39m ]
data rcv RT:[ [32m'0.00'[39m, [32m'4.30'[39m, [32m'3.37'[39m, [32m'0.02'[39m ]
data rcv RT:[ [32m'0.00'[39m, [32m'4.30'[39m, [32m'3.37'[39m, [32m'0.00'[39m ]
data rcv RT:[ [32m'0.00'[39m, [32m'4.32'[39m, [32m'3.37'[39m, [32m'0.00'[39m ]
data rcv RT:[ [32m'0.00'[39m, [32m'4.36'[39m, [32m'3.36'[39m, [32m'0.04'[39m ]
data rcv RT:[ [32m'0.00'[39m, [32m'4.33'[39m, [32m'3.39'[39m, [32m'0.02'[39m ]
data rcv RT:[ [32m'0.00'[39m, [32m'4.34'[39m, [32m'3.40'[39m, [32m'0.00'[39m ]
data rcv RT:[ [32m'0.00'[39m, [32m'4.34'[39m, [32m'3.37'[39m, [32m'0.01'[39m ]
data rcv RT:[ [32m'0.00'[39m, [32m'4.38'[39m, [32m'3.41'[39m, [32m'0.00'[39m ]
data rcv RT:[ [32m'0.00'[39m, [32m'4.35'[39m, [32m'3.44'[39m, [32m'0.00'[39m ]
data rcv RT:[ [32m'0.00'[39m, [32m'4.38'[39m, [32m'3.40'[39m, [32m'0.00'[39m ]
data rcv RT:[ [32m'0.00'[39m, [32m'4.35'[39m, [32m'3.42'[39m, [32m'0.00'[39m ]
data rcv RT:[ [32m'0.00'[39m, [32m'4.34'[39m, [32m'3.40'[39m, [32m'0.00'[39m ]
data rcv RT:[ [32m'0.00'[39m, [32m'4.31'[39m, [32m'3.42'[39m, [32m'0.00'[39m ]
data rcv RT:[ [32m'0.00'[39m, [32m'4.33'[39m, [32m'3.46'[39m, [32m'0.00'[39m ]
data rcv RT:[ [32m'0.00'[39m, [32m'4.24'[39m, [32m'3.39'[39m, [32m'0.00'[39m ]
data rcv RT:[ [32m'0.00'[39m, [32m'4.28'[39m, [32m'3.40'[39m, [32m'0.00'[39m ]
data rcv RT:[ [32m'0.00'[39m, [32m'4.26'[39m, [32m'3.40'[39m, [32m'0.00'[39m ]
data rcv RT:[ [32m'0.00'[39m, [32m'4.25'[39m, [32m'3.39'[39m, [32m'0.00'[39m ]
data rcv RT:[ [32m'0.00'[39m, [32m'4.25'[39m, [32m'3.36'[39m, [32m'0.00'[39m ]
data rcv RT:[ [32m'0.00'[39m, [32m'4.27'[39m, [32m'3.38'[39m, [32m'0.00'[39m ]
data rcv RT:[ [32m'0.00'[39m, [32m'4.30'[39m, [32m'3.37'[39m, [32m'0.00'[39m ]
data rcv RT:[ [32m'0.00'[39m, [32m'4.31'[39m, [32m'3.36'[39m, [32m'0.00'[39m ]
data rcv RT:[ [32m'0.00'[39m, [32m'4.31'[39m, [32m'3.36'[39m, [32m'0.00'[39m ]
data rcv RT:[ [32m'0.00'[39m, [32m'4.35'[39m, [32m'3.38'[39m, [32m'0.02'[39m ]
data rcv RT:[ [32m'0.00'[39m, [32m'4.37'[39m, [32m'3.42'[39m, [32m'0.00'[39m ]
data rcv RT:[ [32m'0.00'[39m, [32m'4.38'[39m, [32m'3.42'[39m, [32m'0.00'[39m ]
data rcv RT:[ [32m'0.00'[39m, [32m'4.38'[39m, [32m'3.40'[39m, [32m'0.01'[39m ]
data rcv RT:[ [32m'0.00'[39m, [32m'4.36'[39m, [32m'3.45'[39m, [32m'0.00'[39m ]
data rcv RT:[ [32m'0.00'[39m, [32m'4.34'[39m, [32m'3.42'[39m, [32m'0.00'[39m ]
data rcv RT:[ [32m'0.00'[39m, [32m'4.32'[39m, [32m'3.43'[39m, [32m'0.00'[39m ]
data rcv RT:[ [32m'0.00'[39m, [32m'4.34'[39m, [32m'3.42'[39m, [32m'0.00'[39m ]
data rcv RT:[ [32m'0.00'[39m, [32m'4.31'[39m, [32m'3.41'[39m, [32m'0.00'[39m ]
data rcv RT:[ [32m'0.00'[39m, [32m'4.31'[39m, [32m'3.43'[39m, [32m'0.00'[39m ]
data rcv RT:[ [32m'0.00'[39m, [32m'4.30'[39m, [32m'3.44'[39m, [32m'0.00'[39m ]
data rcv RT:[ [32m'0.00'[39m, [32m'4.31'[39m, [32m'3.42'[39m, [32m'0.00'[39m ]
data rcv RT:[ [32m'0.00'[39m, [32m'4.31'[39m, [32m'3.44'[39m, [32m'0.00'[39m ]
data rcv RT:[ [32m'0.00'[39m, [32m'4.29'[39m, [32m'3.46'[39m, [32m'0.00'[39m ]
data rcv RT:[ [32m'0.00'[39m, [32m'4.26'[39m, [32m'3.41'[39m, [32m'0.00'[39m ]
data rcv RT:[ [32m'0.00'[39m, [32m'4.26'[39m, [32m'3.41'[39m, [32m'0.00'[39m ]
data rcv RT:[ [32m'0.00'[39m, [32m'4.27'[39m, [32m'3.43'[39m, [32m'0.00'[39m ]
data rcv RT:[ [32m'0.00'[39m, [32m'4.27'[39m, [32m'3.41'[39m, [32m'0.00'[39m ]
data rcv RT:[ [32m'0.00'[39m, [32m'4.28'[39m, [32m'3.37'[39m, [32m'0.00'[39m ]
data rcv RT:[ [32m'0.00'[39m, [32m'4.30'[39m, [32m'3.37'[39m, [32m'0.00'[39m ]
data rcv RT:[ [32m'0.00'[39m, [32m'4.33'[39m, [32m'3.38'[39m, [32m'0.02'[39m ]
data rcv RT:[ [32m'0.00'[39m, [32m'4.32'[39m, [32m'3.40'[39m, [32m'0.00'[39m ]
data rcv RT:[ [32m'0.00'[39m, [32m'4.32'[39m, [32m'3.38'[39m, [32m'0.01'[39m ]
data rcv RT:[ [32m'0.00'[39m, [32m'4.36'[39m, [32m'3.38'[39m, [32m'0.04'[39m ]
data rcv RT:[ [32m'0.00'[39m, [32m'4.35'[39m, [32m'3.38'[39m, [32m'0.03'[39m ]
data rcv RT:[ [32m'0.00'[39m, [32m'4.37'[39m, [32m'3.41'[39m, [32m'0.02'[39m ]
data rcv RT:[ [32m'0.00'[39m, [32m'4.38'[39m, [32m'3.40'[39m, [32m'0.03'[39m ]
data rcv RT:[ [32m'0.00'[39m, [32m'4.36'[39m, [32m'3.42'[39m, [32m'0.00'[39m ]
data rcv RT:[ [32m'0.00'[39m, [32m'4.35'[39m, [32m'3.43'[39m, [32m'0.00'[39m ]
data rcv RT:[ [32m'0.00'[39m, [32m'4.35'[39m, [32m'3.43'[39m, [32m'0.00'[39m ]
data rcv RT:[ [32m'0.00'[39m, [32m'4.32'[39m, [32m'3.42'[39m, [32m'0.00'[39m ]
data rcv RT:[ [32m'0.00'[39m, [32m'4.33'[39m, [32m'3.41'[39m, [32m'0.00'[39m ]
data rcv RT:[ [32m'0.00'[39m, [32m'4.33'[39m, [32m'3.44'[39m, [32m'0.00'[39m ]
data rcv RT:[ [32m'0.00'[39m, [32m'4.29'[39m, [32m'3.41'[39m, [32m'0.00'[39m ]
data rcv RT:[ [32m'0.00'[39m, [32m'4.29'[39m, [32m'3.45'[39m, [32m'0.00'[39m ]
data rcv RT:[ [32m'0.00'[39m, [32m'4.33'[39m, [32m'3.44'[39m, [32m'0.00'[39m ]
data rcv RT:[ [32m'0.00'[39m, [32m'4.28'[39m, [32m'3.42'[39m, [32m'0.00'[39m ]
data rcv RT:[ [32m'0.00'[39m, [32m'4.26'[39m, [32m'3.39'[39m, [32m'0.00'[39m ]
data rcv RT:[ [32m'0.00'[39m, [32m'4.26'[39m, [32m'3.39'[39m, [32m'0.00'[39m ]
data rcv RT:[ [32m'0.00'[39m, [32m'4.28'[39m, [32m'3.39'[39m, [32m'0.00'[39m ]
data rcv RT:[ [32m'0.00'[39m, [32m'4.34'[39m, [32m'3.39'[39m, [32m'0.02'[39m ]
data rcv RT:[ [32m'0.00'[39m, [32m'4.33'[39m, [32m'3.39'[39m, [32m'0.00'[39m ]
data rcv RT:[ [32m'0.00'[39m, [32m'4.34'[39m, [32m'3.38'[39m, [32m'0.02'[39m ]
data rcv RT:[ [32m'0.00'[39m, [32m'4.38'[39m, [32m'3.39'[39m, [32m'0.00'[39m ]
data rcv RT:[ [32m'0.00'[39m, [32m'4.36'[39m, [32m'3.39'[39m, [32m'0.03'[39m ]
data rcv RT:[ [32m'0.00'[39m, [32m'4.34'[39m, [32m'3.42'[39m, [32m'0.00'[39m ]
data rcv RT:[ [32m'0.00'[39m, [32m'4.35'[39m, [32m'3.41'[39m, [32m'0.00'[39m ]
data rcv RT:[ [32m'0.00'[39m, [32m'4.38'[39m, [32m'3.42'[39m, [32m'0.00'[39m ]
data rcv RT:[ [32m'0.00'[39m, [32m'4.31'[39m, [32m'3.41'[39m, [32m'0.00'[39m ]
data rcv RT:[ [32m'0.00'[39m, [32m'4.29'[39m, [32m'3.43'[39m, [32m'0.00'[39m ]
data rcv RT:[ [32m'0.00'[39m, [32m'4.28'[39m, [32m'3.46'[39m, [32m'0.00'[39m ]
data rcv RT:[ [32m'0.00'[39m, [32m'4.27'[39m, [32m'3.39'[39m, [32m'0.00'[39m ]
data rcv RT:[ [32m'0.00'[39m, [32m'4.27'[39m, [32m'3.44'[39m, [32m'0.00'[39m ]
data rcv RT:[ [32m'0.00'[39m, [32m'4.28'[39m, [32m'3.36'[39m, [32m'0.00'[39m ]
data rcv RT:[ [32m'0.00'[39m, [32m'4.25'[39m, [32m'3.39'[39m, [32m'0.00'[39m ]
data rcv RT:[ [32m'0.00'[39m, [32m'4.30'[39m, [32m'3.38'[39m, [32m'0.00'[39m ]
data rcv RT:[ [32m'0.00'[39m, [32m'4.31'[39m, [32m'3.37'[39m, [32m'0.00'[39m ]
data rcv RT:[ [32m'0.00'[39m, [32m'4.32'[39m, [32m'3.36'[39m, [32m'0.01'[39m ]
data rcv RT:[ [32m'0.00'[39m, [32m'4.32'[39m, [32m'3.35'[39m, [32m'0.04'[39m ]
data rcv RT:[ [32m'0.00'[39m, [32m'4.38'[39m, [32m'3.41'[39m, [32m'0.01'[39m ]
data rcv RT:[ [32m'0.00'[39m, [32m'4.36'[39m, [32m'3.43'[39m, [32m'0.00'[39m ]
data rcv RT:[ [32m'0.00'[39m, [32m'4.34'[39m, [32m'3.41'[39m, [32m'0.00'[39m ]
data rcv RT:[ [32m'0.00'[39m, [32m'4.36'[39m, [32m'3.40'[39m, [32m'0.00'[39m ]
data rcv RT:[ [32m'0.00'[39m, [32m'4.34'[39m, [32m'3.44'[39m, [32m'0.00'[39m ]
data rcv RT:[ [32m'0.00'[39m, [32m'4.32'[39m, [32m'3.43'[39m, [32m'0.00'[39m ]
data rcv RT:[ [32m'0.00'[39m, [32m'4.29'[39m, [32m'3.45'[39m, [32m'0.00'[39m ]
data rcv RT:[ [32m'0.00'[39m, [32m'4.24'[39m, [32m'3.42'[39m, [32m'0.00'[39m ]
data rcv RT:[ [32m'0.00'[39m, [32m'4.27'[39m, [32m'3.39'[39m, [32m'0.00'[39m ]
data rcv RT:[ [32m'0.00'[39m, [32m'4.26'[39m, [32m'3.41'[39m, [32m'0.00'[39m ]
data rcv RT:[ [32m'0.00'[39m, [32m'4.32'[39m, [32m'3.39'[39m, [32m'0.00'[39m ]
data rcv RT:[ [32m'0.00'[39m, [32m'4.31'[39m, [32m'3.40'[39m, [32m'0.02'[39m ]
data rcv RT:[ [32m'0.00'[39m, [32m'4.33'[39m, [32m'3.37'[39m, [32m'0.02'[39m ]
data rcv RT:[ [32m'0.00'[39m, [32m'4.33'[39m, [32m'3.40'[39m, [32m'0.00'[39m ]
data rcv RT:[ [32m'0.00'[39m, [32m'4.33'[39m, [32m'3.34'[39m, [32m'0.02'[39m ]
data rcv RT:[ [32m'0.00'[39m, [32m'4.37'[39m, [32m'3.38'[39m, [32m'0.02'[39m ]
data rcv RT:[ [32m'0.00'[39m, [32m'4.37'[39m, [32m'3.41'[39m, [32m'0.00'[39m ]
data rcv RT:[ [32m'0.00'[39m, [32m'4.37'[39m, [32m'3.43'[39m, [32m'0.00'[39m ]
data rcv RT:[ [32m'0.00'[39m, [32m'4.36'[39m, [32m'3.42'[39m, [32m'0.00'[39m ]
data rcv RT:[ [32m'0.00'[39m, [32m'4.33'[39m, [32m'3.42'[39m, [32m'0.00'[39m ]
data rcv RT:[ [32m'0.00'[39m, [32m'4.30'[39m, [32m'3.44'[39m, [32m'0.00'[39m ]
data rcv RT:[ [32m'0.00'[39m, [32m'4.32'[39m, [32m'3.43'[39m, [32m'0.00'[39m ]
data rcv RT:[ [32m'0.00'[39m, [32m'4.28'[39m, [32m'3.44'[39m, [32m'0.00'[39m ]
data rcv RT:[ [32m'0.00'[39m, [32m'4.27'[39m, [32m'3.41'[39m, [32m'0.00'[39m ]
data rcv RT:[ [32m'0.00'[39m, [32m'4.27'[39m, [32m'3.38'[39m, [32m'0.00'[39m ]
data rcv RT:[ [32m'0.00'[39m, [32m'4.27'[39m, [32m'3.38'[39m, [32m'0.00'[39m ]
data rcv RT:[ [32m'0.00'[39m, [32m'4.29'[39m, [32m'3.38'[39m, [32m'0.00'[39m ]
data rcv RT:[ [32m'0.00'[39m, [32m'4.29'[39m, [32m'3.37'[39m, [32m'0.00'[39m ]
data rcv RT:[ [32m'0.00'[39m, [32m'4.32'[39m, [32m'3.39'[39m, [32m'0.01'[39m ]
data rcv RT:[ [32m'0.00'[39m, [32m'4.37'[39m, [32m'3.38'[39m, [32m'0.03'[39m ]
data rcv RT:[ [32m'0.00'[39m, [32m'4.38'[39m, [32m'3.37'[39m, [32m'0.02'[39m ]
data rcv RT:[ [32m'0.00'[39m, [32m'4.38'[39m, [32m'3.42'[39m, [32m'0.00'[39m ]
data rcv RT:[ [32m'0.00'[39m, [32m'4.35'[39m, [32m'3.43'[39m, [32m'0.00'[39m ]
data rcv RT:[ [32m'0.00'[39m, [32m'4.32'[39m, [32m'3.43'[39m, [32m'0.00'[39m ]
data rcv RT:[ [32m'0.00'[39m, [32m'4.29'[39m, [32m'3.43'[39m, [32m'0.00'[39m ]
data rcv RT:[ [32m'0.00'[39m, [32m'4.30'[39m, [32m'3.41'[39m, [32m'0.00'[39m ]
data rcv RT:[ [32m'0.00'[39m, [32m'4.29'[39m, [32m'3.42'[39m, [32m'0.00'[39m ]
data rcv RT:[ [32m'0.00'[39m, [32m'4.27'[39m, [32m'3.36'[39m, [32m'0.00'[39m ]
data rcv RT:[ [32m'0.00'[39m, [32m'4.27'[39m, [32m'3.37'[39m, [32m'0.00'[39m ]
data rcv RT:[ [32m'0.00'[39m, [32m'4.28'[39m, [32m'3.37'[39m, [32m'0.00'[39m ]
data rcv RT:[ [32m'0.00'[39m, [32m'4.30'[39m, [32m'3.38'[39m, [32m'0.00'[39m ]
data rcv RT:[ [32m'0.00'[39m, [32m'4.33'[39m, [32m'3.39'[39m, [32m'0.01'[39m ]
data rcv RT:[ [32m'0.00'[39m, [32m'4.37'[39m, [32m'3.37'[39m, [32m'0.05'[39m ]
data rcv RT:[ [32m'0.00'[39m, [32m'4.38'[39m, [32m'3.40'[39m, [32m'0.03'[39m ]
data rcv RT:[ [32m'0.00'[39m, [32m'4.36'[39m, [32m'3.41'[39m, [32m'0.00'[39m ]
data rcv RT:[ [32m'0.00'[39m, [32m'4.36'[39m, [32m'3.42'[39m, [32m'0.00'[39m ]
data rcv RT:[ [32m'0.00'[39m, [32m'4.31'[39m, [32m'3.44'[39m, [32m'0.00'[39m ]
data rcv RT:[ [32m'0.00'[39m, [32m'4.28'[39m, [32m'3.45'[39m, [32m'0.00'[39m ]
data rcv RT:[ [32m'0.00'[39m, [32m'4.24'[39m, [32m'3.40'[39m, [32m'0.00'[39m ]
data rcv RT:[ [32m'0.00'[39m, [32m'4.23'[39m, [32m'3.40'[39m, [32m'0.00'[39m ]
data rcv RT:[ [32m'0.00'[39m, [32m'4.25'[39m, [32m'3.41'[39m, [32m'0.00'[39m ]
data rcv RT:[ [32m'0.00'[39m, [32m'4.30'[39m, [32m'3.39'[39m, [32m'0.00'[39m ]
data rcv RT:[ [32m'0.00'[39m, [32m'4.33'[39m, [32m'3.38'[39m, [32m'0.01'[39m ]
data rcv RT:[ [32m'0.00'[39m, [32m'4.33'[39m, [32m'3.39'[39m, [32m'0.00'[39m ]
data rcv RT:[ [32m'0.00'[39m, [32m'4.32'[39m, [32m'3.36'[39m, [32m'0.05'[39m ]
data rcv RT:[ [32m'0.00'[39m, [32m'4.37'[39m, [32m'3.39'[39m, [32m'0.03'[39m ]
data rcv RT:[ [32m'0.00'[39m, [32m'4.36'[39m, [32m'3.43'[39m, [32m'0.00'[39m ]
data rcv RT:[ [32m'0.00'[39m, [32m'4.32'[39m, [32m'3.45'[39m, [32m'0.00'[39m ]
data rcv RT:[ [32m'0.00'[39m, [32m'4.36'[39m, [32m'3.43'[39m, [32m'0.00'[39m ]
data rcv RT:[ [32m'0.00'[39m, [32m'4.33'[39m, [32m'3.42'[39m, [32m'0.00'[39m ]
data rcv RT:[ [32m'0.00'[39m, [32m'4.32'[39m, [32m'3.46'[39m, [32m'0.00'[39m ]
data rcv RT:[ [32m'0.00'[39m, [32m'4.30'[39m, [32m'3.44'[39m, [32m'0.00'[39m ]
data rcv RT:[ [32m'0.00'[39m, [32m'4.25'[39m, [32m'3.37'[39m, [32m'0.00'[39m ]
data rcv RT:[ [32m'0.00'[39m, [32m'4.26'[39m, [32m'3.38'[39m, [32m'0.00'[39m ]
data rcv RT:[ [32m'0.00'[39m, [32m'4.25'[39m, [32m'3.33'[39m, [32m'0.00'[39m ]
data rcv RT:[ [32m'0.00'[39m, [32m'4.28'[39m, [32m'3.36'[39m, [32m'0.00'[39m ]
data rcv RT:[ [32m'0.00'[39m, [32m'4.32'[39m, [32m'3.36'[39m, [32m'0.02'[39m ]
data rcv RT:[ [32m'0.00'[39m, [32m'4.37'[39m, [32m'3.36'[39m, [32m'0.04'[39m ]
data rcv RT:[ [32m'0.00'[39m, [32m'4.38'[39m, [32m'3.37'[39m, [32m'0.01'[39m ]
data rcv RT:[ [32m'0.00'[39m, [32m'4.37'[39m, [32m'3.41'[39m, [32m'0.01'[39m ]
data rcv RT:[ [32m'0.00'[39m, [32m'4.35'[39m, [32m'3.41'[39m, [32m'0.00'[39m ]
data rcv RT:[ [32m'0.00'[39m, [32m'4.32'[39m, [32m'3.41'[39m, [32m'0.00'[39m ]
data rcv RT:[ [32m'0.00'[39m, [32m'4.31'[39m, [32m'3.44'[39m, [32m'0.00'[39m ]
data rcv RT:[ [32m'0.00'[39m, [32m'4.30'[39m, [32m'3.45'[39m, [32m'0.00'[39m ]
data rcv RT:[ [32m'0.00'[39m, [32m'4.24'[39m, [32m'3.39'[39m, [32m'0.00'[39m ]
data rcv RT:[ [32m'0.00'[39m, [32m'4.24'[39m, [32m'3.42'[39m, [32m'0.00'[39m ]
data rcv RT:[ [32m'0.00'[39m, [32m'4.29'[39m, [32m'3.38'[39m, [32m'0.00'[39m ]
data rcv RT:[ [32m'0.00'[39m, [32m'4.30'[39m, [32m'3.37'[39m, [32m'0.00'[39m ]
data rcv RT:[ [32m'0.00'[39m, [32m'4.36'[39m, [32m'3.33'[39m, [32m'0.08'[39m ]
data rcv RT:[ [32m'0.00'[39m, [32m'4.35'[39m, [32m'3.38'[39m, [32m'0.02'[39m ]
data rcv RT:[ [32m'0.00'[39m, [32m'4.35'[39m, [32m'3.39'[39m, [32m'0.03'[39m ]
data rcv RT:[ [32m'0.00'[39m, [32m'4.37'[39m, [32m'3.39'[39m, [32m'0.00'[39m ]
data rcv RT:[ [32m'0.00'[39m, [32m'4.35'[39m, [32m'3.42'[39m, [32m'0.00'[39m ]
data rcv RT:[ [32m'0.00'[39m, [32m'4.34'[39m, [32m'3.42'[39m, [32m'0.00'[39m ]
data rcv RT:[ [32m'0.00'[39m, [32m'4.33'[39m, [32m'3.43'[39m, [32m'0.00'[39m ]
data rcv RT:[ [32m'0.00'[39m, [32m'4.29'[39m, [32m'3.44'[39m, [32m'0.00'[39m ]
data rcv RT:[ [32m'0.00'[39m, [32m'4.30'[39m, [32m'3.42'[39m, [32m'0.00'[39m ]
data rcv RT:[ [32m'0.00'[39m, [32m'4.29'[39m, [32m'3.35'[39m, [32m'0.01'[39m ]
data rcv RT:[ [32m'0.00'[39m, [32m'4.28'[39m, [32m'3.38'[39m, [32m'0.00'[39m ]
data rcv RT:[ [32m'0.00'[39m, [32m'4.32'[39m, [32m'3.37'[39m, [32m'0.01'[39m ]
data rcv RT:[ [32m'0.00'[39m, [32m'4.29'[39m, [32m'3.40'[39m, [32m'0.00'[39m ]
data rcv RT:[ [32m'0.00'[39m, [32m'4.37'[39m, [32m'3.34'[39m, [32m'0.07'[39m ]
data rcv RT:[ [32m'0.00'[39m, [32m'4.34'[39m, [32m'3.40'[39m, [32m'0.01'[39m ]
data rcv RT:[ [32m'0.00'[39m, [32m'4.36'[39m, [32m'3.43'[39m, [32m'0.00'[39m ]
data rcv RT:[ [32m'0.00'[39m, [32m'4.35'[39m, [32m'3.41'[39m, [32m'0.00'[39m ]
data rcv RT:[ [32m'0.00'[39m, [32m'4.28'[39m, [32m'3.45'[39m, [32m'0.00'[39m ]
data rcv RT:[ [32m'0.00'[39m, [32m'4.31'[39m, [32m'3.45'[39m, [32m'0.00'[39m ]
data rcv RT:[ [32m'0.00'[39m, [32m'4.28'[39m, [32m'3.43'[39m, [32m'0.00'[39m ]
data rcv RT:[ [32m'0.00'[39m, [32m'4.26'[39m, [32m'3.43'[39m, [32m'0.00'[39m ]
data rcv RT:[ [32m'0.00'[39m, [32m'4.28'[39m, [32m'3.37'[39m, [32m'0.00'[39m ]
data rcv RT:[ [32m'0.00'[39m, [32m'4.29'[39m, [32m'3.39'[39m, [32m'0.00'[39m ]
data rcv RT:[ [32m'0.00'[39m, [32m'4.32'[39m, [32m'3.39'[39m, [32m'0.01'[39m ]
data rcv RT:[ [32m'0.00'[39m, [32m'4.33'[39m, [32m'3.39'[39m, [32m'0.02'[39m ]
data rcv RT:[ [32m'0.00'[39m, [32m'4.36'[39m, [32m'3.38'[39m, [32m'0.05'[39m ]
data rcv RT:[ [32m'0.00'[39m, [32m'4.38'[39m, [32m'3.42'[39m, [32m'0.00'[39m ]
data rcv RT:[ [32m'0.00'[39m, [32m'4.34'[39m, [32m'3.42'[39m, [32m'0.00'[39m ]
data rcv RT:[ [32m'0.00'[39m, [32m'4.31'[39m, [32m'3.43'[39m, [32m'0.00'[39m ]
data rcv RT:[ [32m'0.00'[39m, [32m'4.30'[39m, [32m'3.43'[39m, [32m'0.00'[39m ]
data rcv RT:[ [32m'0.00'[39m, [32m'4.30'[39m, [32m'3.43'[39m, [32m'0.00'[39m ]
data rcv RT:[ [32m'0.00'[39m, [32m'4.30'[39m, [32m'3.41'[39m, [32m'0.00'[39m ]
data rcv RT:[ [32m'0.00'[39m, [32m'4.26'[39m, [32m'3.41'[39m, [32m'0.00'[39m ]
data rcv RT:[ [32m'0.00'[39m, [32m'4.29'[39m, [32m'3.37'[39m, [32m'0.00'[39m ]
data rcv RT:[ [32m'0.00'[39m, [32m'4.29'[39m, [32m'3.37'[39m, [32m'0.00'[39m ]
data rcv RT:[ [32m'0.00'[39m, [32m'4.34'[39m, [32m'3.37'[39m, [32m'0.00'[39m ]
data rcv RT:[ [32m'0.00'[39m, [32m'4.30'[39m, [32m'3.39'[39m, [32m'0.00'[39m ]
data rcv RT:[ [32m'0.00'[39m, [32m'4.34'[39m, [32m'3.38'[39m, [32m'0.03'[39m ]
data rcv RT:[ [32m'0.00'[39m, [32m'4.36'[39m, [32m'3.39'[39m, [32m'0.00'[39m ]
data rcv RT:[ [32m'0.00'[39m, [32m'4.38'[39m, [32m'3.41'[39m, [32m'0.00'[39m ]
data rcv RT:[ [32m'0.00'[39m, [32m'4.38'[39m, [32m'3.42'[39m, [32m'0.00'[39m ]
data rcv RT:[ [32m'0.00'[39m, [32m'4.31'[39m, [32m'3.41'[39m, [32m'0.00'[39m ]
data rcv RT:[ [32m'0.00'[39m, [32m'4.30'[39m, [32m'3.43'[39m, [32m'0.00'[39m ]
data rcv RT:[ [32m'0.00'[39m, [32m'4.30'[39m, [32m'3.43'[39m, [32m'0.00'[39m ]
data rcv RT:[ [32m'0.00'[39m, [32m'4.24'[39m, [32m'3.38'[39m, [32m'0.00'[39m ]
data rcv RT:[ [32m'0.00'[39m, [32m'4.24'[39m, [32m'3.40'[39m, [32m'0.00'[39m ]
data rcv RT:[ [32m'0.00'[39m, [32m'4.26'[39m, [32m'3.38'[39m, [32m'0.00'[39m ]
data rcv RT:[ [32m'0.00'[39m, [32m'4.30'[39m, [32m'3.40'[39m, [32m'0.00'[39m ]
data rcv RT:[ [32m'0.00'[39m, [32m'4.35'[39m, [32m'3.38'[39m, [32m'0.02'[39m ]
data rcv RT:[ [32m'0.00'[39m, [32m'4.39'[39m, [32m'3.38'[39m, [32m'0.03'[39m ]
data rcv RT:[ [32m'0.00'[39m, [32m'4.35'[39m, [32m'3.44'[39m, [32m'0.00'[39m ]
data rcv RT:[ [32m'0.00'[39m, [32m'4.36'[39m, [32m'3.41'[39m, [32m'0.00'[39m ]
data rcv RT:[ [32m'0.00'[39m, [32m'4.34'[39m, [32m'3.41'[39m, [32m'0.00'[39m ]
data rcv RT:[ [32m'0.00'[39m, [32m'4.32'[39m, [32m'3.42'[39m, [32m'0.00'[39m ]
data rcv RT:[ [32m'0.00'[39m, [32m'4.30'[39m, [32m'3.42'[39m, [32m'0.00'[39m ]
data rcv RT:[ [32m'0.00'[39m, [32m'4.31'[39m, [32m'3.40'[39m, [32m'0.00'[39m ]
data rcv RT:[ [32m'0.00'[39m, [32m'4.27'[39m, [32m'3.42'[39m, [32m'0.00'[39m ]
data rcv RT:[ [32m'0.00'[39m, [32m'4.26'[39m, [32m'3.39'[39m, [32m'0.00'[39m ]
data rcv RT:[ [32m'0.00'[39m, [32m'4.29'[39m, [32m'3.37'[39m, [32m'0.00'[39m ]
data rcv RT:[ [32m'0.00'[39m, [32m'4.35'[39m, [32m'3.37'[39m, [32m'0.02'[39m ]
data rcv RT:[ [32m'0.00'[39m, [32m'4.35'[39m, [32m'3.37'[39m, [32m'0.01'[39m ]
data rcv RT:[ [32m'0.00'[39m, [32m'4.37'[39m, [32m'3.37'[39m, [32m'0.03'[39m ]
data rcv RT:[ [32m'0.00'[39m, [32m'4.35'[39m, [32m'3.40'[39m, [32m'0.00'[39m ]
data rcv RT:[ [32m'0.00'[39m, [32m'4.38'[39m, [32m'3.43'[39m, [32m'0.00'[39m ]
data rcv RT:[ [32m'0.00'[39m, [32m'4.32'[39m, [32m'3.40'[39m, [32m'0.00'[39m ]
data rcv RT:[ [32m'0.00'[39m, [32m'4.30'[39m, [32m'3.42'[39m, [32m'0.00'[39m ]
data rcv RT:[ [32m'0.00'[39m, [32m'4.30'[39m, [32m'3.44'[39m, [32m'0.00'[39m ]
data rcv RT:[ [32m'0.00'[39m, [32m'4.26'[39m, [32m'3.40'[39m, [32m'0.00'[39m ]
data rcv RT:[ [32m'0.00'[39m, [32m'4.26'[39m, [32m'3.41'[39m, [32m'0.00'[39m ]
data rcv RT:[ [32m'0.00'[39m, [32m'4.30'[39m, [32m'3.37'[39m, [32m'0.00'[39m ]
data rcv RT:[ [32m'0.00'[39m, [32m'4.32'[39m, [32m'3.36'[39m, [32m'0.07'[39m ]
data rcv RT:[ [32m'0.00'[39m, [32m'4.38'[39m, [32m'3.40'[39m, [32m'0.02'[39m ]
data rcv RT:[ [32m'0.00'[39m, [32m'4.34'[39m, [32m'3.44'[39m, [32m'0.00'[39m ]
data rcv RT:[ [32m'0.00'[39m, [32m'4.33'[39m, [32m'3.42'[39m, [32m'0.00'[39m ]
data rcv RT:[ [32m'0.00'[39m, [32m'4.31'[39m, [32m'3.44'[39m, [32m'0.00'[39m ]
data rcv RT:[ [32m'0.00'[39m, [32m'4.31'[39m, [32m'3.40'[39m, [32m'0.00'[39m ]
data rcv RT:[ [32m'0.00'[39m, [32m'4.28'[39m, [32m'3.40'[39m, [32m'0.00'[39m ]
data rcv RT:[ [32m'0.00'[39m, [32m'4.29'[39m, [32m'3.43'[39m, [32m'0.00'[39m ]
data rcv RT:[ [32m'0.00'[39m, [32m'4.27'[39m, [32m'3.41'[39m, [32m'0.00'[39m ]
data rcv RT:[ [32m'0.00'[39m, [32m'4.30'[39m, [32m'3.38'[39m, [32m'0.00'[39m ]
data rcv RT:[ [32m'0.00'[39m, [32m'4.31'[39m, [32m'3.40'[39m, [32m'0.00'[39m ]
data rcv RT:[ [32m'0.00'[39m, [32m'4.33'[39m, [32m'3.37'[39m, [32m'0.01'[39m ]
data rcv RT:[ [32m'0.00'[39m, [32m'4.33'[39m, [32m'3.36'[39m, [32m'0.05'[39m ]
data rcv RT:[ [32m'0.00'[39m, [32m'4.37'[39m, [32m'3.40'[39m, [32m'0.02'[39m ]
data rcv RT:[ [32m'0.00'[39m, [32m'4.36'[39m, [32m'3.41'[39m, [32m'0.00'[39m ]
data rcv RT:[ [32m'0.00'[39m, [32m'4.34'[39m, [32m'3.41'[39m, [32m'0.00'[39m ]
data rcv RT:[ [32m'0.00'[39m, [32m'4.33'[39m, [32m'3.41'[39m, [32m'0.00'[39m ]
data rcv RT:[ [32m'0.00'[39m, [32m'4.33'[39m, [32m'3.42'[39m, [32m'0.00'[39m ]
data rcv RT:[ [32m'0.00'[39m, [32m'4.31'[39m, [32m'3.43'[39m, [32m'0.00'[39m ]
data rcv RT:[ [32m'0.00'[39m, [32m'4.28'[39m, [32m'3.40'[39m, [32m'0.00'[39m ]
data rcv RT:[ [32m'0.00'[39m, [32m'4.29'[39m, [32m'3.40'[39m, [32m'0.00'[39m ]
data rcv RT:[ [32m'0.00'[39m, [32m'4.28'[39m, [32m'3.39'[39m, [32m'0.00'[39m ]
data rcv RT:[ [32m'0.00'[39m, [32m'4.29'[39m, [32m'3.36'[39m, [32m'0.00'[39m ]
data rcv RT:[ [32m'0.00'[39m, [32m'4.37'[39m, [32m'3.38'[39m, [32m'0.03'[39m ]
data rcv RT:[ [32m'0.00'[39m, [32m'4.39'[39m, [32m'3.39'[39m, [32m'0.00'[39m ]
data rcv RT:[ [32m'0.00'[39m, [32m'4.35'[39m, [32m'3.40'[39m, [32m'0.00'[39m ]
data rcv RT:[ [32m'0.00'[39m, [32m'4.34'[39m, [32m'3.44'[39m, [32m'0.00'[39m ]
data rcv RT:[ [32m'0.00'[39m, [32m'4.33'[39m, [32m'3.43'[39m, [32m'0.00'[39m ]
data rcv RT:[ [32m'0.00'[39m, [32m'4.29'[39m, [32m'3.43'[39m, [32m'0.00'[39m ]
data rcv RT:[ [32m'0.00'[39m, [32m'4.28'[39m, [32m'3.46'[39m, [32m'0.00'[39m ]
data rcv RT:[ [32m'0.00'[39m, [32m'4.26'[39m, [32m'3.37'[39m, [32m'0.00'[39m ]
data rcv RT:[ [32m'0.00'[39m, [32m'4.27'[39m, [32m'3.38'[39m, [32m'0.00'[39m ]
data rcv RT:[ [32m'0.00'[39m, [32m'4.29'[39m, [32m'3.38'[39m, [32m'0.00'[39m ]
data rcv RT:[ [32m'0.00'[39m, [32m'4.32'[39m, [32m'3.37'[39m, [32m'0.00'[39m ]
data rcv RT:[ [32m'0.00'[39m, [32m'4.30'[39m, [32m'3.39'[39m, [32m'0.00'[39m ]
data rcv RT:[ [32m'0.00'[39m, [32m'4.31'[39m, [32m'3.33'[39m, [32m'0.05'[39m ]
data rcv RT:[ [32m'0.00'[39m, [32m'4.36'[39m, [32m'3.38'[39m, [32m'0.03'[39m ]
data rcv RT:[ [32m'0.00'[39m, [32m'4.34'[39m, [32m'3.40'[39m, [32m'0.03'[39m ]
data rcv RT:[ [32m'0.00'[39m, [32m'4.37'[39m, [32m'3.42'[39m, [32m'0.00'[39m ]
data rcv RT:[ [32m'0.00'[39m, [32m'4.33'[39m, [32m'3.44'[39m, [32m'0.00'[39m ]
data rcv RT:[ [32m'0.00'[39m, [32m'4.30'[39m, [32m'3.44'[39m, [32m'0.00'[39m ]
data rcv RT:[ [32m'0.00'[39m, [32m'4.30'[39m, [32m'3.40'[39m, [32m'0.00'[39m ]
data rcv RT:[ [32m'0.00'[39m, [32m'4.29'[39m, [32m'3.40'[39m, [32m'0.00'[39m ]
data rcv RT:[ [32m'0.00'[39m, [32m'4.26'[39m, [32m'3.41'[39m, [32m'0.00'[39m ]
data rcv RT:[ [32m'0.00'[39m, [32m'4.28'[39m, [32m'3.40'[39m, [32m'0.00'[39m ]
data rcv RT:[ [32m'0.00'[39m, [32m'4.29'[39m, [32m'3.37'[39m, [32m'0.00'[39m ]
data rcv RT:[ [32m'0.00'[39m, [32m'4.27'[39m, [32m'3.38'[39m, [32m'0.00'[39m ]
data rcv RT:[ [32m'0.00'[39m, [32m'4.31'[39m, [32m'3.38'[39m, [32m'0.00'[39m ]
data rcv RT:[ [32m'0.00'[39m, [32m'4.33'[39m, [32m'3.38'[39m, [32m'0.00'[39m ]
data rcv RT:[ [32m'0.00'[39m, [32m'4.34'[39m, [32m'3.40'[39m, [32m'0.01'[39m ]
data rcv RT:[ [32m'0.00'[39m, [32m'4.38'[39m, [32m'3.38'[39m, [32m'0.04'[39m ]
data rcv RT:[ [32m'0.00'[39m, [32m'4.37'[39m, [32m'3.40'[39m, [32m'0.00'[39m ]
data rcv RT:[ [32m'0.00'[39m, [32m'4.34'[39m, [32m'3.46'[39m, [32m'0.00'[39m ]
data rcv RT:[ [32m'0.00'[39m, [32m'4.32'[39m, [32m'3.43'[39m, [32m'0.00'[39m ]
data rcv RT:[ [32m'0.00'[39m, [32m'4.29'[39m, [32m'3.43'[39m, [32m'0.00'[39m ]
data rcv RT:[ [32m'0.00'[39m, [32m'4.26'[39m, [32m'3.45'[39m, [32m'0.00'[39m ]
data rcv RT:[ [32m'0.00'[39m, [32m'4.27'[39m, [32m'3.38'[39m, [32m'0.00'[39m ]
data rcv RT:[ [32m'0.00'[39m, [32m'4.28'[39m, [32m'3.42'[39m, [32m'0.00'[39m ]
data rcv RT:[ [32m'0.00'[39m, [32m'4.29'[39m, [32m'3.39'[39m, [32m'0.00'[39m ]
data rcv RT:[ [32m'0.00'[39m, [32m'4.32'[39m, [32m'3.38'[39m, [32m'0.01'[39m ]
data rcv RT:[ [32m'0.00'[39m, [32m'4.33'[39m, [32m'3.37'[39m, [32m'0.04'[39m ]
data rcv RT:[ [32m'0.00'[39m, [32m'4.32'[39m, [32m'3.40'[39m, [32m'0.00'[39m ]
data rcv RT:[ [32m'0.00'[39m, [32m'4.37'[39m, [32m'3.37'[39m, [32m'0.02'[39m ]
data rcv RT:[ [32m'0.00'[39m, [32m'4.36'[39m, [32m'3.39'[39m, [32m'0.03'[39m ]
data rcv RT:[ [32m'0.00'[39m, [32m'4.38'[39m, [32m'3.37'[39m, [32m'0.00'[39m ]
data rcv RT:[ [32m'0.00'[39m, [32m'4.39'[39m, [32m'3.45'[39m, [32m'0.00'[39m ]
data rcv RT:[ [32m'0.00'[39m, [32m'4.32'[39m, [32m'3.44'[39m, [32m'0.00'[39m ]
data rcv RT:[ [32m'0.00'[39m, [32m'4.34'[39m, [32m'3.41'[39m, [32m'0.00'[39m ]
data rcv RT:[ [32m'0.00'[39m, [32m'4.28'[39m, [32m'3.43'[39m, [32m'0.00'[39m ]
data rcv RT:[ [32m'0.00'[39m, [32m'4.31'[39m, [32m'3.41'[39m, [32m'0.00'[39m ]
data rcv RT:[ [32m'0.00'[39m, [32m'4.27'[39m, [32m'3.40'[39m, [32m'0.00'[39m ]
data rcv RT:[ [32m'0.00'[39m, [32m'4.27'[39m, [32m'3.40'[39m, [32m'0.00'[39m ]
data rcv RT:[ [32m'0.00'[39m, [32m'4.25'[39m, [32m'3.37'[39m, [32m'0.00'[39m ]
data rcv RT:[ [32m'0.00'[39m, [32m'4.32'[39m, [32m'3.35'[39m, [32m'0.00'[39m ]
data rcv RT:[ [32m'0.00'[39m, [32m'4.31'[39m, [32m'3.37'[39m, [32m'0.00'[39m ]
data rcv RT:[ [32m'0.00'[39m, [32m'4.35'[39m, [32m'3.36'[39m, [32m'0.03'[39m ]
data rcv RT:[ [32m'0.00'[39m, [32m'4.37'[39m, [32m'3.37'[39m, [32m'0.04'[39m ]
data rcv RT:[ [32m'0.00'[39m, [32m'4.35'[39m, [32m'3.40'[39m, [32m'0.02'[39m ]
data rcv RT:[ [32m'0.00'[39m, [32m'4.39'[39m, [32m'3.41'[39m, [32m'0.00'[39m ]
data rcv RT:[ [32m'0.00'[39m, [32m'4.30'[39m, [32m'3.41'[39m, [32m'0.00'[39m ]
data rcv RT:[ [32m'0.00'[39m, [32m'4.31'[39m, [32m'3.44'[39m, [32m'0.00'[39m ]
data rcv RT:[ [32m'0.00'[39m, [32m'4.31'[39m, [32m'3.43'[39m, [32m'0.00'[39m ]
data rcv RT:[ [32m'0.00'[39m, [32m'4.26'[39m, [32m'3.43'[39m, [32m'0.00'[39m ]
data rcv RT:[ [32m'0.00'[39m, [32m'4.26'[39m, [32m'3.41'[39m, [32m'0.00'[39m ]
data rcv RT:[ [32m'0.00'[39m, [32m'4.25'[39m, [32m'3.39'[39m, [32m'0.00'[39m ]
data rcv RT:[ [32m'0.00'[39m, [32m'4.29'[39m, [32m'3.38'[39m, [32m'0.00'[39m ]
data rcv RT:[ [32m'0.00'[39m, [32m'4.33'[39m, [32m'3.37'[39m, [32m'0.00'[39m ]
data rcv RT:[ [32m'0.00'[39m, [32m'4.33'[39m, [32m'3.37'[39m, [32m'0.01'[39m ]
data rcv RT:[ [32m'0.00'[39m, [32m'4.34'[39m, [32m'3.37'[39m, [32m'0.01'[39m ]
data rcv RT:[ [32m'0.00'[39m, [32m'4.38'[39m, [32m'3.41'[39m, [32m'0.04'[39m ]
data rcv RT:[ [32m'0.00'[39m, [32m'4.38'[39m, [32m'3.42'[39m, [32m'0.00'[39m ]
data rcv RT:[ [32m'0.00'[39m, [32m'4.34'[39m, [32m'3.45'[39m, [32m'0.00'[39m ]
data rcv RT:[ [32m'0.00'[39m, [32m'4.32'[39m, [32m'3.42'[39m, [32m'0.00'[39m ]
data rcv RT:[ [32m'0.00'[39m, [32m'4.32'[39m, [32m'3.43'[39m, [32m'0.00'[39m ]
data rcv RT:[ [32m'0.00'[39m, [32m'4.29'[39m, [32m'3.42'[39m, [32m'0.00'[39m ]
data rcv RT:[ [32m'0.00'[39m, [32m'4.28'[39m, [32m'3.42'[39m, [32m'0.00'[39m ]
data rcv RT:[ [32m'0.00'[39m, [32m'4.24'[39m, [32m'3.40'[39m, [32m'0.00'[39m ]
data rcv RT:[ [32m'0.00'[39m, [32m'4.25'[39m, [32m'3.39'[39m, [32m'0.00'[39m ]
data rcv RT:[ [32m'0.00'[39m, [32m'4.28'[39m, [32m'3.39'[39m, [32m'0.00'[39m ]
data rcv RT:[ [32m'0.00'[39m, [32m'4.31'[39m, [32m'3.37'[39m, [32m'0.00'[39m ]
data rcv RT:[ [32m'0.00'[39m, [32m'4.27'[39m, [32m'3.39'[39m, [32m'0.00'[39m ]
data rcv RT:[ [32m'0.00'[39m, [32m'4.33'[39m, [32m'3.37'[39m, [32m'0.02'[39m ]
data rcv RT:[ [32m'0.00'[39m, [32m'4.33'[39m, [32m'3.39'[39m, [32m'0.01'[39m ]
data rcv RT:[ [32m'0.00'[39m, [32m'4.32'[39m, [32m'3.40'[39m, [32m'0.00'[39m ]
data rcv RT:[ [32m'0.00'[39m, [32m'4.36'[39m, [32m'3.39'[39m, [32m'0.01'[39m ]
data rcv RT:[ [32m'0.00'[39m, [32m'4.37'[39m, [32m'3.40'[39m, [32m'0.03'[39m ]
data rcv RT:[ [32m'0.00'[39m, [32m'4.37'[39m, [32m'3.43'[39m, [32m'0.00'[39m ]
data rcv RT:[ [32m'0.00'[39m, [32m'4.32'[39m, [32m'3.42'[39m, [32m'0.00'[39m ]
data rcv RT:[ [32m'0.00'[39m, [32m'4.32'[39m, [32m'3.43'[39m, [32m'0.00'[39m ]
data rcv RT:[ [32m'0.00'[39m, [32m'4.31'[39m, [32m'3.43'[39m, [32m'0.00'[39m ]
data rcv RT:[ [32m'0.00'[39m, [32m'4.27'[39m, [32m'3.42'[39m, [32m'0.00'[39m ]
data rcv RT:[ [32m'0.00'[39m, [32m'4.28'[39m, [32m'3.38'[39m, [32m'0.00'[39m ]
data rcv RT:[ [32m'0.00'[39m, [32m'4.26'[39m, [32m'3.44'[39m, [32m'0.00'[39m ]
data rcv RT:[ [32m'0.00'[39m, [32m'4.24'[39m, [32m'3.40'[39m, [32m'0.00'[39m ]
data rcv RT:[ [32m'0.00'[39m, [32m'4.26'[39m, [32m'3.37'[39m, [32m'0.00'[39m ]
data rcv RT:[ [32m'0.00'[39m, [32m'4.27'[39m, [32m'3.37'[39m, [32m'0.00'[39m ]
data rcv RT:[ [32m'0.00'[39m, [32m'4.32'[39m, [32m'3.39'[39m, [32m'0.01'[39m ]
data rcv RT:[ [32m'0.00'[39m, [32m'4.34'[39m, [32m'3.37'[39m, [32m'0.00'[39m ]
data rcv RT:[ [32m'0.00'[39m, [32m'4.34'[39m, [32m'3.36'[39m, [32m'0.05'[39m ]
data rcv RT:[ [32m'0.00'[39m, [32m'4.34'[39m, [32m'3.36'[39m, [32m'0.04'[39m ]
data rcv RT:[ [32m'0.00'[39m, [32m'4.36'[39m, [32m'3.38'[39m, [32m'0.00'[39m ]
data rcv RT:[ [32m'0.00'[39m, [32m'4.36'[39m, [32m'3.42'[39m, [32m'0.00'[39m ]
data rcv RT:[ [32m'0.00'[39m, [32m'4.34'[39m, [32m'3.41'[39m, [32m'0.00'[39m ]
data rcv RT:[ [32m'0.00'[39m, [32m'4.31'[39m, [32m'3.40'[39m, [32m'0.00'[39m ]
data rcv RT:[ [32m'0.00'[39m, [32m'4.30'[39m, [32m'3.43'[39m, [32m'0.00'[39m ]
data rcv RT:[ [32m'0.00'[39m, [32m'4.28'[39m, [32m'3.44'[39m, [32m'0.00'[39m ]
data rcv RT:[ [32m'0.00'[39m, [32m'4.25'[39m, [32m'3.39'[39m, [32m'0.00'[39m ]
data rcv RT:[ [32m'0.00'[39m, [32m'4.24'[39m, [32m'3.39'[39m, [32m'0.00'[39m ]
data rcv RT:[ [32m'0.00'[39m, [32m'4.26'[39m, [32m'3.37'[39m, [32m'0.00'[39m ]
data rcv RT:[ [32m'0.00'[39m, [32m'4.30'[39m, [32m'3.38'[39m, [32m'0.00'[39m ]
data rcv RT:[ [32m'0.00'[39m, [32m'4.32'[39m, [32m'3.39'[39m, [32m'0.00'[39m ]
data rcv RT:[ [32m'0.00'[39m, [32m'4.31'[39m, [32m'3.39'[39m, [32m'0.00'[39m ]
data rcv RT:[ [32m'0.00'[39m, [32m'4.32'[39m, [32m'3.40'[39m, [32m'0.01'[39m ]
data rcv RT:[ [32m'0.00'[39m, [32m'4.31'[39m, [32m'3.40'[39m, [32m'0.00'[39m ]
data rcv RT:[ [32m'0.00'[39m, [32m'4.32'[39m, [32m'3.36'[39m, [32m'0.04'[39m ]
data rcv RT:[ [32m'0.00'[39m, [32m'4.37'[39m, [32m'3.41'[39m, [32m'0.02'[39m ]
data rcv RT:[ [32m'0.00'[39m, [32m'4.36'[39m, [32m'3.43'[39m, [32m'0.03'[39m ]
data rcv RT:[ [32m'0.00'[39m, [32m'4.34'[39m, [32m'3.42'[39m, [32m'0.00'[39m ]
data rcv RT:[ [32m'0.00'[39m, [32m'4.37'[39m, [32m'3.43'[39m, [32m'0.00'[39m ]
data rcv RT:[ [32m'0.00'[39m, [32m'4.33'[39m, [32m'3.44'[39m, [32m'0.00'[39m ]
data rcv RT:[ [32m'0.00'[39m, [32m'4.33'[39m, [32m'3.43'[39m, [32m'0.00'[39m ]
data rcv RT:[ [32m'0.00'[39m, [32m'4.33'[39m, [32m'3.42'[39m, [32m'0.00'[39m ]
data rcv RT:[ [32m'0.00'[39m, [32m'4.30'[39m, [32m'3.43'[39m, [32m'0.00'[39m ]
data rcv RT:[ [32m'0.00'[39m, [32m'4.31'[39m, [32m'3.43'[39m, [32m'0.00'[39m ]
data rcv RT:[ [32m'0.00'[39m, [32m'4.32'[39m, [32m'3.43'[39m, [32m'0.00'[39m ]
data rcv RT:[ [32m'0.00'[39m, [32m'4.30'[39m, [32m'3.49'[39m, [32m'0.00'[39m ]
data rcv RT:[ [32m'0.00'[39m, [32m'4.27'[39m, [32m'3.38'[39m, [32m'0.00'[39m ]
data rcv RT:[ [32m'0.00'[39m, [32m'4.26'[39m, [32m'3.39'[39m, [32m'0.00'[39m ]
data rcv RT:[ [32m'0.00'[39m, [32m'4.26'[39m, [32m'3.40'[39m, [32m'0.00'[39m ]
data rcv RT:[ [32m'0.00'[39m, [32m'4.30'[39m, [32m'3.37'[39m, [32m'0.00'[39m ]
data rcv RT:[ [32m'0.00'[39m, [32m'4.29'[39m, [32m'3.38'[39m, [32m'0.00'[39m ]
data rcv RT:[ [32m'0.00'[39m, [32m'4.31'[39m, [32m'3.37'[39m, [32m'0.01'[39m ]
data rcv RT:[ [32m'0.00'[39m, [32m'4.35'[39m, [32m'3.38'[39m, [32m'0.01'[39m ]
data rcv RT:[ [32m'0.00'[39m, [32m'4.34'[39m, [32m'3.38'[39m, [32m'0.01'[39m ]
data rcv RT:[ [32m'0.00'[39m, [32m'4.34'[39m, [32m'3.36'[39m, [32m'0.02'[39m ]
data rcv RT:[ [32m'0.00'[39m, [32m'4.38'[39m, [32m'3.41'[39m, [32m'0.00'[39m ]
data rcv RT:[ [32m'0.00'[39m, [32m'4.36'[39m, [32m'3.41'[39m, [32m'0.01'[39m ]
data rcv RT:[ [32m'0.00'[39m, [32m'4.30'[39m, [32m'3.42'[39m, [32m'0.00'[39m ]
data rcv RT:[ [32m'0.00'[39m, [32m'4.30'[39m, [32m'3.43'[39m, [32m'0.00'[39m ]
data rcv RT:[ [32m'0.00'[39m, [32m'4.25'[39m, [32m'3.40'[39m, [32m'0.00'[39m ]
data rcv RT:[ [32m'0.00'[39m, [32m'4.26'[39m, [32m'3.38'[39m, [32m'0.00'[39m ]
data rcv RT:[ [32m'0.00'[39m, [32m'4.30'[39m, [32m'3.44'[39m, [32m'0.00'[39m ]
data rcv RT:[ [32m'0.00'[39m, [32m'4.27'[39m, [32m'3.43'[39m, [32m'0.00'[39m ]
data rcv RT:[ [32m'0.00'[39m, [32m'4.26'[39m, [32m'3.39'[39m, [32m'0.00'[39m ]
data rcv RT:[ [32m'0.00'[39m, [32m'4.29'[39m, [32m'3.38'[39m, [32m'0.02'[39m ]
data rcv RT:[ [32m'0.00'[39m, [32m'4.32'[39m, [32m'3.37'[39m, [32m'0.01'[39m ]
data rcv RT:[ [32m'0.00'[39m, [32m'4.34'[39m, [32m'3.38'[39m, [32m'0.01'[39m ]
data rcv RT:[ [32m'0.00'[39m, [32m'4.37'[39m, [32m'3.39'[39m, [32m'0.04'[39m ]
data rcv RT:[ [32m'0.00'[39m, [32m'4.37'[39m, [32m'3.40'[39m, [32m'0.01'[39m ]
data rcv RT:[ [32m'0.00'[39m, [32m'4.39'[39m, [32m'3.43'[39m, [32m'0.00'[39m ]
data rcv RT:[ [32m'0.00'[39m, [32m'4.32'[39m, [32m'3.42'[39m, [32m'0.00'[39m ]
data rcv RT:[ [32m'0.00'[39m, [32m'4.31'[39m, [32m'3.45'[39m, [32m'0.00'[39m ]
data rcv RT:[ [32m'0.00'[39m, [32m'4.29'[39m, [32m'3.44'[39m, [32m'0.00'[39m ]
data rcv RT:[ [32m'0.00'[39m, [32m'4.29'[39m, [32m'3.45'[39m, [32m'0.00'[39m ]
data rcv RT:[ [32m'0.00'[39m, [32m'4.27'[39m, [32m'3.42'[39m, [32m'0.00'[39m ]
data rcv RT:[ [32m'0.00'[39m, [32m'4.28'[39m, [32m'3.42'[39m, [32m'0.00'[39m ]
data rcv RT:[ [32m'0.00'[39m, [32m'4.29'[39m, [32m'3.40'[39m, [32m'0.00'[39m ]
data rcv RT:[ [32m'0.00'[39m, [32m'4.31'[39m, [32m'3.36'[39m, [32m'0.00'[39m ]
data rcv RT:[ [32m'0.00'[39m, [32m'4.32'[39m, [32m'3.37'[39m, [32m'0.00'[39m ]
data rcv RT:[ [32m'0.00'[39m, [32m'4.32'[39m, [32m'3.37'[39m, [32m'0.01'[39m ]
data rcv RT:[ [32m'0.00'[39m, [32m'4.35'[39m, [32m'3.38'[39m, [32m'0.02'[39m ]
data rcv RT:[ [32m'0.00'[39m, [32m'4.35'[39m, [32m'3.34'[39m, [32m'0.07'[39m ]
data rcv RT:[ [32m'0.00'[39m, [32m'4.38'[39m, [32m'3.42'[39m, [32m'0.00'[39m ]
data rcv RT:[ [32m'0.00'[39m, [32m'4.36'[39m, [32m'3.43'[39m, [32m'0.00'[39m ]
data rcv RT:[ [32m'0.00'[39m, [32m'4.32'[39m, [32m'3.43'[39m, [32m'0.00'[39m ]
data rcv RT:[ [32m'0.00'[39m, [32m'4.29'[39m, [32m'3.40'[39m, [32m'0.00'[39m ]
data rcv RT:[ [32m'0.00'[39m, [32m'4.33'[39m, [32m'3.45'[39m, [32m'0.00'[39m ]
data rcv RT:[ [32m'0.00'[39m, [32m'4.27'[39m, [32m'3.40'[39m, [32m'0.00'[39m ]
data rcv RT:[ [32m'0.00'[39m, [32m'4.29'[39m, [32m'3.39'[39m, [32m'0.00'[39m ]
data rcv RT:[ [32m'0.00'[39m, [32m'4.27'[39m, [32m'3.40'[39m, [32m'0.00'[39m ]
data rcv RT:[ [32m'0.00'[39m, [32m'4.30'[39m, [32m'3.39'[39m, [32m'0.01'[39m ]
data rcv RT:[ [32m'0.00'[39m, [32m'4.32'[39m, [32m'3.36'[39m, [32m'0.00'[39m ]
data rcv RT:[ [32m'0.00'[39m, [32m'4.32'[39m, [32m'3.38'[39m, [32m'0.01'[39m ]
data rcv RT:[ [32m'0.00'[39m, [32m'4.35'[39m, [32m'3.35'[39m, [32m'0.05'[39m ]
data rcv RT:[ [32m'0.00'[39m, [32m'4.31'[39m, [32m'3.34'[39m, [32m'0.06'[39m ]
data rcv RT:[ [32m'0.00'[39m, [32m'4.39'[39m, [32m'3.42'[39m, [32m'0.02'[39m ]
data rcv RT:[ [32m'0.00'[39m, [32m'4.36'[39m, [32m'3.41'[39m, [32m'0.00'[39m ]
data rcv RT:[ [32m'0.00'[39m, [32m'4.34'[39m, [32m'3.42'[39m, [32m'0.00'[39m ]
data rcv RT:[ [32m'0.00'[39m, [32m'4.34'[39m, [32m'3.41'[39m, [32m'0.00'[39m ]
data rcv RT:[ [32m'0.00'[39m, [32m'4.29'[39m, [32m'3.44'[39m, [32m'0.00'[39m ]
data rcv RT:[ [32m'0.00'[39m, [32m'4.32'[39m, [32m'3.41'[39m, [32m'0.00'[39m ]
data rcv RT:[ [32m'0.00'[39m, [32m'4.32'[39m, [32m'3.46'[39m, [32m'0.00'[39m ]
data rcv RT:[ [32m'0.00'[39m, [32m'4.28'[39m, [32m'3.43'[39m, [32m'0.00'[39m ]
data rcv RT:[ [32m'0.00'[39m, [32m'4.27'[39m, [32m'3.43'[39m, [32m'0.00'[39m ]
data rcv RT:[ [32m'0.00'[39m, [32m'4.28'[39m, [32m'3.38'[39m, [32m'0.00'[39m ]
data rcv RT:[ [32m'0.00'[39m, [32m'4.29'[39m, [32m'3.36'[39m, [32m'0.00'[39m ]
data rcv RT:[ [32m'0.00'[39m, [32m'4.28'[39m, [32m'3.39'[39m, [32m'0.00'[39m ]
data rcv RT:[ [32m'0.00'[39m, [32m'4.34'[39m, [32m'3.33'[39m, [32m'0.07'[39m ]
data rcv RT:[ [32m'0.00'[39m, [32m'4.36'[39m, [32m'3.39'[39m, [32m'0.02'[39m ]
data rcv RT:[ [32m'0.00'[39m, [32m'4.37'[39m, [32m'3.39'[39m, [32m'0.03'[39m ]
data rcv RT:[ [32m'0.00'[39m, [32m'4.37'[39m, [32m'3.38'[39m, [32m'0.02'[39m ]
data rcv RT:[ [32m'0.00'[39m, [32m'4.34'[39m, [32m'3.45'[39m, [32m'0.00'[39m ]
data rcv RT:[ [32m'0.00'[39m, [32m'4.32'[39m, [32m'3.43'[39m, [32m'0.00'[39m ]
data rcv RT:[ [32m'0.00'[39m, [32m'4.30'[39m, [32m'3.42'[39m, [32m'0.00'[39m ]
data rcv RT:[ [32m'0.00'[39m, [32m'4.31'[39m, [32m'3.47'[39m, [32m'0.00'[39m ]
data rcv RT:[ [32m'0.00'[39m, [32m'4.28'[39m, [32m'3.41'[39m, [32m'0.00'[39m ]
data rcv RT:[ [32m'0.00'[39m, [32m'4.28'[39m, [32m'3.37'[39m, [32m'0.00'[39m ]
data rcv RT:[ [32m'0.00'[39m, [32m'4.29'[39m, [32m'3.37'[39m, [32m'0.00'[39m ]
data rcv RT:[ [32m'0.00'[39m, [32m'4.30'[39m, [32m'3.38'[39m, [32m'0.00'[39m ]
data rcv RT:[ [32m'0.00'[39m, [32m'4.30'[39m, [32m'3.40'[39m, [32m'0.00'[39m ]
data rcv RT:[ [32m'0.00'[39m, [32m'4.37'[39m, [32m'3.37'[39m, [32m'0.04'[39m ]
data rcv RT:[ [32m'0.00'[39m, [32m'4.39'[39m, [32m'3.41'[39m, [32m'0.01'[39m ]
data rcv RT:[ [32m'0.00'[39m, [32m'4.38'[39m, [32m'3.40'[39m, [32m'0.02'[39m ]
data rcv RT:[ [32m'0.00'[39m, [32m'4.33'[39m, [32m'3.44'[39m, [32m'0.00'[39m ]
data rcv RT:[ [32m'0.00'[39m, [32m'4.33'[39m, [32m'3.45'[39m, [32m'0.00'[39m ]
data rcv RT:[ [32m'0.00'[39m, [32m'4.32'[39m, [32m'3.43'[39m, [32m'0.00'[39m ]
data rcv RT:[ [32m'0.00'[39m, [32m'4.31'[39m, [32m'3.42'[39m, [32m'0.00'[39m ]
data rcv RT:[ [32m'0.00'[39m, [32m'4.28'[39m, [32m'3.42'[39m, [32m'0.00'[39m ]
data rcv RT:[ [32m'0.00'[39m, [32m'4.28'[39m, [32m'3.43'[39m, [32m'0.00'[39m ]
data rcv RT:[ [32m'0.00'[39m, [32m'4.28'[39m, [32m'3.37'[39m, [32m'0.00'[39m ]
data rcv RT:[ [32m'0.00'[39m, [32m'4.29'[39m, [32m'3.39'[39m, [32m'0.00'[39m ]
data rcv RT:[ [32m'0.00'[39m, [32m'4.32'[39m, [32m'3.38'[39m, [32m'0.02'[39m ]
data rcv RT:[ [32m'0.00'[39m, [32m'4.36'[39m, [32m'3.38'[39m, [32m'0.00'[39m ]
data rcv RT:[ [32m'0.00'[39m, [32m'4.37'[39m, [32m'3.42'[39m, [32m'0.01'[39m ]
data rcv RT:[ [32m'0.00'[39m, [32m'4.35'[39m, [32m'3.42'[39m, [32m'0.00'[39m ]
data rcv RT:[ [32m'0.00'[39m, [32m'4.34'[39m, [32m'3.40'[39m, [32m'0.00'[39m ]
data rcv RT:[ [32m'0.00'[39m, [32m'4.30'[39m, [32m'3.45'[39m, [32m'0.00'[39m ]
data rcv RT:[ [32m'0.00'[39m, [32m'4.26'[39m, [32m'3.39'[39m, [32m'0.00'[39m ]
data rcv RT:[ [32m'0.00'[39m, [32m'4.27'[39m, [32m'3.42'[39m, [32m'0.00'[39m ]
data rcv RT:[ [32m'0.00'[39m, [32m'4.29'[39m, [32m'3.36'[39m, [32m'0.00'[39m ]
data rcv RT:[ [32m'0.00'[39m, [32m'4.28'[39m, [32m'3.39'[39m, [32m'0.00'[39m ]
data rcv RT:[ [32m'0.00'[39m, [32m'4.33'[39m, [32m'3.39'[39m, [32m'0.00'[39m ]
data rcv RT:[ [32m'0.00'[39m, [32m'4.30'[39m, [32m'3.39'[39m, [32m'0.00'[39m ]
data rcv RT:[ [32m'0.00'[39m, [32m'4.31'[39m, [32m'3.34'[39m, [32m'0.07'[39m ]
data rcv RT:[ [32m'0.00'[39m, [32m'4.32'[39m, [32m'3.38'[39m, [32m'0.02'[39m ]
data rcv RT:[ [32m'0.00'[39m, [32m'4.37'[39m, [32m'3.37'[39m, [32m'0.02'[39m ]
data rcv RT:[ [32m'0.00'[39m, [32m'4.34'[39m, [32m'3.41'[39m, [32m'0.00'[39m ]
data rcv RT:[ [32m'0.00'[39m, [32m'4.31'[39m, [32m'3.44'[39m, [32m'0.00'[39m ]
data rcv RT:[ [32m'0.00'[39m, [32m'4.31'[39m, [32m'3.41'[39m, [32m'0.00'[39m ]
data rcv RT:[ [32m'0.00'[39m, [32m'4.34'[39m, [32m'3.47'[39m, [32m'0.00'[39m ]
data rcv RT:[ [32m'0.00'[39m, [32m'4.24'[39m, [32m'3.41'[39m, [32m'0.00'[39m ]
data rcv RT:[ [32m'0.00'[39m, [32m'4.28'[39m, [32m'3.36'[39m, [32m'0.00'[39m ]
data rcv RT:[ [32m'0.00'[39m, [32m'4.30'[39m, [32m'3.38'[39m, [32m'0.01'[39m ]
data rcv RT:[ [32m'0.00'[39m, [32m'4.36'[39m, [32m'3.38'[39m, [32m'0.02'[39m ]
data rcv RT:[ [32m'0.00'[39m, [32m'4.36'[39m, [32m'3.36'[39m, [32m'0.01'[39m ]
data rcv RT:[ [32m'0.00'[39m, [32m'4.37'[39m, [32m'3.41'[39m, [32m'0.00'[39m ]
data rcv RT:[ [32m'0.00'[39m, [32m'4.39'[39m, [32m'3.42'[39m, [32m'0.00'[39m ]
data rcv RT:[ [32m'0.00'[39m, [32m'4.31'[39m, [32m'3.44'[39m, [32m'0.00'[39m ]
data rcv RT:[ [32m'0.00'[39m, [32m'4.32'[39m, [32m'3.42'[39m, [32m'0.00'[39m ]
data rcv RT:[ [32m'0.00'[39m, [32m'4.26'[39m, [32m'3.39'[39m, [32m'0.00'[39m ]
data rcv RT:[ [32m'0.00'[39m, [32m'4.27'[39m, [32m'3.40'[39m, [32m'0.00'[39m ]
data rcv RT:[ [32m'0.00'[39m, [32m'4.28'[39m, [32m'3.38'[39m, [32m'0.00'[39m ]
data rcv RT:[ [32m'0.00'[39m, [32m'4.29'[39m, [32m'3.36'[39m, [32m'0.00'[39m ]
data rcv RT:[ [32m'0.00'[39m, [32m'4.31'[39m, [32m'3.38'[39m, [32m'0.02'[39m ]
data rcv RT:[ [32m'0.00'[39m, [32m'4.34'[39m, [32m'3.38'[39m, [32m'0.01'[39m ]
data rcv RT:[ [32m'0.00'[39m, [32m'4.36'[39m, [32m'3.38'[39m, [32m'0.00'[39m ]
data rcv RT:[ [32m'0.00'[39m, [32m'4.40'[39m, [32m'3.41'[39m, [32m'0.01'[39m ]
data rcv RT:[ [32m'0.00'[39m, [32m'4.36'[39m, [32m'3.42'[39m, [32m'0.00'[39m ]
data rcv RT:[ [32m'0.00'[39m, [32m'4.34'[39m, [32m'3.43'[39m, [32m'0.00'[39m ]
data rcv RT:[ [32m'0.00'[39m, [32m'4.31'[39m, [32m'3.42'[39m, [32m'0.00'[39m ]
data rcv RT:[ [32m'0.00'[39m, [32m'4.32'[39m, [32m'3.43'[39m, [32m'0.00'[39m ]
data rcv RT:[ [32m'0.00'[39m, [32m'4.30'[39m, [32m'3.42'[39m, [32m'0.00'[39m ]
data rcv RT:[ [32m'0.00'[39m, [32m'4.27'[39m, [32m'3.39'[39m, [32m'0.00'[39m ]
data rcv RT:[ [32m'0.00'[39m, [32m'4.27'[39m, [32m'3.42'[39m, [32m'0.00'[39m ]
data rcv RT:[ [32m'0.00'[39m, [32m'4.26'[39m, [32m'3.34'[39m, [32m'0.00'[39m ]
data rcv RT:[ [32m'0.00'[39m, [32m'4.33'[39m, [32m'3.37'[39m, [32m'0.02'[39m ]
data rcv RT:[ [32m'0.00'[39m, [32m'4.32'[39m, [32m'3.34'[39m, [32m'0.03'[39m ]
data rcv RT:[ [32m'0.00'[39m, [32m'4.37'[39m, [32m'3.39'[39m, [32m'0.00'[39m ]
data rcv RT:[ [32m'0.00'[39m, [32m'4.36'[39m, [32m'3.40'[39m, [32m'0.01'[39m ]
data rcv RT:[ [32m'0.00'[39m, [32m'4.36'[39m, [32m'3.42'[39m, [32m'0.00'[39m ]
data rcv RT:[ [32m'0.00'[39m, [32m'4.32'[39m, [32m'3.43'[39m, [32m'0.00'[39m ]
data rcv RT:[ [32m'0.00'[39m, [32m'4.31'[39m, [32m'3.42'[39m, [32m'0.00'[39m ]
data rcv RT:[ [32m'0.00'[39m, [32m'4.30'[39m, [32m'3.42'[39m, [32m'0.00'[39m ]
data rcv RT:[ [32m'0.00'[39m, [32m'4.26'[39m, [32m'3.39'[39m, [32m'0.00'[39m ]
data rcv RT:[ [32m'0.00'[39m, [32m'4.26'[39m, [32m'3.37'[39m, [32m'0.00'[39m ]
data rcv RT:[ [32m'0.00'[39m, [32m'4.28'[39m, [32m'3.39'[39m, [32m'0.00'[39m ]
data rcv RT:[ [32m'0.00'[39m, [32m'4.35'[39m, [32m'3.38'[39m, [32m'0.02'[39m ]
data rcv RT:[ [32m'0.00'[39m, [32m'4.33'[39m, [32m'3.40'[39m, [32m'0.00'[39m ]
data rcv RT:[ [32m'0.00'[39m, [32m'4.35'[39m, [32m'3.39'[39m, [32m'0.01'[39m ]
data rcv RT:[ [32m'0.00'[39m, [32m'4.35'[39m, [32m'3.41'[39m, [32m'0.00'[39m ]
data rcv RT:[ [32m'0.00'[39m, [32m'4.32'[39m, [32m'3.43'[39m, [32m'0.00'[39m ]
data rcv RT:[ [32m'0.00'[39m, [32m'4.31'[39m, [32m'3.45'[39m, [32m'0.00'[39m ]
data rcv RT:[ [32m'0.00'[39m, [32m'4.30'[39m, [32m'3.46'[39m, [32m'0.00'[39m ]
data rcv RT:[ [32m'0.00'[39m, [32m'4.31'[39m, [32m'3.43'[39m, [32m'0.00'[39m ]
data rcv RT:[ [32m'0.00'[39m, [32m'4.30'[39m, [32m'3.43'[39m, [32m'0.00'[39m ]
data rcv RT:[ [32m'0.00'[39m, [32m'4.25'[39m, [32m'3.40'[39m, [32m'0.00'[39m ]
data rcv RT:[ [32m'0.00'[39m, [32m'4.27'[39m, [32m'3.37'[39m, [32m'0.00'[39m ]
data rcv RT:[ [32m'0.00'[39m, [32m'4.29'[39m, [32m'3.38'[39m, [32m'0.00'[39m ]
data rcv RT:[ [32m'0.00'[39m, [32m'4.30'[39m, [32m'3.39'[39m, [32m'0.00'[39m ]
data rcv RT:[ [32m'0.00'[39m, [32m'4.31'[39m, [32m'3.39'[39m, [32m'0.00'[39m ]
data rcv RT:[ [32m'0.00'[39m, [32m'4.31'[39m, [32m'3.39'[39m, [32m'0.01'[39m ]
data rcv RT:[ [32m'0.00'[39m, [32m'4.39'[39m, [32m'3.39'[39m, [32m'0.00'[39m ]
data rcv RT:[ [32m'0.00'[39m, [32m'4.38'[39m, [32m'3.40'[39m, [32m'0.02'[39m ]
data rcv RT:[ [32m'0.00'[39m, [32m'4.35'[39m, [32m'3.43'[39m, [32m'0.00'[39m ]
data rcv RT:[ [32m'0.00'[39m, [32m'4.36'[39m, [32m'3.44'[39m, [32m'0.00'[39m ]
data rcv RT:[ [32m'0.00'[39m, [32m'4.36'[39m, [32m'3.42'[39m, [32m'0.00'[39m ]
data rcv RT:[ [32m'0.00'[39m, [32m'4.29'[39m, [32m'3.42'[39m, [32m'0.00'[39m ]
data rcv RT:[ [32m'0.00'[39m, [32m'4.29'[39m, [32m'3.41'[39m, [32m'0.00'[39m ]
data rcv RT:[ [32m'0.00'[39m, [32m'4.28'[39m, [32m'3.41'[39m, [32m'0.00'[39m ]
data rcv RT:[ [32m'0.00'[39m, [32m'4.26'[39m, [32m'3.39'[39m, [32m'0.00'[39m ]
data rcv RT:[ [32m'0.00'[39m, [32m'4.26'[39m, [32m'3.39'[39m, [32m'0.00'[39m ]
data rcv RT:[ [32m'0.00'[39m, [32m'4.29'[39m, [32m'3.43'[39m, [32m'0.00'[39m ]
data rcv RT:[ [32m'0.00'[39m, [32m'4.28'[39m, [32m'3.39'[39m, [32m'0.00'[39m ]
data rcv RT:[ [32m'0.00'[39m, [32m'4.31'[39m, [32m'3.40'[39m, [32m'0.00'[39m ]
data rcv RT:[ [32m'0.00'[39m, [32m'4.29'[39m, [32m'3.40'[39m, [32m'0.00'[39m ]
data rcv RT:[ [32m'0.00'[39m, [32m'4.37'[39m, [32m'3.41'[39m, [32m'0.01'[39m ]
data rcv RT:[ [32m'0.00'[39m, [32m'4.39'[39m, [32m'3.43'[39m, [32m'0.00'[39m ]
data rcv RT:[ [32m'0.00'[39m, [32m'4.34'[39m, [32m'3.38'[39m, [32m'0.00'[39m ]
data rcv RT:[ [32m'0.00'[39m, [32m'4.34'[39m, [32m'3.43'[39m, [32m'0.00'[39m ]
data rcv RT:[ [32m'0.00'[39m, [32m'4.31'[39m, [32m'3.44'[39m, [32m'0.00'[39m ]
data rcv RT:[ [32m'0.00'[39m, [32m'4.30'[39m, [32m'3.43'[39m, [32m'0.00'[39m ]
data rcv RT:[ [32m'0.00'[39m, [32m'4.27'[39m, [32m'3.40'[39m, [32m'0.00'[39m ]
data rcv RT:[ [32m'0.00'[39m, [32m'4.25'[39m, [32m'3.38'[39m, [32m'0.00'[39m ]
data rcv RT:[ [32m'0.00'[39m, [32m'4.27'[39m, [32m'3.39'[39m, [32m'0.00'[39m ]
data rcv RT:[ [32m'0.00'[39m, [32m'4.29'[39m, [32m'3.39'[39m, [32m'0.00'[39m ]
data rcv RT:[ [32m'0.00'[39m, [32m'4.34'[39m, [32m'3.39'[39m, [32m'0.00'[39m ]
data rcv RT:[ [32m'0.00'[39m, [32m'4.32'[39m, [32m'3.37'[39m, [32m'0.03'[39m ]
data rcv RT:[ [32m'0.00'[39m, [32m'4.35'[39m, [32m'3.41'[39m, [32m'0.00'[39m ]
data rcv RT:[ [32m'0.00'[39m, [32m'4.36'[39m, [32m'3.40'[39m, [32m'0.00'[39m ]
data rcv RT:[ [32m'0.00'[39m, [32m'4.37'[39m, [32m'3.44'[39m, [32m'0.00'[39m ]
data rcv RT:[ [32m'0.00'[39m, [32m'4.31'[39m, [32m'3.43'[39m, [32m'0.00'[39m ]
data rcv RT:[ [32m'0.00'[39m, [32m'4.29'[39m, [32m'3.43'[39m, [32m'0.00'[39m ]
data rcv RT:[ [32m'0.00'[39m, [32m'4.27'[39m, [32m'3.42'[39m, [32m'0.00'[39m ]
data rcv RT:[ [32m'0.00'[39m, [32m'4.29'[39m, [32m'3.39'[39m, [32m'0.00'[39m ]
data rcv RT:[ [32m'0.00'[39m, [32m'4.25'[39m, [32m'3.38'[39m, [32m'0.00'[39m ]
data rcv RT:[ [32m'0.00'[39m, [32m'4.29'[39m, [32m'3.39'[39m, [32m'0.00'[39m ]
data rcv RT:[ [32m'0.00'[39m, [32m'4.30'[39m, [32m'3.38'[39m, [32m'0.00'[39m ]
data rcv RT:[ [32m'0.00'[39m, [32m'4.35'[39m, [32m'3.39'[39m, [32m'0.02'[39m ]
data rcv RT:[ [32m'0.00'[39m, [32m'4.36'[39m, [32m'3.38'[39m, [32m'0.02'[39m ]
data rcv RT:[ [32m'0.00'[39m, [32m'4.38'[39m, [32m'3.40'[39m, [32m'0.00'[39m ]
data rcv RT:[ [32m'0.00'[39m, [32m'4.35'[39m, [32m'3.39'[39m, [32m'0.01'[39m ]
data rcv RT:[ [32m'0.00'[39m, [32m'4.35'[39m, [32m'3.44'[39m, [32m'0.00'[39m ]
data rcv RT:[ [32m'0.00'[39m, [32m'4.32'[39m, [32m'3.45'[39m, [32m'0.00'[39m ]
data rcv RT:[ [32m'0.00'[39m, [32m'4.33'[39m, [32m'3.42'[39m, [32m'0.00'[39m ]
data rcv RT:[ [32m'0.00'[39m, [32m'4.27'[39m, [32m'3.46'[39m, [32m'0.00'[39m ]
data rcv RT:[ [32m'0.00'[39m, [32m'4.27'[39m, [32m'3.41'[39m, [32m'0.00'[39m ]
data rcv RT:[ [32m'0.00'[39m, [32m'4.29'[39m, [32m'3.44'[39m, [32m'0.00'[39m ]
data rcv RT:[ [32m'0.00'[39m, [32m'4.26'[39m, [32m'3.42'[39m, [32m'0.00'[39m ]
data rcv RT:[ [32m'0.00'[39m, [32m'4.29'[39m, [32m'3.37'[39m, [32m'0.00'[39m ]
data rcv RT:[ [32m'0.00'[39m, [32m'4.27'[39m, [32m'3.39'[39m, [32m'0.00'[39m ]
data rcv RT:[ [32m'0.00'[39m, [32m'4.30'[39m, [32m'3.39'[39m, [32m'0.00'[39m ]
data rcv RT:[ [32m'0.00'[39m, [32m'4.36'[39m, [32m'3.41'[39m, [32m'0.01'[39m ]
data rcv RT:[ [32m'0.00'[39m, [32m'4.35'[39m, [32m'3.37'[39m, [32m'0.01'[39m ]
data rcv RT:[ [32m'0.00'[39m, [32m'4.37'[39m, [32m'3.38'[39m, [32m'0.01'[39m ]
data rcv RT:[ [32m'0.00'[39m, [32m'4.36'[39m, [32m'3.43'[39m, [32m'0.00'[39m ]
data rcv RT:[ [32m'0.00'[39m, [32m'4.36'[39m, [32m'3.41'[39m, [32m'0.00'[39m ]
data rcv RT:[ [32m'0.00'[39m, [32m'4.30'[39m, [32m'3.44'[39m, [32m'0.00'[39m ]
data rcv RT:[ [32m'0.00'[39m, [32m'4.29'[39m, [32m'3.43'[39m, [32m'0.00'[39m ]
data rcv RT:[ [32m'0.00'[39m, [32m'4.29'[39m, [32m'3.47'[39m, [32m'0.00'[39m ]
data rcv RT:[ [32m'0.00'[39m, [32m'4.28'[39m, [32m'3.39'[39m, [32m'0.00'[39m ]
data rcv RT:[ [32m'0.00'[39m, [32m'4.27'[39m, [32m'3.42'[39m, [32m'0.00'[39m ]
data rcv RT:[ [32m'0.00'[39m, [32m'4.29'[39m, [32m'3.38'[39m, [32m'0.00'[39m ]
data rcv RT:[ [32m'0.00'[39m, [32m'4.29'[39m, [32m'3.36'[39m, [32m'0.00'[39m ]
data rcv RT:[ [32m'0.00'[39m, [32m'4.32'[39m, [32m'3.39'[39m, [32m'0.00'[39m ]
data rcv RT:[ [32m'0.00'[39m, [32m'4.34'[39m, [32m'3.36'[39m, [32m'0.02'[39m ]
data rcv RT:[ [32m'0.00'[39m, [32m'4.35'[39m, [32m'3.38'[39m, [32m'0.04'[39m ]
data rcv RT:[ [32m'0.00'[39m, [32m'4.35'[39m, [32m'3.43'[39m, [32m'0.00'[39m ]
data rcv RT:[ [32m'0.00'[39m, [32m'4.35'[39m, [32m'3.41'[39m, [32m'0.00'[39m ]
data rcv RT:[ [32m'0.00'[39m, [32m'4.32'[39m, [32m'3.42'[39m, [32m'0.00'[39m ]
data rcv RT:[ [32m'0.00'[39m, [32m'4.32'[39m, [32m'3.43'[39m, [32m'0.00'[39m ]
data rcv RT:[ [32m'0.00'[39m, [32m'4.30'[39m, [32m'3.39'[39m, [32m'0.00'[39m ]
data rcv RT:[ [32m'0.00'[39m, [32m'4.31'[39m, [32m'3.42'[39m, [32m'0.00'[39m ]
data rcv RT:[ [32m'0.00'[39m, [32m'4.27'[39m, [32m'3.42'[39m, [32m'0.00'[39m ]
data rcv RT:[ [32m'0.00'[39m, [32m'4.30'[39m, [32m'3.41'[39m, [32m'0.00'[39m ]
data rcv RT:[ [32m'0.00'[39m, [32m'4.31'[39m, [32m'3.36'[39m, [32m'0.00'[39m ]
data rcv RT:[ [32m'0.00'[39m, [32m'4.28'[39m, [32m'3.37'[39m, [32m'0.00'[39m ]
data rcv RT:[ [32m'0.00'[39m, [32m'4.31'[39m, [32m'3.40'[39m, [32m'0.01'[39m ]
data rcv RT:[ [32m'0.00'[39m, [32m'4.32'[39m, [32m'3.37'[39m, [32m'0.01'[39m ]
data rcv RT:[ [32m'0.00'[39m, [32m'4.36'[39m, [32m'3.40'[39m, [32m'0.04'[39m ]
data rcv RT:[ [32m'0.00'[39m, [32m'4.37'[39m, [32m'3.40'[39m, [32m'0.00'[39m ]
data rcv RT:[ [32m'0.00'[39m, [32m'4.37'[39m, [32m'3.40'[39m, [32m'0.02'[39m ]
data rcv RT:[ [32m'0.00'[39m, [32m'4.40'[39m, [32m'3.40'[39m, [32m'0.00'[39m ]
data rcv RT:[ [32m'0.00'[39m, [32m'4.36'[39m, [32m'3.42'[39m, [32m'0.00'[39m ]
data rcv RT:[ [32m'0.00'[39m, [32m'4.31'[39m, [32m'3.43'[39m, [32m'0.00'[39m ]
data rcv RT:[ [32m'0.00'[39m, [32m'4.32'[39m, [32m'3.42'[39m, [32m'0.00'[39m ]
data rcv RT:[ [32m'0.00'[39m, [32m'4.34'[39m, [32m'3.43'[39m, [32m'0.00'[39m ]
data rcv RT:[ [32m'0.00'[39m, [32m'4.34'[39m, [32m'3.42'[39m, [32m'0.00'[39m ]
data rcv RT:[ [32m'0.00'[39m, [32m'4.32'[39m, [32m'3.42'[39m, [32m'0.00'[39m ]
data rcv RT:[ [32m'0.00'[39m, [32m'4.29'[39m, [32m'3.44'[39m, [32m'0.00'[39m ]
data rcv RT:[ [32m'0.00'[39m, [32m'4.29'[39m, [32m'3.44'[39m, [32m'0.00'[39m ]
data rcv RT:[ [32m'0.00'[39m, [32m'4.28'[39m, [32m'3.39'[39m, [32m'0.00'[39m ]
data rcv RT:[ [32m'0.00'[39m, [32m'4.27'[39m, [32m'3.40'[39m, [32m'0.00'[39m ]
data rcv RT:[ [32m'0.00'[39m, [32m'4.29'[39m, [32m'3.38'[39m, [32m'0.00'[39m ]
data rcv RT:[ [32m'0.00'[39m, [32m'4.31'[39m, [32m'3.39'[39m, [32m'0.01'[39m ]
data rcv RT:[ [32m'0.00'[39m, [32m'4.35'[39m, [32m'3.38'[39m, [32m'0.03'[39m ]
data rcv RT:[ [32m'0.00'[39m, [32m'4.35'[39m, [32m'3.36'[39m, [32m'0.03'[39m ]
data rcv RT:[ [32m'0.00'[39m, [32m'4.37'[39m, [32m'3.40'[39m, [32m'0.01'[39m ]
data rcv RT:[ [32m'0.00'[39m, [32m'4.34'[39m, [32m'3.42'[39m, [32m'0.00'[39m ]
data rcv RT:[ [32m'0.00'[39m, [32m'4.35'[39m, [32m'3.43'[39m, [32m'0.00'[39m ]
data rcv RT:[ [32m'0.00'[39m, [32m'4.32'[39m, [32m'3.42'[39m, [32m'0.00'[39m ]
data rcv RT:[ [32m'0.00'[39m, [32m'4.33'[39m, [32m'3.41'[39m, [32m'0.00'[39m ]
data rcv RT:[ [32m'0.00'[39m, [32m'4.30'[39m, [32m'3.41'[39m, [32m'0.00'[39m ]
data rcv RT:[ [32m'0.00'[39m, [32m'4.26'[39m, [32m'3.40'[39m, [32m'0.00'[39m ]
data rcv RT:[ [32m'0.00'[39m, [32m'4.26'[39m, [32m'3.40'[39m, [32m'0.00'[39m ]
data rcv RT:[ [32m'0.00'[39m, [32m'4.28'[39m, [32m'3.41'[39m, [32m'0.00'[39m ]
data rcv RT:[ [32m'0.00'[39m, [32m'4.28'[39m, [32m'3.38'[39m, [32m'0.00'[39m ]
data rcv RT:[ [32m'0.00'[39m, [32m'4.28'[39m, [32m'3.40'[39m, [32m'0.00'[39m ]
data rcv RT:[ [32m'0.00'[39m, [32m'4.30'[39m, [32m'3.39'[39m, [32m'0.00'[39m ]
data rcv RT:[ [32m'0.00'[39m, [32m'4.32'[39m, [32m'3.37'[39m, [32m'0.00'[39m ]
data rcv RT:[ [32m'0.00'[39m, [32m'4.33'[39m, [32m'3.37'[39m, [32m'0.04'[39m ]
data rcv RT:[ [32m'0.00'[39m, [32m'4.38'[39m, [32m'3.36'[39m, [32m'0.04'[39m ]
data rcv RT:[ [32m'0.00'[39m, [32m'4.38'[39m, [32m'3.39'[39m, [32m'0.03'[39m ]
data rcv RT:[ [32m'0.00'[39m, [32m'4.39'[39m, [32m'3.39'[39m, [32m'0.03'[39m ]
data rcv RT:[ [32m'0.00'[39m, [32m'4.36'[39m, [32m'3.42'[39m, [32m'0.00'[39m ]
data rcv RT:[ [32m'0.00'[39m, [32m'4.36'[39m, [32m'3.43'[39m, [32m'0.00'[39m ]
data rcv RT:[ [32m'0.00'[39m, [32m'4.32'[39m, [32m'3.42'[39m, [32m'0.00'[39m ]
data rcv RT:[ [32m'0.00'[39m, [32m'4.32'[39m, [32m'3.41'[39m, [32m'0.00'[39m ]
data rcv RT:[ [32m'0.00'[39m, [32m'4.32'[39m, [32m'3.43'[39m, [32m'0.00'[39m ]
data rcv RT:[ [32m'0.00'[39m, [32m'4.32'[39m, [32m'3.43'[39m, [32m'0.00'[39m ]
data rcv RT:[ [32m'0.00'[39m, [32m'4.29'[39m, [32m'3.42'[39m, [32m'0.00'[39m ]
data rcv RT:[ [32m'0.00'[39m, [32m'4.27'[39m, [32m'3.41'[39m, [32m'0.00'[39m ]
data rcv RT:[ [32m'0.00'[39m, [32m'4.27'[39m, [32m'3.38'[39m, [32m'0.00'[39m ]
data rcv RT:[ [32m'0.00'[39m, [32m'4.29'[39m, [32m'3.38'[39m, [32m'0.00'[39m ]
data rcv RT:[ [32m'0.00'[39m, [32m'4.32'[39m, [32m'3.38'[39m, [32m'0.01'[39m ]
data rcv RT:[ [32m'0.00'[39m, [32m'4.34'[39m, [32m'3.38'[39m, [32m'0.02'[39m ]
data rcv RT:[ [32m'0.00'[39m, [32m'4.37'[39m, [32m'3.39'[39m, [32m'0.02'[39m ]
data rcv RT:[ [32m'0.00'[39m, [32m'4.35'[39m, [32m'3.42'[39m, [32m'0.00'[39m ]
data rcv RT:[ [32m'0.00'[39m, [32m'4.36'[39m, [32m'3.43'[39m, [32m'0.00'[39m ]
data rcv RT:[ [32m'0.00'[39m, [32m'4.32'[39m, [32m'3.42'[39m, [32m'0.00'[39m ]
data rcv RT:[ [32m'0.00'[39m, [32m'4.31'[39m, [32m'3.42'[39m, [32m'0.00'[39m ]
data rcv RT:[ [32m'0.00'[39m, [32m'4.26'[39m, [32m'3.41'[39m, [32m'0.00'[39m ]
data rcv RT:[ [32m'0.00'[39m, [32m'4.30'[39m, [32m'3.42'[39m, [32m'0.00'[39m ]
data rcv RT:[ [32m'0.00'[39m, [32m'4.26'[39m, [32m'3.42'[39m, [32m'0.00'[39m ]
data rcv RT:[ [32m'0.00'[39m, [32m'4.25'[39m, [32m'3.42'[39m, [32m'0.00'[39m ]
data rcv RT:[ [32m'0.00'[39m, [32m'4.26'[39m, [32m'3.40'[39m, [32m'0.00'[39m ]
data rcv RT:[ [32m'0.00'[39m, [32m'4.26'[39m, [32m'3.39'[39m, [32m'0.00'[39m ]
data rcv RT:[ [32m'0.00'[39m, [32m'4.31'[39m, [32m'3.39'[39m, [32m'0.00'[39m ]
data rcv RT:[ [32m'0.00'[39m, [32m'4.31'[39m, [32m'3.38'[39m, [32m'0.00'[39m ]
data rcv RT:[ [32m'0.00'[39m, [32m'4.33'[39m, [32m'3.38'[39m, [32m'0.02'[39m ]
data rcv RT:[ [32m'0.00'[39m, [32m'4.36'[39m, [32m'3.40'[39m, [32m'0.01'[39m ]
data rcv RT:[ [32m'0.00'[39m, [32m'4.36'[39m, [32m'3.40'[39m, [32m'0.00'[39m ]
data rcv RT:[ [32m'0.00'[39m, [32m'4.36'[39m, [32m'3.42'[39m, [32m'0.00'[39m ]
data rcv RT:[ [32m'0.00'[39m, [32m'4.35'[39m, [32m'3.41'[39m, [32m'0.00'[39m ]
data rcv RT:[ [32m'0.00'[39m, [32m'4.34'[39m, [32m'3.42'[39m, [32m'0.00'[39m ]
data rcv RT:[ [32m'0.00'[39m, [32m'4.31'[39m, [32m'3.43'[39m, [32m'0.00'[39m ]
data rcv RT:[ [32m'0.00'[39m, [32m'4.30'[39m, [32m'3.40'[39m, [32m'0.00'[39m ]
data rcv RT:[ [32m'0.00'[39m, [32m'4.30'[39m, [32m'3.45'[39m, [32m'0.00'[39m ]
data rcv RT:[ [32m'0.00'[39m, [32m'4.30'[39m, [32m'3.41'[39m, [32m'0.00'[39m ]
data rcv RT:[ [32m'0.00'[39m, [32m'4.27'[39m, [32m'3.39'[39m, [32m'0.00'[39m ]
data rcv RT:[ [32m'0.00'[39m, [32m'4.27'[39m, [32m'3.40'[39m, [32m'0.00'[39m ]
data rcv RT:[ [32m'0.00'[39m, [32m'4.33'[39m, [32m'3.38'[39m, [32m'0.00'[39m ]
data rcv RT:[ [32m'0.00'[39m, [32m'4.38'[39m, [32m'3.38'[39m, [32m'0.03'[39m ]
data rcv RT:[ [32m'0.00'[39m, [32m'4.39'[39m, [32m'3.40'[39m, [32m'0.01'[39m ]
data rcv RT:[ [32m'0.00'[39m, [32m'4.33'[39m, [32m'3.43'[39m, [32m'0.00'[39m ]
data rcv RT:[ [32m'0.00'[39m, [32m'4.30'[39m, [32m'3.43'[39m, [32m'0.00'[39m ]
data rcv RT:[ [32m'0.00'[39m, [32m'4.25'[39m, [32m'3.42'[39m, [32m'0.00'[39m ]
data rcv RT:[ [32m'0.00'[39m, [32m'4.29'[39m, [32m'3.40'[39m, [32m'0.00'[39m ]
data rcv RT:[ [32m'0.00'[39m, [32m'4.27'[39m, [32m'3.38'[39m, [32m'0.00'[39m ]
data rcv RT:[ [32m'0.00'[39m, [32m'4.29'[39m, [32m'3.36'[39m, [32m'0.00'[39m ]
data rcv RT:[ [32m'0.00'[39m, [32m'4.31'[39m, [32m'3.36'[39m, [32m'0.00'[39m ]
data rcv RT:[ [32m'0.00'[39m, [32m'4.34'[39m, [32m'3.36'[39m, [32m'0.02'[39m ]
data rcv RT:[ [32m'0.00'[39m, [32m'4.32'[39m, [32m'3.37'[39m, [32m'0.02'[39m ]
data rcv RT:[ [32m'0.00'[39m, [32m'4.33'[39m, [32m'3.36'[39m, [32m'0.05'[39m ]
data rcv RT:[ [32m'0.00'[39m, [32m'4.36'[39m, [32m'3.42'[39m, [32m'0.00'[39m ]
data rcv RT:[ [32m'0.00'[39m, [32m'4.36'[39m, [32m'3.40'[39m, [32m'0.01'[39m ]
data rcv RT:[ [32m'0.00'[39m, [32m'4.34'[39m, [32m'3.42'[39m, [32m'0.00'[39m ]
data rcv RT:[ [32m'0.00'[39m, [32m'4.36'[39m, [32m'3.42'[39m, [32m'0.00'[39m ]
data rcv RT:[ [32m'0.00'[39m, [32m'4.31'[39m, [32m'3.42'[39m, [32m'0.00'[39m ]
data rcv RT:[ [32m'0.00'[39m, [32m'4.32'[39m, [32m'3.43'[39m, [32m'0.00'[39m ]
data rcv RT:[ [32m'0.00'[39m, [32m'4.26'[39m, [32m'3.43'[39m, [32m'0.00'[39m ]
data rcv RT:[ [32m'0.00'[39m, [32m'4.26'[39m, [32m'3.41'[39m, [32m'0.00'[39m ]
data rcv RT:[ [32m'0.00'[39m, [32m'4.25'[39m, [32m'3.40'[39m, [32m'0.00'[39m ]
data rcv RT:[ [32m'0.00'[39m, [32m'4.29'[39m, [32m'3.40'[39m, [32m'0.00'[39m ]
data rcv RT:[ [32m'0.00'[39m, [32m'4.31'[39m, [32m'3.36'[39m, [32m'0.00'[39m ]
data rcv RT:[ [32m'0.00'[39m, [32m'4.33'[39m, [32m'3.37'[39m, [32m'0.04'[39m ]
data rcv RT:[ [32m'0.00'[39m, [32m'4.38'[39m, [32m'3.39'[39m, [32m'0.02'[39m ]
data rcv RT:[ [32m'0.00'[39m, [32m'4.35'[39m, [32m'3.44'[39m, [32m'0.00'[39m ]
data rcv RT:[ [32m'0.00'[39m, [32m'4.32'[39m, [32m'3.44'[39m, [32m'0.00'[39m ]
data rcv RT:[ [32m'0.00'[39m, [32m'4.34'[39m, [32m'3.43'[39m, [32m'0.00'[39m ]
data rcv RT:[ [32m'0.00'[39m, [32m'4.28'[39m, [32m'3.41'[39m, [32m'0.00'[39m ]
data rcv RT:[ [32m'0.00'[39m, [32m'4.31'[39m, [32m'3.44'[39m, [32m'0.00'[39m ]
data rcv RT:[ [32m'0.00'[39m, [32m'4.26'[39m, [32m'3.41'[39m, [32m'0.00'[39m ]
data rcv RT:[ [32m'0.00'[39m, [32m'4.27'[39m, [32m'3.40'[39m, [32m'0.00'[39m ]
data rcv RT:[ [32m'0.00'[39m, [32m'4.27'[39m, [32m'3.39'[39m, [32m'0.00'[39m ]
data rcv RT:[ [32m'0.00'[39m, [32m'4.33'[39m, [32m'3.36'[39m, [32m'0.02'[39m ]
data rcv RT:[ [32m'0.00'[39m, [32m'4.35'[39m, [32m'3.38'[39m, [32m'0.02'[39m ]
data rcv RT:[ [32m'0.00'[39m, [32m'4.34'[39m, [32m'3.39'[39m, [32m'0.01'[39m ]
data rcv RT:[ [32m'0.00'[39m, [32m'4.34'[39m, [32m'3.37'[39m, [32m'0.02'[39m ]
data rcv RT:[ [32m'0.00'[39m, [32m'4.39'[39m, [32m'3.39'[39m, [32m'0.02'[39m ]
data rcv RT:[ [32m'0.00'[39m, [32m'4.33'[39m, [32m'3.42'[39m, [32m'0.00'[39m ]
data rcv RT:[ [32m'0.00'[39m, [32m'4.33'[39m, [32m'3.43'[39m, [32m'0.00'[39m ]
data rcv RT:[ [32m'0.00'[39m, [32m'4.31'[39m, [32m'3.43'[39m, [32m'0.00'[39m ]
data rcv RT:[ [32m'0.00'[39m, [32m'4.27'[39m, [32m'3.42'[39m, [32m'0.00'[39m ]
data rcv RT:[ [32m'0.00'[39m, [32m'4.28'[39m, [32m'3.42'[39m, [32m'0.00'[39m ]
data rcv RT:[ [32m'0.00'[39m, [32m'4.26'[39m, [32m'3.42'[39m, [32m'0.00'[39m ]
data rcv RT:[ [32m'0.00'[39m, [32m'4.29'[39m, [32m'3.36'[39m, [32m'0.00'[39m ]
data rcv RT:[ [32m'0.00'[39m, [32m'4.26'[39m, [32m'3.40'[39m, [32m'0.00'[39m ]
data rcv RT:[ [32m'0.00'[39m, [32m'4.30'[39m, [32m'3.37'[39m, [32m'0.00'[39m ]
data rcv RT:[ [32m'0.00'[39m, [32m'4.37'[39m, [32m'3.42'[39m, [32m'0.00'[39m ]
data rcv RT:[ [32m'0.00'[39m, [32m'4.35'[39m, [32m'3.40'[39m, [32m'0.00'[39m ]
data rcv RT:[ [32m'0.00'[39m, [32m'4.33'[39m, [32m'3.45'[39m, [32m'0.00'[39m ]
data rcv RT:[ [32m'0.00'[39m, [32m'4.32'[39m, [32m'3.41'[39m, [32m'0.00'[39m ]
data rcv RT:[ [32m'0.00'[39m, [32m'4.28'[39m, [32m'3.45'[39m, [32m'0.00'[39m ]
data rcv RT:[ [32m'0.00'[39m, [32m'4.27'[39m, [32m'3.43'[39m, [32m'0.00'[39m ]
data rcv RT:[ [32m'0.00'[39m, [32m'4.27'[39m, [32m'3.41'[39m, [32m'0.00'[39m ]
data rcv RT:[ [32m'0.00'[39m, [32m'4.26'[39m, [32m'3.39'[39m, [32m'0.00'[39m ]
data rcv RT:[ [32m'0.00'[39m, [32m'4.31'[39m, [32m'3.38'[39m, [32m'0.00'[39m ]
data rcv RT:[ [32m'0.00'[39m, [32m'4.32'[39m, [32m'3.37'[39m, [32m'0.00'[39m ]
data rcv RT:[ [32m'0.00'[39m, [32m'4.32'[39m, [32m'3.37'[39m, [32m'0.00'[39m ]
data rcv RT:[ [32m'0.00'[39m, [32m'4.33'[39m, [32m'3.36'[39m, [32m'0.03'[39m ]
data rcv RT:[ [32m'0.00'[39m, [32m'4.35'[39m, [32m'3.38'[39m, [32m'0.02'[39m ]
data rcv RT:[ [32m'0.00'[39m, [32m'4.38'[39m, [32m'3.41'[39m, [32m'0.02'[39m ]
data rcv RT:[ [32m'0.00'[39m, [32m'4.36'[39m, [32m'3.41'[39m, [32m'0.00'[39m ]
data rcv RT:[ [32m'0.00'[39m, [32m'4.34'[39m, [32m'3.43'[39m, [32m'0.00'[39m ]
data rcv RT:[ [32m'0.00'[39m, [32m'4.32'[39m, [32m'3.42'[39m, [32m'0.00'[39m ]
data rcv RT:[ [32m'0.00'[39m, [32m'4.32'[39m, [32m'3.47'[39m, [32m'0.00'[39m ]
data rcv RT:[ [32m'0.00'[39m, [32m'4.29'[39m, [32m'3.45'[39m, [32m'0.00'[39m ]
data rcv RT:[ [32m'0.00'[39m, [32m'4.28'[39m, [32m'3.41'[39m, [32m'0.00'[39m ]
data rcv RT:[ [32m'0.00'[39m, [32m'4.28'[39m, [32m'3.42'[39m, [32m'0.00'[39m ]
data rcv RT:[ [32m'0.00'[39m, [32m'4.28'[39m, [32m'3.39'[39m, [32m'0.00'[39m ]
data rcv RT:[ [32m'0.00'[39m, [32m'4.29'[39m, [32m'3.39'[39m, [32m'0.00'[39m ]
data rcv RT:[ [32m'0.00'[39m, [32m'4.31'[39m, [32m'3.39'[39m, [32m'0.00'[39m ]
data rcv RT:[ [32m'0.00'[39m, [32m'4.33'[39m, [32m'3.36'[39m, [32m'0.01'[39m ]
data rcv RT:[ [32m'0.00'[39m, [32m'4.34'[39m, [32m'3.38'[39m, [32m'0.03'[39m ]
data rcv RT:[ [32m'0.00'[39m, [32m'4.37'[39m, [32m'3.41'[39m, [32m'0.01'[39m ]
data rcv RT:[ [32m'0.00'[39m, [32m'4.35'[39m, [32m'3.41'[39m, [32m'0.00'[39m ]
data rcv RT:[ [32m'0.00'[39m, [32m'4.34'[39m, [32m'3.43'[39m, [32m'0.00'[39m ]
data rcv RT:[ [32m'0.00'[39m, [32m'4.33'[39m, [32m'3.43'[39m, [32m'0.00'[39m ]
data rcv RT:[ [32m'0.00'[39m, [32m'4.33'[39m, [32m'3.42'[39m, [32m'0.00'[39m ]
data rcv RT:[ [32m'0.00'[39m, [32m'4.29'[39m, [32m'3.45'[39m, [32m'0.00'[39m ]
data rcv RT:[ [32m'0.00'[39m, [32m'4.26'[39m, [32m'3.41'[39m, [32m'0.00'[39m ]
data rcv RT:[ [32m'0.00'[39m, [32m'4.26'[39m, [32m'3.41'[39m, [32m'0.00'[39m ]
data rcv RT:[ [32m'0.00'[39m, [32m'4.26'[39m, [32m'3.41'[39m, [32m'0.00'[39m ]
data rcv RT:[ [32m'0.00'[39m, [32m'4.32'[39m, [32m'3.37'[39m, [32m'0.00'[39m ]
data rcv RT:[ [32m'0.00'[39m, [32m'4.29'[39m, [32m'3.39'[39m, [32m'0.00'[39m ]
data rcv RT:[ [32m'0.00'[39m, [32m'4.32'[39m, [32m'3.40'[39m, [32m'0.00'[39m ]
data rcv RT:[ [32m'0.00'[39m, [32m'4.34'[39m, [32m'3.36'[39m, [32m'0.03'[39m ]
data rcv RT:[ [32m'0.00'[39m, [32m'4.37'[39m, [32m'3.41'[39m, [32m'0.00'[39m ]
data rcv RT:[ [32m'0.00'[39m, [32m'4.37'[39m, [32m'3.40'[39m, [32m'0.00'[39m ]
data rcv RT:[ [32m'0.00'[39m, [32m'4.34'[39m, [32m'3.41'[39m, [32m'0.00'[39m ]
data rcv RT:[ [32m'0.00'[39m, [32m'4.32'[39m, [32m'3.41'[39m, [32m'0.00'[39m ]
data rcv RT:[ [32m'0.00'[39m, [32m'4.33'[39m, [32m'3.41'[39m, [32m'0.00'[39m ]
data rcv RT:[ [32m'0.00'[39m, [32m'4.29'[39m, [32m'3.42'[39m, [32m'0.00'[39m ]
data rcv RT:[ [32m'0.00'[39m, [32m'4.29'[39m, [32m'3.44'[39m, [32m'0.00'[39m ]
data rcv RT:[ [32m'0.00'[39m, [32m'4.28'[39m, [32m'3.42'[39m, [32m'0.00'[39m ]
data rcv RT:[ [32m'0.00'[39m, [32m'4.27'[39m, [32m'3.40'[39m, [32m'0.00'[39m ]
data rcv RT:[ [32m'0.00'[39m, [32m'4.29'[39m, [32m'3.36'[39m, [32m'0.00'[39m ]
data rcv RT:[ [32m'0.00'[39m, [32m'4.30'[39m, [32m'3.39'[39m, [32m'0.00'[39m ]
data rcv RT:[ [32m'0.00'[39m, [32m'4.32'[39m, [32m'3.37'[39m, [32m'0.01'[39m ]
data rcv RT:[ [32m'0.00'[39m, [32m'4.36'[39m, [32m'3.39'[39m, [32m'0.02'[39m ]
data rcv RT:[ [32m'0.00'[39m, [32m'4.37'[39m, [32m'3.39'[39m, [32m'0.02'[39m ]
data rcv RT:[ [32m'0.00'[39m, [32m'4.35'[39m, [32m'3.42'[39m, [32m'0.00'[39m ]
data rcv RT:[ [32m'0.00'[39m, [32m'4.36'[39m, [32m'3.44'[39m, [32m'0.00'[39m ]
data rcv RT:[ [32m'0.00'[39m, [32m'4.33'[39m, [32m'3.41'[39m, [32m'0.00'[39m ]
data rcv RT:[ [32m'0.00'[39m, [32m'4.32'[39m, [32m'3.44'[39m, [32m'0.00'[39m ]
data rcv RT:[ [32m'0.00'[39m, [32m'4.31'[39m, [32m'3.42'[39m, [32m'0.00'[39m ]
data rcv RT:[ [32m'0.00'[39m, [32m'4.26'[39m, [32m'3.41'[39m, [32m'0.00'[39m ]
data rcv RT:[ [32m'0.00'[39m, [32m'4.25'[39m, [32m'3.43'[39m, [32m'0.00'[39m ]
data rcv RT:[ [32m'0.00'[39m, [32m'4.28'[39m, [32m'3.40'[39m, [32m'0.00'[39m ]
data rcv RT:[ [32m'0.00'[39m, [32m'4.32'[39m, [32m'3.39'[39m, [32m'0.01'[39m ]
data rcv RT:[ [32m'0.00'[39m, [32m'4.33'[39m, [32m'3.39'[39m, [32m'0.02'[39m ]
data rcv RT:[ [32m'0.00'[39m, [32m'4.38'[39m, [32m'3.38'[39m, [32m'0.01'[39m ]
data rcv RT:[ [32m'0.00'[39m, [32m'4.37'[39m, [32m'3.43'[39m, [32m'0.00'[39m ]
data rcv RT:[ [32m'0.00'[39m, [32m'4.36'[39m, [32m'3.41'[39m, [32m'0.00'[39m ]
data rcv RT:[ [32m'0.00'[39m, [32m'4.35'[39m, [32m'3.43'[39m, [32m'0.00'[39m ]
data rcv RT:[ [32m'0.00'[39m, [32m'4.34'[39m, [32m'3.41'[39m, [32m'0.00'[39m ]
data rcv RT:[ [32m'0.00'[39m, [32m'4.30'[39m, [32m'3.44'[39m, [32m'0.00'[39m ]
data rcv RT:[ [32m'0.00'[39m, [32m'4.31'[39m, [32m'3.41'[39m, [32m'0.00'[39m ]
data rcv RT:[ [32m'0.00'[39m, [32m'4.30'[39m, [32m'3.42'[39m, [32m'0.00'[39m ]
data rcv RT:[ [32m'0.00'[39m, [32m'4.30'[39m, [32m'3.46'[39m, [32m'0.00'[39m ]
data rcv RT:[ [32m'0.00'[39m, [32m'4.26'[39m, [32m'3.42'[39m, [32m'0.00'[39m ]
data rcv RT:[ [32m'0.00'[39m, [32m'4.25'[39m, [32m'3.42'[39m, [32m'0.00'[39m ]
data rcv RT:[ [32m'0.00'[39m, [32m'4.29'[39m, [32m'3.36'[39m, [32m'0.00'[39m ]
data rcv RT:[ [32m'0.00'[39m, [32m'4.30'[39m, [32m'3.39'[39m, [32m'0.00'[39m ]
data rcv RT:[ [32m'0.00'[39m, [32m'4.29'[39m, [32m'3.40'[39m, [32m'0.00'[39m ]
data rcv RT:[ [32m'0.00'[39m, [32m'4.33'[39m, [32m'3.37'[39m, [32m'0.05'[39m ]
data rcv RT:[ [32m'0.00'[39m, [32m'4.33'[39m, [32m'3.39'[39m, [32m'0.00'[39m ]
data rcv RT:[ [32m'0.00'[39m, [32m'4.37'[39m, [32m'3.39'[39m, [32m'0.01'[39m ]
data rcv RT:[ [32m'0.00'[39m, [32m'4.38'[39m, [32m'3.39'[39m, [32m'0.01'[39m ]
data rcv RT:[ [32m'0.00'[39m, [32m'4.31'[39m, [32m'3.41'[39m, [32m'0.00'[39m ]
data rcv RT:[ [32m'0.00'[39m, [32m'4.31'[39m, [32m'3.41'[39m, [32m'0.00'[39m ]
data rcv RT:[ [32m'0.00'[39m, [32m'4.29'[39m, [32m'3.44'[39m, [32m'0.00'[39m ]
data rcv RT:[ [32m'0.00'[39m, [32m'4.31'[39m, [32m'3.45'[39m, [32m'0.00'[39m ]
data rcv RT:[ [32m'0.00'[39m, [32m'4.25'[39m, [32m'3.39'[39m, [32m'0.00'[39m ]
data rcv RT:[ [32m'0.00'[39m, [32m'4.28'[39m, [32m'3.43'[39m, [32m'0.00'[39m ]
data rcv RT:[ [32m'0.00'[39m, [32m'4.26'[39m, [32m'3.41'[39m, [32m'0.00'[39m ]
data rcv RT:[ [32m'0.00'[39m, [32m'4.28'[39m, [32m'3.38'[39m, [32m'0.00'[39m ]
data rcv RT:[ [32m'0.00'[39m, [32m'4.26'[39m, [32m'3.39'[39m, [32m'0.00'[39m ]
data rcv RT:[ [32m'0.00'[39m, [32m'4.29'[39m, [32m'3.38'[39m, [32m'0.00'[39m ]
data rcv RT:[ [32m'0.00'[39m, [32m'4.29'[39m, [32m'3.38'[39m, [32m'0.00'[39m ]
data rcv RT:[ [32m'0.00'[39m, [32m'4.27'[39m, [32m'3.39'[39m, [32m'0.00'[39m ]
data rcv RT:[ [32m'0.00'[39m, [32m'4.30'[39m, [32m'3.36'[39m, [32m'0.01'[39m ]
data rcv RT:[ [32m'0.00'[39m, [32m'4.32'[39m, [32m'3.39'[39m, [32m'0.00'[39m ]
data rcv RT:[ [32m'0.00'[39m, [32m'4.32'[39m, [32m'3.37'[39m, [32m'0.00'[39m ]
data rcv RT:[ [32m'0.00'[39m, [32m'4.32'[39m, [32m'3.37'[39m, [32m'0.02'[39m ]
data rcv RT:[ [32m'0.00'[39m, [32m'4.32'[39m, [32m'3.37'[39m, [32m'0.02'[39m ]
data rcv RT:[ [32m'0.00'[39m, [32m'4.39'[39m, [32m'3.38'[39m, [32m'0.02'[39m ]
data rcv RT:[ [32m'0.00'[39m, [32m'4.34'[39m, [32m'3.43'[39m, [32m'0.00'[39m ]
data rcv RT:[ [32m'0.00'[39m, [32m'4.36'[39m, [32m'3.44'[39m, [32m'0.00'[39m ]
data rcv RT:[ [32m'0.00'[39m, [32m'4.32'[39m, [32m'3.43'[39m, [32m'0.00'[39m ]
data rcv RT:[ [32m'0.00'[39m, [32m'4.33'[39m, [32m'3.42'[39m, [32m'0.00'[39m ]
data rcv RT:[ [32m'0.00'[39m, [32m'4.31'[39m, [32m'3.42'[39m, [32m'0.00'[39m ]
data rcv RT:[ [32m'0.00'[39m, [32m'4.30'[39m, [32m'3.43'[39m, [32m'0.00'[39m ]
data rcv RT:[ [32m'0.00'[39m, [32m'4.30'[39m, [32m'3.42'[39m, [32m'0.00'[39m ]
data rcv RT:[ [32m'0.00'[39m, [32m'4.30'[39m, [32m'3.41'[39m, [32m'0.00'[39m ]
data rcv RT:[ [32m'0.00'[39m, [32m'4.27'[39m, [32m'3.40'[39m, [32m'0.00'[39m ]
data rcv RT:[ [32m'0.00'[39m, [32m'4.27'[39m, [32m'3.41'[39m, [32m'0.00'[39m ]
data rcv RT:[ [32m'0.00'[39m, [32m'4.29'[39m, [32m'3.37'[39m, [32m'0.00'[39m ]
data rcv RT:[ [32m'0.00'[39m, [32m'4.25'[39m, [32m'3.38'[39m, [32m'0.00'[39m ]
data rcv RT:[ [32m'0.00'[39m, [32m'4.32'[39m, [32m'3.37'[39m, [32m'0.00'[39m ]
data rcv RT:[ [32m'0.00'[39m, [32m'4.37'[39m, [32m'3.38'[39m, [32m'0.04'[39m ]
data rcv RT:[ [32m'0.00'[39m, [32m'4.36'[39m, [32m'3.35'[39m, [32m'0.05'[39m ]
data rcv RT:[ [32m'0.00'[39m, [32m'4.37'[39m, [32m'3.41'[39m, [32m'0.00'[39m ]
data rcv RT:[ [32m'0.00'[39m, [32m'4.36'[39m, [32m'3.42'[39m, [32m'0.00'[39m ]
data rcv RT:[ [32m'0.00'[39m, [32m'4.36'[39m, [32m'3.42'[39m, [32m'0.00'[39m ]
data rcv RT:[ [32m'0.00'[39m, [32m'4.32'[39m, [32m'3.44'[39m, [32m'0.00'[39m ]
data rcv RT:[ [32m'0.00'[39m, [32m'4.33'[39m, [32m'3.41'[39m, [32m'0.00'[39m ]
data rcv RT:[ [32m'0.00'[39m, [32m'4.31'[39m, [32m'3.44'[39m, [32m'0.00'[39m ]
data rcv RT:[ [32m'0.00'[39m, [32m'4.28'[39m, [32m'3.41'[39m, [32m'0.00'[39m ]
data rcv RT:[ [32m'0.00'[39m, [32m'4.29'[39m, [32m'3.41'[39m, [32m'0.00'[39m ]
data rcv RT:[ [32m'0.00'[39m, [32m'4.29'[39m, [32m'3.44'[39m, [32m'0.00'[39m ]
data rcv RT:[ [32m'0.00'[39m, [32m'4.29'[39m, [32m'3.46'[39m, [32m'0.00'[39m ]
data rcv RT:[ [32m'0.00'[39m, [32m'4.27'[39m, [32m'3.39'[39m, [32m'0.00'[39m ]
data rcv RT:[ [32m'0.00'[39m, [32m'4.26'[39m, [32m'3.37'[39m, [32m'0.00'[39m ]
data rcv RT:[ [32m'0.00'[39m, [32m'4.29'[39m, [32m'3.38'[39m, [32m'0.00'[39m ]
data rcv RT:[ [32m'0.00'[39m, [32m'4.30'[39m, [32m'3.39'[39m, [32m'0.00'[39m ]
data rcv RT:[ [32m'0.00'[39m, [32m'4.35'[39m, [32m'3.37'[39m, [32m'0.02'[39m ]
data rcv RT:[ [32m'0.00'[39m, [32m'4.37'[39m, [32m'3.36'[39m, [32m'0.03'[39m ]
data rcv RT:[ [32m'0.00'[39m, [32m'4.33'[39m, [32m'3.37'[39m, [32m'0.05'[39m ]
data rcv RT:[ [32m'0.00'[39m, [32m'4.37'[39m, [32m'3.42'[39m, [32m'0.00'[39m ]
data rcv RT:[ [32m'0.00'[39m, [32m'4.37'[39m, [32m'3.39'[39m, [32m'0.03'[39m ]
data rcv RT:[ [32m'0.00'[39m, [32m'4.34'[39m, [32m'3.44'[39m, [32m'0.00'[39m ]
data rcv RT:[ [32m'0.00'[39m, [32m'4.34'[39m, [32m'3.44'[39m, [32m'0.00'[39m ]
data rcv RT:[ [32m'0.00'[39m, [32m'4.33'[39m, [32m'3.41'[39m, [32m'0.00'[39m ]
data rcv RT:[ [32m'0.00'[39m, [32m'4.31'[39m, [32m'3.43'[39m, [32m'0.00'[39m ]
data rcv RT:[ [32m'0.00'[39m, [32m'4.31'[39m, [32m'3.43'[39m, [32m'0.00'[39m ]
data rcv RT:[ [32m'0.00'[39m, [32m'4.30'[39m, [32m'3.43'[39m, [32m'0.00'[39m ]
data rcv RT:[ [32m'0.00'[39m, [32m'4.27'[39m, [32m'3.39'[39m, [32m'0.00'[39m ]
data rcv RT:[ [32m'0.00'[39m, [32m'4.27'[39m, [32m'3.40'[39m, [32m'0.00'[39m ]
data rcv RT:[ [32m'0.00'[39m, [32m'4.28'[39m, [32m'3.38'[39m, [32m'0.00'[39m ]
data rcv RT:[ [32m'0.00'[39m, [32m'4.26'[39m, [32m'3.37'[39m, [32m'0.00'[39m ]
data rcv RT:[ [32m'0.00'[39m, [32m'4.31'[39m, [32m'3.39'[39m, [32m'0.02'[39m ]
data rcv RT:[ [32m'0.00'[39m, [32m'4.33'[39m, [32m'3.38'[39m, [32m'0.01'[39m ]
data rcv RT:[ [32m'0.00'[39m, [32m'4.32'[39m, [32m'3.40'[39m, [32m'0.01'[39m ]
data rcv RT:[ [32m'0.00'[39m, [32m'4.37'[39m, [32m'3.41'[39m, [32m'0.02'[39m ]
data rcv RT:[ [32m'0.00'[39m, [32m'4.35'[39m, [32m'3.42'[39m, [32m'0.00'[39m ]
data rcv RT:[ [32m'0.00'[39m, [32m'4.36'[39m, [32m'3.41'[39m, [32m'0.01'[39m ]
data rcv RT:[ [32m'0.00'[39m, [32m'4.39'[39m, [32m'3.40'[39m, [32m'0.00'[39m ]
data rcv RT:[ [32m'0.00'[39m, [32m'4.35'[39m, [32m'3.43'[39m, [32m'0.00'[39m ]
data rcv RT:[ [32m'0.00'[39m, [32m'4.33'[39m, [32m'3.43'[39m, [32m'0.00'[39m ]
data rcv RT:[ [32m'0.00'[39m, [32m'4.33'[39m, [32m'3.42'[39m, [32m'0.00'[39m ]
data rcv RT:[ [32m'0.00'[39m, [32m'4.30'[39m, [32m'3.45'[39m, [32m'0.00'[39m ]
data rcv RT:[ [32m'0.00'[39m, [32m'4.28'[39m, [32m'3.45'[39m, [32m'0.00'[39m ]
data rcv RT:[ [32m'0.00'[39m, [32m'4.27'[39m, [32m'3.44'[39m, [32m'0.00'[39m ]
data rcv RT:[ [32m'0.00'[39m, [32m'4.26'[39m, [32m'3.39'[39m, [32m'0.00'[39m ]
data rcv RT:[ [32m'0.00'[39m, [32m'4.29'[39m, [32m'3.39'[39m, [32m'0.00'[39m ]
data rcv RT:[ [32m'0.00'[39m, [32m'4.33'[39m, [32m'3.37'[39m, [32m'0.01'[39m ]
data rcv RT:[ [32m'0.00'[39m, [32m'4.33'[39m, [32m'3.39'[39m, [32m'0.00'[39m ]
data rcv RT:[ [32m'0.00'[39m, [32m'4.31'[39m, [32m'3.39'[39m, [32m'0.00'[39m ]
data rcv RT:[ [32m'0.00'[39m, [32m'4.35'[39m, [32m'3.35'[39m, [32m'0.04'[39m ]
data rcv RT:[ [32m'0.00'[39m, [32m'4.36'[39m, [32m'3.39'[39m, [32m'0.03'[39m ]
data rcv RT:[ [32m'0.00'[39m, [32m'4.33'[39m, [32m'3.34'[39m, [32m'0.03'[39m ]
data rcv RT:[ [32m'0.00'[39m, [32m'4.35'[39m, [32m'3.37'[39m, [32m'0.04'[39m ]
data rcv RT:[ [32m'0.00'[39m, [32m'4.39'[39m, [32m'3.40'[39m, [32m'0.00'[39m ]
data rcv RT:[ [32m'0.00'[39m, [32m'4.33'[39m, [32m'3.43'[39m, [32m'0.00'[39m ]
data rcv RT:[ [32m'0.00'[39m, [32m'4.34'[39m, [32m'3.43'[39m, [32m'0.00'[39m ]
data rcv RT:[ [32m'0.00'[39m, [32m'4.33'[39m, [32m'3.42'[39m, [32m'0.00'[39m ]
data rcv RT:[ [32m'0.00'[39m, [32m'4.28'[39m, [32m'3.44'[39m, [32m'0.00'[39m ]
data rcv RT:[ [32m'0.00'[39m, [32m'4.31'[39m, [32m'3.43'[39m, [32m'0.00'[39m ]
data rcv RT:[ [32m'0.00'[39m, [32m'4.30'[39m, [32m'3.41'[39m, [32m'0.00'[39m ]
data rcv RT:[ [32m'0.00'[39m, [32m'4.27'[39m, [32m'3.45'[39m, [32m'0.00'[39m ]
data rcv RT:[ [32m'0.00'[39m, [32m'4.28'[39m, [32m'3.42'[39m, [32m'0.00'[39m ]
data rcv RT:[ [32m'0.00'[39m, [32m'4.27'[39m, [32m'3.40'[39m, [32m'0.00'[39m ]
data rcv RT:[ [32m'0.00'[39m, [32m'4.28'[39m, [32m'3.38'[39m, [32m'0.00'[39m ]
data rcv RT:[ [32m'0.00'[39m, [32m'4.30'[39m, [32m'3.38'[39m, [32m'0.00'[39m ]
data rcv RT:[ [32m'0.00'[39m, [32m'4.33'[39m, [32m'3.39'[39m, [32m'0.02'[39m ]
data rcv RT:[ [32m'0.00'[39m, [32m'4.34'[39m, [32m'3.39'[39m, [32m'0.00'[39m ]
data rcv RT:[ [32m'0.00'[39m, [32m'4.37'[39m, [32m'3.40'[39m, [32m'0.02'[39m ]
data rcv RT:[ [32m'0.00'[39m, [32m'4.37'[39m, [32m'3.38'[39m, [32m'0.01'[39m ]
data rcv RT:[ [32m'0.00'[39m, [32m'4.36'[39m, [32m'3.42'[39m, [32m'0.00'[39m ]
data rcv RT:[ [32m'0.00'[39m, [32m'4.36'[39m, [32m'3.42'[39m, [32m'0.00'[39m ]
data rcv RT:[ [32m'0.00'[39m, [32m'4.31'[39m, [32m'3.41'[39m, [32m'0.00'[39m ]
data rcv RT:[ [32m'0.00'[39m, [32m'4.30'[39m, [32m'3.44'[39m, [32m'0.00'[39m ]
data rcv RT:[ [32m'0.00'[39m, [32m'4.30'[39m, [32m'3.45'[39m, [32m'0.00'[39m ]
data rcv RT:[ [32m'0.00'[39m, [32m'4.25'[39m, [32m'3.40'[39m, [32m'0.00'[39m ]
data rcv RT:[ [32m'0.00'[39m, [32m'4.26'[39m, [32m'3.39'[39m, [32m'0.00'[39m ]
data rcv RT:[ [32m'0.00'[39m, [32m'4.29'[39m, [32m'3.38'[39m, [32m'0.00'[39m ]
data rcv RT:[ [32m'0.00'[39m, [32m'4.30'[39m, [32m'3.39'[39m, [32m'0.00'[39m ]
data rcv RT:[ [32m'0.00'[39m, [32m'4.31'[39m, [32m'3.37'[39m, [32m'0.00'[39m ]
data rcv RT:[ [32m'0.00'[39m, [32m'4.34'[39m, [32m'3.37'[39m, [32m'0.02'[39m ]
data rcv RT:[ [32m'0.00'[39m, [32m'4.34'[39m, [32m'3.36'[39m, [32m'0.02'[39m ]
data rcv RT:[ [32m'0.00'[39m, [32m'4.37'[39m, [32m'3.38'[39m, [32m'0.01'[39m ]
data rcv RT:[ [32m'0.00'[39m, [32m'4.38'[39m, [32m'3.38'[39m, [32m'0.03'[39m ]
data rcv RT:[ [32m'0.00'[39m, [32m'4.36'[39m, [32m'3.41'[39m, [32m'0.00'[39m ]
data rcv RT:[ [32m'0.00'[39m, [32m'4.34'[39m, [32m'3.43'[39m, [32m'0.00'[39m ]
data rcv RT:[ [32m'0.00'[39m, [32m'4.36'[39m, [32m'3.42'[39m, [32m'0.00'[39m ]
data rcv RT:[ [32m'0.00'[39m, [32m'4.33'[39m, [32m'3.44'[39m, [32m'0.00'[39m ]
data rcv RT:[ [32m'0.00'[39m, [32m'4.31'[39m, [32m'3.42'[39m, [32m'0.00'[39m ]
data rcv RT:[ [32m'0.00'[39m, [32m'4.28'[39m, [32m'3.41'[39m, [32m'0.00'[39m ]
data rcv RT:[ [32m'0.00'[39m, [32m'4.29'[39m, [32m'3.43'[39m, [32m'0.00'[39m ]
data rcv RT:[ [32m'0.00'[39m, [32m'4.27'[39m, [32m'3.37'[39m, [32m'0.00'[39m ]
data rcv RT:[ [32m'0.00'[39m, [32m'4.27'[39m, [32m'3.38'[39m, [32m'0.00'[39m ]
data rcv RT:[ [32m'0.00'[39m, [32m'4.30'[39m, [32m'3.37'[39m, [32m'0.02'[39m ]
data rcv RT:[ [32m'0.00'[39m, [32m'4.33'[39m, [32m'3.37'[39m, [32m'0.01'[39m ]
data rcv RT:[ [32m'0.00'[39m, [32m'4.36'[39m, [32m'3.40'[39m, [32m'0.04'[39m ]
data rcv RT:[ [32m'0.00'[39m, [32m'4.32'[39m, [32m'3.36'[39m, [32m'0.03'[39m ]
data rcv RT:[ [32m'0.00'[39m, [32m'4.38'[39m, [32m'3.41'[39m, [32m'0.00'[39m ]
data rcv RT:[ [32m'0.00'[39m, [32m'4.35'[39m, [32m'3.40'[39m, [32m'0.00'[39m ]
data rcv RT:[ [32m'0.00'[39m, [32m'4.36'[39m, [32m'3.42'[39m, [32m'0.00'[39m ]
data rcv RT:[ [32m'0.00'[39m, [32m'4.30'[39m, [32m'3.43'[39m, [32m'0.00'[39m ]
data rcv RT:[ [32m'0.00'[39m, [32m'4.30'[39m, [32m'3.46'[39m, [32m'0.00'[39m ]
data rcv RT:[ [32m'0.00'[39m, [32m'4.29'[39m, [32m'3.46'[39m, [32m'0.00'[39m ]
data rcv RT:[ [32m'0.00'[39m, [32m'4.27'[39m, [32m'3.36'[39m, [32m'0.00'[39m ]
data rcv RT:[ [32m'0.00'[39m, [32m'4.28'[39m, [32m'3.39'[39m, [32m'0.00'[39m ]
data rcv RT:[ [32m'0.00'[39m, [32m'4.29'[39m, [32m'3.37'[39m, [32m'0.00'[39m ]
data rcv RT:[ [32m'0.00'[39m, [32m'4.29'[39m, [32m'3.36'[39m, [32m'0.00'[39m ]
data rcv RT:[ [32m'0.00'[39m, [32m'4.35'[39m, [32m'3.38'[39m, [32m'0.02'[39m ]
data rcv RT:[ [32m'0.00'[39m, [32m'4.34'[39m, [32m'3.38'[39m, [32m'0.03'[39m ]
data rcv RT:[ [32m'0.00'[39m, [32m'4.37'[39m, [32m'3.39'[39m, [32m'0.02'[39m ]
data rcv RT:[ [32m'0.00'[39m, [32m'4.36'[39m, [32m'3.41'[39m, [32m'0.00'[39m ]
data rcv RT:[ [32m'0.00'[39m, [32m'4.34'[39m, [32m'3.45'[39m, [32m'0.00'[39m ]
data rcv RT:[ [32m'0.00'[39m, [32m'4.32'[39m, [32m'3.43'[39m, [32m'0.00'[39m ]
data rcv RT:[ [32m'0.00'[39m, [32m'4.33'[39m, [32m'3.42'[39m, [32m'0.00'[39m ]
data rcv RT:[ [32m'0.00'[39m, [32m'4.31'[39m, [32m'3.42'[39m, [32m'0.00'[39m ]
data rcv RT:[ [32m'0.00'[39m, [32m'4.30'[39m, [32m'3.46'[39m, [32m'0.00'[39m ]
data rcv RT:[ [32m'0.00'[39m, [32m'4.26'[39m, [32m'3.43'[39m, [32m'0.00'[39m ]
data rcv RT:[ [32m'0.00'[39m, [32m'4.27'[39m, [32m'3.39'[39m, [32m'0.00'[39m ]
data rcv RT:[ [32m'0.00'[39m, [32m'4.26'[39m, [32m'3.39'[39m, [32m'0.00'[39m ]
data rcv RT:[ [32m'0.00'[39m, [32m'4.33'[39m, [32m'3.38'[39m, [32m'0.00'[39m ]
data rcv RT:[ [32m'0.00'[39m, [32m'4.33'[39m, [32m'3.38'[39m, [32m'0.06'[39m ]
data rcv RT:[ [32m'0.00'[39m, [32m'4.33'[39m, [32m'3.40'[39m, [32m'0.01'[39m ]
data rcv RT:[ [32m'0.00'[39m, [32m'4.38'[39m, [32m'3.43'[39m, [32m'0.00'[39m ]
data rcv RT:[ [32m'0.00'[39m, [32m'4.37'[39m, [32m'3.41'[39m, [32m'0.00'[39m ]
data rcv RT:[ [32m'0.00'[39m, [32m'4.33'[39m, [32m'3.42'[39m, [32m'0.00'[39m ]
data rcv RT:[ [32m'0.00'[39m, [32m'4.32'[39m, [32m'3.43'[39m, [32m'0.00'[39m ]
data rcv RT:[ [32m'0.00'[39m, [32m'4.30'[39m, [32m'3.43'[39m, [32m'0.00'[39m ]
data rcv RT:[ [32m'0.00'[39m, [32m'4.26'[39m, [32m'3.41'[39m, [32m'0.00'[39m ]
data rcv RT:[ [32m'0.00'[39m, [32m'4.26'[39m, [32m'3.41'[39m, [32m'0.00'[39m ]
data rcv RT:[ [32m'0.00'[39m, [32m'4.26'[39m, [32m'3.40'[39m, [32m'0.00'[39m ]
data rcv RT:[ [32m'0.00'[39m, [32m'4.29'[39m, [32m'3.37'[39m, [32m'0.00'[39m ]
data rcv RT:[ [32m'0.00'[39m, [32m'4.33'[39m, [32m'3.36'[39m, [32m'0.01'[39m ]
data rcv RT:[ [32m'0.00'[39m, [32m'4.35'[39m, [32m'3.37'[39m, [32m'0.02'[39m ]
data rcv RT:[ [32m'0.00'[39m, [32m'4.35'[39m, [32m'3.34'[39m, [32m'0.06'[39m ]
data rcv RT:[ [32m'0.00'[39m, [32m'4.36'[39m, [32m'3.37'[39m, [32m'0.02'[39m ]
data rcv RT:[ [32m'0.00'[39m, [32m'4.35'[39m, [32m'3.40'[39m, [32m'0.00'[39m ]
data rcv RT:[ [32m'0.00'[39m, [32m'4.33'[39m, [32m'3.45'[39m, [32m'0.00'[39m ]
data rcv RT:[ [32m'0.00'[39m, [32m'4.37'[39m, [32m'3.42'[39m, [32m'0.00'[39m ]
data rcv RT:[ [32m'0.00'[39m, [32m'4.32'[39m, [32m'3.44'[39m, [32m'0.00'[39m ]
data rcv RT:[ [32m'0.00'[39m, [32m'4.30'[39m, [32m'3.43'[39m, [32m'0.00'[39m ]
data rcv RT:[ [32m'0.00'[39m, [32m'4.29'[39m, [32m'3.45'[39m, [32m'0.00'[39m ]
data rcv RT:[ [32m'0.00'[39m, [32m'4.29'[39m, [32m'3.44'[39m, [32m'0.00'[39m ]
data rcv RT:[ [32m'0.00'[39m, [32m'4.26'[39m, [32m'3.41'[39m, [32m'0.00'[39m ]
data rcv RT:[ [32m'0.00'[39m, [32m'4.28'[39m, [32m'3.38'[39m, [32m'0.00'[39m ]
data rcv RT:[ [32m'0.00'[39m, [32m'4.28'[39m, [32m'3.38'[39m, [32m'0.00'[39m ]
data rcv RT:[ [32m'0.00'[39m, [32m'4.28'[39m, [32m'3.39'[39m, [32m'0.00'[39m ]
data rcv RT:[ [32m'0.00'[39m, [32m'4.31'[39m, [32m'3.36'[39m, [32m'0.00'[39m ]
data rcv RT:[ [32m'0.00'[39m, [32m'4.31'[39m, [32m'3.37'[39m, [32m'0.02'[39m ]
data rcv RT:[ [32m'0.00'[39m, [32m'4.35'[39m, [32m'3.37'[39m, [32m'0.02'[39m ]
data rcv RT:[ [32m'0.00'[39m, [32m'4.34'[39m, [32m'3.37'[39m, [32m'0.05'[39m ]
data rcv RT:[ [32m'0.00'[39m, [32m'4.37'[39m, [32m'3.40'[39m, [32m'0.00'[39m ]
data rcv RT:[ [32m'0.00'[39m, [32m'4.35'[39m, [32m'3.40'[39m, [32m'0.03'[39m ]
data rcv RT:[ [32m'0.00'[39m, [32m'4.38'[39m, [32m'3.39'[39m, [32m'0.01'[39m ]
data rcv RT:[ [32m'0.00'[39m, [32m'4.39'[39m, [32m'3.39'[39m, [32m'0.03'[39m ]
data rcv RT:[ [32m'0.00'[39m, [32m'4.33'[39m, [32m'3.43'[39m, [32m'0.00'[39m ]
data rcv RT:[ [32m'0.00'[39m, [32m'4.33'[39m, [32m'3.43'[39m, [32m'0.00'[39m ]
data rcv RT:[ [32m'0.00'[39m, [32m'4.32'[39m, [32m'3.44'[39m, [32m'0.00'[39m ]
data rcv RT:[ [32m'0.00'[39m, [32m'4.28'[39m, [32m'3.42'[39m, [32m'0.00'[39m ]
data rcv RT:[ [32m'0.00'[39m, [32m'4.29'[39m, [32m'3.45'[39m, [32m'0.00'[39m ]
data rcv RT:[ [32m'0.00'[39m, [32m'4.26'[39m, [32m'3.43'[39m, [32m'0.00'[39m ]
data rcv RT:[ [32m'0.00'[39m, [32m'4.29'[39m, [32m'3.38'[39m, [32m'0.00'[39m ]
data rcv RT:[ [32m'0.00'[39m, [32m'4.31'[39m, [32m'3.38'[39m, [32m'0.01'[39m ]
data rcv RT:[ [32m'0.00'[39m, [32m'4.29'[39m, [32m'3.38'[39m, [32m'0.00'[39m ]
data rcv RT:[ [32m'0.00'[39m, [32m'4.30'[39m, [32m'3.38'[39m, [32m'0.00'[39m ]
data rcv RT:[ [32m'0.00'[39m, [32m'4.34'[39m, [32m'3.38'[39m, [32m'0.01'[39m ]
data rcv RT:[ [32m'0.00'[39m, [32m'4.32'[39m, [32m'3.37'[39m, [32m'0.03'[39m ]
data rcv RT:[ [32m'0.00'[39m, [32m'4.36'[39m, [32m'3.44'[39m, [32m'0.00'[39m ]
data rcv RT:[ [32m'0.00'[39m, [32m'4.35'[39m, [32m'3.44'[39m, [32m'0.00'[39m ]
data rcv RT:[ [32m'0.00'[39m, [32m'4.32'[39m, [32m'3.44'[39m, [32m'0.00'[39m ]
data rcv RT:[ [32m'0.00'[39m, [32m'4.29'[39m, [32m'3.43'[39m, [32m'0.00'[39m ]
data rcv RT:[ [32m'0.00'[39m, [32m'4.33'[39m, [32m'3.42'[39m, [32m'0.00'[39m ]
data rcv RT:[ [32m'0.00'[39m, [32m'4.29'[39m, [32m'3.40'[39m, [32m'0.00'[39m ]
data rcv RT:[ [32m'0.00'[39m, [32m'4.28'[39m, [32m'3.44'[39m, [32m'0.00'[39m ]
data rcv RT:[ [32m'0.00'[39m, [32m'4.25'[39m, [32m'3.40'[39m, [32m'0.00'[39m ]
data rcv RT:[ [32m'0.00'[39m, [32m'4.25'[39m, [32m'3.40'[39m, [32m'0.00'[39m ]
data rcv RT:[ [32m'0.00'[39m, [32m'4.27'[39m, [32m'3.40'[39m, [32m'0.00'[39m ]
data rcv RT:[ [32m'0.00'[39m, [32m'4.27'[39m, [32m'3.39'[39m, [32m'0.00'[39m ]
data rcv RT:[ [32m'0.00'[39m, [32m'4.29'[39m, [32m'3.40'[39m, [32m'0.00'[39m ]
data rcv RT:[ [32m'0.00'[39m, [32m'4.32'[39m, [32m'3.37'[39m, [32m'0.00'[39m ]
data rcv RT:[ [32m'0.00'[39m, [32m'4.31'[39m, [32m'3.40'[39m, [32m'0.01'[39m ]
data rcv RT:[ [32m'0.00'[39m, [32m'4.29'[39m, [32m'3.39'[39m, [32m'0.00'[39m ]
data rcv RT:[ [32m'0.00'[39m, [32m'4.34'[39m, [32m'3.37'[39m, [32m'0.01'[39m ]
data rcv RT:[ [32m'0.00'[39m, [32m'4.37'[39m, [32m'3.39'[39m, [32m'0.02'[39m ]
data rcv RT:[ [32m'0.00'[39m, [32m'4.38'[39m, [32m'3.38'[39m, [32m'0.02'[39m ]
data rcv RT:[ [32m'0.00'[39m, [32m'4.38'[39m, [32m'3.38'[39m, [32m'0.00'[39m ]
data rcv RT:[ [32m'0.00'[39m, [32m'4.35'[39m, [32m'3.41'[39m, [32m'0.00'[39m ]
data rcv RT:[ [32m'0.00'[39m, [32m'4.32'[39m, [32m'3.42'[39m, [32m'0.00'[39m ]
data rcv RT:[ [32m'0.00'[39m, [32m'4.33'[39m, [32m'3.41'[39m, [32m'0.00'[39m ]
data rcv RT:[ [32m'0.00'[39m, [32m'4.30'[39m, [32m'3.43'[39m, [32m'0.00'[39m ]
data rcv RT:[ [32m'0.00'[39m, [32m'4.31'[39m, [32m'3.43'[39m, [32m'0.00'[39m ]
data rcv RT:[ [32m'0.00'[39m, [32m'4.24'[39m, [32m'3.42'[39m, [32m'0.00'[39m ]
data rcv RT:[ [32m'0.00'[39m, [32m'4.27'[39m, [32m'3.39'[39m, [32m'0.00'[39m ]
data rcv RT:[ [32m'0.00'[39m, [32m'4.26'[39m, [32m'3.39'[39m, [32m'0.00'[39m ]
data rcv RT:[ [32m'0.00'[39m, [32m'4.26'[39m, [32m'3.40'[39m, [32m'0.00'[39m ]
data rcv RT:[ [32m'0.00'[39m, [32m'4.28'[39m, [32m'3.38'[39m, [32m'0.00'[39m ]
data rcv RT:[ [32m'0.00'[39m, [32m'4.28'[39m, [32m'3.38'[39m, [32m'0.00'[39m ]
data rcv RT:[ [32m'0.00'[39m, [32m'4.32'[39m, [32m'3.37'[39m, [32m'0.00'[39m ]
data rcv RT:[ [32m'0.00'[39m, [32m'4.31'[39m, [32m'3.38'[39m, [32m'0.01'[39m ]
data rcv RT:[ [32m'0.00'[39m, [32m'4.33'[39m, [32m'3.36'[39m, [32m'0.03'[39m ]
data rcv RT:[ [32m'0.00'[39m, [32m'4.35'[39m, [32m'3.39'[39m, [32m'0.01'[39m ]
data rcv RT:[ [32m'0.00'[39m, [32m'4.38'[39m, [32m'3.40'[39m, [32m'0.00'[39m ]
data rcv RT:[ [32m'0.00'[39m, [32m'4.37'[39m, [32m'3.40'[39m, [32m'0.01'[39m ]
data rcv RT:[ [32m'0.00'[39m, [32m'4.35'[39m, [32m'3.42'[39m, [32m'0.00'[39m ]
data rcv RT:[ [32m'0.00'[39m, [32m'4.34'[39m, [32m'3.41'[39m, [32m'0.00'[39m ]
data rcv RT:[ [32m'0.00'[39m, [32m'4.31'[39m, [32m'3.43'[39m, [32m'0.00'[39m ]
data rcv RT:[ [32m'0.00'[39m, [32m'4.31'[39m, [32m'3.43'[39m, [32m'0.00'[39m ]
data rcv RT:[ [32m'0.00'[39m, [32m'4.31'[39m, [32m'3.43'[39m, [32m'0.00'[39m ]
data rcv RT:[ [32m'0.00'[39m, [32m'4.27'[39m, [32m'3.42'[39m, [32m'0.00'[39m ]
data rcv RT:[ [32m'0.00'[39m, [32m'4.25'[39m, [32m'3.40'[39m, [32m'0.00'[39m ]
data rcv RT:[ [32m'0.00'[39m, [32m'4.29'[39m, [32m'3.36'[39m, [32m'0.00'[39m ]
data rcv RT:[ [32m'0.00'[39m, [32m'4.27'[39m, [32m'3.40'[39m, [32m'0.00'[39m ]
data rcv RT:[ [32m'0.00'[39m, [32m'4.31'[39m, [32m'3.38'[39m, [32m'0.00'[39m ]
data rcv RT:[ [32m'0.00'[39m, [32m'4.36'[39m, [32m'3.38'[39m, [32m'0.02'[39m ]
data rcv RT:[ [32m'0.00'[39m, [32m'4.36'[39m, [32m'3.35'[39m, [32m'0.06'[39m ]
data rcv RT:[ [32m'0.00'[39m, [32m'4.39'[39m, [32m'3.38'[39m, [32m'0.01'[39m ]
data rcv RT:[ [32m'0.00'[39m, [32m'4.37'[39m, [32m'3.36'[39m, [32m'0.05'[39m ]
data rcv RT:[ [32m'0.00'[39m, [32m'4.36'[39m, [32m'3.41'[39m, [32m'0.00'[39m ]
data rcv RT:[ [32m'0.00'[39m, [32m'4.36'[39m, [32m'3.42'[39m, [32m'0.00'[39m ]
data rcv RT:[ [32m'0.00'[39m, [32m'4.35'[39m, [32m'3.43'[39m, [32m'0.00'[39m ]
data rcv RT:[ [32m'0.00'[39m, [32m'4.32'[39m, [32m'3.40'[39m, [32m'0.00'[39m ]
data rcv RT:[ [32m'0.00'[39m, [32m'4.32'[39m, [32m'3.40'[39m, [32m'0.00'[39m ]
data rcv RT:[ [32m'0.00'[39m, [32m'4.29'[39m, [32m'3.45'[39m, [32m'0.00'[39m ]
data rcv RT:[ [32m'0.00'[39m, [32m'4.28'[39m, [32m'3.46'[39m, [32m'0.00'[39m ]
data rcv RT:[ [32m'0.00'[39m, [32m'4.26'[39m, [32m'3.40'[39m, [32m'0.00'[39m ]
data rcv RT:[ [32m'0.00'[39m, [32m'4.26'[39m, [32m'3.39'[39m, [32m'0.00'[39m ]
data rcv RT:[ [32m'0.00'[39m, [32m'4.29'[39m, [32m'3.38'[39m, [32m'0.00'[39m ]
data rcv RT:[ [32m'0.00'[39m, [32m'4.32'[39m, [32m'3.39'[39m, [32m'0.00'[39m ]
data rcv RT:[ [32m'0.00'[39m, [32m'4.31'[39m, [32m'3.37'[39m, [32m'0.00'[39m ]
data rcv RT:[ [32m'0.00'[39m, [32m'4.31'[39m, [32m'3.38'[39m, [32m'0.02'[39m ]
data rcv RT:[ [32m'0.00'[39m, [32m'4.33'[39m, [32m'3.37'[39m, [32m'0.04'[39m ]
data rcv RT:[ [32m'0.00'[39m, [32m'4.38'[39m, [32m'3.40'[39m, [32m'0.02'[39m ]
data rcv RT:[ [32m'0.00'[39m, [32m'4.34'[39m, [32m'3.43'[39m, [32m'0.00'[39m ]
data rcv RT:[ [32m'0.00'[39m, [32m'4.35'[39m, [32m'3.43'[39m, [32m'0.00'[39m ]
data rcv RT:[ [32m'0.00'[39m, [32m'4.33'[39m, [32m'3.43'[39m, [32m'0.00'[39m ]
data rcv RT:[ [32m'0.00'[39m, [32m'4.35'[39m, [32m'3.44'[39m, [32m'0.00'[39m ]
data rcv RT:[ [32m'0.00'[39m, [32m'4.33'[39m, [32m'3.42'[39m, [32m'0.00'[39m ]
data rcv RT:[ [32m'0.00'[39m, [32m'4.28'[39m, [32m'3.42'[39m, [32m'0.00'[39m ]
data rcv RT:[ [32m'0.00'[39m, [32m'4.29'[39m, [32m'3.45'[39m, [32m'0.00'[39m ]
data rcv RT:[ [32m'0.00'[39m, [32m'4.27'[39m, [32m'3.38'[39m, [32m'0.00'[39m ]
data rcv RT:[ [32m'0.00'[39m, [32m'4.27'[39m, [32m'3.41'[39m, [32m'0.00'[39m ]
data rcv RT:[ [32m'0.00'[39m, [32m'4.28'[39m, [32m'3.37'[39m, [32m'0.00'[39m ]
data rcv RT:[ [32m'0.00'[39m, [32m'4.31'[39m, [32m'3.38'[39m, [32m'0.00'[39m ]
data rcv RT:[ [32m'0.00'[39m, [32m'4.27'[39m, [32m'3.35'[39m, [32m'0.00'[39m ]
data rcv RT:[ [32m'0.00'[39m, [32m'4.31'[39m, [32m'3.38'[39m, [32m'0.00'[39m ]
data rcv RT:[ [32m'0.00'[39m, [32m'4.31'[39m, [32m'3.37'[39m, [32m'0.01'[39m ]
data rcv RT:[ [32m'0.00'[39m, [32m'4.33'[39m, [32m'3.39'[39m, [32m'0.01'[39m ]
data rcv RT:[ [32m'0.00'[39m, [32m'4.35'[39m, [32m'3.37'[39m, [32m'0.01'[39m ]
data rcv RT:[ [32m'0.00'[39m, [32m'4.34'[39m, [32m'3.38'[39m, [32m'0.05'[39m ]
data rcv RT:[ [32m'0.00'[39m, [32m'4.37'[39m, [32m'3.40'[39m, [32m'0.00'[39m ]
data rcv RT:[ [32m'0.00'[39m, [32m'4.36'[39m, [32m'3.39'[39m, [32m'0.00'[39m ]
data rcv RT:[ [32m'0.00'[39m, [32m'4.32'[39m, [32m'3.44'[39m, [32m'0.00'[39m ]
data rcv RT:[ [32m'0.00'[39m, [32m'4.34'[39m, [32m'3.41'[39m, [32m'0.00'[39m ]
data rcv RT:[ [32m'0.00'[39m, [32m'4.32'[39m, [32m'3.42'[39m, [32m'0.00'[39m ]
data rcv RT:[ [32m'0.00'[39m, [32m'4.32'[39m, [32m'3.42'[39m, [32m'0.00'[39m ]
data rcv RT:[ [32m'0.00'[39m, [32m'4.31'[39m, [32m'3.43'[39m, [32m'0.00'[39m ]
data rcv RT:[ [32m'0.00'[39m, [32m'4.27'[39m, [32m'3.38'[39m, [32m'0.00'[39m ]
data rcv RT:[ [32m'0.00'[39m, [32m'4.27'[39m, [32m'3.38'[39m, [32m'0.00'[39m ]
data rcv RT:[ [32m'0.00'[39m, [32m'4.28'[39m, [32m'3.39'[39m, [32m'0.00'[39m ]
data rcv RT:[ [32m'0.00'[39m, [32m'4.29'[39m, [32m'3.38'[39m, [32m'0.00'[39m ]
data rcv RT:[ [32m'0.00'[39m, [32m'4.32'[39m, [32m'3.35'[39m, [32m'0.01'[39m ]
data rcv RT:[ [32m'0.00'[39m, [32m'4.33'[39m, [32m'3.36'[39m, [32m'0.05'[39m ]
data rcv RT:[ [32m'0.00'[39m, [32m'4.35'[39m, [32m'3.36'[39m, [32m'0.03'[39m ]
data rcv RT:[ [32m'0.00'[39m, [32m'4.36'[39m, [32m'3.41'[39m, [32m'0.01'[39m ]
data rcv RT:[ [32m'0.00'[39m, [32m'4.36'[39m, [32m'3.41'[39m, [32m'0.00'[39m ]
data rcv RT:[ [32m'0.00'[39m, [32m'4.38'[39m, [32m'3.41'[39m, [32m'0.00'[39m ]
data rcv RT:[ [32m'0.00'[39m, [32m'4.34'[39m, [32m'3.40'[39m, [32m'0.00'[39m ]
data rcv RT:[ [32m'0.00'[39m, [32m'4.31'[39m, [32m'3.42'[39m, [32m'0.00'[39m ]
data rcv RT:[ [32m'0.00'[39m, [32m'4.30'[39m, [32m'3.42'[39m, [32m'0.00'[39m ]
data rcv RT:[ [32m'0.00'[39m, [32m'4.28'[39m, [32m'3.46'[39m, [32m'0.00'[39m ]
data rcv RT:[ [32m'0.00'[39m, [32m'4.26'[39m, [32m'3.42'[39m, [32m'0.00'[39m ]
data rcv RT:[ [32m'0.00'[39m, [32m'4.28'[39m, [32m'3.37'[39m, [32m'0.00'[39m ]
data rcv RT:[ [32m'0.00'[39m, [32m'4.28'[39m, [32m'3.38'[39m, [32m'0.00'[39m ]
data rcv RT:[ [32m'0.00'[39m, [32m'4.31'[39m, [32m'3.39'[39m, [32m'0.01'[39m ]
data rcv RT:[ [32m'0.00'[39m, [32m'4.34'[39m, [32m'3.37'[39m, [32m'0.01'[39m ]
data rcv RT:[ [32m'0.00'[39m, [32m'4.37'[39m, [32m'3.39'[39m, [32m'0.01'[39m ]
data rcv RT:[ [32m'0.00'[39m, [32m'4.39'[39m, [32m'3.38'[39m, [32m'0.03'[39m ]
data rcv RT:[ [32m'0.00'[39m, [32m'4.37'[39m, [32m'3.40'[39m, [32m'0.02'[39m ]
data rcv RT:[ [32m'0.00'[39m, [32m'4.36'[39m, [32m'3.44'[39m, [32m'0.00'[39m ]
data rcv RT:[ [32m'0.00'[39m, [32m'4.36'[39m, [32m'3.45'[39m, [32m'0.00'[39m ]
data rcv RT:[ [32m'0.00'[39m, [32m'4.31'[39m, [32m'3.42'[39m, [32m'0.00'[39m ]
data rcv RT:[ [32m'0.00'[39m, [32m'4.32'[39m, [32m'3.44'[39m, [32m'0.00'[39m ]
data rcv RT:[ [32m'0.00'[39m, [32m'4.30'[39m, [32m'3.43'[39m, [32m'0.00'[39m ]
data rcv RT:[ [32m'0.00'[39m, [32m'4.30'[39m, [32m'3.47'[39m, [32m'0.00'[39m ]
data rcv RT:[ [32m'0.00'[39m, [32m'4.26'[39m, [32m'3.40'[39m, [32m'0.00'[39m ]
data rcv RT:[ [32m'0.00'[39m, [32m'4.26'[39m, [32m'3.43'[39m, [32m'0.00'[39m ]
data rcv RT:[ [32m'0.00'[39m, [32m'4.26'[39m, [32m'3.38'[39m, [32m'0.00'[39m ]
data rcv RT:[ [32m'0.00'[39m, [32m'4.28'[39m, [32m'3.37'[39m, [32m'0.00'[39m ]
data rcv RT:[ [32m'0.00'[39m, [32m'4.30'[39m, [32m'3.40'[39m, [32m'0.00'[39m ]
data rcv RT:[ [32m'0.00'[39m, [32m'4.33'[39m, [32m'3.38'[39m, [32m'0.02'[39m ]
data rcv RT:[ [32m'0.00'[39m, [32m'4.36'[39m, [32m'3.39'[39m, [32m'0.04'[39m ]
data rcv RT:[ [32m'0.00'[39m, [32m'4.36'[39m, [32m'3.43'[39m, [32m'0.00'[39m ]
data rcv RT:[ [32m'0.00'[39m, [32m'4.38'[39m, [32m'3.41'[39m, [32m'0.00'[39m ]
data rcv RT:[ [32m'0.00'[39m, [32m'4.36'[39m, [32m'3.42'[39m, [32m'0.00'[39m ]
data rcv RT:[ [32m'0.00'[39m, [32m'4.34'[39m, [32m'3.44'[39m, [32m'0.00'[39m ]
data rcv RT:[ [32m'0.00'[39m, [32m'4.32'[39m, [32m'3.44'[39m, [32m'0.00'[39m ]
data rcv RT:[ [32m'0.00'[39m, [32m'4.31'[39m, [32m'3.42'[39m, [32m'0.00'[39m ]
data rcv RT:[ [32m'0.00'[39m, [32m'4.29'[39m, [32m'3.45'[39m, [32m'0.00'[39m ]
data rcv RT:[ [32m'0.00'[39m, [32m'4.30'[39m, [32m'3.46'[39m, [32m'0.00'[39m ]
data rcv RT:[ [32m'0.00'[39m, [32m'4.27'[39m, [32m'3.39'[39m, [32m'0.00'[39m ]
data rcv RT:[ [32m'0.00'[39m, [32m'4.29'[39m, [32m'3.39'[39m, [32m'0.00'[39m ]
data rcv RT:[ [32m'0.00'[39m, [32m'4.27'[39m, [32m'3.41'[39m, [32m'0.00'[39m ]
data rcv RT:[ [32m'0.00'[39m, [32m'4.29'[39m, [32m'3.38'[39m, [32m'0.00'[39m ]
data rcv RT:[ [32m'0.00'[39m, [32m'4.34'[39m, [32m'3.37'[39m, [32m'0.01'[39m ]
data rcv RT:[ [32m'0.00'[39m, [32m'4.32'[39m, [32m'3.38'[39m, [32m'0.01'[39m ]
data rcv RT:[ [32m'0.00'[39m, [32m'4.34'[39m, [32m'3.38'[39m, [32m'0.04'[39m ]
data rcv RT:[ [32m'0.00'[39m, [32m'4.37'[39m, [32m'3.39'[39m, [32m'0.02'[39m ]
data rcv RT:[ [32m'0.00'[39m, [32m'4.35'[39m, [32m'3.44'[39m, [32m'0.00'[39m ]
data rcv RT:[ [32m'0.00'[39m, [32m'4.34'[39m, [32m'3.43'[39m, [32m'0.00'[39m ]
data rcv RT:[ [32m'0.00'[39m, [32m'4.31'[39m, [32m'3.43'[39m, [32m'0.00'[39m ]
data rcv RT:[ [32m'0.00'[39m, [32m'4.31'[39m, [32m'3.43'[39m, [32m'0.00'[39m ]
data rcv RT:[ [32m'0.00'[39m, [32m'4.29'[39m, [32m'3.42'[39m, [32m'0.00'[39m ]
data rcv RT:[ [32m'0.00'[39m, [32m'4.26'[39m, [32m'3.42'[39m, [32m'0.00'[39m ]
data rcv RT:[ [32m'0.00'[39m, [32m'4.26'[39m, [32m'3.37'[39m, [32m'0.00'[39m ]
data rcv RT:[ [32m'0.00'[39m, [32m'4.29'[39m, [32m'3.37'[39m, [32m'0.01'[39m ]
data rcv RT:[ [32m'0.00'[39m, [32m'4.32'[39m, [32m'3.39'[39m, [32m'0.00'[39m ]
data rcv RT:[ [32m'0.00'[39m, [32m'4.32'[39m, [32m'3.38'[39m, [32m'0.00'[39m ]
data rcv RT:[ [32m'0.00'[39m, [32m'4.35'[39m, [32m'3.37'[39m, [32m'0.02'[39m ]
data rcv RT:[ [32m'0.00'[39m, [32m'4.33'[39m, [32m'3.37'[39m, [32m'0.02'[39m ]
data rcv RT:[ [32m'0.00'[39m, [32m'4.38'[39m, [32m'3.38'[39m, [32m'0.01'[39m ]
data rcv RT:[ [32m'0.00'[39m, [32m'4.37'[39m, [32m'3.36'[39m, [32m'0.05'[39m ]
data rcv RT:[ [32m'0.00'[39m, [32m'4.36'[39m, [32m'3.43'[39m, [32m'0.00'[39m ]
data rcv RT:[ [32m'0.00'[39m, [32m'4.35'[39m, [32m'3.42'[39m, [32m'0.00'[39m ]
data rcv RT:[ [32m'0.00'[39m, [32m'4.35'[39m, [32m'3.42'[39m, [32m'0.00'[39m ]
data rcv RT:[ [32m'0.00'[39m, [32m'4.30'[39m, [32m'3.43'[39m, [32m'0.00'[39m ]
data rcv RT:[ [32m'0.00'[39m, [32m'4.29'[39m, [32m'3.47'[39m, [32m'0.00'[39m ]
data rcv RT:[ [32m'0.00'[39m, [32m'4.29'[39m, [32m'3.45'[39m, [32m'0.00'[39m ]
data rcv RT:[ [32m'0.00'[39m, [32m'4.25'[39m, [32m'3.43'[39m, [32m'0.00'[39m ]
data rcv RT:[ [32m'0.00'[39m, [32m'4.28'[39m, [32m'3.40'[39m, [32m'0.00'[39m ]
data rcv RT:[ [32m'0.00'[39m, [32m'4.29'[39m, [32m'3.38'[39m, [32m'0.00'[39m ]
data rcv RT:[ [32m'0.00'[39m, [32m'4.33'[39m, [32m'3.39'[39m, [32m'0.02'[39m ]
data rcv RT:[ [32m'0.00'[39m, [32m'4.33'[39m, [32m'3.36'[39m, [32m'0.01'[39m ]
data rcv RT:[ [32m'0.00'[39m, [32m'4.36'[39m, [32m'3.39'[39m, [32m'0.02'[39m ]
data rcv RT:[ [32m'0.00'[39m, [32m'4.37'[39m, [32m'3.43'[39m, [32m'0.00'[39m ]
data rcv RT:[ [32m'0.00'[39m, [32m'4.33'[39m, [32m'3.44'[39m, [32m'0.00'[39m ]
data rcv RT:[ [32m'0.00'[39m, [32m'4.31'[39m, [32m'3.42'[39m, [32m'0.00'[39m ]
data rcv RT:[ [32m'0.00'[39m, [32m'4.30'[39m, [32m'3.45'[39m, [32m'0.00'[39m ]
data rcv RT:[ [32m'0.00'[39m, [32m'4.29'[39m, [32m'3.46'[39m, [32m'0.00'[39m ]
data rcv RT:[ [32m'0.00'[39m, [32m'4.27'[39m, [32m'3.38'[39m, [32m'0.00'[39m ]
data rcv RT:[ [32m'0.00'[39m, [32m'4.27'[39m, [32m'3.41'[39m, [32m'0.00'[39m ]
data rcv RT:[ [32m'0.00'[39m, [32m'4.29'[39m, [32m'3.38'[39m, [32m'0.00'[39m ]
data rcv RT:[ [32m'0.00'[39m, [32m'4.28'[39m, [32m'3.39'[39m, [32m'0.00'[39m ]
data rcv RT:[ [32m'0.00'[39m, [32m'4.31'[39m, [32m'3.35'[39m, [32m'0.00'[39m ]
data rcv RT:[ [32m'0.00'[39m, [32m'4.33'[39m, [32m'3.38'[39m, [32m'0.02'[39m ]
data rcv RT:[ [32m'0.00'[39m, [32m'4.35'[39m, [32m'3.38'[39m, [32m'0.01'[39m ]
data rcv RT:[ [32m'0.00'[39m, [32m'4.35'[39m, [32m'3.35'[39m, [32m'0.04'[39m ]
data rcv RT:[ [32m'0.00'[39m, [32m'4.36'[39m, [32m'3.39'[39m, [32m'0.02'[39m ]
data rcv RT:[ [32m'0.00'[39m, [32m'4.33'[39m, [32m'3.44'[39m, [32m'0.00'[39m ]
data rcv RT:[ [32m'0.00'[39m, [32m'4.31'[39m, [32m'3.45'[39m, [32m'0.00'[39m ]
data rcv RT:[ [32m'0.00'[39m, [32m'4.31'[39m, [32m'3.42'[39m, [32m'0.00'[39m ]
data rcv RT:[ [32m'0.00'[39m, [32m'4.31'[39m, [32m'3.42'[39m, [32m'0.00'[39m ]
data rcv RT:[ [32m'0.00'[39m, [32m'4.28'[39m, [32m'3.43'[39m, [32m'0.00'[39m ]
data rcv RT:[ [32m'0.00'[39m, [32m'4.28'[39m, [32m'3.41'[39m, [32m'0.00'[39m ]
data rcv RT:[ [32m'0.00'[39m, [32m'4.26'[39m, [32m'3.39'[39m, [32m'0.00'[39m ]
data rcv RT:[ [32m'0.00'[39m, [32m'4.26'[39m, [32m'3.39'[39m, [32m'0.00'[39m ]
data rcv RT:[ [32m'0.00'[39m, [32m'4.33'[39m, [32m'3.36'[39m, [32m'0.01'[39m ]
data rcv RT:[ [32m'0.00'[39m, [32m'4.32'[39m, [32m'3.40'[39m, [32m'0.00'[39m ]
data rcv RT:[ [32m'0.00'[39m, [32m'4.37'[39m, [32m'3.35'[39m, [32m'0.06'[39m ]
data rcv RT:[ [32m'0.00'[39m, [32m'4.37'[39m, [32m'3.41'[39m, [32m'0.03'[39m ]
data rcv RT:[ [32m'0.00'[39m, [32m'4.36'[39m, [32m'3.43'[39m, [32m'0.00'[39m ]
data rcv RT:[ [32m'0.00'[39m, [32m'4.32'[39m, [32m'3.43'[39m, [32m'0.00'[39m ]
data rcv RT:[ [32m'0.00'[39m, [32m'4.33'[39m, [32m'3.42'[39m, [32m'0.00'[39m ]
data rcv RT:[ [32m'0.00'[39m, [32m'4.30'[39m, [32m'3.45'[39m, [32m'0.00'[39m ]
data rcv RT:[ [32m'0.00'[39m, [32m'4.30'[39m, [32m'3.44'[39m, [32m'0.00'[39m ]
data rcv RT:[ [32m'0.00'[39m, [32m'4.31'[39m, [32m'3.40'[39m, [32m'0.00'[39m ]
data rcv RT:[ [32m'0.00'[39m, [32m'4.28'[39m, [32m'3.38'[39m, [32m'0.00'[39m ]
data rcv RT:[ [32m'0.00'[39m, [32m'4.28'[39m, [32m'3.38'[39m, [32m'0.00'[39m ]
data rcv RT:[ [32m'0.00'[39m, [32m'4.28'[39m, [32m'3.39'[39m, [32m'0.01'[39m ]
data rcv RT:[ [32m'0.00'[39m, [32m'4.33'[39m, [32m'3.39'[39m, [32m'0.01'[39m ]
data rcv RT:[ [32m'0.00'[39m, [32m'4.37'[39m, [32m'3.37'[39m, [32m'0.03'[39m ]
data rcv RT:[ [32m'0.00'[39m, [32m'4.36'[39m, [32m'3.43'[39m, [32m'0.00'[39m ]
data rcv RT:[ [32m'0.00'[39m, [32m'4.36'[39m, [32m'3.37'[39m, [32m'0.03'[39m ]
data rcv RT:[ [32m'0.00'[39m, [32m'4.38'[39m, [32m'3.41'[39m, [32m'0.00'[39m ]
data rcv RT:[ [32m'0.00'[39m, [32m'4.33'[39m, [32m'3.42'[39m, [32m'0.00'[39m ]
data rcv RT:[ [32m'0.00'[39m, [32m'4.33'[39m, [32m'3.44'[39m, [32m'0.00'[39m ]
data rcv RT:[ [32m'0.00'[39m, [32m'4.32'[39m, [32m'3.44'[39m, [32m'0.00'[39m ]
data rcv RT:[ [32m'0.00'[39m, [32m'4.29'[39m, [32m'3.44'[39m, [32m'0.00'[39m ]
data rcv RT:[ [32m'0.00'[39m, [32m'4.25'[39m, [32m'3.43'[39m, [32m'0.00'[39m ]
data rcv RT:[ [32m'0.00'[39m, [32m'4.28'[39m, [32m'3.37'[39m, [32m'0.00'[39m ]
data rcv RT:[ [32m'0.00'[39m, [32m'4.29'[39m, [32m'3.44'[39m, [32m'0.00'[39m ]
data rcv RT:[ [32m'0.00'[39m, [32m'4.25'[39m, [32m'3.41'[39m, [32m'0.00'[39m ]
data rcv RT:[ [32m'0.00'[39m, [32m'4.27'[39m, [32m'3.40'[39m, [32m'0.00'[39m ]
data rcv RT:[ [32m'0.00'[39m, [32m'4.29'[39m, [32m'3.38'[39m, [32m'0.00'[39m ]
data rcv RT:[ [32m'0.00'[39m, [32m'4.31'[39m, [32m'3.39'[39m, [32m'0.00'[39m ]
data rcv RT:[ [32m'0.00'[39m, [32m'4.33'[39m, [32m'3.35'[39m, [32m'0.07'[39m ]
data rcv RT:[ [32m'0.00'[39m, [32m'4.36'[39m, [32m'3.40'[39m, [32m'0.00'[39m ]
data rcv RT:[ [32m'0.00'[39m, [32m'4.31'[39m, [32m'3.43'[39m, [32m'0.00'[39m ]
data rcv RT:[ [32m'0.00'[39m, [32m'4.32'[39m, [32m'3.43'[39m, [32m'0.00'[39m ]
data rcv RT:[ [32m'0.00'[39m, [32m'4.29'[39m, [32m'3.43'[39m, [32m'0.00'[39m ]
data rcv RT:[ [32m'0.00'[39m, [32m'4.28'[39m, [32m'3.45'[39m, [32m'0.00'[39m ]
data rcv RT:[ [32m'0.00'[39m, [32m'4.27'[39m, [32m'3.41'[39m, [32m'0.00'[39m ]
data rcv RT:[ [32m'0.00'[39m, [32m'4.29'[39m, [32m'3.35'[39m, [32m'0.00'[39m ]
data rcv RT:[ [32m'0.00'[39m, [32m'4.28'[39m, [32m'3.39'[39m, [32m'0.00'[39m ]
data rcv RT:[ [32m'0.00'[39m, [32m'4.30'[39m, [32m'3.38'[39m, [32m'0.00'[39m ]
data rcv RT:[ [32m'0.00'[39m, [32m'4.33'[39m, [32m'3.38'[39m, [32m'0.02'[39m ]
data rcv RT:[ [32m'0.00'[39m, [32m'4.35'[39m, [32m'3.37'[39m, [32m'0.04'[39m ]
data rcv RT:[ [32m'0.00'[39m, [32m'4.37'[39m, [32m'3.40'[39m, [32m'0.02'[39m ]
data rcv RT:[ [32m'0.00'[39m, [32m'4.37'[39m, [32m'3.41'[39m, [32m'0.00'[39m ]
data rcv RT:[ [32m'0.00'[39m, [32m'4.34'[39m, [32m'3.43'[39m, [32m'0.00'[39m ]
data rcv RT:[ [32m'0.00'[39m, [32m'4.35'[39m, [32m'3.43'[39m, [32m'0.00'[39m ]
data rcv RT:[ [32m'0.00'[39m, [32m'4.33'[39m, [32m'3.41'[39m, [32m'0.00'[39m ]
data rcv RT:[ [32m'0.00'[39m, [32m'4.29'[39m, [32m'3.43'[39m, [32m'0.00'[39m ]
data rcv RT:[ [32m'0.00'[39m, [32m'4.25'[39m, [32m'3.42'[39m, [32m'0.00'[39m ]
data rcv RT:[ [32m'0.00'[39m, [32m'4.26'[39m, [32m'3.41'[39m, [32m'0.00'[39m ]
data rcv RT:[ [32m'0.00'[39m, [32m'4.30'[39m, [32m'3.38'[39m, [32m'0.00'[39m ]
data rcv RT:[ [32m'0.00'[39m, [32m'4.34'[39m, [32m'3.37'[39m, [32m'0.00'[39m ]
data rcv RT:[ [32m'0.00'[39m, [32m'4.35'[39m, [32m'3.39'[39m, [32m'0.00'[39m ]
data rcv RT:[ [32m'0.00'[39m, [32m'4.36'[39m, [32m'3.35'[39m, [32m'0.04'[39m ]
data rcv RT:[ [32m'0.00'[39m, [32m'4.36'[39m, [32m'3.40'[39m, [32m'0.00'[39m ]
data rcv RT:[ [32m'0.00'[39m, [32m'4.35'[39m, [32m'3.43'[39m, [32m'0.00'[39m ]
data rcv RT:[ [32m'0.00'[39m, [32m'4.33'[39m, [32m'3.44'[39m, [32m'0.00'[39m ]
data rcv RT:[ [32m'0.00'[39m, [32m'4.35'[39m, [32m'3.40'[39m, [32m'0.00'[39m ]
data rcv RT:[ [32m'0.00'[39m, [32m'4.32'[39m, [32m'3.44'[39m, [32m'0.00'[39m ]
data rcv RT:[ [32m'0.00'[39m, [32m'4.30'[39m, [32m'3.42'[39m, [32m'0.00'[39m ]
data rcv RT:[ [32m'0.00'[39m, [32m'4.26'[39m, [32m'3.44'[39m, [32m'0.00'[39m ]
data rcv RT:[ [32m'0.00'[39m, [32m'4.25'[39m, [32m'3.42'[39m, [32m'0.00'[39m ]
data rcv RT:[ [32m'0.00'[39m, [32m'4.26'[39m, [32m'3.38'[39m, [32m'0.00'[39m ]
data rcv RT:[ [32m'0.00'[39m, [32m'4.32'[39m, [32m'3.38'[39m, [32m'0.01'[39m ]
data rcv RT:[ [32m'0.00'[39m, [32m'4.32'[39m, [32m'3.38'[39m, [32m'0.01'[39m ]
data rcv RT:[ [32m'0.00'[39m, [32m'4.33'[39m, [32m'3.40'[39m, [32m'0.00'[39m ]
data rcv RT:[ [32m'0.00'[39m, [32m'4.34'[39m, [32m'3.35'[39m, [32m'0.03'[39m ]
data rcv RT:[ [32m'0.00'[39m, [32m'4.36'[39m, [32m'3.38'[39m, [32m'0.02'[39m ]
data rcv RT:[ [32m'0.00'[39m, [32m'4.37'[39m, [32m'3.41'[39m, [32m'0.00'[39m ]
data rcv RT:[ [32m'0.00'[39m, [32m'4.38'[39m, [32m'3.41'[39m, [32m'0.01'[39m ]
data rcv RT:[ [32m'0.00'[39m, [32m'4.30'[39m, [32m'3.45'[39m, [32m'0.00'[39m ]
data rcv RT:[ [32m'0.00'[39m, [32m'4.29'[39m, [32m'3.41'[39m, [32m'0.00'[39m ]
data rcv RT:[ [32m'0.00'[39m, [32m'4.24'[39m, [32m'3.39'[39m, [32m'0.00'[39m ]
data rcv RT:[ [32m'0.00'[39m, [32m'4.26'[39m, [32m'3.41'[39m, [32m'0.00'[39m ]
data rcv RT:[ [32m'0.00'[39m, [32m'4.29'[39m, [32m'3.37'[39m, [32m'0.00'[39m ]
data rcv RT:[ [32m'0.00'[39m, [32m'4.28'[39m, [32m'3.38'[39m, [32m'0.00'[39m ]
data rcv RT:[ [32m'0.00'[39m, [32m'4.31'[39m, [32m'3.36'[39m, [32m'0.01'[39m ]
data rcv RT:[ [32m'0.00'[39m, [32m'4.31'[39m, [32m'3.39'[39m, [32m'0.01'[39m ]
data rcv RT:[ [32m'0.00'[39m, [32m'4.34'[39m, [32m'3.36'[39m, [32m'0.04'[39m ]
data rcv RT:[ [32m'0.00'[39m, [32m'4.36'[39m, [32m'3.37'[39m, [32m'0.02'[39m ]
data rcv RT:[ [32m'0.00'[39m, [32m'4.37'[39m, [32m'3.43'[39m, [32m'0.00'[39m ]
data rcv RT:[ [32m'0.00'[39m, [32m'4.34'[39m, [32m'3.45'[39m, [32m'0.00'[39m ]
data rcv RT:[ [32m'0.00'[39m, [32m'4.31'[39m, [32m'3.40'[39m, [32m'0.00'[39m ]
data rcv RT:[ [32m'0.00'[39m, [32m'4.33'[39m, [32m'3.40'[39m, [32m'0.00'[39m ]
data rcv RT:[ [32m'0.00'[39m, [32m'4.31'[39m, [32m'3.43'[39m, [32m'0.00'[39m ]
data rcv RT:[ [32m'0.00'[39m, [32m'4.31'[39m, [32m'3.42'[39m, [32m'0.00'[39m ]
data rcv RT:[ [32m'0.00'[39m, [32m'4.27'[39m, [32m'3.38'[39m, [32m'0.00'[39m ]
data rcv RT:[ [32m'0.00'[39m, [32m'4.26'[39m, [32m'3.45'[39m, [32m'0.00'[39m ]
data rcv RT:[ [32m'0.00'[39m, [32m'4.26'[39m, [32m'3.38'[39m, [32m'0.00'[39m ]
data rcv RT:[ [32m'0.00'[39m, [32m'4.28'[39m, [32m'3.40'[39m, [32m'0.00'[39m ]
data rcv RT:[ [32m'0.00'[39m, [32m'4.37'[39m, [32m'3.38'[39m, [32m'0.02'[39m ]
data rcv RT:[ [32m'0.00'[39m, [32m'4.33'[39m, [32m'3.38'[39m, [32m'0.02'[39m ]
data rcv RT:[ [32m'0.00'[39m, [32m'4.34'[39m, [32m'3.45'[39m, [32m'0.00'[39m ]
data rcv RT:[ [32m'0.00'[39m, [32m'4.36'[39m, [32m'3.42'[39m, [32m'0.00'[39m ]
data rcv RT:[ [32m'0.00'[39m, [32m'4.35'[39m, [32m'3.41'[39m, [32m'0.00'[39m ]
data rcv RT:[ [32m'0.00'[39m, [32m'4.35'[39m, [32m'3.42'[39m, [32m'0.00'[39m ]
data rcv RT:[ [32m'0.00'[39m, [32m'4.34'[39m, [32m'3.43'[39m, [32m'0.00'[39m ]
data rcv RT:[ [32m'0.00'[39m, [32m'4.30'[39m, [32m'3.45'[39m, [32m'0.00'[39m ]
data rcv RT:[ [32m'0.00'[39m, [32m'4.28'[39m, [32m'3.43'[39m, [32m'0.00'[39m ]
data rcv RT:[ [32m'0.00'[39m, [32m'4.25'[39m, [32m'3.41'[39m, [32m'0.00'[39m ]
data rcv RT:[ [32m'0.00'[39m, [32m'4.23'[39m, [32m'3.40'[39m, [32m'0.00'[39m ]
data rcv RT:[ [32m'0.00'[39m, [32m'4.26'[39m, [32m'3.38'[39m, [32m'0.00'[39m ]
data rcv RT:[ [32m'0.00'[39m, [32m'4.33'[39m, [32m'3.38'[39m, [32m'0.00'[39m ]
data rcv RT:[ [32m'0.00'[39m, [32m'4.36'[39m, [32m'3.37'[39m, [32m'0.00'[39m ]
data rcv RT:[ [32m'0.00'[39m, [32m'4.34'[39m, [32m'3.38'[39m, [32m'0.00'[39m ]
data rcv RT:[ [32m'0.00'[39m, [32m'4.37'[39m, [32m'3.38'[39m, [32m'0.00'[39m ]
data rcv RT:[ [32m'0.00'[39m, [32m'4.35'[39m, [32m'3.40'[39m, [32m'0.00'[39m ]
data rcv RT:[ [32m'0.00'[39m, [32m'4.35'[39m, [32m'3.40'[39m, [32m'0.01'[39m ]
data rcv RT:[ [32m'0.00'[39m, [32m'4.34'[39m, [32m'3.42'[39m, [32m'0.00'[39m ]
data rcv RT:[ [32m'0.00'[39m, [32m'4.32'[39m, [32m'3.41'[39m, [32m'0.00'[39m ]
data rcv RT:[ [32m'0.00'[39m, [32m'4.32'[39m, [32m'3.44'[39m, [32m'0.00'[39m ]
data rcv RT:[ [32m'0.00'[39m, [32m'4.31'[39m, [32m'3.47'[39m, [32m'0.00'[39m ]
data rcv RT:[ [32m'0.00'[39m, [32m'4.26'[39m, [32m'3.39'[39m, [32m'0.00'[39m ]
data rcv RT:[ [32m'0.00'[39m, [32m'4.24'[39m, [32m'3.38'[39m, [32m'0.00'[39m ]
data rcv RT:[ [32m'0.00'[39m, [32m'4.25'[39m, [32m'3.39'[39m, [32m'0.00'[39m ]
data rcv RT:[ [32m'0.00'[39m, [32m'4.26'[39m, [32m'3.38'[39m, [32m'0.00'[39m ]
data rcv RT:[ [32m'0.00'[39m, [32m'4.30'[39m, [32m'3.37'[39m, [32m'0.00'[39m ]
data rcv RT:[ [32m'0.00'[39m, [32m'4.34'[39m, [32m'3.36'[39m, [32m'0.01'[39m ]
data rcv RT:[ [32m'0.00'[39m, [32m'4.33'[39m, [32m'3.39'[39m, [32m'0.00'[39m ]
data rcv RT:[ [32m'0.00'[39m, [32m'4.32'[39m, [32m'3.37'[39m, [32m'0.01'[39m ]
data rcv RT:[ [32m'0.00'[39m, [32m'4.36'[39m, [32m'3.38'[39m, [32m'0.02'[39m ]
data rcv RT:[ [32m'0.00'[39m, [32m'4.34'[39m, [32m'3.42'[39m, [32m'0.00'[39m ]
data rcv RT:[ [32m'0.00'[39m, [32m'4.36'[39m, [32m'3.42'[39m, [32m'0.00'[39m ]
data rcv RT:[ [32m'0.00'[39m, [32m'4.30'[39m, [32m'3.45'[39m, [32m'0.00'[39m ]
data rcv RT:[ [32m'0.00'[39m, [32m'4.31'[39m, [32m'3.44'[39m, [32m'0.00'[39m ]
data rcv RT:[ [32m'0.00'[39m, [32m'4.32'[39m, [32m'3.44'[39m, [32m'0.00'[39m ]
data rcv RT:[ [32m'0.00'[39m, [32m'4.28'[39m, [32m'3.43'[39m, [32m'0.00'[39m ]
data rcv RT:[ [32m'0.00'[39m, [32m'4.30'[39m, [32m'3.44'[39m, [32m'0.00'[39m ]
data rcv RT:[ [32m'0.00'[39m, [32m'4.27'[39m, [32m'3.38'[39m, [32m'0.00'[39m ]
data rcv RT:[ [32m'0.00'[39m, [32m'4.24'[39m, [32m'3.44'[39m, [32m'0.00'[39m ]
data rcv RT:[ [32m'0.00'[39m, [32m'4.25'[39m, [32m'3.41'[39m, [32m'0.00'[39m ]
data rcv RT:[ [32m'0.00'[39m, [32m'4.28'[39m, [32m'3.41'[39m, [32m'0.00'[39m ]
data rcv RT:[ [32m'0.00'[39m, [32m'4.31'[39m, [32m'3.38'[39m, [32m'0.01'[39m ]
data rcv RT:[ [32m'0.00'[39m, [32m'4.31'[39m, [32m'3.39'[39m, [32m'0.00'[39m ]
data rcv RT:[ [32m'0.00'[39m, [32m'4.33'[39m, [32m'3.38'[39m, [32m'0.03'[39m ]
data rcv RT:[ [32m'0.00'[39m, [32m'4.38'[39m, [32m'3.41'[39m, [32m'0.02'[39m ]
data rcv RT:[ [32m'0.00'[39m, [32m'4.39'[39m, [32m'3.38'[39m, [32m'0.03'[39m ]
data rcv RT:[ [32m'0.00'[39m, [32m'4.40'[39m, [32m'3.40'[39m, [32m'0.03'[39m ]
data rcv RT:[ [32m'0.00'[39m, [32m'4.37'[39m, [32m'3.40'[39m, [32m'0.00'[39m ]
data rcv RT:[ [32m'0.00'[39m, [32m'4.34'[39m, [32m'3.42'[39m, [32m'0.00'[39m ]
data rcv RT:[ [32m'0.00'[39m, [32m'4.33'[39m, [32m'3.42'[39m, [32m'0.00'[39m ]
data rcv RT:[ [32m'0.00'[39m, [32m'4.31'[39m, [32m'3.43'[39m, [32m'0.00'[39m ]
data rcv RT:[ [32m'0.00'[39m, [32m'4.30'[39m, [32m'3.40'[39m, [32m'0.00'[39m ]
data rcv RT:[ [32m'0.00'[39m, [32m'4.26'[39m, [32m'3.39'[39m, [32m'0.00'[39m ]
data rcv RT:[ [32m'0.00'[39m, [32m'4.25'[39m, [32m'3.42'[39m, [32m'0.00'[39m ]
data rcv RT:[ [32m'0.00'[39m, [32m'4.29'[39m, [32m'3.38'[39m, [32m'0.00'[39m ]
data rcv RT:[ [32m'0.00'[39m, [32m'4.30'[39m, [32m'3.35'[39m, [32m'0.00'[39m ]
data rcv RT:[ [32m'0.00'[39m, [32m'4.31'[39m, [32m'3.40'[39m, [32m'0.00'[39m ]
data rcv RT:[ [32m'0.00'[39m, [32m'4.36'[39m, [32m'3.36'[39m, [32m'0.01'[39m ]
data rcv RT:[ [32m'0.00'[39m, [32m'4.39'[39m, [32m'3.39'[39m, [32m'0.03'[39m ]
data rcv RT:[ [32m'0.00'[39m, [32m'4.36'[39m, [32m'3.42'[39m, [32m'0.00'[39m ]
data rcv RT:[ [32m'0.00'[39m, [32m'4.35'[39m, [32m'3.42'[39m, [32m'0.00'[39m ]
data rcv RT:[ [32m'0.00'[39m, [32m'4.35'[39m, [32m'3.41'[39m, [32m'0.00'[39m ]
data rcv RT:[ [32m'0.00'[39m, [32m'4.34'[39m, [32m'3.41'[39m, [32m'0.00'[39m ]
data rcv RT:[ [32m'0.00'[39m, [32m'4.30'[39m, [32m'3.41'[39m, [32m'0.00'[39m ]
data rcv RT:[ [32m'0.00'[39m, [32m'4.28'[39m, [32m'3.41'[39m, [32m'0.00'[39m ]
data rcv RT:[ [32m'0.00'[39m, [32m'4.26'[39m, [32m'3.43'[39m, [32m'0.00'[39m ]
data rcv RT:[ [32m'0.00'[39m, [32m'4.26'[39m, [32m'3.43'[39m, [32m'0.00'[39m ]
data rcv RT:[ [32m'0.00'[39m, [32m'4.27'[39m, [32m'3.41'[39m, [32m'0.00'[39m ]
data rcv RT:[ [32m'0.00'[39m, [32m'4.29'[39m, [32m'3.38'[39m, [32m'0.00'[39m ]
data rcv RT:[ [32m'0.00'[39m, [32m'4.32'[39m, [32m'3.40'[39m, [32m'0.00'[39m ]
data rcv RT:[ [32m'0.00'[39m, [32m'4.33'[39m, [32m'3.40'[39m, [32m'0.01'[39m ]
data rcv RT:[ [32m'0.00'[39m, [32m'4.33'[39m, [32m'3.38'[39m, [32m'0.01'[39m ]
data rcv RT:[ [32m'0.00'[39m, [32m'4.38'[39m, [32m'3.39'[39m, [32m'0.02'[39m ]
data rcv RT:[ [32m'0.00'[39m, [32m'4.37'[39m, [32m'3.39'[39m, [32m'0.02'[39m ]
data rcv RT:[ [32m'0.00'[39m, [32m'4.34'[39m, [32m'3.44'[39m, [32m'0.00'[39m ]
data rcv RT:[ [32m'0.00'[39m, [32m'4.33'[39m, [32m'3.43'[39m, [32m'0.00'[39m ]
data rcv RT:[ [32m'0.00'[39m, [32m'4.34'[39m, [32m'3.43'[39m, [32m'0.00'[39m ]
data rcv RT:[ [32m'0.00'[39m, [32m'4.30'[39m, [32m'3.44'[39m, [32m'0.00'[39m ]
data rcv RT:[ [32m'0.00'[39m, [32m'4.30'[39m, [32m'3.42'[39m, [32m'0.00'[39m ]
data rcv RT:[ [32m'0.00'[39m, [32m'4.26'[39m, [32m'3.43'[39m, [32m'0.00'[39m ]
data rcv RT:[ [32m'0.00'[39m, [32m'4.25'[39m, [32m'3.43'[39m, [32m'0.00'[39m ]
data rcv RT:[ [32m'0.00'[39m, [32m'4.28'[39m, [32m'3.37'[39m, [32m'0.00'[39m ]
data rcv RT:[ [32m'0.00'[39m, [32m'4.30'[39m, [32m'3.37'[39m, [32m'0.00'[39m ]
data rcv RT:[ [32m'0.00'[39m, [32m'4.34'[39m, [32m'3.38'[39m, [32m'0.01'[39m ]
data rcv RT:[ [32m'0.00'[39m, [32m'4.33'[39m, [32m'3.40'[39m, [32m'0.01'[39m ]
data rcv RT:[ [32m'0.00'[39m, [32m'4.32'[39m, [32m'3.37'[39m, [32m'0.05'[39m ]
data rcv RT:[ [32m'0.00'[39m, [32m'4.38'[39m, [32m'3.39'[39m, [32m'0.02'[39m ]
data rcv RT:[ [32m'0.00'[39m, [32m'4.33'[39m, [32m'3.43'[39m, [32m'0.00'[39m ]
data rcv RT:[ [32m'0.00'[39m, [32m'4.31'[39m, [32m'3.44'[39m, [32m'0.00'[39m ]
data rcv RT:[ [32m'0.00'[39m, [32m'4.32'[39m, [32m'3.41'[39m, [32m'0.00'[39m ]
data rcv RT:[ [32m'0.00'[39m, [32m'4.30'[39m, [32m'3.44'[39m, [32m'0.00'[39m ]
data rcv RT:[ [32m'0.00'[39m, [32m'4.29'[39m, [32m'3.42'[39m, [32m'0.00'[39m ]
data rcv RT:[ [32m'0.00'[39m, [32m'4.29'[39m, [32m'3.42'[39m, [32m'0.00'[39m ]
data rcv RT:[ [32m'0.00'[39m, [32m'4.27'[39m, [32m'3.42'[39m, [32m'0.00'[39m ]
data rcv RT:[ [32m'0.00'[39m, [32m'4.27'[39m, [32m'3.42'[39m, [32m'0.00'[39m ]
data rcv RT:[ [32m'0.00'[39m, [32m'4.27'[39m, [32m'3.43'[39m, [32m'0.00'[39m ]
data rcv RT:[ [32m'0.00'[39m, [32m'4.29'[39m, [32m'3.37'[39m, [32m'0.00'[39m ]
data rcv RT:[ [32m'0.00'[39m, [32m'4.30'[39m, [32m'3.38'[39m, [32m'0.01'[39m ]
data rcv RT:[ [32m'0.00'[39m, [32m'4.32'[39m, [32m'3.34'[39m, [32m'0.02'[39m ]
data rcv RT:[ [32m'0.00'[39m, [32m'4.33'[39m, [32m'3.36'[39m, [32m'0.04'[39m ]
data rcv RT:[ [32m'0.00'[39m, [32m'4.35'[39m, [32m'3.43'[39m, [32m'0.00'[39m ]
data rcv RT:[ [32m'0.00'[39m, [32m'4.33'[39m, [32m'3.41'[39m, [32m'0.00'[39m ]
data rcv RT:[ [32m'0.00'[39m, [32m'4.33'[39m, [32m'3.41'[39m, [32m'0.00'[39m ]
data rcv RT:[ [32m'0.00'[39m, [32m'4.32'[39m, [32m'3.44'[39m, [32m'0.00'[39m ]
data rcv RT:[ [32m'0.00'[39m, [32m'4.28'[39m, [32m'3.41'[39m, [32m'0.00'[39m ]
data rcv RT:[ [32m'0.00'[39m, [32m'4.25'[39m, [32m'3.41'[39m, [32m'0.00'[39m ]
data rcv RT:[ [32m'0.00'[39m, [32m'4.28'[39m, [32m'3.38'[39m, [32m'0.00'[39m ]
data rcv RT:[ [32m'0.00'[39m, [32m'4.29'[39m, [32m'3.38'[39m, [32m'0.00'[39m ]
data rcv RT:[ [32m'0.00'[39m, [32m'4.31'[39m, [32m'3.37'[39m, [32m'0.02'[39m ]
data rcv RT:[ [32m'0.00'[39m, [32m'4.36'[39m, [32m'3.37'[39m, [32m'0.01'[39m ]
data rcv RT:[ [32m'0.00'[39m, [32m'4.37'[39m, [32m'3.40'[39m, [32m'0.02'[39m ]
data rcv RT:[ [32m'0.00'[39m, [32m'4.38'[39m, [32m'3.40'[39m, [32m'0.00'[39m ]
data rcv RT:[ [32m'0.00'[39m, [32m'4.32'[39m, [32m'3.45'[39m, [32m'0.00'[39m ]
data rcv RT:[ [32m'0.00'[39m, [32m'4.36'[39m, [32m'3.43'[39m, [32m'0.00'[39m ]
data rcv RT:[ [32m'0.00'[39m, [32m'4.29'[39m, [32m'3.45'[39m, [32m'0.00'[39m ]
data rcv RT:[ [32m'0.00'[39m, [32m'4.30'[39m, [32m'3.42'[39m, [32m'0.00'[39m ]
data rcv RT:[ [32m'0.00'[39m, [32m'4.32'[39m, [32m'3.43'[39m, [32m'0.00'[39m ]
data rcv RT:[ [32m'0.00'[39m, [32m'4.28'[39m, [32m'3.41'[39m, [32m'0.00'[39m ]
data rcv RT:[ [32m'0.00'[39m, [32m'4.28'[39m, [32m'3.42'[39m, [32m'0.00'[39m ]
data rcv RT:[ [32m'0.00'[39m, [32m'4.27'[39m, [32m'3.40'[39m, [32m'0.00'[39m ]
data rcv RT:[ [32m'0.00'[39m, [32m'4.29'[39m, [32m'3.36'[39m, [32m'0.01'[39m ]
data rcv RT:[ [32m'0.00'[39m, [32m'4.30'[39m, [32m'3.36'[39m, [32m'0.00'[39m ]
data rcv RT:[ [32m'0.00'[39m, [32m'4.31'[39m, [32m'3.40'[39m, [32m'0.01'[39m ]
data rcv RT:[ [32m'0.00'[39m, [32m'4.37'[39m, [32m'3.35'[39m, [32m'0.05'[39m ]
data rcv RT:[ [32m'0.00'[39m, [32m'4.38'[39m, [32m'3.39'[39m, [32m'0.01'[39m ]
data rcv RT:[ [32m'0.00'[39m, [32m'4.36'[39m, [32m'3.44'[39m, [32m'0.00'[39m ]
data rcv RT:[ [32m'0.00'[39m, [32m'4.31'[39m, [32m'3.43'[39m, [32m'0.00'[39m ]
data rcv RT:[ [32m'0.00'[39m, [32m'4.31'[39m, [32m'3.45'[39m, [32m'0.00'[39m ]
data rcv RT:[ [32m'0.00'[39m, [32m'4.26'[39m, [32m'3.42'[39m, [32m'0.00'[39m ]
data rcv RT:[ [32m'0.00'[39m, [32m'4.28'[39m, [32m'3.39'[39m, [32m'0.00'[39m ]
data rcv RT:[ [32m'0.00'[39m, [32m'4.28'[39m, [32m'3.38'[39m, [32m'0.00'[39m ]
data rcv RT:[ [32m'0.00'[39m, [32m'4.31'[39m, [32m'3.39'[39m, [32m'0.00'[39m ]
data rcv RT:[ [32m'0.00'[39m, [32m'4.34'[39m, [32m'3.37'[39m, [32m'0.01'[39m ]
data rcv RT:[ [32m'0.00'[39m, [32m'4.35'[39m, [32m'3.38'[39m, [32m'0.04'[39m ]
data rcv RT:[ [32m'0.00'[39m, [32m'4.38'[39m, [32m'3.39'[39m, [32m'0.03'[39m ]
data rcv RT:[ [32m'0.00'[39m, [32m'4.39'[39m, [32m'3.39'[39m, [32m'0.02'[39m ]
data rcv RT:[ [32m'0.00'[39m, [32m'4.37'[39m, [32m'3.38'[39m, [32m'0.01'[39m ]
data rcv RT:[ [32m'0.00'[39m, [32m'4.34'[39m, [32m'3.43'[39m, [32m'0.00'[39m ]
data rcv RT:[ [32m'0.00'[39m, [32m'4.34'[39m, [32m'3.43'[39m, [32m'0.00'[39m ]
data rcv RT:[ [32m'0.00'[39m, [32m'4.31'[39m, [32m'3.44'[39m, [32m'0.00'[39m ]
data rcv RT:[ [32m'0.00'[39m, [32m'4.29'[39m, [32m'3.45'[39m, [32m'0.00'[39m ]
data rcv RT:[ [32m'0.00'[39m, [32m'4.26'[39m, [32m'3.42'[39m, [32m'0.00'[39m ]
data rcv RT:[ [32m'0.00'[39m, [32m'4.28'[39m, [32m'3.43'[39m, [32m'0.00'[39m ]
data rcv RT:[ [32m'0.00'[39m, [32m'4.28'[39m, [32m'3.38'[39m, [32m'0.00'[39m ]
data rcv RT:[ [32m'0.00'[39m, [32m'4.29'[39m, [32m'3.38'[39m, [32m'0.00'[39m ]
data rcv RT:[ [32m'0.00'[39m, [32m'4.30'[39m, [32m'3.39'[39m, [32m'0.00'[39m ]
data rcv RT:[ [32m'0.00'[39m, [32m'4.34'[39m, [32m'3.36'[39m, [32m'0.06'[39m ]
data rcv RT:[ [32m'0.00'[39m, [32m'4.36'[39m, [32m'3.35'[39m, [32m'0.03'[39m ]
data rcv RT:[ [32m'0.00'[39m, [32m'4.39'[39m, [32m'3.41'[39m, [32m'0.00'[39m ]
data rcv RT:[ [32m'0.00'[39m, [32m'4.34'[39m, [32m'3.43'[39m, [32m'0.00'[39m ]
data rcv RT:[ [32m'0.00'[39m, [32m'4.31'[39m, [32m'3.44'[39m, [32m'0.00'[39m ]
data rcv RT:[ [32m'0.00'[39m, [32m'4.31'[39m, [32m'3.44'[39m, [32m'0.00'[39m ]
data rcv RT:[ [32m'0.00'[39m, [32m'4.32'[39m, [32m'3.41'[39m, [32m'0.00'[39m ]
data rcv RT:[ [32m'0.00'[39m, [32m'4.27'[39m, [32m'3.43'[39m, [32m'0.00'[39m ]
data rcv RT:[ [32m'0.00'[39m, [32m'4.26'[39m, [32m'3.39'[39m, [32m'0.00'[39m ]
data rcv RT:[ [32m'0.00'[39m, [32m'4.30'[39m, [32m'3.40'[39m, [32m'0.00'[39m ]
data rcv RT:[ [32m'0.00'[39m, [32m'4.31'[39m, [32m'3.36'[39m, [32m'0.01'[39m ]
data rcv RT:[ [32m'0.00'[39m, [32m'4.33'[39m, [32m'3.39'[39m, [32m'0.02'[39m ]
data rcv RT:[ [32m'0.00'[39m, [32m'4.37'[39m, [32m'3.42'[39m, [32m'0.00'[39m ]
data rcv RT:[ [32m'0.00'[39m, [32m'4.38'[39m, [32m'3.39'[39m, [32m'0.00'[39m ]
data rcv RT:[ [32m'0.00'[39m, [32m'4.33'[39m, [32m'3.44'[39m, [32m'0.00'[39m ]
data rcv RT:[ [32m'0.00'[39m, [32m'4.30'[39m, [32m'3.44'[39m, [32m'0.00'[39m ]
data rcv RT:[ [32m'0.00'[39m, [32m'4.29'[39m, [32m'3.43'[39m, [32m'0.00'[39m ]
data rcv RT:[ [32m'0.00'[39m, [32m'4.29'[39m, [32m'3.45'[39m, [32m'0.00'[39m ]
data rcv RT:[ [32m'0.00'[39m, [32m'4.25'[39m, [32m'3.42'[39m, [32m'0.00'[39m ]
data rcv RT:[ [32m'0.00'[39m, [32m'4.28'[39m, [32m'3.38'[39m, [32m'0.00'[39m ]
data rcv RT:[ [32m'0.00'[39m, [32m'4.30'[39m, [32m'3.39'[39m, [32m'0.00'[39m ]
data rcv RT:[ [32m'0.00'[39m, [32m'4.31'[39m, [32m'3.37'[39m, [32m'0.02'[39m ]
data rcv RT:[ [32m'0.00'[39m, [32m'4.33'[39m, [32m'3.39'[39m, [32m'0.01'[39m ]
data rcv RT:[ [32m'0.00'[39m, [32m'4.34'[39m, [32m'3.37'[39m, [32m'0.01'[39m ]
data rcv RT:[ [32m'0.00'[39m, [32m'4.35'[39m, [32m'3.38'[39m, [32m'0.01'[39m ]
data rcv RT:[ [32m'0.00'[39m, [32m'4.34'[39m, [32m'3.38'[39m, [32m'0.02'[39m ]
data rcv RT:[ [32m'0.00'[39m, [32m'4.39'[39m, [32m'3.38'[39m, [32m'0.03'[39m ]
data rcv RT:[ [32m'0.00'[39m, [32m'4.35'[39m, [32m'3.43'[39m, [32m'0.00'[39m ]
data rcv RT:[ [32m'0.00'[39m, [32m'4.36'[39m, [32m'3.42'[39m, [32m'0.00'[39m ]
data rcv RT:[ [32m'0.00'[39m, [32m'4.31'[39m, [32m'3.44'[39m, [32m'0.00'[39m ]
data rcv RT:[ [32m'0.00'[39m, [32m'4.31'[39m, [32m'3.44'[39m, [32m'0.00'[39m ]
data rcv RT:[ [32m'0.00'[39m, [32m'4.31'[39m, [32m'3.43'[39m, [32m'0.00'[39m ]
data rcv RT:[ [32m'0.00'[39m, [32m'4.30'[39m, [32m'3.45'[39m, [32m'0.00'[39m ]
data rcv RT:[ [32m'0.00'[39m, [32m'4.26'[39m, [32m'3.40'[39m, [32m'0.00'[39m ]
data rcv RT:[ [32m'0.00'[39m, [32m'4.28'[39m, [32m'3.37'[39m, [32m'0.00'[39m ]
data rcv RT:[ [32m'0.00'[39m, [32m'4.27'[39m, [32m'3.39'[39m, [32m'0.00'[39m ]
data rcv RT:[ [32m'0.00'[39m, [32m'4.28'[39m, [32m'3.39'[39m, [32m'0.00'[39m ]
data rcv RT:[ [32m'0.00'[39m, [32m'4.33'[39m, [32m'3.39'[39m, [32m'0.01'[39m ]
data rcv RT:[ [32m'0.00'[39m, [32m'4.34'[39m, [32m'3.38'[39m, [32m'0.00'[39m ]
data rcv RT:[ [32m'0.00'[39m, [32m'4.36'[39m, [32m'3.37'[39m, [32m'0.03'[39m ]
data rcv RT:[ [32m'0.00'[39m, [32m'4.34'[39m, [32m'3.37'[39m, [32m'0.04'[39m ]
data rcv RT:[ [32m'0.00'[39m, [32m'4.36'[39m, [32m'3.39'[39m, [32m'0.03'[39m ]
data rcv RT:[ [32m'0.00'[39m, [32m'4.38'[39m, [32m'3.40'[39m, [32m'0.01'[39m ]
data rcv RT:[ [32m'0.00'[39m, [32m'4.34'[39m, [32m'3.41'[39m, [32m'0.00'[39m ]
data rcv RT:[ [32m'0.00'[39m, [32m'4.34'[39m, [32m'3.46'[39m, [32m'0.00'[39m ]
data rcv RT:[ [32m'0.00'[39m, [32m'4.34'[39m, [32m'3.42'[39m, [32m'0.00'[39m ]
data rcv RT:[ [32m'0.00'[39m, [32m'4.31'[39m, [32m'3.42'[39m, [32m'0.00'[39m ]
data rcv RT:[ [32m'0.00'[39m, [32m'4.31'[39m, [32m'3.43'[39m, [32m'0.00'[39m ]
data rcv RT:[ [32m'0.00'[39m, [32m'4.26'[39m, [32m'3.41'[39m, [32m'0.00'[39m ]
data rcv RT:[ [32m'0.00'[39m, [32m'4.24'[39m, [32m'3.40'[39m, [32m'0.00'[39m ]
data rcv RT:[ [32m'0.00'[39m, [32m'4.27'[39m, [32m'3.39'[39m, [32m'0.00'[39m ]
data rcv RT:[ [32m'0.00'[39m, [32m'4.33'[39m, [32m'3.38'[39m, [32m'0.00'[39m ]
data rcv RT:[ [32m'0.00'[39m, [32m'4.32'[39m, [32m'3.38'[39m, [32m'0.04'[39m ]
data rcv RT:[ [32m'0.00'[39m, [32m'4.38'[39m, [32m'3.39'[39m, [32m'0.02'[39m ]
data rcv RT:[ [32m'0.00'[39m, [32m'4.35'[39m, [32m'3.37'[39m, [32m'0.02'[39m ]
data rcv RT:[ [32m'0.00'[39m, [32m'4.37'[39m, [32m'3.43'[39m, [32m'0.00'[39m ]
data rcv RT:[ [32m'0.00'[39m, [32m'4.34'[39m, [32m'3.42'[39m, [32m'0.00'[39m ]
data rcv RT:[ [32m'0.00'[39m, [32m'4.32'[39m, [32m'3.42'[39m, [32m'0.00'[39m ]
data rcv RT:[ [32m'0.00'[39m, [32m'4.33'[39m, [32m'3.43'[39m, [32m'0.00'[39m ]
data rcv RT:[ [32m'0.00'[39m, [32m'4.28'[39m, [32m'3.43'[39m, [32m'0.00'[39m ]
data rcv RT:[ [32m'0.00'[39m, [32m'4.26'[39m, [32m'3.40'[39m, [32m'0.00'[39m ]
data rcv RT:[ [32m'0.00'[39m, [32m'4.27'[39m, [32m'3.39'[39m, [32m'0.00'[39m ]
data rcv RT:[ [32m'0.00'[39m, [32m'4.32'[39m, [32m'3.39'[39m, [32m'0.01'[39m ]
data rcv RT:[ [32m'0.00'[39m, [32m'4.32'[39m, [32m'3.40'[39m, [32m'0.03'[39m ]
data rcv RT:[ [32m'0.00'[39m, [32m'4.33'[39m, [32m'3.39'[39m, [32m'0.02'[39m ]
data rcv RT:[ [32m'0.00'[39m, [32m'4.35'[39m, [32m'3.40'[39m, [32m'0.00'[39m ]
data rcv RT:[ [32m'0.00'[39m, [32m'4.37'[39m, [32m'3.41'[39m, [32m'0.00'[39m ]
data rcv RT:[ [32m'0.00'[39m, [32m'4.33'[39m, [32m'3.41'[39m, [32m'0.00'[39m ]
data rcv RT:[ [32m'0.00'[39m, [32m'4.29'[39m, [32m'3.46'[39m, [32m'0.00'[39m ]
data rcv RT:[ [32m'0.00'[39m, [32m'4.25'[39m, [32m'3.42'[39m, [32m'0.00'[39m ]
data rcv RT:[ [32m'0.00'[39m, [32m'4.27'[39m, [32m'3.40'[39m, [32m'0.00'[39m ]
data rcv RT:[ [32m'0.00'[39m, [32m'4.26'[39m, [32m'3.40'[39m, [32m'0.00'[39m ]
data rcv RT:[ [32m'0.00'[39m, [32m'4.31'[39m, [32m'3.37'[39m, [32m'0.01'[39m ]
data rcv RT:[ [32m'0.00'[39m, [32m'4.34'[39m, [32m'3.36'[39m, [32m'0.00'[39m ]
data rcv RT:[ [32m'0.00'[39m, [32m'4.32'[39m, [32m'3.36'[39m, [32m'0.04'[39m ]
data rcv RT:[ [32m'0.00'[39m, [32m'4.39'[39m, [32m'3.40'[39m, [32m'0.02'[39m ]
data rcv RT:[ [32m'0.00'[39m, [32m'4.33'[39m, [32m'3.42'[39m, [32m'0.00'[39m ]
data rcv RT:[ [32m'0.00'[39m, [32m'4.31'[39m, [32m'3.42'[39m, [32m'0.00'[39m ]
data rcv RT:[ [32m'0.00'[39m, [32m'4.28'[39m, [32m'3.44'[39m, [32m'0.00'[39m ]
data rcv RT:[ [32m'0.00'[39m, [32m'4.27'[39m, [32m'3.40'[39m, [32m'0.00'[39m ]
data rcv RT:[ [32m'0.00'[39m, [32m'4.27'[39m, [32m'3.40'[39m, [32m'0.00'[39m ]
data rcv RT:[ [32m'0.00'[39m, [32m'4.28'[39m, [32m'3.38'[39m, [32m'0.00'[39m ]
data rcv RT:[ [32m'0.00'[39m, [32m'4.31'[39m, [32m'3.36'[39m, [32m'0.00'[39m ]
data rcv RT:[ [32m'0.00'[39m, [32m'4.33'[39m, [32m'3.37'[39m, [32m'0.04'[39m ]
data rcv RT:[ [32m'0.00'[39m, [32m'4.33'[39m, [32m'3.38'[39m, [32m'0.02'[39m ]
data rcv RT:[ [32m'0.00'[39m, [32m'4.38'[39m, [32m'3.42'[39m, [32m'0.00'[39m ]
data rcv RT:[ [32m'0.00'[39m, [32m'4.34'[39m, [32m'3.43'[39m, [32m'0.00'[39m ]
data rcv RT:[ [32m'0.00'[39m, [32m'4.32'[39m, [32m'3.42'[39m, [32m'0.00'[39m ]
data rcv RT:[ [32m'0.00'[39m, [32m'4.29'[39m, [32m'3.43'[39m, [32m'0.00'[39m ]
data rcv RT:[ [32m'0.00'[39m, [32m'4.30'[39m, [32m'3.44'[39m, [32m'0.00'[39m ]
data rcv RT:[ [32m'0.00'[39m, [32m'4.28'[39m, [32m'3.42'[39m, [32m'0.00'[39m ]
data rcv RT:[ [32m'0.00'[39m, [32m'4.27'[39m, [32m'3.40'[39m, [32m'0.00'[39m ]
data rcv RT:[ [32m'0.00'[39m, [32m'4.31'[39m, [32m'3.38'[39m, [32m'0.00'[39m ]
data rcv RT:[ [32m'0.00'[39m, [32m'4.32'[39m, [32m'3.37'[39m, [32m'0.02'[39m ]
data rcv RT:[ [32m'0.00'[39m, [32m'4.35'[39m, [32m'3.36'[39m, [32m'0.04'[39m ]
data rcv RT:[ [32m'0.00'[39m, [32m'4.36'[39m, [32m'3.36'[39m, [32m'0.03'[39m ]
data rcv RT:[ [32m'0.00'[39m, [32m'4.37'[39m, [32m'3.43'[39m, [32m'0.01'[39m ]
data rcv RT:[ [32m'0.00'[39m, [32m'4.35'[39m, [32m'3.42'[39m, [32m'0.00'[39m ]
data rcv RT:[ [32m'0.00'[39m, [32m'4.36'[39m, [32m'3.41'[39m, [32m'0.00'[39m ]
data rcv RT:[ [32m'0.00'[39m, [32m'4.31'[39m, [32m'3.42'[39m, [32m'0.00'[39m ]
data rcv RT:[ [32m'0.00'[39m, [32m'4.31'[39m, [32m'3.45'[39m, [32m'0.00'[39m ]
data rcv RT:[ [32m'0.00'[39m, [32m'4.28'[39m, [32m'3.40'[39m, [32m'0.00'[39m ]
data rcv RT:[ [32m'0.00'[39m, [32m'4.26'[39m, [32m'3.38'[39m, [32m'0.00'[39m ]
data rcv RT:[ [32m'0.00'[39m, [32m'4.29'[39m, [32m'3.39'[39m, [32m'0.00'[39m ]
data rcv RT:[ [32m'0.00'[39m, [32m'4.34'[39m, [32m'3.38'[39m, [32m'0.01'[39m ]
data rcv RT:[ [32m'0.00'[39m, [32m'4.30'[39m, [32m'3.37'[39m, [32m'0.02'[39m ]
data rcv RT:[ [32m'0.00'[39m, [32m'4.32'[39m, [32m'3.38'[39m, [32m'0.03'[39m ]
data rcv RT:[ [32m'0.00'[39m, [32m'4.39'[39m, [32m'3.40'[39m, [32m'0.01'[39m ]
data rcv RT:[ [32m'0.00'[39m, [32m'4.37'[39m, [32m'3.44'[39m, [32m'0.00'[39m ]
data rcv RT:[ [32m'0.00'[39m, [32m'4.34'[39m, [32m'3.40'[39m, [32m'0.00'[39m ]
data rcv RT:[ [32m'0.00'[39m, [32m'4.30'[39m, [32m'3.41'[39m, [32m'0.00'[39m ]
data rcv RT:[ [32m'0.00'[39m, [32m'4.29'[39m, [32m'3.42'[39m, [32m'0.00'[39m ]
data rcv RT:[ [32m'0.00'[39m, [32m'4.26'[39m, [32m'3.42'[39m, [32m'0.00'[39m ]
data rcv RT:[ [32m'0.00'[39m, [32m'4.28'[39m, [32m'3.37'[39m, [32m'0.00'[39m ]
data rcv RT:[ [32m'0.00'[39m, [32m'4.33'[39m, [32m'3.38'[39m, [32m'0.00'[39m ]
data rcv RT:[ [32m'0.00'[39m, [32m'4.34'[39m, [32m'3.36'[39m, [32m'0.03'[39m ]
data rcv RT:[ [32m'0.00'[39m, [32m'4.33'[39m, [32m'3.38'[39m, [32m'0.03'[39m ]
data rcv RT:[ [32m'0.00'[39m, [32m'4.38'[39m, [32m'3.38'[39m, [32m'0.03'[39m ]
data rcv RT:[ [32m'0.00'[39m, [32m'4.36'[39m, [32m'3.42'[39m, [32m'0.00'[39m ]
data rcv RT:[ [32m'0.00'[39m, [32m'4.33'[39m, [32m'3.42'[39m, [32m'0.00'[39m ]
data rcv RT:[ [32m'0.00'[39m, [32m'4.33'[39m, [32m'3.43'[39m, [32m'0.00'[39m ]
data rcv RT:[ [32m'0.00'[39m, [32m'4.29'[39m, [32m'3.45'[39m, [32m'0.00'[39m ]
data rcv RT:[ [32m'0.00'[39m, [32m'4.28'[39m, [32m'3.42'[39m, [32m'0.00'[39m ]
data rcv RT:[ [32m'0.00'[39m, [32m'4.27'[39m, [32m'3.40'[39m, [32m'0.00'[39m ]
data rcv RT:[ [32m'0.00'[39m, [32m'4.28'[39m, [32m'3.37'[39m, [32m'0.00'[39m ]
data rcv RT:[ [32m'0.00'[39m, [32m'4.28'[39m, [32m'3.40'[39m, [32m'0.00'[39m ]
data rcv RT:[ [32m'0.00'[39m, [32m'4.31'[39m, [32m'3.38'[39m, [32m'0.01'[39m ]
data rcv RT:[ [32m'0.00'[39m, [32m'4.30'[39m, [32m'3.39'[39m, [32m'0.00'[39m ]
data rcv RT:[ [32m'0.00'[39m, [32m'4.34'[39m, [32m'3.37'[39m, [32m'0.03'[39m ]
data rcv RT:[ [32m'0.00'[39m, [32m'4.37'[39m, [32m'3.38'[39m, [32m'0.02'[39m ]
data rcv RT:[ [32m'0.00'[39m, [32m'4.35'[39m, [32m'3.42'[39m, [32m'0.00'[39m ]
data rcv RT:[ [32m'0.00'[39m, [32m'4.37'[39m, [32m'3.43'[39m, [32m'0.00'[39m ]
data rcv RT:[ [32m'0.00'[39m, [32m'4.33'[39m, [32m'3.43'[39m, [32m'0.00'[39m ]
data rcv RT:[ [32m'0.00'[39m, [32m'4.33'[39m, [32m'3.42'[39m, [32m'0.00'[39m ]
data rcv RT:[ [32m'0.00'[39m, [32m'4.31'[39m, [32m'3.41'[39m, [32m'0.00'[39m ]
data rcv RT:[ [32m'0.00'[39m, [32m'4.27'[39m, [32m'3.40'[39m, [32m'0.00'[39m ]
data rcv RT:[ [32m'0.00'[39m, [32m'4.27'[39m, [32m'3.37'[39m, [32m'0.00'[39m ]
data rcv RT:[ [32m'0.00'[39m, [32m'4.30'[39m, [32m'3.39'[39m, [32m'0.00'[39m ]
data rcv RT:[ [32m'0.00'[39m, [32m'4.31'[39m, [32m'3.38'[39m, [32m'0.01'[39m ]
data rcv RT:[ [32m'0.00'[39m, [32m'4.33'[39m, [32m'3.40'[39m, [32m'0.00'[39m ]
data rcv RT:[ [32m'0.00'[39m, [32m'4.36'[39m, [32m'3.41'[39m, [32m'0.01'[39m ]
data rcv RT:[ [32m'0.00'[39m, [32m'4.37'[39m, [32m'3.42'[39m, [32m'0.01'[39m ]
data rcv RT:[ [32m'0.00'[39m, [32m'4.37'[39m, [32m'3.42'[39m, [32m'0.00'[39m ]
data rcv RT:[ [32m'0.00'[39m, [32m'4.36'[39m, [32m'3.42'[39m, [32m'0.00'[39m ]
data rcv RT:[ [32m'0.00'[39m, [32m'4.34'[39m, [32m'3.43'[39m, [32m'0.00'[39m ]
data rcv RT:[ [32m'0.00'[39m, [32m'4.31'[39m, [32m'3.44'[39m, [32m'0.00'[39m ]
data rcv RT:[ [32m'0.00'[39m, [32m'4.32'[39m, [32m'3.44'[39m, [32m'0.00'[39m ]
data rcv RT:[ [32m'0.00'[39m, [32m'4.33'[39m, [32m'3.42'[39m, [32m'0.00'[39m ]
data rcv RT:[ [32m'0.00'[39m, [32m'4.29'[39m, [32m'3.44'[39m, [32m'0.00'[39m ]
data rcv RT:[ [32m'0.00'[39m, [32m'4.26'[39m, [32m'3.41'[39m, [32m'0.00'[39m ]
data rcv RT:[ [32m'0.00'[39m, [32m'4.29'[39m, [32m'3.41'[39m, [32m'0.00'[39m ]
data rcv RT:[ [32m'0.00'[39m, [32m'4.27'[39m, [32m'3.41'[39m, [32m'0.00'[39m ]
data rcv RT:[ [32m'0.00'[39m, [32m'4.29'[39m, [32m'3.39'[39m, [32m'0.00'[39m ]
data rcv RT:[ [32m'0.00'[39m, [32m'4.33'[39m, [32m'3.40'[39m, [32m'0.01'[39m ]
data rcv RT:[ [32m'0.00'[39m, [32m'4.31'[39m, [32m'3.43'[39m, [32m'0.00'[39m ]
data rcv RT:[ [32m'0.00'[39m, [32m'4.30'[39m, [32m'3.43'[39m, [32m'0.00'[39m ]
data rcv RT:[ [32m'0.00'[39m, [32m'4.31'[39m, [32m'3.45'[39m, [32m'0.00'[39m ]
data rcv RT:[ [32m'0.00'[39m, [32m'4.27'[39m, [32m'3.38'[39m, [32m'0.00'[39m ]
data rcv RT:[ [32m'0.00'[39m, [32m'4.28'[39m, [32m'3.38'[39m, [32m'0.00'[39m ]
data rcv RT:[ [32m'0.00'[39m, [32m'4.32'[39m, [32m'3.38'[39m, [32m'0.01'[39m ]
data rcv RT:[ [32m'0.00'[39m, [32m'4.34'[39m, [32m'3.39'[39m, [32m'0.01'[39m ]
data rcv RT:[ [32m'0.00'[39m, [32m'4.34'[39m, [32m'3.37'[39m, [32m'0.03'[39m ]
data rcv RT:[ [32m'0.00'[39m, [32m'4.38'[39m, [32m'3.40'[39m, [32m'0.00'[39m ]
data rcv RT:[ [32m'0.00'[39m, [32m'4.34'[39m, [32m'3.42'[39m, [32m'0.00'[39m ]
data rcv RT:[ [32m'0.00'[39m, [32m'4.36'[39m, [32m'3.40'[39m, [32m'0.00'[39m ]
data rcv RT:[ [32m'0.00'[39m, [32m'4.33'[39m, [32m'3.43'[39m, [32m'0.00'[39m ]
data rcv RT:[ [32m'0.00'[39m, [32m'4.29'[39m, [32m'3.46'[39m, [32m'0.00'[39m ]
data rcv RT:[ [32m'0.00'[39m, [32m'4.27'[39m, [32m'3.42'[39m, [32m'0.00'[39m ]
data rcv RT:[ [32m'0.00'[39m, [32m'4.28'[39m, [32m'3.39'[39m, [32m'0.00'[39m ]
data rcv RT:[ [32m'0.00'[39m, [32m'4.27'[39m, [32m'3.40'[39m, [32m'0.00'[39m ]
data rcv RT:[ [32m'0.00'[39m, [32m'4.30'[39m, [32m'3.37'[39m, [32m'0.00'[39m ]
data rcv RT:[ [32m'0.00'[39m, [32m'4.34'[39m, [32m'3.37'[39m, [32m'0.01'[39m ]
data rcv RT:[ [32m'0.00'[39m, [32m'4.33'[39m, [32m'3.38'[39m, [32m'0.02'[39m ]
data rcv RT:[ [32m'0.00'[39m, [32m'4.33'[39m, [32m'3.36'[39m, [32m'0.04'[39m ]
data rcv RT:[ [32m'0.00'[39m, [32m'4.38'[39m, [32m'3.40'[39m, [32m'0.01'[39m ]
data rcv RT:[ [32m'0.00'[39m, [32m'4.34'[39m, [32m'3.40'[39m, [32m'0.00'[39m ]
data rcv RT:[ [32m'0.00'[39m, [32m'4.34'[39m, [32m'3.43'[39m, [32m'0.00'[39m ]
data rcv RT:[ [32m'0.00'[39m, [32m'4.34'[39m, [32m'3.43'[39m, [32m'0.00'[39m ]
data rcv RT:[ [32m'0.00'[39m, [32m'4.32'[39m, [32m'3.41'[39m, [32m'0.00'[39m ]
data rcv RT:[ [32m'0.00'[39m, [32m'4.29'[39m, [32m'3.43'[39m, [32m'0.00'[39m ]
data rcv RT:[ [32m'0.00'[39m, [32m'4.29'[39m, [32m'3.43'[39m, [32m'0.00'[39m ]
data rcv RT:[ [32m'0.00'[39m, [32m'4.26'[39m, [32m'3.39'[39m, [32m'0.00'[39m ]
data rcv RT:[ [32m'0.00'[39m, [32m'4.27'[39m, [32m'3.39'[39m, [32m'0.00'[39m ]
data rcv RT:[ [32m'0.00'[39m, [32m'4.27'[39m, [32m'3.37'[39m, [32m'0.00'[39m ]
data rcv RT:[ [32m'0.00'[39m, [32m'4.30'[39m, [32m'3.37'[39m, [32m'0.00'[39m ]
data rcv RT:[ [32m'0.00'[39m, [32m'4.31'[39m, [32m'3.40'[39m, [32m'0.00'[39m ]
data rcv RT:[ [32m'0.00'[39m, [32m'4.36'[39m, [32m'3.38'[39m, [32m'0.02'[39m ]
data rcv RT:[ [32m'0.00'[39m, [32m'4.36'[39m, [32m'3.40'[39m, [32m'0.02'[39m ]
data rcv RT:[ [32m'0.00'[39m, [32m'4.37'[39m, [32m'3.43'[39m, [32m'0.00'[39m ]
data rcv RT:[ [32m'0.00'[39m, [32m'4.34'[39m, [32m'3.43'[39m, [32m'0.00'[39m ]
data rcv RT:[ [32m'0.00'[39m, [32m'4.32'[39m, [32m'3.43'[39m, [32m'0.00'[39m ]
data rcv RT:[ [32m'0.00'[39m, [32m'4.30'[39m, [32m'3.44'[39m, [32m'0.00'[39m ]
data rcv RT:[ [32m'0.00'[39m, [32m'4.30'[39m, [32m'3.43'[39m, [32m'0.00'[39m ]
data rcv RT:[ [32m'0.00'[39m, [32m'4.27'[39m, [32m'3.44'[39m, [32m'0.00'[39m ]
data rcv RT:[ [32m'0.00'[39m, [32m'4.26'[39m, [32m'3.40'[39m, [32m'0.00'[39m ]
data rcv RT:[ [32m'0.00'[39m, [32m'4.27'[39m, [32m'3.42'[39m, [32m'0.00'[39m ]
data rcv RT:[ [32m'0.00'[39m, [32m'4.27'[39m, [32m'3.42'[39m, [32m'0.00'[39m ]
data rcv RT:[ [32m'0.00'[39m, [32m'4.28'[39m, [32m'3.38'[39m, [32m'0.00'[39m ]
data rcv RT:[ [32m'0.00'[39m, [32m'4.30'[39m, [32m'3.39'[39m, [32m'0.01'[39m ]
data rcv RT:[ [32m'0.00'[39m, [32m'4.35'[39m, [32m'3.36'[39m, [32m'0.02'[39m ]
data rcv RT:[ [32m'0.00'[39m, [32m'4.36'[39m, [32m'3.38'[39m, [32m'0.01'[39m ]
data rcv RT:[ [32m'0.00'[39m, [32m'4.34'[39m, [32m'3.35'[39m, [32m'0.02'[39m ]
data rcv RT:[ [32m'0.00'[39m, [32m'4.37'[39m, [32m'3.38'[39m, [32m'0.03'[39m ]
data rcv RT:[ [32m'0.00'[39m, [32m'4.36'[39m, [32m'3.40'[39m, [32m'0.00'[39m ]
data rcv RT:[ [32m'0.00'[39m, [32m'4.33'[39m, [32m'3.42'[39m, [32m'0.00'[39m ]
data rcv RT:[ [32m'0.00'[39m, [32m'4.33'[39m, [32m'3.40'[39m, [32m'0.00'[39m ]
data rcv RT:[ [32m'0.00'[39m, [32m'4.32'[39m, [32m'3.43'[39m, [32m'0.00'[39m ]
data rcv RT:[ [32m'0.00'[39m, [32m'4.31'[39m, [32m'3.43'[39m, [32m'0.00'[39m ]
data rcv RT:[ [32m'0.00'[39m, [32m'4.31'[39m, [32m'3.42'[39m, [32m'0.00'[39m ]
data rcv RT:[ [32m'0.00'[39m, [32m'4.28'[39m, [32m'3.40'[39m, [32m'0.00'[39m ]
data rcv RT:[ [32m'0.00'[39m, [32m'4.27'[39m, [32m'3.38'[39m, [32m'0.00'[39m ]
data rcv RT:[ [32m'0.00'[39m, [32m'4.27'[39m, [32m'3.40'[39m, [32m'0.00'[39m ]
data rcv RT:[ [32m'0.00'[39m, [32m'4.30'[39m, [32m'3.38'[39m, [32m'0.00'[39m ]
data rcv RT:[ [32m'0.00'[39m, [32m'4.30'[39m, [32m'3.38'[39m, [32m'0.00'[39m ]
data rcv RT:[ [32m'0.00'[39m, [32m'4.35'[39m, [32m'3.40'[39m, [32m'0.02'[39m ]
data rcv RT:[ [32m'0.00'[39m, [32m'4.34'[39m, [32m'3.38'[39m, [32m'0.02'[39m ]
data rcv RT:[ [32m'0.00'[39m, [32m'4.38'[39m, [32m'3.39'[39m, [32m'0.01'[39m ]
data rcv RT:[ [32m'0.00'[39m, [32m'4.35'[39m, [32m'3.38'[39m, [32m'0.04'[39m ]
data rcv RT:[ [32m'0.00'[39m, [32m'4.37'[39m, [32m'3.42'[39m, [32m'0.01'[39m ]
data rcv RT:[ [32m'0.00'[39m, [32m'4.35'[39m, [32m'3.41'[39m, [32m'0.00'[39m ]
data rcv RT:[ [32m'0.00'[39m, [32m'4.31'[39m, [32m'3.42'[39m, [32m'0.00'[39m ]
data rcv RT:[ [32m'0.00'[39m, [32m'4.32'[39m, [32m'3.42'[39m, [32m'0.00'[39m ]
data rcv RT:[ [32m'0.00'[39m, [32m'4.32'[39m, [32m'3.46'[39m, [32m'0.00'[39m ]
data rcv RT:[ [32m'0.00'[39m, [32m'4.32'[39m, [32m'3.43'[39m, [32m'0.00'[39m ]
data rcv RT:[ [32m'0.00'[39m, [32m'4.29'[39m, [32m'3.42'[39m, [32m'0.00'[39m ]
data rcv RT:[ [32m'0.00'[39m, [32m'4.27'[39m, [32m'3.39'[39m, [32m'0.00'[39m ]
data rcv RT:[ [32m'0.00'[39m, [32m'4.28'[39m, [32m'3.39'[39m, [32m'0.00'[39m ]
data rcv RT:[ [32m'0.00'[39m, [32m'4.29'[39m, [32m'3.35'[39m, [32m'0.00'[39m ]
data rcv RT:[ [32m'0.00'[39m, [32m'4.27'[39m, [32m'3.38'[39m, [32m'0.00'[39m ]
data rcv RT:[ [32m'0.00'[39m, [32m'4.30'[39m, [32m'3.38'[39m, [32m'0.00'[39m ]
data rcv RT:[ [32m'0.00'[39m, [32m'4.32'[39m, [32m'3.37'[39m, [32m'0.00'[39m ]
data rcv RT:[ [32m'0.00'[39m, [32m'4.33'[39m, [32m'3.36'[39m, [32m'0.00'[39m ]
data rcv RT:[ [32m'0.00'[39m, [32m'4.36'[39m, [32m'3.37'[39m, [32m'0.04'[39m ]
data rcv RT:[ [32m'0.00'[39m, [32m'4.35'[39m, [32m'3.37'[39m, [32m'0.04'[39m ]
data rcv RT:[ [32m'0.00'[39m, [32m'4.39'[39m, [32m'3.42'[39m, [32m'0.00'[39m ]
data rcv RT:[ [32m'0.00'[39m, [32m'4.36'[39m, [32m'3.41'[39m, [32m'0.00'[39m ]
data rcv RT:[ [32m'0.00'[39m, [32m'4.37'[39m, [32m'3.41'[39m, [32m'0.00'[39m ]
data rcv RT:[ [32m'0.00'[39m, [32m'4.34'[39m, [32m'3.43'[39m, [32m'0.00'[39m ]
data rcv RT:[ [32m'0.00'[39m, [32m'4.31'[39m, [32m'3.43'[39m, [32m'0.00'[39m ]
data rcv RT:[ [32m'0.00'[39m, [32m'4.32'[39m, [32m'3.43'[39m, [32m'0.00'[39m ]
data rcv RT:[ [32m'0.00'[39m, [32m'4.31'[39m, [32m'3.46'[39m, [32m'0.00'[39m ]
data rcv RT:[ [32m'0.00'[39m, [32m'4.27'[39m, [32m'3.42'[39m, [32m'0.00'[39m ]
data rcv RT:[ [32m'0.00'[39m, [32m'4.26'[39m, [32m'3.43'[39m, [32m'0.00'[39m ]
data rcv RT:[ [32m'0.00'[39m, [32m'4.26'[39m, [32m'3.42'[39m, [32m'0.00'[39m ]
data rcv RT:[ [32m'0.00'[39m, [32m'4.26'[39m, [32m'3.38'[39m, [32m'0.00'[39m ]
data rcv RT:[ [32m'0.00'[39m, [32m'4.27'[39m, [32m'3.42'[39m, [32m'0.00'[39m ]
data rcv RT:[ [32m'0.00'[39m, [32m'4.28'[39m, [32m'3.39'[39m, [32m'0.00'[39m ]
data rcv RT:[ [32m'0.00'[39m, [32m'4.28'[39m, [32m'3.39'[39m, [32m'0.00'[39m ]
data rcv RT:[ [32m'0.00'[39m, [32m'4.27'[39m, [32m'3.38'[39m, [32m'0.00'[39m ]
data rcv RT:[ [32m'0.00'[39m, [32m'4.30'[39m, [32m'3.39'[39m, [32m'0.00'[39m ]
data rcv RT:[ [32m'0.00'[39m, [32m'4.31'[39m, [32m'3.36'[39m, [32m'0.00'[39m ]
data rcv RT:[ [32m'0.00'[39m, [32m'4.30'[39m, [32m'3.37'[39m, [32m'0.01'[39m ]
data rcv RT:[ [32m'0.00'[39m, [32m'4.35'[39m, [32m'3.36'[39m, [32m'0.04'[39m ]
data rcv RT:[ [32m'0.00'[39m, [32m'4.38'[39m, [32m'3.41'[39m, [32m'0.01'[39m ]
data rcv RT:[ [32m'0.00'[39m, [32m'4.36'[39m, [32m'3.41'[39m, [32m'0.03'[39m ]
data rcv RT:[ [32m'0.00'[39m, [32m'4.37'[39m, [32m'3.39'[39m, [32m'0.00'[39m ]
data rcv RT:[ [32m'0.00'[39m, [32m'4.33'[39m, [32m'3.44'[39m, [32m'0.00'[39m ]
data rcv RT:[ [32m'0.00'[39m, [32m'4.34'[39m, [32m'3.44'[39m, [32m'0.00'[39m ]
data rcv RT:[ [32m'0.00'[39m, [32m'4.34'[39m, [32m'3.42'[39m, [32m'0.00'[39m ]
data rcv RT:[ [32m'0.00'[39m, [32m'4.32'[39m, [32m'3.44'[39m, [32m'0.00'[39m ]
data rcv RT:[ [32m'0.00'[39m, [32m'4.31'[39m, [32m'3.42'[39m, [32m'0.00'[39m ]
data rcv RT:[ [32m'0.00'[39m, [32m'4.30'[39m, [32m'3.43'[39m, [32m'0.00'[39m ]
data rcv RT:[ [32m'0.00'[39m, [32m'4.25'[39m, [32m'3.41'[39m, [32m'0.00'[39m ]
data rcv RT:[ [32m'0.00'[39m, [32m'4.25'[39m, [32m'3.43'[39m, [32m'0.00'[39m ]
data rcv RT:[ [32m'0.00'[39m, [32m'4.27'[39m, [32m'3.40'[39m, [32m'0.00'[39m ]
data rcv RT:[ [32m'0.00'[39m, [32m'4.28'[39m, [32m'3.38'[39m, [32m'0.00'[39m ]
data rcv RT:[ [32m'0.00'[39m, [32m'4.28'[39m, [32m'3.39'[39m, [32m'0.00'[39m ]
data rcv RT:[ [32m'0.00'[39m, [32m'4.30'[39m, [32m'3.36'[39m, [32m'0.00'[39m ]
data rcv RT:[ [32m'0.00'[39m, [32m'4.35'[39m, [32m'3.38'[39m, [32m'0.02'[39m ]
data rcv RT:[ [32m'0.00'[39m, [32m'4.38'[39m, [32m'3.39'[39m, [32m'0.00'[39m ]
data rcv RT:[ [32m'0.00'[39m, [32m'4.33'[39m, [32m'3.37'[39m, [32m'0.05'[39m ]
data rcv RT:[ [32m'0.00'[39m, [32m'4.36'[39m, [32m'3.38'[39m, [32m'0.03'[39m ]
data rcv RT:[ [32m'0.00'[39m, [32m'4.36'[39m, [32m'3.38'[39m, [32m'0.04'[39m ]
data rcv RT:[ [32m'0.00'[39m, [32m'4.38'[39m, [32m'3.40'[39m, [32m'0.01'[39m ]
data rcv RT:[ [32m'0.00'[39m, [32m'4.37'[39m, [32m'3.40'[39m, [32m'0.00'[39m ]
data rcv RT:[ [32m'0.00'[39m, [32m'4.35'[39m, [32m'3.44'[39m, [32m'0.00'[39m ]
data rcv RT:[ [32m'0.00'[39m, [32m'4.34'[39m, [32m'3.44'[39m, [32m'0.00'[39m ]
data rcv RT:[ [32m'0.00'[39m, [32m'4.33'[39m, [32m'3.40'[39m, [32m'0.00'[39m ]
data rcv RT:[ [32m'0.00'[39m, [32m'4.31'[39m, [32m'3.41'[39m, [32m'0.00'[39m ]
data rcv RT:[ [32m'0.00'[39m, [32m'4.30'[39m, [32m'3.44'[39m, [32m'0.00'[39m ]
data rcv RT:[ [32m'0.00'[39m, [32m'4.32'[39m, [32m'3.47'[39m, [32m'0.00'[39m ]
data rcv RT:[ [32m'0.00'[39m, [32m'4.26'[39m, [32m'3.39'[39m, [32m'0.00'[39m ]
data rcv RT:[ [32m'0.00'[39m, [32m'4.26'[39m, [32m'3.40'[39m, [32m'0.00'[39m ]
data rcv RT:[ [32m'0.00'[39m, [32m'4.26'[39m, [32m'3.38'[39m, [32m'0.00'[39m ]
data rcv RT:[ [32m'0.00'[39m, [32m'4.31'[39m, [32m'3.37'[39m, [32m'0.01'[39m ]
data rcv RT:[ [32m'0.00'[39m, [32m'4.29'[39m, [32m'3.38'[39m, [32m'0.00'[39m ]
data rcv RT:[ [32m'0.00'[39m, [32m'4.31'[39m, [32m'3.38'[39m, [32m'0.01'[39m ]
data rcv RT:[ [32m'0.00'[39m, [32m'4.33'[39m, [32m'3.36'[39m, [32m'0.05'[39m ]
data rcv RT:[ [32m'0.00'[39m, [32m'4.33'[39m, [32m'3.37'[39m, [32m'0.02'[39m ]
data rcv RT:[ [32m'0.00'[39m, [32m'4.37'[39m, [32m'3.38'[39m, [32m'0.03'[39m ]
data rcv RT:[ [32m'0.00'[39m, [32m'4.35'[39m, [32m'3.43'[39m, [32m'0.00'[39m ]
data rcv RT:[ [32m'0.00'[39m, [32m'4.34'[39m, [32m'3.42'[39m, [32m'0.00'[39m ]
data rcv RT:[ [32m'0.00'[39m, [32m'4.30'[39m, [32m'3.43'[39m, [32m'0.00'[39m ]
data rcv RT:[ [32m'0.00'[39m, [32m'4.34'[39m, [32m'3.42'[39m, [32m'0.00'[39m ]
data rcv RT:[ [32m'0.00'[39m, [32m'4.33'[39m, [32m'3.42'[39m, [32m'0.00'[39m ]
data rcv RT:[ [32m'0.00'[39m, [32m'4.30'[39m, [32m'3.43'[39m, [32m'0.00'[39m ]
data rcv RT:[ [32m'0.00'[39m, [32m'4.29'[39m, [32m'3.42'[39m, [32m'0.00'[39m ]
data rcv RT:[ [32m'0.00'[39m, [32m'4.29'[39m, [32m'3.42'[39m, [32m'0.00'[39m ]
data rcv RT:[ [32m'0.00'[39m, [32m'4.29'[39m, [32m'3.39'[39m, [32m'0.00'[39m ]
data rcv RT:[ [32m'0.00'[39m, [32m'4.28'[39m, [32m'3.39'[39m, [32m'0.00'[39m ]
data rcv RT:[ [32m'0.00'[39m, [32m'4.29'[39m, [32m'3.37'[39m, [32m'0.00'[39m ]
data rcv RT:[ [32m'0.00'[39m, [32m'4.34'[39m, [32m'3.37'[39m, [32m'0.02'[39m ]
data rcv RT:[ [32m'0.00'[39m, [32m'4.31'[39m, [32m'3.36'[39m, [32m'0.02'[39m ]
data rcv RT:[ [32m'0.00'[39m, [32m'4.35'[39m, [32m'3.38'[39m, [32m'0.01'[39m ]
data rcv RT:[ [32m'0.00'[39m, [32m'4.36'[39m, [32m'3.38'[39m, [32m'0.03'[39m ]
data rcv RT:[ [32m'0.00'[39m, [32m'4.38'[39m, [32m'3.40'[39m, [32m'0.02'[39m ]
data rcv RT:[ [32m'0.00'[39m, [32m'4.36'[39m, [32m'3.42'[39m, [32m'0.00'[39m ]
data rcv RT:[ [32m'0.00'[39m, [32m'4.34'[39m, [32m'3.44'[39m, [32m'0.00'[39m ]
data rcv RT:[ [32m'0.00'[39m, [32m'4.35'[39m, [32m'3.43'[39m, [32m'0.00'[39m ]
data rcv RT:[ [32m'0.00'[39m, [32m'4.32'[39m, [32m'3.44'[39m, [32m'0.00'[39m ]
data rcv RT:[ [32m'0.00'[39m, [32m'4.31'[39m, [32m'3.42'[39m, [32m'0.00'[39m ]
data rcv RT:[ [32m'0.00'[39m, [32m'4.31'[39m, [32m'3.45'[39m, [32m'0.00'[39m ]
data rcv RT:[ [32m'0.00'[39m, [32m'4.26'[39m, [32m'3.39'[39m, [32m'0.00'[39m ]
data rcv RT:[ [32m'0.00'[39m, [32m'4.25'[39m, [32m'3.39'[39m, [32m'0.00'[39m ]
data rcv RT:[ [32m'0.00'[39m, [32m'4.28'[39m, [32m'3.38'[39m, [32m'0.00'[39m ]
data rcv RT:[ [32m'0.00'[39m, [32m'4.30'[39m, [32m'3.36'[39m, [32m'0.00'[39m ]
data rcv RT:[ [32m'0.00'[39m, [32m'4.28'[39m, [32m'3.39'[39m, [32m'0.00'[39m ]
data rcv RT:[ [32m'0.00'[39m, [32m'4.29'[39m, [32m'3.39'[39m, [32m'0.00'[39m ]
data rcv RT:[ [32m'0.00'[39m, [32m'4.33'[39m, [32m'3.36'[39m, [32m'0.01'[39m ]
data rcv RT:[ [32m'0.00'[39m, [32m'4.37'[39m, [32m'3.38'[39m, [32m'0.03'[39m ]
data rcv RT:[ [32m'0.00'[39m, [32m'4.37'[39m, [32m'3.42'[39m, [32m'0.01'[39m ]
data rcv RT:[ [32m'0.00'[39m, [32m'4.37'[39m, [32m'3.41'[39m, [32m'0.00'[39m ]
data rcv RT:[ [32m'0.00'[39m, [32m'4.33'[39m, [32m'3.43'[39m, [32m'0.00'[39m ]
data rcv RT:[ [32m'0.00'[39m, [32m'4.32'[39m, [32m'3.43'[39m, [32m'0.00'[39m ]
data rcv RT:[ [32m'0.00'[39m, [32m'4.30'[39m, [32m'3.43'[39m, [32m'0.00'[39m ]
data rcv RT:[ [32m'0.00'[39m, [32m'4.29'[39m, [32m'3.42'[39m, [32m'0.00'[39m ]
data rcv RT:[ [32m'0.00'[39m, [32m'4.27'[39m, [32m'3.46'[39m, [32m'0.00'[39m ]
data rcv RT:[ [32m'0.00'[39m, [32m'4.29'[39m, [32m'3.41'[39m, [32m'0.00'[39m ]
data rcv RT:[ [32m'0.00'[39m, [32m'4.25'[39m, [32m'3.38'[39m, [32m'0.00'[39m ]
data rcv RT:[ [32m'0.00'[39m, [32m'4.28'[39m, [32m'3.39'[39m, [32m'0.00'[39m ]
data rcv RT:[ [32m'0.00'[39m, [32m'4.29'[39m, [32m'3.39'[39m, [32m'0.00'[39m ]
data rcv RT:[ [32m'0.00'[39m, [32m'4.33'[39m, [32m'3.36'[39m, [32m'0.00'[39m ]
data rcv RT:[ [32m'0.00'[39m, [32m'4.30'[39m, [32m'3.41'[39m, [32m'0.00'[39m ]
data rcv RT:[ [32m'0.00'[39m, [32m'4.29'[39m, [32m'3.40'[39m, [32m'0.00'[39m ]
data rcv RT:[ [32m'0.00'[39m, [32m'4.29'[39m, [32m'3.38'[39m, [32m'0.00'[39m ]
data rcv RT:[ [32m'0.00'[39m, [32m'4.34'[39m, [32m'3.39'[39m, [32m'0.00'[39m ]
data rcv RT:[ [32m'0.00'[39m, [32m'4.39'[39m, [32m'3.39'[39m, [32m'0.03'[39m ]
data rcv RT:[ [32m'0.00'[39m, [32m'4.39'[39m, [32m'3.39'[39m, [32m'0.01'[39m ]
data rcv RT:[ [32m'0.00'[39m, [32m'4.39'[39m, [32m'3.40'[39m, [32m'0.02'[39m ]
data rcv RT:[ [32m'0.00'[39m, [32m'4.36'[39m, [32m'3.41'[39m, [32m'0.01'[39m ]
data rcv RT:[ [32m'0.00'[39m, [32m'4.33'[39m, [32m'3.42'[39m, [32m'0.00'[39m ]
data rcv RT:[ [32m'0.00'[39m, [32m'4.33'[39m, [32m'3.41'[39m, [32m'0.00'[39m ]
data rcv RT:[ [32m'0.00'[39m, [32m'4.34'[39m, [32m'3.44'[39m, [32m'0.00'[39m ]
data rcv RT:[ [32m'0.00'[39m, [32m'4.31'[39m, [32m'3.43'[39m, [32m'0.00'[39m ]
data rcv RT:[ [32m'0.00'[39m, [32m'4.32'[39m, [32m'3.42'[39m, [32m'0.00'[39m ]
data rcv RT:[ [32m'0.00'[39m, [32m'4.27'[39m, [32m'3.44'[39m, [32m'0.00'[39m ]
data rcv RT:[ [32m'0.00'[39m, [32m'4.29'[39m, [32m'3.43'[39m, [32m'0.00'[39m ]
data rcv RT:[ [32m'0.00'[39m, [32m'4.29'[39m, [32m'3.43'[39m, [32m'0.00'[39m ]
data rcv RT:[ [32m'0.00'[39m, [32m'4.27'[39m, [32m'3.40'[39m, [32m'0.00'[39m ]
data rcv RT:[ [32m'0.00'[39m, [32m'4.26'[39m, [32m'3.39'[39m, [32m'0.00'[39m ]
data rcv RT:[ [32m'0.00'[39m, [32m'4.29'[39m, [32m'3.36'[39m, [32m'0.00'[39m ]
data rcv RT:[ [32m'0.00'[39m, [32m'4.30'[39m, [32m'3.39'[39m, [32m'0.00'[39m ]
data rcv RT:[ [32m'0.00'[39m, [32m'4.30'[39m, [32m'3.38'[39m, [32m'0.00'[39m ]
data rcv RT:[ [32m'0.00'[39m, [32m'4.32'[39m, [32m'3.37'[39m, [32m'0.01'[39m ]
data rcv RT:[ [32m'0.00'[39m, [32m'4.36'[39m, [32m'3.39'[39m, [32m'0.05'[39m ]
data rcv RT:[ [32m'0.00'[39m, [32m'4.39'[39m, [32m'3.37'[39m, [32m'0.01'[39m ]
data rcv RT:[ [32m'0.00'[39m, [32m'4.37'[39m, [32m'3.43'[39m, [32m'0.00'[39m ]
data rcv RT:[ [32m'0.00'[39m, [32m'4.30'[39m, [32m'3.43'[39m, [32m'0.00'[39m ]
data rcv RT:[ [32m'0.00'[39m, [32m'4.29'[39m, [32m'3.40'[39m, [32m'0.00'[39m ]
data rcv RT:[ [32m'0.00'[39m, [32m'4.30'[39m, [32m'3.43'[39m, [32m'0.00'[39m ]
data rcv RT:[ [32m'0.00'[39m, [32m'4.25'[39m, [32m'3.38'[39m, [32m'0.00'[39m ]
data rcv RT:[ [32m'0.00'[39m, [32m'4.28'[39m, [32m'3.38'[39m, [32m'0.00'[39m ]
data rcv RT:[ [32m'0.00'[39m, [32m'4.30'[39m, [32m'3.38'[39m, [32m'0.00'[39m ]
data rcv RT:[ [32m'0.00'[39m, [32m'4.29'[39m, [32m'3.38'[39m, [32m'0.00'[39m ]
data rcv RT:[ [32m'0.00'[39m, [32m'4.30'[39m, [32m'3.37'[39m, [32m'0.00'[39m ]
data rcv RT:[ [32m'0.00'[39m, [32m'4.32'[39m, [32m'3.39'[39m, [32m'0.02'[39m ]
data rcv RT:[ [32m'0.00'[39m, [32m'4.35'[39m, [32m'3.37'[39m, [32m'0.05'[39m ]
data rcv RT:[ [32m'0.00'[39m, [32m'4.37'[39m, [32m'3.41'[39m, [32m'0.02'[39m ]
data rcv RT:[ [32m'0.00'[39m, [32m'4.39'[39m, [32m'3.43'[39m, [32m'0.00'[39m ]
data rcv RT:[ [32m'0.00'[39m, [32m'4.36'[39m, [32m'3.42'[39m, [32m'0.00'[39m ]
data rcv RT:[ [32m'0.00'[39m, [32m'4.31'[39m, [32m'3.43'[39m, [32m'0.00'[39m ]
data rcv RT:[ [32m'0.00'[39m, [32m'4.32'[39m, [32m'3.44'[39m, [32m'0.00'[39m ]
data rcv RT:[ [32m'0.00'[39m, [32m'4.33'[39m, [32m'3.43'[39m, [32m'0.00'[39m ]
data rcv RT:[ [32m'0.00'[39m, [32m'4.34'[39m, [32m'3.44'[39m, [32m'0.00'[39m ]
data rcv RT:[ [32m'0.00'[39m, [32m'4.28'[39m, [32m'3.43'[39m, [32m'0.00'[39m ]
data rcv RT:[ [32m'0.00'[39m, [32m'4.29'[39m, [32m'3.45'[39m, [32m'0.00'[39m ]
data rcv RT:[ [32m'0.00'[39m, [32m'4.25'[39m, [32m'3.40'[39m, [32m'0.00'[39m ]
data rcv RT:[ [32m'0.00'[39m, [32m'4.29'[39m, [32m'3.41'[39m, [32m'0.00'[39m ]
data rcv RT:[ [32m'0.00'[39m, [32m'4.25'[39m, [32m'3.42'[39m, [32m'0.00'[39m ]
data rcv RT:[ [32m'0.00'[39m, [32m'4.26'[39m, [32m'3.39'[39m, [32m'0.00'[39m ]
data rcv RT:[ [32m'0.00'[39m, [32m'4.28'[39m, [32m'3.39'[39m, [32m'0.00'[39m ]
data rcv RT:[ [32m'0.00'[39m, [32m'4.33'[39m, [32m'3.37'[39m, [32m'0.01'[39m ]
data rcv RT:[ [32m'0.00'[39m, [32m'4.29'[39m, [32m'3.39'[39m, [32m'0.01'[39m ]
data rcv RT:[ [32m'0.00'[39m, [32m'4.32'[39m, [32m'3.38'[39m, [32m'0.00'[39m ]
data rcv RT:[ [32m'0.00'[39m, [32m'4.36'[39m, [32m'3.38'[39m, [32m'0.04'[39m ]
data rcv RT:[ [32m'0.00'[39m, [32m'4.39'[39m, [32m'3.42'[39m, [32m'0.00'[39m ]
data rcv RT:[ [32m'0.00'[39m, [32m'4.37'[39m, [32m'3.43'[39m, [32m'0.00'[39m ]
data rcv RT:[ [32m'0.00'[39m, [32m'4.34'[39m, [32m'3.43'[39m, [32m'0.00'[39m ]
data rcv RT:[ [32m'0.00'[39m, [32m'4.34'[39m, [32m'3.42'[39m, [32m'0.00'[39m ]
data rcv RT:[ [32m'0.00'[39m, [32m'4.31'[39m, [32m'3.44'[39m, [32m'0.00'[39m ]
data rcv RT:[ [32m'0.00'[39m, [32m'4.30'[39m, [32m'3.45'[39m, [32m'0.00'[39m ]
data rcv RT:[ [32m'0.00'[39m, [32m'4.27'[39m, [32m'3.42'[39m, [32m'0.00'[39m ]
data rcv RT:[ [32m'0.00'[39m, [32m'4.29'[39m, [32m'3.43'[39m, [32m'0.00'[39m ]
data rcv RT:[ [32m'0.00'[39m, [32m'4.29'[39m, [32m'3.40'[39m, [32m'0.00'[39m ]
data rcv RT:[ [32m'0.00'[39m, [32m'4.27'[39m, [32m'3.40'[39m, [32m'0.00'[39m ]
data rcv RT:[ [32m'0.00'[39m, [32m'4.26'[39m, [32m'3.40'[39m, [32m'0.00'[39m ]
data rcv RT:[ [32m'0.00'[39m, [32m'4.25'[39m, [32m'3.39'[39m, [32m'0.00'[39m ]
data rcv RT:[ [32m'0.00'[39m, [32m'4.28'[39m, [32m'3.37'[39m, [32m'0.00'[39m ]
data rcv RT:[ [32m'0.00'[39m, [32m'4.32'[39m, [32m'3.38'[39m, [32m'0.01'[39m ]
data rcv RT:[ [32m'0.00'[39m, [32m'4.33'[39m, [32m'3.36'[39m, [32m'0.02'[39m ]
data rcv RT:[ [32m'0.00'[39m, [32m'4.34'[39m, [32m'3.37'[39m, [32m'0.02'[39m ]
data rcv RT:[ [32m'0.00'[39m, [32m'4.34'[39m, [32m'3.39'[39m, [32m'0.04'[39m ]
data rcv RT:[ [32m'0.00'[39m, [32m'4.39'[39m, [32m'3.39'[39m, [32m'0.03'[39m ]
data rcv RT:[ [32m'0.00'[39m, [32m'4.36'[39m, [32m'3.42'[39m, [32m'0.01'[39m ]
data rcv RT:[ [32m'0.00'[39m, [32m'4.37'[39m, [32m'3.38'[39m, [32m'0.00'[39m ]
data rcv RT:[ [32m'0.00'[39m, [32m'4.36'[39m, [32m'3.40'[39m, [32m'0.00'[39m ]
data rcv RT:[ [32m'0.00'[39m, [32m'4.32'[39m, [32m'3.44'[39m, [32m'0.00'[39m ]
data rcv RT:[ [32m'0.00'[39m, [32m'4.32'[39m, [32m'3.44'[39m, [32m'0.00'[39m ]
data rcv RT:[ [32m'0.00'[39m, [32m'4.30'[39m, [32m'3.44'[39m, [32m'0.00'[39m ]
data rcv RT:[ [32m'0.00'[39m, [32m'4.31'[39m, [32m'3.44'[39m, [32m'0.00'[39m ]
data rcv RT:[ [32m'0.00'[39m, [32m'4.30'[39m, [32m'3.44'[39m, [32m'0.00'[39m ]
data rcv RT:[ [32m'0.00'[39m, [32m'4.30'[39m, [32m'3.44'[39m, [32m'0.00'[39m ]
data rcv RT:[ [32m'0.00'[39m, [32m'4.28'[39m, [32m'3.46'[39m, [32m'0.00'[39m ]
data rcv RT:[ [32m'0.00'[39m, [32m'4.28'[39m, [32m'3.37'[39m, [32m'0.00'[39m ]
data rcv RT:[ [32m'0.00'[39m, [32m'4.25'[39m, [32m'3.40'[39m, [32m'0.00'[39m ]
data rcv RT:[ [32m'0.00'[39m, [32m'4.26'[39m, [32m'3.38'[39m, [32m'0.00'[39m ]
data rcv RT:[ [32m'0.00'[39m, [32m'4.27'[39m, [32m'3.40'[39m, [32m'0.00'[39m ]
data rcv RT:[ [32m'0.00'[39m, [32m'4.30'[39m, [32m'3.36'[39m, [32m'0.00'[39m ]
data rcv RT:[ [32m'0.00'[39m, [32m'4.34'[39m, [32m'3.39'[39m, [32m'0.01'[39m ]
data rcv RT:[ [32m'0.00'[39m, [32m'4.34'[39m, [32m'3.39'[39m, [32m'0.01'[39m ]
data rcv RT:[ [32m'0.00'[39m, [32m'4.34'[39m, [32m'3.39'[39m, [32m'0.03'[39m ]
data rcv RT:[ [32m'0.00'[39m, [32m'4.36'[39m, [32m'3.39'[39m, [32m'0.02'[39m ]
data rcv RT:[ [32m'0.00'[39m, [32m'4.36'[39m, [32m'3.42'[39m, [32m'0.02'[39m ]
data rcv RT:[ [32m'0.00'[39m, [32m'4.38'[39m, [32m'3.43'[39m, [32m'0.00'[39m ]
data rcv RT:[ [32m'0.00'[39m, [32m'4.35'[39m, [32m'3.43'[39m, [32m'0.00'[39m ]
data rcv RT:[ [32m'0.00'[39m, [32m'4.32'[39m, [32m'3.43'[39m, [32m'0.00'[39m ]
data rcv RT:[ [32m'0.00'[39m, [32m'4.31'[39m, [32m'3.43'[39m, [32m'0.00'[39m ]
data rcv RT:[ [32m'0.00'[39m, [32m'4.30'[39m, [32m'3.43'[39m, [32m'0.00'[39m ]
data rcv RT:[ [32m'0.00'[39m, [32m'4.29'[39m, [32m'3.44'[39m, [32m'0.00'[39m ]
data rcv RT:[ [32m'0.00'[39m, [32m'4.28'[39m, [32m'3.42'[39m, [32m'0.00'[39m ]
data rcv RT:[ [32m'0.00'[39m, [32m'4.27'[39m, [32m'3.40'[39m, [32m'0.00'[39m ]
data rcv RT:[ [32m'0.00'[39m, [32m'4.30'[39m, [32m'3.38'[39m, [32m'0.00'[39m ]
data rcv RT:[ [32m'0.00'[39m, [32m'4.30'[39m, [32m'3.37'[39m, [32m'0.00'[39m ]
data rcv RT:[ [32m'0.00'[39m, [32m'4.31'[39m, [32m'3.38'[39m, [32m'0.01'[39m ]
data rcv RT:[ [32m'0.00'[39m, [32m'4.34'[39m, [32m'3.37'[39m, [32m'0.02'[39m ]
data rcv RT:[ [32m'0.00'[39m, [32m'4.35'[39m, [32m'3.38'[39m, [32m'0.03'[39m ]
data rcv RT:[ [32m'0.00'[39m, [32m'4.36'[39m, [32m'3.42'[39m, [32m'0.00'[39m ]
data rcv RT:[ [32m'0.00'[39m, [32m'4.34'[39m, [32m'3.43'[39m, [32m'0.00'[39m ]
data rcv RT:[ [32m'0.00'[39m, [32m'4.33'[39m, [32m'3.42'[39m, [32m'0.00'[39m ]
data rcv RT:[ [32m'0.00'[39m, [32m'4.30'[39m, [32m'3.43'[39m, [32m'0.00'[39m ]
data rcv RT:[ [32m'0.00'[39m, [32m'4.33'[39m, [32m'3.43'[39m, [32m'0.00'[39m ]
data rcv RT:[ [32m'0.00'[39m, [32m'4.26'[39m, [32m'3.39'[39m, [32m'0.00'[39m ]
data rcv RT:[ [32m'0.00'[39m, [32m'4.27'[39m, [32m'3.40'[39m, [32m'0.00'[39m ]
data rcv RT:[ [32m'0.00'[39m, [32m'4.29'[39m, [32m'3.38'[39m, [32m'0.00'[39m ]
data rcv RT:[ [32m'0.00'[39m, [32m'4.32'[39m, [32m'3.39'[39m, [32m'0.01'[39m ]
data rcv RT:[ [32m'0.00'[39m, [32m'4.35'[39m, [32m'3.37'[39m, [32m'0.02'[39m ]
data rcv RT:[ [32m'0.00'[39m, [32m'4.36'[39m, [32m'3.36'[39m, [32m'0.06'[39m ]
data rcv RT:[ [32m'0.00'[39m, [32m'4.36'[39m, [32m'3.39'[39m, [32m'0.01'[39m ]
data rcv RT:[ [32m'0.00'[39m, [32m'4.39'[39m, [32m'3.39'[39m, [32m'0.01'[39m ]
data rcv RT:[ [32m'0.00'[39m, [32m'4.34'[39m, [32m'3.42'[39m, [32m'0.00'[39m ]
data rcv RT:[ [32m'0.00'[39m, [32m'4.33'[39m, [32m'3.44'[39m, [32m'0.00'[39m ]
data rcv RT:[ [32m'0.00'[39m, [32m'4.31'[39m, [32m'3.42'[39m, [32m'0.00'[39m ]
data rcv RT:[ [32m'0.00'[39m, [32m'4.31'[39m, [32m'3.43'[39m, [32m'0.00'[39m ]
data rcv RT:[ [32m'0.00'[39m, [32m'4.26'[39m, [32m'3.43'[39m, [32m'0.00'[39m ]
data rcv RT:[ [32m'0.00'[39m, [32m'4.30'[39m, [32m'3.36'[39m, [32m'0.00'[39m ]
data rcv RT:[ [32m'0.00'[39m, [32m'4.32'[39m, [32m'3.36'[39m, [32m'0.00'[39m ]
data rcv RT:[ [32m'0.00'[39m, [32m'4.32'[39m, [32m'3.37'[39m, [32m'0.01'[39m ]
data rcv RT:[ [32m'0.00'[39m, [32m'4.33'[39m, [32m'3.35'[39m, [32m'0.04'[39m ]
data rcv RT:[ [32m'0.00'[39m, [32m'4.37'[39m, [32m'3.40'[39m, [32m'0.01'[39m ]
data rcv RT:[ [32m'0.00'[39m, [32m'4.36'[39m, [32m'3.42'[39m, [32m'0.00'[39m ]
data rcv RT:[ [32m'0.00'[39m, [32m'4.33'[39m, [32m'3.44'[39m, [32m'0.00'[39m ]
data rcv RT:[ [32m'0.00'[39m, [32m'4.31'[39m, [32m'3.43'[39m, [32m'0.00'[39m ]
data rcv RT:[ [32m'0.00'[39m, [32m'4.29'[39m, [32m'3.44'[39m, [32m'0.00'[39m ]
data rcv RT:[ [32m'0.00'[39m, [32m'4.29'[39m, [32m'3.44'[39m, [32m'0.00'[39m ]
data rcv RT:[ [32m'0.00'[39m, [32m'4.28'[39m, [32m'3.36'[39m, [32m'0.00'[39m ]
data rcv RT:[ [32m'0.00'[39m, [32m'4.30'[39m, [32m'3.37'[39m, [32m'0.00'[39m ]
data rcv RT:[ [32m'0.00'[39m, [32m'4.33'[39m, [32m'3.37'[39m, [32m'0.01'[39m ]
data rcv RT:[ [32m'0.00'[39m, [32m'4.34'[39m, [32m'3.37'[39m, [32m'0.03'[39m ]
data rcv RT:[ [32m'0.00'[39m, [32m'4.38'[39m, [32m'3.41'[39m, [32m'0.00'[39m ]
data rcv RT:[ [32m'0.00'[39m, [32m'4.33'[39m, [32m'3.44'[39m, [32m'0.00'[39m ]
data rcv RT:[ [32m'0.00'[39m, [32m'4.31'[39m, [32m'3.44'[39m, [32m'0.00'[39m ]
data rcv RT:[ [32m'0.00'[39m, [32m'4.28'[39m, [32m'3.41'[39m, [32m'0.00'[39m ]
data rcv RT:[ [32m'0.00'[39m, [32m'4.28'[39m, [32m'3.41'[39m, [32m'0.00'[39m ]
data rcv RT:[ [32m'0.00'[39m, [32m'4.27'[39m, [32m'3.38'[39m, [32m'0.00'[39m ]
data rcv RT:[ [32m'0.00'[39m, [32m'4.27'[39m, [32m'3.38'[39m, [32m'0.00'[39m ]
data rcv RT:[ [32m'0.00'[39m, [32m'4.30'[39m, [32m'3.39'[39m, [32m'0.00'[39m ]
data rcv RT:[ [32m'0.00'[39m, [32m'4.31'[39m, [32m'3.39'[39m, [32m'0.01'[39m ]
data rcv RT:[ [32m'0.00'[39m, [32m'4.34'[39m, [32m'3.34'[39m, [32m'0.05'[39m ]
data rcv RT:[ [32m'0.00'[39m, [32m'4.37'[39m, [32m'3.39'[39m, [32m'0.01'[39m ]
data rcv RT:[ [32m'0.00'[39m, [32m'4.35'[39m, [32m'3.43'[39m, [32m'0.00'[39m ]
data rcv RT:[ [32m'0.00'[39m, [32m'4.34'[39m, [32m'3.43'[39m, [32m'0.00'[39m ]
data rcv RT:[ [32m'0.00'[39m, [32m'4.32'[39m, [32m'3.44'[39m, [32m'0.00'[39m ]
data rcv RT:[ [32m'0.00'[39m, [32m'4.28'[39m, [32m'3.44'[39m, [32m'0.00'[39m ]
data rcv RT:[ [32m'0.00'[39m, [32m'4.28'[39m, [32m'3.43'[39m, [32m'0.00'[39m ]
data rcv RT:[ [32m'0.00'[39m, [32m'4.25'[39m, [32m'3.42'[39m, [32m'0.00'[39m ]
data rcv RT:[ [32m'0.00'[39m, [32m'4.25'[39m, [32m'3.42'[39m, [32m'0.00'[39m ]
data rcv RT:[ [32m'0.00'[39m, [32m'4.28'[39m, [32m'3.38'[39m, [32m'0.00'[39m ]
data rcv RT:[ [32m'0.00'[39m, [32m'4.31'[39m, [32m'3.38'[39m, [32m'0.01'[39m ]
data rcv RT:[ [32m'0.00'[39m, [32m'4.32'[39m, [32m'3.38'[39m, [32m'0.01'[39m ]
data rcv RT:[ [32m'0.00'[39m, [32m'4.33'[39m, [32m'3.37'[39m, [32m'0.02'[39m ]
data rcv RT:[ [32m'0.00'[39m, [32m'4.35'[39m, [32m'3.39'[39m, [32m'0.00'[39m ]
data rcv RT:[ [32m'0.00'[39m, [32m'4.38'[39m, [32m'3.38'[39m, [32m'0.01'[39m ]
data rcv RT:[ [32m'0.00'[39m, [32m'4.35'[39m, [32m'3.43'[39m, [32m'0.00'[39m ]
data rcv RT:[ [32m'0.00'[39m, [32m'4.32'[39m, [32m'3.42'[39m, [32m'0.00'[39m ]
data rcv RT:[ [32m'0.00'[39m, [32m'4.31'[39m, [32m'3.43'[39m, [32m'0.00'[39m ]
data rcv RT:[ [32m'0.00'[39m, [32m'4.30'[39m, [32m'3.42'[39m, [32m'0.00'[39m ]
data rcv RT:[ [32m'0.00'[39m, [32m'4.28'[39m, [32m'3.41'[39m, [32m'0.00'[39m ]
data rcv RT:[ [32m'0.00'[39m, [32m'4.24'[39m, [32m'3.40'[39m, [32m'0.00'[39m ]
data rcv RT:[ [32m'0.00'[39m, [32m'4.30'[39m, [32m'3.37'[39m, [32m'0.00'[39m ]
data rcv RT:[ [32m'0.00'[39m, [32m'4.27'[39m, [32m'3.39'[39m, [32m'0.00'[39m ]
data rcv RT:[ [32m'0.00'[39m, [32m'4.33'[39m, [32m'3.38'[39m, [32m'0.00'[39m ]
data rcv RT:[ [32m'0.00'[39m, [32m'4.35'[39m, [32m'3.37'[39m, [32m'0.02'[39m ]
data rcv RT:[ [32m'0.00'[39m, [32m'4.36'[39m, [32m'3.40'[39m, [32m'0.00'[39m ]
data rcv RT:[ [32m'0.00'[39m, [32m'4.39'[39m, [32m'3.42'[39m, [32m'0.00'[39m ]
data rcv RT:[ [32m'0.00'[39m, [32m'4.36'[39m, [32m'3.41'[39m, [32m'0.00'[39m ]
data rcv RT:[ [32m'0.00'[39m, [32m'4.33'[39m, [32m'3.43'[39m, [32m'0.00'[39m ]
data rcv RT:[ [32m'0.00'[39m, [32m'4.31'[39m, [32m'3.43'[39m, [32m'0.00'[39m ]
data rcv RT:[ [32m'0.00'[39m, [32m'4.26'[39m, [32m'3.44'[39m, [32m'0.00'[39m ]
data rcv RT:[ [32m'0.00'[39m, [32m'4.29'[39m, [32m'3.42'[39m, [32m'0.00'[39m ]
data rcv RT:[ [32m'0.00'[39m, [32m'4.26'[39m, [32m'3.42'[39m, [32m'0.00'[39m ]
data rcv RT:[ [32m'0.00'[39m, [32m'4.28'[39m, [32m'3.39'[39m, [32m'0.00'[39m ]
data rcv RT:[ [32m'0.00'[39m, [32m'4.31'[39m, [32m'3.39'[39m, [32m'0.00'[39m ]
data rcv RT:[ [32m'0.00'[39m, [32m'4.31'[39m, [32m'3.38'[39m, [32m'0.01'[39m ]
data rcv RT:[ [32m'0.00'[39m, [32m'4.33'[39m, [32m'3.39'[39m, [32m'0.03'[39m ]
data rcv RT:[ [32m'0.00'[39m, [32m'4.34'[39m, [32m'3.37'[39m, [32m'0.05'[39m ]
data rcv RT:[ [32m'0.00'[39m, [32m'4.35'[39m, [32m'3.42'[39m, [32m'0.00'[39m ]
data rcv RT:[ [32m'0.00'[39m, [32m'4.32'[39m, [32m'3.42'[39m, [32m'0.00'[39m ]
data rcv RT:[ [32m'0.00'[39m, [32m'4.31'[39m, [32m'3.42'[39m, [32m'0.00'[39m ]
data rcv RT:[ [32m'0.00'[39m, [32m'4.31'[39m, [32m'3.41'[39m, [32m'0.00'[39m ]
data rcv RT:[ [32m'0.00'[39m, [32m'4.30'[39m, [32m'3.45'[39m, [32m'0.00'[39m ]
data rcv RT:[ [32m'0.00'[39m, [32m'4.25'[39m, [32m'3.37'[39m, [32m'0.00'[39m ]
data rcv RT:[ [32m'0.00'[39m, [32m'4.27'[39m, [32m'3.39'[39m, [32m'0.00'[39m ]
data rcv RT:[ [32m'0.00'[39m, [32m'4.27'[39m, [32m'3.38'[39m, [32m'0.00'[39m ]
data rcv RT:[ [32m'0.00'[39m, [32m'4.30'[39m, [32m'3.37'[39m, [32m'0.00'[39m ]
data rcv RT:[ [32m'0.00'[39m, [32m'4.30'[39m, [32m'3.37'[39m, [32m'0.00'[39m ]
data rcv RT:[ [32m'0.00'[39m, [32m'4.32'[39m, [32m'3.37'[39m, [32m'0.00'[39m ]
data rcv RT:[ [32m'0.00'[39m, [32m'4.34'[39m, [32m'3.38'[39m, [32m'0.00'[39m ]
data rcv RT:[ [32m'0.00'[39m, [32m'4.37'[39m, [32m'3.39'[39m, [32m'0.02'[39m ]
data rcv RT:[ [32m'0.00'[39m, [32m'4.37'[39m, [32m'3.39'[39m, [32m'0.00'[39m ]
data rcv RT:[ [32m'0.00'[39m, [32m'4.36'[39m, [32m'3.41'[39m, [32m'0.01'[39m ]
data rcv RT:[ [32m'0.00'[39m, [32m'4.33'[39m, [32m'3.44'[39m, [32m'0.00'[39m ]
data rcv RT:[ [32m'0.00'[39m, [32m'4.32'[39m, [32m'3.42'[39m, [32m'0.00'[39m ]
data rcv RT:[ [32m'0.00'[39m, [32m'4.29'[39m, [32m'3.46'[39m, [32m'0.00'[39m ]
data rcv RT:[ [32m'0.00'[39m, [32m'4.27'[39m, [32m'3.43'[39m, [32m'0.00'[39m ]
data rcv RT:[ [32m'0.00'[39m, [32m'4.28'[39m, [32m'3.39'[39m, [32m'0.00'[39m ]
data rcv RT:[ [32m'0.00'[39m, [32m'4.27'[39m, [32m'3.39'[39m, [32m'0.00'[39m ]
data rcv RT:[ [32m'0.00'[39m, [32m'4.31'[39m, [32m'3.37'[39m, [32m'0.00'[39m ]
data rcv RT:[ [32m'0.00'[39m, [32m'4.33'[39m, [32m'3.36'[39m, [32m'0.00'[39m ]
data rcv RT:[ [32m'0.00'[39m, [32m'4.35'[39m, [32m'3.37'[39m, [32m'0.04'[39m ]
data rcv RT:[ [32m'0.00'[39m, [32m'4.36'[39m, [32m'3.40'[39m, [32m'0.00'[39m ]
data rcv RT:[ [32m'0.00'[39m, [32m'4.36'[39m, [32m'3.40'[39m, [32m'0.00'[39m ]
data rcv RT:[ [32m'0.00'[39m, [32m'4.31'[39m, [32m'3.44'[39m, [32m'0.00'[39m ]
data rcv RT:[ [32m'0.00'[39m, [32m'4.32'[39m, [32m'3.43'[39m, [32m'0.00'[39m ]
data rcv RT:[ [32m'0.00'[39m, [32m'4.28'[39m, [32m'3.44'[39m, [32m'0.00'[39m ]
data rcv RT:[ [32m'0.00'[39m, [32m'4.28'[39m, [32m'3.39'[39m, [32m'0.00'[39m ]
data rcv RT:[ [32m'0.00'[39m, [32m'4.28'[39m, [32m'3.39'[39m, [32m'0.00'[39m ]
data rcv RT:[ [32m'0.00'[39m, [32m'4.27'[39m, [32m'3.39'[39m, [32m'0.00'[39m ]
data rcv RT:[ [32m'0.00'[39m, [32m'4.29'[39m, [32m'3.36'[39m, [32m'0.00'[39m ]
data rcv RT:[ [32m'0.00'[39m, [32m'4.32'[39m, [32m'3.38'[39m, [32m'0.00'[39m ]
data rcv RT:[ [32m'0.00'[39m, [32m'4.35'[39m, [32m'3.39'[39m, [32m'0.01'[39m ]
data rcv RT:[ [32m'0.00'[39m, [32m'4.36'[39m, [32m'3.38'[39m, [32m'0.01'[39m ]
data rcv RT:[ [32m'0.00'[39m, [32m'4.36'[39m, [32m'3.40'[39m, [32m'0.02'[39m ]
data rcv RT:[ [32m'0.00'[39m, [32m'4.31'[39m, [32m'3.45'[39m, [32m'0.00'[39m ]
data rcv RT:[ [32m'0.00'[39m, [32m'4.32'[39m, [32m'3.43'[39m, [32m'0.00'[39m ]
data rcv RT:[ [32m'0.00'[39m, [32m'4.29'[39m, [32m'3.42'[39m, [32m'0.00'[39m ]
data rcv RT:[ [32m'0.00'[39m, [32m'4.29'[39m, [32m'3.46'[39m, [32m'0.00'[39m ]
data rcv RT:[ [32m'0.00'[39m, [32m'4.28'[39m, [32m'3.42'[39m, [32m'0.00'[39m ]
data rcv RT:[ [32m'0.00'[39m, [32m'4.25'[39m, [32m'3.45'[39m, [32m'0.00'[39m ]
data rcv RT:[ [32m'0.00'[39m, [32m'4.26'[39m, [32m'3.39'[39m, [32m'0.00'[39m ]
data rcv RT:[ [32m'0.00'[39m, [32m'4.32'[39m, [32m'3.37'[39m, [32m'0.01'[39m ]
data rcv RT:[ [32m'0.00'[39m, [32m'4.32'[39m, [32m'3.37'[39m, [32m'0.00'[39m ]
data rcv RT:[ [32m'0.00'[39m, [32m'4.36'[39m, [32m'3.39'[39m, [32m'0.01'[39m ]
data rcv RT:[ [32m'0.00'[39m, [32m'4.36'[39m, [32m'3.36'[39m, [32m'0.03'[39m ]
data rcv RT:[ [32m'0.00'[39m, [32m'4.36'[39m, [32m'3.40'[39m, [32m'0.00'[39m ]
data rcv RT:[ [32m'0.00'[39m, [32m'4.35'[39m, [32m'3.43'[39m, [32m'0.00'[39m ]
data rcv RT:[ [32m'0.00'[39m, [32m'4.35'[39m, [32m'3.44'[39m, [32m'0.00'[39m ]
data rcv RT:[ [32m'0.00'[39m, [32m'4.33'[39m, [32m'3.42'[39m, [32m'0.00'[39m ]
data rcv RT:[ [32m'0.00'[39m, [32m'4.30'[39m, [32m'3.42'[39m, [32m'0.00'[39m ]
data rcv RT:[ [32m'0.00'[39m, [32m'4.31'[39m, [32m'3.45'[39m, [32m'0.00'[39m ]
data rcv RT:[ [32m'0.00'[39m, [32m'4.28'[39m, [32m'3.38'[39m, [32m'0.00'[39m ]
data rcv RT:[ [32m'0.00'[39m, [32m'4.28'[39m, [32m'3.37'[39m, [32m'0.00'[39m ]
data rcv RT:[ [32m'0.00'[39m, [32m'4.26'[39m, [32m'3.39'[39m, [32m'0.00'[39m ]
data rcv RT:[ [32m'0.00'[39m, [32m'4.30'[39m, [32m'3.38'[39m, [32m'0.00'[39m ]
data rcv RT:[ [32m'0.00'[39m, [32m'4.31'[39m, [32m'3.36'[39m, [32m'0.00'[39m ]
data rcv RT:[ [32m'0.00'[39m, [32m'4.36'[39m, [32m'3.38'[39m, [32m'0.04'[39m ]
data rcv RT:[ [32m'0.00'[39m, [32m'4.38'[39m, [32m'3.40'[39m, [32m'0.00'[39m ]
data rcv RT:[ [32m'0.00'[39m, [32m'4.37'[39m, [32m'3.41'[39m, [32m'0.00'[39m ]
data rcv RT:[ [32m'0.00'[39m, [32m'4.32'[39m, [32m'3.43'[39m, [32m'0.00'[39m ]
data rcv RT:[ [32m'0.00'[39m, [32m'4.30'[39m, [32m'3.45'[39m, [32m'0.00'[39m ]
data rcv RT:[ [32m'0.00'[39m, [32m'4.31'[39m, [32m'3.42'[39m, [32m'0.00'[39m ]
data rcv RT:[ [32m'0.00'[39m, [32m'4.27'[39m, [32m'3.41'[39m, [32m'0.00'[39m ]
data rcv RT:[ [32m'0.00'[39m, [32m'4.27'[39m, [32m'3.40'[39m, [32m'0.00'[39m ]
data rcv RT:[ [32m'0.00'[39m, [32m'4.27'[39m, [32m'3.38'[39m, [32m'0.00'[39m ]
data rcv RT:[ [32m'0.00'[39m, [32m'4.33'[39m, [32m'3.37'[39m, [32m'0.01'[39m ]
data rcv RT:[ [32m'0.00'[39m, [32m'4.35'[39m, [32m'3.39'[39m, [32m'0.00'[39m ]
data rcv RT:[ [32m'0.00'[39m, [32m'4.32'[39m, [32m'3.38'[39m, [32m'0.03'[39m ]
data rcv RT:[ [32m'0.00'[39m, [32m'4.37'[39m, [32m'3.41'[39m, [32m'0.00'[39m ]
data rcv RT:[ [32m'0.00'[39m, [32m'4.35'[39m, [32m'3.41'[39m, [32m'0.00'[39m ]
data rcv RT:[ [32m'0.00'[39m, [32m'4.31'[39m, [32m'3.43'[39m, [32m'0.00'[39m ]
data rcv RT:[ [32m'0.00'[39m, [32m'4.32'[39m, [32m'3.41'[39m, [32m'0.00'[39m ]
data rcv RT:[ [32m'0.00'[39m, [32m'4.30'[39m, [32m'3.43'[39m, [32m'0.00'[39m ]
data rcv RT:[ [32m'0.00'[39m, [32m'4.26'[39m, [32m'3.39'[39m, [32m'0.00'[39m ]
data rcv RT:[ [32m'0.00'[39m, [32m'4.25'[39m, [32m'3.42'[39m, [32m'0.00'[39m ]
data rcv RT:[ [32m'0.00'[39m, [32m'4.27'[39m, [32m'3.39'[39m, [32m'0.00'[39m ]
data rcv RT:[ [32m'0.00'[39m, [32m'4.35'[39m, [32m'3.36'[39m, [32m'0.03'[39m ]
data rcv RT:[ [32m'0.00'[39m, [32m'4.36'[39m, [32m'3.37'[39m, [32m'0.03'[39m ]
data rcv RT:[ [32m'0.00'[39m, [32m'4.37'[39m, [32m'3.37'[39m, [32m'0.03'[39m ]
data rcv RT:[ [32m'0.00'[39m, [32m'4.37'[39m, [32m'3.42'[39m, [32m'0.00'[39m ]
data rcv RT:[ [32m'0.00'[39m, [32m'4.35'[39m, [32m'3.43'[39m, [32m'0.00'[39m ]
data rcv RT:[ [32m'0.00'[39m, [32m'4.35'[39m, [32m'3.42'[39m, [32m'0.00'[39m ]
data rcv RT:[ [32m'0.00'[39m, [32m'4.32'[39m, [32m'3.42'[39m, [32m'0.00'[39m ]
data rcv RT:[ [32m'0.00'[39m, [32m'4.31'[39m, [32m'3.42'[39m, [32m'0.00'[39m ]
data rcv RT:[ [32m'0.00'[39m, [32m'4.31'[39m, [32m'3.42'[39m, [32m'0.00'[39m ]
data rcv RT:[ [32m'0.00'[39m, [32m'4.32'[39m, [32m'3.42'[39m, [32m'0.00'[39m ]
data rcv RT:[ [32m'0.00'[39m, [32m'4.27'[39m, [32m'3.40'[39m, [32m'0.00'[39m ]
data rcv RT:[ [32m'0.00'[39m, [32m'4.26'[39m, [32m'3.40'[39m, [32m'0.00'[39m ]
data rcv RT:[ [32m'0.00'[39m, [32m'4.25'[39m, [32m'3.41'[39m, [32m'0.00'[39m ]
data rcv RT:[ [32m'0.00'[39m, [32m'4.26'[39m, [32m'3.39'[39m, [32m'0.00'[39m ]
data rcv RT:[ [32m'0.00'[39m, [32m'4.32'[39m, [32m'3.38'[39m, [32m'0.00'[39m ]
data rcv RT:[ [32m'0.00'[39m, [32m'4.31'[39m, [32m'3.37'[39m, [32m'0.00'[39m ]
data rcv RT:[ [32m'0.00'[39m, [32m'4.37'[39m, [32m'3.37'[39m, [32m'0.03'[39m ]
data rcv RT:[ [32m'0.00'[39m, [32m'4.34'[39m, [32m'3.37'[39m, [32m'0.01'[39m ]
data rcv RT:[ [32m'0.00'[39m, [32m'4.37'[39m, [32m'3.39'[39m, [32m'0.01'[39m ]
data rcv RT:[ [32m'0.00'[39m, [32m'4.35'[39m, [32m'3.43'[39m, [32m'0.00'[39m ]
data rcv RT:[ [32m'0.00'[39m, [32m'4.32'[39m, [32m'3.42'[39m, [32m'0.00'[39m ]
data rcv RT:[ [32m'0.00'[39m, [32m'4.32'[39m, [32m'3.42'[39m, [32m'0.00'[39m ]
data rcv RT:[ [32m'0.00'[39m, [32m'4.32'[39m, [32m'3.41'[39m, [32m'0.00'[39m ]
data rcv RT:[ [32m'0.00'[39m, [32m'4.28'[39m, [32m'3.41'[39m, [32m'0.00'[39m ]
data rcv RT:[ [32m'0.00'[39m, [32m'4.26'[39m, [32m'3.38'[39m, [32m'0.00'[39m ]
data rcv RT:[ [32m'0.00'[39m, [32m'4.29'[39m, [32m'3.37'[39m, [32m'0.00'[39m ]
data rcv RT:[ [32m'0.00'[39m, [32m'4.30'[39m, [32m'3.38'[39m, [32m'0.00'[39m ]
data rcv RT:[ [32m'0.00'[39m, [32m'4.31'[39m, [32m'3.39'[39m, [32m'0.00'[39m ]
data rcv RT:[ [32m'0.00'[39m, [32m'4.33'[39m, [32m'3.38'[39m, [32m'0.00'[39m ]
data rcv RT:[ [32m'0.00'[39m, [32m'4.36'[39m, [32m'3.40'[39m, [32m'0.01'[39m ]
data rcv RT:[ [32m'0.00'[39m, [32m'4.35'[39m, [32m'3.39'[39m, [32m'0.02'[39m ]
data rcv RT:[ [32m'0.00'[39m, [32m'4.33'[39m, [32m'3.38'[39m, [32m'0.01'[39m ]
data rcv RT:[ [32m'0.00'[39m, [32m'4.36'[39m, [32m'3.42'[39m, [32m'0.00'[39m ]
data rcv RT:[ [32m'0.00'[39m, [32m'4.32'[39m, [32m'3.43'[39m, [32m'0.00'[39m ]
data rcv RT:[ [32m'0.00'[39m, [32m'4.32'[39m, [32m'3.43'[39m, [32m'0.00'[39m ]
data rcv RT:[ [32m'0.00'[39m, [32m'4.31'[39m, [32m'3.41'[39m, [32m'0.00'[39m ]
data rcv RT:[ [32m'0.00'[39m, [32m'4.32'[39m, [32m'3.41'[39m, [32m'0.00'[39m ]
data rcv RT:[ [32m'0.00'[39m, [32m'4.29'[39m, [32m'3.42'[39m, [32m'0.00'[39m ]
data rcv RT:[ [32m'0.00'[39m, [32m'4.26'[39m, [32m'3.39'[39m, [32m'0.00'[39m ]
data rcv RT:[ [32m'0.00'[39m, [32m'4.29'[39m, [32m'3.38'[39m, [32m'0.00'[39m ]
data rcv RT:[ [32m'0.00'[39m, [32m'4.32'[39m, [32m'3.39'[39m, [32m'0.00'[39m ]
data rcv RT:[ [32m'0.00'[39m, [32m'4.34'[39m, [32m'3.37'[39m, [32m'0.01'[39m ]
data rcv RT:[ [32m'0.00'[39m, [32m'4.32'[39m, [32m'3.37'[39m, [32m'0.02'[39m ]
data rcv RT:[ [32m'0.00'[39m, [32m'4.31'[39m, [32m'3.40'[39m, [32m'0.00'[39m ]
data rcv RT:[ [32m'0.00'[39m, [32m'4.34'[39m, [32m'3.38'[39m, [32m'0.02'[39m ]
data rcv RT:[ [32m'0.00'[39m, [32m'4.39'[39m, [32m'3.42'[39m, [32m'0.00'[39m ]
data rcv RT:[ [32m'0.00'[39m, [32m'4.37'[39m, [32m'3.41'[39m, [32m'0.00'[39m ]
data rcv RT:[ [32m'0.00'[39m, [32m'4.34'[39m, [32m'3.43'[39m, [32m'0.00'[39m ]
data rcv RT:[ [32m'0.00'[39m, [32m'4.32'[39m, [32m'3.42'[39m, [32m'0.00'[39m ]
data rcv RT:[ [32m'0.00'[39m, [32m'4.31'[39m, [32m'3.43'[39m, [32m'0.00'[39m ]
data rcv RT:[ [32m'0.00'[39m, [32m'4.29'[39m, [32m'3.40'[39m, [32m'0.00'[39m ]
data rcv RT:[ [32m'0.00'[39m, [32m'4.29'[39m, [32m'3.42'[39m, [32m'0.00'[39m ]
data rcv RT:[ [32m'0.00'[39m, [32m'4.26'[39m, [32m'3.40'[39m, [32m'0.00'[39m ]
data rcv RT:[ [32m'0.00'[39m, [32m'4.26'[39m, [32m'3.39'[39m, [32m'0.00'[39m ]
data rcv RT:[ [32m'0.00'[39m, [32m'4.27'[39m, [32m'3.37'[39m, [32m'0.00'[39m ]
data rcv RT:[ [32m'0.00'[39m, [32m'4.31'[39m, [32m'3.40'[39m, [32m'0.00'[39m ]
data rcv RT:[ [32m'0.00'[39m, [32m'4.32'[39m, [32m'3.37'[39m, [32m'0.01'[39m ]
data rcv RT:[ [32m'0.00'[39m, [32m'4.35'[39m, [32m'3.36'[39m, [32m'0.01'[39m ]
data rcv RT:[ [32m'0.00'[39m, [32m'4.35'[39m, [32m'3.35'[39m, [32m'0.03'[39m ]
data rcv RT:[ [32m'0.00'[39m, [32m'4.35'[39m, [32m'3.42'[39m, [32m'0.00'[39m ]
data rcv RT:[ [32m'0.00'[39m, [32m'4.33'[39m, [32m'3.41'[39m, [32m'0.00'[39m ]
data rcv RT:[ [32m'0.00'[39m, [32m'4.34'[39m, [32m'3.43'[39m, [32m'0.00'[39m ]
data rcv RT:[ [32m'0.00'[39m, [32m'4.31'[39m, [32m'3.48'[39m, [32m'0.00'[39m ]
data rcv RT:[ [32m'0.00'[39m, [32m'4.28'[39m, [32m'3.46'[39m, [32m'0.00'[39m ]
data rcv RT:[ [32m'0.00'[39m, [32m'4.27'[39m, [32m'3.42'[39m, [32m'0.00'[39m ]
data rcv RT:[ [32m'0.00'[39m, [32m'4.24'[39m, [32m'3.42'[39m, [32m'0.00'[39m ]
data rcv RT:[ [32m'0.00'[39m, [32m'4.26'[39m, [32m'3.39'[39m, [32m'0.00'[39m ]
data rcv RT:[ [32m'0.00'[39m, [32m'4.28'[39m, [32m'3.40'[39m, [32m'0.00'[39m ]
data rcv RT:[ [32m'0.00'[39m, [32m'4.28'[39m, [32m'3.37'[39m, [32m'0.00'[39m ]
data rcv RT:[ [32m'0.00'[39m, [32m'4.30'[39m, [32m'3.39'[39m, [32m'0.00'[39m ]
data rcv RT:[ [32m'0.00'[39m, [32m'4.35'[39m, [32m'3.40'[39m, [32m'0.01'[39m ]
data rcv RT:[ [32m'0.00'[39m, [32m'4.37'[39m, [32m'3.40'[39m, [32m'0.04'[39m ]
data rcv RT:[ [32m'0.00'[39m, [32m'4.37'[39m, [32m'3.39'[39m, [32m'0.00'[39m ]
data rcv RT:[ [32m'0.00'[39m, [32m'4.34'[39m, [32m'3.43'[39m, [32m'0.00'[39m ]
data rcv RT:[ [32m'0.00'[39m, [32m'4.32'[39m, [32m'3.44'[39m, [32m'0.00'[39m ]
data rcv RT:[ [32m'0.00'[39m, [32m'4.32'[39m, [32m'3.42'[39m, [32m'0.00'[39m ]
data rcv RT:[ [32m'0.00'[39m, [32m'4.33'[39m, [32m'3.43'[39m, [32m'0.00'[39m ]
data rcv RT:[ [32m'0.00'[39m, [32m'4.31'[39m, [32m'3.46'[39m, [32m'0.00'[39m ]
data rcv RT:[ [32m'0.00'[39m, [32m'4.26'[39m, [32m'3.41'[39m, [32m'0.00'[39m ]
data rcv RT:[ [32m'0.00'[39m, [32m'4.28'[39m, [32m'3.38'[39m, [32m'0.00'[39m ]
data rcv RT:[ [32m'0.00'[39m, [32m'4.31'[39m, [32m'3.37'[39m, [32m'0.00'[39m ]
data rcv RT:[ [32m'0.00'[39m, [32m'4.29'[39m, [32m'3.38'[39m, [32m'0.00'[39m ]
data rcv RT:[ [32m'0.00'[39m, [32m'4.31'[39m, [32m'3.40'[39m, [32m'0.01'[39m ]
data rcv RT:[ [32m'0.00'[39m, [32m'4.33'[39m, [32m'3.38'[39m, [32m'0.01'[39m ]
data rcv RT:[ [32m'0.00'[39m, [32m'4.34'[39m, [32m'3.35'[39m, [32m'0.02'[39m ]
data rcv RT:[ [32m'0.00'[39m, [32m'4.36'[39m, [32m'3.39'[39m, [32m'0.01'[39m ]
data rcv RT:[ [32m'0.00'[39m, [32m'4.36'[39m, [32m'3.39'[39m, [32m'0.00'[39m ]
data rcv RT:[ [32m'0.00'[39m, [32m'4.34'[39m, [32m'3.45'[39m, [32m'0.00'[39m ]
data rcv RT:[ [32m'0.00'[39m, [32m'4.34'[39m, [32m'3.43'[39m, [32m'0.00'[39m ]
data rcv RT:[ [32m'0.00'[39m, [32m'4.33'[39m, [32m'3.43'[39m, [32m'0.00'[39m ]
data rcv RT:[ [32m'0.00'[39m, [32m'4.30'[39m, [32m'3.41'[39m, [32m'0.00'[39m ]
data rcv RT:[ [32m'0.00'[39m, [32m'4.30'[39m, [32m'3.43'[39m, [32m'0.00'[39m ]
data rcv RT:[ [32m'0.00'[39m, [32m'4.27'[39m, [32m'3.39'[39m, [32m'0.00'[39m ]
data rcv RT:[ [32m'0.00'[39m, [32m'4.31'[39m, [32m'3.40'[39m, [32m'0.00'[39m ]
data rcv RT:[ [32m'0.00'[39m, [32m'4.29'[39m, [32m'3.39'[39m, [32m'0.01'[39m ]
data rcv RT:[ [32m'0.00'[39m, [32m'4.34'[39m, [32m'3.39'[39m, [32m'0.01'[39m ]
data rcv RT:[ [32m'0.00'[39m, [32m'4.34'[39m, [32m'3.41'[39m, [32m'0.00'[39m ]
data rcv RT:[ [32m'0.00'[39m, [32m'4.35'[39m, [32m'3.40'[39m, [32m'0.00'[39m ]
data rcv RT:[ [32m'0.00'[39m, [32m'4.37'[39m, [32m'3.41'[39m, [32m'0.00'[39m ]
data rcv RT:[ [32m'0.00'[39m, [32m'4.36'[39m, [32m'3.41'[39m, [32m'0.00'[39m ]
data rcv RT:[ [32m'0.00'[39m, [32m'4.33'[39m, [32m'3.44'[39m, [32m'0.00'[39m ]
data rcv RT:[ [32m'0.00'[39m, [32m'4.28'[39m, [32m'3.44'[39m, [32m'0.00'[39m ]
data rcv RT:[ [32m'0.00'[39m, [32m'4.28'[39m, [32m'3.41'[39m, [32m'0.00'[39m ]
data rcv RT:[ [32m'0.00'[39m, [32m'4.29'[39m, [32m'3.42'[39m, [32m'0.00'[39m ]
data rcv RT:[ [32m'0.00'[39m, [32m'4.26'[39m, [32m'3.40'[39m, [32m'0.00'[39m ]
data rcv RT:[ [32m'0.00'[39m, [32m'4.27'[39m, [32m'3.41'[39m, [32m'0.00'[39m ]
data rcv RT:[ [32m'0.00'[39m, [32m'4.28'[39m, [32m'3.39'[39m, [32m'0.00'[39m ]
data rcv RT:[ [32m'0.00'[39m, [32m'4.30'[39m, [32m'3.38'[39m, [32m'0.00'[39m ]
data rcv RT:[ [32m'0.00'[39m, [32m'4.33'[39m, [32m'3.37'[39m, [32m'0.00'[39m ]
data rcv RT:[ [32m'0.00'[39m, [32m'4.32'[39m, [32m'3.36'[39m, [32m'0.02'[39m ]
data rcv RT:[ [32m'0.00'[39m, [32m'4.35'[39m, [32m'3.40'[39m, [32m'0.01'[39m ]
data rcv RT:[ [32m'0.00'[39m, [32m'4.38'[39m, [32m'3.42'[39m, [32m'0.01'[39m ]
data rcv RT:[ [32m'0.00'[39m, [32m'4.34'[39m, [32m'3.42'[39m, [32m'0.00'[39m ]
data rcv RT:[ [32m'0.00'[39m, [32m'4.38'[39m, [32m'3.40'[39m, [32m'0.00'[39m ]
data rcv RT:[ [32m'0.00'[39m, [32m'4.35'[39m, [32m'3.43'[39m, [32m'0.00'[39m ]
data rcv RT:[ [32m'0.00'[39m, [32m'4.33'[39m, [32m'3.43'[39m, [32m'0.00'[39m ]
data rcv RT:[ [32m'0.00'[39m, [32m'4.30'[39m, [32m'3.44'[39m, [32m'0.00'[39m ]
data rcv RT:[ [32m'0.00'[39m, [32m'4.28'[39m, [32m'3.41'[39m, [32m'0.00'[39m ]
data rcv RT:[ [32m'0.00'[39m, [32m'4.27'[39m, [32m'3.38'[39m, [32m'0.00'[39m ]
data rcv RT:[ [32m'0.00'[39m, [32m'4.27'[39m, [32m'3.38'[39m, [32m'0.00'[39m ]
data rcv RT:[ [32m'0.00'[39m, [32m'4.28'[39m, [32m'3.39'[39m, [32m'0.00'[39m ]
data rcv RT:[ [32m'0.00'[39m, [32m'4.28'[39m, [32m'3.38'[39m, [32m'0.00'[39m ]
data rcv RT:[ [32m'0.00'[39m, [32m'4.32'[39m, [32m'3.40'[39m, [32m'0.00'[39m ]
data rcv RT:[ [32m'0.00'[39m, [32m'4.32'[39m, [32m'3.39'[39m, [32m'0.02'[39m ]
data rcv RT:[ [32m'0.00'[39m, [32m'4.34'[39m, [32m'3.39'[39m, [32m'0.01'[39m ]
data rcv RT:[ [32m'0.00'[39m, [32m'4.37'[39m, [32m'3.39'[39m, [32m'0.02'[39m ]
data rcv RT:[ [32m'0.00'[39m, [32m'4.35'[39m, [32m'3.40'[39m, [32m'0.04'[39m ]
data rcv RT:[ [32m'0.00'[39m, [32m'4.35'[39m, [32m'3.43'[39m, [32m'0.00'[39m ]
data rcv RT:[ [32m'0.00'[39m, [32m'4.34'[39m, [32m'3.42'[39m, [32m'0.00'[39m ]
data rcv RT:[ [32m'0.00'[39m, [32m'4.31'[39m, [32m'3.43'[39m, [32m'0.00'[39m ]
data rcv RT:[ [32m'0.00'[39m, [32m'4.31'[39m, [32m'3.43'[39m, [32m'0.00'[39m ]
data rcv RT:[ [32m'0.00'[39m, [32m'4.31'[39m, [32m'3.42'[39m, [32m'0.00'[39m ]
data rcv RT:[ [32m'0.00'[39m, [32m'4.31'[39m, [32m'3.42'[39m, [32m'0.00'[39m ]
data rcv RT:[ [32m'0.00'[39m, [32m'4.27'[39m, [32m'3.41'[39m, [32m'0.00'[39m ]
data rcv RT:[ [32m'0.00'[39m, [32m'4.28'[39m, [32m'3.43'[39m, [32m'0.00'[39m ]
data rcv RT:[ [32m'0.00'[39m, [32m'4.25'[39m, [32m'3.42'[39m, [32m'0.00'[39m ]
data rcv RT:[ [32m'0.00'[39m, [32m'4.27'[39m, [32m'3.39'[39m, [32m'0.00'[39m ]
data rcv RT:[ [32m'0.00'[39m, [32m'4.28'[39m, [32m'3.38'[39m, [32m'0.01'[39m ]
data rcv RT:[ [32m'0.00'[39m, [32m'4.29'[39m, [32m'3.37'[39m, [32m'0.00'[39m ]
data rcv RT:[ [32m'0.00'[39m, [32m'4.32'[39m, [32m'3.38'[39m, [32m'0.00'[39m ]
data rcv RT:[ [32m'0.00'[39m, [32m'4.32'[39m, [32m'3.40'[39m, [32m'0.00'[39m ]
data rcv RT:[ [32m'0.00'[39m, [32m'4.37'[39m, [32m'3.39'[39m, [32m'0.00'[39m ]
data rcv RT:[ [32m'0.00'[39m, [32m'4.37'[39m, [32m'3.39'[39m, [32m'0.02'[39m ]
data rcv RT:[ [32m'0.00'[39m, [32m'4.36'[39m, [32m'3.40'[39m, [32m'0.00'[39m ]
data rcv RT:[ [32m'0.00'[39m, [32m'4.38'[39m, [32m'3.41'[39m, [32m'0.00'[39m ]
data rcv RT:[ [32m'0.00'[39m, [32m'4.34'[39m, [32m'3.44'[39m, [32m'0.00'[39m ]
data rcv RT:[ [32m'0.00'[39m, [32m'4.34'[39m, [32m'3.42'[39m, [32m'0.00'[39m ]
data rcv RT:[ [32m'0.00'[39m, [32m'4.32'[39m, [32m'3.43'[39m, [32m'0.00'[39m ]
data rcv RT:[ [32m'0.00'[39m, [32m'4.31'[39m, [32m'3.43'[39m, [32m'0.00'[39m ]
data rcv RT:[ [32m'0.00'[39m, [32m'4.30'[39m, [32m'3.43'[39m, [32m'0.00'[39m ]
data rcv RT:[ [32m'0.00'[39m, [32m'4.30'[39m, [32m'3.43'[39m, [32m'0.00'[39m ]
data rcv RT:[ [32m'0.00'[39m, [32m'4.28'[39m, [32m'3.44'[39m, [32m'0.00'[39m ]
data rcv RT:[ [32m'0.00'[39m, [32m'4.26'[39m, [32m'3.45'[39m, [32m'0.00'[39m ]
data rcv RT:[ [32m'0.00'[39m, [32m'4.25'[39m, [32m'3.41'[39m, [32m'0.00'[39m ]
data rcv RT:[ [32m'0.00'[39m, [32m'4.27'[39m, [32m'3.37'[39m, [32m'0.00'[39m ]
data rcv RT:[ [32m'0.00'[39m, [32m'4.25'[39m, [32m'3.40'[39m, [32m'0.00'[39m ]
data rcv RT:[ [32m'0.00'[39m, [32m'4.27'[39m, [32m'3.36'[39m, [32m'0.00'[39m ]
data rcv RT:[ [32m'0.00'[39m, [32m'4.30'[39m, [32m'3.38'[39m, [32m'0.01'[39m ]
data rcv RT:[ [32m'0.00'[39m, [32m'4.33'[39m, [32m'3.39'[39m, [32m'0.00'[39m ]
data rcv RT:[ [32m'0.00'[39m, [32m'4.37'[39m, [32m'3.36'[39m, [32m'0.03'[39m ]
data rcv RT:[ [32m'0.00'[39m, [32m'4.35'[39m, [32m'3.38'[39m, [32m'0.03'[39m ]
data rcv RT:[ [32m'0.00'[39m, [32m'4.34'[39m, [32m'3.43'[39m, [32m'0.00'[39m ]
data rcv RT:[ [32m'0.00'[39m, [32m'4.36'[39m, [32m'3.42'[39m, [32m'0.00'[39m ]
data rcv RT:[ [32m'0.00'[39m, [32m'4.33'[39m, [32m'3.43'[39m, [32m'0.00'[39m ]
data rcv RT:[ [32m'0.00'[39m, [32m'4.32'[39m, [32m'3.42'[39m, [32m'0.00'[39m ]
data rcv RT:[ [32m'0.00'[39m, [32m'4.30'[39m, [32m'3.43'[39m, [32m'0.00'[39m ]
data rcv RT:[ [32m'0.00'[39m, [32m'4.32'[39m, [32m'3.42'[39m, [32m'0.00'[39m ]
data rcv RT:[ [32m'0.00'[39m, [32m'4.31'[39m, [32m'3.43'[39m, [32m'0.00'[39m ]
data rcv RT:[ [32m'0.00'[39m, [32m'4.31'[39m, [32m'3.44'[39m, [32m'0.00'[39m ]
data rcv RT:[ [32m'0.00'[39m, [32m'4.26'[39m, [32m'3.40'[39m, [32m'0.00'[39m ]
data rcv RT:[ [32m'0.00'[39m, [32m'4.27'[39m, [32m'3.39'[39m, [32m'0.00'[39m ]
data rcv RT:[ [32m'0.00'[39m, [32m'4.29'[39m, [32m'3.39'[39m, [32m'0.00'[39m ]
data rcv RT:[ [32m'0.00'[39m, [32m'4.31'[39m, [32m'3.39'[39m, [32m'0.00'[39m ]
data rcv RT:[ [32m'0.00'[39m, [32m'4.31'[39m, [32m'3.37'[39m, [32m'0.00'[39m ]
data rcv RT:[ [32m'0.00'[39m, [32m'4.32'[39m, [32m'3.39'[39m, [32m'0.02'[39m ]
data rcv RT:[ [32m'0.00'[39m, [32m'4.33'[39m, [32m'3.40'[39m, [32m'0.00'[39m ]
data rcv RT:[ [32m'0.00'[39m, [32m'4.36'[39m, [32m'3.41'[39m, [32m'0.01'[39m ]
data rcv RT:[ [32m'0.00'[39m, [32m'4.38'[39m, [32m'3.38'[39m, [32m'0.04'[39m ]
data rcv RT:[ [32m'0.00'[39m, [32m'4.38'[39m, [32m'3.41'[39m, [32m'0.02'[39m ]
data rcv RT:[ [32m'0.00'[39m, [32m'4.37'[39m, [32m'3.42'[39m, [32m'0.00'[39m ]
data rcv RT:[ [32m'0.00'[39m, [32m'4.33'[39m, [32m'3.42'[39m, [32m'0.00'[39m ]
data rcv RT:[ [32m'0.00'[39m, [32m'4.32'[39m, [32m'3.42'[39m, [32m'0.00'[39m ]
data rcv RT:[ [32m'0.00'[39m, [32m'4.33'[39m, [32m'3.41'[39m, [32m'0.00'[39m ]
data rcv RT:[ [32m'0.00'[39m, [32m'4.30'[39m, [32m'3.42'[39m, [32m'0.00'[39m ]
data rcv RT:[ [32m'0.00'[39m, [32m'4.29'[39m, [32m'3.44'[39m, [32m'0.00'[39m ]
data rcv RT:[ [32m'0.00'[39m, [32m'4.27'[39m, [32m'3.41'[39m, [32m'0.00'[39m ]
data rcv RT:[ [32m'0.00'[39m, [32m'4.28'[39m, [32m'3.39'[39m, [32m'0.00'[39m ]
data rcv RT:[ [32m'0.00'[39m, [32m'4.29'[39m, [32m'3.39'[39m, [32m'0.00'[39m ]
data rcv RT:[ [32m'0.00'[39m, [32m'4.32'[39m, [32m'3.38'[39m, [32m'0.00'[39m ]
data rcv RT:[ [32m'0.00'[39m, [32m'4.32'[39m, [32m'3.38'[39m, [32m'0.01'[39m ]
data rcv RT:[ [32m'0.00'[39m, [32m'4.31'[39m, [32m'3.39'[39m, [32m'0.00'[39m ]
data rcv RT:[ [32m'0.00'[39m, [32m'4.34'[39m, [32m'3.36'[39m, [32m'0.04'[39m ]
data rcv RT:[ [32m'0.00'[39m, [32m'4.31'[39m, [32m'3.36'[39m, [32m'0.03'[39m ]
data rcv RT:[ [32m'0.00'[39m, [32m'4.37'[39m, [32m'3.38'[39m, [32m'0.03'[39m ]
data rcv RT:[ [32m'0.00'[39m, [32m'4.37'[39m, [32m'3.42'[39m, [32m'0.00'[39m ]
data rcv RT:[ [32m'0.00'[39m, [32m'4.36'[39m, [32m'3.42'[39m, [32m'0.02'[39m ]
data rcv RT:[ [32m'0.00'[39m, [32m'4.34'[39m, [32m'3.41'[39m, [32m'0.00'[39m ]
data rcv RT:[ [32m'0.00'[39m, [32m'4.33'[39m, [32m'3.40'[39m, [32m'0.00'[39m ]
data rcv RT:[ [32m'0.00'[39m, [32m'4.29'[39m, [32m'3.46'[39m, [32m'0.00'[39m ]
data rcv RT:[ [32m'0.00'[39m, [32m'4.30'[39m, [32m'3.43'[39m, [32m'0.00'[39m ]
data rcv RT:[ [32m'0.00'[39m, [32m'4.29'[39m, [32m'3.40'[39m, [32m'0.00'[39m ]
data rcv RT:[ [32m'0.00'[39m, [32m'4.26'[39m, [32m'3.38'[39m, [32m'0.00'[39m ]
data rcv RT:[ [32m'0.00'[39m, [32m'4.28'[39m, [32m'3.39'[39m, [32m'0.00'[39m ]
data rcv RT:[ [32m'0.00'[39m, [32m'4.28'[39m, [32m'3.39'[39m, [32m'0.00'[39m ]
data rcv RT:[ [32m'0.00'[39m, [32m'4.30'[39m, [32m'3.38'[39m, [32m'0.01'[39m ]
data rcv RT:[ [32m'0.00'[39m, [32m'4.32'[39m, [32m'3.40'[39m, [32m'0.00'[39m ]
data rcv RT:[ [32m'0.00'[39m, [32m'4.33'[39m, [32m'3.38'[39m, [32m'0.02'[39m ]
data rcv RT:[ [32m'0.00'[39m, [32m'4.37'[39m, [32m'3.39'[39m, [32m'0.02'[39m ]
data rcv RT:[ [32m'0.00'[39m, [32m'4.36'[39m, [32m'3.37'[39m, [32m'0.03'[39m ]
data rcv RT:[ [32m'0.00'[39m, [32m'4.38'[39m, [32m'3.39'[39m, [32m'0.01'[39m ]
data rcv RT:[ [32m'0.00'[39m, [32m'4.36'[39m, [32m'3.44'[39m, [32m'0.00'[39m ]
data rcv RT:[ [32m'0.00'[39m, [32m'4.34'[39m, [32m'3.43'[39m, [32m'0.00'[39m ]
data rcv RT:[ [32m'0.00'[39m, [32m'4.32'[39m, [32m'3.41'[39m, [32m'0.00'[39m ]
data rcv RT:[ [32m'0.00'[39m, [32m'4.31'[39m, [32m'3.44'[39m, [32m'0.00'[39m ]
data rcv RT:[ [32m'0.00'[39m, [32m'4.32'[39m, [32m'3.42'[39m, [32m'0.00'[39m ]
data rcv RT:[ [32m'0.00'[39m, [32m'4.29'[39m, [32m'3.41'[39m, [32m'0.00'[39m ]
data rcv RT:[ [32m'0.00'[39m, [32m'4.24'[39m, [32m'3.43'[39m, [32m'0.00'[39m ]
data rcv RT:[ [32m'0.00'[39m, [32m'4.28'[39m, [32m'3.40'[39m, [32m'0.00'[39m ]
data rcv RT:[ [32m'0.00'[39m, [32m'4.26'[39m, [32m'3.39'[39m, [32m'0.00'[39m ]
data rcv RT:[ [32m'0.00'[39m, [32m'4.27'[39m, [32m'3.36'[39m, [32m'0.00'[39m ]
data rcv RT:[ [32m'0.00'[39m, [32m'4.29'[39m, [32m'3.38'[39m, [32m'0.00'[39m ]
data rcv RT:[ [32m'0.00'[39m, [32m'4.30'[39m, [32m'3.39'[39m, [32m'0.00'[39m ]
data rcv RT:[ [32m'0.00'[39m, [32m'4.33'[39m, [32m'3.38'[39m, [32m'0.00'[39m ]
data rcv RT:[ [32m'0.00'[39m, [32m'4.32'[39m, [32m'3.41'[39m, [32m'0.00'[39m ]
data rcv RT:[ [32m'0.00'[39m, [32m'4.36'[39m, [32m'3.40'[39m, [32m'0.02'[39m ]
data rcv RT:[ [32m'0.00'[39m, [32m'4.37'[39m, [32m'3.38'[39m, [32m'0.01'[39m ]
data rcv RT:[ [32m'0.00'[39m, [32m'4.40'[39m, [32m'3.43'[39m, [32m'0.00'[39m ]
data rcv RT:[ [32m'0.00'[39m, [32m'4.34'[39m, [32m'3.44'[39m, [32m'0.00'[39m ]
data rcv RT:[ [32m'0.00'[39m, [32m'4.38'[39m, [32m'3.41'[39m, [32m'0.00'[39m ]
data rcv RT:[ [32m'0.00'[39m, [32m'4.36'[39m, [32m'3.42'[39m, [32m'0.00'[39m ]
data rcv RT:[ [32m'0.00'[39m, [32m'4.30'[39m, [32m'3.43'[39m, [32m'0.00'[39m ]
data rcv RT:[ [32m'0.00'[39m, [32m'4.33'[39m, [32m'3.43'[39m, [32m'0.00'[39m ]
data rcv RT:[ [32m'0.00'[39m, [32m'4.30'[39m, [32m'3.47'[39m, [32m'0.00'[39m ]
data rcv RT:[ [32m'0.00'[39m, [32m'4.26'[39m, [32m'3.38'[39m, [32m'0.00'[39m ]
data rcv RT:[ [32m'0.00'[39m, [32m'4.28'[39m, [32m'3.47'[39m, [32m'0.00'[39m ]
data rcv RT:[ [32m'0.00'[39m, [32m'4.25'[39m, [32m'3.39'[39m, [32m'0.00'[39m ]
data rcv RT:[ [32m'0.00'[39m, [32m'4.32'[39m, [32m'3.37'[39m, [32m'0.01'[39m ]
data rcv RT:[ [32m'0.00'[39m, [32m'4.33'[39m, [32m'3.37'[39m, [32m'0.00'[39m ]
data rcv RT:[ [32m'0.00'[39m, [32m'4.31'[39m, [32m'3.39'[39m, [32m'0.01'[39m ]
data rcv RT:[ [32m'0.00'[39m, [32m'4.35'[39m, [32m'3.40'[39m, [32m'0.01'[39m ]
data rcv RT:[ [32m'0.00'[39m, [32m'4.35'[39m, [32m'3.39'[39m, [32m'0.01'[39m ]
data rcv RT:[ [32m'0.00'[39m, [32m'4.33'[39m, [32m'3.35'[39m, [32m'0.05'[39m ]
data rcv RT:[ [32m'0.00'[39m, [32m'4.36'[39m, [32m'3.37'[39m, [32m'0.02'[39m ]
data rcv RT:[ [32m'0.00'[39m, [32m'4.38'[39m, [32m'3.41'[39m, [32m'0.02'[39m ]
data rcv RT:[ [32m'0.00'[39m, [32m'4.35'[39m, [32m'3.42'[39m, [32m'0.00'[39m ]
data rcv RT:[ [32m'0.00'[39m, [32m'4.35'[39m, [32m'3.43'[39m, [32m'0.00'[39m ]
data rcv RT:[ [32m'0.00'[39m, [32m'4.32'[39m, [32m'3.42'[39m, [32m'0.00'[39m ]
data rcv RT:[ [32m'0.00'[39m, [32m'4.30'[39m, [32m'3.43'[39m, [32m'0.00'[39m ]
data rcv RT:[ [32m'0.00'[39m, [32m'4.28'[39m, [32m'3.41'[39m, [32m'0.00'[39m ]
data rcv RT:[ [32m'0.00'[39m, [32m'4.26'[39m, [32m'3.39'[39m, [32m'0.00'[39m ]
data rcv RT:[ [32m'0.00'[39m, [32m'4.26'[39m, [32m'3.38'[39m, [32m'0.00'[39m ]
data rcv RT:[ [32m'0.00'[39m, [32m'4.26'[39m, [32m'3.37'[39m, [32m'0.00'[39m ]
data rcv RT:[ [32m'0.00'[39m, [32m'4.28'[39m, [32m'3.38'[39m, [32m'0.00'[39m ]
data rcv RT:[ [32m'0.00'[39m, [32m'4.28'[39m, [32m'3.38'[39m, [32m'0.00'[39m ]
data rcv RT:[ [32m'0.00'[39m, [32m'4.29'[39m, [32m'3.36'[39m, [32m'0.00'[39m ]
data rcv RT:[ [32m'0.00'[39m, [32m'4.36'[39m, [32m'3.38'[39m, [32m'0.03'[39m ]
data rcv RT:[ [32m'0.00'[39m, [32m'4.35'[39m, [32m'3.34'[39m, [32m'0.06'[39m ]
data rcv RT:[ [32m'0.00'[39m, [32m'4.39'[39m, [32m'3.43'[39m, [32m'0.00'[39m ]
data rcv RT:[ [32m'0.00'[39m, [32m'4.34'[39m, [32m'3.39'[39m, [32m'0.02'[39m ]
data rcv RT:[ [32m'0.00'[39m, [32m'4.38'[39m, [32m'3.42'[39m, [32m'0.00'[39m ]
data rcv RT:[ [32m'0.00'[39m, [32m'4.36'[39m, [32m'3.46'[39m, [32m'0.00'[39m ]
data rcv RT:[ [32m'0.00'[39m, [32m'4.35'[39m, [32m'3.42'[39m, [32m'0.00'[39m ]
data rcv RT:[ [32m'0.00'[39m, [32m'4.31'[39m, [32m'3.45'[39m, [32m'0.00'[39m ]
data rcv RT:[ [32m'0.00'[39m, [32m'4.35'[39m, [32m'3.43'[39m, [32m'0.00'[39m ]
data rcv RT:[ [32m'0.00'[39m, [32m'4.33'[39m, [32m'3.43'[39m, [32m'0.00'[39m ]
data rcv RT:[ [32m'0.00'[39m, [32m'4.30'[39m, [32m'3.43'[39m, [32m'0.00'[39m ]
data rcv RT:[ [32m'0.00'[39m, [32m'4.28'[39m, [32m'3.40'[39m, [32m'0.00'[39m ]
data rcv RT:[ [32m'0.00'[39m, [32m'4.26'[39m, [32m'3.39'[39m, [32m'0.00'[39m ]
data rcv RT:[ [32m'0.00'[39m, [32m'4.28'[39m, [32m'3.39'[39m, [32m'0.00'[39m ]
data rcv RT:[ [32m'0.00'[39m, [32m'4.25'[39m, [32m'3.39'[39m, [32m'0.00'[39m ]
data rcv RT:[ [32m'0.00'[39m, [32m'4.27'[39m, [32m'3.40'[39m, [32m'0.00'[39m ]
data rcv RT:[ [32m'0.00'[39m, [32m'4.29'[39m, [32m'3.39'[39m, [32m'0.00'[39m ]
data rcv RT:[ [32m'0.00'[39m, [32m'4.32'[39m, [32m'3.38'[39m, [32m'0.00'[39m ]
data rcv RT:[ [32m'0.00'[39m, [32m'4.33'[39m, [32m'3.37'[39m, [32m'0.00'[39m ]
data rcv RT:[ [32m'0.00'[39m, [32m'4.38'[39m, [32m'3.38'[39m, [32m'0.03'[39m ]
data rcv RT:[ [32m'0.00'[39m, [32m'4.35'[39m, [32m'3.36'[39m, [32m'0.05'[39m ]
data rcv RT:[ [32m'0.00'[39m, [32m'4.36'[39m, [32m'3.38'[39m, [32m'0.06'[39m ]
data rcv RT:[ [32m'0.00'[39m, [32m'4.35'[39m, [32m'3.43'[39m, [32m'0.00'[39m ]
data rcv RT:[ [32m'0.00'[39m, [32m'4.35'[39m, [32m'3.45'[39m, [32m'0.00'[39m ]
data rcv RT:[ [32m'0.00'[39m, [32m'4.37'[39m, [32m'3.42'[39m, [32m'0.00'[39m ]
data rcv RT:[ [32m'0.00'[39m, [32m'4.31'[39m, [32m'3.44'[39m, [32m'0.00'[39m ]
data rcv RT:[ [32m'0.00'[39m, [32m'4.30'[39m, [32m'3.44'[39m, [32m'0.00'[39m ]
data rcv RT:[ [32m'0.00'[39m, [32m'4.30'[39m, [32m'3.43'[39m, [32m'0.00'[39m ]
data rcv RT:[ [32m'0.00'[39m, [32m'4.31'[39m, [32m'3.43'[39m, [32m'0.00'[39m ]
data rcv RT:[ [32m'0.00'[39m, [32m'4.29'[39m, [32m'3.44'[39m, [32m'0.00'[39m ]
data rcv RT:[ [32m'0.00'[39m, [32m'4.27'[39m, [32m'3.39'[39m, [32m'0.00'[39m ]
data rcv RT:[ [32m'0.00'[39m, [32m'4.26'[39m, [32m'3.39'[39m, [32m'0.00'[39m ]
data rcv RT:[ [32m'0.00'[39m, [32m'4.26'[39m, [32m'3.40'[39m, [32m'0.00'[39m ]
data rcv RT:[ [32m'0.00'[39m, [32m'4.26'[39m, [32m'3.38'[39m, [32m'0.00'[39m ]
data rcv RT:[ [32m'0.00'[39m, [32m'4.27'[39m, [32m'3.37'[39m, [32m'0.00'[39m ]
data rcv RT:[ [32m'0.00'[39m, [32m'4.28'[39m, [32m'3.40'[39m, [32m'0.00'[39m ]
data rcv RT:[ [32m'0.00'[39m, [32m'4.34'[39m, [32m'3.38'[39m, [32m'0.00'[39m ]
data rcv RT:[ [32m'0.00'[39m, [32m'4.32'[39m, [32m'3.38'[39m, [32m'0.00'[39m ]
data rcv RT:[ [32m'0.00'[39m, [32m'4.32'[39m, [32m'3.39'[39m, [32m'0.01'[39m ]
data rcv RT:[ [32m'0.00'[39m, [32m'4.38'[39m, [32m'3.40'[39m, [32m'0.01'[39m ]
data rcv RT:[ [32m'0.00'[39m, [32m'4.35'[39m, [32m'3.36'[39m, [32m'0.03'[39m ]
data rcv RT:[ [32m'0.00'[39m, [32m'4.37'[39m, [32m'3.40'[39m, [32m'0.04'[39m ]
data rcv RT:[ [32m'0.00'[39m, [32m'4.35'[39m, [32m'3.41'[39m, [32m'0.00'[39m ]
data rcv RT:[ [32m'0.00'[39m, [32m'4.36'[39m, [32m'3.42'[39m, [32m'0.00'[39m ]
data rcv RT:[ [32m'0.00'[39m, [32m'4.37'[39m, [32m'3.42'[39m, [32m'0.00'[39m ]
data rcv RT:[ [32m'0.00'[39m, [32m'4.38'[39m, [32m'3.41'[39m, [32m'0.00'[39m ]
data rcv RT:[ [32m'0.00'[39m, [32m'4.34'[39m, [32m'3.43'[39m, [32m'0.00'[39m ]
data rcv RT:[ [32m'0.00'[39m, [32m'4.32'[39m, [32m'3.42'[39m, [32m'0.00'[39m ]
data rcv RT:[ [32m'0.00'[39m, [32m'4.31'[39m, [32m'3.42'[39m, [32m'0.00'[39m ]
data rcv RT:[ [32m'0.00'[39m, [32m'4.29'[39m, [32m'3.43'[39m, [32m'0.00'[39m ]
data rcv RT:[ [32m'0.00'[39m, [32m'4.26'[39m, [32m'3.42'[39m, [32m'0.00'[39m ]
data rcv RT:[ [32m'0.00'[39m, [32m'4.29'[39m, [32m'3.43'[39m, [32m'0.00'[39m ]
data rcv RT:[ [32m'0.00'[39m, [32m'4.28'[39m, [32m'3.41'[39m, [32m'0.00'[39m ]
data rcv RT:[ [32m'0.00'[39m, [32m'4.27'[39m, [32m'3.41'[39m, [32m'0.00'[39m ]
data rcv RT:[ [32m'0.00'[39m, [32m'4.29'[39m, [32m'3.38'[39m, [32m'0.00'[39m ]
data rcv RT:[ [32m'0.00'[39m, [32m'4.29'[39m, [32m'3.36'[39m, [32m'0.00'[39m ]
data rcv RT:[ [32m'0.00'[39m, [32m'4.33'[39m, [32m'3.37'[39m, [32m'0.00'[39m ]
data rcv RT:[ [32m'0.00'[39m, [32m'4.32'[39m, [32m'3.36'[39m, [32m'0.00'[39m ]
data rcv RT:[ [32m'0.00'[39m, [32m'4.31'[39m, [32m'3.40'[39m, [32m'0.02'[39m ]
data rcv RT:[ [32m'0.00'[39m, [32m'4.33'[39m, [32m'3.38'[39m, [32m'0.04'[39m ]
data rcv RT:[ [32m'0.00'[39m, [32m'4.36'[39m, [32m'3.39'[39m, [32m'0.02'[39m ]
data rcv RT:[ [32m'0.00'[39m, [32m'4.36'[39m, [32m'3.44'[39m, [32m'0.00'[39m ]
data rcv RT:[ [32m'0.00'[39m, [32m'4.38'[39m, [32m'3.42'[39m, [32m'0.00'[39m ]
data rcv RT:[ [32m'0.00'[39m, [32m'4.31'[39m, [32m'3.44'[39m, [32m'0.00'[39m ]
data rcv RT:[ [32m'0.00'[39m, [32m'4.34'[39m, [32m'3.41'[39m, [32m'0.00'[39m ]
data rcv RT:[ [32m'0.00'[39m, [32m'4.31'[39m, [32m'3.42'[39m, [32m'0.00'[39m ]
data rcv RT:[ [32m'0.00'[39m, [32m'4.33'[39m, [32m'3.42'[39m, [32m'0.00'[39m ]
data rcv RT:[ [32m'0.00'[39m, [32m'4.27'[39m, [32m'3.43'[39m, [32m'0.00'[39m ]
data rcv RT:[ [32m'0.00'[39m, [32m'4.31'[39m, [32m'3.44'[39m, [32m'0.00'[39m ]
data rcv RT:[ [32m'0.00'[39m, [32m'4.28'[39m, [32m'3.43'[39m, [32m'0.00'[39m ]
data rcv RT:[ [32m'0.00'[39m, [32m'4.26'[39m, [32m'3.41'[39m, [32m'0.00'[39m ]
data rcv RT:[ [32m'0.00'[39m, [32m'4.27'[39m, [32m'3.39'[39m, [32m'0.00'[39m ]
data rcv RT:[ [32m'0.00'[39m, [32m'4.28'[39m, [32m'3.38'[39m, [32m'0.00'[39m ]
data rcv RT:[ [32m'0.00'[39m, [32m'4.25'[39m, [32m'3.39'[39m, [32m'0.00'[39m ]
data rcv RT:[ [32m'0.00'[39m, [32m'4.26'[39m, [32m'3.38'[39m, [32m'0.00'[39m ]
data rcv RT:[ [32m'0.00'[39m, [32m'4.28'[39m, [32m'3.39'[39m, [32m'0.00'[39m ]
data rcv RT:[ [32m'0.00'[39m, [32m'4.29'[39m, [32m'3.38'[39m, [32m'0.00'[39m ]
data rcv RT:[ [32m'0.00'[39m, [32m'4.34'[39m, [32m'3.38'[39m, [32m'0.01'[39m ]
data rcv RT:[ [32m'0.00'[39m, [32m'4.37'[39m, [32m'3.39'[39m, [32m'0.02'[39m ]
data rcv RT:[ [32m'0.00'[39m, [32m'4.36'[39m, [32m'3.41'[39m, [32m'0.00'[39m ]
data rcv RT:[ [32m'0.00'[39m, [32m'4.37'[39m, [32m'3.38'[39m, [32m'0.01'[39m ]
data rcv RT:[ [32m'0.00'[39m, [32m'4.35'[39m, [32m'3.40'[39m, [32m'0.00'[39m ]
data rcv RT:[ [32m'0.00'[39m, [32m'4.34'[39m, [32m'3.43'[39m, [32m'0.00'[39m ]
data rcv RT:[ [32m'0.00'[39m, [32m'4.32'[39m, [32m'3.42'[39m, [32m'0.00'[39m ]
data rcv RT:[ [32m'0.00'[39m, [32m'4.31'[39m, [32m'3.43'[39m, [32m'0.00'[39m ]
data rcv RT:[ [32m'0.00'[39m, [32m'4.29'[39m, [32m'3.42'[39m, [32m'0.00'[39m ]
data rcv RT:[ [32m'0.00'[39m, [32m'4.26'[39m, [32m'3.42'[39m, [32m'0.00'[39m ]
data rcv RT:[ [32m'0.00'[39m, [32m'4.26'[39m, [32m'3.42'[39m, [32m'0.00'[39m ]
data rcv RT:[ [32m'0.00'[39m, [32m'4.27'[39m, [32m'3.41'[39m, [32m'0.00'[39m ]
data rcv RT:[ [32m'0.00'[39m, [32m'4.25'[39m, [32m'3.39'[39m, [32m'0.00'[39m ]
data rcv RT:[ [32m'0.00'[39m, [32m'4.25'[39m, [32m'3.40'[39m, [32m'0.00'[39m ]
data rcv RT:[ [32m'0.00'[39m, [32m'4.27'[39m, [32m'3.38'[39m, [32m'0.00'[39m ]
data rcv RT:[ [32m'0.00'[39m, [32m'4.33'[39m, [32m'3.39'[39m, [32m'0.00'[39m ]
data rcv RT:[ [32m'0.00'[39m, [32m'4.33'[39m, [32m'3.37'[39m, [32m'0.04'[39m ]
data rcv RT:[ [32m'0.00'[39m, [32m'4.35'[39m, [32m'3.39'[39m, [32m'0.01'[39m ]
data rcv RT:[ [32m'0.00'[39m, [32m'4.36'[39m, [32m'3.35'[39m, [32m'0.03'[39m ]
data rcv RT:[ [32m'0.00'[39m, [32m'4.34'[39m, [32m'3.40'[39m, [32m'0.01'[39m ]
data rcv RT:[ [32m'0.00'[39m, [32m'4.37'[39m, [32m'3.41'[39m, [32m'0.01'[39m ]
data rcv RT:[ [32m'0.00'[39m, [32m'4.37'[39m, [32m'3.41'[39m, [32m'0.00'[39m ]
data rcv RT:[ [32m'0.00'[39m, [32m'4.34'[39m, [32m'3.43'[39m, [32m'0.00'[39m ]
data rcv RT:[ [32m'0.00'[39m, [32m'4.32'[39m, [32m'3.44'[39m, [32m'0.00'[39m ]
data rcv RT:[ [32m'0.00'[39m, [32m'4.30'[39m, [32m'3.46'[39m, [32m'0.00'[39m ]
data rcv RT:[ [32m'0.00'[39m, [32m'4.26'[39m, [32m'3.40'[39m, [32m'0.00'[39m ]
data rcv RT:[ [32m'0.00'[39m, [32m'4.29'[39m, [32m'3.44'[39m, [32m'0.00'[39m ]
data rcv RT:[ [32m'0.00'[39m, [32m'4.27'[39m, [32m'3.38'[39m, [32m'0.00'[39m ]
data rcv RT:[ [32m'0.00'[39m, [32m'4.26'[39m, [32m'3.40'[39m, [32m'0.00'[39m ]
data rcv RT:[ [32m'0.00'[39m, [32m'4.28'[39m, [32m'3.39'[39m, [32m'0.00'[39m ]
data rcv RT:[ [32m'0.00'[39m, [32m'4.29'[39m, [32m'3.37'[39m, [32m'0.00'[39m ]
data rcv RT:[ [32m'0.00'[39m, [32m'4.31'[39m, [32m'3.37'[39m, [32m'0.01'[39m ]
data rcv RT:[ [32m'0.00'[39m, [32m'4.34'[39m, [32m'3.38'[39m, [32m'0.02'[39m ]
data rcv RT:[ [32m'0.00'[39m, [32m'4.38'[39m, [32m'3.39'[39m, [32m'0.03'[39m ]
data rcv RT:[ [32m'0.00'[39m, [32m'4.33'[39m, [32m'3.39'[39m, [32m'0.01'[39m ]
data rcv RT:[ [32m'0.00'[39m, [32m'4.38'[39m, [32m'3.39'[39m, [32m'0.01'[39m ]
data rcv RT:[ [32m'0.00'[39m, [32m'4.37'[39m, [32m'3.41'[39m, [32m'0.00'[39m ]
data rcv RT:[ [32m'0.00'[39m, [32m'4.34'[39m, [32m'3.44'[39m, [32m'0.00'[39m ]
data rcv RT:[ [32m'0.00'[39m, [32m'4.35'[39m, [32m'3.42'[39m, [32m'0.00'[39m ]
data rcv RT:[ [32m'0.00'[39m, [32m'4.32'[39m, [32m'3.45'[39m, [32m'0.00'[39m ]
data rcv RT:[ [32m'0.00'[39m, [32m'4.32'[39m, [32m'3.44'[39m, [32m'0.00'[39m ]
data rcv RT:[ [32m'0.00'[39m, [32m'4.33'[39m, [32m'3.43'[39m, [32m'0.00'[39m ]
data rcv RT:[ [32m'0.00'[39m, [32m'4.30'[39m, [32m'3.43'[39m, [32m'0.00'[39m ]
data rcv RT:[ [32m'0.00'[39m, [32m'4.26'[39m, [32m'3.38'[39m, [32m'0.00'[39m ]
data rcv RT:[ [32m'0.00'[39m, [32m'4.32'[39m, [32m'3.36'[39m, [32m'0.00'[39m ]
data rcv RT:[ [32m'0.00'[39m, [32m'4.32'[39m, [32m'3.38'[39m, [32m'0.01'[39m ]
data rcv RT:[ [32m'0.00'[39m, [32m'4.35'[39m, [32m'3.38'[39m, [32m'0.01'[39m ]
data rcv RT:[ [32m'0.00'[39m, [32m'4.33'[39m, [32m'3.38'[39m, [32m'0.03'[39m ]
data rcv RT:[ [32m'0.00'[39m, [32m'4.37'[39m, [32m'3.42'[39m, [32m'0.00'[39m ]
data rcv RT:[ [32m'0.00'[39m, [32m'4.36'[39m, [32m'3.42'[39m, [32m'0.00'[39m ]
data rcv RT:[ [32m'0.00'[39m, [32m'4.34'[39m, [32m'3.42'[39m, [32m'0.00'[39m ]
data rcv RT:[ [32m'0.00'[39m, [32m'4.34'[39m, [32m'3.40'[39m, [32m'0.00'[39m ]
data rcv RT:[ [32m'0.00'[39m, [32m'4.29'[39m, [32m'3.43'[39m, [32m'0.00'[39m ]
data rcv RT:[ [32m'0.00'[39m, [32m'4.28'[39m, [32m'3.43'[39m, [32m'0.00'[39m ]
data rcv RT:[ [32m'0.00'[39m, [32m'4.25'[39m, [32m'3.39'[39m, [32m'0.00'[39m ]
data rcv RT:[ [32m'0.00'[39m, [32m'4.27'[39m, [32m'3.38'[39m, [32m'0.00'[39m ]
data rcv RT:[ [32m'0.00'[39m, [32m'4.31'[39m, [32m'3.38'[39m, [32m'0.00'[39m ]
data rcv RT:[ [32m'0.00'[39m, [32m'4.34'[39m, [32m'3.38'[39m, [32m'0.00'[39m ]
data rcv RT:[ [32m'0.00'[39m, [32m'4.33'[39m, [32m'3.38'[39m, [32m'0.01'[39m ]
data rcv RT:[ [32m'0.00'[39m, [32m'4.35'[39m, [32m'3.38'[39m, [32m'0.02'[39m ]
data rcv RT:[ [32m'0.00'[39m, [32m'4.34'[39m, [32m'3.40'[39m, [32m'0.02'[39m ]
data rcv RT:[ [32m'0.00'[39m, [32m'4.37'[39m, [32m'3.40'[39m, [32m'0.00'[39m ]
data rcv RT:[ [32m'0.00'[39m, [32m'4.28'[39m, [32m'3.40'[39m, [32m'0.00'[39m ]
data rcv RT:[ [32m'0.00'[39m, [32m'4.28'[39m, [32m'3.38'[39m, [32m'0.00'[39m ]
data rcv RT:[ [32m'0.00'[39m, [32m'4.32'[39m, [32m'3.38'[39m, [32m'0.00'[39m ]
data rcv RT:[ [32m'0.00'[39m, [32m'4.32'[39m, [32m'3.39'[39m, [32m'0.00'[39m ]
data rcv RT:[ [32m'0.00'[39m, [32m'4.35'[39m, [32m'3.36'[39m, [32m'0.02'[39m ]
data rcv RT:[ [32m'0.00'[39m, [32m'4.35'[39m, [32m'3.38'[39m, [32m'0.00'[39m ]
data rcv RT:[ [32m'0.00'[39m, [32m'4.35'[39m, [32m'3.39'[39m, [32m'0.00'[39m ]
data rcv RT:[ [32m'0.00'[39m, [32m'4.35'[39m, [32m'3.42'[39m, [32m'0.00'[39m ]
data rcv RT:[ [32m'0.00'[39m, [32m'4.34'[39m, [32m'3.43'[39m, [32m'0.00'[39m ]
data rcv RT:[ [32m'0.00'[39m, [32m'4.32'[39m, [32m'3.42'[39m, [32m'0.00'[39m ]
data rcv RT:[ [32m'0.00'[39m, [32m'4.31'[39m, [32m'3.44'[39m, [32m'0.00'[39m ]
data rcv RT:[ [32m'0.00'[39m, [32m'4.24'[39m, [32m'3.42'[39m, [32m'0.00'[39m ]
data rcv RT:[ [32m'0.00'[39m, [32m'4.26'[39m, [32m'3.42'[39m, [32m'0.00'[39m ]
data rcv RT:[ [32m'0.00'[39m, [32m'4.30'[39m, [32m'3.41'[39m, [32m'0.00'[39m ]
data rcv RT:[ [32m'0.00'[39m, [32m'4.28'[39m, [32m'3.37'[39m, [32m'0.00'[39m ]
data rcv RT:[ [32m'0.00'[39m, [32m'4.33'[39m, [32m'3.38'[39m, [32m'0.01'[39m ]
data rcv RT:[ [32m'0.00'[39m, [32m'4.33'[39m, [32m'3.36'[39m, [32m'0.01'[39m ]
data rcv RT:[ [32m'0.00'[39m, [32m'4.33'[39m, [32m'3.37'[39m, [32m'0.03'[39m ]
data rcv RT:[ [32m'0.00'[39m, [32m'4.38'[39m, [32m'3.38'[39m, [32m'0.00'[39m ]
data rcv RT:[ [32m'0.00'[39m, [32m'4.38'[39m, [32m'3.40'[39m, [32m'0.02'[39m ]
data rcv RT:[ [32m'0.00'[39m, [32m'4.37'[39m, [32m'3.42'[39m, [32m'0.00'[39m ]
data rcv RT:[ [32m'0.00'[39m, [32m'4.33'[39m, [32m'3.40'[39m, [32m'0.00'[39m ]
data rcv RT:[ [32m'0.00'[39m, [32m'4.30'[39m, [32m'3.45'[39m, [32m'0.00'[39m ]
data rcv RT:[ [32m'0.00'[39m, [32m'4.31'[39m, [32m'3.42'[39m, [32m'0.00'[39m ]
data rcv RT:[ [32m'0.00'[39m, [32m'4.31'[39m, [32m'3.41'[39m, [32m'0.00'[39m ]
data rcv RT:[ [32m'0.00'[39m, [32m'4.27'[39m, [32m'3.38'[39m, [32m'0.00'[39m ]
data rcv RT:[ [32m'0.00'[39m, [32m'4.30'[39m, [32m'3.39'[39m, [32m'0.00'[39m ]
data rcv RT:[ [32m'0.00'[39m, [32m'4.29'[39m, [32m'3.38'[39m, [32m'0.00'[39m ]
data rcv RT:[ [32m'0.00'[39m, [32m'4.33'[39m, [32m'3.38'[39m, [32m'0.01'[39m ]
data rcv RT:[ [32m'0.00'[39m, [32m'4.33'[39m, [32m'3.37'[39m, [32m'0.02'[39m ]
data rcv RT:[ [32m'0.00'[39m, [32m'4.37'[39m, [32m'3.39'[39m, [32m'0.00'[39m ]
data rcv RT:[ [32m'0.00'[39m, [32m'4.40'[39m, [32m'3.42'[39m, [32m'0.00'[39m ]
data rcv RT:[ [32m'0.00'[39m, [32m'4.34'[39m, [32m'3.42'[39m, [32m'0.00'[39m ]
data rcv RT:[ [32m'0.00'[39m, [32m'4.33'[39m, [32m'3.43'[39m, [32m'0.00'[39m ]
data rcv RT:[ [32m'0.00'[39m, [32m'4.28'[39m, [32m'3.44'[39m, [32m'0.00'[39m ]
data rcv RT:[ [32m'0.00'[39m, [32m'4.29'[39m, [32m'3.41'[39m, [32m'0.00'[39m ]
data rcv RT:[ [32m'0.00'[39m, [32m'4.28'[39m, [32m'3.42'[39m, [32m'0.00'[39m ]
data rcv RT:[ [32m'0.00'[39m, [32m'4.27'[39m, [32m'3.40'[39m, [32m'0.00'[39m ]
data rcv RT:[ [32m'0.00'[39m, [32m'4.29'[39m, [32m'3.38'[39m, [32m'0.00'[39m ]
data rcv RT:[ [32m'0.00'[39m, [32m'4.29'[39m, [32m'3.39'[39m, [32m'0.00'[39m ]
data rcv RT:[ [32m'0.00'[39m, [32m'4.33'[39m, [32m'3.38'[39m, [32m'0.04'[39m ]
data rcv RT:[ [32m'0.00'[39m, [32m'4.34'[39m, [32m'3.39'[39m, [32m'0.03'[39m ]
data rcv RT:[ [32m'0.00'[39m, [32m'4.37'[39m, [32m'3.36'[39m, [32m'0.04'[39m ]
data rcv RT:[ [32m'0.00'[39m, [32m'4.35'[39m, [32m'3.41'[39m, [32m'0.00'[39m ]
data rcv RT:[ [32m'0.00'[39m, [32m'4.36'[39m, [32m'3.41'[39m, [32m'0.00'[39m ]
data rcv RT:[ [32m'0.00'[39m, [32m'4.34'[39m, [32m'3.44'[39m, [32m'0.00'[39m ]
data rcv RT:[ [32m'0.00'[39m, [32m'4.30'[39m, [32m'3.42'[39m, [32m'0.00'[39m ]
data rcv RT:[ [32m'0.00'[39m, [32m'4.30'[39m, [32m'3.40'[39m, [32m'0.00'[39m ]
data rcv RT:[ [32m'0.00'[39m, [32m'4.28'[39m, [32m'3.40'[39m, [32m'0.00'[39m ]
data rcv RT:[ [32m'0.00'[39m, [32m'4.29'[39m, [32m'3.37'[39m, [32m'0.00'[39m ]
data rcv RT:[ [32m'0.00'[39m, [32m'4.30'[39m, [32m'3.36'[39m, [32m'0.00'[39m ]
data rcv RT:[ [32m'0.00'[39m, [32m'4.30'[39m, [32m'3.39'[39m, [32m'0.01'[39m ]
data rcv RT:[ [32m'0.00'[39m, [32m'4.35'[39m, [32m'3.39'[39m, [32m'0.03'[39m ]
data rcv RT:[ [32m'0.00'[39m, [32m'4.35'[39m, [32m'3.37'[39m, [32m'0.04'[39m ]
data rcv RT:[ [32m'0.00'[39m, [32m'4.36'[39m, [32m'3.38'[39m, [32m'0.02'[39m ]
data rcv RT:[ [32m'0.00'[39m, [32m'4.35'[39m, [32m'3.41'[39m, [32m'0.00'[39m ]
data rcv RT:[ [32m'0.00'[39m, [32m'4.33'[39m, [32m'3.42'[39m, [32m'0.00'[39m ]
data rcv RT:[ [32m'0.00'[39m, [32m'4.31'[39m, [32m'3.44'[39m, [32m'0.00'[39m ]
data rcv RT:[ [32m'0.00'[39m, [32m'4.32'[39m, [32m'3.45'[39m, [32m'0.00'[39m ]
data rcv RT:[ [32m'0.00'[39m, [32m'4.31'[39m, [32m'3.41'[39m, [32m'0.00'[39m ]
data rcv RT:[ [32m'0.00'[39m, [32m'4.31'[39m, [32m'3.41'[39m, [32m'0.00'[39m ]
data rcv RT:[ [32m'0.00'[39m, [32m'4.27'[39m, [32m'3.40'[39m, [32m'0.00'[39m ]
data rcv RT:[ [32m'0.00'[39m, [32m'4.28'[39m, [32m'3.37'[39m, [32m'0.00'[39m ]
data rcv RT:[ [32m'0.00'[39m, [32m'4.26'[39m, [32m'3.38'[39m, [32m'0.00'[39m ]
data rcv RT:[ [32m'0.00'[39m, [32m'4.32'[39m, [32m'3.38'[39m, [32m'0.01'[39m ]
data rcv RT:[ [32m'0.00'[39m, [32m'4.32'[39m, [32m'3.38'[39m, [32m'0.01'[39m ]
data rcv RT:[ [32m'0.00'[39m, [32m'4.35'[39m, [32m'3.35'[39m, [32m'0.02'[39m ]
data rcv RT:[ [32m'0.00'[39m, [32m'4.37'[39m, [32m'3.40'[39m, [32m'0.00'[39m ]
data rcv RT:[ [32m'0.00'[39m, [32m'4.36'[39m, [32m'3.40'[39m, [32m'0.00'[39m ]
data rcv RT:[ [32m'0.00'[39m, [32m'4.34'[39m, [32m'3.43'[39m, [32m'0.00'[39m ]
data rcv RT:[ [32m'0.00'[39m, [32m'4.32'[39m, [32m'3.42'[39m, [32m'0.00'[39m ]
data rcv RT:[ [32m'0.00'[39m, [32m'4.30'[39m, [32m'3.45'[39m, [32m'0.00'[39m ]
data rcv RT:[ [32m'0.00'[39m, [32m'4.30'[39m, [32m'3.42'[39m, [32m'0.00'[39m ]
data rcv RT:[ [32m'0.00'[39m, [32m'4.27'[39m, [32m'3.44'[39m, [32m'0.00'[39m ]
data rcv RT:[ [32m'0.00'[39m, [32m'4.28'[39m, [32m'3.37'[39m, [32m'0.00'[39m ]
data rcv RT:[ [32m'0.00'[39m, [32m'4.29'[39m, [32m'3.39'[39m, [32m'0.00'[39m ]
data rcv RT:[ [32m'0.00'[39m, [32m'4.27'[39m, [32m'3.40'[39m, [32m'0.00'[39m ]
data rcv RT:[ [32m'0.00'[39m, [32m'4.33'[39m, [32m'3.39'[39m, [32m'0.01'[39m ]
data rcv RT:[ [32m'0.00'[39m, [32m'4.34'[39m, [32m'3.38'[39m, [32m'0.04'[39m ]
data rcv RT:[ [32m'0.00'[39m, [32m'4.38'[39m, [32m'3.40'[39m, [32m'0.03'[39m ]
data rcv RT:[ [32m'0.00'[39m, [32m'4.38'[39m, [32m'3.38'[39m, [32m'0.01'[39m ]
data rcv RT:[ [32m'0.00'[39m, [32m'4.36'[39m, [32m'3.41'[39m, [32m'0.00'[39m ]
data rcv RT:[ [32m'0.00'[39m, [32m'4.32'[39m, [32m'3.41'[39m, [32m'0.00'[39m ]
data rcv RT:[ [32m'0.00'[39m, [32m'4.33'[39m, [32m'3.41'[39m, [32m'0.00'[39m ]
data rcv RT:[ [32m'0.00'[39m, [32m'4.30'[39m, [32m'3.42'[39m, [32m'0.00'[39m ]
data rcv RT:[ [32m'0.00'[39m, [32m'4.30'[39m, [32m'3.41'[39m, [32m'0.00'[39m ]
data rcv RT:[ [32m'0.00'[39m, [32m'4.26'[39m, [32m'3.39'[39m, [32m'0.00'[39m ]
data rcv RT:[ [32m'0.00'[39m, [32m'4.28'[39m, [32m'3.39'[39m, [32m'0.00'[39m ]
data rcv RT:[ [32m'0.00'[39m, [32m'4.29'[39m, [32m'3.38'[39m, [32m'0.00'[39m ]
data rcv RT:[ [32m'0.00'[39m, [32m'4.29'[39m, [32m'3.39'[39m, [32m'0.00'[39m ]
data rcv RT:[ [32m'0.00'[39m, [32m'4.32'[39m, [32m'3.39'[39m, [32m'0.01'[39m ]
data rcv RT:[ [32m'0.00'[39m, [32m'4.33'[39m, [32m'3.38'[39m, [32m'0.00'[39m ]
data rcv RT:[ [32m'0.00'[39m, [32m'4.37'[39m, [32m'3.43'[39m, [32m'0.00'[39m ]
data rcv RT:[ [32m'0.00'[39m, [32m'4.38'[39m, [32m'3.42'[39m, [32m'0.00'[39m ]
data rcv RT:[ [32m'0.00'[39m, [32m'4.35'[39m, [32m'3.43'[39m, [32m'0.00'[39m ]
data rcv RT:[ [32m'0.00'[39m, [32m'4.33'[39m, [32m'3.41'[39m, [32m'0.00'[39m ]
data rcv RT:[ [32m'0.00'[39m, [32m'4.32'[39m, [32m'3.40'[39m, [32m'0.00'[39m ]
data rcv RT:[ [32m'0.00'[39m, [32m'4.30'[39m, [32m'3.42'[39m, [32m'0.00'[39m ]
data rcv RT:[ [32m'0.00'[39m, [32m'4.30'[39m, [32m'3.45'[39m, [32m'0.00'[39m ]
data rcv RT:[ [32m'0.00'[39m, [32m'4.27'[39m, [32m'3.40'[39m, [32m'0.00'[39m ]
data rcv RT:[ [32m'0.00'[39m, [32m'4.26'[39m, [32m'3.37'[39m, [32m'0.00'[39m ]
data rcv RT:[ [32m'0.00'[39m, [32m'4.27'[39m, [32m'3.38'[39m, [32m'0.00'[39m ]
data rcv RT:[ [32m'0.00'[39m, [32m'4.29'[39m, [32m'3.37'[39m, [32m'0.00'[39m ]
data rcv RT:[ [32m'0.00'[39m, [32m'4.30'[39m, [32m'3.40'[39m, [32m'0.00'[39m ]
data rcv RT:[ [32m'0.00'[39m, [32m'4.34'[39m, [32m'3.37'[39m, [32m'0.01'[39m ]
data rcv RT:[ [32m'0.00'[39m, [32m'4.35'[39m, [32m'3.37'[39m, [32m'0.03'[39m ]
data rcv RT:[ [32m'0.00'[39m, [32m'4.37'[39m, [32m'3.40'[39m, [32m'0.02'[39m ]
data rcv RT:[ [32m'0.00'[39m, [32m'4.39'[39m, [32m'3.42'[39m, [32m'0.01'[39m ]
data rcv RT:[ [32m'0.00'[39m, [32m'4.34'[39m, [32m'3.42'[39m, [32m'0.00'[39m ]
data rcv RT:[ [32m'0.00'[39m, [32m'4.32'[39m, [32m'3.42'[39m, [32m'0.00'[39m ]
data rcv RT:[ [32m'0.00'[39m, [32m'4.31'[39m, [32m'3.43'[39m, [32m'0.00'[39m ]
data rcv RT:[ [32m'0.00'[39m, [32m'4.33'[39m, [32m'3.44'[39m, [32m'0.00'[39m ]
data rcv RT:[ [32m'0.00'[39m, [32m'4.31'[39m, [32m'3.41'[39m, [32m'0.00'[39m ]
data rcv RT:[ [32m'0.00'[39m, [32m'4.30'[39m, [32m'3.47'[39m, [32m'0.00'[39m ]
data rcv RT:[ [32m'0.00'[39m, [32m'4.28'[39m, [32m'3.38'[39m, [32m'0.00'[39m ]
data rcv RT:[ [32m'0.00'[39m, [32m'4.28'[39m, [32m'3.40'[39m, [32m'0.00'[39m ]
data rcv RT:[ [32m'0.00'[39m, [32m'4.27'[39m, [32m'3.40'[39m, [32m'0.00'[39m ]
data rcv RT:[ [32m'0.00'[39m, [32m'4.28'[39m, [32m'3.39'[39m, [32m'0.00'[39m ]
data rcv RT:[ [32m'0.00'[39m, [32m'4.30'[39m, [32m'3.38'[39m, [32m'0.00'[39m ]
data rcv RT:[ [32m'0.00'[39m, [32m'4.30'[39m, [32m'3.38'[39m, [32m'0.01'[39m ]
data rcv RT:[ [32m'0.00'[39m, [32m'4.29'[39m, [32m'3.39'[39m, [32m'0.00'[39m ]
data rcv RT:[ [32m'0.00'[39m, [32m'4.34'[39m, [32m'3.38'[39m, [32m'0.01'[39m ]
data rcv RT:[ [32m'0.00'[39m, [32m'4.38'[39m, [32m'3.38'[39m, [32m'0.04'[39m ]
data rcv RT:[ [32m'0.00'[39m, [32m'4.37'[39m, [32m'3.37'[39m, [32m'0.02'[39m ]
data rcv RT:[ [32m'0.00'[39m, [32m'4.35'[39m, [32m'3.42'[39m, [32m'0.00'[39m ]
data rcv RT:[ [32m'0.00'[39m, [32m'4.35'[39m, [32m'3.41'[39m, [32m'0.00'[39m ]
data rcv RT:[ [32m'0.00'[39m, [32m'4.33'[39m, [32m'3.45'[39m, [32m'0.00'[39m ]
data rcv RT:[ [32m'0.00'[39m, [32m'4.32'[39m, [32m'3.41'[39m, [32m'0.00'[39m ]
data rcv RT:[ [32m'0.00'[39m, [32m'4.31'[39m, [32m'3.44'[39m, [32m'0.00'[39m ]
data rcv RT:[ [32m'0.00'[39m, [32m'4.30'[39m, [32m'3.45'[39m, [32m'0.00'[39m ]
data rcv RT:[ [32m'0.00'[39m, [32m'4.31'[39m, [32m'3.45'[39m, [32m'0.00'[39m ]
data rcv RT:[ [32m'0.00'[39m, [32m'4.26'[39m, [32m'3.40'[39m, [32m'0.00'[39m ]
data rcv RT:[ [32m'0.00'[39m, [32m'4.24'[39m, [32m'3.42'[39m, [32m'0.00'[39m ]
data rcv RT:[ [32m'0.00'[39m, [32m'4.25'[39m, [32m'3.39'[39m, [32m'0.00'[39m ]
data rcv RT:[ [32m'0.00'[39m, [32m'4.27'[39m, [32m'3.38'[39m, [32m'0.00'[39m ]
data rcv RT:[ [32m'0.00'[39m, [32m'4.28'[39m, [32m'3.39'[39m, [32m'0.00'[39m ]
data rcv RT:[ [32m'0.00'[39m, [32m'4.30'[39m, [32m'3.38'[39m, [32m'0.00'[39m ]
data rcv RT:[ [32m'0.00'[39m, [32m'4.32'[39m, [32m'3.37'[39m, [32m'0.01'[39m ]
data rcv RT:[ [32m'0.00'[39m, [32m'4.34'[39m, [32m'3.37'[39m, [32m'0.01'[39m ]
data rcv RT:[ [32m'0.00'[39m, [32m'4.34'[39m, [32m'3.38'[39m, [32m'0.02'[39m ]
data rcv RT:[ [32m'0.00'[39m, [32m'4.38'[39m, [32m'3.39'[39m, [32m'0.00'[39m ]
data rcv RT:[ [32m'0.00'[39m, [32m'4.38'[39m, [32m'3.39'[39m, [32m'0.03'[39m ]
data rcv RT:[ [32m'0.00'[39m, [32m'4.35'[39m, [32m'3.42'[39m, [32m'0.00'[39m ]
data rcv RT:[ [32m'0.00'[39m, [32m'4.34'[39m, [32m'3.43'[39m, [32m'0.00'[39m ]
data rcv RT:[ [32m'0.00'[39m, [32m'4.31'[39m, [32m'3.43'[39m, [32m'0.00'[39m ]
data rcv RT:[ [32m'0.00'[39m, [32m'4.32'[39m, [32m'3.43'[39m, [32m'0.00'[39m ]
data rcv RT:[ [32m'0.00'[39m, [32m'4.30'[39m, [32m'3.43'[39m, [32m'0.00'[39m ]
data rcv RT:[ [32m'0.00'[39m, [32m'4.28'[39m, [32m'3.40'[39m, [32m'0.00'[39m ]
data rcv RT:[ [32m'0.00'[39m, [32m'4.25'[39m, [32m'3.40'[39m, [32m'0.00'[39m ]
data rcv RT:[ [32m'0.00'[39m, [32m'4.26'[39m, [32m'3.40'[39m, [32m'0.00'[39m ]
data rcv RT:[ [32m'0.00'[39m, [32m'4.26'[39m, [32m'3.37'[39m, [32m'0.00'[39m ]
data rcv RT:[ [32m'0.00'[39m, [32m'4.28'[39m, [32m'3.38'[39m, [32m'0.00'[39m ]
data rcv RT:[ [32m'0.00'[39m, [32m'4.32'[39m, [32m'3.35'[39m, [32m'0.00'[39m ]
data rcv RT:[ [32m'0.00'[39m, [32m'4.32'[39m, [32m'3.36'[39m, [32m'0.01'[39m ]
data rcv RT:[ [32m'0.00'[39m, [32m'4.33'[39m, [32m'3.40'[39m, [32m'0.01'[39m ]
data rcv RT:[ [32m'0.00'[39m, [32m'4.37'[39m, [32m'3.41'[39m, [32m'0.00'[39m ]
data rcv RT:[ [32m'0.00'[39m, [32m'4.36'[39m, [32m'3.39'[39m, [32m'0.01'[39m ]
data rcv RT:[ [32m'0.00'[39m, [32m'4.36'[39m, [32m'3.42'[39m, [32m'0.00'[39m ]
data rcv RT:[ [32m'0.00'[39m, [32m'4.33'[39m, [32m'3.43'[39m, [32m'0.00'[39m ]
data rcv RT:[ [32m'0.00'[39m, [32m'4.30'[39m, [32m'3.44'[39m, [32m'0.00'[39m ]
data rcv RT:[ [32m'0.00'[39m, [32m'4.32'[39m, [32m'3.41'[39m, [32m'0.00'[39m ]
data rcv RT:[ [32m'0.00'[39m, [32m'4.27'[39m, [32m'3.46'[39m, [32m'0.00'[39m ]
data rcv RT:[ [32m'0.00'[39m, [32m'4.28'[39m, [32m'3.40'[39m, [32m'0.00'[39m ]
data rcv RT:[ [32m'0.00'[39m, [32m'4.26'[39m, [32m'3.39'[39m, [32m'0.00'[39m ]
data rcv RT:[ [32m'0.00'[39m, [32m'4.29'[39m, [32m'3.38'[39m, [32m'0.00'[39m ]
data rcv RT:[ [32m'0.00'[39m, [32m'4.30'[39m, [32m'3.38'[39m, [32m'0.00'[39m ]
data rcv RT:[ [32m'0.00'[39m, [32m'4.31'[39m, [32m'3.39'[39m, [32m'0.01'[39m ]
data rcv RT:[ [32m'0.00'[39m, [32m'4.35'[39m, [32m'3.38'[39m, [32m'0.01'[39m ]
data rcv RT:[ [32m'0.00'[39m, [32m'4.36'[39m, [32m'3.40'[39m, [32m'0.01'[39m ]
data rcv RT:[ [32m'0.00'[39m, [32m'4.38'[39m, [32m'3.39'[39m, [32m'0.00'[39m ]
data rcv RT:[ [32m'0.00'[39m, [32m'4.37'[39m, [32m'3.40'[39m, [32m'0.00'[39m ]
data rcv RT:[ [32m'0.00'[39m, [32m'4.37'[39m, [32m'3.41'[39m, [32m'0.00'[39m ]
data rcv RT:[ [32m'0.00'[39m, [32m'4.33'[39m, [32m'3.44'[39m, [32m'0.00'[39m ]
data rcv RT:[ [32m'0.00'[39m, [32m'4.30'[39m, [32m'3.41'[39m, [32m'0.00'[39m ]
data rcv RT:[ [32m'0.00'[39m, [32m'4.31'[39m, [32m'3.43'[39m, [32m'0.00'[39m ]
data rcv RT:[ [32m'0.00'[39m, [32m'4.28'[39m, [32m'3.43'[39m, [32m'0.00'[39m ]
data rcv RT:[ [32m'0.00'[39m, [32m'4.27'[39m, [32m'3.43'[39m, [32m'0.00'[39m ]
data rcv RT:[ [32m'0.00'[39m, [32m'4.27'[39m, [32m'3.40'[39m, [32m'0.00'[39m ]
data rcv RT:[ [32m'0.00'[39m, [32m'4.29'[39m, [32m'3.38'[39m, [32m'0.00'[39m ]
data rcv RT:[ [32m'0.00'[39m, [32m'4.29'[39m, [32m'3.37'[39m, [32m'0.00'[39m ]
data rcv RT:[ [32m'0.00'[39m, [32m'4.32'[39m, [32m'3.38'[39m, [32m'0.02'[39m ]
data rcv RT:[ [32m'0.00'[39m, [32m'4.37'[39m, [32m'3.36'[39m, [32m'0.05'[39m ]
data rcv RT:[ [32m'0.00'[39m, [32m'4.35'[39m, [32m'3.41'[39m, [32m'0.02'[39m ]
data rcv RT:[ [32m'0.00'[39m, [32m'4.38'[39m, [32m'3.38'[39m, [32m'0.02'[39m ]
data rcv RT:[ [32m'0.00'[39m, [32m'4.37'[39m, [32m'3.43'[39m, [32m'0.00'[39m ]
data rcv RT:[ [32m'0.00'[39m, [32m'4.31'[39m, [32m'3.43'[39m, [32m'0.00'[39m ]
data rcv RT:[ [32m'0.00'[39m, [32m'4.31'[39m, [32m'3.43'[39m, [32m'0.00'[39m ]
data rcv RT:[ [32m'0.00'[39m, [32m'4.30'[39m, [32m'3.45'[39m, [32m'0.00'[39m ]
data rcv RT:[ [32m'0.00'[39m, [32m'4.28'[39m, [32m'3.42'[39m, [32m'0.00'[39m ]
data rcv RT:[ [32m'0.00'[39m, [32m'4.27'[39m, [32m'3.39'[39m, [32m'0.00'[39m ]
data rcv RT:[ [32m'0.00'[39m, [32m'4.29'[39m, [32m'3.36'[39m, [32m'0.00'[39m ]
data rcv RT:[ [32m'0.00'[39m, [32m'4.33'[39m, [32m'3.36'[39m, [32m'0.01'[39m ]
data rcv RT:[ [32m'0.00'[39m, [32m'4.34'[39m, [32m'3.37'[39m, [32m'0.02'[39m ]
data rcv RT:[ [32m'0.00'[39m, [32m'4.36'[39m, [32m'3.41'[39m, [32m'0.00'[39m ]
data rcv RT:[ [32m'0.00'[39m, [32m'4.33'[39m, [32m'3.43'[39m, [32m'0.00'[39m ]
data rcv RT:[ [32m'0.00'[39m, [32m'4.31'[39m, [32m'3.41'[39m, [32m'0.00'[39m ]
data rcv RT:[ [32m'0.00'[39m, [32m'4.31'[39m, [32m'3.43'[39m, [32m'0.00'[39m ]
data rcv RT:[ [32m'0.00'[39m, [32m'4.30'[39m, [32m'3.43'[39m, [32m'0.00'[39m ]
data rcv RT:[ [32m'0.00'[39m, [32m'4.28'[39m, [32m'3.42'[39m, [32m'0.00'[39m ]
data rcv RT:[ [32m'0.00'[39m, [32m'4.28'[39m, [32m'3.37'[39m, [32m'0.00'[39m ]
data rcv RT:[ [32m'0.00'[39m, [32m'4.28'[39m, [32m'3.37'[39m, [32m'0.00'[39m ]
data rcv RT:[ [32m'0.00'[39m, [32m'4.30'[39m, [32m'3.37'[39m, [32m'0.00'[39m ]
data rcv RT:[ [32m'0.00'[39m, [32m'4.31'[39m, [32m'3.39'[39m, [32m'0.01'[39m ]
data rcv RT:[ [32m'0.00'[39m, [32m'4.34'[39m, [32m'3.38'[39m, [32m'0.03'[39m ]
data rcv RT:[ [32m'0.00'[39m, [32m'4.36'[39m, [32m'3.39'[39m, [32m'0.01'[39m ]
data rcv RT:[ [32m'0.00'[39m, [32m'4.33'[39m, [32m'3.41'[39m, [32m'0.00'[39m ]
data rcv RT:[ [32m'0.00'[39m, [32m'4.33'[39m, [32m'3.41'[39m, [32m'0.00'[39m ]
data rcv RT:[ [32m'0.00'[39m, [32m'4.30'[39m, [32m'3.42'[39m, [32m'0.00'[39m ]
data rcv RT:[ [32m'0.00'[39m, [32m'4.27'[39m, [32m'3.40'[39m, [32m'0.00'[39m ]
data rcv RT:[ [32m'0.00'[39m, [32m'4.26'[39m, [32m'3.40'[39m, [32m'0.00'[39m ]
data rcv RT:[ [32m'0.00'[39m, [32m'4.29'[39m, [32m'3.39'[39m, [32m'0.00'[39m ]
data rcv RT:[ [32m'0.00'[39m, [32m'4.31'[39m, [32m'3.40'[39m, [32m'0.01'[39m ]
data rcv RT:[ [32m'0.00'[39m, [32m'4.33'[39m, [32m'3.37'[39m, [32m'0.00'[39m ]
data rcv RT:[ [32m'0.00'[39m, [32m'4.34'[39m, [32m'3.37'[39m, [32m'0.00'[39m ]
data rcv RT:[ [32m'0.00'[39m, [32m'4.37'[39m, [32m'3.41'[39m, [32m'0.01'[39m ]
data rcv RT:[ [32m'0.00'[39m, [32m'4.35'[39m, [32m'3.43'[39m, [32m'0.00'[39m ]
data rcv RT:[ [32m'0.00'[39m, [32m'4.37'[39m, [32m'3.42'[39m, [32m'0.00'[39m ]
data rcv RT:[ [32m'0.00'[39m, [32m'4.30'[39m, [32m'3.45'[39m, [32m'0.00'[39m ]
data rcv RT:[ [32m'0.00'[39m, [32m'4.29'[39m, [32m'3.43'[39m, [32m'0.00'[39m ]
data rcv RT:[ [32m'0.00'[39m, [32m'4.28'[39m, [32m'3.42'[39m, [32m'0.00'[39m ]
data rcv RT:[ [32m'0.00'[39m, [32m'4.28'[39m, [32m'3.41'[39m, [32m'0.00'[39m ]
data rcv RT:[ [32m'0.00'[39m, [32m'4.25'[39m, [32m'3.39'[39m, [32m'0.00'[39m ]
data rcv RT:[ [32m'0.00'[39m, [32m'4.31'[39m, [32m'3.37'[39m, [32m'0.00'[39m ]
data rcv RT:[ [32m'0.00'[39m, [32m'4.35'[39m, [32m'3.37'[39m, [32m'0.02'[39m ]
data rcv RT:[ [32m'0.00'[39m, [32m'4.37'[39m, [32m'3.40'[39m, [32m'0.03'[39m ]
data rcv RT:[ [32m'0.00'[39m, [32m'4.36'[39m, [32m'3.41'[39m, [32m'0.00'[39m ]
data rcv RT:[ [32m'0.00'[39m, [32m'4.37'[39m, [32m'3.42'[39m, [32m'0.00'[39m ]
data rcv RT:[ [32m'0.00'[39m, [32m'4.34'[39m, [32m'3.41'[39m, [32m'0.00'[39m ]
data rcv RT:[ [32m'0.00'[39m, [32m'4.33'[39m, [32m'3.44'[39m, [32m'0.00'[39m ]
data rcv RT:[ [32m'0.00'[39m, [32m'4.34'[39m, [32m'3.44'[39m, [32m'0.00'[39m ]
data rcv RT:[ [32m'0.00'[39m, [32m'4.31'[39m, [32m'3.46'[39m, [32m'0.00'[39m ]
data rcv RT:[ [32m'0.00'[39m, [32m'4.26'[39m, [32m'3.41'[39m, [32m'0.00'[39m ]
data rcv RT:[ [32m'0.00'[39m, [32m'4.25'[39m, [32m'3.41'[39m, [32m'0.00'[39m ]
data rcv RT:[ [32m'0.00'[39m, [32m'4.26'[39m, [32m'3.39'[39m, [32m'0.00'[39m ]
data rcv RT:[ [32m'0.00'[39m, [32m'4.32'[39m, [32m'3.37'[39m, [32m'0.01'[39m ]
data rcv RT:[ [32m'0.00'[39m, [32m'4.32'[39m, [32m'3.37'[39m, [32m'0.00'[39m ]
data rcv RT:[ [32m'0.00'[39m, [32m'4.32'[39m, [32m'3.38'[39m, [32m'0.00'[39m ]
data rcv RT:[ [32m'0.00'[39m, [32m'4.38'[39m, [32m'3.42'[39m, [32m'0.00'[39m ]
data rcv RT:[ [32m'0.00'[39m, [32m'4.37'[39m, [32m'3.38'[39m, [32m'0.01'[39m ]
data rcv RT:[ [32m'0.00'[39m, [32m'4.35'[39m, [32m'3.43'[39m, [32m'0.00'[39m ]
data rcv RT:[ [32m'0.00'[39m, [32m'4.32'[39m, [32m'3.41'[39m, [32m'0.00'[39m ]
data rcv RT:[ [32m'0.00'[39m, [32m'4.31'[39m, [32m'3.43'[39m, [32m'0.00'[39m ]
data rcv RT:[ [32m'0.00'[39m, [32m'4.32'[39m, [32m'3.44'[39m, [32m'0.00'[39m ]
data rcv RT:[ [32m'0.00'[39m, [32m'4.27'[39m, [32m'3.40'[39m, [32m'0.00'[39m ]
data rcv RT:[ [32m'0.00'[39m, [32m'4.26'[39m, [32m'3.38'[39m, [32m'0.00'[39m ]
data rcv RT:[ [32m'0.00'[39m, [32m'4.25'[39m, [32m'3.40'[39m, [32m'0.00'[39m ]
data rcv RT:[ [32m'0.00'[39m, [32m'4.30'[39m, [32m'3.39'[39m, [32m'0.00'[39m ]
data rcv RT:[ [32m'0.00'[39m, [32m'4.29'[39m, [32m'3.37'[39m, [32m'0.00'[39m ]
data rcv RT:[ [32m'0.00'[39m, [32m'4.33'[39m, [32m'3.39'[39m, [32m'0.01'[39m ]
data rcv RT:[ [32m'0.00'[39m, [32m'4.35'[39m, [32m'3.37'[39m, [32m'0.02'[39m ]
data rcv RT:[ [32m'0.00'[39m, [32m'4.37'[39m, [32m'3.38'[39m, [32m'0.02'[39m ]
data rcv RT:[ [32m'0.00'[39m, [32m'4.34'[39m, [32m'3.43'[39m, [32m'0.00'[39m ]
data rcv RT:[ [32m'0.00'[39m, [32m'4.31'[39m, [32m'3.44'[39m, [32m'0.00'[39m ]
data rcv RT:[ [32m'0.00'[39m, [32m'4.33'[39m, [32m'3.44'[39m, [32m'0.00'[39m ]
data rcv RT:[ [32m'0.00'[39m, [32m'4.33'[39m, [32m'3.42'[39m, [32m'0.00'[39m ]
data rcv RT:[ [32m'0.00'[39m, [32m'4.28'[39m, [32m'3.45'[39m, [32m'0.00'[39m ]
data rcv RT:[ [32m'0.00'[39m, [32m'4.28'[39m, [32m'3.44'[39m, [32m'0.00'[39m ]
data rcv RT:[ [32m'0.00'[39m, [32m'4.29'[39m, [32m'3.41'[39m, [32m'0.00'[39m ]
data rcv RT:[ [32m'0.00'[39m, [32m'4.28'[39m, [32m'3.40'[39m, [32m'0.00'[39m ]
data rcv RT:[ [32m'0.00'[39m, [32m'4.28'[39m, [32m'3.38'[39m, [32m'0.00'[39m ]
data rcv RT:[ [32m'0.00'[39m, [32m'4.30'[39m, [32m'3.38'[39m, [32m'0.00'[39m ]
data rcv RT:[ [32m'0.00'[39m, [32m'4.27'[39m, [32m'3.39'[39m, [32m'0.00'[39m ]
data rcv RT:[ [32m'0.00'[39m, [32m'4.32'[39m, [32m'3.38'[39m, [32m'0.01'[39m ]
data rcv RT:[ [32m'0.00'[39m, [32m'4.32'[39m, [32m'3.38'[39m, [32m'0.00'[39m ]
data rcv RT:[ [32m'0.00'[39m, [32m'4.34'[39m, [32m'3.37'[39m, [32m'0.02'[39m ]
data rcv RT:[ [32m'0.00'[39m, [32m'4.36'[39m, [32m'3.35'[39m, [32m'0.03'[39m ]
data rcv RT:[ [32m'0.00'[39m, [32m'4.38'[39m, [32m'3.39'[39m, [32m'0.02'[39m ]
data rcv RT:[ [32m'0.00'[39m, [32m'4.35'[39m, [32m'3.42'[39m, [32m'0.00'[39m ]
data rcv RT:[ [32m'0.00'[39m, [32m'4.30'[39m, [32m'3.41'[39m, [32m'0.00'[39m ]
data rcv RT:[ [32m'0.00'[39m, [32m'4.31'[39m, [32m'3.42'[39m, [32m'0.00'[39m ]
data rcv RT:[ [32m'0.00'[39m, [32m'4.30'[39m, [32m'3.44'[39m, [32m'0.00'[39m ]
data rcv RT:[ [32m'0.00'[39m, [32m'4.28'[39m, [32m'3.43'[39m, [32m'0.00'[39m ]
data rcv RT:[ [32m'0.00'[39m, [32m'4.29'[39m, [32m'3.42'[39m, [32m'0.00'[39m ]
data rcv RT:[ [32m'0.00'[39m, [32m'4.26'[39m, [32m'3.40'[39m, [32m'0.00'[39m ]
data rcv RT:[ [32m'0.00'[39m, [32m'4.28'[39m, [32m'3.39'[39m, [32m'0.00'[39m ]
data rcv RT:[ [32m'0.00'[39m, [32m'4.31'[39m, [32m'3.37'[39m, [32m'0.00'[39m ]
data rcv RT:[ [32m'0.00'[39m, [32m'4.31'[39m, [32m'3.38'[39m, [32m'0.00'[39m ]
data rcv RT:[ [32m'0.00'[39m, [32m'4.35'[39m, [32m'3.37'[39m, [32m'0.03'[39m ]
data rcv RT:[ [32m'0.00'[39m, [32m'4.35'[39m, [32m'3.39'[39m, [32m'0.03'[39m ]
data rcv RT:[ [32m'0.00'[39m, [32m'4.38'[39m, [32m'3.39'[39m, [32m'0.00'[39m ]
data rcv RT:[ [32m'0.00'[39m, [32m'4.37'[39m, [32m'3.39'[39m, [32m'0.00'[39m ]
data rcv RT:[ [32m'0.00'[39m, [32m'4.32'[39m, [32m'3.42'[39m, [32m'0.00'[39m ]
data rcv RT:[ [32m'0.00'[39m, [32m'4.31'[39m, [32m'3.42'[39m, [32m'0.00'[39m ]
data rcv RT:[ [32m'0.00'[39m, [32m'4.33'[39m, [32m'3.44'[39m, [32m'0.00'[39m ]
data rcv RT:[ [32m'0.00'[39m, [32m'4.31'[39m, [32m'3.43'[39m, [32m'0.00'[39m ]
data rcv RT:[ [32m'0.00'[39m, [32m'4.30'[39m, [32m'3.41'[39m, [32m'0.00'[39m ]
data rcv RT:[ [32m'0.00'[39m, [32m'4.26'[39m, [32m'3.39'[39m, [32m'0.00'[39m ]
data rcv RT:[ [32m'0.00'[39m, [32m'4.28'[39m, [32m'3.39'[39m, [32m'0.00'[39m ]
data rcv RT:[ [32m'0.00'[39m, [32m'4.29'[39m, [32m'3.38'[39m, [32m'0.00'[39m ]
data rcv RT:[ [32m'0.00'[39m, [32m'4.33'[39m, [32m'3.37'[39m, [32m'0.00'[39m ]
data rcv RT:[ [32m'0.00'[39m, [32m'4.34'[39m, [32m'3.38'[39m, [32m'0.01'[39m ]
data rcv RT:[ [32m'0.00'[39m, [32m'4.35'[39m, [32m'3.38'[39m, [32m'0.02'[39m ]
data rcv RT:[ [32m'0.00'[39m, [32m'4.35'[39m, [32m'3.40'[39m, [32m'0.02'[39m ]
data rcv RT:[ [32m'0.00'[39m, [32m'4.35'[39m, [32m'3.42'[39m, [32m'0.00'[39m ]
data rcv RT:[ [32m'0.00'[39m, [32m'4.32'[39m, [32m'3.44'[39m, [32m'0.00'[39m ]
data rcv RT:[ [32m'0.00'[39m, [32m'4.31'[39m, [32m'3.44'[39m, [32m'0.00'[39m ]
data rcv RT:[ [32m'0.00'[39m, [32m'4.32'[39m, [32m'3.43'[39m, [32m'0.00'[39m ]
data rcv RT:[ [32m'0.00'[39m, [32m'4.30'[39m, [32m'3.44'[39m, [32m'0.00'[39m ]
data rcv RT:[ [32m'0.00'[39m, [32m'4.28'[39m, [32m'3.44'[39m, [32m'0.00'[39m ]
data rcv RT:[ [32m'0.00'[39m, [32m'4.28'[39m, [32m'3.43'[39m, [32m'0.00'[39m ]
data rcv RT:[ [32m'0.00'[39m, [32m'4.28'[39m, [32m'3.37'[39m, [32m'0.00'[39m ]
data rcv RT:[ [32m'0.00'[39m, [32m'4.30'[39m, [32m'3.37'[39m, [32m'0.00'[39m ]
data rcv RT:[ [32m'0.00'[39m, [32m'4.32'[39m, [32m'3.37'[39m, [32m'0.00'[39m ]
data rcv RT:[ [32m'0.00'[39m, [32m'4.30'[39m, [32m'3.40'[39m, [32m'0.01'[39m ]
data rcv RT:[ [32m'0.00'[39m, [32m'4.34'[39m, [32m'3.38'[39m, [32m'0.00'[39m ]
data rcv RT:[ [32m'0.00'[39m, [32m'4.36'[39m, [32m'3.38'[39m, [32m'0.04'[39m ]
data rcv RT:[ [32m'0.00'[39m, [32m'4.39'[39m, [32m'3.41'[39m, [32m'0.00'[39m ]
data rcv RT:[ [32m'0.00'[39m, [32m'4.33'[39m, [32m'3.43'[39m, [32m'0.00'[39m ]
data rcv RT:[ [32m'0.00'[39m, [32m'4.32'[39m, [32m'3.43'[39m, [32m'0.00'[39m ]
data rcv RT:[ [32m'0.00'[39m, [32m'4.32'[39m, [32m'3.42'[39m, [32m'0.00'[39m ]
data rcv RT:[ [32m'0.00'[39m, [32m'4.29'[39m, [32m'3.41'[39m, [32m'0.00'[39m ]
data rcv RT:[ [32m'0.00'[39m, [32m'4.28'[39m, [32m'3.45'[39m, [32m'0.00'[39m ]
data rcv RT:[ [32m'0.00'[39m, [32m'4.28'[39m, [32m'3.39'[39m, [32m'0.00'[39m ]
data rcv RT:[ [32m'0.00'[39m, [32m'4.25'[39m, [32m'3.42'[39m, [32m'0.00'[39m ]
data rcv RT:[ [32m'0.00'[39m, [32m'4.31'[39m, [32m'3.37'[39m, [32m'0.00'[39m ]
data rcv RT:[ [32m'0.00'[39m, [32m'4.31'[39m, [32m'3.38'[39m, [32m'0.00'[39m ]
data rcv RT:[ [32m'0.00'[39m, [32m'4.34'[39m, [32m'3.36'[39m, [32m'0.02'[39m ]
data rcv RT:[ [32m'0.00'[39m, [32m'4.35'[39m, [32m'3.40'[39m, [32m'0.00'[39m ]
data rcv RT:[ [32m'0.00'[39m, [32m'4.37'[39m, [32m'3.38'[39m, [32m'0.02'[39m ]
data rcv RT:[ [32m'0.00'[39m, [32m'4.37'[39m, [32m'3.41'[39m, [32m'0.00'[39m ]
data rcv RT:[ [32m'0.00'[39m, [32m'4.34'[39m, [32m'3.41'[39m, [32m'0.00'[39m ]
data rcv RT:[ [32m'0.00'[39m, [32m'4.35'[39m, [32m'3.43'[39m, [32m'0.00'[39m ]
data rcv RT:[ [32m'0.00'[39m, [32m'4.30'[39m, [32m'3.41'[39m, [32m'0.00'[39m ]
data rcv RT:[ [32m'0.00'[39m, [32m'4.28'[39m, [32m'3.46'[39m, [32m'0.00'[39m ]
data rcv RT:[ [32m'0.00'[39m, [32m'4.28'[39m, [32m'3.41'[39m, [32m'0.00'[39m ]
data rcv RT:[ [32m'0.00'[39m, [32m'4.28'[39m, [32m'3.38'[39m, [32m'0.00'[39m ]
data rcv RT:[ [32m'0.00'[39m, [32m'4.28'[39m, [32m'3.40'[39m, [32m'0.00'[39m ]
data rcv RT:[ [32m'0.00'[39m, [32m'4.30'[39m, [32m'3.37'[39m, [32m'0.00'[39m ]
data rcv RT:[ [32m'0.00'[39m, [32m'4.32'[39m, [32m'3.39'[39m, [32m'0.01'[39m ]
data rcv RT:[ [32m'0.00'[39m, [32m'4.33'[39m, [32m'3.38'[39m, [32m'0.01'[39m ]
data rcv RT:[ [32m'0.00'[39m, [32m'4.33'[39m, [32m'3.38'[39m, [32m'0.01'[39m ]
data rcv RT:[ [32m'0.00'[39m, [32m'4.37'[39m, [32m'3.40'[39m, [32m'0.00'[39m ]
data rcv RT:[ [32m'0.00'[39m, [32m'4.37'[39m, [32m'3.40'[39m, [32m'0.00'[39m ]
data rcv RT:[ [32m'0.00'[39m, [32m'4.37'[39m, [32m'3.40'[39m, [32m'0.00'[39m ]
data rcv RT:[ [32m'0.00'[39m, [32m'4.33'[39m, [32m'3.43'[39m, [32m'0.00'[39m ]
data rcv RT:[ [32m'0.00'[39m, [32m'4.31'[39m, [32m'3.44'[39m, [32m'0.00'[39m ]
data rcv RT:[ [32m'0.00'[39m, [32m'4.33'[39m, [32m'3.42'[39m, [32m'0.00'[39m ]
data rcv RT:[ [32m'0.00'[39m, [32m'4.30'[39m, [32m'3.45'[39m, [32m'0.00'[39m ]
data rcv RT:[ [32m'0.00'[39m, [32m'4.29'[39m, [32m'3.44'[39m, [32m'0.00'[39m ]
data rcv RT:[ [32m'0.00'[39m, [32m'4.27'[39m, [32m'3.38'[39m, [32m'0.00'[39m ]
data rcv RT:[ [32m'0.00'[39m, [32m'4.28'[39m, [32m'3.38'[39m, [32m'0.00'[39m ]
data rcv RT:[ [32m'0.00'[39m, [32m'4.28'[39m, [32m'3.38'[39m, [32m'0.00'[39m ]
data rcv RT:[ [32m'0.00'[39m, [32m'4.35'[39m, [32m'3.38'[39m, [32m'0.02'[39m ]
data rcv RT:[ [32m'0.00'[39m, [32m'4.36'[39m, [32m'3.38'[39m, [32m'0.04'[39m ]
data rcv RT:[ [32m'0.00'[39m, [32m'4.38'[39m, [32m'3.39'[39m, [32m'0.02'[39m ]
data rcv RT:[ [32m'0.00'[39m, [32m'4.34'[39m, [32m'3.43'[39m, [32m'0.00'[39m ]
data rcv RT:[ [32m'0.00'[39m, [32m'4.34'[39m, [32m'3.42'[39m, [32m'0.00'[39m ]
data rcv RT:[ [32m'0.00'[39m, [32m'4.32'[39m, [32m'3.42'[39m, [32m'0.00'[39m ]
data rcv RT:[ [32m'0.00'[39m, [32m'4.30'[39m, [32m'3.42'[39m, [32m'0.00'[39m ]
data rcv RT:[ [32m'0.00'[39m, [32m'4.31'[39m, [32m'3.43'[39m, [32m'0.00'[39m ]
data rcv RT:[ [32m'0.00'[39m, [32m'4.28'[39m, [32m'3.39'[39m, [32m'0.00'[39m ]
data rcv RT:[ [32m'0.00'[39m, [32m'4.26'[39m, [32m'3.40'[39m, [32m'0.00'[39m ]
data rcv RT:[ [32m'0.00'[39m, [32m'4.30'[39m, [32m'3.37'[39m, [32m'0.00'[39m ]
data rcv RT:[ [32m'0.00'[39m, [32m'4.29'[39m, [32m'3.39'[39m, [32m'0.00'[39m ]
data rcv RT:[ [32m'0.00'[39m, [32m'4.33'[39m, [32m'3.37'[39m, [32m'0.00'[39m ]
data rcv RT:[ [32m'0.00'[39m, [32m'4.35'[39m, [32m'3.37'[39m, [32m'0.04'[39m ]
data rcv RT:[ [32m'0.00'[39m, [32m'4.34'[39m, [32m'3.36'[39m, [32m'0.06'[39m ]
data rcv RT:[ [32m'0.00'[39m, [32m'4.36'[39m, [32m'3.41'[39m, [32m'0.01'[39m ]
data rcv RT:[ [32m'0.00'[39m, [32m'4.37'[39m, [32m'3.40'[39m, [32m'0.00'[39m ]
data rcv RT:[ [32m'0.00'[39m, [32m'4.33'[39m, [32m'3.41'[39m, [32m'0.00'[39m ]
data rcv RT:[ [32m'0.00'[39m, [32m'4.32'[39m, [32m'3.42'[39m, [32m'0.00'[39m ]
data rcv RT:[ [32m'0.00'[39m, [32m'4.24'[39m, [32m'3.41'[39m, [32m'0.00'[39m ]
data rcv RT:[ [32m'0.00'[39m, [32m'4.30'[39m, [32m'3.40'[39m, [32m'0.00'[39m ]
data rcv RT:[ [32m'0.00'[39m, [32m'4.32'[39m, [32m'3.37'[39m, [32m'0.01'[39m ]
data rcv RT:[ [32m'0.00'[39m, [32m'4.34'[39m, [32m'3.37'[39m, [32m'0.01'[39m ]
data rcv RT:[ [32m'0.00'[39m, [32m'4.36'[39m, [32m'3.39'[39m, [32m'0.02'[39m ]
data rcv RT:[ [32m'0.00'[39m, [32m'4.39'[39m, [32m'3.41'[39m, [32m'0.01'[39m ]
data rcv RT:[ [32m'0.00'[39m, [32m'4.35'[39m, [32m'3.40'[39m, [32m'0.00'[39m ]
data rcv RT:[ [32m'0.00'[39m, [32m'4.34'[39m, [32m'3.42'[39m, [32m'0.00'[39m ]
data rcv RT:[ [32m'0.00'[39m, [32m'4.32'[39m, [32m'3.43'[39m, [32m'0.00'[39m ]
data rcv RT:[ [32m'0.00'[39m, [32m'4.31'[39m, [32m'3.43'[39m, [32m'0.00'[39m ]
data rcv RT:[ [32m'0.00'[39m, [32m'4.31'[39m, [32m'3.43'[39m, [32m'0.00'[39m ]
data rcv RT:[ [32m'0.00'[39m, [32m'4.29'[39m, [32m'3.43'[39m, [32m'0.00'[39m ]
data rcv RT:[ [32m'0.00'[39m, [32m'4.25'[39m, [32m'3.41'[39m, [32m'0.00'[39m ]
data rcv RT:[ [32m'0.00'[39m, [32m'4.26'[39m, [32m'3.38'[39m, [32m'0.00'[39m ]
data rcv RT:[ [32m'0.00'[39m, [32m'4.29'[39m, [32m'3.39'[39m, [32m'0.00'[39m ]
data rcv RT:[ [32m'0.00'[39m, [32m'4.33'[39m, [32m'3.37'[39m, [32m'0.02'[39m ]
data rcv RT:[ [32m'0.00'[39m, [32m'4.34'[39m, [32m'3.38'[39m, [32m'0.01'[39m ]
data rcv RT:[ [32m'0.00'[39m, [32m'4.34'[39m, [32m'3.36'[39m, [32m'0.01'[39m ]
data rcv RT:[ [32m'0.00'[39m, [32m'4.35'[39m, [32m'3.35'[39m, [32m'0.04'[39m ]
data rcv RT:[ [32m'0.00'[39m, [32m'4.35'[39m, [32m'3.44'[39m, [32m'0.00'[39m ]
data rcv RT:[ [32m'0.00'[39m, [32m'4.34'[39m, [32m'3.44'[39m, [32m'0.00'[39m ]
data rcv RT:[ [32m'0.00'[39m, [32m'4.31'[39m, [32m'3.45'[39m, [32m'0.00'[39m ]
data rcv RT:[ [32m'0.00'[39m, [32m'4.28'[39m, [32m'3.44'[39m, [32m'0.00'[39m ]
data rcv RT:[ [32m'0.00'[39m, [32m'4.25'[39m, [32m'3.41'[39m, [32m'0.00'[39m ]
data rcv RT:[ [32m'0.00'[39m, [32m'4.29'[39m, [32m'3.39'[39m, [32m'0.00'[39m ]
data rcv RT:[ [32m'0.00'[39m, [32m'4.27'[39m, [32m'3.37'[39m, [32m'0.00'[39m ]
data rcv RT:[ [32m'0.00'[39m, [32m'4.31'[39m, [32m'3.39'[39m, [32m'0.00'[39m ]
data rcv RT:[ [32m'0.00'[39m, [32m'4.33'[39m, [32m'3.40'[39m, [32m'0.00'[39m ]
data rcv RT:[ [32m'0.00'[39m, [32m'4.39'[39m, [32m'3.41'[39m, [32m'0.02'[39m ]
data rcv RT:[ [32m'0.00'[39m, [32m'4.36'[39m, [32m'3.41'[39m, [32m'0.00'[39m ]
data rcv RT:[ [32m'0.00'[39m, [32m'4.32'[39m, [32m'3.44'[39m, [32m'0.00'[39m ]
data rcv RT:[ [32m'0.00'[39m, [32m'4.31'[39m, [32m'3.43'[39m, [32m'0.00'[39m ]
data rcv RT:[ [32m'0.00'[39m, [32m'4.33'[39m, [32m'3.43'[39m, [32m'0.00'[39m ]
data rcv RT:[ [32m'0.00'[39m, [32m'4.32'[39m, [32m'3.42'[39m, [32m'0.00'[39m ]
data rcv RT:[ [32m'0.00'[39m, [32m'4.31'[39m, [32m'3.43'[39m, [32m'0.00'[39m ]
data rcv RT:[ [32m'0.00'[39m, [32m'4.27'[39m, [32m'3.39'[39m, [32m'0.00'[39m ]
data rcv RT:[ [32m'0.00'[39m, [32m'4.26'[39m, [32m'3.39'[39m, [32m'0.00'[39m ]
data rcv RT:[ [32m'0.00'[39m, [32m'4.30'[39m, [32m'3.39'[39m, [32m'0.01'[39m ]
data rcv RT:[ [32m'0.00'[39m, [32m'4.31'[39m, [32m'3.39'[39m, [32m'0.00'[39m ]
data rcv RT:[ [32m'0.00'[39m, [32m'4.36'[39m, [32m'3.37'[39m, [32m'0.04'[39m ]
data rcv RT:[ [32m'0.00'[39m, [32m'4.37'[39m, [32m'3.37'[39m, [32m'0.03'[39m ]
data rcv RT:[ [32m'0.00'[39m, [32m'4.37'[39m, [32m'3.41'[39m, [32m'0.00'[39m ]
data rcv RT:[ [32m'0.00'[39m, [32m'4.36'[39m, [32m'3.41'[39m, [32m'0.00'[39m ]
data rcv RT:[ [32m'0.00'[39m, [32m'4.33'[39m, [32m'3.43'[39m, [32m'0.00'[39m ]
data rcv RT:[ [32m'0.00'[39m, [32m'4.30'[39m, [32m'3.43'[39m, [32m'0.00'[39m ]
data rcv RT:[ [32m'0.00'[39m, [32m'4.30'[39m, [32m'3.43'[39m, [32m'0.00'[39m ]
data rcv RT:[ [32m'0.00'[39m, [32m'4.28'[39m, [32m'3.42'[39m, [32m'0.00'[39m ]
data rcv RT:[ [32m'0.00'[39m, [32m'4.27'[39m, [32m'3.41'[39m, [32m'0.00'[39m ]
data rcv RT:[ [32m'0.00'[39m, [32m'4.28'[39m, [32m'3.37'[39m, [32m'0.00'[39m ]
data rcv RT:[ [32m'0.00'[39m, [32m'4.27'[39m, [32m'3.38'[39m, [32m'0.00'[39m ]
data rcv RT:[ [32m'0.00'[39m, [32m'4.29'[39m, [32m'3.39'[39m, [32m'0.00'[39m ]
data rcv RT:[ [32m'0.00'[39m, [32m'4.34'[39m, [32m'3.37'[39m, [32m'0.00'[39m ]
data rcv RT:[ [32m'0.00'[39m, [32m'4.36'[39m, [32m'3.39'[39m, [32m'0.04'[39m ]
data rcv RT:[ [32m'0.00'[39m, [32m'4.37'[39m, [32m'3.41'[39m, [32m'0.02'[39m ]
data rcv RT:[ [32m'0.00'[39m, [32m'4.37'[39m, [32m'3.40'[39m, [32m'0.00'[39m ]
data rcv RT:[ [32m'0.00'[39m, [32m'4.36'[39m, [32m'3.42'[39m, [32m'0.00'[39m ]
data rcv RT:[ [32m'0.00'[39m, [32m'4.32'[39m, [32m'3.41'[39m, [32m'0.00'[39m ]
data rcv RT:[ [32m'0.00'[39m, [32m'4.30'[39m, [32m'3.42'[39m, [32m'0.00'[39m ]
data rcv RT:[ [32m'0.00'[39m, [32m'4.30'[39m, [32m'3.42'[39m, [32m'0.00'[39m ]
data rcv RT:[ [32m'0.00'[39m, [32m'4.29'[39m, [32m'3.41'[39m, [32m'0.00'[39m ]
data rcv RT:[ [32m'0.00'[39m, [32m'4.30'[39m, [32m'3.44'[39m, [32m'0.00'[39m ]
data rcv RT:[ [32m'0.00'[39m, [32m'4.26'[39m, [32m'3.40'[39m, [32m'0.00'[39m ]
data rcv RT:[ [32m'0.00'[39m, [32m'4.28'[39m, [32m'3.39'[39m, [32m'0.00'[39m ]
data rcv RT:[ [32m'0.00'[39m, [32m'4.27'[39m, [32m'3.40'[39m, [32m'0.00'[39m ]
data rcv RT:[ [32m'0.00'[39m, [32m'4.34'[39m, [32m'3.38'[39m, [32m'0.00'[39m ]
data rcv RT:[ [32m'0.00'[39m, [32m'4.34'[39m, [32m'3.40'[39m, [32m'0.02'[39m ]
data rcv RT:[ [32m'0.00'[39m, [32m'4.36'[39m, [32m'3.36'[39m, [32m'0.04'[39m ]
data rcv RT:[ [32m'0.00'[39m, [32m'4.36'[39m, [32m'3.38'[39m, [32m'0.01'[39m ]
data rcv RT:[ [32m'0.00'[39m, [32m'4.39'[39m, [32m'3.40'[39m, [32m'0.03'[39m ]
data rcv RT:[ [32m'0.00'[39m, [32m'4.36'[39m, [32m'3.43'[39m, [32m'0.00'[39m ]
data rcv RT:[ [32m'0.00'[39m, [32m'4.32'[39m, [32m'3.43'[39m, [32m'0.00'[39m ]
data rcv RT:[ [32m'0.00'[39m, [32m'4.29'[39m, [32m'3.43'[39m, [32m'0.00'[39m ]
data rcv RT:[ [32m'0.00'[39m, [32m'4.30'[39m, [32m'3.43'[39m, [32m'0.00'[39m ]
data rcv RT:[ [32m'0.00'[39m, [32m'4.31'[39m, [32m'3.42'[39m, [32m'0.00'[39m ]
data rcv RT:[ [32m'0.00'[39m, [32m'4.25'[39m, [32m'3.40'[39m, [32m'0.00'[39m ]
data rcv RT:[ [32m'0.00'[39m, [32m'4.26'[39m, [32m'3.40'[39m, [32m'0.00'[39m ]
data rcv RT:[ [32m'0.00'[39m, [32m'4.27'[39m, [32m'3.39'[39m, [32m'0.00'[39m ]
data rcv RT:[ [32m'0.00'[39m, [32m'4.28'[39m, [32m'3.37'[39m, [32m'0.00'[39m ]
data rcv RT:[ [32m'0.00'[39m, [32m'4.34'[39m, [32m'3.38'[39m, [32m'0.01'[39m ]
data rcv RT:[ [32m'0.00'[39m, [32m'4.33'[39m, [32m'3.37'[39m, [32m'0.03'[39m ]
data rcv RT:[ [32m'0.00'[39m, [32m'4.37'[39m, [32m'3.39'[39m, [32m'0.01'[39m ]
data rcv RT:[ [32m'0.00'[39m, [32m'4.37'[39m, [32m'3.38'[39m, [32m'0.01'[39m ]
data rcv RT:[ [32m'0.00'[39m, [32m'4.39'[39m, [32m'3.42'[39m, [32m'0.00'[39m ]
data rcv RT:[ [32m'0.00'[39m, [32m'4.32'[39m, [32m'3.43'[39m, [32m'0.00'[39m ]
data rcv RT:[ [32m'0.00'[39m, [32m'4.34'[39m, [32m'3.42'[39m, [32m'0.00'[39m ]
data rcv RT:[ [32m'0.00'[39m, [32m'4.28'[39m, [32m'3.42'[39m, [32m'0.00'[39m ]
data rcv RT:[ [32m'0.00'[39m, [32m'4.32'[39m, [32m'3.43'[39m, [32m'0.00'[39m ]
data rcv RT:[ [32m'0.00'[39m, [32m'4.27'[39m, [32m'3.36'[39m, [32m'0.00'[39m ]
data rcv RT:[ [32m'0.00'[39m, [32m'4.28'[39m, [32m'3.39'[39m, [32m'0.00'[39m ]
data rcv RT:[ [32m'0.00'[39m, [32m'4.31'[39m, [32m'3.38'[39m, [32m'0.01'[39m ]
data rcv RT:[ [32m'0.00'[39m, [32m'4.32'[39m, [32m'3.38'[39m, [32m'0.00'[39m ]
data rcv RT:[ [32m'0.00'[39m, [32m'4.33'[39m, [32m'3.39'[39m, [32m'0.00'[39m ]
data rcv RT:[ [32m'0.00'[39m, [32m'4.33'[39m, [32m'3.39'[39m, [32m'0.01'[39m ]
data rcv RT:[ [32m'0.00'[39m, [32m'4.37'[39m, [32m'3.37'[39m, [32m'0.01'[39m ]
data rcv RT:[ [32m'0.00'[39m, [32m'4.34'[39m, [32m'3.43'[39m, [32m'0.00'[39m ]
data rcv RT:[ [32m'0.00'[39m, [32m'4.34'[39m, [32m'3.41'[39m, [32m'0.00'[39m ]
data rcv RT:[ [32m'0.00'[39m, [32m'4.32'[39m, [32m'3.41'[39m, [32m'0.00'[39m ]
data rcv RT:[ [32m'0.00'[39m, [32m'4.29'[39m, [32m'3.44'[39m, [32m'0.00'[39m ]
data rcv RT:[ [32m'0.00'[39m, [32m'4.27'[39m, [32m'3.39'[39m, [32m'0.00'[39m ]
data rcv RT:[ [32m'0.00'[39m, [32m'4.27'[39m, [32m'3.38'[39m, [32m'0.00'[39m ]
data rcv RT:[ [32m'0.00'[39m, [32m'4.28'[39m, [32m'3.37'[39m, [32m'0.00'[39m ]
data rcv RT:[ [32m'0.00'[39m, [32m'4.33'[39m, [32m'3.39'[39m, [32m'0.01'[39m ]
data rcv RT:[ [32m'0.00'[39m, [32m'4.36'[39m, [32m'3.38'[39m, [32m'0.05'[39m ]
data rcv RT:[ [32m'0.00'[39m, [32m'4.37'[39m, [32m'3.41'[39m, [32m'0.01'[39m ]
data rcv RT:[ [32m'0.00'[39m, [32m'4.35'[39m, [32m'3.43'[39m, [32m'0.00'[39m ]
data rcv RT:[ [32m'0.00'[39m, [32m'4.36'[39m, [32m'3.42'[39m, [32m'0.00'[39m ]
data rcv RT:[ [32m'0.00'[39m, [32m'4.33'[39m, [32m'3.44'[39m, [32m'0.00'[39m ]
data rcv RT:[ [32m'0.00'[39m, [32m'4.33'[39m, [32m'3.42'[39m, [32m'0.00'[39m ]
data rcv RT:[ [32m'0.00'[39m, [32m'4.30'[39m, [32m'3.43'[39m, [32m'0.00'[39m ]
data rcv RT:[ [32m'0.00'[39m, [32m'4.27'[39m, [32m'3.40'[39m, [32m'0.00'[39m ]
data rcv RT:[ [32m'0.00'[39m, [32m'4.27'[39m, [32m'3.39'[39m, [32m'0.00'[39m ]
data rcv RT:[ [32m'0.00'[39m, [32m'4.29'[39m, [32m'3.38'[39m, [32m'0.00'[39m ]
data rcv RT:[ [32m'0.00'[39m, [32m'4.33'[39m, [32m'3.39'[39m, [32m'0.00'[39m ]
data rcv RT:[ [32m'0.00'[39m, [32m'4.33'[39m, [32m'3.39'[39m, [32m'0.00'[39m ]
data rcv RT:[ [32m'0.00'[39m, [32m'4.32'[39m, [32m'3.40'[39m, [32m'0.00'[39m ]
data rcv RT:[ [32m'0.00'[39m, [32m'4.37'[39m, [32m'3.38'[39m, [32m'0.03'[39m ]
data rcv RT:[ [32m'0.00'[39m, [32m'4.38'[39m, [32m'3.41'[39m, [32m'0.00'[39m ]
data rcv RT:[ [32m'0.00'[39m, [32m'4.35'[39m, [32m'3.43'[39m, [32m'0.00'[39m ]
data rcv RT:[ [32m'0.00'[39m, [32m'4.34'[39m, [32m'3.44'[39m, [32m'0.00'[39m ]
data rcv RT:[ [32m'0.00'[39m, [32m'4.34'[39m, [32m'3.43'[39m, [32m'0.00'[39m ]
data rcv RT:[ [32m'0.00'[39m, [32m'4.26'[39m, [32m'3.42'[39m, [32m'0.00'[39m ]
data rcv RT:[ [32m'0.00'[39m, [32m'4.26'[39m, [32m'3.41'[39m, [32m'0.00'[39m ]
data rcv RT:[ [32m'0.00'[39m, [32m'4.27'[39m, [32m'3.38'[39m, [32m'0.00'[39m ]
data rcv RT:[ [32m'0.00'[39m, [32m'4.29'[39m, [32m'3.37'[39m, [32m'0.00'[39m ]
data rcv RT:[ [32m'0.00'[39m, [32m'4.32'[39m, [32m'3.37'[39m, [32m'0.01'[39m ]
data rcv RT:[ [32m'0.00'[39m, [32m'4.32'[39m, [32m'3.37'[39m, [32m'0.01'[39m ]
data rcv RT:[ [32m'0.00'[39m, [32m'4.35'[39m, [32m'3.35'[39m, [32m'0.04'[39m ]
data rcv RT:[ [32m'0.00'[39m, [32m'4.39'[39m, [32m'3.39'[39m, [32m'0.02'[39m ]
data rcv RT:[ [32m'0.00'[39m, [32m'4.36'[39m, [32m'3.40'[39m, [32m'0.00'[39m ]
data rcv RT:[ [32m'0.00'[39m, [32m'4.35'[39m, [32m'3.43'[39m, [32m'0.00'[39m ]
data rcv RT:[ [32m'0.00'[39m, [32m'4.36'[39m, [32m'3.41'[39m, [32m'0.00'[39m ]
data rcv RT:[ [32m'0.00'[39m, [32m'4.31'[39m, [32m'3.42'[39m, [32m'0.00'[39m ]
data rcv RT:[ [32m'0.00'[39m, [32m'4.30'[39m, [32m'3.42'[39m, [32m'0.00'[39m ]
data rcv RT:[ [32m'0.00'[39m, [32m'4.27'[39m, [32m'3.43'[39m, [32m'0.00'[39m ]
data rcv RT:[ [32m'0.00'[39m, [32m'4.28'[39m, [32m'3.42'[39m, [32m'0.00'[39m ]
data rcv RT:[ [32m'0.00'[39m, [32m'4.25'[39m, [32m'3.40'[39m, [32m'0.00'[39m ]
data rcv RT:[ [32m'0.00'[39m, [32m'4.27'[39m, [32m'3.39'[39m, [32m'0.00'[39m ]
data rcv RT:[ [32m'0.00'[39m, [32m'4.29'[39m, [32m'3.38'[39m, [32m'0.00'[39m ]
data rcv RT:[ [32m'0.00'[39m, [32m'4.32'[39m, [32m'3.38'[39m, [32m'0.00'[39m ]
data rcv RT:[ [32m'0.00'[39m, [32m'4.31'[39m, [32m'3.40'[39m, [32m'0.00'[39m ]
data rcv RT:[ [32m'0.00'[39m, [32m'4.38'[39m, [32m'3.43'[39m, [32m'0.00'[39m ]
data rcv RT:[ [32m'0.00'[39m, [32m'4.34'[39m, [32m'3.41'[39m, [32m'0.00'[39m ]
data rcv RT:[ [32m'0.00'[39m, [32m'4.35'[39m, [32m'3.41'[39m, [32m'0.00'[39m ]
data rcv RT:[ [32m'0.00'[39m, [32m'4.32'[39m, [32m'3.43'[39m, [32m'0.00'[39m ]
data rcv RT:[ [32m'0.00'[39m, [32m'4.29'[39m, [32m'3.41'[39m, [32m'0.00'[39m ]
data rcv RT:[ [32m'0.00'[39m, [32m'4.27'[39m, [32m'3.40'[39m, [32m'0.00'[39m ]
data rcv RT:[ [32m'0.00'[39m, [32m'4.27'[39m, [32m'3.39'[39m, [32m'0.00'[39m ]
data rcv RT:[ [32m'0.00'[39m, [32m'4.30'[39m, [32m'3.37'[39m, [32m'0.00'[39m ]
data rcv RT:[ [32m'0.00'[39m, [32m'4.30'[39m, [32m'3.37'[39m, [32m'0.00'[39m ]
data rcv RT:[ [32m'0.00'[39m, [32m'4.33'[39m, [32m'3.39'[39m, [32m'0.02'[39m ]
data rcv RT:[ [32m'0.00'[39m, [32m'4.32'[39m, [32m'3.38'[39m, [32m'0.02'[39m ]
data rcv RT:[ [32m'0.00'[39m, [32m'4.36'[39m, [32m'3.39'[39m, [32m'0.01'[39m ]
data rcv RT:[ [32m'0.00'[39m, [32m'4.37'[39m, [32m'3.40'[39m, [32m'0.00'[39m ]
data rcv RT:[ [32m'0.00'[39m, [32m'4.38'[39m, [32m'3.39'[39m, [32m'0.01'[39m ]
data rcv RT:[ [32m'0.00'[39m, [32m'4.36'[39m, [32m'3.40'[39m, [32m'0.00'[39m ]
data rcv RT:[ [32m'0.00'[39m, [32m'4.33'[39m, [32m'3.41'[39m, [32m'0.00'[39m ]
data rcv RT:[ [32m'0.00'[39m, [32m'4.28'[39m, [32m'3.44'[39m, [32m'0.00'[39m ]
data rcv RT:[ [32m'0.00'[39m, [32m'4.28'[39m, [32m'3.44'[39m, [32m'0.00'[39m ]
data rcv RT:[ [32m'0.00'[39m, [32m'4.27'[39m, [32m'3.39'[39m, [32m'0.00'[39m ]
data rcv RT:[ [32m'0.00'[39m, [32m'4.25'[39m, [32m'3.40'[39m, [32m'0.00'[39m ]
data rcv RT:[ [32m'0.00'[39m, [32m'4.28'[39m, [32m'3.38'[39m, [32m'0.00'[39m ]
data rcv RT:[ [32m'0.00'[39m, [32m'4.33'[39m, [32m'3.37'[39m, [32m'0.00'[39m ]
data rcv RT:[ [32m'0.00'[39m, [32m'4.34'[39m, [32m'3.38'[39m, [32m'0.01'[39m ]
data rcv RT:[ [32m'0.00'[39m, [32m'4.37'[39m, [32m'3.41'[39m, [32m'0.00'[39m ]
data rcv RT:[ [32m'0.00'[39m, [32m'4.36'[39m, [32m'3.38'[39m, [32m'0.01'[39m ]
data rcv RT:[ [32m'0.00'[39m, [32m'4.36'[39m, [32m'3.40'[39m, [32m'0.00'[39m ]
data rcv RT:[ [32m'0.00'[39m, [32m'4.36'[39m, [32m'3.43'[39m, [32m'0.00'[39m ]
data rcv RT:[ [32m'0.00'[39m, [32m'4.35'[39m, [32m'3.42'[39m, [32m'0.00'[39m ]
data rcv RT:[ [32m'0.00'[39m, [32m'4.30'[39m, [32m'3.44'[39m, [32m'0.00'[39m ]
data rcv RT:[ [32m'0.00'[39m, [32m'4.29'[39m, [32m'3.44'[39m, [32m'0.00'[39m ]
data rcv RT:[ [32m'0.00'[39m, [32m'4.28'[39m, [32m'3.42'[39m, [32m'0.00'[39m ]
data rcv RT:[ [32m'0.00'[39m, [32m'4.26'[39m, [32m'3.42'[39m, [32m'0.00'[39m ]
data rcv RT:[ [32m'0.00'[39m, [32m'4.27'[39m, [32m'3.36'[39m, [32m'0.00'[39m ]
data rcv RT:[ [32m'0.00'[39m, [32m'4.26'[39m, [32m'3.39'[39m, [32m'0.00'[39m ]
data rcv RT:[ [32m'0.00'[39m, [32m'4.30'[39m, [32m'3.37'[39m, [32m'0.00'[39m ]
data rcv RT:[ [32m'0.00'[39m, [32m'4.29'[39m, [32m'3.39'[39m, [32m'0.00'[39m ]
data rcv RT:[ [32m'0.00'[39m, [32m'4.35'[39m, [32m'3.38'[39m, [32m'0.02'[39m ]
data rcv RT:[ [32m'0.00'[39m, [32m'4.35'[39m, [32m'3.38'[39m, [32m'0.04'[39m ]
data rcv RT:[ [32m'0.00'[39m, [32m'4.37'[39m, [32m'3.38'[39m, [32m'0.02'[39m ]
data rcv RT:[ [32m'0.00'[39m, [32m'4.37'[39m, [32m'3.40'[39m, [32m'0.00'[39m ]
data rcv RT:[ [32m'0.00'[39m, [32m'4.32'[39m, [32m'3.43'[39m, [32m'0.00'[39m ]
data rcv RT:[ [32m'0.00'[39m, [32m'4.31'[39m, [32m'3.42'[39m, [32m'0.00'[39m ]
data rcv RT:[ [32m'0.00'[39m, [32m'4.31'[39m, [32m'3.45'[39m, [32m'0.00'[39m ]
data rcv RT:[ [32m'0.00'[39m, [32m'4.30'[39m, [32m'3.42'[39m, [32m'0.00'[39m ]
data rcv RT:[ [32m'0.00'[39m, [32m'4.25'[39m, [32m'3.41'[39m, [32m'0.00'[39m ]
data rcv RT:[ [32m'0.00'[39m, [32m'4.28'[39m, [32m'3.39'[39m, [32m'0.00'[39m ]
data rcv RT:[ [32m'0.00'[39m, [32m'4.27'[39m, [32m'3.38'[39m, [32m'0.00'[39m ]
data rcv RT:[ [32m'0.00'[39m, [32m'4.28'[39m, [32m'3.39'[39m, [32m'0.00'[39m ]
data rcv RT:[ [32m'0.00'[39m, [32m'4.32'[39m, [32m'3.40'[39m, [32m'0.00'[39m ]
data rcv RT:[ [32m'0.00'[39m, [32m'4.34'[39m, [32m'3.38'[39m, [32m'0.03'[39m ]
data rcv RT:[ [32m'0.00'[39m, [32m'4.36'[39m, [32m'3.37'[39m, [32m'0.04'[39m ]
data rcv RT:[ [32m'0.00'[39m, [32m'4.36'[39m, [32m'3.40'[39m, [32m'0.00'[39m ]
data rcv RT:[ [32m'0.00'[39m, [32m'4.37'[39m, [32m'3.40'[39m, [32m'0.00'[39m ]
data rcv RT:[ [32m'0.00'[39m, [32m'4.36'[39m, [32m'3.42'[39m, [32m'0.00'[39m ]
data rcv RT:[ [32m'0.00'[39m, [32m'4.35'[39m, [32m'3.41'[39m, [32m'0.00'[39m ]
data rcv RT:[ [32m'0.00'[39m, [32m'4.36'[39m, [32m'3.42'[39m, [32m'0.00'[39m ]
data rcv RT:[ [32m'0.00'[39m, [32m'4.31'[39m, [32m'3.43'[39m, [32m'0.00'[39m ]
data rcv RT:[ [32m'0.00'[39m, [32m'4.31'[39m, [32m'3.42'[39m, [32m'0.00'[39m ]
data rcv RT:[ [32m'0.00'[39m, [32m'4.27'[39m, [32m'3.42'[39m, [32m'0.00'[39m ]
data rcv RT:[ [32m'0.00'[39m, [32m'4.27'[39m, [32m'3.40'[39m, [32m'0.00'[39m ]
data rcv RT:[ [32m'0.00'[39m, [32m'4.32'[39m, [32m'3.37'[39m, [32m'0.01'[39m ]
data rcv RT:[ [32m'0.00'[39m, [32m'4.32'[39m, [32m'3.39'[39m, [32m'0.01'[39m ]
data rcv RT:[ [32m'0.00'[39m, [32m'4.33'[39m, [32m'3.40'[39m, [32m'0.01'[39m ]
data rcv RT:[ [32m'0.00'[39m, [32m'4.36'[39m, [32m'3.35'[39m, [32m'0.04'[39m ]
data rcv RT:[ [32m'0.00'[39m, [32m'4.37'[39m, [32m'3.37'[39m, [32m'0.02'[39m ]
data rcv RT:[ [32m'0.00'[39m, [32m'4.37'[39m, [32m'3.39'[39m, [32m'0.01'[39m ]
data rcv RT:[ [32m'0.00'[39m, [32m'4.36'[39m, [32m'3.41'[39m, [32m'0.00'[39m ]
data rcv RT:[ [32m'0.00'[39m, [32m'4.35'[39m, [32m'3.43'[39m, [32m'0.00'[39m ]
data rcv RT:[ [32m'0.00'[39m, [32m'4.31'[39m, [32m'3.43'[39m, [32m'0.00'[39m ]
data rcv RT:[ [32m'0.00'[39m, [32m'4.28'[39m, [32m'3.44'[39m, [32m'0.00'[39m ]
data rcv RT:[ [32m'0.00'[39m, [32m'4.30'[39m, [32m'3.45'[39m, [32m'0.00'[39m ]
data rcv RT:[ [32m'0.00'[39m, [32m'4.27'[39m, [32m'3.40'[39m, [32m'0.00'[39m ]
data rcv RT:[ [32m'0.00'[39m, [32m'4.27'[39m, [32m'3.37'[39m, [32m'0.00'[39m ]
data rcv RT:[ [32m'0.00'[39m, [32m'4.28'[39m, [32m'3.39'[39m, [32m'0.00'[39m ]
data rcv RT:[ [32m'0.00'[39m, [32m'4.29'[39m, [32m'3.39'[39m, [32m'0.01'[39m ]
data rcv RT:[ [32m'0.00'[39m, [32m'4.32'[39m, [32m'3.39'[39m, [32m'0.01'[39m ]
data rcv RT:[ [32m'0.00'[39m, [32m'4.33'[39m, [32m'3.39'[39m, [32m'0.02'[39m ]
data rcv RT:[ [32m'0.00'[39m, [32m'4.33'[39m, [32m'3.39'[39m, [32m'0.01'[39m ]
data rcv RT:[ [32m'0.00'[39m, [32m'4.38'[39m, [32m'3.39'[39m, [32m'0.01'[39m ]
data rcv RT:[ [32m'0.00'[39m, [32m'4.38'[39m, [32m'3.42'[39m, [32m'0.00'[39m ]
data rcv RT:[ [32m'0.00'[39m, [32m'4.37'[39m, [32m'3.42'[39m, [32m'0.00'[39m ]
data rcv RT:[ [32m'0.00'[39m, [32m'4.34'[39m, [32m'3.43'[39m, [32m'0.00'[39m ]
data rcv RT:[ [32m'0.00'[39m, [32m'4.35'[39m, [32m'3.41'[39m, [32m'0.00'[39m ]
data rcv RT:[ [32m'0.00'[39m, [32m'4.31'[39m, [32m'3.41'[39m, [32m'0.00'[39m ]
data rcv RT:[ [32m'0.00'[39m, [32m'4.32'[39m, [32m'3.43'[39m, [32m'0.00'[39m ]
data rcv RT:[ [32m'0.00'[39m, [32m'4.30'[39m, [32m'3.43'[39m, [32m'0.00'[39m ]
data rcv RT:[ [32m'0.00'[39m, [32m'4.28'[39m, [32m'3.44'[39m, [32m'0.00'[39m ]
data rcv RT:[ [32m'0.00'[39m, [32m'4.25'[39m, [32m'3.42'[39m, [32m'0.00'[39m ]
data rcv RT:[ [32m'0.00'[39m, [32m'4.28'[39m, [32m'3.38'[39m, [32m'0.00'[39m ]
data rcv RT:[ [32m'0.00'[39m, [32m'4.29'[39m, [32m'3.38'[39m, [32m'0.00'[39m ]
data rcv RT:[ [32m'0.00'[39m, [32m'4.28'[39m, [32m'3.38'[39m, [32m'0.00'[39m ]
data rcv RT:[ [32m'0.00'[39m, [32m'4.34'[39m, [32m'3.38'[39m, [32m'0.01'[39m ]
data rcv RT:[ [32m'0.00'[39m, [32m'4.31'[39m, [32m'3.40'[39m, [32m'0.00'[39m ]
data rcv RT:[ [32m'0.00'[39m, [32m'4.36'[39m, [32m'3.39'[39m, [32m'0.02'[39m ]
data rcv RT:[ [32m'0.00'[39m, [32m'4.39'[39m, [32m'3.39'[39m, [32m'0.01'[39m ]
data rcv RT:[ [32m'0.00'[39m, [32m'4.35'[39m, [32m'3.40'[39m, [32m'0.00'[39m ]
data rcv RT:[ [32m'0.00'[39m, [32m'4.35'[39m, [32m'3.41'[39m, [32m'0.00'[39m ]
data rcv RT:[ [32m'0.00'[39m, [32m'4.36'[39m, [32m'3.42'[39m, [32m'0.00'[39m ]
data rcv RT:[ [32m'0.00'[39m, [32m'4.30'[39m, [32m'3.42'[39m, [32m'0.00'[39m ]
data rcv RT:[ [32m'0.00'[39m, [32m'4.33'[39m, [32m'3.43'[39m, [32m'0.00'[39m ]
data rcv RT:[ [32m'0.00'[39m, [32m'4.28'[39m, [32m'3.43'[39m, [32m'0.00'[39m ]
data rcv RT:[ [32m'0.00'[39m, [32m'4.30'[39m, [32m'3.43'[39m, [32m'0.00'[39m ]
data rcv RT:[ [32m'0.00'[39m, [32m'4.29'[39m, [32m'3.40'[39m, [32m'0.00'[39m ]
data rcv RT:[ [32m'0.00'[39m, [32m'4.28'[39m, [32m'3.40'[39m, [32m'0.00'[39m ]
data rcv RT:[ [32m'0.00'[39m, [32m'4.27'[39m, [32m'3.38'[39m, [32m'0.00'[39m ]
data rcv RT:[ [32m'0.00'[39m, [32m'4.28'[39m, [32m'3.37'[39m, [32m'0.00'[39m ]
data rcv RT:[ [32m'0.00'[39m, [32m'4.31'[39m, [32m'3.38'[39m, [32m'0.01'[39m ]
data rcv RT:[ [32m'0.00'[39m, [32m'4.34'[39m, [32m'3.38'[39m, [32m'0.00'[39m ]
data rcv RT:[ [32m'0.00'[39m, [32m'4.34'[39m, [32m'3.37'[39m, [32m'0.05'[39m ]
data rcv RT:[ [32m'0.00'[39m, [32m'4.36'[39m, [32m'3.37'[39m, [32m'0.03'[39m ]
data rcv RT:[ [32m'0.00'[39m, [32m'4.34'[39m, [32m'3.38'[39m, [32m'0.00'[39m ]
data rcv RT:[ [32m'0.00'[39m, [32m'4.38'[39m, [32m'3.41'[39m, [32m'0.00'[39m ]
data rcv RT:[ [32m'0.00'[39m, [32m'4.38'[39m, [32m'3.38'[39m, [32m'0.01'[39m ]
data rcv RT:[ [32m'0.00'[39m, [32m'4.37'[39m, [32m'3.39'[39m, [32m'0.00'[39m ]
data rcv RT:[ [32m'0.00'[39m, [32m'4.37'[39m, [32m'3.40'[39m, [32m'0.00'[39m ]
data rcv RT:[ [32m'0.00'[39m, [32m'4.33'[39m, [32m'3.42'[39m, [32m'0.00'[39m ]
data rcv RT:[ [32m'0.00'[39m, [32m'4.32'[39m, [32m'3.44'[39m, [32m'0.00'[39m ]
data rcv RT:[ [32m'0.00'[39m, [32m'4.28'[39m, [32m'3.41'[39m, [32m'0.00'[39m ]
data rcv RT:[ [32m'0.00'[39m, [32m'4.27'[39m, [32m'3.41'[39m, [32m'0.00'[39m ]
data rcv RT:[ [32m'0.00'[39m, [32m'4.26'[39m, [32m'3.39'[39m, [32m'0.00'[39m ]
data rcv RT:[ [32m'0.00'[39m, [32m'4.30'[39m, [32m'3.37'[39m, [32m'0.00'[39m ]
data rcv RT:[ [32m'0.00'[39m, [32m'4.28'[39m, [32m'3.38'[39m, [32m'0.00'[39m ]
data rcv RT:[ [32m'0.00'[39m, [32m'4.34'[39m, [32m'3.38'[39m, [32m'0.02'[39m ]
data rcv RT:[ [32m'0.00'[39m, [32m'4.34'[39m, [32m'3.39'[39m, [32m'0.00'[39m ]
data rcv RT:[ [32m'0.00'[39m, [32m'4.33'[39m, [32m'3.37'[39m, [32m'0.01'[39m ]
data rcv RT:[ [32m'0.00'[39m, [32m'4.36'[39m, [32m'3.40'[39m, [32m'0.00'[39m ]
data rcv RT:[ [32m'0.00'[39m, [32m'4.35'[39m, [32m'3.40'[39m, [32m'0.00'[39m ]
data rcv RT:[ [32m'0.00'[39m, [32m'4.35'[39m, [32m'3.39'[39m, [32m'0.00'[39m ]
data rcv RT:[ [32m'0.00'[39m, [32m'4.36'[39m, [32m'3.43'[39m, [32m'0.00'[39m ]
data rcv RT:[ [32m'0.00'[39m, [32m'4.34'[39m, [32m'3.41'[39m, [32m'0.00'[39m ]
data rcv RT:[ [32m'0.00'[39m, [32m'4.33'[39m, [32m'3.43'[39m, [32m'0.00'[39m ]
data rcv RT:[ [32m'0.00'[39m, [32m'4.31'[39m, [32m'3.42'[39m, [32m'0.00'[39m ]
data rcv RT:[ [32m'0.00'[39m, [32m'4.32'[39m, [32m'3.42'[39m, [32m'0.00'[39m ]
data rcv RT:[ [32m'0.00'[39m, [32m'4.28'[39m, [32m'3.44'[39m, [32m'0.00'[39m ]
data rcv RT:[ [32m'0.00'[39m, [32m'4.27'[39m, [32m'3.39'[39m, [32m'0.00'[39m ]
data rcv RT:[ [32m'0.00'[39m, [32m'4.29'[39m, [32m'3.43'[39m, [32m'0.00'[39m ]
data rcv RT:[ [32m'0.00'[39m, [32m'4.28'[39m, [32m'3.39'[39m, [32m'0.00'[39m ]
data rcv RT:[ [32m'0.00'[39m, [32m'4.28'[39m, [32m'3.40'[39m, [32m'0.00'[39m ]
data rcv RT:[ [32m'0.00'[39m, [32m'4.29'[39m, [32m'3.40'[39m, [32m'0.00'[39m ]
data rcv RT:[ [32m'0.00'[39m, [32m'4.31'[39m, [32m'3.37'[39m, [32m'0.01'[39m ]
data rcv RT:[ [32m'0.00'[39m, [32m'4.37'[39m, [32m'3.42'[39m, [32m'0.01'[39m ]
data rcv RT:[ [32m'0.00'[39m, [32m'4.37'[39m, [32m'3.41'[39m, [32m'0.01'[39m ]
data rcv RT:[ [32m'0.00'[39m, [32m'4.36'[39m, [32m'3.39'[39m, [32m'0.00'[39m ]
data rcv RT:[ [32m'0.00'[39m, [32m'4.36'[39m, [32m'3.40'[39m, [32m'0.00'[39m ]
data rcv RT:[ [32m'0.00'[39m, [32m'4.35'[39m, [32m'3.42'[39m, [32m'0.00'[39m ]
data rcv RT:[ [32m'0.00'[39m, [32m'4.30'[39m, [32m'3.44'[39m, [32m'0.00'[39m ]
data rcv RT:[ [32m'0.00'[39m, [32m'4.32'[39m, [32m'3.43'[39m, [32m'0.00'[39m ]
data rcv RT:[ [32m'0.00'[39m, [32m'4.29'[39m, [32m'3.43'[39m, [32m'0.00'[39m ]
data rcv RT:[ [32m'0.00'[39m, [32m'4.30'[39m, [32m'3.45'[39m, [32m'0.00'[39m ]
data rcv RT:[ [32m'0.00'[39m, [32m'4.28'[39m, [32m'3.39'[39m, [32m'0.00'[39m ]
data rcv RT:[ [32m'0.00'[39m, [32m'4.28'[39m, [32m'3.39'[39m, [32m'0.00'[39m ]
data rcv RT:[ [32m'0.00'[39m, [32m'4.29'[39m, [32m'3.40'[39m, [32m'0.00'[39m ]
data rcv RT:[ [32m'0.00'[39m, [32m'4.32'[39m, [32m'3.37'[39m, [32m'0.01'[39m ]
data rcv RT:[ [32m'0.00'[39m, [32m'4.34'[39m, [32m'3.39'[39m, [32m'0.01'[39m ]
data rcv RT:[ [32m'0.00'[39m, [32m'4.33'[39m, [32m'3.37'[39m, [32m'0.02'[39m ]
data rcv RT:[ [32m'0.00'[39m, [32m'4.37'[39m, [32m'3.40'[39m, [32m'0.02'[39m ]
data rcv RT:[ [32m'0.00'[39m, [32m'4.36'[39m, [32m'3.40'[39m, [32m'0.00'[39m ]
data rcv RT:[ [32m'0.00'[39m, [32m'4.37'[39m, [32m'3.41'[39m, [32m'0.00'[39m ]
data rcv RT:[ [32m'0.00'[39m, [32m'4.34'[39m, [32m'3.41'[39m, [32m'0.00'[39m ]
data rcv RT:[ [32m'0.00'[39m, [32m'4.32'[39m, [32m'3.43'[39m, [32m'0.00'[39m ]
data rcv RT:[ [32m'0.00'[39m, [32m'4.29'[39m, [32m'3.42'[39m, [32m'0.00'[39m ]
data rcv RT:[ [32m'0.00'[39m, [32m'4.26'[39m, [32m'3.43'[39m, [32m'0.00'[39m ]
data rcv RT:[ [32m'0.00'[39m, [32m'4.26'[39m, [32m'3.41'[39m, [32m'0.00'[39m ]
data rcv RT:[ [32m'0.00'[39m, [32m'4.27'[39m, [32m'3.40'[39m, [32m'0.00'[39m ]
data rcv RT:[ [32m'0.00'[39m, [32m'4.27'[39m, [32m'3.40'[39m, [32m'0.00'[39m ]
data rcv RT:[ [32m'0.00'[39m, [32m'4.33'[39m, [32m'3.37'[39m, [32m'0.01'[39m ]
data rcv RT:[ [32m'0.00'[39m, [32m'4.34'[39m, [32m'3.37'[39m, [32m'0.01'[39m ]
data rcv RT:[ [32m'0.00'[39m, [32m'4.33'[39m, [32m'3.36'[39m, [32m'0.05'[39m ]
data rcv RT:[ [32m'0.00'[39m, [32m'4.38'[39m, [32m'3.39'[39m, [32m'0.00'[39m ]
data rcv RT:[ [32m'0.00'[39m, [32m'4.38'[39m, [32m'3.41'[39m, [32m'0.01'[39m ]
data rcv RT:[ [32m'0.00'[39m, [32m'4.36'[39m, [32m'3.42'[39m, [32m'0.00'[39m ]
data rcv RT:[ [32m'0.00'[39m, [32m'4.32'[39m, [32m'3.42'[39m, [32m'0.00'[39m ]
data rcv RT:[ [32m'0.00'[39m, [32m'4.33'[39m, [32m'3.41'[39m, [32m'0.00'[39m ]
data rcv RT:[ [32m'0.00'[39m, [32m'4.30'[39m, [32m'3.43'[39m, [32m'0.00'[39m ]
data rcv RT:[ [32m'0.00'[39m, [32m'4.29'[39m, [32m'3.47'[39m, [32m'0.00'[39m ]
data rcv RT:[ [32m'0.00'[39m, [32m'4.27'[39m, [32m'3.38'[39m, [32m'0.00'[39m ]
data rcv RT:[ [32m'0.00'[39m, [32m'4.28'[39m, [32m'3.38'[39m, [32m'0.00'[39m ]
data rcv RT:[ [32m'0.00'[39m, [32m'4.29'[39m, [32m'3.37'[39m, [32m'0.00'[39m ]
data rcv RT:[ [32m'0.00'[39m, [32m'4.28'[39m, [32m'3.36'[39m, [32m'0.00'[39m ]
data rcv RT:[ [32m'0.00'[39m, [32m'4.31'[39m, [32m'3.40'[39m, [32m'0.00'[39m ]
data rcv RT:[ [32m'0.00'[39m, [32m'4.33'[39m, [32m'3.37'[39m, [32m'0.02'[39m ]
data rcv RT:[ [32m'0.00'[39m, [32m'4.35'[39m, [32m'3.39'[39m, [32m'0.03'[39m ]
data rcv RT:[ [32m'0.00'[39m, [32m'4.39'[39m, [32m'3.42'[39m, [32m'0.01'[39m ]
data rcv RT:[ [32m'0.00'[39m, [32m'4.35'[39m, [32m'3.43'[39m, [32m'0.00'[39m ]
data rcv RT:[ [32m'0.00'[39m, [32m'4.35'[39m, [32m'3.42'[39m, [32m'0.00'[39m ]
data rcv RT:[ [32m'0.00'[39m, [32m'4.35'[39m, [32m'3.42'[39m, [32m'0.00'[39m ]
data rcv RT:[ [32m'0.00'[39m, [32m'4.33'[39m, [32m'3.42'[39m, [32m'0.00'[39m ]
data rcv RT:[ [32m'0.00'[39m, [32m'4.33'[39m, [32m'3.42'[39m, [32m'0.00'[39m ]
data rcv RT:[ [32m'0.00'[39m, [32m'4.30'[39m, [32m'3.43'[39m, [32m'0.00'[39m ]
data rcv RT:[ [32m'0.00'[39m, [32m'4.29'[39m, [32m'3.42'[39m, [32m'0.00'[39m ]
data rcv RT:[ [32m'0.00'[39m, [32m'4.28'[39m, [32m'3.39'[39m, [32m'0.00'[39m ]
data rcv RT:[ [32m'0.00'[39m, [32m'4.26'[39m, [32m'3.41'[39m, [32m'0.00'[39m ]
data rcv RT:[ [32m'0.00'[39m, [32m'4.28'[39m, [32m'3.39'[39m, [32m'0.00'[39m ]
data rcv RT:[ [32m'0.00'[39m, [32m'4.27'[39m, [32m'3.40'[39m, [32m'0.00'[39m ]
data rcv RT:[ [32m'0.00'[39m, [32m'4.31'[39m, [32m'3.36'[39m, [32m'0.01'[39m ]
data rcv RT:[ [32m'0.00'[39m, [32m'4.31'[39m, [32m'3.38'[39m, [32m'0.01'[39m ]
data rcv RT:[ [32m'0.00'[39m, [32m'4.34'[39m, [32m'3.38'[39m, [32m'0.05'[39m ]
data rcv RT:[ [32m'0.00'[39m, [32m'4.38'[39m, [32m'3.38'[39m, [32m'0.03'[39m ]
data rcv RT:[ [32m'0.00'[39m, [32m'4.36'[39m, [32m'3.38'[39m, [32m'0.00'[39m ]
data rcv RT:[ [32m'0.00'[39m, [32m'4.36'[39m, [32m'3.42'[39m, [32m'0.00'[39m ]
data rcv RT:[ [32m'0.00'[39m, [32m'4.37'[39m, [32m'3.40'[39m, [32m'0.00'[39m ]
data rcv RT:[ [32m'0.00'[39m, [32m'4.32'[39m, [32m'3.43'[39m, [32m'0.00'[39m ]
data rcv RT:[ [32m'0.00'[39m, [32m'4.32'[39m, [32m'3.42'[39m, [32m'0.00'[39m ]
data rcv RT:[ [32m'0.00'[39m, [32m'4.31'[39m, [32m'3.44'[39m, [32m'0.00'[39m ]
data rcv RT:[ [32m'0.00'[39m, [32m'4.30'[39m, [32m'3.44'[39m, [32m'0.00'[39m ]
data rcv RT:[ [32m'0.00'[39m, [32m'4.28'[39m, [32m'3.42'[39m, [32m'0.00'[39m ]
data rcv RT:[ [32m'0.00'[39m, [32m'4.26'[39m, [32m'3.42'[39m, [32m'0.00'[39m ]
data rcv RT:[ [32m'0.00'[39m, [32m'4.28'[39m, [32m'3.38'[39m, [32m'0.00'[39m ]
data rcv RT:[ [32m'0.00'[39m, [32m'4.28'[39m, [32m'3.39'[39m, [32m'0.00'[39m ]
data rcv RT:[ [32m'0.00'[39m, [32m'4.32'[39m, [32m'3.36'[39m, [32m'0.01'[39m ]
data rcv RT:[ [32m'0.00'[39m, [32m'4.32'[39m, [32m'3.39'[39m, [32m'0.01'[39m ]
data rcv RT:[ [32m'0.00'[39m, [32m'4.31'[39m, [32m'3.39'[39m, [32m'0.00'[39m ]
data rcv RT:[ [32m'0.00'[39m, [32m'4.34'[39m, [32m'3.37'[39m, [32m'0.04'[39m ]
data rcv RT:[ [32m'0.00'[39m, [32m'4.39'[39m, [32m'3.42'[39m, [32m'0.00'[39m ]
data rcv RT:[ [32m'0.00'[39m, [32m'4.36'[39m, [32m'3.42'[39m, [32m'0.00'[39m ]
data rcv RT:[ [32m'0.00'[39m, [32m'4.34'[39m, [32m'3.43'[39m, [32m'0.00'[39m ]
data rcv RT:[ [32m'0.00'[39m, [32m'4.32'[39m, [32m'3.42'[39m, [32m'0.00'[39m ]
data rcv RT:[ [32m'0.00'[39m, [32m'4.32'[39m, [32m'3.42'[39m, [32m'0.00'[39m ]
data rcv RT:[ [32m'0.00'[39m, [32m'4.31'[39m, [32m'3.42'[39m, [32m'0.00'[39m ]
data rcv RT:[ [32m'0.00'[39m, [32m'4.30'[39m, [32m'3.45'[39m, [32m'0.00'[39m ]
data rcv RT:[ [32m'0.00'[39m, [32m'4.29'[39m, [32m'3.41'[39m, [32m'0.00'[39m ]
data rcv RT:[ [32m'0.00'[39m, [32m'4.26'[39m, [32m'3.37'[39m, [32m'0.00'[39m ]
data rcv RT:[ [32m'0.00'[39m, [32m'4.28'[39m, [32m'3.41'[39m, [32m'0.00'[39m ]
data rcv RT:[ [32m'0.00'[39m, [32m'4.29'[39m, [32m'3.37'[39m, [32m'0.00'[39m ]
data rcv RT:[ [32m'0.00'[39m, [32m'4.32'[39m, [32m'3.39'[39m, [32m'0.00'[39m ]
data rcv RT:[ [32m'0.00'[39m, [32m'4.34'[39m, [32m'3.38'[39m, [32m'0.01'[39m ]
data rcv RT:[ [32m'0.00'[39m, [32m'4.35'[39m, [32m'3.37'[39m, [32m'0.04'[39m ]
data rcv RT:[ [32m'0.00'[39m, [32m'4.34'[39m, [32m'3.39'[39m, [32m'0.01'[39m ]
data rcv RT:[ [32m'0.00'[39m, [32m'4.37'[39m, [32m'3.39'[39m, [32m'0.00'[39m ]
data rcv RT:[ [32m'0.00'[39m, [32m'4.37'[39m, [32m'3.37'[39m, [32m'0.02'[39m ]
data rcv RT:[ [32m'0.00'[39m, [32m'4.32'[39m, [32m'3.42'[39m, [32m'0.00'[39m ]
data rcv RT:[ [32m'0.00'[39m, [32m'4.36'[39m, [32m'3.42'[39m, [32m'0.00'[39m ]
data rcv RT:[ [32m'0.00'[39m, [32m'4.33'[39m, [32m'3.43'[39m, [32m'0.00'[39m ]
data rcv RT:[ [32m'0.00'[39m, [32m'4.31'[39m, [32m'3.45'[39m, [32m'0.00'[39m ]
data rcv RT:[ [32m'0.00'[39m, [32m'4.30'[39m, [32m'3.43'[39m, [32m'0.00'[39m ]
data rcv RT:[ [32m'0.00'[39m, [32m'4.30'[39m, [32m'3.42'[39m, [32m'0.00'[39m ]
data rcv RT:[ [32m'0.00'[39m, [32m'4.27'[39m, [32m'3.42'[39m, [32m'0.00'[39m ]
data rcv RT:[ [32m'0.00'[39m, [32m'4.26'[39m, [32m'3.40'[39m, [32m'0.00'[39m ]
data rcv RT:[ [32m'0.00'[39m, [32m'4.27'[39m, [32m'3.38'[39m, [32m'0.00'[39m ]
data rcv RT:[ [32m'0.00'[39m, [32m'4.29'[39m, [32m'3.38'[39m, [32m'0.00'[39m ]
data rcv RT:[ [32m'0.00'[39m, [32m'4.30'[39m, [32m'3.39'[39m, [32m'0.01'[39m ]
data rcv RT:[ [32m'0.00'[39m, [32m'4.32'[39m, [32m'3.40'[39m, [32m'0.00'[39m ]
data rcv RT:[ [32m'0.00'[39m, [32m'4.33'[39m, [32m'3.37'[39m, [32m'0.02'[39m ]
data rcv RT:[ [32m'0.00'[39m, [32m'4.38'[39m, [32m'3.43'[39m, [32m'0.00'[39m ]
data rcv RT:[ [32m'0.00'[39m, [32m'4.39'[39m, [32m'3.41'[39m, [32m'0.00'[39m ]
data rcv RT:[ [32m'0.00'[39m, [32m'4.34'[39m, [32m'3.43'[39m, [32m'0.00'[39m ]
data rcv RT:[ [32m'0.00'[39m, [32m'4.33'[39m, [32m'3.42'[39m, [32m'0.00'[39m ]
data rcv RT:[ [32m'0.00'[39m, [32m'4.32'[39m, [32m'3.41'[39m, [32m'0.00'[39m ]
data rcv RT:[ [32m'0.00'[39m, [32m'4.29'[39m, [32m'3.44'[39m, [32m'0.00'[39m ]
data rcv RT:[ [32m'0.00'[39m, [32m'4.29'[39m, [32m'3.42'[39m, [32m'0.00'[39m ]
data rcv RT:[ [32m'0.00'[39m, [32m'4.27'[39m, [32m'3.41'[39m, [32m'0.00'[39m ]
data rcv RT:[ [32m'0.00'[39m, [32m'4.27'[39m, [32m'3.38'[39m, [32m'0.00'[39m ]
data rcv RT:[ [32m'0.00'[39m, [32m'4.26'[39m, [32m'3.39'[39m, [32m'0.00'[39m ]
data rcv RT:[ [32m'0.00'[39m, [32m'4.28'[39m, [32m'3.38'[39m, [32m'0.00'[39m ]
data rcv RT:[ [32m'0.00'[39m, [32m'4.32'[39m, [32m'3.38'[39m, [32m'0.01'[39m ]
data rcv RT:[ [32m'0.00'[39m, [32m'4.32'[39m, [32m'3.38'[39m, [32m'0.00'[39m ]
data rcv RT:[ [32m'0.00'[39m, [32m'4.30'[39m, [32m'3.39'[39m, [32m'0.00'[39m ]
data rcv RT:[ [32m'0.00'[39m, [32m'4.33'[39m, [32m'3.37'[39m, [32m'0.02'[39m ]
data rcv RT:[ [32m'0.00'[39m, [32m'4.33'[39m, [32m'3.39'[39m, [32m'0.02'[39m ]
data rcv RT:[ [32m'0.00'[39m, [32m'4.36'[39m, [32m'3.39'[39m, [32m'0.00'[39m ]
data rcv RT:[ [32m'0.00'[39m, [32m'4.37'[39m, [32m'3.40'[39m, [32m'0.00'[39m ]
data rcv RT:[ [32m'0.00'[39m, [32m'4.33'[39m, [32m'3.44'[39m, [32m'0.00'[39m ]
data rcv RT:[ [32m'0.00'[39m, [32m'4.34'[39m, [32m'3.40'[39m, [32m'0.00'[39m ]
data rcv RT:[ [32m'0.00'[39m, [32m'4.30'[39m, [32m'3.42'[39m, [32m'0.00'[39m ]
data rcv RT:[ [32m'0.00'[39m, [32m'4.31'[39m, [32m'3.45'[39m, [32m'0.00'[39m ]
data rcv RT:[ [32m'0.00'[39m, [32m'4.28'[39m, [32m'3.41'[39m, [32m'0.00'[39m ]
data rcv RT:[ [32m'0.00'[39m, [32m'4.25'[39m, [32m'3.40'[39m, [32m'0.00'[39m ]
data rcv RT:[ [32m'0.00'[39m, [32m'4.26'[39m, [32m'3.38'[39m, [32m'0.00'[39m ]
data rcv RT:[ [32m'0.00'[39m, [32m'4.29'[39m, [32m'3.38'[39m, [32m'0.01'[39m ]
data rcv RT:[ [32m'0.00'[39m, [32m'4.31'[39m, [32m'3.39'[39m, [32m'0.00'[39m ]
data rcv RT:[ [32m'0.00'[39m, [32m'4.32'[39m, [32m'3.40'[39m, [32m'0.00'[39m ]
data rcv RT:[ [32m'0.00'[39m, [32m'4.35'[39m, [32m'3.37'[39m, [32m'0.02'[39m ]
data rcv RT:[ [32m'0.00'[39m, [32m'4.35'[39m, [32m'3.37'[39m, [32m'0.02'[39m ]
data rcv RT:[ [32m'0.00'[39m, [32m'4.38'[39m, [32m'3.37'[39m, [32m'0.02'[39m ]
data rcv RT:[ [32m'0.00'[39m, [32m'4.37'[39m, [32m'3.38'[39m, [32m'0.01'[39m ]
data rcv RT:[ [32m'0.00'[39m, [32m'4.35'[39m, [32m'3.42'[39m, [32m'0.00'[39m ]
data rcv RT:[ [32m'0.00'[39m, [32m'4.36'[39m, [32m'3.43'[39m, [32m'0.00'[39m ]
data rcv RT:[ [32m'0.00'[39m, [32m'4.34'[39m, [32m'3.44'[39m, [32m'0.00'[39m ]
data rcv RT:[ [32m'0.00'[39m, [32m'4.33'[39m, [32m'3.44'[39m, [32m'0.00'[39m ]
data rcv RT:[ [32m'0.00'[39m, [32m'4.31'[39m, [32m'3.44'[39m, [32m'0.00'[39m ]
data rcv RT:[ [32m'0.00'[39m, [32m'4.30'[39m, [32m'3.42'[39m, [32m'0.00'[39m ]
data rcv RT:[ [32m'0.00'[39m, [32m'4.28'[39m, [32m'3.41'[39m, [32m'0.00'[39m ]
data rcv RT:[ [32m'0.00'[39m, [32m'4.28'[39m, [32m'3.40'[39m, [32m'0.00'[39m ]
data rcv RT:[ [32m'0.00'[39m, [32m'4.27'[39m, [32m'3.39'[39m, [32m'0.00'[39m ]
data rcv RT:[ [32m'0.00'[39m, [32m'4.29'[39m, [32m'3.37'[39m, [32m'0.00'[39m ]
data rcv RT:[ [32m'0.00'[39m, [32m'4.28'[39m, [32m'3.39'[39m, [32m'0.00'[39m ]
data rcv RT:[ [32m'0.00'[39m, [32m'4.31'[39m, [32m'3.38'[39m, [32m'0.01'[39m ]
data rcv RT:[ [32m'0.00'[39m, [32m'4.31'[39m, [32m'3.38'[39m, [32m'0.01'[39m ]
data rcv RT:[ [32m'0.00'[39m, [32m'4.30'[39m, [32m'3.40'[39m, [32m'0.00'[39m ]
data rcv RT:[ [32m'0.00'[39m, [32m'4.35'[39m, [32m'3.35'[39m, [32m'0.05'[39m ]
data rcv RT:[ [32m'0.00'[39m, [32m'4.35'[39m, [32m'3.36'[39m, [32m'0.04'[39m ]
data rcv RT:[ [32m'0.00'[39m, [32m'4.35'[39m, [32m'3.39'[39m, [32m'0.01'[39m ]
data rcv RT:[ [32m'0.00'[39m, [32m'4.36'[39m, [32m'3.40'[39m, [32m'0.02'[39m ]
data rcv RT:[ [32m'0.00'[39m, [32m'4.36'[39m, [32m'3.43'[39m, [32m'0.00'[39m ]
data rcv RT:[ [32m'0.00'[39m, [32m'4.33'[39m, [32m'3.41'[39m, [32m'0.00'[39m ]
data rcv RT:[ [32m'0.00'[39m, [32m'4.35'[39m, [32m'3.39'[39m, [32m'0.00'[39m ]
data rcv RT:[ [32m'0.00'[39m, [32m'4.36'[39m, [32m'3.43'[39m, [32m'0.00'[39m ]
data rcv RT:[ [32m'0.00'[39m, [32m'4.33'[39m, [32m'3.44'[39m, [32m'0.00'[39m ]
data rcv RT:[ [32m'0.00'[39m, [32m'4.33'[39m, [32m'3.41'[39m, [32m'0.00'[39m ]
data rcv RT:[ [32m'0.00'[39m, [32m'4.29'[39m, [32m'3.42'[39m, [32m'0.00'[39m ]
data rcv RT:[ [32m'0.00'[39m, [32m'4.29'[39m, [32m'3.46'[39m, [32m'0.00'[39m ]
data rcv RT:[ [32m'0.00'[39m, [32m'4.28'[39m, [32m'3.41'[39m, [32m'0.00'[39m ]
data rcv RT:[ [32m'0.00'[39m, [32m'4.29'[39m, [32m'3.41'[39m, [32m'0.00'[39m ]
data rcv RT:[ [32m'0.00'[39m, [32m'4.27'[39m, [32m'3.40'[39m, [32m'0.00'[39m ]
data rcv RT:[ [32m'0.00'[39m, [32m'4.32'[39m, [32m'3.38'[39m, [32m'0.01'[39m ]
data rcv RT:[ [32m'0.00'[39m, [32m'4.31'[39m, [32m'3.38'[39m, [32m'0.00'[39m ]
data rcv RT:[ [32m'0.00'[39m, [32m'4.34'[39m, [32m'3.36'[39m, [32m'0.01'[39m ]
data rcv RT:[ [32m'0.00'[39m, [32m'4.36'[39m, [32m'3.39'[39m, [32m'0.02'[39m ]
data rcv RT:[ [32m'0.00'[39m, [32m'4.33'[39m, [32m'3.39'[39m, [32m'0.04'[39m ]
data rcv RT:[ [32m'0.00'[39m, [32m'4.37'[39m, [32m'3.37'[39m, [32m'0.02'[39m ]
data rcv RT:[ [32m'0.00'[39m, [32m'4.35'[39m, [32m'3.42'[39m, [32m'0.00'[39m ]
data rcv RT:[ [32m'0.00'[39m, [32m'4.32'[39m, [32m'3.44'[39m, [32m'0.00'[39m ]
data rcv RT:[ [32m'0.00'[39m, [32m'4.32'[39m, [32m'3.42'[39m, [32m'0.00'[39m ]
data rcv RT:[ [32m'0.00'[39m, [32m'4.32'[39m, [32m'3.41'[39m, [32m'0.00'[39m ]
data rcv RT:[ [32m'0.00'[39m, [32m'4.30'[39m, [32m'3.42'[39m, [32m'0.00'[39m ]
data rcv RT:[ [32m'0.00'[39m, [32m'4.26'[39m, [32m'3.40'[39m, [32m'0.00'[39m ]
data rcv RT:[ [32m'0.00'[39m, [32m'4.26'[39m, [32m'3.43'[39m, [32m'0.00'[39m ]
data rcv RT:[ [32m'0.00'[39m, [32m'4.28'[39m, [32m'3.36'[39m, [32m'0.00'[39m ]
data rcv RT:[ [32m'0.00'[39m, [32m'4.26'[39m, [32m'3.39'[39m, [32m'0.00'[39m ]
data rcv RT:[ [32m'0.00'[39m, [32m'4.28'[39m, [32m'3.39'[39m, [32m'0.00'[39m ]
data rcv RT:[ [32m'0.00'[39m, [32m'4.30'[39m, [32m'3.39'[39m, [32m'0.00'[39m ]
data rcv RT:[ [32m'0.00'[39m, [32m'4.32'[39m, [32m'3.38'[39m, [32m'0.01'[39m ]
data rcv RT:[ [32m'0.00'[39m, [32m'4.34'[39m, [32m'3.38'[39m, [32m'0.04'[39m ]
data rcv RT:[ [32m'0.00'[39m, [32m'4.36'[39m, [32m'3.38'[39m, [32m'0.01'[39m ]
data rcv RT:[ [32m'0.00'[39m, [32m'4.36'[39m, [32m'3.42'[39m, [32m'0.00'[39m ]
data rcv RT:[ [32m'0.00'[39m, [32m'4.35'[39m, [32m'3.42'[39m, [32m'0.00'[39m ]
data rcv RT:[ [32m'0.00'[39m, [32m'4.33'[39m, [32m'3.44'[39m, [32m'0.00'[39m ]
data rcv RT:[ [32m'0.00'[39m, [32m'4.31'[39m, [32m'3.42'[39m, [32m'0.00'[39m ]
data rcv RT:[ [32m'0.00'[39m, [32m'4.32'[39m, [32m'3.45'[39m, [32m'0.00'[39m ]
data rcv RT:[ [32m'0.00'[39m, [32m'4.31'[39m, [32m'3.44'[39m, [32m'0.00'[39m ]
data rcv RT:[ [32m'0.00'[39m, [32m'4.26'[39m, [32m'3.42'[39m, [32m'0.00'[39m ]
data rcv RT:[ [32m'0.00'[39m, [32m'4.28'[39m, [32m'3.38'[39m, [32m'0.00'[39m ]
data rcv RT:[ [32m'0.00'[39m, [32m'4.26'[39m, [32m'3.39'[39m, [32m'0.00'[39m ]
data rcv RT:[ [32m'0.00'[39m, [32m'4.33'[39m, [32m'3.37'[39m, [32m'0.01'[39m ]
data rcv RT:[ [32m'0.00'[39m, [32m'4.35'[39m, [32m'3.37'[39m, [32m'0.02'[39m ]
data rcv RT:[ [32m'0.00'[39m, [32m'4.37'[39m, [32m'3.39'[39m, [32m'0.03'[39m ]
data rcv RT:[ [32m'0.00'[39m, [32m'4.39'[39m, [32m'3.42'[39m, [32m'0.00'[39m ]
data rcv RT:[ [32m'0.00'[39m, [32m'4.35'[39m, [32m'3.40'[39m, [32m'0.00'[39m ]
data rcv RT:[ [32m'0.00'[39m, [32m'4.32'[39m, [32m'3.43'[39m, [32m'0.00'[39m ]
data rcv RT:[ [32m'0.00'[39m, [32m'4.29'[39m, [32m'3.41'[39m, [32m'0.00'[39m ]
data rcv RT:[ [32m'0.00'[39m, [32m'4.29'[39m, [32m'3.44'[39m, [32m'0.00'[39m ]
data rcv RT:[ [32m'0.00'[39m, [32m'4.26'[39m, [32m'3.41'[39m, [32m'0.00'[39m ]
data rcv RT:[ [32m'0.00'[39m, [32m'4.27'[39m, [32m'3.42'[39m, [32m'0.00'[39m ]
data rcv RT:[ [32m'0.00'[39m, [32m'4.29'[39m, [32m'3.38'[39m, [32m'0.00'[39m ]
data rcv RT:[ [32m'0.00'[39m, [32m'4.30'[39m, [32m'3.37'[39m, [32m'0.00'[39m ]
data rcv RT:[ [32m'0.00'[39m, [32m'4.29'[39m, [32m'3.40'[39m, [32m'0.01'[39m ]
data rcv RT:[ [32m'0.00'[39m, [32m'4.32'[39m, [32m'3.38'[39m, [32m'0.02'[39m ]
data rcv RT:[ [32m'0.00'[39m, [32m'4.36'[39m, [32m'3.37'[39m, [32m'0.03'[39m ]
data rcv RT:[ [32m'0.00'[39m, [32m'4.39'[39m, [32m'3.42'[39m, [32m'0.00'[39m ]
data rcv RT:[ [32m'0.00'[39m, [32m'4.34'[39m, [32m'3.41'[39m, [32m'0.00'[39m ]
data rcv RT:[ [32m'0.00'[39m, [32m'4.32'[39m, [32m'3.41'[39m, [32m'0.00'[39m ]
data rcv RT:[ [32m'0.00'[39m, [32m'4.32'[39m, [32m'3.42'[39m, [32m'0.00'[39m ]
data rcv RT:[ [32m'0.00'[39m, [32m'4.29'[39m, [32m'3.45'[39m, [32m'0.00'[39m ]
data rcv RT:[ [32m'0.00'[39m, [32m'4.31'[39m, [32m'3.45'[39m, [32m'0.00'[39m ]
data rcv RT:[ [32m'0.00'[39m, [32m'4.25'[39m, [32m'3.38'[39m, [32m'0.00'[39m ]
data rcv RT:[ [32m'0.00'[39m, [32m'4.26'[39m, [32m'3.40'[39m, [32m'0.00'[39m ]
data rcv RT:[ [32m'0.00'[39m, [32m'4.29'[39m, [32m'3.38'[39m, [32m'0.00'[39m ]
data rcv RT:[ [32m'0.00'[39m, [32m'4.31'[39m, [32m'3.39'[39m, [32m'0.01'[39m ]
data rcv RT:[ [32m'0.00'[39m, [32m'4.34'[39m, [32m'3.37'[39m, [32m'0.01'[39m ]
data rcv RT:[ [32m'0.00'[39m, [32m'4.35'[39m, [32m'3.35'[39m, [32m'0.03'[39m ]
data rcv RT:[ [32m'0.00'[39m, [32m'4.35'[39m, [32m'3.37'[39m, [32m'0.01'[39m ]
data rcv RT:[ [32m'0.00'[39m, [32m'4.34'[39m, [32m'3.37'[39m, [32m'0.01'[39m ]
data rcv RT:[ [32m'0.00'[39m, [32m'4.36'[39m, [32m'3.37'[39m, [32m'0.02'[39m ]
data rcv RT:[ [32m'0.00'[39m, [32m'4.36'[39m, [32m'3.41'[39m, [32m'0.00'[39m ]
data rcv RT:[ [32m'0.00'[39m, [32m'4.37'[39m, [32m'3.41'[39m, [32m'0.00'[39m ]
data rcv RT:[ [32m'0.00'[39m, [32m'4.34'[39m, [32m'3.43'[39m, [32m'0.00'[39m ]
data rcv RT:[ [32m'0.00'[39m, [32m'4.31'[39m, [32m'3.45'[39m, [32m'0.00'[39m ]
data rcv RT:[ [32m'0.00'[39m, [32m'4.29'[39m, [32m'3.43'[39m, [32m'0.00'[39m ]
data rcv RT:[ [32m'0.00'[39m, [32m'4.31'[39m, [32m'3.44'[39m, [32m'0.00'[39m ]
data rcv RT:[ [32m'0.00'[39m, [32m'4.29'[39m, [32m'3.44'[39m, [32m'0.00'[39m ]
data rcv RT:[ [32m'0.00'[39m, [32m'4.29'[39m, [32m'3.41'[39m, [32m'0.00'[39m ]
data rcv RT:[ [32m'0.00'[39m, [32m'4.27'[39m, [32m'3.40'[39m, [32m'0.00'[39m ]
data rcv RT:[ [32m'0.00'[39m, [32m'4.29'[39m, [32m'3.39'[39m, [32m'0.00'[39m ]
data rcv RT:[ [32m'0.00'[39m, [32m'4.28'[39m, [32m'3.38'[39m, [32m'0.00'[39m ]
data rcv RT:[ [32m'0.00'[39m, [32m'4.32'[39m, [32m'3.34'[39m, [32m'0.05'[39m ]
data rcv RT:[ [32m'0.00'[39m, [32m'4.33'[39m, [32m'3.36'[39m, [32m'0.04'[39m ]
data rcv RT:[ [32m'0.00'[39m, [32m'4.32'[39m, [32m'3.37'[39m, [32m'0.01'[39m ]
data rcv RT:[ [32m'0.00'[39m, [32m'4.36'[39m, [32m'3.42'[39m, [32m'0.03'[39m ]
data rcv RT:[ [32m'0.00'[39m, [32m'4.37'[39m, [32m'3.42'[39m, [32m'0.00'[39m ]
data rcv RT:[ [32m'0.00'[39m, [32m'4.31'[39m, [32m'3.43'[39m, [32m'0.00'[39m ]
data rcv RT:[ [32m'0.00'[39m, [32m'4.30'[39m, [32m'3.43'[39m, [32m'0.00'[39m ]
data rcv RT:[ [32m'0.00'[39m, [32m'4.31'[39m, [32m'3.42'[39m, [32m'0.00'[39m ]
data rcv RT:[ [32m'0.00'[39m, [32m'4.30'[39m, [32m'3.42'[39m, [32m'0.00'[39m ]
data rcv RT:[ [32m'0.00'[39m, [32m'4.27'[39m, [32m'3.41'[39m, [32m'0.00'[39m ]
data rcv RT:[ [32m'0.00'[39m, [32m'4.28'[39m, [32m'3.39'[39m, [32m'0.00'[39m ]
data rcv RT:[ [32m'0.00'[39m, [32m'4.27'[39m, [32m'3.39'[39m, [32m'0.00'[39m ]
data rcv RT:[ [32m'0.00'[39m, [32m'4.32'[39m, [32m'3.38'[39m, [32m'0.00'[39m ]
data rcv RT:[ [32m'0.00'[39m, [32m'4.31'[39m, [32m'3.36'[39m, [32m'0.00'[39m ]
data rcv RT:[ [32m'0.00'[39m, [32m'4.31'[39m, [32m'3.38'[39m, [32m'0.00'[39m ]
data rcv RT:[ [32m'0.00'[39m, [32m'4.34'[39m, [32m'3.36'[39m, [32m'0.04'[39m ]
data rcv RT:[ [32m'0.00'[39m, [32m'4.37'[39m, [32m'3.39'[39m, [32m'0.01'[39m ]
data rcv RT:[ [32m'0.00'[39m, [32m'4.38'[39m, [32m'3.42'[39m, [32m'0.00'[39m ]
data rcv RT:[ [32m'0.00'[39m, [32m'4.35'[39m, [32m'3.44'[39m, [32m'0.00'[39m ]
data rcv RT:[ [32m'0.00'[39m, [32m'4.31'[39m, [32m'3.43'[39m, [32m'0.00'[39m ]
data rcv RT:[ [32m'0.00'[39m, [32m'4.31'[39m, [32m'3.42'[39m, [32m'0.00'[39m ]
data rcv RT:[ [32m'0.00'[39m, [32m'4.28'[39m, [32m'3.43'[39m, [32m'0.00'[39m ]
data rcv RT:[ [32m'0.00'[39m, [32m'4.30'[39m, [32m'3.43'[39m, [32m'0.00'[39m ]
data rcv RT:[ [32m'0.00'[39m, [32m'4.27'[39m, [32m'3.42'[39m, [32m'0.00'[39m ]
data rcv RT:[ [32m'0.00'[39m, [32m'4.26'[39m, [32m'3.38'[39m, [32m'0.00'[39m ]
data rcv RT:[ [32m'0.00'[39m, [32m'4.29'[39m, [32m'3.38'[39m, [32m'0.00'[39m ]
data rcv RT:[ [32m'0.00'[39m, [32m'4.29'[39m, [32m'3.37'[39m, [32m'0.00'[39m ]
data rcv RT:[ [32m'0.00'[39m, [32m'4.31'[39m, [32m'3.38'[39m, [32m'0.00'[39m ]
data rcv RT:[ [32m'0.00'[39m, [32m'4.34'[39m, [32m'3.37'[39m, [32m'0.04'[39m ]
data rcv RT:[ [32m'0.00'[39m, [32m'4.35'[39m, [32m'3.35'[39m, [32m'0.03'[39m ]
data rcv RT:[ [32m'0.00'[39m, [32m'4.38'[39m, [32m'3.38'[39m, [32m'0.03'[39m ]
data rcv RT:[ [32m'0.00'[39m, [32m'4.36'[39m, [32m'3.39'[39m, [32m'0.00'[39m ]
data rcv RT:[ [32m'0.00'[39m, [32m'4.36'[39m, [32m'3.39'[39m, [32m'0.01'[39m ]
data rcv RT:[ [32m'0.00'[39m, [32m'4.35'[39m, [32m'3.42'[39m, [32m'0.00'[39m ]
data rcv RT:[ [32m'0.00'[39m, [32m'4.34'[39m, [32m'3.42'[39m, [32m'0.00'[39m ]
data rcv RT:[ [32m'0.00'[39m, [32m'4.33'[39m, [32m'3.43'[39m, [32m'0.00'[39m ]
data rcv RT:[ [32m'0.00'[39m, [32m'4.30'[39m, [32m'3.44'[39m, [32m'0.00'[39m ]
data rcv RT:[ [32m'0.00'[39m, [32m'4.32'[39m, [32m'3.43'[39m, [32m'0.00'[39m ]
data rcv RT:[ [32m'0.00'[39m, [32m'4.28'[39m, [32m'3.41'[39m, [32m'0.00'[39m ]
data rcv RT:[ [32m'0.00'[39m, [32m'4.27'[39m, [32m'3.46'[39m, [32m'0.00'[39m ]
data rcv RT:[ [32m'0.00'[39m, [32m'4.27'[39m, [32m'3.41'[39m, [32m'0.00'[39m ]
data rcv RT:[ [32m'0.00'[39m, [32m'4.29'[39m, [32m'3.38'[39m, [32m'0.00'[39m ]
data rcv RT:[ [32m'0.00'[39m, [32m'4.33'[39m, [32m'3.38'[39m, [32m'0.01'[39m ]
data rcv RT:[ [32m'0.00'[39m, [32m'4.31'[39m, [32m'3.40'[39m, [32m'0.00'[39m ]
data rcv RT:[ [32m'0.00'[39m, [32m'4.31'[39m, [32m'3.33'[39m, [32m'0.04'[39m ]
data rcv RT:[ [32m'0.00'[39m, [32m'4.36'[39m, [32m'3.38'[39m, [32m'0.04'[39m ]
data rcv RT:[ [32m'0.00'[39m, [32m'4.38'[39m, [32m'3.39'[39m, [32m'0.00'[39m ]
data rcv RT:[ [32m'0.00'[39m, [32m'4.37'[39m, [32m'3.42'[39m, [32m'0.00'[39m ]
data rcv RT:[ [32m'0.00'[39m, [32m'4.33'[39m, [32m'3.41'[39m, [32m'0.00'[39m ]
data rcv RT:[ [32m'0.00'[39m, [32m'4.30'[39m, [32m'3.43'[39m, [32m'0.00'[39m ]
data rcv RT:[ [32m'0.00'[39m, [32m'4.31'[39m, [32m'3.43'[39m, [32m'0.00'[39m ]
data rcv RT:[ [32m'0.00'[39m, [32m'4.26'[39m, [32m'3.39'[39m, [32m'0.00'[39m ]
data rcv RT:[ [32m'0.00'[39m, [32m'4.27'[39m, [32m'3.44'[39m, [32m'0.00'[39m ]
data rcv RT:[ [32m'0.00'[39m, [32m'4.28'[39m, [32m'3.40'[39m, [32m'0.00'[39m ]
data rcv RT:[ [32m'0.00'[39m, [32m'4.31'[39m, [32m'3.36'[39m, [32m'0.00'[39m ]
data rcv RT:[ [32m'0.00'[39m, [32m'4.31'[39m, [32m'3.38'[39m, [32m'0.00'[39m ]
data rcv RT:[ [32m'0.00'[39m, [32m'4.32'[39m, [32m'3.39'[39m, [32m'0.01'[39m ]
data rcv RT:[ [32m'0.00'[39m, [32m'4.34'[39m, [32m'3.39'[39m, [32m'0.03'[39m ]
data rcv RT:[ [32m'0.00'[39m, [32m'4.35'[39m, [32m'3.38'[39m, [32m'0.01'[39m ]
data rcv RT:[ [32m'0.00'[39m, [32m'4.37'[39m, [32m'3.40'[39m, [32m'0.02'[39m ]
data rcv RT:[ [32m'0.00'[39m, [32m'4.35'[39m, [32m'3.43'[39m, [32m'0.00'[39m ]
data rcv RT:[ [32m'0.00'[39m, [32m'4.34'[39m, [32m'3.42'[39m, [32m'0.00'[39m ]
data rcv RT:[ [32m'0.00'[39m, [32m'4.32'[39m, [32m'3.41'[39m, [32m'0.00'[39m ]
data rcv RT:[ [32m'0.00'[39m, [32m'4.31'[39m, [32m'3.42'[39m, [32m'0.00'[39m ]
data rcv RT:[ [32m'0.00'[39m, [32m'4.27'[39m, [32m'3.43'[39m, [32m'0.00'[39m ]
data rcv RT:[ [32m'0.00'[39m, [32m'4.28'[39m, [32m'3.41'[39m, [32m'0.00'[39m ]
data rcv RT:[ [32m'0.00'[39m, [32m'4.25'[39m, [32m'3.42'[39m, [32m'0.00'[39m ]
data rcv RT:[ [32m'0.00'[39m, [32m'4.28'[39m, [32m'3.37'[39m, [32m'0.01'[39m ]
data rcv RT:[ [32m'0.00'[39m, [32m'4.33'[39m, [32m'3.38'[39m, [32m'0.02'[39m ]
data rcv RT:[ [32m'0.00'[39m, [32m'4.34'[39m, [32m'3.39'[39m, [32m'0.01'[39m ]
data rcv RT:[ [32m'0.00'[39m, [32m'4.34'[39m, [32m'3.38'[39m, [32m'0.04'[39m ]
data rcv RT:[ [32m'0.00'[39m, [32m'4.39'[39m, [32m'3.42'[39m, [32m'0.00'[39m ]
data rcv RT:[ [32m'0.00'[39m, [32m'4.34'[39m, [32m'3.45'[39m, [32m'0.00'[39m ]
data rcv RT:[ [32m'0.00'[39m, [32m'4.34'[39m, [32m'3.44'[39m, [32m'0.00'[39m ]
data rcv RT:[ [32m'0.00'[39m, [32m'4.34'[39m, [32m'3.40'[39m, [32m'0.00'[39m ]
data rcv RT:[ [32m'0.00'[39m, [32m'4.31'[39m, [32m'3.43'[39m, [32m'0.00'[39m ]
data rcv RT:[ [32m'0.00'[39m, [32m'4.30'[39m, [32m'3.42'[39m, [32m'0.00'[39m ]
data rcv RT:[ [32m'0.00'[39m, [32m'4.26'[39m, [32m'3.42'[39m, [32m'0.00'[39m ]
data rcv RT:[ [32m'0.00'[39m, [32m'4.28'[39m, [32m'3.40'[39m, [32m'0.00'[39m ]
data rcv RT:[ [32m'0.00'[39m, [32m'4.28'[39m, [32m'3.38'[39m, [32m'0.00'[39m ]
data rcv RT:[ [32m'0.00'[39m, [32m'4.29'[39m, [32m'3.37'[39m, [32m'0.00'[39m ]
data rcv RT:[ [32m'0.00'[39m, [32m'4.35'[39m, [32m'3.37'[39m, [32m'0.04'[39m ]
data rcv RT:[ [32m'0.00'[39m, [32m'4.37'[39m, [32m'3.40'[39m, [32m'0.00'[39m ]
data rcv RT:[ [32m'0.00'[39m, [32m'4.33'[39m, [32m'3.40'[39m, [32m'0.01'[39m ]
data rcv RT:[ [32m'0.00'[39m, [32m'4.35'[39m, [32m'3.42'[39m, [32m'0.00'[39m ]
data rcv RT:[ [32m'0.00'[39m, [32m'4.34'[39m, [32m'3.42'[39m, [32m'0.00'[39m ]
data rcv RT:[ [32m'0.00'[39m, [32m'4.32'[39m, [32m'3.42'[39m, [32m'0.00'[39m ]
data rcv RT:[ [32m'0.00'[39m, [32m'4.30'[39m, [32m'3.43'[39m, [32m'0.00'[39m ]
data rcv RT:[ [32m'0.00'[39m, [32m'4.31'[39m, [32m'3.44'[39m, [32m'0.00'[39m ]
data rcv RT:[ [32m'0.00'[39m, [32m'4.27'[39m, [32m'3.43'[39m, [32m'0.00'[39m ]
data rcv RT:[ [32m'0.00'[39m, [32m'4.27'[39m, [32m'3.39'[39m, [32m'0.00'[39m ]
data rcv RT:[ [32m'0.00'[39m, [32m'4.28'[39m, [32m'3.38'[39m, [32m'0.00'[39m ]
data rcv RT:[ [32m'0.00'[39m, [32m'4.30'[39m, [32m'3.37'[39m, [32m'0.00'[39m ]
data rcv RT:[ [32m'0.00'[39m, [32m'4.32'[39m, [32m'3.38'[39m, [32m'0.03'[39m ]
data rcv RT:[ [32m'0.00'[39m, [32m'4.36'[39m, [32m'3.37'[39m, [32m'0.02'[39m ]
data rcv RT:[ [32m'0.00'[39m, [32m'4.37'[39m, [32m'3.41'[39m, [32m'0.02'[39m ]
data rcv RT:[ [32m'0.00'[39m, [32m'4.36'[39m, [32m'3.44'[39m, [32m'0.00'[39m ]
data rcv RT:[ [32m'0.00'[39m, [32m'4.35'[39m, [32m'3.43'[39m, [32m'0.00'[39m ]
data rcv RT:[ [32m'0.00'[39m, [32m'4.33'[39m, [32m'3.43'[39m, [32m'0.00'[39m ]
data rcv RT:[ [32m'0.00'[39m, [32m'4.32'[39m, [32m'3.43'[39m, [32m'0.00'[39m ]
data rcv RT:[ [32m'0.00'[39m, [32m'4.32'[39m, [32m'3.43'[39m, [32m'0.00'[39m ]
data rcv RT:[ [32m'0.00'[39m, [32m'4.29'[39m, [32m'3.45'[39m, [32m'0.00'[39m ]
data rcv RT:[ [32m'0.00'[39m, [32m'4.29'[39m, [32m'3.41'[39m, [32m'0.00'[39m ]
data rcv RT:[ [32m'0.00'[39m, [32m'4.28'[39m, [32m'3.38'[39m, [32m'0.00'[39m ]
data rcv RT:[ [32m'0.00'[39m, [32m'4.29'[39m, [32m'3.37'[39m, [32m'0.00'[39m ]
data rcv RT:[ [32m'0.00'[39m, [32m'4.27'[39m, [32m'3.38'[39m, [32m'0.00'[39m ]
data rcv RT:[ [32m'0.00'[39m, [32m'4.32'[39m, [32m'3.38'[39m, [32m'0.00'[39m ]
data rcv RT:[ [32m'0.00'[39m, [32m'4.33'[39m, [32m'3.40'[39m, [32m'0.01'[39m ]
data rcv RT:[ [32m'0.00'[39m, [32m'4.37'[39m, [32m'3.40'[39m, [32m'0.01'[39m ]
data rcv RT:[ [32m'0.00'[39m, [32m'4.37'[39m, [32m'3.36'[39m, [32m'0.02'[39m ]
data rcv RT:[ [32m'0.00'[39m, [32m'4.37'[39m, [32m'3.40'[39m, [32m'0.00'[39m ]
data rcv RT:[ [32m'0.00'[39m, [32m'4.34'[39m, [32m'3.41'[39m, [32m'0.00'[39m ]
data rcv RT:[ [32m'0.00'[39m, [32m'4.35'[39m, [32m'3.44'[39m, [32m'0.00'[39m ]
data rcv RT:[ [32m'0.00'[39m, [32m'4.31'[39m, [32m'3.43'[39m, [32m'0.00'[39m ]
data rcv RT:[ [32m'0.00'[39m, [32m'4.32'[39m, [32m'3.41'[39m, [32m'0.00'[39m ]
data rcv RT:[ [32m'0.00'[39m, [32m'4.28'[39m, [32m'3.45'[39m, [32m'0.00'[39m ]
data rcv RT:[ [32m'0.00'[39m, [32m'4.29'[39m, [32m'3.41'[39m, [32m'0.00'[39m ]
data rcv RT:[ [32m'0.00'[39m, [32m'4.28'[39m, [32m'3.43'[39m, [32m'0.00'[39m ]
data rcv RT:[ [32m'0.00'[39m, [32m'4.27'[39m, [32m'3.40'[39m, [32m'0.00'[39m ]
data rcv RT:[ [32m'0.00'[39m, [32m'4.31'[39m, [32m'3.37'[39m, [32m'0.01'[39m ]
data rcv RT:[ [32m'0.00'[39m, [32m'4.31'[39m, [32m'3.38'[39m, [32m'0.01'[39m ]
data rcv RT:[ [32m'0.00'[39m, [32m'4.34'[39m, [32m'3.40'[39m, [32m'0.00'[39m ]
data rcv RT:[ [32m'0.00'[39m, [32m'4.36'[39m, [32m'3.37'[39m, [32m'0.04'[39m ]
data rcv RT:[ [32m'0.00'[39m, [32m'4.37'[39m, [32m'3.40'[39m, [32m'0.01'[39m ]
data rcv RT:[ [32m'0.00'[39m, [32m'4.35'[39m, [32m'3.41'[39m, [32m'0.00'[39m ]
data rcv RT:[ [32m'0.00'[39m, [32m'4.30'[39m, [32m'3.44'[39m, [32m'0.00'[39m ]
data rcv RT:[ [32m'0.00'[39m, [32m'4.28'[39m, [32m'3.43'[39m, [32m'0.00'[39m ]
data rcv RT:[ [32m'0.00'[39m, [32m'4.29'[39m, [32m'3.44'[39m, [32m'0.00'[39m ]
data rcv RT:[ [32m'0.00'[39m, [32m'4.26'[39m, [32m'3.42'[39m, [32m'0.00'[39m ]
data rcv RT:[ [32m'0.00'[39m, [32m'4.27'[39m, [32m'3.38'[39m, [32m'0.00'[39m ]
data rcv RT:[ [32m'0.00'[39m, [32m'4.27'[39m, [32m'3.38'[39m, [32m'0.00'[39m ]
data rcv RT:[ [32m'0.00'[39m, [32m'4.27'[39m, [32m'3.38'[39m, [32m'0.00'[39m ]
data rcv RT:[ [32m'0.00'[39m, [32m'4.30'[39m, [32m'3.38'[39m, [32m'0.00'[39m ]
data rcv RT:[ [32m'0.00'[39m, [32m'4.33'[39m, [32m'3.39'[39m, [32m'0.02'[39m ]
data rcv RT:[ [32m'0.00'[39m, [32m'4.36'[39m, [32m'3.37'[39m, [32m'0.03'[39m ]
data rcv RT:[ [32m'0.00'[39m, [32m'4.36'[39m, [32m'3.40'[39m, [32m'0.03'[39m ]
data rcv RT:[ [32m'0.00'[39m, [32m'4.38'[39m, [32m'3.40'[39m, [32m'0.00'[39m ]
data rcv RT:[ [32m'0.00'[39m, [32m'4.36'[39m, [32m'3.42'[39m, [32m'0.00'[39m ]
data rcv RT:[ [32m'0.00'[39m, [32m'4.32'[39m, [32m'3.44'[39m, [32m'0.00'[39m ]
data rcv RT:[ [32m'0.00'[39m, [32m'4.36'[39m, [32m'3.43'[39m, [32m'0.00'[39m ]
data rcv RT:[ [32m'0.00'[39m, [32m'4.31'[39m, [32m'3.44'[39m, [32m'0.00'[39m ]
data rcv RT:[ [32m'0.00'[39m, [32m'4.30'[39m, [32m'3.43'[39m, [32m'0.00'[39m ]
data rcv RT:[ [32m'0.00'[39m, [32m'4.30'[39m, [32m'3.43'[39m, [32m'0.00'[39m ]
data rcv RT:[ [32m'0.00'[39m, [32m'4.29'[39m, [32m'3.46'[39m, [32m'0.00'[39m ]
data rcv RT:[ [32m'0.00'[39m, [32m'4.29'[39m, [32m'3.43'[39m, [32m'0.00'[39m ]
data rcv RT:[ [32m'0.00'[39m, [32m'4.25'[39m, [32m'3.40'[39m, [32m'0.00'[39m ]
data rcv RT:[ [32m'0.00'[39m, [32m'4.28'[39m, [32m'3.38'[39m, [32m'0.00'[39m ]
data rcv RT:[ [32m'0.00'[39m, [32m'4.26'[39m, [32m'3.40'[39m, [32m'0.00'[39m ]
data rcv RT:[ [32m'0.00'[39m, [32m'4.28'[39m, [32m'3.38'[39m, [32m'0.00'[39m ]
data rcv RT:[ [32m'0.00'[39m, [32m'4.27'[39m, [32m'3.39'[39m, [32m'0.00'[39m ]
data rcv RT:[ [32m'0.00'[39m, [32m'4.32'[39m, [32m'3.37'[39m, [32m'0.01'[39m ]
data rcv RT:[ [32m'0.00'[39m, [32m'4.33'[39m, [32m'3.39'[39m, [32m'0.00'[39m ]
data rcv RT:[ [32m'0.00'[39m, [32m'4.33'[39m, [32m'3.38'[39m, [32m'0.02'[39m ]
data rcv RT:[ [32m'0.00'[39m, [32m'4.34'[39m, [32m'3.37'[39m, [32m'0.02'[39m ]
data rcv RT:[ [32m'0.00'[39m, [32m'4.38'[39m, [32m'3.39'[39m, [32m'0.01'[39m ]
data rcv RT:[ [32m'0.00'[39m, [32m'4.36'[39m, [32m'3.39'[39m, [32m'0.01'[39m ]
data rcv RT:[ [32m'0.00'[39m, [32m'4.35'[39m, [32m'3.40'[39m, [32m'0.00'[39m ]
data rcv RT:[ [32m'0.00'[39m, [32m'4.35'[39m, [32m'3.40'[39m, [32m'0.00'[39m ]
data rcv RT:[ [32m'0.00'[39m, [32m'4.34'[39m, [32m'3.44'[39m, [32m'0.00'[39m ]
data rcv RT:[ [32m'0.00'[39m, [32m'4.30'[39m, [32m'3.42'[39m, [32m'0.00'[39m ]
data rcv RT:[ [32m'0.00'[39m, [32m'4.32'[39m, [32m'3.42'[39m, [32m'0.00'[39m ]
data rcv RT:[ [32m'0.00'[39m, [32m'4.28'[39m, [32m'3.41'[39m, [32m'0.00'[39m ]
data rcv RT:[ [32m'0.00'[39m, [32m'4.26'[39m, [32m'3.41'[39m, [32m'0.00'[39m ]
data rcv RT:[ [32m'0.00'[39m, [32m'4.27'[39m, [32m'3.42'[39m, [32m'0.00'[39m ]
data rcv RT:[ [32m'0.00'[39m, [32m'4.26'[39m, [32m'3.38'[39m, [32m'0.00'[39m ]
data rcv RT:[ [32m'0.00'[39m, [32m'4.28'[39m, [32m'3.40'[39m, [32m'0.00'[39m ]
data rcv RT:[ [32m'0.00'[39m, [32m'4.29'[39m, [32m'3.38'[39m, [32m'0.00'[39m ]
data rcv RT:[ [32m'0.00'[39m, [32m'4.27'[39m, [32m'3.41'[39m, [32m'0.00'[39m ]
data rcv RT:[ [32m'0.00'[39m, [32m'4.31'[39m, [32m'3.39'[39m, [32m'0.00'[39m ]
data rcv RT:[ [32m'0.00'[39m, [32m'4.34'[39m, [32m'3.38'[39m, [32m'0.03'[39m ]
data rcv RT:[ [32m'0.00'[39m, [32m'4.36'[39m, [32m'3.37'[39m, [32m'0.05'[39m ]
data rcv RT:[ [32m'0.00'[39m, [32m'4.36'[39m, [32m'3.43'[39m, [32m'0.00'[39m ]
data rcv RT:[ [32m'0.00'[39m, [32m'4.31'[39m, [32m'3.43'[39m, [32m'0.00'[39m ]
data rcv RT:[ [32m'0.00'[39m, [32m'4.30'[39m, [32m'3.43'[39m, [32m'0.00'[39m ]
data rcv RT:[ [32m'0.00'[39m, [32m'4.31'[39m, [32m'3.42'[39m, [32m'0.00'[39m ]
data rcv RT:[ [32m'0.00'[39m, [32m'4.27'[39m, [32m'3.45'[39m, [32m'0.00'[39m ]
data rcv RT:[ [32m'0.00'[39m, [32m'4.25'[39m, [32m'3.41'[39m, [32m'0.00'[39m ]
data rcv RT:[ [32m'0.00'[39m, [32m'4.29'[39m, [32m'3.39'[39m, [32m'0.00'[39m ]
data rcv RT:[ [32m'0.00'[39m, [32m'4.31'[39m, [32m'3.37'[39m, [32m'0.00'[39m ]
data rcv RT:[ [32m'0.00'[39m, [32m'4.30'[39m, [32m'3.37'[39m, [32m'0.01'[39m ]
data rcv RT:[ [32m'0.00'[39m, [32m'4.34'[39m, [32m'3.37'[39m, [32m'0.05'[39m ]
data rcv RT:[ [32m'0.00'[39m, [32m'4.37'[39m, [32m'3.37'[39m, [32m'0.03'[39m ]
data rcv RT:[ [32m'0.00'[39m, [32m'4.37'[39m, [32m'3.41'[39m, [32m'0.00'[39m ]
data rcv RT:[ [32m'0.00'[39m, [32m'4.36'[39m, [32m'3.42'[39m, [32m'0.00'[39m ]
data rcv RT:[ [32m'0.00'[39m, [32m'4.34'[39m, [32m'3.41'[39m, [32m'0.00'[39m ]
data rcv RT:[ [32m'0.00'[39m, [32m'4.33'[39m, [32m'3.42'[39m, [32m'0.00'[39m ]
data rcv RT:[ [32m'0.00'[39m, [32m'4.31'[39m, [32m'3.42'[39m, [32m'0.00'[39m ]
data rcv RT:[ [32m'0.00'[39m, [32m'4.30'[39m, [32m'3.44'[39m, [32m'0.00'[39m ]
data rcv RT:[ [32m'0.00'[39m, [32m'4.28'[39m, [32m'3.43'[39m, [32m'0.00'[39m ]
data rcv RT:[ [32m'0.00'[39m, [32m'4.27'[39m, [32m'3.45'[39m, [32m'0.00'[39m ]
data rcv RT:[ [32m'0.00'[39m, [32m'4.29'[39m, [32m'3.38'[39m, [32m'0.00'[39m ]
data rcv RT:[ [32m'0.00'[39m, [32m'4.29'[39m, [32m'3.37'[39m, [32m'0.00'[39m ]
data rcv RT:[ [32m'0.00'[39m, [32m'4.29'[39m, [32m'3.40'[39m, [32m'0.00'[39m ]
data rcv RT:[ [32m'0.00'[39m, [32m'4.37'[39m, [32m'3.36'[39m, [32m'0.05'[39m ]
data rcv RT:[ [32m'0.00'[39m, [32m'4.32'[39m, [32m'3.34'[39m, [32m'0.05'[39m ]
data rcv RT:[ [32m'0.00'[39m, [32m'4.38'[39m, [32m'3.41'[39m, [32m'0.01'[39m ]
data rcv RT:[ [32m'0.00'[39m, [32m'4.34'[39m, [32m'3.43'[39m, [32m'0.00'[39m ]
data rcv RT:[ [32m'0.00'[39m, [32m'4.32'[39m, [32m'3.42'[39m, [32m'0.00'[39m ]
data rcv RT:[ [32m'0.00'[39m, [32m'4.32'[39m, [32m'3.43'[39m, [32m'0.00'[39m ]
data rcv RT:[ [32m'0.00'[39m, [32m'4.32'[39m, [32m'3.45'[39m, [32m'0.00'[39m ]
data rcv RT:[ [32m'0.00'[39m, [32m'4.27'[39m, [32m'3.43'[39m, [32m'0.00'[39m ]
data rcv RT:[ [32m'0.00'[39m, [32m'4.28'[39m, [32m'3.41'[39m, [32m'0.00'[39m ]
data rcv RT:[ [32m'0.00'[39m, [32m'4.30'[39m, [32m'3.38'[39m, [32m'0.00'[39m ]
data rcv RT:[ [32m'0.00'[39m, [32m'4.34'[39m, [32m'3.40'[39m, [32m'0.02'[39m ]
data rcv RT:[ [32m'0.00'[39m, [32m'4.31'[39m, [32m'3.37'[39m, [32m'0.01'[39m ]
data rcv RT:[ [32m'0.00'[39m, [32m'4.34'[39m, [32m'3.36'[39m, [32m'0.03'[39m ]
data rcv RT:[ [32m'0.00'[39m, [32m'4.36'[39m, [32m'3.42'[39m, [32m'0.00'[39m ]
data rcv RT:[ [32m'0.00'[39m, [32m'4.36'[39m, [32m'3.42'[39m, [32m'0.00'[39m ]
data rcv RT:[ [32m'0.00'[39m, [32m'4.34'[39m, [32m'3.43'[39m, [32m'0.00'[39m ]
data rcv RT:[ [32m'0.00'[39m, [32m'4.31'[39m, [32m'3.41'[39m, [32m'0.00'[39m ]
data rcv RT:[ [32m'0.00'[39m, [32m'4.30'[39m, [32m'3.43'[39m, [32m'0.00'[39m ]
data rcv RT:[ [32m'0.00'[39m, [32m'4.33'[39m, [32m'3.46'[39m, [32m'0.00'[39m ]
data rcv RT:[ [32m'0.00'[39m, [32m'4.25'[39m, [32m'3.39'[39m, [32m'0.00'[39m ]
data rcv RT:[ [32m'0.00'[39m, [32m'4.25'[39m, [32m'3.38'[39m, [32m'0.00'[39m ]
data rcv RT:[ [32m'0.00'[39m, [32m'4.28'[39m, [32m'3.38'[39m, [32m'0.00'[39m ]
data rcv RT:[ [32m'0.00'[39m, [32m'4.31'[39m, [32m'3.39'[39m, [32m'0.00'[39m ]
data rcv RT:[ [32m'0.00'[39m, [32m'4.31'[39m, [32m'3.37'[39m, [32m'0.00'[39m ]
data rcv RT:[ [32m'0.00'[39m, [32m'4.33'[39m, [32m'3.39'[39m, [32m'0.02'[39m ]
data rcv RT:[ [32m'0.00'[39m, [32m'4.34'[39m, [32m'3.38'[39m, [32m'0.01'[39m ]
data rcv RT:[ [32m'0.00'[39m, [32m'4.36'[39m, [32m'3.41'[39m, [32m'0.00'[39m ]
data rcv RT:[ [32m'0.00'[39m, [32m'4.36'[39m, [32m'3.42'[39m, [32m'0.00'[39m ]
data rcv RT:[ [32m'0.00'[39m, [32m'4.33'[39m, [32m'3.43'[39m, [32m'0.00'[39m ]
data rcv RT:[ [32m'0.00'[39m, [32m'4.33'[39m, [32m'3.42'[39m, [32m'0.00'[39m ]
data rcv RT:[ [32m'0.00'[39m, [32m'4.30'[39m, [32m'3.43'[39m, [32m'0.00'[39m ]
data rcv RT:[ [32m'0.00'[39m, [32m'4.29'[39m, [32m'3.46'[39m, [32m'0.00'[39m ]
data rcv RT:[ [32m'0.00'[39m, [32m'4.28'[39m, [32m'3.42'[39m, [32m'0.00'[39m ]
data rcv RT:[ [32m'0.00'[39m, [32m'4.28'[39m, [32m'3.39'[39m, [32m'0.00'[39m ]
data rcv RT:[ [32m'0.00'[39m, [32m'4.33'[39m, [32m'3.38'[39m, [32m'0.02'[39m ]
data rcv RT:[ [32m'0.00'[39m, [32m'4.34'[39m, [32m'3.37'[39m, [32m'0.02'[39m ]
data rcv RT:[ [32m'0.00'[39m, [32m'4.37'[39m, [32m'3.41'[39m, [32m'0.02'[39m ]
data rcv RT:[ [32m'0.00'[39m, [32m'4.37'[39m, [32m'3.39'[39m, [32m'0.02'[39m ]
data rcv RT:[ [32m'0.00'[39m, [32m'4.36'[39m, [32m'3.42'[39m, [32m'0.00'[39m ]
data rcv RT:[ [32m'0.00'[39m, [32m'4.33'[39m, [32m'3.42'[39m, [32m'0.00'[39m ]
data rcv RT:[ [32m'0.00'[39m, [32m'4.33'[39m, [32m'3.44'[39m, [32m'0.00'[39m ]
data rcv RT:[ [32m'0.00'[39m, [32m'4.28'[39m, [32m'3.44'[39m, [32m'0.00'[39m ]
data rcv RT:[ [32m'0.00'[39m, [32m'4.26'[39m, [32m'3.42'[39m, [32m'0.00'[39m ]
data rcv RT:[ [32m'0.00'[39m, [32m'4.28'[39m, [32m'3.38'[39m, [32m'0.00'[39m ]
data rcv RT:[ [32m'0.00'[39m, [32m'4.31'[39m, [32m'3.37'[39m, [32m'0.01'[39m ]
data rcv RT:[ [32m'0.00'[39m, [32m'4.32'[39m, [32m'3.39'[39m, [32m'0.00'[39m ]
data rcv RT:[ [32m'0.00'[39m, [32m'4.34'[39m, [32m'3.37'[39m, [32m'0.02'[39m ]
data rcv RT:[ [32m'0.00'[39m, [32m'4.37'[39m, [32m'3.42'[39m, [32m'0.00'[39m ]
data rcv RT:[ [32m'0.00'[39m, [32m'4.35'[39m, [32m'3.39'[39m, [32m'0.01'[39m ]
data rcv RT:[ [32m'0.00'[39m, [32m'4.35'[39m, [32m'3.42'[39m, [32m'0.00'[39m ]
data rcv RT:[ [32m'0.00'[39m, [32m'4.34'[39m, [32m'3.42'[39m, [32m'0.00'[39m ]
data rcv RT:[ [32m'0.00'[39m, [32m'4.31'[39m, [32m'3.42'[39m, [32m'0.00'[39m ]
data rcv RT:[ [32m'0.00'[39m, [32m'4.26'[39m, [32m'3.42'[39m, [32m'0.00'[39m ]
data rcv RT:[ [32m'0.00'[39m, [32m'4.28'[39m, [32m'3.38'[39m, [32m'0.00'[39m ]
data rcv RT:[ [32m'0.00'[39m, [32m'4.30'[39m, [32m'3.38'[39m, [32m'0.01'[39m ]
data rcv RT:[ [32m'0.00'[39m, [32m'4.32'[39m, [32m'3.38'[39m, [32m'0.01'[39m ]
data rcv RT:[ [32m'0.00'[39m, [32m'4.35'[39m, [32m'3.36'[39m, [32m'0.03'[39m ]
data rcv RT:[ [32m'0.00'[39m, [32m'4.35'[39m, [32m'3.36'[39m, [32m'0.03'[39m ]
data rcv RT:[ [32m'0.00'[39m, [32m'4.37'[39m, [32m'3.41'[39m, [32m'0.00'[39m ]
data rcv RT:[ [32m'0.00'[39m, [32m'4.35'[39m, [32m'3.42'[39m, [32m'0.02'[39m ]
data rcv RT:[ [32m'0.00'[39m, [32m'4.32'[39m, [32m'3.43'[39m, [32m'0.00'[39m ]
data rcv RT:[ [32m'0.00'[39m, [32m'4.30'[39m, [32m'3.44'[39m, [32m'0.00'[39m ]
data rcv RT:[ [32m'0.00'[39m, [32m'4.30'[39m, [32m'3.42'[39m, [32m'0.00'[39m ]
data rcv RT:[ [32m'0.00'[39m, [32m'4.31'[39m, [32m'3.45'[39m, [32m'0.00'[39m ]
data rcv RT:[ [32m'0.00'[39m, [32m'4.26'[39m, [32m'3.38'[39m, [32m'0.00'[39m ]
data rcv RT:[ [32m'0.00'[39m, [32m'4.27'[39m, [32m'3.39'[39m, [32m'0.00'[39m ]
data rcv RT:[ [32m'0.00'[39m, [32m'4.29'[39m, [32m'3.38'[39m, [32m'0.00'[39m ]
data rcv RT:[ [32m'0.00'[39m, [32m'4.32'[39m, [32m'3.39'[39m, [32m'0.01'[39m ]
data rcv RT:[ [32m'0.00'[39m, [32m'4.33'[39m, [32m'3.38'[39m, [32m'0.03'[39m ]
data rcv RT:[ [32m'0.00'[39m, [32m'4.39'[39m, [32m'3.38'[39m, [32m'0.03'[39m ]
data rcv RT:[ [32m'0.00'[39m, [32m'4.36'[39m, [32m'3.41'[39m, [32m'0.01'[39m ]
data rcv RT:[ [32m'0.00'[39m, [32m'4.35'[39m, [32m'3.40'[39m, [32m'0.00'[39m ]
data rcv RT:[ [32m'0.00'[39m, [32m'4.31'[39m, [32m'3.40'[39m, [32m'0.00'[39m ]
data rcv RT:[ [32m'0.00'[39m, [32m'4.31'[39m, [32m'3.43'[39m, [32m'0.00'[39m ]
data rcv RT:[ [32m'0.00'[39m, [32m'4.28'[39m, [32m'3.42'[39m, [32m'0.00'[39m ]
data rcv RT:[ [32m'0.00'[39m, [32m'4.29'[39m, [32m'3.39'[39m, [32m'0.00'[39m ]
data rcv RT:[ [32m'0.00'[39m, [32m'4.28'[39m, [32m'3.38'[39m, [32m'0.00'[39m ]
data rcv RT:[ [32m'0.00'[39m, [32m'4.30'[39m, [32m'3.39'[39m, [32m'0.01'[39m ]
data rcv RT:[ [32m'0.00'[39m, [32m'4.33'[39m, [32m'3.38'[39m, [32m'0.01'[39m ]
data rcv RT:[ [32m'0.00'[39m, [32m'4.35'[39m, [32m'3.37'[39m, [32m'0.03'[39m ]
data rcv RT:[ [32m'0.00'[39m, [32m'4.35'[39m, [32m'3.41'[39m, [32m'0.00'[39m ]
data rcv RT:[ [32m'0.00'[39m, [32m'4.33'[39m, [32m'3.44'[39m, [32m'0.00'[39m ]
data rcv RT:[ [32m'0.00'[39m, [32m'4.29'[39m, [32m'3.42'[39m, [32m'0.00'[39m ]
data rcv RT:[ [32m'0.00'[39m, [32m'4.30'[39m, [32m'3.42'[39m, [32m'0.00'[39m ]
data rcv RT:[ [32m'0.00'[39m, [32m'4.30'[39m, [32m'3.43'[39m, [32m'0.00'[39m ]
data rcv RT:[ [32m'0.00'[39m, [32m'4.28'[39m, [32m'3.38'[39m, [32m'0.00'[39m ]
data rcv RT:[ [32m'0.00'[39m, [32m'4.27'[39m, [32m'3.40'[39m, [32m'0.00'[39m ]
data rcv RT:[ [32m'0.00'[39m, [32m'4.27'[39m, [32m'3.39'[39m, [32m'0.00'[39m ]
data rcv RT:[ [32m'0.00'[39m, [32m'4.34'[39m, [32m'3.37'[39m, [32m'0.02'[39m ]
data rcv RT:[ [32m'0.00'[39m, [32m'4.32'[39m, [32m'3.37'[39m, [32m'0.01'[39m ]
data rcv RT:[ [32m'0.00'[39m, [32m'4.36'[39m, [32m'3.36'[39m, [32m'0.05'[39m ]
data rcv RT:[ [32m'0.00'[39m, [32m'4.37'[39m, [32m'3.40'[39m, [32m'0.00'[39m ]
data rcv RT:[ [32m'0.00'[39m, [32m'4.31'[39m, [32m'3.44'[39m, [32m'0.00'[39m ]
data rcv RT:[ [32m'0.00'[39m, [32m'4.32'[39m, [32m'3.42'[39m, [32m'0.00'[39m ]
data rcv RT:[ [32m'0.00'[39m, [32m'4.31'[39m, [32m'3.43'[39m, [32m'0.00'[39m ]
data rcv RT:[ [32m'0.00'[39m, [32m'4.28'[39m, [32m'3.39'[39m, [32m'0.00'[39m ]
data rcv RT:[ [32m'0.00'[39m, [32m'4.30'[39m, [32m'3.38'[39m, [32m'0.00'[39m ]
data rcv RT:[ [32m'0.00'[39m, [32m'4.30'[39m, [32m'3.37'[39m, [32m'0.00'[39m ]
data rcv RT:[ [32m'0.00'[39m, [32m'4.31'[39m, [32m'3.37'[39m, [32m'0.01'[39m ]
data rcv RT:[ [32m'0.00'[39m, [32m'4.32'[39m, [32m'3.38'[39m, [32m'0.01'[39m ]
data rcv RT:[ [32m'0.00'[39m, [32m'4.32'[39m, [32m'3.40'[39m, [32m'0.00'[39m ]
data rcv RT:[ [32m'0.00'[39m, [32m'4.38'[39m, [32m'3.40'[39m, [32m'0.00'[39m ]
data rcv RT:[ [32m'0.00'[39m, [32m'4.34'[39m, [32m'3.43'[39m, [32m'0.00'[39m ]
data rcv RT:[ [32m'0.00'[39m, [32m'4.33'[39m, [32m'3.44'[39m, [32m'0.00'[39m ]
data rcv RT:[ [32m'0.00'[39m, [32m'4.33'[39m, [32m'3.42'[39m, [32m'0.00'[39m ]
data rcv RT:[ [32m'0.00'[39m, [32m'4.30'[39m, [32m'3.42'[39m, [32m'0.00'[39m ]
data rcv RT:[ [32m'0.00'[39m, [32m'4.27'[39m, [32m'3.45'[39m, [32m'0.00'[39m ]
data rcv RT:[ [32m'0.00'[39m, [32m'4.26'[39m, [32m'3.40'[39m, [32m'0.00'[39m ]
data rcv RT:[ [32m'0.00'[39m, [32m'4.28'[39m, [32m'3.38'[39m, [32m'0.00'[39m ]
data rcv RT:[ [32m'0.00'[39m, [32m'4.33'[39m, [32m'3.37'[39m, [32m'0.01'[39m ]
data rcv RT:[ [32m'0.00'[39m, [32m'4.35'[39m, [32m'3.38'[39m, [32m'0.02'[39m ]
data rcv RT:[ [32m'0.00'[39m, [32m'4.34'[39m, [32m'3.39'[39m, [32m'0.03'[39m ]
data rcv RT:[ [32m'0.00'[39m, [32m'4.36'[39m, [32m'3.38'[39m, [32m'0.03'[39m ]
data rcv RT:[ [32m'0.00'[39m, [32m'4.34'[39m, [32m'3.44'[39m, [32m'0.00'[39m ]
data rcv RT:[ [32m'0.00'[39m, [32m'4.34'[39m, [32m'3.43'[39m, [32m'0.00'[39m ]
data rcv RT:[ [32m'0.00'[39m, [32m'4.32'[39m, [32m'3.41'[39m, [32m'0.00'[39m ]
data rcv RT:[ [32m'0.00'[39m, [32m'4.31'[39m, [32m'3.44'[39m, [32m'0.00'[39m ]
data rcv RT:[ [32m'0.00'[39m, [32m'4.30'[39m, [32m'3.41'[39m, [32m'0.00'[39m ]
data rcv RT:[ [32m'0.00'[39m, [32m'4.25'[39m, [32m'3.41'[39m, [32m'0.00'[39m ]
data rcv RT:[ [32m'0.00'[39m, [32m'4.30'[39m, [32m'3.39'[39m, [32m'0.00'[39m ]
data rcv RT:[ [32m'0.00'[39m, [32m'4.29'[39m, [32m'3.38'[39m, [32m'0.00'[39m ]
data rcv RT:[ [32m'0.00'[39m, [32m'4.33'[39m, [32m'3.38'[39m, [32m'0.02'[39m ]
data rcv RT:[ [32m'0.00'[39m, [32m'4.33'[39m, [32m'3.36'[39m, [32m'0.04'[39m ]
data rcv RT:[ [32m'0.00'[39m, [32m'4.32'[39m, [32m'3.37'[39m, [32m'0.03'[39m ]
data rcv RT:[ [32m'0.00'[39m, [32m'4.38'[39m, [32m'3.38'[39m, [32m'0.02'[39m ]
data rcv RT:[ [32m'0.00'[39m, [32m'4.37'[39m, [32m'3.39'[39m, [32m'0.00'[39m ]
data rcv RT:[ [32m'0.00'[39m, [32m'4.36'[39m, [32m'3.43'[39m, [32m'0.00'[39m ]
data rcv RT:[ [32m'0.00'[39m, [32m'4.30'[39m, [32m'3.43'[39m, [32m'0.00'[39m ]
data rcv RT:[ [32m'0.00'[39m, [32m'4.31'[39m, [32m'3.42'[39m, [32m'0.00'[39m ]
data rcv RT:[ [32m'0.00'[39m, [32m'4.30'[39m, [32m'3.42'[39m, [32m'0.00'[39m ]
data rcv RT:[ [32m'0.00'[39m, [32m'4.29'[39m, [32m'3.43'[39m, [32m'0.00'[39m ]
data rcv RT:[ [32m'0.00'[39m, [32m'4.28'[39m, [32m'3.38'[39m, [32m'0.01'[39m ]
data rcv RT:[ [32m'0.00'[39m, [32m'4.29'[39m, [32m'3.39'[39m, [32m'0.00'[39m ]
data rcv RT:[ [32m'0.00'[39m, [32m'4.32'[39m, [32m'3.38'[39m, [32m'0.02'[39m ]
data rcv RT:[ [32m'0.00'[39m, [32m'4.34'[39m, [32m'3.37'[39m, [32m'0.00'[39m ]
data rcv RT:[ [32m'0.00'[39m, [32m'4.35'[39m, [32m'3.41'[39m, [32m'0.03'[39m ]
data rcv RT:[ [32m'0.00'[39m, [32m'4.38'[39m, [32m'3.39'[39m, [32m'0.02'[39m ]
data rcv RT:[ [32m'0.00'[39m, [32m'4.37'[39m, [32m'3.40'[39m, [32m'0.00'[39m ]
data rcv RT:[ [32m'0.00'[39m, [32m'4.34'[39m, [32m'3.43'[39m, [32m'0.00'[39m ]
data rcv RT:[ [32m'0.00'[39m, [32m'4.33'[39m, [32m'3.42'[39m, [32m'0.00'[39m ]
data rcv RT:[ [32m'0.00'[39m, [32m'4.29'[39m, [32m'3.44'[39m, [32m'0.00'[39m ]
data rcv RT:[ [32m'0.00'[39m, [32m'4.29'[39m, [32m'3.44'[39m, [32m'0.00'[39m ]
data rcv RT:[ [32m'0.00'[39m, [32m'4.30'[39m, [32m'3.41'[39m, [32m'0.00'[39m ]
data rcv RT:[ [32m'0.00'[39m, [32m'4.24'[39m, [32m'3.41'[39m, [32m'0.00'[39m ]
data rcv RT:[ [32m'0.00'[39m, [32m'4.28'[39m, [32m'3.38'[39m, [32m'0.00'[39m ]
data rcv RT:[ [32m'0.00'[39m, [32m'4.29'[39m, [32m'3.38'[39m, [32m'0.00'[39m ]
data rcv RT:[ [32m'0.00'[39m, [32m'4.30'[39m, [32m'3.37'[39m, [32m'0.00'[39m ]
data rcv RT:[ [32m'0.00'[39m, [32m'4.29'[39m, [32m'3.37'[39m, [32m'0.00'[39m ]
data rcv RT:[ [32m'0.00'[39m, [32m'4.35'[39m, [32m'3.35'[39m, [32m'0.06'[39m ]
data rcv RT:[ [32m'0.00'[39m, [32m'4.37'[39m, [32m'3.37'[39m, [32m'0.05'[39m ]
data rcv RT:[ [32m'0.00'[39m, [32m'4.38'[39m, [32m'3.39'[39m, [32m'0.02'[39m ]
data rcv RT:[ [32m'0.00'[39m, [32m'4.34'[39m, [32m'3.44'[39m, [32m'0.00'[39m ]
data rcv RT:[ [32m'0.00'[39m, [32m'4.33'[39m, [32m'3.44'[39m, [32m'0.00'[39m ]
data rcv RT:[ [32m'0.00'[39m, [32m'4.32'[39m, [32m'3.42'[39m, [32m'0.00'[39m ]
data rcv RT:[ [32m'0.00'[39m, [32m'4.31'[39m, [32m'3.42'[39m, [32m'0.00'[39m ]
data rcv RT:[ [32m'0.00'[39m, [32m'4.30'[39m, [32m'3.45'[39m, [32m'0.00'[39m ]
data rcv RT:[ [32m'0.00'[39m, [32m'4.30'[39m, [32m'3.46'[39m, [32m'0.00'[39m ]
data rcv RT:[ [32m'0.00'[39m, [32m'4.27'[39m, [32m'3.39'[39m, [32m'0.00'[39m ]
data rcv RT:[ [32m'0.00'[39m, [32m'4.27'[39m, [32m'3.40'[39m, [32m'0.00'[39m ]
data rcv RT:[ [32m'0.00'[39m, [32m'4.27'[39m, [32m'3.37'[39m, [32m'0.00'[39m ]
data rcv RT:[ [32m'0.00'[39m, [32m'4.31'[39m, [32m'3.39'[39m, [32m'0.00'[39m ]
data rcv RT:[ [32m'0.00'[39m, [32m'4.32'[39m, [32m'3.38'[39m, [32m'0.01'[39m ]
data rcv RT:[ [32m'0.00'[39m, [32m'4.33'[39m, [32m'3.36'[39m, [32m'0.03'[39m ]
data rcv RT:[ [32m'0.00'[39m, [32m'4.37'[39m, [32m'3.40'[39m, [32m'0.02'[39m ]
data rcv RT:[ [32m'0.00'[39m, [32m'4.39'[39m, [32m'3.38'[39m, [32m'0.02'[39m ]
data rcv RT:[ [32m'0.00'[39m, [32m'4.37'[39m, [32m'3.42'[39m, [32m'0.00'[39m ]
data rcv RT:[ [32m'0.00'[39m, [32m'4.35'[39m, [32m'3.41'[39m, [32m'0.00'[39m ]
data rcv RT:[ [32m'0.00'[39m, [32m'4.33'[39m, [32m'3.43'[39m, [32m'0.00'[39m ]
data rcv RT:[ [32m'0.00'[39m, [32m'4.31'[39m, [32m'3.44'[39m, [32m'0.00'[39m ]
data rcv RT:[ [32m'0.00'[39m, [32m'4.31'[39m, [32m'3.43'[39m, [32m'0.00'[39m ]
data rcv RT:[ [32m'0.00'[39m, [32m'4.32'[39m, [32m'3.45'[39m, [32m'0.00'[39m ]
data rcv RT:[ [32m'0.00'[39m, [32m'4.27'[39m, [32m'3.41'[39m, [32m'0.00'[39m ]
data rcv RT:[ [32m'0.00'[39m, [32m'4.25'[39m, [32m'3.39'[39m, [32m'0.00'[39m ]
data rcv RT:[ [32m'0.00'[39m, [32m'4.26'[39m, [32m'3.37'[39m, [32m'0.00'[39m ]
data rcv RT:[ [32m'0.00'[39m, [32m'4.27'[39m, [32m'3.38'[39m, [32m'0.00'[39m ]
data rcv RT:[ [32m'0.00'[39m, [32m'4.30'[39m, [32m'3.37'[39m, [32m'0.00'[39m ]
data rcv RT:[ [32m'0.00'[39m, [32m'4.29'[39m, [32m'3.39'[39m, [32m'0.00'[39m ]
data rcv RT:[ [32m'0.00'[39m, [32m'4.32'[39m, [32m'3.38'[39m, [32m'0.02'[39m ]
data rcv RT:[ [32m'0.00'[39m, [32m'4.37'[39m, [32m'3.39'[39m, [32m'0.03'[39m ]
data rcv RT:[ [32m'0.00'[39m, [32m'4.37'[39m, [32m'3.41'[39m, [32m'0.01'[39m ]
data rcv RT:[ [32m'0.00'[39m, [32m'4.36'[39m, [32m'3.40'[39m, [32m'0.01'[39m ]
data rcv RT:[ [32m'0.00'[39m, [32m'4.37'[39m, [32m'3.38'[39m, [32m'0.02'[39m ]
data rcv RT:[ [32m'0.00'[39m, [32m'4.35'[39m, [32m'3.40'[39m, [32m'0.00'[39m ]
data rcv RT:[ [32m'0.00'[39m, [32m'4.33'[39m, [32m'3.43'[39m, [32m'0.00'[39m ]
data rcv RT:[ [32m'0.00'[39m, [32m'4.31'[39m, [32m'3.44'[39m, [32m'0.00'[39m ]
data rcv RT:[ [32m'0.00'[39m, [32m'4.27'[39m, [32m'3.40'[39m, [32m'0.00'[39m ]
data rcv RT:[ [32m'0.00'[39m, [32m'4.27'[39m, [32m'3.37'[39m, [32m'0.00'[39m ]
data rcv RT:[ [32m'0.00'[39m, [32m'4.27'[39m, [32m'3.42'[39m, [32m'0.00'[39m ]
data rcv RT:[ [32m'0.00'[39m, [32m'4.30'[39m, [32m'3.38'[39m, [32m'0.00'[39m ]
data rcv RT:[ [32m'0.00'[39m, [32m'4.32'[39m, [32m'3.37'[39m, [32m'0.00'[39m ]
data rcv RT:[ [32m'0.00'[39m, [32m'4.33'[39m, [32m'3.38'[39m, [32m'0.01'[39m ]
data rcv RT:[ [32m'0.00'[39m, [32m'4.32'[39m, [32m'3.36'[39m, [32m'0.03'[39m ]
data rcv RT:[ [32m'0.00'[39m, [32m'4.38'[39m, [32m'3.42'[39m, [32m'0.02'[39m ]
data rcv RT:[ [32m'0.00'[39m, [32m'4.37'[39m, [32m'3.37'[39m, [32m'0.03'[39m ]
data rcv RT:[ [32m'0.00'[39m, [32m'4.36'[39m, [32m'3.39'[39m, [32m'0.00'[39m ]
data rcv RT:[ [32m'0.00'[39m, [32m'4.34'[39m, [32m'3.44'[39m, [32m'0.00'[39m ]
data rcv RT:[ [32m'0.00'[39m, [32m'4.31'[39m, [32m'3.43'[39m, [32m'0.00'[39m ]
data rcv RT:[ [32m'0.00'[39m, [32m'4.32'[39m, [32m'3.42'[39m, [32m'0.00'[39m ]
data rcv RT:[ [32m'0.00'[39m, [32m'4.29'[39m, [32m'3.42'[39m, [32m'0.00'[39m ]
data rcv RT:[ [32m'0.00'[39m, [32m'4.28'[39m, [32m'3.41'[39m, [32m'0.00'[39m ]
data rcv RT:[ [32m'0.00'[39m, [32m'4.28'[39m, [32m'3.42'[39m, [32m'0.00'[39m ]
data rcv RT:[ [32m'0.00'[39m, [32m'4.26'[39m, [32m'3.40'[39m, [32m'0.00'[39m ]
data rcv RT:[ [32m'0.00'[39m, [32m'4.25'[39m, [32m'3.39'[39m, [32m'0.00'[39m ]
data rcv RT:[ [32m'0.00'[39m, [32m'4.30'[39m, [32m'3.37'[39m, [32m'0.00'[39m ]
data rcv RT:[ [32m'0.00'[39m, [32m'4.31'[39m, [32m'3.39'[39m, [32m'0.00'[39m ]
data rcv RT:[ [32m'0.00'[39m, [32m'4.36'[39m, [32m'3.38'[39m, [32m'0.02'[39m ]
data rcv RT:[ [32m'0.00'[39m, [32m'4.36'[39m, [32m'3.37'[39m, [32m'0.04'[39m ]
data rcv RT:[ [32m'0.00'[39m, [32m'4.35'[39m, [32m'3.42'[39m, [32m'0.00'[39m ]
data rcv RT:[ [32m'0.00'[39m, [32m'4.32'[39m, [32m'3.42'[39m, [32m'0.00'[39m ]
data rcv RT:[ [32m'0.00'[39m, [32m'4.30'[39m, [32m'3.44'[39m, [32m'0.00'[39m ]
data rcv RT:[ [32m'0.00'[39m, [32m'4.24'[39m, [32m'3.43'[39m, [32m'0.00'[39m ]
data rcv RT:[ [32m'0.00'[39m, [32m'4.27'[39m, [32m'3.40'[39m, [32m'0.00'[39m ]
data rcv RT:[ [32m'0.00'[39m, [32m'4.29'[39m, [32m'3.39'[39m, [32m'0.00'[39m ]
data rcv RT:[ [32m'0.00'[39m, [32m'4.30'[39m, [32m'3.40'[39m, [32m'0.00'[39m ]
data rcv RT:[ [32m'0.00'[39m, [32m'4.37'[39m, [32m'3.41'[39m, [32m'0.00'[39m ]
data rcv RT:[ [32m'0.00'[39m, [32m'4.33'[39m, [32m'3.43'[39m, [32m'0.00'[39m ]
data rcv RT:[ [32m'0.00'[39m, [32m'4.35'[39m, [32m'3.41'[39m, [32m'0.00'[39m ]
data rcv RT:[ [32m'0.00'[39m, [32m'4.33'[39m, [32m'3.44'[39m, [32m'0.00'[39m ]
data rcv RT:[ [32m'0.00'[39m, [32m'4.34'[39m, [32m'3.40'[39m, [32m'0.00'[39m ]
data rcv RT:[ [32m'0.00'[39m, [32m'4.34'[39m, [32m'3.42'[39m, [32m'0.00'[39m ]
data rcv RT:[ [32m'0.00'[39m, [32m'4.31'[39m, [32m'3.43'[39m, [32m'0.00'[39m ]
data rcv RT:[ [32m'0.00'[39m, [32m'4.31'[39m, [32m'3.44'[39m, [32m'0.00'[39m ]
data rcv RT:[ [32m'0.00'[39m, [32m'4.28'[39m, [32m'3.41'[39m, [32m'0.00'[39m ]
data rcv RT:[ [32m'0.00'[39m, [32m'4.27'[39m, [32m'3.40'[39m, [32m'0.00'[39m ]
data rcv RT:[ [32m'0.00'[39m, [32m'4.29'[39m, [32m'3.37'[39m, [32m'0.00'[39m ]
data rcv RT:[ [32m'0.00'[39m, [32m'4.27'[39m, [32m'3.37'[39m, [32m'0.00'[39m ]
data rcv RT:[ [32m'0.00'[39m, [32m'4.32'[39m, [32m'3.38'[39m, [32m'0.00'[39m ]
data rcv RT:[ [32m'0.00'[39m, [32m'4.31'[39m, [32m'3.38'[39m, [32m'0.01'[39m ]
data rcv RT:[ [32m'0.00'[39m, [32m'4.33'[39m, [32m'3.39'[39m, [32m'0.02'[39m ]
data rcv RT:[ [32m'0.00'[39m, [32m'4.35'[39m, [32m'3.36'[39m, [32m'0.04'[39m ]
data rcv RT:[ [32m'0.00'[39m, [32m'4.35'[39m, [32m'3.39'[39m, [32m'0.00'[39m ]
data rcv RT:[ [32m'0.00'[39m, [32m'4.34'[39m, [32m'3.44'[39m, [32m'0.00'[39m ]
data rcv RT:[ [32m'0.00'[39m, [32m'4.32'[39m, [32m'3.43'[39m, [32m'0.00'[39m ]
data rcv RT:[ [32m'0.00'[39m, [32m'4.32'[39m, [32m'3.45'[39m, [32m'0.00'[39m ]
data rcv RT:[ [32m'0.00'[39m, [32m'4.28'[39m, [32m'3.45'[39m, [32m'0.00'[39m ]
data rcv RT:[ [32m'0.00'[39m, [32m'4.28'[39m, [32m'3.38'[39m, [32m'0.00'[39m ]
data rcv RT:[ [32m'0.00'[39m, [32m'4.29'[39m, [32m'3.38'[39m, [32m'0.00'[39m ]
data rcv RT:[ [32m'0.00'[39m, [32m'4.33'[39m, [32m'3.37'[39m, [32m'0.01'[39m ]
data rcv RT:[ [32m'0.00'[39m, [32m'4.35'[39m, [32m'3.39'[39m, [32m'0.05'[39m ]
data rcv RT:[ [32m'0.00'[39m, [32m'4.36'[39m, [32m'3.40'[39m, [32m'0.02'[39m ]
data rcv RT:[ [32m'0.00'[39m, [32m'4.38'[39m, [32m'3.40'[39m, [32m'0.00'[39m ]
data rcv RT:[ [32m'0.00'[39m, [32m'4.34'[39m, [32m'3.43'[39m, [32m'0.00'[39m ]
data rcv RT:[ [32m'0.00'[39m, [32m'4.32'[39m, [32m'3.44'[39m, [32m'0.00'[39m ]
data rcv RT:[ [32m'0.00'[39m, [32m'4.31'[39m, [32m'3.44'[39m, [32m'0.00'[39m ]
data rcv RT:[ [32m'0.00'[39m, [32m'4.28'[39m, [32m'3.37'[39m, [32m'0.00'[39m ]
data rcv RT:[ [32m'0.00'[39m, [32m'4.26'[39m, [32m'3.40'[39m, [32m'0.00'[39m ]
data rcv RT:[ [32m'0.00'[39m, [32m'4.27'[39m, [32m'3.37'[39m, [32m'0.00'[39m ]
data rcv RT:[ [32m'0.00'[39m, [32m'4.31'[39m, [32m'3.38'[39m, [32m'0.01'[39m ]
data rcv RT:[ [32m'0.00'[39m, [32m'4.32'[39m, [32m'3.38'[39m, [32m'0.00'[39m ]
data rcv RT:[ [32m'0.00'[39m, [32m'4.35'[39m, [32m'3.38'[39m, [32m'0.05'[39m ]
data rcv RT:[ [32m'0.00'[39m, [32m'4.35'[39m, [32m'3.41'[39m, [32m'0.00'[39m ]
data rcv RT:[ [32m'0.00'[39m, [32m'4.36'[39m, [32m'3.41'[39m, [32m'0.00'[39m ]
data rcv RT:[ [32m'0.00'[39m, [32m'4.34'[39m, [32m'3.43'[39m, [32m'0.00'[39m ]
data rcv RT:[ [32m'0.00'[39m, [32m'4.31'[39m, [32m'3.42'[39m, [32m'0.00'[39m ]
data rcv RT:[ [32m'0.00'[39m, [32m'4.32'[39m, [32m'3.42'[39m, [32m'0.00'[39m ]
data rcv RT:[ [32m'0.00'[39m, [32m'4.31'[39m, [32m'3.41'[39m, [32m'0.00'[39m ]
data rcv RT:[ [32m'0.00'[39m, [32m'4.27'[39m, [32m'3.42'[39m, [32m'0.00'[39m ]
data rcv RT:[ [32m'0.00'[39m, [32m'4.26'[39m, [32m'3.41'[39m, [32m'0.00'[39m ]
data rcv RT:[ [32m'0.00'[39m, [32m'4.27'[39m, [32m'3.37'[39m, [32m'0.00'[39m ]
data rcv RT:[ [32m'0.00'[39m, [32m'4.33'[39m, [32m'3.39'[39m, [32m'0.00'[39m ]
data rcv RT:[ [32m'0.00'[39m, [32m'4.35'[39m, [32m'3.39'[39m, [32m'0.01'[39m ]
data rcv RT:[ [32m'0.00'[39m, [32m'4.34'[39m, [32m'3.37'[39m, [32m'0.03'[39m ]
data rcv RT:[ [32m'0.00'[39m, [32m'4.38'[39m, [32m'3.41'[39m, [32m'0.00'[39m ]
data rcv RT:[ [32m'0.00'[39m, [32m'4.36'[39m, [32m'3.42'[39m, [32m'0.00'[39m ]
data rcv RT:[ [32m'0.00'[39m, [32m'4.31'[39m, [32m'3.43'[39m, [32m'0.00'[39m ]
data rcv RT:[ [32m'0.00'[39m, [32m'4.31'[39m, [32m'3.43'[39m, [32m'0.00'[39m ]
data rcv RT:[ [32m'0.00'[39m, [32m'4.28'[39m, [32m'3.39'[39m, [32m'0.00'[39m ]
data rcv RT:[ [32m'0.00'[39m, [32m'4.26'[39m, [32m'3.40'[39m, [32m'0.00'[39m ]
data rcv RT:[ [32m'0.00'[39m, [32m'4.29'[39m, [32m'3.38'[39m, [32m'0.00'[39m ]
data rcv RT:[ [32m'0.00'[39m, [32m'4.29'[39m, [32m'3.38'[39m, [32m'0.00'[39m ]
data rcv RT:[ [32m'0.00'[39m, [32m'4.30'[39m, [32m'3.39'[39m, [32m'0.00'[39m ]
data rcv RT:[ [32m'0.00'[39m, [32m'4.33'[39m, [32m'3.35'[39m, [32m'0.07'[39m ]
data rcv RT:[ [32m'0.00'[39m, [32m'4.35'[39m, [32m'3.39'[39m, [32m'0.01'[39m ]
data rcv RT:[ [32m'0.00'[39m, [32m'4.38'[39m, [32m'3.41'[39m, [32m'0.00'[39m ]
data rcv RT:[ [32m'0.00'[39m, [32m'4.35'[39m, [32m'3.40'[39m, [32m'0.00'[39m ]
data rcv RT:[ [32m'0.00'[39m, [32m'4.34'[39m, [32m'3.42'[39m, [32m'0.00'[39m ]
data rcv RT:[ [32m'0.00'[39m, [32m'4.31'[39m, [32m'3.44'[39m, [32m'0.00'[39m ]
data rcv RT:[ [32m'0.00'[39m, [32m'4.29'[39m, [32m'3.44'[39m, [32m'0.00'[39m ]
data rcv RT:[ [32m'0.00'[39m, [32m'4.26'[39m, [32m'3.40'[39m, [32m'0.00'[39m ]
data rcv RT:[ [32m'0.00'[39m, [32m'4.28'[39m, [32m'3.37'[39m, [32m'0.00'[39m ]
data rcv RT:[ [32m'0.00'[39m, [32m'4.28'[39m, [32m'3.39'[39m, [32m'0.00'[39m ]
data rcv RT:[ [32m'0.00'[39m, [32m'4.29'[39m, [32m'3.38'[39m, [32m'0.00'[39m ]
data rcv RT:[ [32m'0.00'[39m, [32m'4.30'[39m, [32m'3.38'[39m, [32m'0.00'[39m ]
data rcv RT:[ [32m'0.00'[39m, [32m'4.34'[39m, [32m'3.37'[39m, [32m'0.01'[39m ]
data rcv RT:[ [32m'0.00'[39m, [32m'4.32'[39m, [32m'3.38'[39m, [32m'0.01'[39m ]
data rcv RT:[ [32m'0.00'[39m, [32m'4.39'[39m, [32m'3.43'[39m, [32m'0.01'[39m ]
data rcv RT:[ [32m'0.00'[39m, [32m'4.36'[39m, [32m'3.44'[39m, [32m'0.00'[39m ]
data rcv RT:[ [32m'0.00'[39m, [32m'4.34'[39m, [32m'3.43'[39m, [32m'0.00'[39m ]
data rcv RT:[ [32m'0.00'[39m, [32m'4.33'[39m, [32m'3.43'[39m, [32m'0.00'[39m ]
data rcv RT:[ [32m'0.00'[39m, [32m'4.28'[39m, [32m'3.45'[39m, [32m'0.00'[39m ]
data rcv RT:[ [32m'0.00'[39m, [32m'4.26'[39m, [32m'3.42'[39m, [32m'0.00'[39m ]
data rcv RT:[ [32m'0.00'[39m, [32m'4.28'[39m, [32m'3.36'[39m, [32m'0.00'[39m ]
data rcv RT:[ [32m'0.00'[39m, [32m'4.28'[39m, [32m'3.39'[39m, [32m'0.00'[39m ]
data rcv RT:[ [32m'0.00'[39m, [32m'4.32'[39m, [32m'3.38'[39m, [32m'0.00'[39m ]
data rcv RT:[ [32m'0.00'[39m, [32m'4.34'[39m, [32m'3.37'[39m, [32m'0.02'[39m ]
data rcv RT:[ [32m'0.00'[39m, [32m'4.37'[39m, [32m'3.42'[39m, [32m'0.01'[39m ]
data rcv RT:[ [32m'0.00'[39m, [32m'4.37'[39m, [32m'3.40'[39m, [32m'0.00'[39m ]
data rcv RT:[ [32m'0.00'[39m, [32m'4.38'[39m, [32m'3.40'[39m, [32m'0.00'[39m ]
data rcv RT:[ [32m'0.00'[39m, [32m'4.32'[39m, [32m'3.44'[39m, [32m'0.00'[39m ]
data rcv RT:[ [32m'0.00'[39m, [32m'4.32'[39m, [32m'3.43'[39m, [32m'0.00'[39m ]
data rcv RT:[ [32m'0.00'[39m, [32m'4.27'[39m, [32m'3.45'[39m, [32m'0.00'[39m ]
data rcv RT:[ [32m'0.00'[39m, [32m'4.25'[39m, [32m'3.39'[39m, [32m'0.00'[39m ]
data rcv RT:[ [32m'0.00'[39m, [32m'4.27'[39m, [32m'3.40'[39m, [32m'0.00'[39m ]
data rcv RT:[ [32m'0.00'[39m, [32m'4.28'[39m, [32m'3.38'[39m, [32m'0.00'[39m ]
data rcv RT:[ [32m'0.00'[39m, [32m'4.30'[39m, [32m'3.38'[39m, [32m'0.00'[39m ]
data rcv RT:[ [32m'0.00'[39m, [32m'4.31'[39m, [32m'3.39'[39m, [32m'0.00'[39m ]
data rcv RT:[ [32m'0.00'[39m, [32m'4.31'[39m, [32m'3.39'[39m, [32m'0.00'[39m ]
data rcv RT:[ [32m'0.00'[39m, [32m'4.34'[39m, [32m'3.39'[39m, [32m'0.01'[39m ]
data rcv RT:[ [32m'0.00'[39m, [32m'4.36'[39m, [32m'3.39'[39m, [32m'0.03'[39m ]
data rcv RT:[ [32m'0.00'[39m, [32m'4.36'[39m, [32m'3.39'[39m, [32m'0.02'[39m ]
data rcv RT:[ [32m'0.00'[39m, [32m'4.38'[39m, [32m'3.38'[39m, [32m'0.01'[39m ]
data rcv RT:[ [32m'0.00'[39m, [32m'4.38'[39m, [32m'3.40'[39m, [32m'0.00'[39m ]
data rcv RT:[ [32m'0.00'[39m, [32m'4.33'[39m, [32m'3.43'[39m, [32m'0.00'[39m ]
data rcv RT:[ [32m'0.00'[39m, [32m'4.33'[39m, [32m'3.43'[39m, [32m'0.00'[39m ]
data rcv RT:[ [32m'0.00'[39m, [32m'4.32'[39m, [32m'3.43'[39m, [32m'0.00'[39m ]
data rcv RT:[ [32m'0.00'[39m, [32m'4.30'[39m, [32m'3.44'[39m, [32m'0.00'[39m ]
data rcv RT:[ [32m'0.00'[39m, [32m'4.30'[39m, [32m'3.43'[39m, [32m'0.00'[39m ]
data rcv RT:[ [32m'0.00'[39m, [32m'4.30'[39m, [32m'3.44'[39m, [32m'0.00'[39m ]
data rcv RT:[ [32m'0.00'[39m, [32m'4.29'[39m, [32m'3.40'[39m, [32m'0.00'[39m ]
data rcv RT:[ [32m'0.00'[39m, [32m'4.28'[39m, [32m'3.43'[39m, [32m'0.00'[39m ]
data rcv RT:[ [32m'0.00'[39m, [32m'4.29'[39m, [32m'3.38'[39m, [32m'0.00'[39m ]
data rcv RT:[ [32m'0.00'[39m, [32m'4.25'[39m, [32m'3.39'[39m, [32m'0.00'[39m ]
data rcv RT:[ [32m'0.00'[39m, [32m'4.34'[39m, [32m'3.37'[39m, [32m'0.01'[39m ]
data rcv RT:[ [32m'0.00'[39m, [32m'4.32'[39m, [32m'3.36'[39m, [32m'0.06'[39m ]
data rcv RT:[ [32m'0.00'[39m, [32m'4.34'[39m, [32m'3.39'[39m, [32m'0.02'[39m ]
data rcv RT:[ [32m'0.00'[39m, [32m'4.35'[39m, [32m'3.42'[39m, [32m'0.01'[39m ]
data rcv RT:[ [32m'0.00'[39m, [32m'4.39'[39m, [32m'3.38'[39m, [32m'0.02'[39m ]
data rcv RT:[ [32m'0.00'[39m, [32m'4.36'[39m, [32m'3.40'[39m, [32m'0.00'[39m ]
data rcv RT:[ [32m'0.00'[39m, [32m'4.31'[39m, [32m'3.42'[39m, [32m'0.00'[39m ]
data rcv RT:[ [32m'0.00'[39m, [32m'4.32'[39m, [32m'3.43'[39m, [32m'0.00'[39m ]
data rcv RT:[ [32m'0.00'[39m, [32m'4.30'[39m, [32m'3.43'[39m, [32m'0.00'[39m ]
data rcv RT:[ [32m'0.00'[39m, [32m'4.31'[39m, [32m'3.42'[39m, [32m'0.00'[39m ]
data rcv RT:[ [32m'0.00'[39m, [32m'4.31'[39m, [32m'3.43'[39m, [32m'0.00'[39m ]
data rcv RT:[ [32m'0.00'[39m, [32m'4.26'[39m, [32m'3.42'[39m, [32m'0.00'[39m ]
data rcv RT:[ [32m'0.00'[39m, [32m'4.26'[39m, [32m'3.38'[39m, [32m'0.00'[39m ]
data rcv RT:[ [32m'0.00'[39m, [32m'4.28'[39m, [32m'3.39'[39m, [32m'0.00'[39m ]
data rcv RT:[ [32m'0.00'[39m, [32m'4.32'[39m, [32m'3.36'[39m, [32m'0.00'[39m ]
data rcv RT:[ [32m'0.00'[39m, [32m'4.34'[39m, [32m'3.36'[39m, [32m'0.01'[39m ]
data rcv RT:[ [32m'0.00'[39m, [32m'4.37'[39m, [32m'3.42'[39m, [32m'0.02'[39m ]
data rcv RT:[ [32m'0.00'[39m, [32m'4.36'[39m, [32m'3.39'[39m, [32m'0.02'[39m ]
data rcv RT:[ [32m'0.00'[39m, [32m'4.35'[39m, [32m'3.42'[39m, [32m'0.00'[39m ]
data rcv RT:[ [32m'0.00'[39m, [32m'4.36'[39m, [32m'3.42'[39m, [32m'0.00'[39m ]
data rcv RT:[ [32m'0.00'[39m, [32m'4.33'[39m, [32m'3.42'[39m, [32m'0.00'[39m ]
data rcv RT:[ [32m'0.00'[39m, [32m'4.31'[39m, [32m'3.44'[39m, [32m'0.00'[39m ]
data rcv RT:[ [32m'0.00'[39m, [32m'4.30'[39m, [32m'3.44'[39m, [32m'0.00'[39m ]
data rcv RT:[ [32m'0.00'[39m, [32m'4.31'[39m, [32m'3.42'[39m, [32m'0.00'[39m ]
data rcv RT:[ [32m'0.00'[39m, [32m'4.31'[39m, [32m'3.45'[39m, [32m'0.00'[39m ]
data rcv RT:[ [32m'0.00'[39m, [32m'4.27'[39m, [32m'3.43'[39m, [32m'0.00'[39m ]
data rcv RT:[ [32m'0.00'[39m, [32m'4.27'[39m, [32m'3.38'[39m, [32m'0.00'[39m ]
data rcv RT:[ [32m'0.00'[39m, [32m'4.30'[39m, [32m'3.38'[39m, [32m'0.00'[39m ]
data rcv RT:[ [32m'0.00'[39m, [32m'4.33'[39m, [32m'3.38'[39m, [32m'0.01'[39m ]
data rcv RT:[ [32m'0.00'[39m, [32m'4.34'[39m, [32m'3.38'[39m, [32m'0.01'[39m ]
data rcv RT:[ [32m'0.00'[39m, [32m'4.32'[39m, [32m'3.38'[39m, [32m'0.01'[39m ]
data rcv RT:[ [32m'0.00'[39m, [32m'4.35'[39m, [32m'3.38'[39m, [32m'0.02'[39m ]
data rcv RT:[ [32m'0.00'[39m, [32m'4.35'[39m, [32m'3.37'[39m, [32m'0.04'[39m ]
data rcv RT:[ [32m'0.00'[39m, [32m'4.35'[39m, [32m'3.41'[39m, [32m'0.02'[39m ]
data rcv RT:[ [32m'0.00'[39m, [32m'4.39'[39m, [32m'3.39'[39m, [32m'0.02'[39m ]
data rcv RT:[ [32m'0.00'[39m, [32m'4.36'[39m, [32m'3.39'[39m, [32m'0.02'[39m ]
data rcv RT:[ [32m'0.00'[39m, [32m'4.37'[39m, [32m'3.39'[39m, [32m'0.02'[39m ]
data rcv RT:[ [32m'0.00'[39m, [32m'4.35'[39m, [32m'3.41'[39m, [32m'0.00'[39m ]
data rcv RT:[ [32m'0.00'[39m, [32m'4.34'[39m, [32m'3.42'[39m, [32m'0.00'[39m ]
data rcv RT:[ [32m'0.00'[39m, [32m'4.34'[39m, [32m'3.43'[39m, [32m'0.00'[39m ]
data rcv RT:[ [32m'0.00'[39m, [32m'4.31'[39m, [32m'3.46'[39m, [32m'0.00'[39m ]
data rcv RT:[ [32m'0.00'[39m, [32m'4.32'[39m, [32m'3.42'[39m, [32m'0.00'[39m ]
data rcv RT:[ [32m'0.00'[39m, [32m'4.27'[39m, [32m'3.39'[39m, [32m'0.00'[39m ]
data rcv RT:[ [32m'0.00'[39m, [32m'4.26'[39m, [32m'3.40'[39m, [32m'0.00'[39m ]
data rcv RT:[ [32m'0.00'[39m, [32m'4.27'[39m, [32m'3.44'[39m, [32m'0.00'[39m ]
data rcv RT:[ [32m'0.00'[39m, [32m'4.27'[39m, [32m'3.36'[39m, [32m'0.00'[39m ]
data rcv RT:[ [32m'0.00'[39m, [32m'4.34'[39m, [32m'3.38'[39m, [32m'0.03'[39m ]
data rcv RT:[ [32m'0.00'[39m, [32m'4.32'[39m, [32m'3.37'[39m, [32m'0.00'[39m ]
data rcv RT:[ [32m'0.00'[39m, [32m'4.35'[39m, [32m'3.37'[39m, [32m'0.04'[39m ]
data rcv RT:[ [32m'0.00'[39m, [32m'4.35'[39m, [32m'3.38'[39m, [32m'0.02'[39m ]
data rcv RT:[ [32m'0.00'[39m, [32m'4.38'[39m, [32m'3.41'[39m, [32m'0.02'[39m ]
data rcv RT:[ [32m'0.00'[39m, [32m'4.37'[39m, [32m'3.40'[39m, [32m'0.01'[39m ]
data rcv RT:[ [32m'0.00'[39m, [32m'4.37'[39m, [32m'3.43'[39m, [32m'0.00'[39m ]
data rcv RT:[ [32m'0.00'[39m, [32m'4.34'[39m, [32m'3.42'[39m, [32m'0.00'[39m ]
data rcv RT:[ [32m'0.00'[39m, [32m'4.33'[39m, [32m'3.41'[39m, [32m'0.00'[39m ]
data rcv RT:[ [32m'0.00'[39m, [32m'4.33'[39m, [32m'3.44'[39m, [32m'0.00'[39m ]
data rcv RT:[ [32m'0.00'[39m, [32m'4.32'[39m, [32m'3.42'[39m, [32m'0.00'[39m ]
data rcv RT:[ [32m'0.00'[39m, [32m'4.33'[39m, [32m'3.42'[39m, [32m'0.00'[39m ]
data rcv RT:[ [32m'0.00'[39m, [32m'4.32'[39m, [32m'3.42'[39m, [32m'0.00'[39m ]
data rcv RT:[ [32m'0.00'[39m, [32m'4.29'[39m, [32m'3.45'[39m, [32m'0.00'[39m ]
data rcv RT:[ [32m'0.00'[39m, [32m'4.25'[39m, [32m'3.43'[39m, [32m'0.00'[39m ]
data rcv RT:[ [32m'0.00'[39m, [32m'4.27'[39m, [32m'3.41'[39m, [32m'0.00'[39m ]
data rcv RT:[ [32m'0.00'[39m, [32m'4.27'[39m, [32m'3.36'[39m, [32m'0.00'[39m ]
data rcv RT:[ [32m'0.00'[39m, [32m'4.26'[39m, [32m'3.38'[39m, [32m'0.00'[39m ]
data rcv RT:[ [32m'0.00'[39m, [32m'4.31'[39m, [32m'3.37'[39m, [32m'0.01'[39m ]
data rcv RT:[ [32m'0.00'[39m, [32m'4.28'[39m, [32m'3.39'[39m, [32m'0.00'[39m ]
data rcv RT:[ [32m'0.00'[39m, [32m'4.32'[39m, [32m'3.36'[39m, [32m'0.01'[39m ]
data rcv RT:[ [32m'0.00'[39m, [32m'4.33'[39m, [32m'3.38'[39m, [32m'0.00'[39m ]
data rcv RT:[ [32m'0.00'[39m, [32m'4.37'[39m, [32m'3.39'[39m, [32m'0.02'[39m ]
data rcv RT:[ [32m'0.00'[39m, [32m'4.38'[39m, [32m'3.39'[39m, [32m'0.02'[39m ]
data rcv RT:[ [32m'0.00'[39m, [32m'4.33'[39m, [32m'3.42'[39m, [32m'0.00'[39m ]
data rcv RT:[ [32m'0.00'[39m, [32m'4.34'[39m, [32m'3.43'[39m, [32m'0.00'[39m ]
data rcv RT:[ [32m'0.00'[39m, [32m'4.32'[39m, [32m'3.42'[39m, [32m'0.00'[39m ]
data rcv RT:[ [32m'0.00'[39m, [32m'4.30'[39m, [32m'3.41'[39m, [32m'0.00'[39m ]
data rcv RT:[ [32m'0.00'[39m, [32m'4.29'[39m, [32m'3.43'[39m, [32m'0.00'[39m ]
data rcv RT:[ [32m'0.00'[39m, [32m'4.29'[39m, [32m'3.40'[39m, [32m'0.00'[39m ]
data rcv RT:[ [32m'0.00'[39m, [32m'4.28'[39m, [32m'3.46'[39m, [32m'0.00'[39m ]
data rcv RT:[ [32m'0.00'[39m, [32m'4.30'[39m, [32m'3.45'[39m, [32m'0.00'[39m ]
data rcv RT:[ [32m'0.00'[39m, [32m'4.25'[39m, [32m'3.40'[39m, [32m'0.00'[39m ]
data rcv RT:[ [32m'0.00'[39m, [32m'4.25'[39m, [32m'3.40'[39m, [32m'0.00'[39m ]
data rcv RT:[ [32m'0.00'[39m, [32m'4.26'[39m, [32m'3.40'[39m, [32m'0.00'[39m ]
data rcv RT:[ [32m'0.00'[39m, [32m'4.31'[39m, [32m'3.37'[39m, [32m'0.01'[39m ]
data rcv RT:[ [32m'0.00'[39m, [32m'4.31'[39m, [32m'3.40'[39m, [32m'0.01'[39m ]
data rcv RT:[ [32m'0.00'[39m, [32m'4.31'[39m, [32m'3.38'[39m, [32m'0.01'[39m ]
data rcv RT:[ [32m'0.00'[39m, [32m'4.33'[39m, [32m'3.38'[39m, [32m'0.02'[39m ]
data rcv RT:[ [32m'0.00'[39m, [32m'4.33'[39m, [32m'3.38'[39m, [32m'0.02'[39m ]
data rcv RT:[ [32m'0.00'[39m, [32m'4.36'[39m, [32m'3.40'[39m, [32m'0.02'[39m ]
data rcv RT:[ [32m'0.00'[39m, [32m'4.37'[39m, [32m'3.39'[39m, [32m'0.02'[39m ]
data rcv RT:[ [32m'0.00'[39m, [32m'4.37'[39m, [32m'3.42'[39m, [32m'0.00'[39m ]
data rcv RT:[ [32m'0.00'[39m, [32m'4.35'[39m, [32m'3.43'[39m, [32m'0.00'[39m ]
data rcv RT:[ [32m'0.00'[39m, [32m'4.35'[39m, [32m'3.43'[39m, [32m'0.00'[39m ]
data rcv RT:[ [32m'0.00'[39m, [32m'4.34'[39m, [32m'3.42'[39m, [32m'0.00'[39m ]
data rcv RT:[ [32m'0.00'[39m, [32m'4.34'[39m, [32m'3.43'[39m, [32m'0.00'[39m ]
data rcv RT:[ [32m'0.00'[39m, [32m'4.33'[39m, [32m'3.43'[39m, [32m'0.00'[39m ]
data rcv RT:[ [32m'0.00'[39m, [32m'4.34'[39m, [32m'3.43'[39m, [32m'0.00'[39m ]
data rcv RT:[ [32m'0.00'[39m, [32m'4.31'[39m, [32m'3.44'[39m, [32m'0.00'[39m ]
data rcv RT:[ [32m'0.00'[39m, [32m'4.32'[39m, [32m'3.44'[39m, [32m'0.00'[39m ]
data rcv RT:[ [32m'0.00'[39m, [32m'4.29'[39m, [32m'3.44'[39m, [32m'0.00'[39m ]
data rcv RT:[ [32m'0.00'[39m, [32m'4.29'[39m, [32m'3.46'[39m, [32m'0.00'[39m ]
data rcv RT:[ [32m'0.00'[39m, [32m'4.26'[39m, [32m'3.41'[39m, [32m'0.00'[39m ]
data rcv RT:[ [32m'0.00'[39m, [32m'4.25'[39m, [32m'3.40'[39m, [32m'0.00'[39m ]
data rcv RT:[ [32m'0.00'[39m, [32m'4.30'[39m, [32m'3.37'[39m, [32m'0.00'[39m ]
data rcv RT:[ [32m'0.00'[39m, [32m'4.28'[39m, [32m'3.39'[39m, [32m'0.00'[39m ]
data rcv RT:[ [32m'0.00'[39m, [32m'4.30'[39m, [32m'3.36'[39m, [32m'0.00'[39m ]
data rcv RT:[ [32m'0.00'[39m, [32m'4.34'[39m, [32m'3.40'[39m, [32m'0.02'[39m ]
data rcv RT:[ [32m'0.00'[39m, [32m'4.36'[39m, [32m'3.40'[39m, [32m'0.03'[39m ]
data rcv RT:[ [32m'0.00'[39m, [32m'4.35'[39m, [32m'3.41'[39m, [32m'0.01'[39m ]
data rcv RT:[ [32m'0.00'[39m, [32m'4.35'[39m, [32m'3.42'[39m, [32m'0.00'[39m ]
data rcv RT:[ [32m'0.00'[39m, [32m'4.31'[39m, [32m'3.44'[39m, [32m'0.00'[39m ]
data rcv RT:[ [32m'0.00'[39m, [32m'4.30'[39m, [32m'3.45'[39m, [32m'0.00'[39m ]
data rcv RT:[ [32m'0.00'[39m, [32m'4.29'[39m, [32m'3.43'[39m, [32m'0.00'[39m ]
data rcv RT:[ [32m'0.00'[39m, [32m'4.29'[39m, [32m'3.44'[39m, [32m'0.00'[39m ]
data rcv RT:[ [32m'0.00'[39m, [32m'4.26'[39m, [32m'3.41'[39m, [32m'0.00'[39m ]
data rcv RT:[ [32m'0.00'[39m, [32m'4.27'[39m, [32m'3.41'[39m, [32m'0.00'[39m ]
data rcv RT:[ [32m'0.00'[39m, [32m'4.28'[39m, [32m'3.40'[39m, [32m'0.00'[39m ]
data rcv RT:[ [32m'0.00'[39m, [32m'4.33'[39m, [32m'3.37'[39m, [32m'0.02'[39m ]
data rcv RT:[ [32m'0.00'[39m, [32m'4.28'[39m, [32m'3.40'[39m, [32m'0.00'[39m ]
data rcv RT:[ [32m'0.00'[39m, [32m'4.33'[39m, [32m'3.39'[39m, [32m'0.02'[39m ]
data rcv RT:[ [32m'0.00'[39m, [32m'4.33'[39m, [32m'3.34'[39m, [32m'0.03'[39m ]
data rcv RT:[ [32m'0.00'[39m, [32m'4.34'[39m, [32m'3.40'[39m, [32m'0.01'[39m ]
data rcv RT:[ [32m'0.00'[39m, [32m'4.37'[39m, [32m'3.44'[39m, [32m'0.00'[39m ]
data rcv RT:[ [32m'0.00'[39m, [32m'4.32'[39m, [32m'3.44'[39m, [32m'0.00'[39m ]
data rcv RT:[ [32m'0.00'[39m, [32m'4.34'[39m, [32m'3.41'[39m, [32m'0.00'[39m ]
data rcv RT:[ [32m'0.00'[39m, [32m'4.31'[39m, [32m'3.43'[39m, [32m'0.00'[39m ]
data rcv RT:[ [32m'0.00'[39m, [32m'4.31'[39m, [32m'3.44'[39m, [32m'0.00'[39m ]
data rcv RT:[ [32m'0.00'[39m, [32m'4.29'[39m, [32m'3.42'[39m, [32m'0.00'[39m ]
data rcv RT:[ [32m'0.00'[39m, [32m'4.27'[39m, [32m'3.43'[39m, [32m'0.00'[39m ]
data rcv RT:[ [32m'0.00'[39m, [32m'4.29'[39m, [32m'3.39'[39m, [32m'0.00'[39m ]
data rcv RT:[ [32m'0.00'[39m, [32m'4.24'[39m, [32m'3.39'[39m, [32m'0.00'[39m ]
data rcv RT:[ [32m'0.00'[39m, [32m'4.29'[39m, [32m'3.36'[39m, [32m'0.00'[39m ]
data rcv RT:[ [32m'0.00'[39m, [32m'4.28'[39m, [32m'3.38'[39m, [32m'0.00'[39m ]
data rcv RT:[ [32m'0.00'[39m, [32m'4.30'[39m, [32m'3.37'[39m, [32m'0.00'[39m ]
data rcv RT:[ [32m'0.00'[39m, [32m'4.30'[39m, [32m'3.38'[39m, [32m'0.00'[39m ]
data rcv RT:[ [32m'0.00'[39m, [32m'4.31'[39m, [32m'3.37'[39m, [32m'0.00'[39m ]
data rcv RT:[ [32m'0.00'[39m, [32m'4.33'[39m, [32m'3.38'[39m, [32m'0.04'[39m ]
data rcv RT:[ [32m'0.00'[39m, [32m'4.36'[39m, [32m'3.37'[39m, [32m'0.05'[39m ]
data rcv RT:[ [32m'0.00'[39m, [32m'4.36'[39m, [32m'3.40'[39m, [32m'0.00'[39m ]
data rcv RT:[ [32m'0.00'[39m, [32m'4.37'[39m, [32m'3.43'[39m, [32m'0.00'[39m ]
data rcv RT:[ [32m'0.00'[39m, [32m'4.38'[39m, [32m'3.40'[39m, [32m'0.00'[39m ]
data rcv RT:[ [32m'0.00'[39m, [32m'4.35'[39m, [32m'3.40'[39m, [32m'0.00'[39m ]
data rcv RT:[ [32m'0.00'[39m, [32m'4.32'[39m, [32m'3.43'[39m, [32m'0.00'[39m ]
data rcv RT:[ [32m'0.00'[39m, [32m'4.30'[39m, [32m'3.42'[39m, [32m'0.00'[39m ]
data rcv RT:[ [32m'0.00'[39m, [32m'4.30'[39m, [32m'3.40'[39m, [32m'0.00'[39m ]
data rcv RT:[ [32m'0.00'[39m, [32m'4.31'[39m, [32m'3.43'[39m, [32m'0.00'[39m ]
data rcv RT:[ [32m'0.00'[39m, [32m'4.26'[39m, [32m'3.42'[39m, [32m'0.00'[39m ]
data rcv RT:[ [32m'0.00'[39m, [32m'4.28'[39m, [32m'3.36'[39m, [32m'0.00'[39m ]
data rcv RT:[ [32m'0.00'[39m, [32m'4.28'[39m, [32m'3.36'[39m, [32m'0.00'[39m ]
data rcv RT:[ [32m'0.00'[39m, [32m'4.30'[39m, [32m'3.40'[39m, [32m'0.00'[39m ]
data rcv RT:[ [32m'0.00'[39m, [32m'4.31'[39m, [32m'3.38'[39m, [32m'0.00'[39m ]
data rcv RT:[ [32m'0.00'[39m, [32m'4.34'[39m, [32m'3.38'[39m, [32m'0.01'[39m ]
data rcv RT:[ [32m'0.00'[39m, [32m'4.33'[39m, [32m'3.38'[39m, [32m'0.02'[39m ]
data rcv RT:[ [32m'0.00'[39m, [32m'4.37'[39m, [32m'3.40'[39m, [32m'0.04'[39m ]
data rcv RT:[ [32m'0.00'[39m, [32m'4.35'[39m, [32m'3.41'[39m, [32m'0.00'[39m ]
data rcv RT:[ [32m'0.00'[39m, [32m'4.37'[39m, [32m'3.40'[39m, [32m'0.02'[39m ]
data rcv RT:[ [32m'0.00'[39m, [32m'4.37'[39m, [32m'3.40'[39m, [32m'0.00'[39m ]
data rcv RT:[ [32m'0.00'[39m, [32m'4.35'[39m, [32m'3.42'[39m, [32m'0.00'[39m ]
data rcv RT:[ [32m'0.00'[39m, [32m'4.32'[39m, [32m'3.44'[39m, [32m'0.00'[39m ]
data rcv RT:[ [32m'0.00'[39m, [32m'4.30'[39m, [32m'3.43'[39m, [32m'0.00'[39m ]
data rcv RT:[ [32m'0.00'[39m, [32m'4.29'[39m, [32m'3.42'[39m, [32m'0.00'[39m ]
data rcv RT:[ [32m'0.00'[39m, [32m'4.30'[39m, [32m'3.40'[39m, [32m'0.00'[39m ]
data rcv RT:[ [32m'0.00'[39m, [32m'4.27'[39m, [32m'3.44'[39m, [32m'0.00'[39m ]
data rcv RT:[ [32m'0.00'[39m, [32m'4.28'[39m, [32m'3.42'[39m, [32m'0.00'[39m ]
data rcv RT:[ [32m'0.00'[39m, [32m'4.29'[39m, [32m'3.43'[39m, [32m'0.00'[39m ]
data rcv RT:[ [32m'0.00'[39m, [32m'4.27'[39m, [32m'3.40'[39m, [32m'0.00'[39m ]
data rcv RT:[ [32m'0.00'[39m, [32m'4.28'[39m, [32m'3.39'[39m, [32m'0.00'[39m ]
data rcv RT:[ [32m'0.00'[39m, [32m'4.27'[39m, [32m'3.39'[39m, [32m'0.00'[39m ]
data rcv RT:[ [32m'0.00'[39m, [32m'4.30'[39m, [32m'3.38'[39m, [32m'0.00'[39m ]
data rcv RT:[ [32m'0.00'[39m, [32m'4.31'[39m, [32m'3.39'[39m, [32m'0.00'[39m ]
data rcv RT:[ [32m'0.00'[39m, [32m'4.34'[39m, [32m'3.37'[39m, [32m'0.01'[39m ]
data rcv RT:[ [32m'0.00'[39m, [32m'4.34'[39m, [32m'3.37'[39m, [32m'0.01'[39m ]
data rcv RT:[ [32m'0.00'[39m, [32m'4.35'[39m, [32m'3.37'[39m, [32m'0.01'[39m ]
data rcv RT:[ [32m'0.00'[39m, [32m'4.38'[39m, [32m'3.39'[39m, [32m'0.02'[39m ]
data rcv RT:[ [32m'0.00'[39m, [32m'4.36'[39m, [32m'3.40'[39m, [32m'0.00'[39m ]
data rcv RT:[ [32m'0.00'[39m, [32m'4.34'[39m, [32m'3.43'[39m, [32m'0.00'[39m ]
data rcv RT:[ [32m'0.00'[39m, [32m'4.35'[39m, [32m'3.42'[39m, [32m'0.00'[39m ]
data rcv RT:[ [32m'0.00'[39m, [32m'4.30'[39m, [32m'3.45'[39m, [32m'0.00'[39m ]
data rcv RT:[ [32m'0.00'[39m, [32m'4.31'[39m, [32m'3.44'[39m, [32m'0.00'[39m ]
data rcv RT:[ [32m'0.00'[39m, [32m'4.30'[39m, [32m'3.40'[39m, [32m'0.00'[39m ]
data rcv RT:[ [32m'0.00'[39m, [32m'4.30'[39m, [32m'3.41'[39m, [32m'0.00'[39m ]
data rcv RT:[ [32m'0.00'[39m, [32m'4.30'[39m, [32m'3.44'[39m, [32m'0.00'[39m ]
data rcv RT:[ [32m'0.00'[39m, [32m'4.28'[39m, [32m'3.40'[39m, [32m'0.00'[39m ]
data rcv RT:[ [32m'0.00'[39m, [32m'4.28'[39m, [32m'3.40'[39m, [32m'0.00'[39m ]
data rcv RT:[ [32m'0.00'[39m, [32m'4.26'[39m, [32m'3.41'[39m, [32m'0.00'[39m ]
data rcv RT:[ [32m'0.00'[39m, [32m'4.30'[39m, [32m'3.38'[39m, [32m'0.00'[39m ]
data rcv RT:[ [32m'0.00'[39m, [32m'4.32'[39m, [32m'3.37'[39m, [32m'0.01'[39m ]
data rcv RT:[ [32m'0.00'[39m, [32m'4.37'[39m, [32m'3.38'[39m, [32m'0.02'[39m ]
data rcv RT:[ [32m'0.00'[39m, [32m'4.37'[39m, [32m'3.38'[39m, [32m'0.02'[39m ]
data rcv RT:[ [32m'0.00'[39m, [32m'4.37'[39m, [32m'3.42'[39m, [32m'0.00'[39m ]
data rcv RT:[ [32m'0.00'[39m, [32m'4.33'[39m, [32m'3.43'[39m, [32m'0.00'[39m ]
data rcv RT:[ [32m'0.00'[39m, [32m'4.32'[39m, [32m'3.42'[39m, [32m'0.00'[39m ]
data rcv RT:[ [32m'0.00'[39m, [32m'4.31'[39m, [32m'3.43'[39m, [32m'0.00'[39m ]
data rcv RT:[ [32m'0.00'[39m, [32m'4.32'[39m, [32m'3.43'[39m, [32m'0.00'[39m ]
data rcv RT:[ [32m'0.00'[39m, [32m'4.27'[39m, [32m'3.40'[39m, [32m'0.00'[39m ]
data rcv RT:[ [32m'0.00'[39m, [32m'4.27'[39m, [32m'3.41'[39m, [32m'0.00'[39m ]
data rcv RT:[ [32m'0.00'[39m, [32m'4.28'[39m, [32m'3.36'[39m, [32m'0.00'[39m ]
data rcv RT:[ [32m'0.00'[39m, [32m'4.26'[39m, [32m'3.38'[39m, [32m'0.00'[39m ]
data rcv RT:[ [32m'0.00'[39m, [32m'4.30'[39m, [32m'3.38'[39m, [32m'0.00'[39m ]
data rcv RT:[ [32m'0.00'[39m, [32m'4.33'[39m, [32m'3.37'[39m, [32m'0.01'[39m ]
data rcv RT:[ [32m'0.00'[39m, [32m'4.32'[39m, [32m'3.39'[39m, [32m'0.01'[39m ]
data rcv RT:[ [32m'0.00'[39m, [32m'4.35'[39m, [32m'3.38'[39m, [32m'0.01'[39m ]
data rcv RT:[ [32m'0.00'[39m, [32m'4.35'[39m, [32m'3.36'[39m, [32m'0.06'[39m ]
data rcv RT:[ [32m'0.00'[39m, [32m'4.40'[39m, [32m'3.38'[39m, [32m'0.00'[39m ]
data rcv RT:[ [32m'0.00'[39m, [32m'4.37'[39m, [32m'3.39'[39m, [32m'0.02'[39m ]
data rcv RT:[ [32m'0.00'[39m, [32m'4.34'[39m, [32m'3.43'[39m, [32m'0.00'[39m ]
data rcv RT:[ [32m'0.00'[39m, [32m'4.34'[39m, [32m'3.44'[39m, [32m'0.00'[39m ]
data rcv RT:[ [32m'0.00'[39m, [32m'4.32'[39m, [32m'3.42'[39m, [32m'0.00'[39m ]
data rcv RT:[ [32m'0.00'[39m, [32m'4.35'[39m, [32m'3.44'[39m, [32m'0.00'[39m ]
data rcv RT:[ [32m'0.00'[39m, [32m'4.32'[39m, [32m'3.43'[39m, [32m'0.00'[39m ]
data rcv RT:[ [32m'0.00'[39m, [32m'4.31'[39m, [32m'3.43'[39m, [32m'0.00'[39m ]
data rcv RT:[ [32m'0.00'[39m, [32m'4.29'[39m, [32m'3.42'[39m, [32m'0.00'[39m ]
data rcv RT:[ [32m'0.00'[39m, [32m'4.29'[39m, [32m'3.42'[39m, [32m'0.00'[39m ]
data rcv RT:[ [32m'0.00'[39m, [32m'4.27'[39m, [32m'3.44'[39m, [32m'0.00'[39m ]
data rcv RT:[ [32m'0.00'[39m, [32m'4.29'[39m, [32m'3.43'[39m, [32m'0.00'[39m ]
data rcv RT:[ [32m'0.00'[39m, [32m'4.26'[39m, [32m'3.39'[39m, [32m'0.00'[39m ]
data rcv RT:[ [32m'0.00'[39m, [32m'4.26'[39m, [32m'3.42'[39m, [32m'0.00'[39m ]
data rcv RT:[ [32m'0.00'[39m, [32m'4.26'[39m, [32m'3.39'[39m, [32m'0.00'[39m ]
data rcv RT:[ [32m'0.00'[39m, [32m'4.27'[39m, [32m'3.37'[39m, [32m'0.00'[39m ]
data rcv RT:[ [32m'0.00'[39m, [32m'4.28'[39m, [32m'3.39'[39m, [32m'0.00'[39m ]
data rcv RT:[ [32m'0.00'[39m, [32m'4.30'[39m, [32m'3.39'[39m, [32m'0.00'[39m ]
data rcv RT:[ [32m'0.00'[39m, [32m'4.33'[39m, [32m'3.37'[39m, [32m'0.01'[39m ]
data rcv RT:[ [32m'0.00'[39m, [32m'4.32'[39m, [32m'3.36'[39m, [32m'0.01'[39m ]
data rcv RT:[ [32m'0.00'[39m, [32m'4.31'[39m, [32m'3.40'[39m, [32m'0.00'[39m ]
data rcv RT:[ [32m'0.00'[39m, [32m'4.34'[39m, [32m'3.37'[39m, [32m'0.02'[39m ]
data rcv RT:[ [32m'0.00'[39m, [32m'4.38'[39m, [32m'3.40'[39m, [32m'0.02'[39m ]
data rcv RT:[ [32m'0.00'[39m, [32m'4.36'[39m, [32m'3.39'[39m, [32m'0.03'[39m ]
data rcv RT:[ [32m'0.00'[39m, [32m'4.36'[39m, [32m'3.42'[39m, [32m'0.00'[39m ]
data rcv RT:[ [32m'0.00'[39m, [32m'4.40'[39m, [32m'3.40'[39m, [32m'0.00'[39m ]
data rcv RT:[ [32m'0.00'[39m, [32m'4.34'[39m, [32m'3.41'[39m, [32m'0.00'[39m ]
data rcv RT:[ [32m'0.00'[39m, [32m'4.33'[39m, [32m'3.40'[39m, [32m'0.00'[39m ]
data rcv RT:[ [32m'0.00'[39m, [32m'4.29'[39m, [32m'3.43'[39m, [32m'0.00'[39m ]
data rcv RT:[ [32m'0.00'[39m, [32m'4.29'[39m, [32m'3.42'[39m, [32m'0.00'[39m ]
data rcv RT:[ [32m'0.00'[39m, [32m'4.28'[39m, [32m'3.46'[39m, [32m'0.00'[39m ]
data rcv RT:[ [32m'0.00'[39m, [32m'4.27'[39m, [32m'3.39'[39m, [32m'0.00'[39m ]
data rcv RT:[ [32m'0.00'[39m, [32m'4.25'[39m, [32m'3.37'[39m, [32m'0.00'[39m ]
data rcv RT:[ [32m'0.00'[39m, [32m'4.29'[39m, [32m'3.38'[39m, [32m'0.00'[39m ]
data rcv RT:[ [32m'0.00'[39m, [32m'4.31'[39m, [32m'3.37'[39m, [32m'0.02'[39m ]
data rcv RT:[ [32m'0.00'[39m, [32m'4.32'[39m, [32m'3.38'[39m, [32m'0.02'[39m ]
data rcv RT:[ [32m'0.00'[39m, [32m'4.30'[39m, [32m'3.38'[39m, [32m'0.01'[39m ]
data rcv RT:[ [32m'0.00'[39m, [32m'4.32'[39m, [32m'3.39'[39m, [32m'0.00'[39m ]
data rcv RT:[ [32m'0.00'[39m, [32m'4.33'[39m, [32m'3.40'[39m, [32m'0.01'[39m ]
data rcv RT:[ [32m'0.00'[39m, [32m'4.33'[39m, [32m'3.40'[39m, [32m'0.01'[39m ]
data rcv RT:[ [32m'0.00'[39m, [32m'4.35'[39m, [32m'3.39'[39m, [32m'0.01'[39m ]
data rcv RT:[ [32m'0.00'[39m, [32m'4.37'[39m, [32m'3.42'[39m, [32m'0.00'[39m ]
data rcv RT:[ [32m'0.00'[39m, [32m'4.34'[39m, [32m'3.41'[39m, [32m'0.00'[39m ]
data rcv RT:[ [32m'0.00'[39m, [32m'4.33'[39m, [32m'3.42'[39m, [32m'0.00'[39m ]
data rcv RT:[ [32m'0.00'[39m, [32m'4.33'[39m, [32m'3.42'[39m, [32m'0.00'[39m ]
data rcv RT:[ [32m'0.00'[39m, [32m'4.30'[39m, [32m'3.44'[39m, [32m'0.00'[39m ]
data rcv RT:[ [32m'0.00'[39m, [32m'4.30'[39m, [32m'3.45'[39m, [32m'0.00'[39m ]
data rcv RT:[ [32m'0.00'[39m, [32m'4.28'[39m, [32m'3.39'[39m, [32m'0.00'[39m ]
data rcv RT:[ [32m'0.00'[39m, [32m'4.26'[39m, [32m'3.41'[39m, [32m'0.00'[39m ]
data rcv RT:[ [32m'0.00'[39m, [32m'4.28'[39m, [32m'3.39'[39m, [32m'0.00'[39m ]
data rcv RT:[ [32m'0.00'[39m, [32m'4.28'[39m, [32m'3.39'[39m, [32m'0.00'[39m ]
data rcv RT:[ [32m'0.00'[39m, [32m'4.29'[39m, [32m'3.37'[39m, [32m'0.01'[39m ]
data rcv RT:[ [32m'0.00'[39m, [32m'4.30'[39m, [32m'3.37'[39m, [32m'0.00'[39m ]
data rcv RT:[ [32m'0.00'[39m, [32m'4.33'[39m, [32m'3.37'[39m, [32m'0.00'[39m ]
data rcv RT:[ [32m'0.00'[39m, [32m'4.35'[39m, [32m'3.37'[39m, [32m'0.03'[39m ]
data rcv RT:[ [32m'0.00'[39m, [32m'4.36'[39m, [32m'3.35'[39m, [32m'0.05'[39m ]
data rcv RT:[ [32m'0.00'[39m, [32m'4.38'[39m, [32m'3.40'[39m, [32m'0.03'[39m ]
data rcv RT:[ [32m'0.00'[39m, [32m'4.35'[39m, [32m'3.41'[39m, [32m'0.00'[39m ]
data rcv RT:[ [32m'0.00'[39m, [32m'4.33'[39m, [32m'3.43'[39m, [32m'0.00'[39m ]
data rcv RT:[ [32m'0.00'[39m, [32m'4.33'[39m, [32m'3.43'[39m, [32m'0.00'[39m ]
data rcv RT:[ [32m'0.00'[39m, [32m'4.33'[39m, [32m'3.44'[39m, [32m'0.00'[39m ]
data rcv RT:[ [32m'0.00'[39m, [32m'4.32'[39m, [32m'3.42'[39m, [32m'0.00'[39m ]
data rcv RT:[ [32m'0.00'[39m, [32m'4.31'[39m, [32m'3.44'[39m, [32m'0.00'[39m ]
data rcv RT:[ [32m'0.00'[39m, [32m'4.26'[39m, [32m'3.41'[39m, [32m'0.00'[39m ]
data rcv RT:[ [32m'0.00'[39m, [32m'4.26'[39m, [32m'3.40'[39m, [32m'0.00'[39m ]
data rcv RT:[ [32m'0.00'[39m, [32m'4.27'[39m, [32m'3.39'[39m, [32m'0.00'[39m ]
data rcv RT:[ [32m'0.00'[39m, [32m'4.31'[39m, [32m'3.37'[39m, [32m'0.00'[39m ]
data rcv RT:[ [32m'0.00'[39m, [32m'4.36'[39m, [32m'3.37'[39m, [32m'0.04'[39m ]
data rcv RT:[ [32m'0.00'[39m, [32m'4.37'[39m, [32m'3.41'[39m, [32m'0.00'[39m ]
data rcv RT:[ [32m'0.00'[39m, [32m'4.37'[39m, [32m'3.40'[39m, [32m'0.02'[39m ]
data rcv RT:[ [32m'0.00'[39m, [32m'4.36'[39m, [32m'3.40'[39m, [32m'0.00'[39m ]
data rcv RT:[ [32m'0.00'[39m, [32m'4.33'[39m, [32m'3.43'[39m, [32m'0.00'[39m ]
data rcv RT:[ [32m'0.00'[39m, [32m'4.29'[39m, [32m'3.43'[39m, [32m'0.00'[39m ]
data rcv RT:[ [32m'0.00'[39m, [32m'4.28'[39m, [32m'3.44'[39m, [32m'0.00'[39m ]
data rcv RT:[ [32m'0.00'[39m, [32m'4.28'[39m, [32m'3.44'[39m, [32m'0.00'[39m ]
data rcv RT:[ [32m'0.00'[39m, [32m'4.25'[39m, [32m'3.41'[39m, [32m'0.00'[39m ]
data rcv RT:[ [32m'0.00'[39m, [32m'4.28'[39m, [32m'3.38'[39m, [32m'0.00'[39m ]
data rcv RT:[ [32m'0.00'[39m, [32m'4.28'[39m, [32m'3.35'[39m, [32m'0.00'[39m ]
data rcv RT:[ [32m'0.00'[39m, [32m'4.31'[39m, [32m'3.39'[39m, [32m'0.01'[39m ]
data rcv RT:[ [32m'0.00'[39m, [32m'4.31'[39m, [32m'3.38'[39m, [32m'0.01'[39m ]
data rcv RT:[ [32m'0.00'[39m, [32m'4.33'[39m, [32m'3.37'[39m, [32m'0.03'[39m ]
data rcv RT:[ [32m'0.00'[39m, [32m'4.36'[39m, [32m'3.38'[39m, [32m'0.02'[39m ]
data rcv RT:[ [32m'0.00'[39m, [32m'4.30'[39m, [32m'3.45'[39m, [32m'0.00'[39m ]
data rcv RT:[ [32m'0.00'[39m, [32m'4.25'[39m, [32m'3.40'[39m, [32m'0.00'[39m ]
data rcv RT:[ [32m'0.00'[39m, [32m'4.27'[39m, [32m'3.37'[39m, [32m'0.00'[39m ]
data rcv RT:[ [32m'0.00'[39m, [32m'4.27'[39m, [32m'3.36'[39m, [32m'0.00'[39m ]
data rcv RT:[ [32m'0.00'[39m, [32m'4.29'[39m, [32m'3.37'[39m, [32m'0.00'[39m ]
data rcv RT:[ [32m'0.00'[39m, [32m'4.32'[39m, [32m'3.35'[39m, [32m'0.04'[39m ]
data rcv RT:[ [32m'0.00'[39m, [32m'4.35'[39m, [32m'3.39'[39m, [32m'0.05'[39m ]
data rcv RT:[ [32m'0.00'[39m, [32m'4.38'[39m, [32m'3.40'[39m, [32m'0.02'[39m ]
data rcv RT:[ [32m'0.00'[39m, [32m'4.36'[39m, [32m'3.43'[39m, [32m'0.00'[39m ]
data rcv RT:[ [32m'0.00'[39m, [32m'4.33'[39m, [32m'3.42'[39m, [32m'0.00'[39m ]
data rcv RT:[ [32m'0.00'[39m, [32m'4.33'[39m, [32m'3.43'[39m, [32m'0.00'[39m ]
data rcv RT:[ [32m'0.00'[39m, [32m'4.31'[39m, [32m'3.43'[39m, [32m'0.00'[39m ]
data rcv RT:[ [32m'0.00'[39m, [32m'4.28'[39m, [32m'3.46'[39m, [32m'0.00'[39m ]
data rcv RT:[ [32m'0.00'[39m, [32m'4.26'[39m, [32m'3.40'[39m, [32m'0.00'[39m ]
data rcv RT:[ [32m'0.00'[39m, [32m'4.28'[39m, [32m'3.38'[39m, [32m'0.00'[39m ]
data rcv RT:[ [32m'0.00'[39m, [32m'4.28'[39m, [32m'3.37'[39m, [32m'0.00'[39m ]
data rcv RT:[ [32m'0.00'[39m, [32m'4.30'[39m, [32m'3.37'[39m, [32m'0.01'[39m ]
data rcv RT:[ [32m'0.00'[39m, [32m'4.33'[39m, [32m'3.38'[39m, [32m'0.00'[39m ]
data rcv RT:[ [32m'0.00'[39m, [32m'4.34'[39m, [32m'3.38'[39m, [32m'0.02'[39m ]
data rcv RT:[ [32m'0.00'[39m, [32m'4.33'[39m, [32m'3.36'[39m, [32m'0.04'[39m ]
data rcv RT:[ [32m'0.00'[39m, [32m'4.36'[39m, [32m'3.39'[39m, [32m'0.01'[39m ]
data rcv RT:[ [32m'0.00'[39m, [32m'4.33'[39m, [32m'3.43'[39m, [32m'0.00'[39m ]
data rcv RT:[ [32m'0.00'[39m, [32m'4.32'[39m, [32m'3.43'[39m, [32m'0.00'[39m ]
data rcv RT:[ [32m'0.00'[39m, [32m'4.30'[39m, [32m'3.41'[39m, [32m'0.00'[39m ]
data rcv RT:[ [32m'0.00'[39m, [32m'4.29'[39m, [32m'3.40'[39m, [32m'0.00'[39m ]
data rcv RT:[ [32m'0.00'[39m, [32m'4.29'[39m, [32m'3.39'[39m, [32m'0.00'[39m ]
data rcv RT:[ [32m'0.00'[39m, [32m'4.26'[39m, [32m'3.40'[39m, [32m'0.00'[39m ]
data rcv RT:[ [32m'0.00'[39m, [32m'4.25'[39m, [32m'3.40'[39m, [32m'0.00'[39m ]
data rcv RT:[ [32m'0.00'[39m, [32m'4.26'[39m, [32m'3.40'[39m, [32m'0.00'[39m ]
data rcv RT:[ [32m'0.00'[39m, [32m'4.28'[39m, [32m'3.38'[39m, [32m'0.00'[39m ]
data rcv RT:[ [32m'0.00'[39m, [32m'4.31'[39m, [32m'3.36'[39m, [32m'0.01'[39m ]
data rcv RT:[ [32m'0.00'[39m, [32m'4.29'[39m, [32m'3.40'[39m, [32m'0.00'[39m ]
data rcv RT:[ [32m'0.00'[39m, [32m'4.35'[39m, [32m'3.36'[39m, [32m'0.05'[39m ]
data rcv RT:[ [32m'0.00'[39m, [32m'4.38'[39m, [32m'3.40'[39m, [32m'0.01'[39m ]
data rcv RT:[ [32m'0.00'[39m, [32m'4.35'[39m, [32m'3.41'[39m, [32m'0.00'[39m ]
data rcv RT:[ [32m'0.00'[39m, [32m'4.35'[39m, [32m'3.44'[39m, [32m'0.00'[39m ]
data rcv RT:[ [32m'0.00'[39m, [32m'4.31'[39m, [32m'3.43'[39m, [32m'0.00'[39m ]
data rcv RT:[ [32m'0.00'[39m, [32m'4.32'[39m, [32m'3.43'[39m, [32m'0.00'[39m ]
data rcv RT:[ [32m'0.00'[39m, [32m'4.29'[39m, [32m'3.41'[39m, [32m'0.00'[39m ]
data rcv RT:[ [32m'0.00'[39m, [32m'4.30'[39m, [32m'3.44'[39m, [32m'0.00'[39m ]
data rcv RT:[ [32m'0.00'[39m, [32m'4.28'[39m, [32m'3.41'[39m, [32m'0.00'[39m ]
data rcv RT:[ [32m'0.00'[39m, [32m'4.28'[39m, [32m'3.41'[39m, [32m'0.00'[39m ]
data rcv RT:[ [32m'0.00'[39m, [32m'4.29'[39m, [32m'3.40'[39m, [32m'0.00'[39m ]
data rcv RT:[ [32m'0.00'[39m, [32m'4.32'[39m, [32m'3.37'[39m, [32m'0.00'[39m ]
data rcv RT:[ [32m'0.00'[39m, [32m'4.31'[39m, [32m'3.38'[39m, [32m'0.00'[39m ]
data rcv RT:[ [32m'0.00'[39m, [32m'4.31'[39m, [32m'3.38'[39m, [32m'0.00'[39m ]
data rcv RT:[ [32m'0.00'[39m, [32m'4.34'[39m, [32m'3.38'[39m, [32m'0.01'[39m ]
data rcv RT:[ [32m'0.00'[39m, [32m'4.33'[39m, [32m'3.37'[39m, [32m'0.04'[39m ]
data rcv RT:[ [32m'0.00'[39m, [32m'4.38'[39m, [32m'3.38'[39m, [32m'0.03'[39m ]
data rcv RT:[ [32m'0.00'[39m, [32m'4.35'[39m, [32m'3.43'[39m, [32m'0.00'[39m ]
data rcv RT:[ [32m'0.00'[39m, [32m'4.31'[39m, [32m'3.44'[39m, [32m'0.00'[39m ]
data rcv RT:[ [32m'0.00'[39m, [32m'4.31'[39m, [32m'3.44'[39m, [32m'0.00'[39m ]
data rcv RT:[ [32m'0.00'[39m, [32m'4.31'[39m, [32m'3.40'[39m, [32m'0.00'[39m ]
data rcv RT:[ [32m'0.00'[39m, [32m'4.32'[39m, [32m'3.42'[39m, [32m'0.00'[39m ]
data rcv RT:[ [32m'0.00'[39m, [32m'4.30'[39m, [32m'3.46'[39m, [32m'0.00'[39m ]
data rcv RT:[ [32m'0.00'[39m, [32m'4.29'[39m, [32m'3.41'[39m, [32m'0.00'[39m ]
data rcv RT:[ [32m'0.00'[39m, [32m'4.26'[39m, [32m'3.42'[39m, [32m'0.00'[39m ]
data rcv RT:[ [32m'0.00'[39m, [32m'4.28'[39m, [32m'3.39'[39m, [32m'0.00'[39m ]
data rcv RT:[ [32m'0.00'[39m, [32m'4.27'[39m, [32m'3.39'[39m, [32m'0.00'[39m ]
data rcv RT:[ [32m'0.00'[39m, [32m'4.31'[39m, [32m'3.36'[39m, [32m'0.01'[39m ]
data rcv RT:[ [32m'0.00'[39m, [32m'4.31'[39m, [32m'3.38'[39m, [32m'0.01'[39m ]
data rcv RT:[ [32m'0.00'[39m, [32m'4.33'[39m, [32m'3.38'[39m, [32m'0.01'[39m ]
data rcv RT:[ [32m'0.00'[39m, [32m'4.37'[39m, [32m'3.38'[39m, [32m'0.03'[39m ]
data rcv RT:[ [32m'0.00'[39m, [32m'4.37'[39m, [32m'3.41'[39m, [32m'0.00'[39m ]
data rcv RT:[ [32m'0.00'[39m, [32m'4.36'[39m, [32m'3.42'[39m, [32m'0.00'[39m ]
data rcv RT:[ [32m'0.00'[39m, [32m'4.34'[39m, [32m'3.45'[39m, [32m'0.00'[39m ]
data rcv RT:[ [32m'0.00'[39m, [32m'4.32'[39m, [32m'3.41'[39m, [32m'0.00'[39m ]
data rcv RT:[ [32m'0.00'[39m, [32m'4.32'[39m, [32m'3.42'[39m, [32m'0.00'[39m ]
data rcv RT:[ [32m'0.00'[39m, [32m'4.30'[39m, [32m'3.44'[39m, [32m'0.00'[39m ]
data rcv RT:[ [32m'0.00'[39m, [32m'4.31'[39m, [32m'3.41'[39m, [32m'0.00'[39m ]
data rcv RT:[ [32m'0.00'[39m, [32m'4.31'[39m, [32m'3.44'[39m, [32m'0.00'[39m ]
data rcv RT:[ [32m'0.00'[39m, [32m'4.27'[39m, [32m'3.42'[39m, [32m'0.00'[39m ]
data rcv RT:[ [32m'0.00'[39m, [32m'4.28'[39m, [32m'3.38'[39m, [32m'0.00'[39m ]
data rcv RT:[ [32m'0.00'[39m, [32m'4.30'[39m, [32m'3.38'[39m, [32m'0.00'[39m ]
data rcv RT:[ [32m'0.00'[39m, [32m'4.32'[39m, [32m'3.39'[39m, [32m'0.00'[39m ]
data rcv RT:[ [32m'0.00'[39m, [32m'4.35'[39m, [32m'3.39'[39m, [32m'0.03'[39m ]
data rcv RT:[ [32m'0.00'[39m, [32m'4.35'[39m, [32m'3.38'[39m, [32m'0.03'[39m ]
data rcv RT:[ [32m'0.00'[39m, [32m'4.36'[39m, [32m'3.38'[39m, [32m'0.02'[39m ]
data rcv RT:[ [32m'0.00'[39m, [32m'4.38'[39m, [32m'3.42'[39m, [32m'0.01'[39m ]
data rcv RT:[ [32m'0.00'[39m, [32m'4.36'[39m, [32m'3.41'[39m, [32m'0.01'[39m ]
data rcv RT:[ [32m'0.00'[39m, [32m'4.34'[39m, [32m'3.41'[39m, [32m'0.00'[39m ]
data rcv RT:[ [32m'0.00'[39m, [32m'4.30'[39m, [32m'3.42'[39m, [32m'0.00'[39m ]
data rcv RT:[ [32m'0.00'[39m, [32m'4.29'[39m, [32m'3.44'[39m, [32m'0.00'[39m ]
data rcv RT:[ [32m'0.00'[39m, [32m'4.28'[39m, [32m'3.41'[39m, [32m'0.00'[39m ]
data rcv RT:[ [32m'0.00'[39m, [32m'4.29'[39m, [32m'3.38'[39m, [32m'0.00'[39m ]
data rcv RT:[ [32m'0.00'[39m, [32m'4.32'[39m, [32m'3.37'[39m, [32m'0.00'[39m ]
data rcv RT:[ [32m'0.00'[39m, [32m'4.35'[39m, [32m'3.36'[39m, [32m'0.05'[39m ]
data rcv RT:[ [32m'0.00'[39m, [32m'4.38'[39m, [32m'3.40'[39m, [32m'0.00'[39m ]
data rcv RT:[ [32m'0.00'[39m, [32m'4.33'[39m, [32m'3.42'[39m, [32m'0.00'[39m ]
data rcv RT:[ [32m'0.00'[39m, [32m'4.33'[39m, [32m'3.42'[39m, [32m'0.00'[39m ]
data rcv RT:[ [32m'0.00'[39m, [32m'4.30'[39m, [32m'3.41'[39m, [32m'0.00'[39m ]
data rcv RT:[ [32m'0.00'[39m, [32m'4.33'[39m, [32m'3.44'[39m, [32m'0.00'[39m ]
data rcv RT:[ [32m'0.00'[39m, [32m'4.28'[39m, [32m'3.43'[39m, [32m'0.00'[39m ]
data rcv RT:[ [32m'0.00'[39m, [32m'4.24'[39m, [32m'3.41'[39m, [32m'0.00'[39m ]
data rcv RT:[ [32m'0.00'[39m, [32m'4.29'[39m, [32m'3.37'[39m, [32m'0.00'[39m ]
data rcv RT:[ [32m'0.00'[39m, [32m'4.30'[39m, [32m'3.38'[39m, [32m'0.00'[39m ]
data rcv RT:[ [32m'0.00'[39m, [32m'4.32'[39m, [32m'3.36'[39m, [32m'0.00'[39m ]
data rcv RT:[ [32m'0.00'[39m, [32m'4.36'[39m, [32m'3.36'[39m, [32m'0.05'[39m ]
data rcv RT:[ [32m'0.00'[39m, [32m'4.36'[39m, [32m'3.40'[39m, [32m'0.02'[39m ]
data rcv RT:[ [32m'0.00'[39m, [32m'4.38'[39m, [32m'3.40'[39m, [32m'0.02'[39m ]
data rcv RT:[ [32m'0.00'[39m, [32m'4.36'[39m, [32m'3.40'[39m, [32m'0.00'[39m ]
data rcv RT:[ [32m'0.00'[39m, [32m'4.31'[39m, [32m'3.42'[39m, [32m'0.00'[39m ]
data rcv RT:[ [32m'0.00'[39m, [32m'4.32'[39m, [32m'3.43'[39m, [32m'0.00'[39m ]
data rcv RT:[ [32m'0.00'[39m, [32m'4.33'[39m, [32m'3.42'[39m, [32m'0.00'[39m ]
data rcv RT:[ [32m'0.00'[39m, [32m'4.31'[39m, [32m'3.42'[39m, [32m'0.00'[39m ]
data rcv RT:[ [32m'0.00'[39m, [32m'4.28'[39m, [32m'3.46'[39m, [32m'0.00'[39m ]
data rcv RT:[ [32m'0.00'[39m, [32m'4.26'[39m, [32m'3.37'[39m, [32m'0.00'[39m ]
data rcv RT:[ [32m'0.00'[39m, [32m'4.25'[39m, [32m'3.39'[39m, [32m'0.00'[39m ]
data rcv RT:[ [32m'0.00'[39m, [32m'4.31'[39m, [32m'3.40'[39m, [32m'0.01'[39m ]
data rcv RT:[ [32m'0.00'[39m, [32m'4.32'[39m, [32m'3.38'[39m, [32m'0.01'[39m ]
data rcv RT:[ [32m'0.00'[39m, [32m'4.33'[39m, [32m'3.37'[39m, [32m'0.01'[39m ]
data rcv RT:[ [32m'0.00'[39m, [32m'4.34'[39m, [32m'3.39'[39m, [32m'0.00'[39m ]
data rcv RT:[ [32m'0.00'[39m, [32m'4.33'[39m, [32m'3.38'[39m, [32m'0.03'[39m ]
data rcv RT:[ [32m'0.00'[39m, [32m'4.37'[39m, [32m'3.39'[39m, [32m'0.00'[39m ]
data rcv RT:[ [32m'0.00'[39m, [32m'4.33'[39m, [32m'3.43'[39m, [32m'0.00'[39m ]
data rcv RT:[ [32m'0.00'[39m, [32m'4.33'[39m, [32m'3.43'[39m, [32m'0.00'[39m ]
data rcv RT:[ [32m'0.00'[39m, [32m'4.32'[39m, [32m'3.43'[39m, [32m'0.00'[39m ]
data rcv RT:[ [32m'0.00'[39m, [32m'4.32'[39m, [32m'3.42'[39m, [32m'0.00'[39m ]
data rcv RT:[ [32m'0.00'[39m, [32m'4.29'[39m, [32m'3.43'[39m, [32m'0.00'[39m ]
data rcv RT:[ [32m'0.00'[39m, [32m'4.30'[39m, [32m'3.44'[39m, [32m'0.00'[39m ]
data rcv RT:[ [32m'0.00'[39m, [32m'4.25'[39m, [32m'3.40'[39m, [32m'0.00'[39m ]
data rcv RT:[ [32m'0.00'[39m, [32m'4.28'[39m, [32m'3.38'[39m, [32m'0.00'[39m ]
data rcv RT:[ [32m'0.00'[39m, [32m'4.29'[39m, [32m'3.37'[39m, [32m'0.00'[39m ]
data rcv RT:[ [32m'0.00'[39m, [32m'4.33'[39m, [32m'3.38'[39m, [32m'0.00'[39m ]
data rcv RT:[ [32m'0.00'[39m, [32m'4.31'[39m, [32m'3.38'[39m, [32m'0.01'[39m ]
data rcv RT:[ [32m'0.00'[39m, [32m'4.32'[39m, [32m'3.37'[39m, [32m'0.01'[39m ]
data rcv RT:[ [32m'0.00'[39m, [32m'4.36'[39m, [32m'3.38'[39m, [32m'0.02'[39m ]
data rcv RT:[ [32m'0.00'[39m, [32m'4.36'[39m, [32m'3.40'[39m, [32m'0.00'[39m ]
data rcv RT:[ [32m'0.00'[39m, [32m'4.37'[39m, [32m'3.43'[39m, [32m'0.00'[39m ]
data rcv RT:[ [32m'0.00'[39m, [32m'4.30'[39m, [32m'3.43'[39m, [32m'0.00'[39m ]
data rcv RT:[ [32m'0.00'[39m, [32m'4.30'[39m, [32m'3.42'[39m, [32m'0.00'[39m ]
data rcv RT:[ [32m'0.00'[39m, [32m'4.31'[39m, [32m'3.44'[39m, [32m'0.00'[39m ]
data rcv RT:[ [32m'0.00'[39m, [32m'4.28'[39m, [32m'3.43'[39m, [32m'0.00'[39m ]
data rcv RT:[ [32m'0.00'[39m, [32m'4.28'[39m, [32m'3.38'[39m, [32m'0.00'[39m ]
data rcv RT:[ [32m'0.00'[39m, [32m'4.27'[39m, [32m'3.38'[39m, [32m'0.00'[39m ]
data rcv RT:[ [32m'0.00'[39m, [32m'4.29'[39m, [32m'3.37'[39m, [32m'0.00'[39m ]
data rcv RT:[ [32m'0.00'[39m, [32m'4.31'[39m, [32m'3.37'[39m, [32m'0.01'[39m ]
data rcv RT:[ [32m'0.00'[39m, [32m'4.32'[39m, [32m'3.39'[39m, [32m'0.02'[39m ]
data rcv RT:[ [32m'0.00'[39m, [32m'4.36'[39m, [32m'3.39'[39m, [32m'0.00'[39m ]
data rcv RT:[ [32m'0.00'[39m, [32m'4.38'[39m, [32m'3.41'[39m, [32m'0.00'[39m ]
data rcv RT:[ [32m'0.00'[39m, [32m'4.33'[39m, [32m'3.42'[39m, [32m'0.00'[39m ]
data rcv RT:[ [32m'0.00'[39m, [32m'4.31'[39m, [32m'3.43'[39m, [32m'0.00'[39m ]
data rcv RT:[ [32m'0.00'[39m, [32m'4.30'[39m, [32m'3.44'[39m, [32m'0.00'[39m ]
data rcv RT:[ [32m'0.00'[39m, [32m'4.31'[39m, [32m'3.42'[39m, [32m'0.00'[39m ]
data rcv RT:[ [32m'0.00'[39m, [32m'4.26'[39m, [32m'3.41'[39m, [32m'0.00'[39m ]
data rcv RT:[ [32m'0.00'[39m, [32m'4.25'[39m, [32m'3.43'[39m, [32m'0.00'[39m ]
data rcv RT:[ [32m'0.00'[39m, [32m'4.30'[39m, [32m'3.37'[39m, [32m'0.00'[39m ]
data rcv RT:[ [32m'0.00'[39m, [32m'4.32'[39m, [32m'3.39'[39m, [32m'0.01'[39m ]
data rcv RT:[ [32m'0.00'[39m, [32m'4.36'[39m, [32m'3.40'[39m, [32m'0.00'[39m ]
data rcv RT:[ [32m'0.00'[39m, [32m'4.37'[39m, [32m'3.39'[39m, [32m'0.02'[39m ]
data rcv RT:[ [32m'0.00'[39m, [32m'4.36'[39m, [32m'3.43'[39m, [32m'0.00'[39m ]
data rcv RT:[ [32m'0.00'[39m, [32m'4.33'[39m, [32m'3.42'[39m, [32m'0.00'[39m ]
data rcv RT:[ [32m'0.00'[39m, [32m'4.29'[39m, [32m'3.43'[39m, [32m'0.00'[39m ]
data rcv RT:[ [32m'0.00'[39m, [32m'4.30'[39m, [32m'3.43'[39m, [32m'0.00'[39m ]
data rcv RT:[ [32m'0.00'[39m, [32m'4.31'[39m, [32m'3.44'[39m, [32m'0.00'[39m ]
data rcv RT:[ [32m'0.00'[39m, [32m'4.26'[39m, [32m'3.37'[39m, [32m'0.00'[39m ]
data rcv RT:[ [32m'0.00'[39m, [32m'4.30'[39m, [32m'3.39'[39m, [32m'0.00'[39m ]
data rcv RT:[ [32m'0.00'[39m, [32m'4.31'[39m, [32m'3.40'[39m, [32m'0.00'[39m ]
data rcv RT:[ [32m'0.00'[39m, [32m'4.33'[39m, [32m'3.38'[39m, [32m'0.01'[39m ]
data rcv RT:[ [32m'0.00'[39m, [32m'4.34'[39m, [32m'3.39'[39m, [32m'0.02'[39m ]
data rcv RT:[ [32m'0.00'[39m, [32m'4.34'[39m, [32m'3.37'[39m, [32m'0.04'[39m ]
data rcv RT:[ [32m'0.00'[39m, [32m'4.37'[39m, [32m'3.39'[39m, [32m'0.03'[39m ]
data rcv RT:[ [32m'0.00'[39m, [32m'4.35'[39m, [32m'3.43'[39m, [32m'0.00'[39m ]
data rcv RT:[ [32m'0.00'[39m, [32m'4.35'[39m, [32m'3.42'[39m, [32m'0.00'[39m ]
data rcv RT:[ [32m'0.00'[39m, [32m'4.31'[39m, [32m'3.41'[39m, [32m'0.00'[39m ]
data rcv RT:[ [32m'0.00'[39m, [32m'4.29'[39m, [32m'3.45'[39m, [32m'0.00'[39m ]
data rcv RT:[ [32m'0.00'[39m, [32m'4.26'[39m, [32m'3.41'[39m, [32m'0.00'[39m ]
data rcv RT:[ [32m'0.00'[39m, [32m'4.26'[39m, [32m'3.40'[39m, [32m'0.00'[39m ]
data rcv RT:[ [32m'0.00'[39m, [32m'4.28'[39m, [32m'3.37'[39m, [32m'0.00'[39m ]
data rcv RT:[ [32m'0.00'[39m, [32m'4.31'[39m, [32m'3.38'[39m, [32m'0.00'[39m ]
data rcv RT:[ [32m'0.00'[39m, [32m'4.32'[39m, [32m'3.38'[39m, [32m'0.00'[39m ]
data rcv RT:[ [32m'0.00'[39m, [32m'4.33'[39m, [32m'3.39'[39m, [32m'0.03'[39m ]
data rcv RT:[ [32m'0.00'[39m, [32m'4.36'[39m, [32m'3.37'[39m, [32m'0.01'[39m ]
data rcv RT:[ [32m'0.00'[39m, [32m'4.38'[39m, [32m'3.36'[39m, [32m'0.02'[39m ]
data rcv RT:[ [32m'0.00'[39m, [32m'4.36'[39m, [32m'3.44'[39m, [32m'0.00'[39m ]
data rcv RT:[ [32m'0.00'[39m, [32m'4.35'[39m, [32m'3.43'[39m, [32m'0.00'[39m ]
data rcv RT:[ [32m'0.00'[39m, [32m'4.33'[39m, [32m'3.42'[39m, [32m'0.00'[39m ]
data rcv RT:[ [32m'0.00'[39m, [32m'4.30'[39m, [32m'3.40'[39m, [32m'0.00'[39m ]
data rcv RT:[ [32m'0.00'[39m, [32m'4.27'[39m, [32m'3.39'[39m, [32m'0.00'[39m ]
data rcv RT:[ [32m'0.00'[39m, [32m'4.28'[39m, [32m'3.38'[39m, [32m'0.00'[39m ]
data rcv RT:[ [32m'0.00'[39m, [32m'4.29'[39m, [32m'3.38'[39m, [32m'0.00'[39m ]
data rcv RT:[ [32m'0.00'[39m, [32m'4.31'[39m, [32m'3.37'[39m, [32m'0.01'[39m ]
data rcv RT:[ [32m'0.00'[39m, [32m'4.33'[39m, [32m'3.38'[39m, [32m'0.01'[39m ]
data rcv RT:[ [32m'0.00'[39m, [32m'4.36'[39m, [32m'3.36'[39m, [32m'0.05'[39m ]
data rcv RT:[ [32m'0.00'[39m, [32m'4.37'[39m, [32m'3.37'[39m, [32m'0.04'[39m ]
data rcv RT:[ [32m'0.00'[39m, [32m'4.36'[39m, [32m'3.44'[39m, [32m'0.00'[39m ]
data rcv RT:[ [32m'0.00'[39m, [32m'4.34'[39m, [32m'3.41'[39m, [32m'0.00'[39m ]
data rcv RT:[ [32m'0.00'[39m, [32m'4.32'[39m, [32m'3.42'[39m, [32m'0.00'[39m ]
data rcv RT:[ [32m'0.00'[39m, [32m'4.30'[39m, [32m'3.40'[39m, [32m'0.00'[39m ]
data rcv RT:[ [32m'0.00'[39m, [32m'4.30'[39m, [32m'3.44'[39m, [32m'0.00'[39m ]
data rcv RT:[ [32m'0.00'[39m, [32m'4.26'[39m, [32m'3.43'[39m, [32m'0.00'[39m ]
data rcv RT:[ [32m'0.00'[39m, [32m'4.26'[39m, [32m'3.40'[39m, [32m'0.00'[39m ]
data rcv RT:[ [32m'0.00'[39m, [32m'4.26'[39m, [32m'3.40'[39m, [32m'0.00'[39m ]
data rcv RT:[ [32m'0.00'[39m, [32m'4.29'[39m, [32m'3.37'[39m, [32m'0.00'[39m ]
data rcv RT:[ [32m'0.00'[39m, [32m'4.33'[39m, [32m'3.38'[39m, [32m'0.00'[39m ]
data rcv RT:[ [32m'0.00'[39m, [32m'4.32'[39m, [32m'3.37'[39m, [32m'0.01'[39m ]
data rcv RT:[ [32m'0.00'[39m, [32m'4.33'[39m, [32m'3.40'[39m, [32m'0.00'[39m ]
data rcv RT:[ [32m'0.00'[39m, [32m'4.37'[39m, [32m'3.36'[39m, [32m'0.05'[39m ]
data rcv RT:[ [32m'0.00'[39m, [32m'4.39'[39m, [32m'3.40'[39m, [32m'0.00'[39m ]
data rcv RT:[ [32m'0.00'[39m, [32m'4.32'[39m, [32m'3.43'[39m, [32m'0.00'[39m ]
data rcv RT:[ [32m'0.00'[39m, [32m'4.32'[39m, [32m'3.44'[39m, [32m'0.00'[39m ]
data rcv RT:[ [32m'0.00'[39m, [32m'4.30'[39m, [32m'3.43'[39m, [32m'0.00'[39m ]
data rcv RT:[ [32m'0.00'[39m, [32m'4.31'[39m, [32m'3.42'[39m, [32m'0.00'[39m ]
data rcv RT:[ [32m'0.00'[39m, [32m'4.27'[39m, [32m'3.39'[39m, [32m'0.00'[39m ]
data rcv RT:[ [32m'0.00'[39m, [32m'4.26'[39m, [32m'3.42'[39m, [32m'0.00'[39m ]
data rcv RT:[ [32m'0.00'[39m, [32m'4.27'[39m, [32m'3.39'[39m, [32m'0.00'[39m ]
data rcv RT:[ [32m'0.00'[39m, [32m'4.28'[39m, [32m'3.40'[39m, [32m'0.00'[39m ]
data rcv RT:[ [32m'0.00'[39m, [32m'4.30'[39m, [32m'3.39'[39m, [32m'0.01'[39m ]
data rcv RT:[ [32m'0.00'[39m, [32m'4.33'[39m, [32m'3.37'[39m, [32m'0.01'[39m ]
data rcv RT:[ [32m'0.00'[39m, [32m'4.35'[39m, [32m'3.39'[39m, [32m'0.04'[39m ]
data rcv RT:[ [32m'0.00'[39m, [32m'4.38'[39m, [32m'3.42'[39m, [32m'0.02'[39m ]
data rcv RT:[ [32m'0.00'[39m, [32m'4.36'[39m, [32m'3.41'[39m, [32m'0.00'[39m ]
data rcv RT:[ [32m'0.00'[39m, [32m'4.30'[39m, [32m'3.44'[39m, [32m'0.00'[39m ]
data rcv RT:[ [32m'0.00'[39m, [32m'4.28'[39m, [32m'3.43'[39m, [32m'0.00'[39m ]
data rcv RT:[ [32m'0.00'[39m, [32m'4.31'[39m, [32m'3.46'[39m, [32m'0.00'[39m ]
data rcv RT:[ [32m'0.00'[39m, [32m'4.27'[39m, [32m'3.38'[39m, [32m'0.00'[39m ]
data rcv RT:[ [32m'0.00'[39m, [32m'4.27'[39m, [32m'3.40'[39m, [32m'0.00'[39m ]
data rcv RT:[ [32m'0.00'[39m, [32m'4.30'[39m, [32m'3.39'[39m, [32m'0.01'[39m ]
data rcv RT:[ [32m'0.00'[39m, [32m'4.30'[39m, [32m'3.36'[39m, [32m'0.00'[39m ]
data rcv RT:[ [32m'0.00'[39m, [32m'4.34'[39m, [32m'3.35'[39m, [32m'0.04'[39m ]
data rcv RT:[ [32m'0.00'[39m, [32m'4.38'[39m, [32m'3.41'[39m, [32m'0.02'[39m ]
data rcv RT:[ [32m'0.00'[39m, [32m'4.38'[39m, [32m'3.40'[39m, [32m'0.02'[39m ]
data rcv RT:[ [32m'0.00'[39m, [32m'4.35'[39m, [32m'3.42'[39m, [32m'0.00'[39m ]
data rcv RT:[ [32m'0.00'[39m, [32m'4.35'[39m, [32m'3.43'[39m, [32m'0.00'[39m ]
data rcv RT:[ [32m'0.00'[39m, [32m'4.30'[39m, [32m'3.44'[39m, [32m'0.00'[39m ]
data rcv RT:[ [32m'0.00'[39m, [32m'4.29'[39m, [32m'3.44'[39m, [32m'0.00'[39m ]
data rcv RT:[ [32m'0.00'[39m, [32m'4.29'[39m, [32m'3.45'[39m, [32m'0.00'[39m ]
data rcv RT:[ [32m'0.00'[39m, [32m'4.28'[39m, [32m'3.38'[39m, [32m'0.00'[39m ]
data rcv RT:[ [32m'0.00'[39m, [32m'4.27'[39m, [32m'3.38'[39m, [32m'0.00'[39m ]
data rcv RT:[ [32m'0.00'[39m, [32m'4.31'[39m, [32m'3.39'[39m, [32m'0.01'[39m ]
data rcv RT:[ [32m'0.00'[39m, [32m'4.35'[39m, [32m'3.38'[39m, [32m'0.02'[39m ]
data rcv RT:[ [32m'0.00'[39m, [32m'4.35'[39m, [32m'3.36'[39m, [32m'0.05'[39m ]
data rcv RT:[ [32m'0.00'[39m, [32m'4.38'[39m, [32m'3.39'[39m, [32m'0.01'[39m ]
data rcv RT:[ [32m'0.00'[39m, [32m'4.35'[39m, [32m'3.42'[39m, [32m'0.00'[39m ]
data rcv RT:[ [32m'0.00'[39m, [32m'4.37'[39m, [32m'3.43'[39m, [32m'0.00'[39m ]
data rcv RT:[ [32m'0.00'[39m, [32m'4.33'[39m, [32m'3.42'[39m, [32m'0.00'[39m ]
data rcv RT:[ [32m'0.00'[39m, [32m'4.32'[39m, [32m'3.43'[39m, [32m'0.00'[39m ]
data rcv RT:[ [32m'0.00'[39m, [32m'4.31'[39m, [32m'3.41'[39m, [32m'0.00'[39m ]
data rcv RT:[ [32m'0.00'[39m, [32m'4.29'[39m, [32m'3.41'[39m, [32m'0.00'[39m ]
data rcv RT:[ [32m'0.00'[39m, [32m'4.26'[39m, [32m'3.41'[39m, [32m'0.00'[39m ]
data rcv RT:[ [32m'0.00'[39m, [32m'4.28'[39m, [32m'3.36'[39m, [32m'0.00'[39m ]
data rcv RT:[ [32m'0.00'[39m, [32m'4.26'[39m, [32m'3.38'[39m, [32m'0.00'[39m ]
data rcv RT:[ [32m'0.00'[39m, [32m'4.29'[39m, [32m'3.37'[39m, [32m'0.00'[39m ]
data rcv RT:[ [32m'0.00'[39m, [32m'4.33'[39m, [32m'3.40'[39m, [32m'0.00'[39m ]
data rcv RT:[ [32m'0.00'[39m, [32m'4.35'[39m, [32m'3.37'[39m, [32m'0.06'[39m ]
data rcv RT:[ [32m'0.00'[39m, [32m'4.32'[39m, [32m'3.36'[39m, [32m'0.05'[39m ]
data rcv RT:[ [32m'0.00'[39m, [32m'4.38'[39m, [32m'3.37'[39m, [32m'0.03'[39m ]
data rcv RT:[ [32m'0.00'[39m, [32m'4.36'[39m, [32m'3.44'[39m, [32m'0.00'[39m ]
data rcv RT:[ [32m'0.00'[39m, [32m'4.33'[39m, [32m'3.44'[39m, [32m'0.00'[39m ]
data rcv RT:[ [32m'0.00'[39m, [32m'4.33'[39m, [32m'3.44'[39m, [32m'0.00'[39m ]
data rcv RT:[ [32m'0.00'[39m, [32m'4.31'[39m, [32m'3.45'[39m, [32m'0.00'[39m ]
data rcv RT:[ [32m'0.00'[39m, [32m'4.32'[39m, [32m'3.47'[39m, [32m'0.00'[39m ]
data rcv RT:[ [32m'0.00'[39m, [32m'4.30'[39m, [32m'3.45'[39m, [32m'0.00'[39m ]
data rcv RT:[ [32m'0.00'[39m, [32m'4.29'[39m, [32m'3.40'[39m, [32m'0.00'[39m ]
data rcv RT:[ [32m'0.00'[39m, [32m'4.26'[39m, [32m'3.40'[39m, [32m'0.00'[39m ]
data rcv RT:[ [32m'0.00'[39m, [32m'4.31'[39m, [32m'3.37'[39m, [32m'0.00'[39m ]
data rcv RT:[ [32m'0.00'[39m, [32m'4.32'[39m, [32m'3.36'[39m, [32m'0.01'[39m ]
data rcv RT:[ [32m'0.00'[39m, [32m'4.36'[39m, [32m'3.36'[39m, [32m'0.05'[39m ]
data rcv RT:[ [32m'0.00'[39m, [32m'4.38'[39m, [32m'3.39'[39m, [32m'0.01'[39m ]
data rcv RT:[ [32m'0.00'[39m, [32m'4.36'[39m, [32m'3.37'[39m, [32m'0.01'[39m ]
client Front End connected
Socket {
  nsp: 
   Namespace {
     name: [32m'/'[39m,
     server: 
      Server {
        nsps: [36m[Object][39m,
        _path: [32m'/socket.io'[39m,
        _serveClient: [33mtrue[39m,
        _adapter: [36m[Function: Adapter][39m,
        _origins: [32m'*:*'[39m,
        sockets: [36m[Circular][39m,
        eio: [36m[Object][39m,
        httpServer: [36m[Object][39m,
        engine: [36m[Object][39m },
     sockets: { [32m'/#U_U5P-rKygrCb32SAAAS'[39m: [36m[Circular][39m },
     connected: { [32m'/#U_U5P-rKygrCb32SAAAS'[39m: [36m[Circular][39m },
     fns: [],
     ids: [33m0[39m,
     adapter: 
      Adapter {
        nsp: [36m[Circular][39m,
        rooms: [36m[Object][39m,
        sids: [36m[Object][39m,
        encoder: Encoder {} },
     _events: { connection: [36m[Function][39m },
     _eventsCount: [33m1[39m },
  server: 
   Server {
     nsps: { [32m'/'[39m: [36m[Object][39m },
     _path: [32m'/socket.io'[39m,
     _serveClient: [33mtrue[39m,
     _adapter: [36m[Function: Adapter][39m,
     _origins: [32m'*:*'[39m,
     sockets: 
      Namespace {
        name: [32m'/'[39m,
        server: [36m[Circular][39m,
        sockets: [36m[Object][39m,
        connected: [36m[Object][39m,
        fns: [],
        ids: [33m0[39m,
        adapter: [36m[Object][39m,
        _events: [36m[Object][39m,
        _eventsCount: [33m1[39m },
     eio: 
      Server {
        clients: [36m[Object][39m,
        clientsCount: [33m1[39m,
        pingTimeout: [33m60000[39m,
        pingInterval: [33m25000[39m,
        upgradeTimeout: [33m10000[39m,
        maxHttpBufferSize: [33m100000000[39m,
        transports: [36m[Object][39m,
        allowUpgrades: [33mtrue[39m,
        allowRequest: [36m[Function: bound ][39m,
        cookie: [32m'io'[39m,
        cookiePath: [33mfalse[39m,
        perMessageDeflate: [36m[Object][39m,
        httpCompression: [36m[Object][39m,
        ws: [36m[Object][39m,
        _events: [36m[Object][39m,
        _eventsCount: [33m1[39m },
     httpServer: 
      Server {
        domain: [1mnull[22m,
        _events: [36m[Object][39m,
        _eventsCount: [33m4[39m,
        _maxListeners: [90mundefined[39m,
        _connections: [33m4[39m,
        _handle: [36m[Object][39m,
        _usingSlaves: [33mfalse[39m,
        _slaves: [],
        _unref: [33mfalse[39m,
        allowHalfOpen: [33mtrue[39m,
        pauseOnConnect: [33mfalse[39m,
        httpAllowHalfOpen: [33mfalse[39m,
        timeout: [33m120000[39m,
        _pendingResponseData: [33m0[39m,
        _connectionKey: [32m'6::::3000'[39m },
     engine: 
      Server {
        clients: [36m[Object][39m,
        clientsCount: [33m1[39m,
        pingTimeout: [33m60000[39m,
        pingInterval: [33m25000[39m,
        upgradeTimeout: [33m10000[39m,
        maxHttpBufferSize: [33m100000000[39m,
        transports: [36m[Object][39m,
        allowUpgrades: [33mtrue[39m,
        allowRequest: [36m[Function: bound ][39m,
        cookie: [32m'io'[39m,
        cookiePath: [33mfalse[39m,
        perMessageDeflate: [36m[Object][39m,
        httpCompression: [36m[Object][39m,
        ws: [36m[Object][39m,
        _events: [36m[Object][39m,
        _eventsCount: [33m1[39m } },
  adapter: 
   Adapter {
     nsp: 
      Namespace {
        name: [32m'/'[39m,
        server: [36m[Object][39m,
        sockets: [36m[Object][39m,
        connected: [36m[Object][39m,
        fns: [],
        ids: [33m0[39m,
        adapter: [36m[Circular][39m,
        _events: [36m[Object][39m,
        _eventsCount: [33m1[39m },
     rooms: { [32m'/#U_U5P-rKygrCb32SAAAS'[39m: [36m[Object][39m },
     sids: { [32m'/#U_U5P-rKygrCb32SAAAS'[39m: [36m[Object][39m },
     encoder: Encoder {} },
  id: [32m'/#U_U5P-rKygrCb32SAAAS'[39m,
  client: 
   Client {
     server: 
      Server {
        nsps: [36m[Object][39m,
        _path: [32m'/socket.io'[39m,
        _serveClient: [33mtrue[39m,
        _adapter: [36m[Function: Adapter][39m,
        _origins: [32m'*:*'[39m,
        sockets: [36m[Object][39m,
        eio: [36m[Object][39m,
        httpServer: [36m[Object][39m,
        engine: [36m[Object][39m },
     conn: 
      Socket {
        id: [32m'U_U5P-rKygrCb32SAAAS'[39m,
        server: [36m[Object][39m,
        upgrading: [33mfalse[39m,
        upgraded: [33mfalse[39m,
        readyState: [32m'open'[39m,
        writeBuffer: [36m[Object][39m,
        packetsFn: [36m[Object][39m,
        sentCallbackFn: [],
        cleanupFn: [36m[Object][39m,
        request: [36m[Object][39m,
        remoteAddress: [32m'::ffff:10.210.30.41'[39m,
        checkIntervalTimer: [1mnull[22m,
        upgradeTimeoutTimer: [1mnull[22m,
        pingTimeoutTimer: [36m[Object][39m,
        transport: [36m[Object][39m,
        _events: [36m[Object][39m,
        _eventsCount: [33m3[39m },
     encoder: Encoder {},
     decoder: Decoder { reconstructor: [1mnull[22m, _callbacks: [36m[Object][39m },
     id: [32m'U_U5P-rKygrCb32SAAAS'[39m,
     request: 
      IncomingMessage {
        _readableState: [36m[Object][39m,
        readable: [33mtrue[39m,
        domain: [1mnull[22m,
        _events: {},
        _eventsCount: [33m0[39m,
        _maxListeners: [90mundefined[39m,
        socket: [36m[Object][39m,
        connection: [36m[Object][39m,
        httpVersionMajor: [33m1[39m,
        httpVersionMinor: [33m1[39m,
        httpVersion: [32m'1.1'[39m,
        complete: [33mtrue[39m,
        headers: [36m[Object][39m,
        rawHeaders: [36m[Object][39m,
        trailers: {},
        rawTrailers: [],
        upgrade: [33mfalse[39m,
        url: [32m'/socket.io/?EIO=3&transport=polling&t=LTmCfI0'[39m,
        method: [32m'GET'[39m,
        statusCode: [1mnull[22m,
        statusMessage: [1mnull[22m,
        client: [36m[Object][39m,
        _consuming: [33mfalse[39m,
        _dumped: [33mtrue[39m,
        _query: [36m[Object][39m,
        res: [36m[Object][39m,
        cleanup: [36m[Function: cleanup][39m },
     onclose: [36m[Function: bound ][39m,
     ondata: [36m[Function: bound ][39m,
     onerror: [36m[Function: bound ][39m,
     ondecoded: [36m[Function: bound ][39m,
     sockets: { [32m'/#U_U5P-rKygrCb32SAAAS'[39m: [36m[Circular][39m },
     nsps: { [32m'/'[39m: [36m[Circular][39m },
     connectBuffer: [] },
  conn: 
   Socket {
     id: [32m'U_U5P-rKygrCb32SAAAS'[39m,
     server: 
      Server {
        clients: [36m[Object][39m,
        clientsCount: [33m1[39m,
        pingTimeout: [33m60000[39m,
        pingInterval: [33m25000[39m,
        upgradeTimeout: [33m10000[39m,
        maxHttpBufferSize: [33m100000000[39m,
        transports: [36m[Object][39m,
        allowUpgrades: [33mtrue[39m,
        allowRequest: [36m[Function: bound ][39m,
        cookie: [32m'io'[39m,
        cookiePath: [33mfalse[39m,
        perMessageDeflate: [36m[Object][39m,
        httpCompression: [36m[Object][39m,
        ws: [36m[Object][39m,
        _events: [36m[Object][39m,
        _eventsCount: [33m1[39m },
     upgrading: [33mfalse[39m,
     upgraded: [33mfalse[39m,
     readyState: [32m'open'[39m,
     writeBuffer: [ [36m[Object][39m ],
     packetsFn: [ [90mundefined[39m ],
     sentCallbackFn: [],
     cleanupFn: [ [36m[Function][39m, [36m[Function][39m ],
     request: 
      IncomingMessage {
        _readableState: [36m[Object][39m,
        readable: [33mtrue[39m,
        domain: [1mnull[22m,
        _events: {},
        _eventsCount: [33m0[39m,
        _maxListeners: [90mundefined[39m,
        socket: [36m[Object][39m,
        connection: [36m[Object][39m,
        httpVersionMajor: [33m1[39m,
        httpVersionMinor: [33m1[39m,
        httpVersion: [32m'1.1'[39m,
        complete: [33mtrue[39m,
        headers: [36m[Object][39m,
        rawHeaders: [36m[Object][39m,
        trailers: {},
        rawTrailers: [],
        upgrade: [33mfalse[39m,
        url: [32m'/socket.io/?EIO=3&transport=polling&t=LTmCfI0'[39m,
        method: [32m'GET'[39m,
        statusCode: [1mnull[22m,
        statusMessage: [1mnull[22m,
        client: [36m[Object][39m,
        _consuming: [33mfalse[39m,
        _dumped: [33mtrue[39m,
        _query: [36m[Object][39m,
        res: [36m[Object][39m,
        cleanup: [36m[Function: cleanup][39m },
     remoteAddress: [32m'::ffff:10.210.30.41'[39m,
     checkIntervalTimer: [1mnull[22m,
     upgradeTimeoutTimer: [1mnull[22m,
     pingTimeoutTimer: 
      Timeout {
        _called: [33mfalse[39m,
        _idleTimeout: [33m85000[39m,
        _idlePrev: [36m[Object][39m,
        _idleNext: [36m[Object][39m,
        _idleStart: [33m18803681[39m,
        _onTimeout: [36m[Function][39m,
        _repeat: [1mnull[22m },
     transport: 
      XHR {
        readyState: [32m'open'[39m,
        discarded: [33mfalse[39m,
        closeTimeout: [33m30000[39m,
        maxHttpBufferSize: [33m100000000[39m,
        httpCompression: [36m[Object][39m,
        supportsBinary: [33mtrue[39m,
        _events: [36m[Object][39m,
        _eventsCount: [33m5[39m,
        sid: [32m'U_U5P-rKygrCb32SAAAS'[39m,
        req: [1mnull[22m,
        res: [1mnull[22m,
        writable: [33mfalse[39m },
     _events: 
      { close: [36m[Object][39m,
        data: [36m[Function: bound ][39m,
        error: [36m[Function: bound ][39m },
     _eventsCount: [33m3[39m },
  rooms: {},
  acks: {},
  connected: [33mtrue[39m,
  disconnected: [33mfalse[39m,
  handshake: 
   { headers: 
      { host: [32m'10.210.30.148:3000'[39m,
        connection: [32m'keep-alive'[39m,
        [32m'cache-control'[39m: [32m'max-age=0'[39m,
        [32m'user-agent'[39m: [32m'Mozilla/5.0 (Windows NT 5.1) AppleWebKit/537.36 (KHTML, like Gecko) Chrome/49.0.2623.112 Safari/537.36'[39m,
        origin: [32m'http://10.210.30.148'[39m,
        accept: [32m'*/*'[39m,
        referer: [32m'http://10.210.30.148/sku/'[39m,
        [32m'accept-encoding'[39m: [32m'gzip, deflate, sdch'[39m,
        [32m'accept-language'[39m: [32m'ru-RU,ru;q=0.8,en-US;q=0.6,en;q=0.4'[39m,
        cookie: [32m'io=JdXLs-UzzTIXF4oxAAAR'[39m },
     time: [32m'Wed Sep 28 2016 13:48:35 GMT+0400 (SAMT)'[39m,
     address: [32m'::ffff:10.210.30.41'[39m,
     xdomain: [33mtrue[39m,
     secure: [33mfalse[39m,
     issued: [33m1475056115900[39m,
     url: [32m'/socket.io/?EIO=3&transport=polling&t=LTmCfI0'[39m,
     query: { EIO: [32m'3'[39m, transport: [32m'polling'[39m, t: [32m'LTmCfI0'[39m } } }
data rcv RT:[ [32m'0.00'[39m, [32m'4.36'[39m, [32m'3.38'[39m, [32m'0.02'[39m ]
data rcv RT:[ [32m'0.00'[39m, [32m'4.34'[39m, [32m'3.42'[39m, [32m'0.00'[39m ]
data rcv RT:[ [32m'0.00'[39m, [32m'4.36'[39m, [32m'3.43'[39m, [32m'0.00'[39m ]
data rcv RT:[ [32m'0.00'[39m, [32m'4.33'[39m, [32m'3.44'[39m, [32m'0.00'[39m ]
data rcv RT:[ [32m'0.00'[39m, [32m'4.32'[39m, [32m'3.41'[39m, [32m'0.00'[39m ]
data rcv RT:[ [32m'0.00'[39m, [32m'4.30'[39m, [32m'3.46'[39m, [32m'0.00'[39m ]
data rcv RT:[ [32m'0.00'[39m, [32m'4.24'[39m, [32m'3.42'[39m, [32m'0.00'[39m ]
data rcv RT:[ [32m'0.00'[39m, [32m'4.26'[39m, [32m'3.37'[39m, [32m'0.00'[39m ]
data rcv RT:[ [32m'0.00'[39m, [32m'4.28'[39m, [32m'3.39'[39m, [32m'0.00'[39m ]
data rcv RT:[ [32m'0.00'[39m, [32m'4.32'[39m, [32m'3.38'[39m, [32m'0.00'[39m ]
data rcv RT:[ [32m'0.00'[39m, [32m'4.31'[39m, [32m'3.39'[39m, [32m'0.01'[39m ]
data rcv RT:[ [32m'0.00'[39m, [32m'4.35'[39m, [32m'3.40'[39m, [32m'0.02'[39m ]
data rcv RT:[ [32m'0.00'[39m, [32m'4.36'[39m, [32m'3.40'[39m, [32m'0.01'[39m ]
data rcv RT:[ [32m'0.00'[39m, [32m'4.36'[39m, [32m'3.42'[39m, [32m'0.00'[39m ]
data rcv RT:[ [32m'0.00'[39m, [32m'4.36'[39m, [32m'3.44'[39m, [32m'0.00'[39m ]
data rcv RT:[ [32m'0.00'[39m, [32m'4.33'[39m, [32m'3.44'[39m, [32m'0.00'[39m ]
data rcv RT:[ [32m'0.00'[39m, [32m'4.32'[39m, [32m'3.42'[39m, [32m'0.00'[39m ]
data rcv RT:[ [32m'0.00'[39m, [32m'4.28'[39m, [32m'3.46'[39m, [32m'0.00'[39m ]
data rcv RT:[ [32m'0.00'[39m, [32m'4.26'[39m, [32m'3.42'[39m, [32m'0.00'[39m ]
data rcv RT:[ [32m'0.00'[39m, [32m'4.28'[39m, [32m'3.39'[39m, [32m'0.00'[39m ]
data rcv RT:[ [32m'0.00'[39m, [32m'4.28'[39m, [32m'3.37'[39m, [32m'0.00'[39m ]
data rcv RT:[ [32m'0.00'[39m, [32m'4.30'[39m, [32m'3.38'[39m, [32m'0.00'[39m ]
data rcv RT:[ [32m'0.00'[39m, [32m'4.30'[39m, [32m'3.38'[39m, [32m'0.01'[39m ]
data rcv RT:[ [32m'0.00'[39m, [32m'4.32'[39m, [32m'3.39'[39m, [32m'0.01'[39m ]
data rcv RT:[ [32m'0.00'[39m, [32m'4.35'[39m, [32m'3.39'[39m, [32m'0.03'[39m ]
data rcv RT:[ [32m'0.00'[39m, [32m'4.36'[39m, [32m'3.43'[39m, [32m'0.00'[39m ]
data rcv RT:[ [32m'0.00'[39m, [32m'4.35'[39m, [32m'3.43'[39m, [32m'0.00'[39m ]
data rcv RT:[ [32m'0.00'[39m, [32m'4.36'[39m, [32m'3.43'[39m, [32m'0.00'[39m ]
data rcv RT:[ [32m'0.00'[39m, [32m'4.34'[39m, [32m'3.41'[39m, [32m'0.00'[39m ]
data rcv RT:[ [32m'0.00'[39m, [32m'4.31'[39m, [32m'3.43'[39m, [32m'0.00'[39m ]
data rcv RT:[ [32m'0.00'[39m, [32m'4.30'[39m, [32m'3.42'[39m, [32m'0.00'[39m ]
data rcv RT:[ [32m'0.00'[39m, [32m'4.29'[39m, [32m'3.44'[39m, [32m'0.00'[39m ]
data rcv RT:[ [32m'0.00'[39m, [32m'4.27'[39m, [32m'3.40'[39m, [32m'0.00'[39m ]
data rcv RT:[ [32m'0.00'[39m, [32m'4.27'[39m, [32m'3.38'[39m, [32m'0.00'[39m ]
data rcv RT:[ [32m'0.00'[39m, [32m'4.30'[39m, [32m'3.39'[39m, [32m'0.00'[39m ]
data rcv RT:[ [32m'0.00'[39m, [32m'4.30'[39m, [32m'3.38'[39m, [32m'0.00'[39m ]
data rcv RT:[ [32m'0.00'[39m, [32m'4.32'[39m, [32m'3.36'[39m, [32m'0.00'[39m ]
data rcv RT:[ [32m'0.00'[39m, [32m'4.37'[39m, [32m'3.41'[39m, [32m'0.01'[39m ]
data rcv RT:[ [32m'0.00'[39m, [32m'4.36'[39m, [32m'3.43'[39m, [32m'0.00'[39m ]
data rcv RT:[ [32m'0.00'[39m, [32m'4.34'[39m, [32m'3.41'[39m, [32m'0.00'[39m ]
data rcv RT:[ [32m'0.00'[39m, [32m'4.32'[39m, [32m'3.41'[39m, [32m'0.00'[39m ]
data rcv RT:[ [32m'0.00'[39m, [32m'4.29'[39m, [32m'3.43'[39m, [32m'0.00'[39m ]
data rcv RT:[ [32m'0.00'[39m, [32m'4.28'[39m, [32m'3.40'[39m, [32m'0.00'[39m ]
data rcv RT:[ [32m'0.00'[39m, [32m'4.28'[39m, [32m'3.43'[39m, [32m'0.00'[39m ]
data rcv RT:[ [32m'0.00'[39m, [32m'4.27'[39m, [32m'3.39'[39m, [32m'0.00'[39m ]
data rcv RT:[ [32m'0.00'[39m, [32m'4.32'[39m, [32m'3.40'[39m, [32m'0.00'[39m ]
data rcv RT:[ [32m'0.00'[39m, [32m'4.33'[39m, [32m'3.39'[39m, [32m'0.00'[39m ]
data rcv RT:[ [32m'0.00'[39m, [32m'4.33'[39m, [32m'3.38'[39m, [32m'0.01'[39m ]
data rcv RT:[ [32m'0.00'[39m, [32m'4.34'[39m, [32m'3.39'[39m, [32m'0.03'[39m ]
data rcv RT:[ [32m'0.00'[39m, [32m'4.38'[39m, [32m'3.40'[39m, [32m'0.02'[39m ]
data rcv RT:[ [32m'0.00'[39m, [32m'4.37'[39m, [32m'3.41'[39m, [32m'0.00'[39m ]
data rcv RT:[ [32m'0.00'[39m, [32m'4.33'[39m, [32m'3.43'[39m, [32m'0.00'[39m ]
data rcv RT:[ [32m'0.00'[39m, [32m'4.31'[39m, [32m'3.42'[39m, [32m'0.00'[39m ]
data rcv RT:[ [32m'0.00'[39m, [32m'4.31'[39m, [32m'3.42'[39m, [32m'0.00'[39m ]
data rcv RT:[ [32m'0.00'[39m, [32m'4.29'[39m, [32m'3.43'[39m, [32m'0.00'[39m ]
data rcv RT:[ [32m'0.00'[39m, [32m'4.27'[39m, [32m'3.40'[39m, [32m'0.00'[39m ]
data rcv RT:[ [32m'0.00'[39m, [32m'4.27'[39m, [32m'3.39'[39m, [32m'0.00'[39m ]
data rcv RT:[ [32m'0.00'[39m, [32m'4.32'[39m, [32m'3.39'[39m, [32m'0.00'[39m ]
data rcv RT:[ [32m'0.00'[39m, [32m'4.35'[39m, [32m'3.39'[39m, [32m'0.02'[39m ]
data rcv RT:[ [32m'0.00'[39m, [32m'4.36'[39m, [32m'3.38'[39m, [32m'0.03'[39m ]
data rcv RT:[ [32m'0.00'[39m, [32m'4.34'[39m, [32m'3.39'[39m, [32m'0.02'[39m ]
data rcv RT:[ [32m'0.00'[39m, [32m'4.37'[39m, [32m'3.39'[39m, [32m'0.00'[39m ]
data rcv RT:[ [32m'0.00'[39m, [32m'4.33'[39m, [32m'3.42'[39m, [32m'0.00'[39m ]
data rcv RT:[ [32m'0.00'[39m, [32m'4.34'[39m, [32m'3.44'[39m, [32m'0.00'[39m ]
data rcv RT:[ [32m'0.00'[39m, [32m'4.32'[39m, [32m'3.44'[39m, [32m'0.00'[39m ]
data rcv RT:[ [32m'0.00'[39m, [32m'4.32'[39m, [32m'3.42'[39m, [32m'0.00'[39m ]
data rcv RT:[ [32m'0.00'[39m, [32m'4.30'[39m, [32m'3.43'[39m, [32m'0.00'[39m ]
data rcv RT:[ [32m'0.00'[39m, [32m'4.30'[39m, [32m'3.43'[39m, [32m'0.00'[39m ]
data rcv RT:[ [32m'0.00'[39m, [32m'4.29'[39m, [32m'3.46'[39m, [32m'0.00'[39m ]
data rcv RT:[ [32m'0.00'[39m, [32m'4.27'[39m, [32m'3.38'[39m, [32m'0.00'[39m ]
data rcv RT:[ [32m'0.00'[39m, [32m'4.25'[39m, [32m'3.40'[39m, [32m'0.00'[39m ]
data rcv RT:[ [32m'0.00'[39m, [32m'4.28'[39m, [32m'3.38'[39m, [32m'0.00'[39m ]
data rcv RT:[ [32m'0.00'[39m, [32m'4.27'[39m, [32m'3.40'[39m, [32m'0.00'[39m ]
data rcv RT:[ [32m'0.00'[39m, [32m'4.30'[39m, [32m'3.36'[39m, [32m'0.01'[39m ]
data rcv RT:[ [32m'0.00'[39m, [32m'4.31'[39m, [32m'3.37'[39m, [32m'0.01'[39m ]
data rcv RT:[ [32m'0.00'[39m, [32m'4.33'[39m, [32m'3.39'[39m, [32m'0.02'[39m ]
data rcv RT:[ [32m'0.00'[39m, [32m'4.37'[39m, [32m'3.38'[39m, [32m'0.05'[39m ]
data rcv RT:[ [32m'0.00'[39m, [32m'4.37'[39m, [32m'3.38'[39m, [32m'0.04'[39m ]
data rcv RT:[ [32m'0.00'[39m, [32m'4.38'[39m, [32m'3.41'[39m, [32m'0.01'[39m ]
data rcv RT:[ [32m'0.00'[39m, [32m'4.35'[39m, [32m'3.42'[39m, [32m'0.00'[39m ]
data rcv RT:[ [32m'0.00'[39m, [32m'4.35'[39m, [32m'3.42'[39m, [32m'0.00'[39m ]
data rcv RT:[ [32m'0.00'[39m, [32m'4.30'[39m, [32m'3.42'[39m, [32m'0.00'[39m ]
data rcv RT:[ [32m'0.00'[39m, [32m'4.30'[39m, [32m'3.42'[39m, [32m'0.00'[39m ]
data rcv RT:[ [32m'0.00'[39m, [32m'4.29'[39m, [32m'3.46'[39m, [32m'0.00'[39m ]
data rcv RT:[ [32m'0.00'[39m, [32m'4.28'[39m, [32m'3.41'[39m, [32m'0.00'[39m ]
data rcv RT:[ [32m'0.00'[39m, [32m'4.27'[39m, [32m'3.42'[39m, [32m'0.00'[39m ]
data rcv RT:[ [32m'0.00'[39m, [32m'4.26'[39m, [32m'3.41'[39m, [32m'0.00'[39m ]
data rcv RT:[ [32m'0.00'[39m, [32m'4.26'[39m, [32m'3.38'[39m, [32m'0.00'[39m ]
data rcv RT:[ [32m'0.00'[39m, [32m'4.28'[39m, [32m'3.38'[39m, [32m'0.00'[39m ]
data rcv RT:[ [32m'0.00'[39m, [32m'4.31'[39m, [32m'3.36'[39m, [32m'0.01'[39m ]
data rcv RT:[ [32m'0.00'[39m, [32m'4.32'[39m, [32m'3.39'[39m, [32m'0.00'[39m ]
data rcv RT:[ [32m'0.00'[39m, [32m'4.35'[39m, [32m'3.39'[39m, [32m'0.01'[39m ]
data rcv RT:[ [32m'0.00'[39m, [32m'4.38'[39m, [32m'3.40'[39m, [32m'0.01'[39m ]
data rcv RT:[ [32m'0.00'[39m, [32m'4.35'[39m, [32m'3.42'[39m, [32m'0.00'[39m ]
data rcv RT:[ [32m'0.00'[39m, [32m'4.39'[39m, [32m'3.40'[39m, [32m'0.00'[39m ]
data rcv RT:[ [32m'0.00'[39m, [32m'4.34'[39m, [32m'3.43'[39m, [32m'0.00'[39m ]
data rcv RT:[ [32m'0.00'[39m, [32m'4.35'[39m, [32m'3.44'[39m, [32m'0.00'[39m ]
data rcv RT:[ [32m'0.00'[39m, [32m'4.32'[39m, [32m'3.42'[39m, [32m'0.00'[39m ]
data rcv RT:[ [32m'0.00'[39m, [32m'4.30'[39m, [32m'3.43'[39m, [32m'0.00'[39m ]
data rcv RT:[ [32m'0.00'[39m, [32m'4.29'[39m, [32m'3.43'[39m, [32m'0.00'[39m ]
data rcv RT:[ [32m'0.00'[39m, [32m'4.26'[39m, [32m'3.41'[39m, [32m'0.00'[39m ]
data rcv RT:[ [32m'0.00'[39m, [32m'4.25'[39m, [32m'3.41'[39m, [32m'0.00'[39m ]
data rcv RT:[ [32m'0.00'[39m, [32m'4.27'[39m, [32m'3.37'[39m, [32m'0.00'[39m ]
data rcv RT:[ [32m'0.00'[39m, [32m'4.29'[39m, [32m'3.39'[39m, [32m'0.00'[39m ]
data rcv RT:[ [32m'0.00'[39m, [32m'4.30'[39m, [32m'3.37'[39m, [32m'0.00'[39m ]
data rcv RT:[ [32m'0.00'[39m, [32m'4.33'[39m, [32m'3.34'[39m, [32m'0.06'[39m ]
data rcv RT:[ [32m'0.00'[39m, [32m'4.34'[39m, [32m'3.37'[39m, [32m'0.05'[39m ]
data rcv RT:[ [32m'0.00'[39m, [32m'4.34'[39m, [32m'3.38'[39m, [32m'0.00'[39m ]
data rcv RT:[ [32m'0.00'[39m, [32m'4.37'[39m, [32m'3.40'[39m, [32m'0.01'[39m ]
data rcv RT:[ [32m'0.00'[39m, [32m'4.36'[39m, [32m'3.41'[39m, [32m'0.02'[39m ]
data rcv RT:[ [32m'0.00'[39m, [32m'4.35'[39m, [32m'3.39'[39m, [32m'0.03'[39m ]
data rcv RT:[ [32m'0.00'[39m, [32m'4.35'[39m, [32m'3.43'[39m, [32m'0.00'[39m ]
data rcv RT:[ [32m'0.00'[39m, [32m'4.33'[39m, [32m'3.42'[39m, [32m'0.00'[39m ]
data rcv RT:[ [32m'0.00'[39m, [32m'4.33'[39m, [32m'3.42'[39m, [32m'0.00'[39m ]
data rcv RT:[ [32m'0.00'[39m, [32m'4.31'[39m, [32m'3.43'[39m, [32m'0.00'[39m ]
data rcv RT:[ [32m'0.00'[39m, [32m'4.32'[39m, [32m'3.42'[39m, [32m'0.00'[39m ]
data rcv RT:[ [32m'0.00'[39m, [32m'4.31'[39m, [32m'3.41'[39m, [32m'0.00'[39m ]
data rcv RT:[ [32m'0.00'[39m, [32m'4.29'[39m, [32m'3.42'[39m, [32m'0.00'[39m ]
data rcv RT:[ [32m'0.00'[39m, [32m'4.27'[39m, [32m'3.39'[39m, [32m'0.00'[39m ]
data rcv RT:[ [32m'0.00'[39m, [32m'4.27'[39m, [32m'3.44'[39m, [32m'0.00'[39m ]
data rcv RT:[ [32m'0.00'[39m, [32m'4.26'[39m, [32m'3.40'[39m, [32m'0.00'[39m ]
data rcv RT:[ [32m'0.00'[39m, [32m'4.30'[39m, [32m'3.40'[39m, [32m'0.00'[39m ]
data rcv RT:[ [32m'0.00'[39m, [32m'4.26'[39m, [32m'3.39'[39m, [32m'0.00'[39m ]
data rcv RT:[ [32m'0.00'[39m, [32m'4.29'[39m, [32m'3.39'[39m, [32m'0.00'[39m ]
data rcv RT:[ [32m'0.00'[39m, [32m'4.32'[39m, [32m'3.39'[39m, [32m'0.00'[39m ]
data rcv RT:[ [32m'0.00'[39m, [32m'4.33'[39m, [32m'3.38'[39m, [32m'0.02'[39m ]
data rcv RT:[ [32m'0.00'[39m, [32m'4.34'[39m, [32m'3.38'[39m, [32m'0.02'[39m ]
data rcv RT:[ [32m'0.00'[39m, [32m'4.37'[39m, [32m'3.36'[39m, [32m'0.02'[39m ]
data rcv RT:[ [32m'0.00'[39m, [32m'4.36'[39m, [32m'3.40'[39m, [32m'0.00'[39m ]
data rcv RT:[ [32m'0.00'[39m, [32m'4.38'[39m, [32m'3.39'[39m, [32m'0.02'[39m ]
data rcv RT:[ [32m'0.00'[39m, [32m'4.36'[39m, [32m'3.42'[39m, [32m'0.00'[39m ]
data rcv RT:[ [32m'0.00'[39m, [32m'4.37'[39m, [32m'3.42'[39m, [32m'0.00'[39m ]
data rcv RT:[ [32m'0.00'[39m, [32m'4.34'[39m, [32m'3.43'[39m, [32m'0.00'[39m ]
data rcv RT:[ [32m'0.00'[39m, [32m'4.34'[39m, [32m'3.42'[39m, [32m'0.00'[39m ]
data rcv RT:[ [32m'0.00'[39m, [32m'4.33'[39m, [32m'3.43'[39m, [32m'0.00'[39m ]
data rcv RT:[ [32m'0.00'[39m, [32m'4.32'[39m, [32m'3.44'[39m, [32m'0.00'[39m ]
data rcv RT:[ [32m'0.00'[39m, [32m'4.31'[39m, [32m'3.41'[39m, [32m'0.00'[39m ]
data rcv RT:[ [32m'0.00'[39m, [32m'4.30'[39m, [32m'3.44'[39m, [32m'0.00'[39m ]
data rcv RT:[ [32m'0.00'[39m, [32m'4.30'[39m, [32m'3.45'[39m, [32m'0.00'[39m ]
data rcv RT:[ [32m'0.00'[39m, [32m'4.27'[39m, [32m'3.40'[39m, [32m'0.00'[39m ]
data rcv RT:[ [32m'0.00'[39m, [32m'4.26'[39m, [32m'3.40'[39m, [32m'0.00'[39m ]
data rcv RT:[ [32m'0.00'[39m, [32m'4.27'[39m, [32m'3.40'[39m, [32m'0.00'[39m ]
data rcv RT:[ [32m'0.00'[39m, [32m'4.27'[39m, [32m'3.37'[39m, [32m'0.00'[39m ]
data rcv RT:[ [32m'0.00'[39m, [32m'4.27'[39m, [32m'3.37'[39m, [32m'0.00'[39m ]
data rcv RT:[ [32m'0.00'[39m, [32m'4.29'[39m, [32m'3.39'[39m, [32m'0.00'[39m ]
data rcv RT:[ [32m'0.00'[39m, [32m'4.32'[39m, [32m'3.36'[39m, [32m'0.01'[39m ]
data rcv RT:[ [32m'0.00'[39m, [32m'4.32'[39m, [32m'3.38'[39m, [32m'0.01'[39m ]
data rcv RT:[ [32m'0.00'[39m, [32m'4.33'[39m, [32m'3.38'[39m, [32m'0.02'[39m ]
data rcv RT:[ [32m'0.00'[39m, [32m'4.34'[39m, [32m'3.38'[39m, [32m'0.02'[39m ]
data rcv RT:[ [32m'0.00'[39m, [32m'4.37'[39m, [32m'3.38'[39m, [32m'0.02'[39m ]
data rcv RT:[ [32m'0.00'[39m, [32m'4.37'[39m, [32m'3.42'[39m, [32m'0.01'[39m ]
data rcv RT:[ [32m'0.00'[39m, [32m'4.38'[39m, [32m'3.39'[39m, [32m'0.01'[39m ]
data rcv RT:[ [32m'0.00'[39m, [32m'4.37'[39m, [32m'3.42'[39m, [32m'0.00'[39m ]
data rcv RT:[ [32m'0.00'[39m, [32m'4.35'[39m, [32m'3.42'[39m, [32m'0.00'[39m ]
data rcv RT:[ [32m'0.00'[39m, [32m'4.33'[39m, [32m'3.42'[39m, [32m'0.00'[39m ]
data rcv RT:[ [32m'0.00'[39m, [32m'4.31'[39m, [32m'3.42'[39m, [32m'0.00'[39m ]
data rcv RT:[ [32m'0.00'[39m, [32m'4.32'[39m, [32m'3.43'[39m, [32m'0.00'[39m ]
data rcv RT:[ [32m'0.00'[39m, [32m'4.31'[39m, [32m'3.44'[39m, [32m'0.00'[39m ]
data rcv RT:[ [32m'0.00'[39m, [32m'4.31'[39m, [32m'3.44'[39m, [32m'0.00'[39m ]
data rcv RT:[ [32m'0.00'[39m, [32m'4.30'[39m, [32m'3.43'[39m, [32m'0.00'[39m ]
data rcv RT:[ [32m'0.00'[39m, [32m'4.27'[39m, [32m'3.42'[39m, [32m'0.00'[39m ]
data rcv RT:[ [32m'0.00'[39m, [32m'4.28'[39m, [32m'3.39'[39m, [32m'0.00'[39m ]
data rcv RT:[ [32m'0.00'[39m, [32m'4.28'[39m, [32m'3.39'[39m, [32m'0.00'[39m ]
data rcv RT:[ [32m'0.00'[39m, [32m'4.28'[39m, [32m'3.38'[39m, [32m'0.00'[39m ]
data rcv RT:[ [32m'0.00'[39m, [32m'4.30'[39m, [32m'3.38'[39m, [32m'0.00'[39m ]
data rcv RT:[ [32m'0.00'[39m, [32m'4.30'[39m, [32m'3.39'[39m, [32m'0.00'[39m ]
data rcv RT:[ [32m'0.00'[39m, [32m'4.31'[39m, [32m'3.39'[39m, [32m'0.00'[39m ]
data rcv RT:[ [32m'0.00'[39m, [32m'4.32'[39m, [32m'3.39'[39m, [32m'0.01'[39m ]
data rcv RT:[ [32m'0.00'[39m, [32m'4.33'[39m, [32m'3.36'[39m, [32m'0.03'[39m ]
data rcv RT:[ [32m'0.00'[39m, [32m'4.36'[39m, [32m'3.39'[39m, [32m'0.03'[39m ]
data rcv RT:[ [32m'0.00'[39m, [32m'4.35'[39m, [32m'3.40'[39m, [32m'0.00'[39m ]
data rcv RT:[ [32m'0.00'[39m, [32m'4.37'[39m, [32m'3.42'[39m, [32m'0.00'[39m ]
data rcv RT:[ [32m'0.00'[39m, [32m'4.31'[39m, [32m'3.42'[39m, [32m'0.00'[39m ]
data rcv RT:[ [32m'0.00'[39m, [32m'4.32'[39m, [32m'3.41'[39m, [32m'0.00'[39m ]
data rcv RT:[ [32m'0.00'[39m, [32m'4.30'[39m, [32m'3.41'[39m, [32m'0.00'[39m ]
data rcv RT:[ [32m'0.00'[39m, [32m'4.27'[39m, [32m'3.40'[39m, [32m'0.00'[39m ]
data rcv RT:[ [32m'0.00'[39m, [32m'4.27'[39m, [32m'3.40'[39m, [32m'0.00'[39m ]
data rcv RT:[ [32m'0.00'[39m, [32m'4.26'[39m, [32m'3.37'[39m, [32m'0.00'[39m ]
data rcv RT:[ [32m'0.00'[39m, [32m'4.32'[39m, [32m'3.39'[39m, [32m'0.01'[39m ]
data rcv RT:[ [32m'0.00'[39m, [32m'4.33'[39m, [32m'3.39'[39m, [32m'0.00'[39m ]
data rcv RT:[ [32m'0.00'[39m, [32m'4.35'[39m, [32m'3.38'[39m, [32m'0.02'[39m ]
data rcv RT:[ [32m'0.00'[39m, [32m'4.36'[39m, [32m'3.41'[39m, [32m'0.00'[39m ]
data rcv RT:[ [32m'0.00'[39m, [32m'4.37'[39m, [32m'3.43'[39m, [32m'0.00'[39m ]
data rcv RT:[ [32m'0.00'[39m, [32m'4.37'[39m, [32m'3.43'[39m, [32m'0.00'[39m ]
data rcv RT:[ [32m'0.00'[39m, [32m'4.34'[39m, [32m'3.40'[39m, [32m'0.00'[39m ]
data rcv RT:[ [32m'0.00'[39m, [32m'4.34'[39m, [32m'3.42'[39m, [32m'0.00'[39m ]
data rcv RT:[ [32m'0.00'[39m, [32m'4.30'[39m, [32m'3.42'[39m, [32m'0.00'[39m ]
data rcv RT:[ [32m'0.00'[39m, [32m'4.30'[39m, [32m'3.42'[39m, [32m'0.00'[39m ]
data rcv RT:[ [32m'0.00'[39m, [32m'4.28'[39m, [32m'3.42'[39m, [32m'0.00'[39m ]
data rcv RT:[ [32m'0.00'[39m, [32m'4.27'[39m, [32m'3.42'[39m, [32m'0.00'[39m ]
data rcv RT:[ [32m'0.00'[39m, [32m'4.27'[39m, [32m'3.40'[39m, [32m'0.00'[39m ]
data rcv RT:[ [32m'0.00'[39m, [32m'4.25'[39m, [32m'3.39'[39m, [32m'0.00'[39m ]
data rcv RT:[ [32m'0.00'[39m, [32m'4.28'[39m, [32m'3.37'[39m, [32m'0.00'[39m ]
data rcv RT:[ [32m'0.00'[39m, [32m'4.31'[39m, [32m'3.37'[39m, [32m'0.01'[39m ]
data rcv RT:[ [32m'0.00'[39m, [32m'4.29'[39m, [32m'3.39'[39m, [32m'0.00'[39m ]
data rcv RT:[ [32m'0.00'[39m, [32m'4.34'[39m, [32m'3.35'[39m, [32m'0.04'[39m ]
data rcv RT:[ [32m'0.00'[39m, [32m'4.34'[39m, [32m'3.37'[39m, [32m'0.04'[39m ]
data rcv RT:[ [32m'0.00'[39m, [32m'4.36'[39m, [32m'3.40'[39m, [32m'0.01'[39m ]
data rcv RT:[ [32m'0.00'[39m, [32m'4.39'[39m, [32m'3.39'[39m, [32m'0.02'[39m ]
data rcv RT:[ [32m'0.00'[39m, [32m'4.34'[39m, [32m'3.42'[39m, [32m'0.00'[39m ]
data rcv RT:[ [32m'0.00'[39m, [32m'4.33'[39m, [32m'3.41'[39m, [32m'0.00'[39m ]
data rcv RT:[ [32m'0.00'[39m, [32m'4.32'[39m, [32m'3.43'[39m, [32m'0.00'[39m ]
data rcv RT:[ [32m'0.00'[39m, [32m'4.30'[39m, [32m'3.46'[39m, [32m'0.00'[39m ]
data rcv RT:[ [32m'0.00'[39m, [32m'4.31'[39m, [32m'3.47'[39m, [32m'0.00'[39m ]
data rcv RT:[ [32m'0.00'[39m, [32m'4.26'[39m, [32m'3.39'[39m, [32m'0.00'[39m ]
data rcv RT:[ [32m'0.00'[39m, [32m'4.28'[39m, [32m'3.39'[39m, [32m'0.00'[39m ]
data rcv RT:[ [32m'0.00'[39m, [32m'4.30'[39m, [32m'3.38'[39m, [32m'0.00'[39m ]
data rcv RT:[ [32m'0.00'[39m, [32m'4.28'[39m, [32m'3.37'[39m, [32m'0.00'[39m ]
data rcv RT:[ [32m'0.00'[39m, [32m'4.30'[39m, [32m'3.38'[39m, [32m'0.00'[39m ]
data rcv RT:[ [32m'0.00'[39m, [32m'4.32'[39m, [32m'3.36'[39m, [32m'0.02'[39m ]
data rcv RT:[ [32m'0.00'[39m, [32m'4.32'[39m, [32m'3.39'[39m, [32m'0.01'[39m ]
data rcv RT:[ [32m'0.00'[39m, [32m'4.34'[39m, [32m'3.39'[39m, [32m'0.02'[39m ]
data rcv RT:[ [32m'0.00'[39m, [32m'4.38'[39m, [32m'3.40'[39m, [32m'0.00'[39m ]
data rcv RT:[ [32m'0.00'[39m, [32m'4.35'[39m, [32m'3.42'[39m, [32m'0.00'[39m ]
data rcv RT:[ [32m'0.00'[39m, [32m'4.34'[39m, [32m'3.44'[39m, [32m'0.00'[39m ]
data rcv RT:[ [32m'0.00'[39m, [32m'4.33'[39m, [32m'3.41'[39m, [32m'0.00'[39m ]
data rcv RT:[ [32m'0.00'[39m, [32m'4.33'[39m, [32m'3.42'[39m, [32m'0.00'[39m ]
data rcv RT:[ [32m'0.00'[39m, [32m'4.30'[39m, [32m'3.42'[39m, [32m'0.00'[39m ]
data rcv RT:[ [32m'0.00'[39m, [32m'4.29'[39m, [32m'3.43'[39m, [32m'0.00'[39m ]
data rcv RT:[ [32m'0.00'[39m, [32m'4.28'[39m, [32m'3.43'[39m, [32m'0.00'[39m ]
data rcv RT:[ [32m'0.00'[39m, [32m'4.26'[39m, [32m'3.40'[39m, [32m'0.00'[39m ]
data rcv RT:[ [32m'0.00'[39m, [32m'4.28'[39m, [32m'3.39'[39m, [32m'0.00'[39m ]
data rcv RT:[ [32m'0.00'[39m, [32m'4.31'[39m, [32m'3.39'[39m, [32m'0.00'[39m ]
data rcv RT:[ [32m'0.00'[39m, [32m'4.31'[39m, [32m'3.37'[39m, [32m'0.00'[39m ]
data rcv RT:[ [32m'0.00'[39m, [32m'4.33'[39m, [32m'3.38'[39m, [32m'0.01'[39m ]
data rcv RT:[ [32m'0.00'[39m, [32m'4.35'[39m, [32m'3.39'[39m, [32m'0.01'[39m ]
data rcv RT:[ [32m'0.00'[39m, [32m'4.33'[39m, [32m'3.37'[39m, [32m'0.02'[39m ]
data rcv RT:[ [32m'0.00'[39m, [32m'4.37'[39m, [32m'3.41'[39m, [32m'0.01'[39m ]
data rcv RT:[ [32m'0.00'[39m, [32m'4.38'[39m, [32m'3.40'[39m, [32m'0.03'[39m ]
data rcv RT:[ [32m'0.00'[39m, [32m'4.36'[39m, [32m'3.38'[39m, [32m'0.00'[39m ]
data rcv RT:[ [32m'0.00'[39m, [32m'4.34'[39m, [32m'3.42'[39m, [32m'0.00'[39m ]
data rcv RT:[ [32m'0.00'[39m, [32m'4.31'[39m, [32m'3.41'[39m, [32m'0.00'[39m ]
data rcv RT:[ [32m'0.00'[39m, [32m'4.31'[39m, [32m'3.40'[39m, [32m'0.00'[39m ]
data rcv RT:[ [32m'0.00'[39m, [32m'4.30'[39m, [32m'3.44'[39m, [32m'0.00'[39m ]
data rcv RT:[ [32m'0.00'[39m, [32m'4.31'[39m, [32m'3.43'[39m, [32m'0.00'[39m ]
data rcv RT:[ [32m'0.00'[39m, [32m'4.31'[39m, [32m'3.43'[39m, [32m'0.00'[39m ]
data rcv RT:[ [32m'0.00'[39m, [32m'4.30'[39m, [32m'3.43'[39m, [32m'0.00'[39m ]
data rcv RT:[ [32m'0.00'[39m, [32m'4.28'[39m, [32m'3.40'[39m, [32m'0.00'[39m ]
data rcv RT:[ [32m'0.00'[39m, [32m'4.29'[39m, [32m'3.39'[39m, [32m'0.00'[39m ]
data rcv RT:[ [32m'0.00'[39m, [32m'4.27'[39m, [32m'3.39'[39m, [32m'0.00'[39m ]
data rcv RT:[ [32m'0.00'[39m, [32m'4.30'[39m, [32m'3.39'[39m, [32m'0.00'[39m ]
data rcv RT:[ [32m'0.00'[39m, [32m'4.32'[39m, [32m'3.40'[39m, [32m'0.00'[39m ]
data rcv RT:[ [32m'0.00'[39m, [32m'4.31'[39m, [32m'3.38'[39m, [32m'0.01'[39m ]
data rcv RT:[ [32m'0.00'[39m, [32m'4.33'[39m, [32m'3.38'[39m, [32m'0.01'[39m ]
data rcv RT:[ [32m'0.00'[39m, [32m'4.32'[39m, [32m'3.38'[39m, [32m'0.02'[39m ]
data rcv RT:[ [32m'0.00'[39m, [32m'4.34'[39m, [32m'3.38'[39m, [32m'0.04'[39m ]
data rcv RT:[ [32m'0.00'[39m, [32m'4.36'[39m, [32m'3.41'[39m, [32m'0.00'[39m ]
data rcv RT:[ [32m'0.00'[39m, [32m'4.36'[39m, [32m'3.41'[39m, [32m'0.02'[39m ]
data rcv RT:[ [32m'0.00'[39m, [32m'4.36'[39m, [32m'3.40'[39m, [32m'0.00'[39m ]
data rcv RT:[ [32m'0.00'[39m, [32m'4.31'[39m, [32m'3.42'[39m, [32m'0.00'[39m ]
data rcv RT:[ [32m'0.00'[39m, [32m'4.31'[39m, [32m'3.40'[39m, [32m'0.00'[39m ]
data rcv RT:[ [32m'0.00'[39m, [32m'4.30'[39m, [32m'3.42'[39m, [32m'0.00'[39m ]
data rcv RT:[ [32m'0.00'[39m, [32m'4.31'[39m, [32m'3.44'[39m, [32m'0.00'[39m ]
data rcv RT:[ [32m'0.00'[39m, [32m'4.26'[39m, [32m'3.39'[39m, [32m'0.00'[39m ]
data rcv RT:[ [32m'0.00'[39m, [32m'4.29'[39m, [32m'3.38'[39m, [32m'0.00'[39m ]
data rcv RT:[ [32m'0.00'[39m, [32m'4.29'[39m, [32m'3.38'[39m, [32m'0.00'[39m ]
data rcv RT:[ [32m'0.00'[39m, [32m'4.31'[39m, [32m'3.37'[39m, [32m'0.01'[39m ]
data rcv RT:[ [32m'0.00'[39m, [32m'4.32'[39m, [32m'3.39'[39m, [32m'0.00'[39m ]
data rcv RT:[ [32m'0.00'[39m, [32m'4.33'[39m, [32m'3.38'[39m, [32m'0.02'[39m ]
data rcv RT:[ [32m'0.00'[39m, [32m'4.33'[39m, [32m'3.39'[39m, [32m'0.01'[39m ]
data rcv RT:[ [32m'0.00'[39m, [32m'4.37'[39m, [32m'3.42'[39m, [32m'0.00'[39m ]
data rcv RT:[ [32m'0.00'[39m, [32m'4.39'[39m, [32m'3.39'[39m, [32m'0.02'[39m ]
data rcv RT:[ [32m'0.00'[39m, [32m'4.35'[39m, [32m'3.42'[39m, [32m'0.00'[39m ]
data rcv RT:[ [32m'0.00'[39m, [32m'4.32'[39m, [32m'3.41'[39m, [32m'0.00'[39m ]
data rcv RT:[ [32m'0.00'[39m, [32m'4.30'[39m, [32m'3.43'[39m, [32m'0.00'[39m ]
data rcv RT:[ [32m'0.00'[39m, [32m'4.30'[39m, [32m'3.42'[39m, [32m'0.00'[39m ]
data rcv RT:[ [32m'0.00'[39m, [32m'4.28'[39m, [32m'3.45'[39m, [32m'0.00'[39m ]
data rcv RT:[ [32m'0.00'[39m, [32m'4.26'[39m, [32m'3.41'[39m, [32m'0.00'[39m ]
data rcv RT:[ [32m'0.00'[39m, [32m'4.28'[39m, [32m'3.43'[39m, [32m'0.00'[39m ]
data rcv RT:[ [32m'0.00'[39m, [32m'4.27'[39m, [32m'3.40'[39m, [32m'0.00'[39m ]
data rcv RT:[ [32m'0.00'[39m, [32m'4.28'[39m, [32m'3.36'[39m, [32m'0.00'[39m ]
data rcv RT:[ [32m'0.00'[39m, [32m'4.32'[39m, [32m'3.40'[39m, [32m'0.00'[39m ]
data rcv RT:[ [32m'0.00'[39m, [32m'4.32'[39m, [32m'3.39'[39m, [32m'0.01'[39m ]
data rcv RT:[ [32m'0.00'[39m, [32m'4.32'[39m, [32m'3.38'[39m, [32m'0.01'[39m ]
data rcv RT:[ [32m'0.00'[39m, [32m'4.37'[39m, [32m'3.39'[39m, [32m'0.02'[39m ]
data rcv RT:[ [32m'0.00'[39m, [32m'4.40'[39m, [32m'3.40'[39m, [32m'0.04'[39m ]
data rcv RT:[ [32m'0.00'[39m, [32m'4.34'[39m, [32m'3.43'[39m, [32m'0.00'[39m ]
data rcv RT:[ [32m'0.00'[39m, [32m'4.31'[39m, [32m'3.43'[39m, [32m'0.00'[39m ]
data rcv RT:[ [32m'0.00'[39m, [32m'4.31'[39m, [32m'3.43'[39m, [32m'0.00'[39m ]
data rcv RT:[ [32m'0.00'[39m, [32m'4.28'[39m, [32m'3.42'[39m, [32m'0.00'[39m ]
data rcv RT:[ [32m'0.00'[39m, [32m'4.27'[39m, [32m'3.39'[39m, [32m'0.00'[39m ]
data rcv RT:[ [32m'0.00'[39m, [32m'4.27'[39m, [32m'3.37'[39m, [32m'0.00'[39m ]
data rcv RT:[ [32m'0.00'[39m, [32m'4.27'[39m, [32m'3.39'[39m, [32m'0.00'[39m ]
data rcv RT:[ [32m'0.00'[39m, [32m'4.28'[39m, [32m'3.39'[39m, [32m'0.00'[39m ]
data rcv RT:[ [32m'0.00'[39m, [32m'4.31'[39m, [32m'3.39'[39m, [32m'0.01'[39m ]
data rcv RT:[ [32m'0.00'[39m, [32m'4.32'[39m, [32m'3.38'[39m, [32m'0.00'[39m ]
data rcv RT:[ [32m'0.00'[39m, [32m'4.33'[39m, [32m'3.38'[39m, [32m'0.02'[39m ]
data rcv RT:[ [32m'0.00'[39m, [32m'4.38'[39m, [32m'3.37'[39m, [32m'0.02'[39m ]
data rcv RT:[ [32m'0.00'[39m, [32m'4.33'[39m, [32m'3.43'[39m, [32m'0.00'[39m ]
data rcv RT:[ [32m'0.00'[39m, [32m'4.34'[39m, [32m'3.43'[39m, [32m'0.00'[39m ]
data rcv RT:[ [32m'0.00'[39m, [32m'4.31'[39m, [32m'3.43'[39m, [32m'0.00'[39m ]
data rcv RT:[ [32m'0.00'[39m, [32m'4.29'[39m, [32m'3.42'[39m, [32m'0.00'[39m ]
data rcv RT:[ [32m'0.00'[39m, [32m'4.26'[39m, [32m'3.39'[39m, [32m'0.00'[39m ]
data rcv RT:[ [32m'0.00'[39m, [32m'4.27'[39m, [32m'3.40'[39m, [32m'0.00'[39m ]
data rcv RT:[ [32m'0.00'[39m, [32m'4.28'[39m, [32m'3.38'[39m, [32m'0.01'[39m ]
data rcv RT:[ [32m'0.00'[39m, [32m'4.30'[39m, [32m'3.41'[39m, [32m'0.00'[39m ]
data rcv RT:[ [32m'0.00'[39m, [32m'4.30'[39m, [32m'3.39'[39m, [32m'0.01'[39m ]
data rcv RT:[ [32m'0.00'[39m, [32m'4.34'[39m, [32m'3.37'[39m, [32m'0.06'[39m ]
data rcv RT:[ [32m'0.00'[39m, [32m'4.37'[39m, [32m'3.40'[39m, [32m'0.03'[39m ]
data rcv RT:[ [32m'0.00'[39m, [32m'4.34'[39m, [32m'3.44'[39m, [32m'0.00'[39m ]
data rcv RT:[ [32m'0.00'[39m, [32m'4.33'[39m, [32m'3.43'[39m, [32m'0.00'[39m ]
data rcv RT:[ [32m'0.00'[39m, [32m'4.34'[39m, [32m'3.42'[39m, [32m'0.00'[39m ]
data rcv RT:[ [32m'0.00'[39m, [32m'4.29'[39m, [32m'3.43'[39m, [32m'0.00'[39m ]
data rcv RT:[ [32m'0.00'[39m, [32m'4.29'[39m, [32m'3.43'[39m, [32m'0.00'[39m ]
data rcv RT:[ [32m'0.00'[39m, [32m'4.28'[39m, [32m'3.37'[39m, [32m'0.00'[39m ]
data rcv RT:[ [32m'0.00'[39m, [32m'4.27'[39m, [32m'3.38'[39m, [32m'0.00'[39m ]
data rcv RT:[ [32m'0.00'[39m, [32m'4.32'[39m, [32m'3.38'[39m, [32m'0.01'[39m ]
data rcv RT:[ [32m'0.00'[39m, [32m'4.34'[39m, [32m'3.37'[39m, [32m'0.01'[39m ]
data rcv RT:[ [32m'0.00'[39m, [32m'4.33'[39m, [32m'3.39'[39m, [32m'0.02'[39m ]
data rcv RT:[ [32m'0.00'[39m, [32m'4.37'[39m, [32m'3.39'[39m, [32m'0.01'[39m ]
data rcv RT:[ [32m'0.00'[39m, [32m'4.37'[39m, [32m'3.41'[39m, [32m'0.01'[39m ]
data rcv RT:[ [32m'0.00'[39m, [32m'4.36'[39m, [32m'3.43'[39m, [32m'0.00'[39m ]
data rcv RT:[ [32m'0.00'[39m, [32m'4.31'[39m, [32m'3.43'[39m, [32m'0.00'[39m ]
data rcv RT:[ [32m'0.00'[39m, [32m'4.30'[39m, [32m'3.47'[39m, [32m'0.00'[39m ]
data rcv RT:[ [32m'0.00'[39m, [32m'4.25'[39m, [32m'3.38'[39m, [32m'0.00'[39m ]
data rcv RT:[ [32m'0.00'[39m, [32m'4.28'[39m, [32m'3.38'[39m, [32m'0.00'[39m ]
data rcv RT:[ [32m'0.00'[39m, [32m'4.25'[39m, [32m'3.39'[39m, [32m'0.00'[39m ]
data rcv RT:[ [32m'0.00'[39m, [32m'4.29'[39m, [32m'3.38'[39m, [32m'0.00'[39m ]
data rcv RT:[ [32m'0.00'[39m, [32m'4.32'[39m, [32m'3.39'[39m, [32m'0.02'[39m ]
data rcv RT:[ [32m'0.00'[39m, [32m'4.33'[39m, [32m'3.38'[39m, [32m'0.05'[39m ]
data rcv RT:[ [32m'0.00'[39m, [32m'4.39'[39m, [32m'3.38'[39m, [32m'0.02'[39m ]
data rcv RT:[ [32m'0.00'[39m, [32m'4.34'[39m, [32m'3.43'[39m, [32m'0.00'[39m ]
data rcv RT:[ [32m'0.00'[39m, [32m'4.33'[39m, [32m'3.42'[39m, [32m'0.00'[39m ]
data rcv RT:[ [32m'0.00'[39m, [32m'4.33'[39m, [32m'3.42'[39m, [32m'0.00'[39m ]
data rcv RT:[ [32m'0.00'[39m, [32m'4.31'[39m, [32m'3.43'[39m, [32m'0.00'[39m ]
data rcv RT:[ [32m'0.00'[39m, [32m'4.26'[39m, [32m'3.40'[39m, [32m'0.00'[39m ]
data rcv RT:[ [32m'0.00'[39m, [32m'4.28'[39m, [32m'3.37'[39m, [32m'0.00'[39m ]
data rcv RT:[ [32m'0.00'[39m, [32m'4.26'[39m, [32m'3.39'[39m, [32m'0.00'[39m ]
data rcv RT:[ [32m'0.00'[39m, [32m'4.32'[39m, [32m'3.38'[39m, [32m'0.01'[39m ]
data rcv RT:[ [32m'0.00'[39m, [32m'4.34'[39m, [32m'3.38'[39m, [32m'0.03'[39m ]
data rcv RT:[ [32m'0.00'[39m, [32m'4.37'[39m, [32m'3.39'[39m, [32m'0.02'[39m ]
data rcv RT:[ [32m'0.00'[39m, [32m'4.36'[39m, [32m'3.41'[39m, [32m'0.00'[39m ]
data rcv RT:[ [32m'0.00'[39m, [32m'4.33'[39m, [32m'3.42'[39m, [32m'0.00'[39m ]
data rcv RT:[ [32m'0.00'[39m, [32m'4.35'[39m, [32m'3.41'[39m, [32m'0.00'[39m ]
data rcv RT:[ [32m'0.00'[39m, [32m'4.35'[39m, [32m'3.42'[39m, [32m'0.00'[39m ]
data rcv RT:[ [32m'0.00'[39m, [32m'4.34'[39m, [32m'3.42'[39m, [32m'0.00'[39m ]
data rcv RT:[ [32m'0.00'[39m, [32m'4.31'[39m, [32m'3.48'[39m, [32m'0.00'[39m ]
data rcv RT:[ [32m'0.00'[39m, [32m'4.31'[39m, [32m'3.44'[39m, [32m'0.00'[39m ]
data rcv RT:[ [32m'0.00'[39m, [32m'4.28'[39m, [32m'3.42'[39m, [32m'0.00'[39m ]
data rcv RT:[ [32m'0.00'[39m, [32m'4.26'[39m, [32m'3.39'[39m, [32m'0.00'[39m ]
data rcv RT:[ [32m'0.00'[39m, [32m'4.29'[39m, [32m'3.40'[39m, [32m'0.00'[39m ]
data rcv RT:[ [32m'0.00'[39m, [32m'4.28'[39m, [32m'3.39'[39m, [32m'0.00'[39m ]
data rcv RT:[ [32m'0.00'[39m, [32m'4.35'[39m, [32m'3.39'[39m, [32m'0.01'[39m ]
data rcv RT:[ [32m'0.00'[39m, [32m'4.37'[39m, [32m'3.39'[39m, [32m'0.01'[39m ]
data rcv RT:[ [32m'0.00'[39m, [32m'4.37'[39m, [32m'3.42'[39m, [32m'0.00'[39m ]
data rcv RT:[ [32m'0.00'[39m, [32m'4.35'[39m, [32m'3.43'[39m, [32m'0.00'[39m ]
data rcv RT:[ [32m'0.00'[39m, [32m'4.33'[39m, [32m'3.43'[39m, [32m'0.00'[39m ]
data rcv RT:[ [32m'0.00'[39m, [32m'4.31'[39m, [32m'3.44'[39m, [32m'0.00'[39m ]
data rcv RT:[ [32m'0.00'[39m, [32m'4.28'[39m, [32m'3.39'[39m, [32m'0.00'[39m ]
data rcv RT:[ [32m'0.00'[39m, [32m'4.28'[39m, [32m'3.37'[39m, [32m'0.00'[39m ]
data rcv RT:[ [32m'0.00'[39m, [32m'4.26'[39m, [32m'3.42'[39m, [32m'0.00'[39m ]
data rcv RT:[ [32m'0.00'[39m, [32m'4.29'[39m, [32m'3.39'[39m, [32m'0.00'[39m ]
data rcv RT:[ [32m'0.00'[39m, [32m'4.33'[39m, [32m'3.37'[39m, [32m'0.02'[39m ]
data rcv RT:[ [32m'0.00'[39m, [32m'4.35'[39m, [32m'3.37'[39m, [32m'0.00'[39m ]
data rcv RT:[ [32m'0.00'[39m, [32m'4.36'[39m, [32m'3.39'[39m, [32m'0.01'[39m ]
data rcv RT:[ [32m'0.00'[39m, [32m'4.38'[39m, [32m'3.39'[39m, [32m'0.02'[39m ]
data rcv RT:[ [32m'0.00'[39m, [32m'4.34'[39m, [32m'3.42'[39m, [32m'0.00'[39m ]
data rcv RT:[ [32m'0.00'[39m, [32m'4.32'[39m, [32m'3.41'[39m, [32m'0.00'[39m ]
data rcv RT:[ [32m'0.00'[39m, [32m'4.32'[39m, [32m'3.42'[39m, [32m'0.00'[39m ]
data rcv RT:[ [32m'0.00'[39m, [32m'4.31'[39m, [32m'3.45'[39m, [32m'0.00'[39m ]
data rcv RT:[ [32m'0.00'[39m, [32m'4.28'[39m, [32m'3.41'[39m, [32m'0.00'[39m ]
data rcv RT:[ [32m'0.00'[39m, [32m'4.28'[39m, [32m'3.38'[39m, [32m'0.00'[39m ]
data rcv RT:[ [32m'0.00'[39m, [32m'4.28'[39m, [32m'3.39'[39m, [32m'0.00'[39m ]
data rcv RT:[ [32m'0.00'[39m, [32m'4.33'[39m, [32m'3.38'[39m, [32m'0.00'[39m ]
data rcv RT:[ [32m'0.00'[39m, [32m'4.33'[39m, [32m'3.39'[39m, [32m'0.01'[39m ]
data rcv RT:[ [32m'0.00'[39m, [32m'4.33'[39m, [32m'3.40'[39m, [32m'0.01'[39m ]
data rcv RT:[ [32m'0.00'[39m, [32m'4.36'[39m, [32m'3.37'[39m, [32m'0.00'[39m ]
data rcv RT:[ [32m'0.00'[39m, [32m'4.36'[39m, [32m'3.41'[39m, [32m'0.00'[39m ]
data rcv RT:[ [32m'0.00'[39m, [32m'4.32'[39m, [32m'3.44'[39m, [32m'0.00'[39m ]
data rcv RT:[ [32m'0.00'[39m, [32m'4.31'[39m, [32m'3.42'[39m, [32m'0.00'[39m ]
data rcv RT:[ [32m'0.00'[39m, [32m'4.29'[39m, [32m'3.43'[39m, [32m'0.00'[39m ]
data rcv RT:[ [32m'0.00'[39m, [32m'4.26'[39m, [32m'3.44'[39m, [32m'0.00'[39m ]
data rcv RT:[ [32m'0.00'[39m, [32m'4.25'[39m, [32m'3.40'[39m, [32m'0.00'[39m ]
data rcv RT:[ [32m'0.00'[39m, [32m'4.27'[39m, [32m'3.39'[39m, [32m'0.00'[39m ]
data rcv RT:[ [32m'0.00'[39m, [32m'4.26'[39m, [32m'3.39'[39m, [32m'0.00'[39m ]
data rcv RT:[ [32m'0.00'[39m, [32m'4.30'[39m, [32m'3.37'[39m, [32m'0.01'[39m ]
data rcv RT:[ [32m'0.00'[39m, [32m'4.34'[39m, [32m'3.37'[39m, [32m'0.02'[39m ]
data rcv RT:[ [32m'0.00'[39m, [32m'4.35'[39m, [32m'3.37'[39m, [32m'0.05'[39m ]
data rcv RT:[ [32m'0.00'[39m, [32m'4.37'[39m, [32m'3.39'[39m, [32m'0.01'[39m ]
data rcv RT:[ [32m'0.00'[39m, [32m'4.36'[39m, [32m'3.40'[39m, [32m'0.01'[39m ]
data rcv RT:[ [32m'0.00'[39m, [32m'4.34'[39m, [32m'3.43'[39m, [32m'0.00'[39m ]
data rcv RT:[ [32m'0.00'[39m, [32m'4.31'[39m, [32m'3.43'[39m, [32m'0.00'[39m ]
data rcv RT:[ [32m'0.00'[39m, [32m'4.31'[39m, [32m'3.43'[39m, [32m'0.00'[39m ]
data rcv RT:[ [32m'0.00'[39m, [32m'4.32'[39m, [32m'3.45'[39m, [32m'0.00'[39m ]
data rcv RT:[ [32m'0.00'[39m, [32m'4.27'[39m, [32m'3.42'[39m, [32m'0.00'[39m ]
data rcv RT:[ [32m'0.00'[39m, [32m'4.29'[39m, [32m'3.41'[39m, [32m'0.00'[39m ]
data rcv RT:[ [32m'0.00'[39m, [32m'4.29'[39m, [32m'3.38'[39m, [32m'0.00'[39m ]
data rcv RT:[ [32m'0.00'[39m, [32m'4.29'[39m, [32m'3.39'[39m, [32m'0.00'[39m ]
data rcv RT:[ [32m'0.00'[39m, [32m'4.34'[39m, [32m'3.38'[39m, [32m'0.02'[39m ]
data rcv RT:[ [32m'0.00'[39m, [32m'4.33'[39m, [32m'3.38'[39m, [32m'0.01'[39m ]
data rcv RT:[ [32m'0.00'[39m, [32m'4.37'[39m, [32m'3.37'[39m, [32m'0.02'[39m ]
data rcv RT:[ [32m'0.00'[39m, [32m'4.38'[39m, [32m'3.38'[39m, [32m'0.00'[39m ]
data rcv RT:[ [32m'0.00'[39m, [32m'4.37'[39m, [32m'3.41'[39m, [32m'0.00'[39m ]
data rcv RT:[ [32m'0.00'[39m, [32m'4.34'[39m, [32m'3.41'[39m, [32m'0.00'[39m ]
data rcv RT:[ [32m'0.00'[39m, [32m'4.30'[39m, [32m'3.44'[39m, [32m'0.00'[39m ]
data rcv RT:[ [32m'0.00'[39m, [32m'4.30'[39m, [32m'3.47'[39m, [32m'0.00'[39m ]
data rcv RT:[ [32m'0.00'[39m, [32m'4.31'[39m, [32m'3.43'[39m, [32m'0.00'[39m ]
data rcv RT:[ [32m'0.00'[39m, [32m'4.27'[39m, [32m'3.42'[39m, [32m'0.00'[39m ]
data rcv RT:[ [32m'0.00'[39m, [32m'4.28'[39m, [32m'3.37'[39m, [32m'0.00'[39m ]
data rcv RT:[ [32m'0.00'[39m, [32m'4.33'[39m, [32m'3.40'[39m, [32m'0.00'[39m ]
data rcv RT:[ [32m'0.00'[39m, [32m'4.34'[39m, [32m'3.38'[39m, [32m'0.05'[39m ]
data rcv RT:[ [32m'0.00'[39m, [32m'4.33'[39m, [32m'3.37'[39m, [32m'0.01'[39m ]
data rcv RT:[ [32m'0.00'[39m, [32m'4.34'[39m, [32m'3.39'[39m, [32m'0.02'[39m ]
data rcv RT:[ [32m'0.00'[39m, [32m'4.38'[39m, [32m'3.40'[39m, [32m'0.00'[39m ]
data rcv RT:[ [32m'0.00'[39m, [32m'4.34'[39m, [32m'3.44'[39m, [32m'0.00'[39m ]
data rcv RT:[ [32m'0.00'[39m, [32m'4.30'[39m, [32m'3.45'[39m, [32m'0.00'[39m ]
data rcv RT:[ [32m'0.00'[39m, [32m'4.33'[39m, [32m'3.42'[39m, [32m'0.00'[39m ]
data rcv RT:[ [32m'0.00'[39m, [32m'4.32'[39m, [32m'3.45'[39m, [32m'0.00'[39m ]
data rcv RT:[ [32m'0.00'[39m, [32m'4.28'[39m, [32m'3.43'[39m, [32m'0.00'[39m ]
data rcv RT:[ [32m'0.00'[39m, [32m'4.27'[39m, [32m'3.39'[39m, [32m'0.00'[39m ]
data rcv RT:[ [32m'0.00'[39m, [32m'4.27'[39m, [32m'3.42'[39m, [32m'0.00'[39m ]
data rcv RT:[ [32m'0.00'[39m, [32m'4.28'[39m, [32m'3.39'[39m, [32m'0.00'[39m ]
data rcv RT:[ [32m'0.00'[39m, [32m'4.30'[39m, [32m'3.38'[39m, [32m'0.00'[39m ]
data rcv RT:[ [32m'0.00'[39m, [32m'4.28'[39m, [32m'3.37'[39m, [32m'0.00'[39m ]
data rcv RT:[ [32m'0.00'[39m, [32m'4.31'[39m, [32m'3.37'[39m, [32m'0.00'[39m ]
data rcv RT:[ [32m'0.00'[39m, [32m'4.33'[39m, [32m'3.39'[39m, [32m'0.01'[39m ]
data rcv RT:[ [32m'0.00'[39m, [32m'4.35'[39m, [32m'3.37'[39m, [32m'0.02'[39m ]
data rcv RT:[ [32m'0.00'[39m, [32m'4.37'[39m, [32m'3.39'[39m, [32m'0.03'[39m ]
data rcv RT:[ [32m'0.00'[39m, [32m'4.37'[39m, [32m'3.40'[39m, [32m'0.00'[39m ]
data rcv RT:[ [32m'0.00'[39m, [32m'4.36'[39m, [32m'3.43'[39m, [32m'0.00'[39m ]
data rcv RT:[ [32m'0.00'[39m, [32m'4.34'[39m, [32m'3.44'[39m, [32m'0.00'[39m ]
data rcv RT:[ [32m'0.00'[39m, [32m'4.35'[39m, [32m'3.42'[39m, [32m'0.00'[39m ]
data rcv RT:[ [32m'0.00'[39m, [32m'4.33'[39m, [32m'3.41'[39m, [32m'0.00'[39m ]
data rcv RT:[ [32m'0.00'[39m, [32m'4.32'[39m, [32m'3.46'[39m, [32m'0.00'[39m ]
data rcv RT:[ [32m'0.00'[39m, [32m'4.30'[39m, [32m'3.43'[39m, [32m'0.00'[39m ]
data rcv RT:[ [32m'0.00'[39m, [32m'4.26'[39m, [32m'3.39'[39m, [32m'0.00'[39m ]
data rcv RT:[ [32m'0.00'[39m, [32m'4.27'[39m, [32m'3.38'[39m, [32m'0.00'[39m ]
data rcv RT:[ [32m'0.00'[39m, [32m'4.29'[39m, [32m'3.38'[39m, [32m'0.00'[39m ]
data rcv RT:[ [32m'0.00'[39m, [32m'4.31'[39m, [32m'3.39'[39m, [32m'0.01'[39m ]
data rcv RT:[ [32m'0.00'[39m, [32m'4.33'[39m, [32m'3.38'[39m, [32m'0.00'[39m ]
data rcv RT:[ [32m'0.00'[39m, [32m'4.35'[39m, [32m'3.38'[39m, [32m'0.02'[39m ]
data rcv RT:[ [32m'0.00'[39m, [32m'4.36'[39m, [32m'3.35'[39m, [32m'0.05'[39m ]
data rcv RT:[ [32m'0.00'[39m, [32m'4.37'[39m, [32m'3.40'[39m, [32m'0.02'[39m ]
data rcv RT:[ [32m'0.00'[39m, [32m'4.34'[39m, [32m'3.42'[39m, [32m'0.00'[39m ]
data rcv RT:[ [32m'0.00'[39m, [32m'4.31'[39m, [32m'3.43'[39m, [32m'0.00'[39m ]
data rcv RT:[ [32m'0.00'[39m, [32m'4.32'[39m, [32m'3.43'[39m, [32m'0.00'[39m ]
data rcv RT:[ [32m'0.00'[39m, [32m'4.28'[39m, [32m'3.40'[39m, [32m'0.00'[39m ]
data rcv RT:[ [32m'0.00'[39m, [32m'4.28'[39m, [32m'3.41'[39m, [32m'0.00'[39m ]
data rcv RT:[ [32m'0.00'[39m, [32m'4.27'[39m, [32m'3.40'[39m, [32m'0.00'[39m ]
data rcv RT:[ [32m'0.00'[39m, [32m'4.27'[39m, [32m'3.39'[39m, [32m'0.00'[39m ]
data rcv RT:[ [32m'0.00'[39m, [32m'4.29'[39m, [32m'3.39'[39m, [32m'0.00'[39m ]
data rcv RT:[ [32m'0.00'[39m, [32m'4.32'[39m, [32m'3.38'[39m, [32m'0.01'[39m ]
data rcv RT:[ [32m'0.00'[39m, [32m'4.32'[39m, [32m'3.38'[39m, [32m'0.00'[39m ]
data rcv RT:[ [32m'0.00'[39m, [32m'4.33'[39m, [32m'3.39'[39m, [32m'0.01'[39m ]
data rcv RT:[ [32m'0.00'[39m, [32m'4.36'[39m, [32m'3.38'[39m, [32m'0.04'[39m ]
data rcv RT:[ [32m'0.00'[39m, [32m'4.39'[39m, [32m'3.41'[39m, [32m'0.02'[39m ]
data rcv RT:[ [32m'0.00'[39m, [32m'4.37'[39m, [32m'3.45'[39m, [32m'0.00'[39m ]
data rcv RT:[ [32m'0.00'[39m, [32m'4.35'[39m, [32m'3.43'[39m, [32m'0.00'[39m ]
data rcv RT:[ [32m'0.00'[39m, [32m'4.37'[39m, [32m'3.42'[39m, [32m'0.00'[39m ]
data rcv RT:[ [32m'0.00'[39m, [32m'4.32'[39m, [32m'3.44'[39m, [32m'0.00'[39m ]
data rcv RT:[ [32m'0.00'[39m, [32m'4.34'[39m, [32m'3.43'[39m, [32m'0.00'[39m ]
data rcv RT:[ [32m'0.00'[39m, [32m'4.32'[39m, [32m'3.42'[39m, [32m'0.00'[39m ]
data rcv RT:[ [32m'0.00'[39m, [32m'4.31'[39m, [32m'3.43'[39m, [32m'0.00'[39m ]
data rcv RT:[ [32m'0.00'[39m, [32m'4.31'[39m, [32m'3.44'[39m, [32m'0.00'[39m ]
data rcv RT:[ [32m'0.00'[39m, [32m'4.30'[39m, [32m'3.42'[39m, [32m'0.00'[39m ]
data rcv RT:[ [32m'0.00'[39m, [32m'4.26'[39m, [32m'3.38'[39m, [32m'0.00'[39m ]
data rcv RT:[ [32m'0.00'[39m, [32m'4.24'[39m, [32m'3.42'[39m, [32m'0.00'[39m ]
data rcv RT:[ [32m'0.00'[39m, [32m'4.26'[39m, [32m'3.39'[39m, [32m'0.00'[39m ]
data rcv RT:[ [32m'0.00'[39m, [32m'4.28'[39m, [32m'3.38'[39m, [32m'0.00'[39m ]
data rcv RT:[ [32m'0.00'[39m, [32m'4.29'[39m, [32m'3.39'[39m, [32m'0.00'[39m ]
data rcv RT:[ [32m'0.00'[39m, [32m'4.35'[39m, [32m'3.40'[39m, [32m'0.02'[39m ]
data rcv RT:[ [32m'0.00'[39m, [32m'4.32'[39m, [32m'3.37'[39m, [32m'0.02'[39m ]
data rcv RT:[ [32m'0.00'[39m, [32m'4.34'[39m, [32m'3.35'[39m, [32m'0.06'[39m ]
data rcv RT:[ [32m'0.00'[39m, [32m'4.34'[39m, [32m'3.37'[39m, [32m'0.05'[39m ]
data rcv RT:[ [32m'0.00'[39m, [32m'4.35'[39m, [32m'3.39'[39m, [32m'0.00'[39m ]
data rcv RT:[ [32m'0.00'[39m, [32m'4.37'[39m, [32m'3.39'[39m, [32m'0.00'[39m ]
data rcv RT:[ [32m'0.00'[39m, [32m'4.34'[39m, [32m'3.44'[39m, [32m'0.00'[39m ]
data rcv RT:[ [32m'0.00'[39m, [32m'4.34'[39m, [32m'3.42'[39m, [32m'0.00'[39m ]
data rcv RT:[ [32m'0.00'[39m, [32m'4.33'[39m, [32m'3.42'[39m, [32m'0.00'[39m ]
data rcv RT:[ [32m'0.00'[39m, [32m'4.31'[39m, [32m'3.43'[39m, [32m'0.00'[39m ]
data rcv RT:[ [32m'0.00'[39m, [32m'4.28'[39m, [32m'3.43'[39m, [32m'0.00'[39m ]
data rcv RT:[ [32m'0.00'[39m, [32m'4.30'[39m, [32m'3.43'[39m, [32m'0.00'[39m ]
data rcv RT:[ [32m'0.00'[39m, [32m'4.28'[39m, [32m'3.38'[39m, [32m'0.00'[39m ]
data rcv RT:[ [32m'0.00'[39m, [32m'4.32'[39m, [32m'3.39'[39m, [32m'0.01'[39m ]
data rcv RT:[ [32m'0.00'[39m, [32m'4.35'[39m, [32m'3.39'[39m, [32m'0.01'[39m ]
data rcv RT:[ [32m'0.00'[39m, [32m'4.32'[39m, [32m'3.36'[39m, [32m'0.05'[39m ]
data rcv RT:[ [32m'0.00'[39m, [32m'4.38'[39m, [32m'3.40'[39m, [32m'0.01'[39m ]
data rcv RT:[ [32m'0.00'[39m, [32m'4.36'[39m, [32m'3.43'[39m, [32m'0.00'[39m ]
data rcv RT:[ [32m'0.00'[39m, [32m'4.32'[39m, [32m'3.44'[39m, [32m'0.00'[39m ]
data rcv RT:[ [32m'0.00'[39m, [32m'4.31'[39m, [32m'3.41'[39m, [32m'0.00'[39m ]
data rcv RT:[ [32m'0.00'[39m, [32m'4.31'[39m, [32m'3.43'[39m, [32m'0.00'[39m ]
data rcv RT:[ [32m'0.00'[39m, [32m'4.31'[39m, [32m'3.45'[39m, [32m'0.00'[39m ]
data rcv RT:[ [32m'0.00'[39m, [32m'4.26'[39m, [32m'3.39'[39m, [32m'0.00'[39m ]
data rcv RT:[ [32m'0.00'[39m, [32m'4.29'[39m, [32m'3.37'[39m, [32m'0.00'[39m ]
data rcv RT:[ [32m'0.00'[39m, [32m'4.29'[39m, [32m'3.38'[39m, [32m'0.00'[39m ]
data rcv RT:[ [32m'0.00'[39m, [32m'4.31'[39m, [32m'3.36'[39m, [32m'0.01'[39m ]
data rcv RT:[ [32m'0.00'[39m, [32m'4.33'[39m, [32m'3.37'[39m, [32m'0.01'[39m ]
data rcv RT:[ [32m'0.00'[39m, [32m'4.34'[39m, [32m'3.38'[39m, [32m'0.02'[39m ]
data rcv RT:[ [32m'0.00'[39m, [32m'4.38'[39m, [32m'3.39'[39m, [32m'0.01'[39m ]
data rcv RT:[ [32m'0.00'[39m, [32m'4.35'[39m, [32m'3.41'[39m, [32m'0.03'[39m ]
data rcv RT:[ [32m'0.00'[39m, [32m'4.31'[39m, [32m'3.42'[39m, [32m'0.00'[39m ]
data rcv RT:[ [32m'0.00'[39m, [32m'4.33'[39m, [32m'3.43'[39m, [32m'0.00'[39m ]
data rcv RT:[ [32m'0.00'[39m, [32m'4.33'[39m, [32m'3.43'[39m, [32m'0.00'[39m ]
data rcv RT:[ [32m'0.00'[39m, [32m'4.28'[39m, [32m'3.42'[39m, [32m'0.00'[39m ]
data rcv RT:[ [32m'0.00'[39m, [32m'4.28'[39m, [32m'3.38'[39m, [32m'0.00'[39m ]
data rcv RT:[ [32m'0.00'[39m, [32m'4.30'[39m, [32m'3.39'[39m, [32m'0.01'[39m ]
data rcv RT:[ [32m'0.00'[39m, [32m'4.36'[39m, [32m'3.36'[39m, [32m'0.05'[39m ]
data rcv RT:[ [32m'0.00'[39m, [32m'4.32'[39m, [32m'3.38'[39m, [32m'0.02'[39m ]
data rcv RT:[ [32m'0.00'[39m, [32m'4.37'[39m, [32m'3.40'[39m, [32m'0.00'[39m ]
data rcv RT:[ [32m'0.00'[39m, [32m'4.35'[39m, [32m'3.42'[39m, [32m'0.00'[39m ]
data rcv RT:[ [32m'0.00'[39m, [32m'4.32'[39m, [32m'3.42'[39m, [32m'0.00'[39m ]
data rcv RT:[ [32m'0.00'[39m, [32m'4.31'[39m, [32m'3.41'[39m, [32m'0.00'[39m ]
data rcv RT:[ [32m'0.00'[39m, [32m'4.26'[39m, [32m'3.40'[39m, [32m'0.00'[39m ]
data rcv RT:[ [32m'0.00'[39m, [32m'4.29'[39m, [32m'3.37'[39m, [32m'0.00'[39m ]
data rcv RT:[ [32m'0.00'[39m, [32m'4.28'[39m, [32m'3.39'[39m, [32m'0.00'[39m ]
data rcv RT:[ [32m'0.00'[39m, [32m'4.32'[39m, [32m'3.36'[39m, [32m'0.00'[39m ]
data rcv RT:[ [32m'0.00'[39m, [32m'4.30'[39m, [32m'3.39'[39m, [32m'0.00'[39m ]
data rcv RT:[ [32m'0.00'[39m, [32m'4.35'[39m, [32m'3.36'[39m, [32m'0.03'[39m ]
data rcv RT:[ [32m'0.00'[39m, [32m'4.33'[39m, [32m'3.40'[39m, [32m'0.00'[39m ]
data rcv RT:[ [32m'0.00'[39m, [32m'4.35'[39m, [32m'3.40'[39m, [32m'0.02'[39m ]
data rcv RT:[ [32m'0.00'[39m, [32m'4.39'[39m, [32m'3.40'[39m, [32m'0.00'[39m ]
data rcv RT:[ [32m'0.00'[39m, [32m'4.33'[39m, [32m'3.42'[39m, [32m'0.00'[39m ]
data rcv RT:[ [32m'0.00'[39m, [32m'4.34'[39m, [32m'3.42'[39m, [32m'0.00'[39m ]
data rcv RT:[ [32m'0.00'[39m, [32m'4.32'[39m, [32m'3.42'[39m, [32m'0.00'[39m ]
data rcv RT:[ [32m'0.00'[39m, [32m'4.30'[39m, [32m'3.44'[39m, [32m'0.00'[39m ]
data rcv RT:[ [32m'0.00'[39m, [32m'4.27'[39m, [32m'3.42'[39m, [32m'0.00'[39m ]
data rcv RT:[ [32m'0.00'[39m, [32m'4.26'[39m, [32m'3.41'[39m, [32m'0.00'[39m ]
data rcv RT:[ [32m'0.00'[39m, [32m'4.26'[39m, [32m'3.40'[39m, [32m'0.00'[39m ]
data rcv RT:[ [32m'0.00'[39m, [32m'4.32'[39m, [32m'3.36'[39m, [32m'0.02'[39m ]
data rcv RT:[ [32m'0.00'[39m, [32m'4.36'[39m, [32m'3.39'[39m, [32m'0.02'[39m ]
data rcv RT:[ [32m'0.00'[39m, [32m'4.37'[39m, [32m'3.41'[39m, [32m'0.00'[39m ]
data rcv RT:[ [32m'0.00'[39m, [32m'4.38'[39m, [32m'3.38'[39m, [32m'0.03'[39m ]
data rcv RT:[ [32m'0.00'[39m, [32m'4.33'[39m, [32m'3.43'[39m, [32m'0.00'[39m ]
data rcv RT:[ [32m'0.00'[39m, [32m'4.33'[39m, [32m'3.41'[39m, [32m'0.00'[39m ]
data rcv RT:[ [32m'0.00'[39m, [32m'4.30'[39m, [32m'3.43'[39m, [32m'0.00'[39m ]
data rcv RT:[ [32m'0.00'[39m, [32m'4.31'[39m, [32m'3.44'[39m, [32m'0.00'[39m ]
data rcv RT:[ [32m'0.00'[39m, [32m'4.29'[39m, [32m'3.44'[39m, [32m'0.00'[39m ]
data rcv RT:[ [32m'0.00'[39m, [32m'4.26'[39m, [32m'3.39'[39m, [32m'0.00'[39m ]
data rcv RT:[ [32m'0.00'[39m, [32m'4.25'[39m, [32m'3.40'[39m, [32m'0.00'[39m ]
data rcv RT:[ [32m'0.00'[39m, [32m'4.27'[39m, [32m'3.37'[39m, [32m'0.00'[39m ]
data rcv RT:[ [32m'0.00'[39m, [32m'4.33'[39m, [32m'3.39'[39m, [32m'0.02'[39m ]
data rcv RT:[ [32m'0.00'[39m, [32m'4.32'[39m, [32m'3.38'[39m, [32m'0.01'[39m ]
data rcv RT:[ [32m'0.00'[39m, [32m'4.37'[39m, [32m'3.40'[39m, [32m'0.01'[39m ]
data rcv RT:[ [32m'0.00'[39m, [32m'4.34'[39m, [32m'3.37'[39m, [32m'0.02'[39m ]
data rcv RT:[ [32m'0.00'[39m, [32m'4.37'[39m, [32m'3.40'[39m, [32m'0.03'[39m ]
data rcv RT:[ [32m'0.00'[39m, [32m'4.36'[39m, [32m'3.42'[39m, [32m'0.00'[39m ]
data rcv RT:[ [32m'0.00'[39m, [32m'4.38'[39m, [32m'3.41'[39m, [32m'0.01'[39m ]
data rcv RT:[ [32m'0.00'[39m, [32m'4.32'[39m, [32m'3.44'[39m, [32m'0.00'[39m ]
data rcv RT:[ [32m'0.00'[39m, [32m'4.33'[39m, [32m'3.43'[39m, [32m'0.00'[39m ]
data rcv RT:[ [32m'0.00'[39m, [32m'4.30'[39m, [32m'3.44'[39m, [32m'0.00'[39m ]
data rcv RT:[ [32m'0.00'[39m, [32m'4.31'[39m, [32m'3.44'[39m, [32m'0.00'[39m ]
data rcv RT:[ [32m'0.00'[39m, [32m'4.29'[39m, [32m'3.45'[39m, [32m'0.00'[39m ]
data rcv RT:[ [32m'0.00'[39m, [32m'4.29'[39m, [32m'3.43'[39m, [32m'0.00'[39m ]
data rcv RT:[ [32m'0.00'[39m, [32m'4.30'[39m, [32m'3.42'[39m, [32m'0.00'[39m ]
data rcv RT:[ [32m'0.00'[39m, [32m'4.25'[39m, [32m'3.43'[39m, [32m'0.00'[39m ]
data rcv RT:[ [32m'0.00'[39m, [32m'4.30'[39m, [32m'3.37'[39m, [32m'0.00'[39m ]
data rcv RT:[ [32m'0.00'[39m, [32m'4.30'[39m, [32m'3.39'[39m, [32m'0.00'[39m ]
data rcv RT:[ [32m'0.00'[39m, [32m'4.29'[39m, [32m'3.40'[39m, [32m'0.01'[39m ]
data rcv RT:[ [32m'0.00'[39m, [32m'4.35'[39m, [32m'3.39'[39m, [32m'0.02'[39m ]
data rcv RT:[ [32m'0.00'[39m, [32m'4.34'[39m, [32m'3.38'[39m, [32m'0.01'[39m ]
data rcv RT:[ [32m'0.00'[39m, [32m'4.34'[39m, [32m'3.36'[39m, [32m'0.05'[39m ]
data rcv RT:[ [32m'0.00'[39m, [32m'4.38'[39m, [32m'3.37'[39m, [32m'0.01'[39m ]
data rcv RT:[ [32m'0.00'[39m, [32m'4.34'[39m, [32m'3.39'[39m, [32m'0.02'[39m ]
data rcv RT:[ [32m'0.00'[39m, [32m'4.38'[39m, [32m'3.43'[39m, [32m'0.00'[39m ]
data rcv RT:[ [32m'0.00'[39m, [32m'4.33'[39m, [32m'3.42'[39m, [32m'0.00'[39m ]
data rcv RT:[ [32m'0.00'[39m, [32m'4.31'[39m, [32m'3.44'[39m, [32m'0.00'[39m ]
data rcv RT:[ [32m'0.00'[39m, [32m'4.29'[39m, [32m'3.43'[39m, [32m'0.00'[39m ]
data rcv RT:[ [32m'0.00'[39m, [32m'4.31'[39m, [32m'3.40'[39m, [32m'0.00'[39m ]
data rcv RT:[ [32m'0.00'[39m, [32m'4.27'[39m, [32m'3.41'[39m, [32m'0.00'[39m ]
data rcv RT:[ [32m'0.00'[39m, [32m'4.26'[39m, [32m'3.40'[39m, [32m'0.00'[39m ]
data rcv RT:[ [32m'0.00'[39m, [32m'4.28'[39m, [32m'3.39'[39m, [32m'0.00'[39m ]
data rcv RT:[ [32m'0.00'[39m, [32m'4.28'[39m, [32m'3.38'[39m, [32m'0.00'[39m ]
data rcv RT:[ [32m'0.00'[39m, [32m'4.31'[39m, [32m'3.38'[39m, [32m'0.00'[39m ]
data rcv RT:[ [32m'0.00'[39m, [32m'4.28'[39m, [32m'3.40'[39m, [32m'0.01'[39m ]
data rcv RT:[ [32m'0.00'[39m, [32m'4.33'[39m, [32m'3.39'[39m, [32m'0.02'[39m ]
data rcv RT:[ [32m'0.00'[39m, [32m'4.34'[39m, [32m'3.37'[39m, [32m'0.04'[39m ]
data rcv RT:[ [32m'0.00'[39m, [32m'4.35'[39m, [32m'3.40'[39m, [32m'0.03'[39m ]
data rcv RT:[ [32m'0.00'[39m, [32m'4.37'[39m, [32m'3.41'[39m, [32m'0.00'[39m ]
data rcv RT:[ [32m'0.00'[39m, [32m'4.35'[39m, [32m'3.42'[39m, [32m'0.00'[39m ]
data rcv RT:[ [32m'0.00'[39m, [32m'4.33'[39m, [32m'3.45'[39m, [32m'0.00'[39m ]
data rcv RT:[ [32m'0.00'[39m, [32m'4.32'[39m, [32m'3.43'[39m, [32m'0.00'[39m ]
data rcv RT:[ [32m'0.00'[39m, [32m'4.30'[39m, [32m'3.41'[39m, [32m'0.00'[39m ]
data rcv RT:[ [32m'0.00'[39m, [32m'4.31'[39m, [32m'3.42'[39m, [32m'0.00'[39m ]
data rcv RT:[ [32m'0.00'[39m, [32m'4.26'[39m, [32m'3.42'[39m, [32m'0.00'[39m ]
data rcv RT:[ [32m'0.00'[39m, [32m'4.28'[39m, [32m'3.37'[39m, [32m'0.00'[39m ]
data rcv RT:[ [32m'0.00'[39m, [32m'4.26'[39m, [32m'3.39'[39m, [32m'0.00'[39m ]
data rcv RT:[ [32m'0.00'[39m, [32m'4.27'[39m, [32m'3.39'[39m, [32m'0.00'[39m ]
data rcv RT:[ [32m'0.00'[39m, [32m'4.31'[39m, [32m'3.39'[39m, [32m'0.01'[39m ]
data rcv RT:[ [32m'0.00'[39m, [32m'4.30'[39m, [32m'3.40'[39m, [32m'0.00'[39m ]
data rcv RT:[ [32m'0.00'[39m, [32m'4.32'[39m, [32m'3.38'[39m, [32m'0.00'[39m ]
data rcv RT:[ [32m'0.00'[39m, [32m'4.34'[39m, [32m'3.38'[39m, [32m'0.01'[39m ]
data rcv RT:[ [32m'0.00'[39m, [32m'4.33'[39m, [32m'3.37'[39m, [32m'0.01'[39m ]
data rcv RT:[ [32m'0.00'[39m, [32m'4.37'[39m, [32m'3.37'[39m, [32m'0.03'[39m ]
data rcv RT:[ [32m'0.00'[39m, [32m'4.37'[39m, [32m'3.41'[39m, [32m'0.00'[39m ]
data rcv RT:[ [32m'0.00'[39m, [32m'4.38'[39m, [32m'3.39'[39m, [32m'0.00'[39m ]
data rcv RT:[ [32m'0.00'[39m, [32m'4.36'[39m, [32m'3.40'[39m, [32m'0.00'[39m ]
data rcv RT:[ [32m'0.00'[39m, [32m'4.36'[39m, [32m'3.42'[39m, [32m'0.00'[39m ]
data rcv RT:[ [32m'0.00'[39m, [32m'4.35'[39m, [32m'3.41'[39m, [32m'0.00'[39m ]
data rcv RT:[ [32m'0.00'[39m, [32m'4.34'[39m, [32m'3.42'[39m, [32m'0.00'[39m ]
data rcv RT:[ [32m'0.00'[39m, [32m'4.30'[39m, [32m'3.45'[39m, [32m'0.00'[39m ]
data rcv RT:[ [32m'0.00'[39m, [32m'4.30'[39m, [32m'3.43'[39m, [32m'0.00'[39m ]
data rcv RT:[ [32m'0.00'[39m, [32m'4.26'[39m, [32m'3.40'[39m, [32m'0.00'[39m ]
data rcv RT:[ [32m'0.00'[39m, [32m'4.26'[39m, [32m'3.39'[39m, [32m'0.00'[39m ]
data rcv RT:[ [32m'0.00'[39m, [32m'4.31'[39m, [32m'3.39'[39m, [32m'0.00'[39m ]
data rcv RT:[ [32m'0.00'[39m, [32m'4.33'[39m, [32m'3.40'[39m, [32m'0.02'[39m ]
data rcv RT:[ [32m'0.00'[39m, [32m'4.31'[39m, [32m'3.37'[39m, [32m'0.00'[39m ]
data rcv RT:[ [32m'0.00'[39m, [32m'4.38'[39m, [32m'3.38'[39m, [32m'0.04'[39m ]
data rcv RT:[ [32m'0.00'[39m, [32m'4.35'[39m, [32m'3.39'[39m, [32m'0.04'[39m ]
data rcv RT:[ [32m'0.00'[39m, [32m'4.35'[39m, [32m'3.45'[39m, [32m'0.00'[39m ]
data rcv RT:[ [32m'0.00'[39m, [32m'4.32'[39m, [32m'3.42'[39m, [32m'0.00'[39m ]
data rcv RT:[ [32m'0.00'[39m, [32m'4.30'[39m, [32m'3.44'[39m, [32m'0.00'[39m ]
data rcv RT:[ [32m'0.00'[39m, [32m'4.30'[39m, [32m'3.44'[39m, [32m'0.00'[39m ]
data rcv RT:[ [32m'0.00'[39m, [32m'4.27'[39m, [32m'3.43'[39m, [32m'0.00'[39m ]
data rcv RT:[ [32m'0.00'[39m, [32m'4.27'[39m, [32m'3.42'[39m, [32m'0.00'[39m ]
data rcv RT:[ [32m'0.00'[39m, [32m'4.27'[39m, [32m'3.39'[39m, [32m'0.00'[39m ]
data rcv RT:[ [32m'0.00'[39m, [32m'4.30'[39m, [32m'3.37'[39m, [32m'0.01'[39m ]
data rcv RT:[ [32m'0.00'[39m, [32m'4.31'[39m, [32m'3.38'[39m, [32m'0.01'[39m ]
data rcv RT:[ [32m'0.00'[39m, [32m'4.32'[39m, [32m'3.37'[39m, [32m'0.01'[39m ]
data rcv RT:[ [32m'0.00'[39m, [32m'4.35'[39m, [32m'3.39'[39m, [32m'0.01'[39m ]
data rcv RT:[ [32m'0.00'[39m, [32m'4.33'[39m, [32m'3.36'[39m, [32m'0.05'[39m ]
data rcv RT:[ [32m'0.00'[39m, [32m'4.36'[39m, [32m'3.37'[39m, [32m'0.05'[39m ]
data rcv RT:[ [32m'0.00'[39m, [32m'4.36'[39m, [32m'3.39'[39m, [32m'0.00'[39m ]
data rcv RT:[ [32m'0.00'[39m, [32m'4.35'[39m, [32m'3.43'[39m, [32m'0.00'[39m ]
data rcv RT:[ [32m'0.00'[39m, [32m'4.34'[39m, [32m'3.44'[39m, [32m'0.00'[39m ]
data rcv RT:[ [32m'0.00'[39m, [32m'4.31'[39m, [32m'3.41'[39m, [32m'0.00'[39m ]
data rcv RT:[ [32m'0.00'[39m, [32m'4.31'[39m, [32m'3.43'[39m, [32m'0.00'[39m ]
data rcv RT:[ [32m'0.00'[39m, [32m'4.28'[39m, [32m'3.44'[39m, [32m'0.00'[39m ]
data rcv RT:[ [32m'0.00'[39m, [32m'4.26'[39m, [32m'3.43'[39m, [32m'0.00'[39m ]
data rcv RT:[ [32m'0.00'[39m, [32m'4.26'[39m, [32m'3.43'[39m, [32m'0.00'[39m ]
data rcv RT:[ [32m'0.00'[39m, [32m'4.27'[39m, [32m'3.39'[39m, [32m'0.00'[39m ]
data rcv RT:[ [32m'0.00'[39m, [32m'4.27'[39m, [32m'3.38'[39m, [32m'0.00'[39m ]
data rcv RT:[ [32m'0.00'[39m, [32m'4.26'[39m, [32m'3.38'[39m, [32m'0.00'[39m ]
data rcv RT:[ [32m'0.00'[39m, [32m'4.31'[39m, [32m'3.37'[39m, [32m'0.00'[39m ]
data rcv RT:[ [32m'0.00'[39m, [32m'4.37'[39m, [32m'3.37'[39m, [32m'0.06'[39m ]
data rcv RT:[ [32m'0.00'[39m, [32m'4.35'[39m, [32m'3.36'[39m, [32m'0.05'[39m ]
data rcv RT:[ [32m'0.00'[39m, [32m'4.38'[39m, [32m'3.37'[39m, [32m'0.03'[39m ]
data rcv RT:[ [32m'0.00'[39m, [32m'4.36'[39m, [32m'3.43'[39m, [32m'0.00'[39m ]
data rcv RT:[ [32m'0.00'[39m, [32m'4.30'[39m, [32m'3.41'[39m, [32m'0.00'[39m ]
data rcv RT:[ [32m'0.00'[39m, [32m'4.30'[39m, [32m'3.45'[39m, [32m'0.00'[39m ]
data rcv RT:[ [32m'0.00'[39m, [32m'4.33'[39m, [32m'3.42'[39m, [32m'0.00'[39m ]
data rcv RT:[ [32m'0.00'[39m, [32m'4.29'[39m, [32m'3.43'[39m, [32m'0.00'[39m ]
data rcv RT:[ [32m'0.00'[39m, [32m'4.25'[39m, [32m'3.41'[39m, [32m'0.00'[39m ]
data rcv RT:[ [32m'0.00'[39m, [32m'4.27'[39m, [32m'3.41'[39m, [32m'0.00'[39m ]
data rcv RT:[ [32m'0.00'[39m, [32m'4.28'[39m, [32m'3.37'[39m, [32m'0.00'[39m ]
data rcv RT:[ [32m'0.00'[39m, [32m'4.31'[39m, [32m'3.39'[39m, [32m'0.00'[39m ]
data rcv RT:[ [32m'0.00'[39m, [32m'4.29'[39m, [32m'3.38'[39m, [32m'0.01'[39m ]
data rcv RT:[ [32m'0.00'[39m, [32m'4.33'[39m, [32m'3.38'[39m, [32m'0.01'[39m ]
data rcv RT:[ [32m'0.00'[39m, [32m'4.35'[39m, [32m'3.34'[39m, [32m'0.06'[39m ]
data rcv RT:[ [32m'0.00'[39m, [32m'4.37'[39m, [32m'3.39'[39m, [32m'0.01'[39m ]
data rcv RT:[ [32m'0.00'[39m, [32m'4.36'[39m, [32m'3.40'[39m, [32m'0.00'[39m ]
data rcv RT:[ [32m'0.00'[39m, [32m'4.36'[39m, [32m'3.43'[39m, [32m'0.00'[39m ]
data rcv RT:[ [32m'0.00'[39m, [32m'4.34'[39m, [32m'3.42'[39m, [32m'0.00'[39m ]
data rcv RT:[ [32m'0.00'[39m, [32m'4.32'[39m, [32m'3.41'[39m, [32m'0.00'[39m ]
data rcv RT:[ [32m'0.00'[39m, [32m'4.33'[39m, [32m'3.47'[39m, [32m'0.00'[39m ]
data rcv RT:[ [32m'0.00'[39m, [32m'4.27'[39m, [32m'3.41'[39m, [32m'0.00'[39m ]
data rcv RT:[ [32m'0.00'[39m, [32m'4.26'[39m, [32m'3.39'[39m, [32m'0.00'[39m ]
data rcv RT:[ [32m'0.00'[39m, [32m'4.29'[39m, [32m'3.39'[39m, [32m'0.00'[39m ]
data rcv RT:[ [32m'0.00'[39m, [32m'4.34'[39m, [32m'3.37'[39m, [32m'0.01'[39m ]
data rcv RT:[ [32m'0.00'[39m, [32m'4.33'[39m, [32m'3.36'[39m, [32m'0.03'[39m ]
data rcv RT:[ [32m'0.00'[39m, [32m'4.34'[39m, [32m'3.37'[39m, [32m'0.03'[39m ]
data rcv RT:[ [32m'0.00'[39m, [32m'4.32'[39m, [32m'3.35'[39m, [32m'0.05'[39m ]
data rcv RT:[ [32m'0.00'[39m, [32m'4.39'[39m, [32m'3.42'[39m, [32m'0.00'[39m ]
data rcv RT:[ [32m'0.00'[39m, [32m'4.34'[39m, [32m'3.38'[39m, [32m'0.03'[39m ]
data rcv RT:[ [32m'0.00'[39m, [32m'4.34'[39m, [32m'3.44'[39m, [32m'0.00'[39m ]
data rcv RT:[ [32m'0.00'[39m, [32m'4.35'[39m, [32m'3.40'[39m, [32m'0.00'[39m ]
data rcv RT:[ [32m'0.00'[39m, [32m'4.31'[39m, [32m'3.42'[39m, [32m'0.00'[39m ]
data rcv RT:[ [32m'0.00'[39m, [32m'4.30'[39m, [32m'3.44'[39m, [32m'0.00'[39m ]
data rcv RT:[ [32m'0.00'[39m, [32m'4.27'[39m, [32m'3.41'[39m, [32m'0.00'[39m ]
data rcv RT:[ [32m'0.00'[39m, [32m'4.27'[39m, [32m'3.40'[39m, [32m'0.00'[39m ]
data rcv RT:[ [32m'0.00'[39m, [32m'4.27'[39m, [32m'3.37'[39m, [32m'0.00'[39m ]
data rcv RT:[ [32m'0.00'[39m, [32m'4.27'[39m, [32m'3.39'[39m, [32m'0.00'[39m ]
data rcv RT:[ [32m'0.00'[39m, [32m'4.31'[39m, [32m'3.37'[39m, [32m'0.01'[39m ]
data rcv RT:[ [32m'0.00'[39m, [32m'4.33'[39m, [32m'3.37'[39m, [32m'0.03'[39m ]
data rcv RT:[ [32m'0.00'[39m, [32m'4.37'[39m, [32m'3.40'[39m, [32m'0.00'[39m ]
data rcv RT:[ [32m'0.00'[39m, [32m'4.35'[39m, [32m'3.43'[39m, [32m'0.00'[39m ]
data rcv RT:[ [32m'0.00'[39m, [32m'4.32'[39m, [32m'3.44'[39m, [32m'0.00'[39m ]
data rcv RT:[ [32m'0.00'[39m, [32m'4.29'[39m, [32m'3.42'[39m, [32m'0.00'[39m ]
data rcv RT:[ [32m'0.00'[39m, [32m'4.32'[39m, [32m'3.42'[39m, [32m'0.00'[39m ]
data rcv RT:[ [32m'0.00'[39m, [32m'4.29'[39m, [32m'3.44'[39m, [32m'0.00'[39m ]
data rcv RT:[ [32m'0.00'[39m, [32m'4.25'[39m, [32m'3.38'[39m, [32m'0.00'[39m ]
data rcv RT:[ [32m'0.00'[39m, [32m'4.28'[39m, [32m'3.37'[39m, [32m'0.00'[39m ]
client Front End connected
Socket {
  nsp: 
   Namespace {
     name: [32m'/'[39m,
     server: 
      Server {
        nsps: [36m[Object][39m,
        _path: [32m'/socket.io'[39m,
        _serveClient: [33mtrue[39m,
        _adapter: [36m[Function: Adapter][39m,
        _origins: [32m'*:*'[39m,
        sockets: [36m[Circular][39m,
        eio: [36m[Object][39m,
        httpServer: [36m[Object][39m,
        engine: [36m[Object][39m },
     sockets: { [32m'/#GbFdU3ACrmHOqtblAAAT'[39m: [36m[Circular][39m },
     connected: { [32m'/#GbFdU3ACrmHOqtblAAAT'[39m: [36m[Circular][39m },
     fns: [],
     ids: [33m0[39m,
     adapter: 
      Adapter {
        nsp: [36m[Circular][39m,
        rooms: [36m[Object][39m,
        sids: [36m[Object][39m,
        encoder: Encoder {} },
     _events: { connection: [36m[Function][39m },
     _eventsCount: [33m1[39m },
  server: 
   Server {
     nsps: { [32m'/'[39m: [36m[Object][39m },
     _path: [32m'/socket.io'[39m,
     _serveClient: [33mtrue[39m,
     _adapter: [36m[Function: Adapter][39m,
     _origins: [32m'*:*'[39m,
     sockets: 
      Namespace {
        name: [32m'/'[39m,
        server: [36m[Circular][39m,
        sockets: [36m[Object][39m,
        connected: [36m[Object][39m,
        fns: [],
        ids: [33m0[39m,
        adapter: [36m[Object][39m,
        _events: [36m[Object][39m,
        _eventsCount: [33m1[39m },
     eio: 
      Server {
        clients: [36m[Object][39m,
        clientsCount: [33m1[39m,
        pingTimeout: [33m60000[39m,
        pingInterval: [33m25000[39m,
        upgradeTimeout: [33m10000[39m,
        maxHttpBufferSize: [33m100000000[39m,
        transports: [36m[Object][39m,
        allowUpgrades: [33mtrue[39m,
        allowRequest: [36m[Function: bound ][39m,
        cookie: [32m'io'[39m,
        cookiePath: [33mfalse[39m,
        perMessageDeflate: [36m[Object][39m,
        httpCompression: [36m[Object][39m,
        ws: [36m[Object][39m,
        _events: [36m[Object][39m,
        _eventsCount: [33m1[39m },
     httpServer: 
      Server {
        domain: [1mnull[22m,
        _events: [36m[Object][39m,
        _eventsCount: [33m4[39m,
        _maxListeners: [90mundefined[39m,
        _connections: [33m4[39m,
        _handle: [36m[Object][39m,
        _usingSlaves: [33mfalse[39m,
        _slaves: [],
        _unref: [33mfalse[39m,
        allowHalfOpen: [33mtrue[39m,
        pauseOnConnect: [33mfalse[39m,
        httpAllowHalfOpen: [33mfalse[39m,
        timeout: [33m120000[39m,
        _pendingResponseData: [33m0[39m,
        _connectionKey: [32m'6::::3000'[39m },
     engine: 
      Server {
        clients: [36m[Object][39m,
        clientsCount: [33m1[39m,
        pingTimeout: [33m60000[39m,
        pingInterval: [33m25000[39m,
        upgradeTimeout: [33m10000[39m,
        maxHttpBufferSize: [33m100000000[39m,
        transports: [36m[Object][39m,
        allowUpgrades: [33mtrue[39m,
        allowRequest: [36m[Function: bound ][39m,
        cookie: [32m'io'[39m,
        cookiePath: [33mfalse[39m,
        perMessageDeflate: [36m[Object][39m,
        httpCompression: [36m[Object][39m,
        ws: [36m[Object][39m,
        _events: [36m[Object][39m,
        _eventsCount: [33m1[39m } },
  adapter: 
   Adapter {
     nsp: 
      Namespace {
        name: [32m'/'[39m,
        server: [36m[Object][39m,
        sockets: [36m[Object][39m,
        connected: [36m[Object][39m,
        fns: [],
        ids: [33m0[39m,
        adapter: [36m[Circular][39m,
        _events: [36m[Object][39m,
        _eventsCount: [33m1[39m },
     rooms: { [32m'/#GbFdU3ACrmHOqtblAAAT'[39m: [36m[Object][39m },
     sids: { [32m'/#GbFdU3ACrmHOqtblAAAT'[39m: [36m[Object][39m },
     encoder: Encoder {} },
  id: [32m'/#GbFdU3ACrmHOqtblAAAT'[39m,
  client: 
   Client {
     server: 
      Server {
        nsps: [36m[Object][39m,
        _path: [32m'/socket.io'[39m,
        _serveClient: [33mtrue[39m,
        _adapter: [36m[Function: Adapter][39m,
        _origins: [32m'*:*'[39m,
        sockets: [36m[Object][39m,
        eio: [36m[Object][39m,
        httpServer: [36m[Object][39m,
        engine: [36m[Object][39m },
     conn: 
      Socket {
        id: [32m'GbFdU3ACrmHOqtblAAAT'[39m,
        server: [36m[Object][39m,
        upgrading: [33mfalse[39m,
        upgraded: [33mfalse[39m,
        readyState: [32m'open'[39m,
        writeBuffer: [36m[Object][39m,
        packetsFn: [36m[Object][39m,
        sentCallbackFn: [],
        cleanupFn: [36m[Object][39m,
        request: [36m[Object][39m,
        remoteAddress: [32m'::ffff:10.210.30.41'[39m,
        checkIntervalTimer: [1mnull[22m,
        upgradeTimeoutTimer: [1mnull[22m,
        pingTimeoutTimer: [36m[Object][39m,
        transport: [36m[Object][39m,
        _events: [36m[Object][39m,
        _eventsCount: [33m3[39m },
     encoder: Encoder {},
     decoder: Decoder { reconstructor: [1mnull[22m, _callbacks: [36m[Object][39m },
     id: [32m'GbFdU3ACrmHOqtblAAAT'[39m,
     request: 
      IncomingMessage {
        _readableState: [36m[Object][39m,
        readable: [33mtrue[39m,
        domain: [1mnull[22m,
        _events: {},
        _eventsCount: [33m0[39m,
        _maxListeners: [90mundefined[39m,
        socket: [36m[Object][39m,
        connection: [36m[Object][39m,
        httpVersionMajor: [33m1[39m,
        httpVersionMinor: [33m1[39m,
        httpVersion: [32m'1.1'[39m,
        complete: [33mtrue[39m,
        headers: [36m[Object][39m,
        rawHeaders: [36m[Object][39m,
        trailers: {},
        rawTrailers: [],
        upgrade: [33mfalse[39m,
        url: [32m'/socket.io/?EIO=3&transport=polling&t=LTmFHV6'[39m,
        method: [32m'GET'[39m,
        statusCode: [1mnull[22m,
        statusMessage: [1mnull[22m,
        client: [36m[Object][39m,
        _consuming: [33mfalse[39m,
        _dumped: [33mtrue[39m,
        _query: [36m[Object][39m,
        res: [36m[Object][39m,
        cleanup: [36m[Function: cleanup][39m },
     onclose: [36m[Function: bound ][39m,
     ondata: [36m[Function: bound ][39m,
     onerror: [36m[Function: bound ][39m,
     ondecoded: [36m[Function: bound ][39m,
     sockets: { [32m'/#GbFdU3ACrmHOqtblAAAT'[39m: [36m[Circular][39m },
     nsps: { [32m'/'[39m: [36m[Circular][39m },
     connectBuffer: [] },
  conn: 
   Socket {
     id: [32m'GbFdU3ACrmHOqtblAAAT'[39m,
     server: 
      Server {
        clients: [36m[Object][39m,
        clientsCount: [33m1[39m,
        pingTimeout: [33m60000[39m,
        pingInterval: [33m25000[39m,
        upgradeTimeout: [33m10000[39m,
        maxHttpBufferSize: [33m100000000[39m,
        transports: [36m[Object][39m,
        allowUpgrades: [33mtrue[39m,
        allowRequest: [36m[Function: bound ][39m,
        cookie: [32m'io'[39m,
        cookiePath: [33mfalse[39m,
        perMessageDeflate: [36m[Object][39m,
        httpCompression: [36m[Object][39m,
        ws: [36m[Object][39m,
        _events: [36m[Object][39m,
        _eventsCount: [33m1[39m },
     upgrading: [33mfalse[39m,
     upgraded: [33mfalse[39m,
     readyState: [32m'open'[39m,
     writeBuffer: [ [36m[Object][39m ],
     packetsFn: [ [90mundefined[39m ],
     sentCallbackFn: [],
     cleanupFn: [ [36m[Function][39m, [36m[Function][39m ],
     request: 
      IncomingMessage {
        _readableState: [36m[Object][39m,
        readable: [33mtrue[39m,
        domain: [1mnull[22m,
        _events: {},
        _eventsCount: [33m0[39m,
        _maxListeners: [90mundefined[39m,
        socket: [36m[Object][39m,
        connection: [36m[Object][39m,
        httpVersionMajor: [33m1[39m,
        httpVersionMinor: [33m1[39m,
        httpVersion: [32m'1.1'[39m,
        complete: [33mtrue[39m,
        headers: [36m[Object][39m,
        rawHeaders: [36m[Object][39m,
        trailers: {},
        rawTrailers: [],
        upgrade: [33mfalse[39m,
        url: [32m'/socket.io/?EIO=3&transport=polling&t=LTmFHV6'[39m,
        method: [32m'GET'[39m,
        statusCode: [1mnull[22m,
        statusMessage: [1mnull[22m,
        client: [36m[Object][39m,
        _consuming: [33mfalse[39m,
        _dumped: [33mtrue[39m,
        _query: [36m[Object][39m,
        res: [36m[Object][39m,
        cleanup: [36m[Function: cleanup][39m },
     remoteAddress: [32m'::ffff:10.210.30.41'[39m,
     checkIntervalTimer: [1mnull[22m,
     upgradeTimeoutTimer: [1mnull[22m,
     pingTimeoutTimer: 
      Timeout {
        _called: [33mfalse[39m,
        _idleTimeout: [33m85000[39m,
        _idlePrev: [36m[Object][39m,
        _idleNext: [36m[Object][39m,
        _idleStart: [33m19475395[39m,
        _onTimeout: [36m[Function][39m,
        _repeat: [1mnull[22m },
     transport: 
      XHR {
        readyState: [32m'open'[39m,
        discarded: [33mfalse[39m,
        closeTimeout: [33m30000[39m,
        maxHttpBufferSize: [33m100000000[39m,
        httpCompression: [36m[Object][39m,
        supportsBinary: [33mtrue[39m,
        _events: [36m[Object][39m,
        _eventsCount: [33m5[39m,
        sid: [32m'GbFdU3ACrmHOqtblAAAT'[39m,
        req: [1mnull[22m,
        res: [1mnull[22m,
        writable: [33mfalse[39m },
     _events: 
      { close: [36m[Object][39m,
        data: [36m[Function: bound ][39m,
        error: [36m[Function: bound ][39m },
     _eventsCount: [33m3[39m },
  rooms: {},
  acks: {},
  connected: [33mtrue[39m,
  disconnected: [33mfalse[39m,
  handshake: 
   { headers: 
      { host: [32m'10.210.30.148:3000'[39m,
        connection: [32m'keep-alive'[39m,
        [32m'cache-control'[39m: [32m'max-age=0'[39m,
        [32m'user-agent'[39m: [32m'Mozilla/5.0 (Windows NT 5.1) AppleWebKit/537.36 (KHTML, like Gecko) Chrome/49.0.2623.112 Safari/537.36'[39m,
        origin: [32m'http://10.210.30.148'[39m,
        accept: [32m'*/*'[39m,
        referer: [32m'http://10.210.30.148/sku/'[39m,
        [32m'accept-encoding'[39m: [32m'gzip, deflate, sdch'[39m,
        [32m'accept-language'[39m: [32m'ru-RU,ru;q=0.8,en-US;q=0.6,en;q=0.4'[39m,
        cookie: [32m'io=U_U5P-rKygrCb32SAAAS'[39m },
     time: [32m'Wed Sep 28 2016 13:59:47 GMT+0400 (SAMT)'[39m,
     address: [32m'::ffff:10.210.30.41'[39m,
     xdomain: [33mtrue[39m,
     secure: [33mfalse[39m,
     issued: [33m1475056787611[39m,
     url: [32m'/socket.io/?EIO=3&transport=polling&t=LTmFHV6'[39m,
     query: { EIO: [32m'3'[39m, transport: [32m'polling'[39m, t: [32m'LTmFHV6'[39m } } }
data rcv RT:[ [32m'0.00'[39m, [32m'4.28'[39m, [32m'3.39'[39m, [32m'0.00'[39m ]
data rcv RT:[ [32m'0.00'[39m, [32m'4.27'[39m, [32m'3.39'[39m, [32m'0.00'[39m ]
data rcv RT:[ [32m'0.00'[39m, [32m'4.31'[39m, [32m'3.36'[39m, [32m'0.03'[39m ]
data rcv RT:[ [32m'0.00'[39m, [32m'4.35'[39m, [32m'3.34'[39m, [32m'0.05'[39m ]
data rcv RT:[ [32m'0.00'[39m, [32m'4.38'[39m, [32m'3.39'[39m, [32m'0.03'[39m ]
data rcv RT:[ [32m'0.00'[39m, [32m'4.38'[39m, [32m'3.38'[39m, [32m'0.03'[39m ]
data rcv RT:[ [32m'0.00'[39m, [32m'4.39'[39m, [32m'3.41'[39m, [32m'0.00'[39m ]
data rcv RT:[ [32m'0.00'[39m, [32m'4.31'[39m, [32m'3.42'[39m, [32m'0.00'[39m ]
data rcv RT:[ [32m'0.00'[39m, [32m'4.30'[39m, [32m'3.44'[39m, [32m'0.00'[39m ]
data rcv RT:[ [32m'0.00'[39m, [32m'4.31'[39m, [32m'3.43'[39m, [32m'0.00'[39m ]
data rcv RT:[ [32m'0.00'[39m, [32m'4.27'[39m, [32m'3.40'[39m, [32m'0.00'[39m ]
data rcv RT:[ [32m'0.00'[39m, [32m'4.27'[39m, [32m'3.39'[39m, [32m'0.00'[39m ]
data rcv RT:[ [32m'0.00'[39m, [32m'4.26'[39m, [32m'3.40'[39m, [32m'0.00'[39m ]
data rcv RT:[ [32m'0.00'[39m, [32m'4.26'[39m, [32m'3.40'[39m, [32m'0.00'[39m ]
data rcv RT:[ [32m'0.00'[39m, [32m'4.28'[39m, [32m'3.38'[39m, [32m'0.00'[39m ]
data rcv RT:[ [32m'0.00'[39m, [32m'4.32'[39m, [32m'3.37'[39m, [32m'0.01'[39m ]
data rcv RT:[ [32m'0.00'[39m, [32m'4.36'[39m, [32m'3.39'[39m, [32m'0.04'[39m ]
data rcv RT:[ [32m'0.00'[39m, [32m'4.35'[39m, [32m'3.37'[39m, [32m'0.03'[39m ]
data rcv RT:[ [32m'0.00'[39m, [32m'4.38'[39m, [32m'3.38'[39m, [32m'0.02'[39m ]
data rcv RT:[ [32m'0.00'[39m, [32m'4.37'[39m, [32m'3.42'[39m, [32m'0.00'[39m ]
data rcv RT:[ [32m'0.00'[39m, [32m'4.32'[39m, [32m'3.42'[39m, [32m'0.00'[39m ]
data rcv RT:[ [32m'0.00'[39m, [32m'4.30'[39m, [32m'3.43'[39m, [32m'0.00'[39m ]
data rcv RT:[ [32m'0.00'[39m, [32m'4.33'[39m, [32m'3.42'[39m, [32m'0.00'[39m ]
data rcv RT:[ [32m'0.00'[39m, [32m'4.30'[39m, [32m'3.42'[39m, [32m'0.00'[39m ]
data rcv RT:[ [32m'0.00'[39m, [32m'4.31'[39m, [32m'3.43'[39m, [32m'0.00'[39m ]
data rcv RT:[ [32m'0.00'[39m, [32m'4.25'[39m, [32m'3.43'[39m, [32m'0.00'[39m ]
data rcv RT:[ [32m'0.00'[39m, [32m'4.27'[39m, [32m'3.37'[39m, [32m'0.00'[39m ]
data rcv RT:[ [32m'0.00'[39m, [32m'4.29'[39m, [32m'3.38'[39m, [32m'0.00'[39m ]
data rcv RT:[ [32m'0.00'[39m, [32m'4.32'[39m, [32m'3.39'[39m, [32m'0.00'[39m ]
data rcv RT:[ [32m'0.00'[39m, [32m'4.33'[39m, [32m'3.36'[39m, [32m'0.02'[39m ]
data rcv RT:[ [32m'0.00'[39m, [32m'4.37'[39m, [32m'3.40'[39m, [32m'0.00'[39m ]
data rcv RT:[ [32m'0.00'[39m, [32m'4.35'[39m, [32m'3.37'[39m, [32m'0.01'[39m ]
data rcv RT:[ [32m'0.00'[39m, [32m'4.35'[39m, [32m'3.40'[39m, [32m'0.02'[39m ]
data rcv RT:[ [32m'0.00'[39m, [32m'4.36'[39m, [32m'3.42'[39m, [32m'0.00'[39m ]
data rcv RT:[ [32m'0.00'[39m, [32m'4.32'[39m, [32m'3.42'[39m, [32m'0.00'[39m ]
data rcv RT:[ [32m'0.00'[39m, [32m'4.34'[39m, [32m'3.44'[39m, [32m'0.00'[39m ]
data rcv RT:[ [32m'0.00'[39m, [32m'4.36'[39m, [32m'3.41'[39m, [32m'0.00'[39m ]
data rcv RT:[ [32m'0.00'[39m, [32m'4.33'[39m, [32m'3.42'[39m, [32m'0.00'[39m ]
data rcv RT:[ [32m'0.00'[39m, [32m'4.29'[39m, [32m'3.43'[39m, [32m'0.00'[39m ]
data rcv RT:[ [32m'0.00'[39m, [32m'4.28'[39m, [32m'3.42'[39m, [32m'0.00'[39m ]
data rcv RT:[ [32m'0.00'[39m, [32m'4.31'[39m, [32m'3.44'[39m, [32m'0.00'[39m ]
data rcv RT:[ [32m'0.00'[39m, [32m'4.27'[39m, [32m'3.37'[39m, [32m'0.00'[39m ]
data rcv RT:[ [32m'0.00'[39m, [32m'4.28'[39m, [32m'3.38'[39m, [32m'0.00'[39m ]
data rcv RT:[ [32m'0.00'[39m, [32m'4.29'[39m, [32m'3.37'[39m, [32m'0.01'[39m ]
data rcv RT:[ [32m'0.00'[39m, [32m'4.31'[39m, [32m'3.40'[39m, [32m'0.02'[39m ]
data rcv RT:[ [32m'0.00'[39m, [32m'4.34'[39m, [32m'3.38'[39m, [32m'0.02'[39m ]
data rcv RT:[ [32m'0.00'[39m, [32m'4.33'[39m, [32m'3.35'[39m, [32m'0.05'[39m ]
data rcv RT:[ [32m'0.00'[39m, [32m'4.36'[39m, [32m'3.36'[39m, [32m'0.04'[39m ]
data rcv RT:[ [32m'0.00'[39m, [32m'4.37'[39m, [32m'3.41'[39m, [32m'0.03'[39m ]
data rcv RT:[ [32m'0.00'[39m, [32m'4.39'[39m, [32m'3.41'[39m, [32m'0.00'[39m ]
data rcv RT:[ [32m'0.00'[39m, [32m'4.36'[39m, [32m'3.44'[39m, [32m'0.00'[39m ]
data rcv RT:[ [32m'0.00'[39m, [32m'4.31'[39m, [32m'3.44'[39m, [32m'0.00'[39m ]
data rcv RT:[ [32m'0.00'[39m, [32m'4.31'[39m, [32m'3.44'[39m, [32m'0.00'[39m ]
data rcv RT:[ [32m'0.00'[39m, [32m'4.29'[39m, [32m'3.43'[39m, [32m'0.00'[39m ]
data rcv RT:[ [32m'0.00'[39m, [32m'4.27'[39m, [32m'3.42'[39m, [32m'0.00'[39m ]
data rcv RT:[ [32m'0.00'[39m, [32m'4.25'[39m, [32m'3.37'[39m, [32m'0.00'[39m ]
data rcv RT:[ [32m'0.00'[39m, [32m'4.28'[39m, [32m'3.38'[39m, [32m'0.00'[39m ]
data rcv RT:[ [32m'0.00'[39m, [32m'4.31'[39m, [32m'3.39'[39m, [32m'0.01'[39m ]
data rcv RT:[ [32m'0.00'[39m, [32m'4.33'[39m, [32m'3.38'[39m, [32m'0.00'[39m ]
data rcv RT:[ [32m'0.00'[39m, [32m'4.33'[39m, [32m'3.39'[39m, [32m'0.01'[39m ]
data rcv RT:[ [32m'0.00'[39m, [32m'4.36'[39m, [32m'3.37'[39m, [32m'0.02'[39m ]
data rcv RT:[ [32m'0.00'[39m, [32m'4.38'[39m, [32m'3.41'[39m, [32m'0.01'[39m ]
data rcv RT:[ [32m'0.00'[39m, [32m'4.35'[39m, [32m'3.45'[39m, [32m'0.00'[39m ]
data rcv RT:[ [32m'0.00'[39m, [32m'4.35'[39m, [32m'3.43'[39m, [32m'0.00'[39m ]
data rcv RT:[ [32m'0.00'[39m, [32m'4.34'[39m, [32m'3.42'[39m, [32m'0.00'[39m ]
data rcv RT:[ [32m'0.00'[39m, [32m'4.32'[39m, [32m'3.43'[39m, [32m'0.00'[39m ]
data rcv RT:[ [32m'0.00'[39m, [32m'4.29'[39m, [32m'3.44'[39m, [32m'0.00'[39m ]
data rcv RT:[ [32m'0.00'[39m, [32m'4.31'[39m, [32m'3.44'[39m, [32m'0.00'[39m ]
data rcv RT:[ [32m'0.00'[39m, [32m'4.31'[39m, [32m'3.44'[39m, [32m'0.00'[39m ]
data rcv RT:[ [32m'0.00'[39m, [32m'4.29'[39m, [32m'3.40'[39m, [32m'0.00'[39m ]
data rcv RT:[ [32m'0.00'[39m, [32m'4.27'[39m, [32m'3.40'[39m, [32m'0.00'[39m ]
data rcv RT:[ [32m'0.00'[39m, [32m'4.26'[39m, [32m'3.38'[39m, [32m'0.00'[39m ]
data rcv RT:[ [32m'0.00'[39m, [32m'4.28'[39m, [32m'3.38'[39m, [32m'0.00'[39m ]
data rcv RT:[ [32m'0.00'[39m, [32m'4.28'[39m, [32m'3.38'[39m, [32m'0.00'[39m ]
data rcv RT:[ [32m'0.00'[39m, [32m'4.29'[39m, [32m'3.39'[39m, [32m'0.01'[39m ]
data rcv RT:[ [32m'0.00'[39m, [32m'4.31'[39m, [32m'3.38'[39m, [32m'0.02'[39m ]
data rcv RT:[ [32m'0.00'[39m, [32m'4.38'[39m, [32m'3.37'[39m, [32m'0.04'[39m ]
data rcv RT:[ [32m'0.00'[39m, [32m'4.33'[39m, [32m'3.37'[39m, [32m'0.01'[39m ]
data rcv RT:[ [32m'0.00'[39m, [32m'4.37'[39m, [32m'3.39'[39m, [32m'0.03'[39m ]
data rcv RT:[ [32m'0.00'[39m, [32m'4.36'[39m, [32m'3.42'[39m, [32m'0.00'[39m ]
data rcv RT:[ [32m'0.00'[39m, [32m'4.32'[39m, [32m'3.41'[39m, [32m'0.00'[39m ]
data rcv RT:[ [32m'0.00'[39m, [32m'4.28'[39m, [32m'3.46'[39m, [32m'0.00'[39m ]
data rcv RT:[ [32m'0.00'[39m, [32m'4.28'[39m, [32m'3.44'[39m, [32m'0.00'[39m ]
data rcv RT:[ [32m'0.00'[39m, [32m'4.28'[39m, [32m'3.42'[39m, [32m'0.00'[39m ]
data rcv RT:[ [32m'0.00'[39m, [32m'4.26'[39m, [32m'3.40'[39m, [32m'0.00'[39m ]
data rcv RT:[ [32m'0.00'[39m, [32m'4.27'[39m, [32m'3.44'[39m, [32m'0.00'[39m ]
data rcv RT:[ [32m'0.00'[39m, [32m'4.27'[39m, [32m'3.39'[39m, [32m'0.00'[39m ]
data rcv RT:[ [32m'0.00'[39m, [32m'4.27'[39m, [32m'3.39'[39m, [32m'0.00'[39m ]
data rcv RT:[ [32m'0.00'[39m, [32m'4.32'[39m, [32m'3.36'[39m, [32m'0.00'[39m ]
data rcv RT:[ [32m'0.00'[39m, [32m'4.31'[39m, [32m'3.39'[39m, [32m'0.01'[39m ]
data rcv RT:[ [32m'0.00'[39m, [32m'4.34'[39m, [32m'3.36'[39m, [32m'0.03'[39m ]
data rcv RT:[ [32m'0.00'[39m, [32m'4.34'[39m, [32m'3.36'[39m, [32m'0.03'[39m ]
data rcv RT:[ [32m'0.00'[39m, [32m'4.37'[39m, [32m'3.40'[39m, [32m'0.02'[39m ]
data rcv RT:[ [32m'0.00'[39m, [32m'4.36'[39m, [32m'3.39'[39m, [32m'0.02'[39m ]
data rcv RT:[ [32m'0.00'[39m, [32m'4.37'[39m, [32m'3.43'[39m, [32m'0.00'[39m ]
data rcv RT:[ [32m'0.00'[39m, [32m'4.34'[39m, [32m'3.43'[39m, [32m'0.00'[39m ]
data rcv RT:[ [32m'0.00'[39m, [32m'4.32'[39m, [32m'3.42'[39m, [32m'0.00'[39m ]
data rcv RT:[ [32m'0.00'[39m, [32m'4.30'[39m, [32m'3.44'[39m, [32m'0.00'[39m ]
data rcv RT:[ [32m'0.00'[39m, [32m'4.32'[39m, [32m'3.43'[39m, [32m'0.00'[39m ]
data rcv RT:[ [32m'0.00'[39m, [32m'4.31'[39m, [32m'3.43'[39m, [32m'0.00'[39m ]
data rcv RT:[ [32m'0.00'[39m, [32m'4.30'[39m, [32m'3.44'[39m, [32m'0.00'[39m ]
data rcv RT:[ [32m'0.00'[39m, [32m'4.26'[39m, [32m'3.41'[39m, [32m'0.00'[39m ]
data rcv RT:[ [32m'0.00'[39m, [32m'4.27'[39m, [32m'3.39'[39m, [32m'0.00'[39m ]
data rcv RT:[ [32m'0.00'[39m, [32m'4.32'[39m, [32m'3.39'[39m, [32m'0.01'[39m ]
data rcv RT:[ [32m'0.00'[39m, [32m'4.32'[39m, [32m'3.38'[39m, [32m'0.00'[39m ]
data rcv RT:[ [32m'0.00'[39m, [32m'4.32'[39m, [32m'3.38'[39m, [32m'0.02'[39m ]
data rcv RT:[ [32m'0.00'[39m, [32m'4.35'[39m, [32m'3.36'[39m, [32m'0.03'[39m ]
data rcv RT:[ [32m'0.00'[39m, [32m'4.34'[39m, [32m'3.39'[39m, [32m'0.00'[39m ]
data rcv RT:[ [32m'0.00'[39m, [32m'4.36'[39m, [32m'3.43'[39m, [32m'0.00'[39m ]
data rcv RT:[ [32m'0.00'[39m, [32m'4.34'[39m, [32m'3.41'[39m, [32m'0.00'[39m ]
client Front End connected
Socket {
  nsp: 
   Namespace {
     name: [32m'/'[39m,
     server: 
      Server {
        nsps: [36m[Object][39m,
        _path: [32m'/socket.io'[39m,
        _serveClient: [33mtrue[39m,
        _adapter: [36m[Function: Adapter][39m,
        _origins: [32m'*:*'[39m,
        sockets: [36m[Circular][39m,
        eio: [36m[Object][39m,
        httpServer: [36m[Object][39m,
        engine: [36m[Object][39m },
     sockets: { [32m'/#ILGoVUersJCLQnuKAAAU'[39m: [36m[Circular][39m },
     connected: { [32m'/#ILGoVUersJCLQnuKAAAU'[39m: [36m[Circular][39m },
     fns: [],
     ids: [33m0[39m,
     adapter: 
      Adapter {
        nsp: [36m[Circular][39m,
        rooms: [36m[Object][39m,
        sids: [36m[Object][39m,
        encoder: Encoder {} },
     _events: { connection: [36m[Function][39m },
     _eventsCount: [33m1[39m },
  server: 
   Server {
     nsps: { [32m'/'[39m: [36m[Object][39m },
     _path: [32m'/socket.io'[39m,
     _serveClient: [33mtrue[39m,
     _adapter: [36m[Function: Adapter][39m,
     _origins: [32m'*:*'[39m,
     sockets: 
      Namespace {
        name: [32m'/'[39m,
        server: [36m[Circular][39m,
        sockets: [36m[Object][39m,
        connected: [36m[Object][39m,
        fns: [],
        ids: [33m0[39m,
        adapter: [36m[Object][39m,
        _events: [36m[Object][39m,
        _eventsCount: [33m1[39m },
     eio: 
      Server {
        clients: [36m[Object][39m,
        clientsCount: [33m1[39m,
        pingTimeout: [33m60000[39m,
        pingInterval: [33m25000[39m,
        upgradeTimeout: [33m10000[39m,
        maxHttpBufferSize: [33m100000000[39m,
        transports: [36m[Object][39m,
        allowUpgrades: [33mtrue[39m,
        allowRequest: [36m[Function: bound ][39m,
        cookie: [32m'io'[39m,
        cookiePath: [33mfalse[39m,
        perMessageDeflate: [36m[Object][39m,
        httpCompression: [36m[Object][39m,
        ws: [36m[Object][39m,
        _events: [36m[Object][39m,
        _eventsCount: [33m1[39m },
     httpServer: 
      Server {
        domain: [1mnull[22m,
        _events: [36m[Object][39m,
        _eventsCount: [33m4[39m,
        _maxListeners: [90mundefined[39m,
        _connections: [33m4[39m,
        _handle: [36m[Object][39m,
        _usingSlaves: [33mfalse[39m,
        _slaves: [],
        _unref: [33mfalse[39m,
        allowHalfOpen: [33mtrue[39m,
        pauseOnConnect: [33mfalse[39m,
        httpAllowHalfOpen: [33mfalse[39m,
        timeout: [33m120000[39m,
        _pendingResponseData: [33m0[39m,
        _connectionKey: [32m'6::::3000'[39m },
     engine: 
      Server {
        clients: [36m[Object][39m,
        clientsCount: [33m1[39m,
        pingTimeout: [33m60000[39m,
        pingInterval: [33m25000[39m,
        upgradeTimeout: [33m10000[39m,
        maxHttpBufferSize: [33m100000000[39m,
        transports: [36m[Object][39m,
        allowUpgrades: [33mtrue[39m,
        allowRequest: [36m[Function: bound ][39m,
        cookie: [32m'io'[39m,
        cookiePath: [33mfalse[39m,
        perMessageDeflate: [36m[Object][39m,
        httpCompression: [36m[Object][39m,
        ws: [36m[Object][39m,
        _events: [36m[Object][39m,
        _eventsCount: [33m1[39m } },
  adapter: 
   Adapter {
     nsp: 
      Namespace {
        name: [32m'/'[39m,
        server: [36m[Object][39m,
        sockets: [36m[Object][39m,
        connected: [36m[Object][39m,
        fns: [],
        ids: [33m0[39m,
        adapter: [36m[Circular][39m,
        _events: [36m[Object][39m,
        _eventsCount: [33m1[39m },
     rooms: { [32m'/#ILGoVUersJCLQnuKAAAU'[39m: [36m[Object][39m },
     sids: { [32m'/#ILGoVUersJCLQnuKAAAU'[39m: [36m[Object][39m },
     encoder: Encoder {} },
  id: [32m'/#ILGoVUersJCLQnuKAAAU'[39m,
  client: 
   Client {
     server: 
      Server {
        nsps: [36m[Object][39m,
        _path: [32m'/socket.io'[39m,
        _serveClient: [33mtrue[39m,
        _adapter: [36m[Function: Adapter][39m,
        _origins: [32m'*:*'[39m,
        sockets: [36m[Object][39m,
        eio: [36m[Object][39m,
        httpServer: [36m[Object][39m,
        engine: [36m[Object][39m },
     conn: 
      Socket {
        id: [32m'ILGoVUersJCLQnuKAAAU'[39m,
        server: [36m[Object][39m,
        upgrading: [33mfalse[39m,
        upgraded: [33mfalse[39m,
        readyState: [32m'open'[39m,
        writeBuffer: [36m[Object][39m,
        packetsFn: [36m[Object][39m,
        sentCallbackFn: [],
        cleanupFn: [36m[Object][39m,
        request: [36m[Object][39m,
        remoteAddress: [32m'::ffff:10.210.30.41'[39m,
        checkIntervalTimer: [1mnull[22m,
        upgradeTimeoutTimer: [1mnull[22m,
        pingTimeoutTimer: [36m[Object][39m,
        transport: [36m[Object][39m,
        _events: [36m[Object][39m,
        _eventsCount: [33m3[39m },
     encoder: Encoder {},
     decoder: Decoder { reconstructor: [1mnull[22m, _callbacks: [36m[Object][39m },
     id: [32m'ILGoVUersJCLQnuKAAAU'[39m,
     request: 
      IncomingMessage {
        _readableState: [36m[Object][39m,
        readable: [33mtrue[39m,
        domain: [1mnull[22m,
        _events: {},
        _eventsCount: [33m0[39m,
        _maxListeners: [90mundefined[39m,
        socket: [36m[Object][39m,
        connection: [36m[Object][39m,
        httpVersionMajor: [33m1[39m,
        httpVersionMinor: [33m1[39m,
        httpVersion: [32m'1.1'[39m,
        complete: [33mtrue[39m,
        headers: [36m[Object][39m,
        rawHeaders: [36m[Object][39m,
        trailers: {},
        rawTrailers: [],
        upgrade: [33mfalse[39m,
        url: [32m'/socket.io/?EIO=3&transport=polling&t=LTmFj6K'[39m,
        method: [32m'GET'[39m,
        statusCode: [1mnull[22m,
        statusMessage: [1mnull[22m,
        client: [36m[Object][39m,
        _consuming: [33mfalse[39m,
        _dumped: [33mtrue[39m,
        _query: [36m[Object][39m,
        res: [36m[Object][39m,
        cleanup: [36m[Function: cleanup][39m },
     onclose: [36m[Function: bound ][39m,
     ondata: [36m[Function: bound ][39m,
     onerror: [36m[Function: bound ][39m,
     ondecoded: [36m[Function: bound ][39m,
     sockets: { [32m'/#ILGoVUersJCLQnuKAAAU'[39m: [36m[Circular][39m },
     nsps: { [32m'/'[39m: [36m[Circular][39m },
     connectBuffer: [] },
  conn: 
   Socket {
     id: [32m'ILGoVUersJCLQnuKAAAU'[39m,
     server: 
      Server {
        clients: [36m[Object][39m,
        clientsCount: [33m1[39m,
        pingTimeout: [33m60000[39m,
        pingInterval: [33m25000[39m,
        upgradeTimeout: [33m10000[39m,
        maxHttpBufferSize: [33m100000000[39m,
        transports: [36m[Object][39m,
        allowUpgrades: [33mtrue[39m,
        allowRequest: [36m[Function: bound ][39m,
        cookie: [32m'io'[39m,
        cookiePath: [33mfalse[39m,
        perMessageDeflate: [36m[Object][39m,
        httpCompression: [36m[Object][39m,
        ws: [36m[Object][39m,
        _events: [36m[Object][39m,
        _eventsCount: [33m1[39m },
     upgrading: [33mfalse[39m,
     upgraded: [33mfalse[39m,
     readyState: [32m'open'[39m,
     writeBuffer: [ [36m[Object][39m ],
     packetsFn: [ [90mundefined[39m ],
     sentCallbackFn: [],
     cleanupFn: [ [36m[Function][39m, [36m[Function][39m ],
     request: 
      IncomingMessage {
        _readableState: [36m[Object][39m,
        readable: [33mtrue[39m,
        domain: [1mnull[22m,
        _events: {},
        _eventsCount: [33m0[39m,
        _maxListeners: [90mundefined[39m,
        socket: [36m[Object][39m,
        connection: [36m[Object][39m,
        httpVersionMajor: [33m1[39m,
        httpVersionMinor: [33m1[39m,
        httpVersion: [32m'1.1'[39m,
        complete: [33mtrue[39m,
        headers: [36m[Object][39m,
        rawHeaders: [36m[Object][39m,
        trailers: {},
        rawTrailers: [],
        upgrade: [33mfalse[39m,
        url: [32m'/socket.io/?EIO=3&transport=polling&t=LTmFj6K'[39m,
        method: [32m'GET'[39m,
        statusCode: [1mnull[22m,
        statusMessage: [1mnull[22m,
        client: [36m[Object][39m,
        _consuming: [33mfalse[39m,
        _dumped: [33mtrue[39m,
        _query: [36m[Object][39m,
        res: [36m[Object][39m,
        cleanup: [36m[Function: cleanup][39m },
     remoteAddress: [32m'::ffff:10.210.30.41'[39m,
     checkIntervalTimer: [1mnull[22m,
     upgradeTimeoutTimer: [1mnull[22m,
     pingTimeoutTimer: 
      Timeout {
        _called: [33mfalse[39m,
        _idleTimeout: [33m85000[39m,
        _idlePrev: [36m[Object][39m,
        _idleNext: [36m[Object][39m,
        _idleStart: [33m19585870[39m,
        _onTimeout: [36m[Function][39m,
        _repeat: [1mnull[22m },
     transport: 
      XHR {
        readyState: [32m'open'[39m,
        discarded: [33mfalse[39m,
        closeTimeout: [33m30000[39m,
        maxHttpBufferSize: [33m100000000[39m,
        httpCompression: [36m[Object][39m,
        supportsBinary: [33mtrue[39m,
        _events: [36m[Object][39m,
        _eventsCount: [33m5[39m,
        sid: [32m'ILGoVUersJCLQnuKAAAU'[39m,
        req: [1mnull[22m,
        res: [1mnull[22m,
        writable: [33mfalse[39m },
     _events: 
      { close: [36m[Object][39m,
        data: [36m[Function: bound ][39m,
        error: [36m[Function: bound ][39m },
     _eventsCount: [33m3[39m },
  rooms: {},
  acks: {},
  connected: [33mtrue[39m,
  disconnected: [33mfalse[39m,
  handshake: 
   { headers: 
      { host: [32m'10.210.30.148:3000'[39m,
        connection: [32m'keep-alive'[39m,
        [32m'cache-control'[39m: [32m'max-age=0'[39m,
        [32m'user-agent'[39m: [32m'Mozilla/5.0 (Windows NT 5.1) AppleWebKit/537.36 (KHTML, like Gecko) Chrome/49.0.2623.112 Safari/537.36'[39m,
        origin: [32m'http://10.210.30.148'[39m,
        accept: [32m'*/*'[39m,
        referer: [32m'http://10.210.30.148/sku/'[39m,
        [32m'accept-encoding'[39m: [32m'gzip, deflate, sdch'[39m,
        [32m'accept-language'[39m: [32m'ru-RU,ru;q=0.8,en-US;q=0.6,en;q=0.4'[39m,
        cookie: [32m'io=GbFdU3ACrmHOqtblAAAT'[39m },
     time: [32m'Wed Sep 28 2016 14:01:38 GMT+0400 (SAMT)'[39m,
     address: [32m'::ffff:10.210.30.41'[39m,
     xdomain: [33mtrue[39m,
     secure: [33mfalse[39m,
     issued: [33m1475056898086[39m,
     url: [32m'/socket.io/?EIO=3&transport=polling&t=LTmFj6K'[39m,
     query: { EIO: [32m'3'[39m, transport: [32m'polling'[39m, t: [32m'LTmFj6K'[39m } } }
data rcv RT:[ [32m'0.00'[39m, [32m'4.34'[39m, [32m'3.43'[39m, [32m'0.00'[39m ]
data rcv RT:[ [32m'0.00'[39m, [32m'4.31'[39m, [32m'3.43'[39m, [32m'0.00'[39m ]
data rcv RT:[ [32m'0.00'[39m, [32m'4.31'[39m, [32m'3.43'[39m, [32m'0.00'[39m ]
data rcv RT:[ [32m'0.00'[39m, [32m'4.31'[39m, [32m'3.44'[39m, [32m'0.00'[39m ]
data rcv RT:[ [32m'0.00'[39m, [32m'4.31'[39m, [32m'3.42'[39m, [32m'0.00'[39m ]
data rcv RT:[ [32m'0.00'[39m, [32m'4.30'[39m, [32m'3.42'[39m, [32m'0.00'[39m ]
data rcv RT:[ [32m'0.00'[39m, [32m'4.27'[39m, [32m'3.40'[39m, [32m'0.00'[39m ]
data rcv RT:[ [32m'0.00'[39m, [32m'4.26'[39m, [32m'3.40'[39m, [32m'0.00'[39m ]
data rcv RT:[ [32m'0.00'[39m, [32m'4.26'[39m, [32m'3.40'[39m, [32m'0.00'[39m ]
data rcv RT:[ [32m'0.00'[39m, [32m'4.31'[39m, [32m'3.40'[39m, [32m'0.01'[39m ]
data rcv RT:[ [32m'0.00'[39m, [32m'4.32'[39m, [32m'3.40'[39m, [32m'0.00'[39m ]
data rcv RT:[ [32m'0.00'[39m, [32m'4.35'[39m, [32m'3.35'[39m, [32m'0.06'[39m ]
data rcv RT:[ [32m'0.00'[39m, [32m'4.35'[39m, [32m'3.37'[39m, [32m'0.02'[39m ]
data rcv RT:[ [32m'0.00'[39m, [32m'4.38'[39m, [32m'3.40'[39m, [32m'0.01'[39m ]
data rcv RT:[ [32m'0.00'[39m, [32m'4.37'[39m, [32m'3.39'[39m, [32m'0.01'[39m ]
data rcv RT:[ [32m'0.00'[39m, [32m'4.36'[39m, [32m'3.42'[39m, [32m'0.00'[39m ]
data rcv RT:[ [32m'0.00'[39m, [32m'4.33'[39m, [32m'3.43'[39m, [32m'0.00'[39m ]
data rcv RT:[ [32m'0.00'[39m, [32m'4.34'[39m, [32m'3.42'[39m, [32m'0.00'[39m ]
data rcv RT:[ [32m'0.00'[39m, [32m'4.32'[39m, [32m'3.44'[39m, [32m'0.00'[39m ]
data rcv RT:[ [32m'0.00'[39m, [32m'4.29'[39m, [32m'3.42'[39m, [32m'0.00'[39m ]
data rcv RT:[ [32m'0.00'[39m, [32m'4.30'[39m, [32m'3.42'[39m, [32m'0.00'[39m ]
data rcv RT:[ [32m'0.00'[39m, [32m'4.30'[39m, [32m'3.41'[39m, [32m'0.00'[39m ]
data rcv RT:[ [32m'0.00'[39m, [32m'4.28'[39m, [32m'3.40'[39m, [32m'0.00'[39m ]
data rcv RT:[ [32m'0.00'[39m, [32m'4.25'[39m, [32m'3.39'[39m, [32m'0.00'[39m ]
data rcv RT:[ [32m'0.00'[39m, [32m'4.29'[39m, [32m'3.38'[39m, [32m'0.00'[39m ]
data rcv RT:[ [32m'0.00'[39m, [32m'4.32'[39m, [32m'3.39'[39m, [32m'0.01'[39m ]
data rcv RT:[ [32m'0.00'[39m, [32m'4.37'[39m, [32m'3.38'[39m, [32m'0.05'[39m ]
data rcv RT:[ [32m'0.00'[39m, [32m'4.35'[39m, [32m'3.36'[39m, [32m'0.03'[39m ]
data rcv RT:[ [32m'0.00'[39m, [32m'4.37'[39m, [32m'3.40'[39m, [32m'0.00'[39m ]
data rcv RT:[ [32m'0.00'[39m, [32m'4.37'[39m, [32m'3.37'[39m, [32m'0.04'[39m ]
data rcv RT:[ [32m'0.00'[39m, [32m'4.37'[39m, [32m'3.39'[39m, [32m'0.01'[39m ]
data rcv RT:[ [32m'0.00'[39m, [32m'4.36'[39m, [32m'3.42'[39m, [32m'0.00'[39m ]
data rcv RT:[ [32m'0.00'[39m, [32m'4.35'[39m, [32m'3.44'[39m, [32m'0.00'[39m ]
data rcv RT:[ [32m'0.00'[39m, [32m'4.32'[39m, [32m'3.44'[39m, [32m'0.00'[39m ]
data rcv RT:[ [32m'0.00'[39m, [32m'4.31'[39m, [32m'3.42'[39m, [32m'0.00'[39m ]
data rcv RT:[ [32m'0.00'[39m, [32m'4.30'[39m, [32m'3.41'[39m, [32m'0.00'[39m ]
data rcv RT:[ [32m'0.00'[39m, [32m'4.32'[39m, [32m'3.43'[39m, [32m'0.00'[39m ]
data rcv RT:[ [32m'0.00'[39m, [32m'4.29'[39m, [32m'3.43'[39m, [32m'0.00'[39m ]
data rcv RT:[ [32m'0.00'[39m, [32m'4.28'[39m, [32m'3.43'[39m, [32m'0.00'[39m ]
data rcv RT:[ [32m'0.00'[39m, [32m'4.27'[39m, [32m'3.39'[39m, [32m'0.00'[39m ]
client Front End connected
Socket {
  nsp: 
   Namespace {
     name: [32m'/'[39m,
     server: 
      Server {
        nsps: [36m[Object][39m,
        _path: [32m'/socket.io'[39m,
        _serveClient: [33mtrue[39m,
        _adapter: [36m[Function: Adapter][39m,
        _origins: [32m'*:*'[39m,
        sockets: [36m[Circular][39m,
        eio: [36m[Object][39m,
        httpServer: [36m[Object][39m,
        engine: [36m[Object][39m },
     sockets: { [32m'/#xOOcV2SkghZTKrG5AAAV'[39m: [36m[Circular][39m },
     connected: { [32m'/#xOOcV2SkghZTKrG5AAAV'[39m: [36m[Circular][39m },
     fns: [],
     ids: [33m0[39m,
     adapter: 
      Adapter {
        nsp: [36m[Circular][39m,
        rooms: [36m[Object][39m,
        sids: [36m[Object][39m,
        encoder: Encoder {} },
     _events: { connection: [36m[Function][39m },
     _eventsCount: [33m1[39m },
  server: 
   Server {
     nsps: { [32m'/'[39m: [36m[Object][39m },
     _path: [32m'/socket.io'[39m,
     _serveClient: [33mtrue[39m,
     _adapter: [36m[Function: Adapter][39m,
     _origins: [32m'*:*'[39m,
     sockets: 
      Namespace {
        name: [32m'/'[39m,
        server: [36m[Circular][39m,
        sockets: [36m[Object][39m,
        connected: [36m[Object][39m,
        fns: [],
        ids: [33m0[39m,
        adapter: [36m[Object][39m,
        _events: [36m[Object][39m,
        _eventsCount: [33m1[39m },
     eio: 
      Server {
        clients: [36m[Object][39m,
        clientsCount: [33m1[39m,
        pingTimeout: [33m60000[39m,
        pingInterval: [33m25000[39m,
        upgradeTimeout: [33m10000[39m,
        maxHttpBufferSize: [33m100000000[39m,
        transports: [36m[Object][39m,
        allowUpgrades: [33mtrue[39m,
        allowRequest: [36m[Function: bound ][39m,
        cookie: [32m'io'[39m,
        cookiePath: [33mfalse[39m,
        perMessageDeflate: [36m[Object][39m,
        httpCompression: [36m[Object][39m,
        ws: [36m[Object][39m,
        _events: [36m[Object][39m,
        _eventsCount: [33m1[39m },
     httpServer: 
      Server {
        domain: [1mnull[22m,
        _events: [36m[Object][39m,
        _eventsCount: [33m4[39m,
        _maxListeners: [90mundefined[39m,
        _connections: [33m4[39m,
        _handle: [36m[Object][39m,
        _usingSlaves: [33mfalse[39m,
        _slaves: [],
        _unref: [33mfalse[39m,
        allowHalfOpen: [33mtrue[39m,
        pauseOnConnect: [33mfalse[39m,
        httpAllowHalfOpen: [33mfalse[39m,
        timeout: [33m120000[39m,
        _pendingResponseData: [33m0[39m,
        _connectionKey: [32m'6::::3000'[39m },
     engine: 
      Server {
        clients: [36m[Object][39m,
        clientsCount: [33m1[39m,
        pingTimeout: [33m60000[39m,
        pingInterval: [33m25000[39m,
        upgradeTimeout: [33m10000[39m,
        maxHttpBufferSize: [33m100000000[39m,
        transports: [36m[Object][39m,
        allowUpgrades: [33mtrue[39m,
        allowRequest: [36m[Function: bound ][39m,
        cookie: [32m'io'[39m,
        cookiePath: [33mfalse[39m,
        perMessageDeflate: [36m[Object][39m,
        httpCompression: [36m[Object][39m,
        ws: [36m[Object][39m,
        _events: [36m[Object][39m,
        _eventsCount: [33m1[39m } },
  adapter: 
   Adapter {
     nsp: 
      Namespace {
        name: [32m'/'[39m,
        server: [36m[Object][39m,
        sockets: [36m[Object][39m,
        connected: [36m[Object][39m,
        fns: [],
        ids: [33m0[39m,
        adapter: [36m[Circular][39m,
        _events: [36m[Object][39m,
        _eventsCount: [33m1[39m },
     rooms: { [32m'/#xOOcV2SkghZTKrG5AAAV'[39m: [36m[Object][39m },
     sids: { [32m'/#xOOcV2SkghZTKrG5AAAV'[39m: [36m[Object][39m },
     encoder: Encoder {} },
  id: [32m'/#xOOcV2SkghZTKrG5AAAV'[39m,
  client: 
   Client {
     server: 
      Server {
        nsps: [36m[Object][39m,
        _path: [32m'/socket.io'[39m,
        _serveClient: [33mtrue[39m,
        _adapter: [36m[Function: Adapter][39m,
        _origins: [32m'*:*'[39m,
        sockets: [36m[Object][39m,
        eio: [36m[Object][39m,
        httpServer: [36m[Object][39m,
        engine: [36m[Object][39m },
     conn: 
      Socket {
        id: [32m'xOOcV2SkghZTKrG5AAAV'[39m,
        server: [36m[Object][39m,
        upgrading: [33mfalse[39m,
        upgraded: [33mfalse[39m,
        readyState: [32m'open'[39m,
        writeBuffer: [36m[Object][39m,
        packetsFn: [36m[Object][39m,
        sentCallbackFn: [],
        cleanupFn: [36m[Object][39m,
        request: [36m[Object][39m,
        remoteAddress: [32m'::ffff:10.210.30.41'[39m,
        checkIntervalTimer: [1mnull[22m,
        upgradeTimeoutTimer: [1mnull[22m,
        pingTimeoutTimer: [36m[Object][39m,
        transport: [36m[Object][39m,
        _events: [36m[Object][39m,
        _eventsCount: [33m3[39m },
     encoder: Encoder {},
     decoder: Decoder { reconstructor: [1mnull[22m, _callbacks: [36m[Object][39m },
     id: [32m'xOOcV2SkghZTKrG5AAAV'[39m,
     request: 
      IncomingMessage {
        _readableState: [36m[Object][39m,
        readable: [33mtrue[39m,
        domain: [1mnull[22m,
        _events: {},
        _eventsCount: [33m0[39m,
        _maxListeners: [90mundefined[39m,
        socket: [36m[Object][39m,
        connection: [36m[Object][39m,
        httpVersionMajor: [33m1[39m,
        httpVersionMinor: [33m1[39m,
        httpVersion: [32m'1.1'[39m,
        complete: [33mtrue[39m,
        headers: [36m[Object][39m,
        rawHeaders: [36m[Object][39m,
        trailers: {},
        rawTrailers: [],
        upgrade: [33mfalse[39m,
        url: [32m'/socket.io/?EIO=3&transport=polling&t=LTmFt3A'[39m,
        method: [32m'GET'[39m,
        statusCode: [1mnull[22m,
        statusMessage: [1mnull[22m,
        client: [36m[Object][39m,
        _consuming: [33mfalse[39m,
        _dumped: [33mtrue[39m,
        _query: [36m[Object][39m,
        res: [36m[Object][39m,
        cleanup: [36m[Function: cleanup][39m },
     onclose: [36m[Function: bound ][39m,
     ondata: [36m[Function: bound ][39m,
     onerror: [36m[Function: bound ][39m,
     ondecoded: [36m[Function: bound ][39m,
     sockets: { [32m'/#xOOcV2SkghZTKrG5AAAV'[39m: [36m[Circular][39m },
     nsps: { [32m'/'[39m: [36m[Circular][39m },
     connectBuffer: [] },
  conn: 
   Socket {
     id: [32m'xOOcV2SkghZTKrG5AAAV'[39m,
     server: 
      Server {
        clients: [36m[Object][39m,
        clientsCount: [33m1[39m,
        pingTimeout: [33m60000[39m,
        pingInterval: [33m25000[39m,
        upgradeTimeout: [33m10000[39m,
        maxHttpBufferSize: [33m100000000[39m,
        transports: [36m[Object][39m,
        allowUpgrades: [33mtrue[39m,
        allowRequest: [36m[Function: bound ][39m,
        cookie: [32m'io'[39m,
        cookiePath: [33mfalse[39m,
        perMessageDeflate: [36m[Object][39m,
        httpCompression: [36m[Object][39m,
        ws: [36m[Object][39m,
        _events: [36m[Object][39m,
        _eventsCount: [33m1[39m },
     upgrading: [33mfalse[39m,
     upgraded: [33mfalse[39m,
     readyState: [32m'open'[39m,
     writeBuffer: [ [36m[Object][39m ],
     packetsFn: [ [90mundefined[39m ],
     sentCallbackFn: [],
     cleanupFn: [ [36m[Function][39m, [36m[Function][39m ],
     request: 
      IncomingMessage {
        _readableState: [36m[Object][39m,
        readable: [33mtrue[39m,
        domain: [1mnull[22m,
        _events: {},
        _eventsCount: [33m0[39m,
        _maxListeners: [90mundefined[39m,
        socket: [36m[Object][39m,
        connection: [36m[Object][39m,
        httpVersionMajor: [33m1[39m,
        httpVersionMinor: [33m1[39m,
        httpVersion: [32m'1.1'[39m,
        complete: [33mtrue[39m,
        headers: [36m[Object][39m,
        rawHeaders: [36m[Object][39m,
        trailers: {},
        rawTrailers: [],
        upgrade: [33mfalse[39m,
        url: [32m'/socket.io/?EIO=3&transport=polling&t=LTmFt3A'[39m,
        method: [32m'GET'[39m,
        statusCode: [1mnull[22m,
        statusMessage: [1mnull[22m,
        client: [36m[Object][39m,
        _consuming: [33mfalse[39m,
        _dumped: [33mtrue[39m,
        _query: [36m[Object][39m,
        res: [36m[Object][39m,
        cleanup: [36m[Function: cleanup][39m },
     remoteAddress: [32m'::ffff:10.210.30.41'[39m,
     checkIntervalTimer: [1mnull[22m,
     upgradeTimeoutTimer: [1mnull[22m,
     pingTimeoutTimer: 
      Timeout {
        _called: [33mfalse[39m,
        _idleTimeout: [33m85000[39m,
        _idlePrev: [36m[Object][39m,
        _idleNext: [36m[Object][39m,
        _idleStart: [33m19625550[39m,
        _onTimeout: [36m[Function][39m,
        _repeat: [1mnull[22m },
     transport: 
      XHR {
        readyState: [32m'open'[39m,
        discarded: [33mfalse[39m,
        closeTimeout: [33m30000[39m,
        maxHttpBufferSize: [33m100000000[39m,
        httpCompression: [36m[Object][39m,
        supportsBinary: [33mtrue[39m,
        _events: [36m[Object][39m,
        _eventsCount: [33m5[39m,
        sid: [32m'xOOcV2SkghZTKrG5AAAV'[39m,
        req: [1mnull[22m,
        res: [1mnull[22m,
        writable: [33mfalse[39m },
     _events: 
      { close: [36m[Object][39m,
        data: [36m[Function: bound ][39m,
        error: [36m[Function: bound ][39m },
     _eventsCount: [33m3[39m },
  rooms: {},
  acks: {},
  connected: [33mtrue[39m,
  disconnected: [33mfalse[39m,
  handshake: 
   { headers: 
      { host: [32m'10.210.30.148:3000'[39m,
        connection: [32m'keep-alive'[39m,
        [32m'cache-control'[39m: [32m'max-age=0'[39m,
        [32m'user-agent'[39m: [32m'Mozilla/5.0 (Windows NT 5.1) AppleWebKit/537.36 (KHTML, like Gecko) Chrome/49.0.2623.112 Safari/537.36'[39m,
        origin: [32m'http://10.210.30.148'[39m,
        accept: [32m'*/*'[39m,
        referer: [32m'http://10.210.30.148/sku/'[39m,
        [32m'accept-encoding'[39m: [32m'gzip, deflate, sdch'[39m,
        [32m'accept-language'[39m: [32m'ru-RU,ru;q=0.8,en-US;q=0.6,en;q=0.4'[39m,
        cookie: [32m'io=ILGoVUersJCLQnuKAAAU'[39m },
     time: [32m'Wed Sep 28 2016 14:02:17 GMT+0400 (SAMT)'[39m,
     address: [32m'::ffff:10.210.30.41'[39m,
     xdomain: [33mtrue[39m,
     secure: [33mfalse[39m,
     issued: [33m1475056937766[39m,
     url: [32m'/socket.io/?EIO=3&transport=polling&t=LTmFt3A'[39m,
     query: { EIO: [32m'3'[39m, transport: [32m'polling'[39m, t: [32m'LTmFt3A'[39m } } }
data rcv RT:[ [32m'0.00'[39m, [32m'4.27'[39m, [32m'3.38'[39m, [32m'0.00'[39m ]
data rcv RT:[ [32m'0.00'[39m, [32m'4.27'[39m, [32m'3.42'[39m, [32m'0.00'[39m ]
data rcv RT:[ [32m'0.00'[39m, [32m'4.28'[39m, [32m'3.37'[39m, [32m'0.01'[39m ]
data rcv RT:[ [32m'0.00'[39m, [32m'4.30'[39m, [32m'3.38'[39m, [32m'0.01'[39m ]
data rcv RT:[ [32m'0.00'[39m, [32m'4.37'[39m, [32m'3.36'[39m, [32m'0.04'[39m ]
data rcv RT:[ [32m'0.00'[39m, [32m'4.35'[39m, [32m'3.39'[39m, [32m'0.01'[39m ]
data rcv RT:[ [32m'0.00'[39m, [32m'4.36'[39m, [32m'3.38'[39m, [32m'0.00'[39m ]
data rcv RT:[ [32m'0.00'[39m, [32m'4.40'[39m, [32m'3.40'[39m, [32m'0.00'[39m ]
data rcv RT:[ [32m'0.00'[39m, [32m'4.36'[39m, [32m'3.42'[39m, [32m'0.00'[39m ]
data rcv RT:[ [32m'0.00'[39m, [32m'4.34'[39m, [32m'3.42'[39m, [32m'0.00'[39m ]
data rcv RT:[ [32m'0.00'[39m, [32m'4.31'[39m, [32m'3.43'[39m, [32m'0.00'[39m ]
data rcv RT:[ [32m'0.00'[39m, [32m'4.29'[39m, [32m'3.43'[39m, [32m'0.00'[39m ]
data rcv RT:[ [32m'0.00'[39m, [32m'4.30'[39m, [32m'3.43'[39m, [32m'0.00'[39m ]
data rcv RT:[ [32m'0.00'[39m, [32m'4.30'[39m, [32m'3.41'[39m, [32m'0.00'[39m ]
data rcv RT:[ [32m'0.00'[39m, [32m'4.28'[39m, [32m'3.42'[39m, [32m'0.00'[39m ]
data rcv RT:[ [32m'0.00'[39m, [32m'4.28'[39m, [32m'3.40'[39m, [32m'0.00'[39m ]
data rcv RT:[ [32m'0.00'[39m, [32m'4.27'[39m, [32m'3.41'[39m, [32m'0.00'[39m ]
data rcv RT:[ [32m'0.00'[39m, [32m'4.28'[39m, [32m'3.39'[39m, [32m'0.00'[39m ]
data rcv RT:[ [32m'0.00'[39m, [32m'4.31'[39m, [32m'3.38'[39m, [32m'0.00'[39m ]
data rcv RT:[ [32m'0.00'[39m, [32m'4.32'[39m, [32m'3.37'[39m, [32m'0.01'[39m ]
data rcv RT:[ [32m'0.00'[39m, [32m'4.34'[39m, [32m'3.36'[39m, [32m'0.04'[39m ]
data rcv RT:[ [32m'0.00'[39m, [32m'4.36'[39m, [32m'3.38'[39m, [32m'0.03'[39m ]
data rcv RT:[ [32m'0.00'[39m, [32m'4.38'[39m, [32m'3.42'[39m, [32m'0.00'[39m ]
data rcv RT:[ [32m'0.00'[39m, [32m'4.37'[39m, [32m'3.41'[39m, [32m'0.00'[39m ]
data rcv RT:[ [32m'0.00'[39m, [32m'4.35'[39m, [32m'3.43'[39m, [32m'0.00'[39m ]
data rcv RT:[ [32m'0.00'[39m, [32m'4.33'[39m, [32m'3.43'[39m, [32m'0.00'[39m ]
data rcv RT:[ [32m'0.00'[39m, [32m'4.34'[39m, [32m'3.44'[39m, [32m'0.00'[39m ]
data rcv RT:[ [32m'0.00'[39m, [32m'4.33'[39m, [32m'3.42'[39m, [32m'0.00'[39m ]
data rcv RT:[ [32m'0.00'[39m, [32m'4.30'[39m, [32m'3.43'[39m, [32m'0.00'[39m ]
data rcv RT:[ [32m'0.00'[39m, [32m'4.30'[39m, [32m'3.43'[39m, [32m'0.00'[39m ]
data rcv RT:[ [32m'0.00'[39m, [32m'4.28'[39m, [32m'3.42'[39m, [32m'0.00'[39m ]
data rcv RT:[ [32m'0.00'[39m, [32m'4.28'[39m, [32m'3.40'[39m, [32m'0.00'[39m ]
data rcv RT:[ [32m'0.00'[39m, [32m'4.26'[39m, [32m'3.41'[39m, [32m'0.00'[39m ]
data rcv RT:[ [32m'0.00'[39m, [32m'4.29'[39m, [32m'3.39'[39m, [32m'0.00'[39m ]
data rcv RT:[ [32m'0.00'[39m, [32m'4.29'[39m, [32m'3.38'[39m, [32m'0.00'[39m ]
data rcv RT:[ [32m'0.00'[39m, [32m'4.32'[39m, [32m'3.38'[39m, [32m'0.01'[39m ]
data rcv RT:[ [32m'0.00'[39m, [32m'4.34'[39m, [32m'3.35'[39m, [32m'0.04'[39m ]
data rcv RT:[ [32m'0.00'[39m, [32m'4.36'[39m, [32m'3.37'[39m, [32m'0.04'[39m ]
data rcv RT:[ [32m'0.00'[39m, [32m'4.37'[39m, [32m'3.40'[39m, [32m'0.00'[39m ]
data rcv RT:[ [32m'0.00'[39m, [32m'4.36'[39m, [32m'3.42'[39m, [32m'0.00'[39m ]
data rcv RT:[ [32m'0.00'[39m, [32m'4.35'[39m, [32m'3.42'[39m, [32m'0.00'[39m ]
data rcv RT:[ [32m'0.00'[39m, [32m'4.35'[39m, [32m'3.43'[39m, [32m'0.00'[39m ]
data rcv RT:[ [32m'0.00'[39m, [32m'4.33'[39m, [32m'3.41'[39m, [32m'0.00'[39m ]
data rcv RT:[ [32m'0.00'[39m, [32m'4.34'[39m, [32m'3.41'[39m, [32m'0.00'[39m ]
data rcv RT:[ [32m'0.00'[39m, [32m'4.29'[39m, [32m'3.44'[39m, [32m'0.00'[39m ]
data rcv RT:[ [32m'0.00'[39m, [32m'4.29'[39m, [32m'3.43'[39m, [32m'0.00'[39m ]
data rcv RT:[ [32m'0.00'[39m, [32m'4.28'[39m, [32m'3.41'[39m, [32m'0.00'[39m ]
data rcv RT:[ [32m'0.00'[39m, [32m'4.27'[39m, [32m'3.43'[39m, [32m'0.00'[39m ]
data rcv RT:[ [32m'0.00'[39m, [32m'4.25'[39m, [32m'3.38'[39m, [32m'0.00'[39m ]
data rcv RT:[ [32m'0.00'[39m, [32m'4.29'[39m, [32m'3.38'[39m, [32m'0.00'[39m ]
data rcv RT:[ [32m'0.00'[39m, [32m'4.29'[39m, [32m'3.37'[39m, [32m'0.00'[39m ]
data rcv RT:[ [32m'0.00'[39m, [32m'4.33'[39m, [32m'3.37'[39m, [32m'0.02'[39m ]
data rcv RT:[ [32m'0.00'[39m, [32m'4.32'[39m, [32m'3.37'[39m, [32m'0.02'[39m ]
data rcv RT:[ [32m'0.00'[39m, [32m'4.32'[39m, [32m'3.39'[39m, [32m'0.01'[39m ]
data rcv RT:[ [32m'0.00'[39m, [32m'4.35'[39m, [32m'3.34'[39m, [32m'0.05'[39m ]
data rcv RT:[ [32m'0.00'[39m, [32m'4.38'[39m, [32m'3.38'[39m, [32m'0.01'[39m ]
data rcv RT:[ [32m'0.00'[39m, [32m'4.38'[39m, [32m'3.40'[39m, [32m'0.01'[39m ]
data rcv RT:[ [32m'0.00'[39m, [32m'4.37'[39m, [32m'3.41'[39m, [32m'0.00'[39m ]
data rcv RT:[ [32m'0.00'[39m, [32m'4.33'[39m, [32m'3.43'[39m, [32m'0.00'[39m ]
data rcv RT:[ [32m'0.00'[39m, [32m'4.35'[39m, [32m'3.42'[39m, [32m'0.00'[39m ]
data rcv RT:[ [32m'0.00'[39m, [32m'4.31'[39m, [32m'3.44'[39m, [32m'0.00'[39m ]
data rcv RT:[ [32m'0.00'[39m, [32m'4.30'[39m, [32m'3.41'[39m, [32m'0.00'[39m ]
data rcv RT:[ [32m'0.00'[39m, [32m'4.30'[39m, [32m'3.40'[39m, [32m'0.00'[39m ]
data rcv RT:[ [32m'0.00'[39m, [32m'4.31'[39m, [32m'3.43'[39m, [32m'0.00'[39m ]
data rcv RT:[ [32m'0.00'[39m, [32m'4.27'[39m, [32m'3.41'[39m, [32m'0.00'[39m ]
data rcv RT:[ [32m'0.00'[39m, [32m'4.28'[39m, [32m'3.39'[39m, [32m'0.00'[39m ]
data rcv RT:[ [32m'0.00'[39m, [32m'4.27'[39m, [32m'3.38'[39m, [32m'0.00'[39m ]
data rcv RT:[ [32m'0.00'[39m, [32m'4.29'[39m, [32m'3.38'[39m, [32m'0.00'[39m ]
data rcv RT:[ [32m'0.00'[39m, [32m'4.34'[39m, [32m'3.37'[39m, [32m'0.02'[39m ]
data rcv RT:[ [32m'0.00'[39m, [32m'4.35'[39m, [32m'3.39'[39m, [32m'0.01'[39m ]
data rcv RT:[ [32m'0.00'[39m, [32m'4.34'[39m, [32m'3.35'[39m, [32m'0.04'[39m ]
data rcv RT:[ [32m'0.00'[39m, [32m'4.36'[39m, [32m'3.43'[39m, [32m'0.01'[39m ]
data rcv RT:[ [32m'0.00'[39m, [32m'4.36'[39m, [32m'3.43'[39m, [32m'0.00'[39m ]
data rcv RT:[ [32m'0.00'[39m, [32m'4.38'[39m, [32m'3.40'[39m, [32m'0.00'[39m ]
data rcv RT:[ [32m'0.00'[39m, [32m'4.37'[39m, [32m'3.43'[39m, [32m'0.00'[39m ]
data rcv RT:[ [32m'0.00'[39m, [32m'4.33'[39m, [32m'3.42'[39m, [32m'0.00'[39m ]
data rcv RT:[ [32m'0.00'[39m, [32m'4.32'[39m, [32m'3.44'[39m, [32m'0.00'[39m ]
data rcv RT:[ [32m'0.00'[39m, [32m'4.31'[39m, [32m'3.41'[39m, [32m'0.00'[39m ]
data rcv RT:[ [32m'0.00'[39m, [32m'4.31'[39m, [32m'3.45'[39m, [32m'0.00'[39m ]
data rcv RT:[ [32m'0.00'[39m, [32m'4.27'[39m, [32m'3.43'[39m, [32m'0.00'[39m ]
data rcv RT:[ [32m'0.00'[39m, [32m'4.28'[39m, [32m'3.41'[39m, [32m'0.00'[39m ]
data rcv RT:[ [32m'0.00'[39m, [32m'4.29'[39m, [32m'3.42'[39m, [32m'0.00'[39m ]
data rcv RT:[ [32m'0.00'[39m, [32m'4.26'[39m, [32m'3.38'[39m, [32m'0.00'[39m ]
data rcv RT:[ [32m'0.00'[39m, [32m'4.28'[39m, [32m'3.38'[39m, [32m'0.00'[39m ]
data rcv RT:[ [32m'0.00'[39m, [32m'4.30'[39m, [32m'3.39'[39m, [32m'0.00'[39m ]
data rcv RT:[ [32m'0.00'[39m, [32m'4.29'[39m, [32m'3.39'[39m, [32m'0.00'[39m ]
data rcv RT:[ [32m'0.00'[39m, [32m'4.33'[39m, [32m'3.38'[39m, [32m'0.04'[39m ]
data rcv RT:[ [32m'0.00'[39m, [32m'4.33'[39m, [32m'3.38'[39m, [32m'0.00'[39m ]
data rcv RT:[ [32m'0.00'[39m, [32m'4.37'[39m, [32m'3.37'[39m, [32m'0.01'[39m ]
data rcv RT:[ [32m'0.00'[39m, [32m'4.34'[39m, [32m'3.42'[39m, [32m'0.01'[39m ]
data rcv RT:[ [32m'0.00'[39m, [32m'4.34'[39m, [32m'3.42'[39m, [32m'0.00'[39m ]
data rcv RT:[ [32m'0.00'[39m, [32m'4.32'[39m, [32m'3.42'[39m, [32m'0.00'[39m ]
data rcv RT:[ [32m'0.00'[39m, [32m'4.29'[39m, [32m'3.42'[39m, [32m'0.00'[39m ]
data rcv RT:[ [32m'0.00'[39m, [32m'4.32'[39m, [32m'3.44'[39m, [32m'0.00'[39m ]
data rcv RT:[ [32m'0.00'[39m, [32m'4.30'[39m, [32m'3.42'[39m, [32m'0.00'[39m ]
data rcv RT:[ [32m'0.00'[39m, [32m'4.26'[39m, [32m'3.37'[39m, [32m'0.00'[39m ]
data rcv RT:[ [32m'0.00'[39m, [32m'4.25'[39m, [32m'3.40'[39m, [32m'0.00'[39m ]
data rcv RT:[ [32m'0.00'[39m, [32m'4.32'[39m, [32m'3.38'[39m, [32m'0.02'[39m ]
data rcv RT:[ [32m'0.00'[39m, [32m'4.32'[39m, [32m'3.38'[39m, [32m'0.00'[39m ]
data rcv RT:[ [32m'0.00'[39m, [32m'4.34'[39m, [32m'3.38'[39m, [32m'0.01'[39m ]
data rcv RT:[ [32m'0.00'[39m, [32m'4.34'[39m, [32m'3.37'[39m, [32m'0.04'[39m ]
data rcv RT:[ [32m'0.00'[39m, [32m'4.37'[39m, [32m'3.42'[39m, [32m'0.00'[39m ]
data rcv RT:[ [32m'0.00'[39m, [32m'4.37'[39m, [32m'3.42'[39m, [32m'0.00'[39m ]
data rcv RT:[ [32m'0.00'[39m, [32m'4.35'[39m, [32m'3.41'[39m, [32m'0.00'[39m ]
data rcv RT:[ [32m'0.00'[39m, [32m'4.35'[39m, [32m'3.41'[39m, [32m'0.00'[39m ]
data rcv RT:[ [32m'0.00'[39m, [32m'4.32'[39m, [32m'3.41'[39m, [32m'0.00'[39m ]
data rcv RT:[ [32m'0.00'[39m, [32m'4.29'[39m, [32m'3.44'[39m, [32m'0.00'[39m ]
data rcv RT:[ [32m'0.00'[39m, [32m'4.27'[39m, [32m'3.39'[39m, [32m'0.00'[39m ]
data rcv RT:[ [32m'0.00'[39m, [32m'4.28'[39m, [32m'3.38'[39m, [32m'0.00'[39m ]
data rcv RT:[ [32m'0.00'[39m, [32m'4.27'[39m, [32m'3.39'[39m, [32m'0.00'[39m ]
data rcv RT:[ [32m'0.00'[39m, [32m'4.31'[39m, [32m'3.37'[39m, [32m'0.00'[39m ]
data rcv RT:[ [32m'0.00'[39m, [32m'4.32'[39m, [32m'3.40'[39m, [32m'0.02'[39m ]
data rcv RT:[ [32m'0.00'[39m, [32m'4.36'[39m, [32m'3.36'[39m, [32m'0.02'[39m ]
data rcv RT:[ [32m'0.00'[39m, [32m'4.38'[39m, [32m'3.38'[39m, [32m'0.01'[39m ]
data rcv RT:[ [32m'0.00'[39m, [32m'4.36'[39m, [32m'3.39'[39m, [32m'0.00'[39m ]
data rcv RT:[ [32m'0.00'[39m, [32m'4.32'[39m, [32m'3.44'[39m, [32m'0.00'[39m ]
data rcv RT:[ [32m'0.00'[39m, [32m'4.33'[39m, [32m'3.44'[39m, [32m'0.00'[39m ]
data rcv RT:[ [32m'0.00'[39m, [32m'4.32'[39m, [32m'3.44'[39m, [32m'0.00'[39m ]
data rcv RT:[ [32m'0.00'[39m, [32m'4.30'[39m, [32m'3.42'[39m, [32m'0.00'[39m ]
data rcv RT:[ [32m'0.00'[39m, [32m'4.27'[39m, [32m'3.41'[39m, [32m'0.00'[39m ]
data rcv RT:[ [32m'0.00'[39m, [32m'4.26'[39m, [32m'3.38'[39m, [32m'0.00'[39m ]
data rcv RT:[ [32m'0.00'[39m, [32m'4.29'[39m, [32m'3.37'[39m, [32m'0.00'[39m ]
data rcv RT:[ [32m'0.00'[39m, [32m'4.30'[39m, [32m'3.37'[39m, [32m'0.00'[39m ]
data rcv RT:[ [32m'0.00'[39m, [32m'4.30'[39m, [32m'3.37'[39m, [32m'0.00'[39m ]
data rcv RT:[ [32m'0.00'[39m, [32m'4.33'[39m, [32m'3.38'[39m, [32m'0.02'[39m ]
data rcv RT:[ [32m'0.00'[39m, [32m'4.35'[39m, [32m'3.35'[39m, [32m'0.06'[39m ]
data rcv RT:[ [32m'0.00'[39m, [32m'4.35'[39m, [32m'3.38'[39m, [32m'0.02'[39m ]
data rcv RT:[ [32m'0.00'[39m, [32m'4.39'[39m, [32m'3.40'[39m, [32m'0.01'[39m ]
data rcv RT:[ [32m'0.00'[39m, [32m'4.34'[39m, [32m'3.43'[39m, [32m'0.00'[39m ]
data rcv RT:[ [32m'0.00'[39m, [32m'4.34'[39m, [32m'3.42'[39m, [32m'0.00'[39m ]
data rcv RT:[ [32m'0.00'[39m, [32m'4.32'[39m, [32m'3.42'[39m, [32m'0.00'[39m ]
data rcv RT:[ [32m'0.00'[39m, [32m'4.33'[39m, [32m'3.43'[39m, [32m'0.00'[39m ]
data rcv RT:[ [32m'0.00'[39m, [32m'4.30'[39m, [32m'3.41'[39m, [32m'0.00'[39m ]
data rcv RT:[ [32m'0.00'[39m, [32m'4.30'[39m, [32m'3.41'[39m, [32m'0.00'[39m ]
data rcv RT:[ [32m'0.00'[39m, [32m'4.29'[39m, [32m'3.41'[39m, [32m'0.00'[39m ]
data rcv RT:[ [32m'0.00'[39m, [32m'4.28'[39m, [32m'3.39'[39m, [32m'0.00'[39m ]
data rcv RT:[ [32m'0.00'[39m, [32m'4.27'[39m, [32m'3.40'[39m, [32m'0.00'[39m ]
data rcv RT:[ [32m'0.00'[39m, [32m'4.29'[39m, [32m'3.37'[39m, [32m'0.00'[39m ]
data rcv RT:[ [32m'0.00'[39m, [32m'4.32'[39m, [32m'3.39'[39m, [32m'0.01'[39m ]
data rcv RT:[ [32m'0.00'[39m, [32m'4.32'[39m, [32m'3.37'[39m, [32m'0.01'[39m ]
data rcv RT:[ [32m'0.00'[39m, [32m'4.36'[39m, [32m'3.38'[39m, [32m'0.02'[39m ]
data rcv RT:[ [32m'0.00'[39m, [32m'4.36'[39m, [32m'3.42'[39m, [32m'0.00'[39m ]
data rcv RT:[ [32m'0.00'[39m, [32m'4.35'[39m, [32m'3.41'[39m, [32m'0.00'[39m ]
data rcv RT:[ [32m'0.00'[39m, [32m'4.32'[39m, [32m'3.41'[39m, [32m'0.00'[39m ]
data rcv RT:[ [32m'0.00'[39m, [32m'4.31'[39m, [32m'3.41'[39m, [32m'0.00'[39m ]
data rcv RT:[ [32m'0.00'[39m, [32m'4.28'[39m, [32m'3.44'[39m, [32m'0.00'[39m ]
data rcv RT:[ [32m'0.00'[39m, [32m'4.24'[39m, [32m'3.47'[39m, [32m'0.00'[39m ]
data rcv RT:[ [32m'0.00'[39m, [32m'4.28'[39m, [32m'3.37'[39m, [32m'0.00'[39m ]
data rcv RT:[ [32m'0.00'[39m, [32m'4.29'[39m, [32m'3.38'[39m, [32m'0.00'[39m ]
data rcv RT:[ [32m'0.00'[39m, [32m'4.31'[39m, [32m'3.37'[39m, [32m'0.02'[39m ]
data rcv RT:[ [32m'0.00'[39m, [32m'4.33'[39m, [32m'3.38'[39m, [32m'0.00'[39m ]
data rcv RT:[ [32m'0.00'[39m, [32m'4.35'[39m, [32m'3.37'[39m, [32m'0.03'[39m ]
data rcv RT:[ [32m'0.00'[39m, [32m'4.35'[39m, [32m'3.39'[39m, [32m'0.01'[39m ]
data rcv RT:[ [32m'0.00'[39m, [32m'4.35'[39m, [32m'3.37'[39m, [32m'0.06'[39m ]
data rcv RT:[ [32m'0.00'[39m, [32m'4.38'[39m, [32m'3.39'[39m, [32m'0.01'[39m ]
data rcv RT:[ [32m'0.00'[39m, [32m'4.38'[39m, [32m'3.40'[39m, [32m'0.02'[39m ]
data rcv RT:[ [32m'0.00'[39m, [32m'4.33'[39m, [32m'3.44'[39m, [32m'0.00'[39m ]
data rcv RT:[ [32m'0.00'[39m, [32m'4.33'[39m, [32m'3.41'[39m, [32m'0.00'[39m ]
data rcv RT:[ [32m'0.00'[39m, [32m'4.31'[39m, [32m'3.44'[39m, [32m'0.00'[39m ]
data rcv RT:[ [32m'0.00'[39m, [32m'4.29'[39m, [32m'3.46'[39m, [32m'0.00'[39m ]
data rcv RT:[ [32m'0.00'[39m, [32m'4.28'[39m, [32m'3.40'[39m, [32m'0.00'[39m ]
data rcv RT:[ [32m'0.00'[39m, [32m'4.25'[39m, [32m'3.41'[39m, [32m'0.00'[39m ]
data rcv RT:[ [32m'0.00'[39m, [32m'4.28'[39m, [32m'3.38'[39m, [32m'0.00'[39m ]
data rcv RT:[ [32m'0.00'[39m, [32m'4.28'[39m, [32m'3.39'[39m, [32m'0.01'[39m ]
data rcv RT:[ [32m'0.00'[39m, [32m'4.29'[39m, [32m'3.39'[39m, [32m'0.00'[39m ]
data rcv RT:[ [32m'0.00'[39m, [32m'4.29'[39m, [32m'3.40'[39m, [32m'0.00'[39m ]
data rcv RT:[ [32m'0.00'[39m, [32m'4.33'[39m, [32m'3.36'[39m, [32m'0.05'[39m ]
data rcv RT:[ [32m'0.00'[39m, [32m'4.34'[39m, [32m'3.38'[39m, [32m'0.01'[39m ]
data rcv RT:[ [32m'0.00'[39m, [32m'4.35'[39m, [32m'3.38'[39m, [32m'0.02'[39m ]
data rcv RT:[ [32m'0.00'[39m, [32m'4.36'[39m, [32m'3.37'[39m, [32m'0.02'[39m ]
data rcv RT:[ [32m'0.00'[39m, [32m'4.36'[39m, [32m'3.40'[39m, [32m'0.02'[39m ]
data rcv RT:[ [32m'0.00'[39m, [32m'4.35'[39m, [32m'3.42'[39m, [32m'0.00'[39m ]
data rcv RT:[ [32m'0.00'[39m, [32m'4.33'[39m, [32m'3.41'[39m, [32m'0.00'[39m ]
data rcv RT:[ [32m'0.00'[39m, [32m'4.33'[39m, [32m'3.43'[39m, [32m'0.00'[39m ]
data rcv RT:[ [32m'0.00'[39m, [32m'4.30'[39m, [32m'3.42'[39m, [32m'0.00'[39m ]
data rcv RT:[ [32m'0.00'[39m, [32m'4.32'[39m, [32m'3.42'[39m, [32m'0.00'[39m ]
data rcv RT:[ [32m'0.00'[39m, [32m'4.29'[39m, [32m'3.42'[39m, [32m'0.00'[39m ]
data rcv RT:[ [32m'0.00'[39m, [32m'4.27'[39m, [32m'3.41'[39m, [32m'0.00'[39m ]
data rcv RT:[ [32m'0.00'[39m, [32m'4.26'[39m, [32m'3.43'[39m, [32m'0.00'[39m ]
data rcv RT:[ [32m'0.00'[39m, [32m'4.27'[39m, [32m'3.40'[39m, [32m'0.00'[39m ]
data rcv RT:[ [32m'0.00'[39m, [32m'4.28'[39m, [32m'3.39'[39m, [32m'0.00'[39m ]
data rcv RT:[ [32m'0.00'[39m, [32m'4.29'[39m, [32m'3.39'[39m, [32m'0.00'[39m ]
data rcv RT:[ [32m'0.00'[39m, [32m'4.32'[39m, [32m'3.38'[39m, [32m'0.01'[39m ]
data rcv RT:[ [32m'0.00'[39m, [32m'4.34'[39m, [32m'3.38'[39m, [32m'0.02'[39m ]
data rcv RT:[ [32m'0.00'[39m, [32m'4.37'[39m, [32m'3.34'[39m, [32m'0.00'[39m ]
data rcv RT:[ [32m'0.00'[39m, [32m'4.36'[39m, [32m'3.42'[39m, [32m'0.00'[39m ]
data rcv RT:[ [32m'0.00'[39m, [32m'4.37'[39m, [32m'3.42'[39m, [32m'0.00'[39m ]
data rcv RT:[ [32m'0.00'[39m, [32m'4.33'[39m, [32m'3.41'[39m, [32m'0.00'[39m ]
data rcv RT:[ [32m'0.00'[39m, [32m'4.30'[39m, [32m'3.41'[39m, [32m'0.00'[39m ]
data rcv RT:[ [32m'0.00'[39m, [32m'4.31'[39m, [32m'3.42'[39m, [32m'0.00'[39m ]
data rcv RT:[ [32m'0.00'[39m, [32m'4.28'[39m, [32m'3.42'[39m, [32m'0.00'[39m ]
data rcv RT:[ [32m'0.00'[39m, [32m'4.26'[39m, [32m'3.42'[39m, [32m'0.00'[39m ]
data rcv RT:[ [32m'0.00'[39m, [32m'4.25'[39m, [32m'3.37'[39m, [32m'0.00'[39m ]
data rcv RT:[ [32m'0.00'[39m, [32m'4.26'[39m, [32m'3.39'[39m, [32m'0.00'[39m ]
data rcv RT:[ [32m'0.00'[39m, [32m'4.28'[39m, [32m'3.38'[39m, [32m'0.00'[39m ]
data rcv RT:[ [32m'0.00'[39m, [32m'4.30'[39m, [32m'3.36'[39m, [32m'0.01'[39m ]
data rcv RT:[ [32m'0.00'[39m, [32m'4.33'[39m, [32m'3.39'[39m, [32m'0.01'[39m ]
data rcv RT:[ [32m'0.00'[39m, [32m'4.38'[39m, [32m'3.36'[39m, [32m'0.01'[39m ]
data rcv RT:[ [32m'0.00'[39m, [32m'4.34'[39m, [32m'3.37'[39m, [32m'0.05'[39m ]
data rcv RT:[ [32m'0.00'[39m, [32m'4.37'[39m, [32m'3.40'[39m, [32m'0.01'[39m ]
data rcv RT:[ [32m'0.00'[39m, [32m'4.34'[39m, [32m'3.40'[39m, [32m'0.00'[39m ]
data rcv RT:[ [32m'0.00'[39m, [32m'4.34'[39m, [32m'3.42'[39m, [32m'0.00'[39m ]
data rcv RT:[ [32m'0.00'[39m, [32m'4.32'[39m, [32m'3.44'[39m, [32m'0.00'[39m ]
data rcv RT:[ [32m'0.00'[39m, [32m'4.34'[39m, [32m'3.44'[39m, [32m'0.00'[39m ]
data rcv RT:[ [32m'0.00'[39m, [32m'4.30'[39m, [32m'3.43'[39m, [32m'0.00'[39m ]
data rcv RT:[ [32m'0.00'[39m, [32m'4.30'[39m, [32m'3.45'[39m, [32m'0.00'[39m ]
data rcv RT:[ [32m'0.00'[39m, [32m'4.27'[39m, [32m'3.40'[39m, [32m'0.00'[39m ]
data rcv RT:[ [32m'0.00'[39m, [32m'4.26'[39m, [32m'3.40'[39m, [32m'0.00'[39m ]
data rcv RT:[ [32m'0.00'[39m, [32m'4.26'[39m, [32m'3.37'[39m, [32m'0.00'[39m ]
data rcv RT:[ [32m'0.00'[39m, [32m'4.31'[39m, [32m'3.38'[39m, [32m'0.00'[39m ]
data rcv RT:[ [32m'0.00'[39m, [32m'4.34'[39m, [32m'3.37'[39m, [32m'0.02'[39m ]
data rcv RT:[ [32m'0.00'[39m, [32m'4.36'[39m, [32m'3.40'[39m, [32m'0.02'[39m ]
data rcv RT:[ [32m'0.00'[39m, [32m'4.35'[39m, [32m'3.39'[39m, [32m'0.01'[39m ]
data rcv RT:[ [32m'0.00'[39m, [32m'4.38'[39m, [32m'3.41'[39m, [32m'0.00'[39m ]
data rcv RT:[ [32m'0.00'[39m, [32m'4.34'[39m, [32m'3.42'[39m, [32m'0.00'[39m ]
data rcv RT:[ [32m'0.00'[39m, [32m'4.29'[39m, [32m'3.43'[39m, [32m'0.00'[39m ]
data rcv RT:[ [32m'0.00'[39m, [32m'4.29'[39m, [32m'3.43'[39m, [32m'0.00'[39m ]
data rcv RT:[ [32m'0.00'[39m, [32m'4.29'[39m, [32m'3.44'[39m, [32m'0.00'[39m ]
data rcv RT:[ [32m'0.00'[39m, [32m'4.29'[39m, [32m'3.39'[39m, [32m'0.00'[39m ]
data rcv RT:[ [32m'0.00'[39m, [32m'4.28'[39m, [32m'3.39'[39m, [32m'0.00'[39m ]
data rcv RT:[ [32m'0.00'[39m, [32m'4.31'[39m, [32m'3.36'[39m, [32m'0.00'[39m ]
data rcv RT:[ [32m'0.00'[39m, [32m'4.32'[39m, [32m'3.37'[39m, [32m'0.00'[39m ]
data rcv RT:[ [32m'0.00'[39m, [32m'4.35'[39m, [32m'3.35'[39m, [32m'0.03'[39m ]
data rcv RT:[ [32m'0.00'[39m, [32m'4.35'[39m, [32m'3.36'[39m, [32m'0.04'[39m ]
data rcv RT:[ [32m'0.00'[39m, [32m'4.37'[39m, [32m'3.36'[39m, [32m'0.00'[39m ]
data rcv RT:[ [32m'0.00'[39m, [32m'4.34'[39m, [32m'3.42'[39m, [32m'0.00'[39m ]
data rcv RT:[ [32m'0.00'[39m, [32m'4.34'[39m, [32m'3.45'[39m, [32m'0.00'[39m ]
data rcv RT:[ [32m'0.00'[39m, [32m'4.32'[39m, [32m'3.43'[39m, [32m'0.00'[39m ]
data rcv RT:[ [32m'0.00'[39m, [32m'4.28'[39m, [32m'3.41'[39m, [32m'0.00'[39m ]
data rcv RT:[ [32m'0.00'[39m, [32m'4.30'[39m, [32m'3.43'[39m, [32m'0.00'[39m ]
data rcv RT:[ [32m'0.00'[39m, [32m'4.26'[39m, [32m'3.37'[39m, [32m'0.00'[39m ]
data rcv RT:[ [32m'0.00'[39m, [32m'4.29'[39m, [32m'3.37'[39m, [32m'0.00'[39m ]
data rcv RT:[ [32m'0.00'[39m, [32m'4.31'[39m, [32m'3.39'[39m, [32m'0.00'[39m ]
data rcv RT:[ [32m'0.00'[39m, [32m'4.29'[39m, [32m'3.39'[39m, [32m'0.00'[39m ]
data rcv RT:[ [32m'0.00'[39m, [32m'4.32'[39m, [32m'3.38'[39m, [32m'0.00'[39m ]
data rcv RT:[ [32m'0.00'[39m, [32m'4.32'[39m, [32m'3.38'[39m, [32m'0.00'[39m ]
data rcv RT:[ [32m'0.00'[39m, [32m'4.35'[39m, [32m'3.39'[39m, [32m'0.01'[39m ]
data rcv RT:[ [32m'0.00'[39m, [32m'4.37'[39m, [32m'3.37'[39m, [32m'0.04'[39m ]
data rcv RT:[ [32m'0.00'[39m, [32m'4.36'[39m, [32m'3.43'[39m, [32m'0.00'[39m ]
data rcv RT:[ [32m'0.00'[39m, [32m'4.37'[39m, [32m'3.43'[39m, [32m'0.00'[39m ]
data rcv RT:[ [32m'0.00'[39m, [32m'4.33'[39m, [32m'3.44'[39m, [32m'0.00'[39m ]
data rcv RT:[ [32m'0.00'[39m, [32m'4.32'[39m, [32m'3.42'[39m, [32m'0.00'[39m ]
data rcv RT:[ [32m'0.00'[39m, [32m'4.31'[39m, [32m'3.43'[39m, [32m'0.00'[39m ]
data rcv RT:[ [32m'0.00'[39m, [32m'4.29'[39m, [32m'3.43'[39m, [32m'0.00'[39m ]
data rcv RT:[ [32m'0.00'[39m, [32m'4.29'[39m, [32m'3.44'[39m, [32m'0.00'[39m ]
data rcv RT:[ [32m'0.00'[39m, [32m'4.30'[39m, [32m'3.41'[39m, [32m'0.00'[39m ]
data rcv RT:[ [32m'0.00'[39m, [32m'4.28'[39m, [32m'3.42'[39m, [32m'0.00'[39m ]
data rcv RT:[ [32m'0.00'[39m, [32m'4.28'[39m, [32m'3.40'[39m, [32m'0.00'[39m ]
data rcv RT:[ [32m'0.00'[39m, [32m'4.26'[39m, [32m'3.39'[39m, [32m'0.00'[39m ]
data rcv RT:[ [32m'0.00'[39m, [32m'4.29'[39m, [32m'3.38'[39m, [32m'0.00'[39m ]
data rcv RT:[ [32m'0.00'[39m, [32m'4.31'[39m, [32m'3.37'[39m, [32m'0.01'[39m ]
data rcv RT:[ [32m'0.00'[39m, [32m'4.31'[39m, [32m'3.40'[39m, [32m'0.00'[39m ]
data rcv RT:[ [32m'0.00'[39m, [32m'4.37'[39m, [32m'3.38'[39m, [32m'0.02'[39m ]
data rcv RT:[ [32m'0.00'[39m, [32m'4.32'[39m, [32m'3.39'[39m, [32m'0.01'[39m ]
data rcv RT:[ [32m'0.00'[39m, [32m'4.39'[39m, [32m'3.39'[39m, [32m'0.03'[39m ]
data rcv RT:[ [32m'0.00'[39m, [32m'4.36'[39m, [32m'3.42'[39m, [32m'0.00'[39m ]
data rcv RT:[ [32m'0.00'[39m, [32m'4.36'[39m, [32m'3.41'[39m, [32m'0.00'[39m ]
data rcv RT:[ [32m'0.00'[39m, [32m'4.33'[39m, [32m'3.41'[39m, [32m'0.00'[39m ]
data rcv RT:[ [32m'0.00'[39m, [32m'4.32'[39m, [32m'3.44'[39m, [32m'0.00'[39m ]
data rcv RT:[ [32m'0.00'[39m, [32m'4.32'[39m, [32m'3.43'[39m, [32m'0.00'[39m ]
data rcv RT:[ [32m'0.00'[39m, [32m'4.32'[39m, [32m'3.41'[39m, [32m'0.00'[39m ]
data rcv RT:[ [32m'0.00'[39m, [32m'4.29'[39m, [32m'3.41'[39m, [32m'0.00'[39m ]
data rcv RT:[ [32m'0.00'[39m, [32m'4.27'[39m, [32m'3.40'[39m, [32m'0.00'[39m ]
data rcv RT:[ [32m'0.00'[39m, [32m'4.26'[39m, [32m'3.43'[39m, [32m'0.00'[39m ]
data rcv RT:[ [32m'0.00'[39m, [32m'4.27'[39m, [32m'3.41'[39m, [32m'0.00'[39m ]
data rcv RT:[ [32m'0.00'[39m, [32m'4.28'[39m, [32m'3.38'[39m, [32m'0.00'[39m ]
data rcv RT:[ [32m'0.00'[39m, [32m'4.30'[39m, [32m'3.37'[39m, [32m'0.00'[39m ]
data rcv RT:[ [32m'0.00'[39m, [32m'4.30'[39m, [32m'3.37'[39m, [32m'0.00'[39m ]
data rcv RT:[ [32m'0.00'[39m, [32m'4.31'[39m, [32m'3.37'[39m, [32m'0.00'[39m ]
data rcv RT:[ [32m'0.00'[39m, [32m'4.32'[39m, [32m'3.37'[39m, [32m'0.00'[39m ]
data rcv RT:[ [32m'0.00'[39m, [32m'4.32'[39m, [32m'3.37'[39m, [32m'0.00'[39m ]
data rcv RT:[ [32m'0.00'[39m, [32m'4.33'[39m, [32m'3.37'[39m, [32m'0.03'[39m ]
data rcv RT:[ [32m'0.00'[39m, [32m'4.36'[39m, [32m'3.37'[39m, [32m'0.04'[39m ]
data rcv RT:[ [32m'0.00'[39m, [32m'4.36'[39m, [32m'3.41'[39m, [32m'0.00'[39m ]
data rcv RT:[ [32m'0.00'[39m, [32m'4.35'[39m, [32m'3.44'[39m, [32m'0.00'[39m ]
data rcv RT:[ [32m'0.00'[39m, [32m'4.37'[39m, [32m'3.42'[39m, [32m'0.00'[39m ]
data rcv RT:[ [32m'0.00'[39m, [32m'4.36'[39m, [32m'3.42'[39m, [32m'0.00'[39m ]
data rcv RT:[ [32m'0.00'[39m, [32m'4.30'[39m, [32m'3.43'[39m, [32m'0.00'[39m ]
data rcv RT:[ [32m'0.00'[39m, [32m'4.30'[39m, [32m'3.42'[39m, [32m'0.00'[39m ]
data rcv RT:[ [32m'0.00'[39m, [32m'4.30'[39m, [32m'3.43'[39m, [32m'0.00'[39m ]
data rcv RT:[ [32m'0.00'[39m, [32m'4.29'[39m, [32m'3.42'[39m, [32m'0.00'[39m ]
data rcv RT:[ [32m'0.00'[39m, [32m'4.26'[39m, [32m'3.39'[39m, [32m'0.00'[39m ]
data rcv RT:[ [32m'0.00'[39m, [32m'4.27'[39m, [32m'3.39'[39m, [32m'0.00'[39m ]
data rcv RT:[ [32m'0.00'[39m, [32m'4.28'[39m, [32m'3.38'[39m, [32m'0.00'[39m ]
data rcv RT:[ [32m'0.00'[39m, [32m'4.31'[39m, [32m'3.38'[39m, [32m'0.02'[39m ]
data rcv RT:[ [32m'0.00'[39m, [32m'4.32'[39m, [32m'3.39'[39m, [32m'0.03'[39m ]
data rcv RT:[ [32m'0.00'[39m, [32m'4.33'[39m, [32m'3.35'[39m, [32m'0.05'[39m ]
data rcv RT:[ [32m'0.00'[39m, [32m'4.36'[39m, [32m'3.38'[39m, [32m'0.02'[39m ]
data rcv RT:[ [32m'0.00'[39m, [32m'4.36'[39m, [32m'3.40'[39m, [32m'0.03'[39m ]
data rcv RT:[ [32m'0.00'[39m, [32m'4.34'[39m, [32m'3.43'[39m, [32m'0.00'[39m ]
data rcv RT:[ [32m'0.00'[39m, [32m'4.32'[39m, [32m'3.43'[39m, [32m'0.00'[39m ]
data rcv RT:[ [32m'0.00'[39m, [32m'4.30'[39m, [32m'3.44'[39m, [32m'0.00'[39m ]
data rcv RT:[ [32m'0.00'[39m, [32m'4.31'[39m, [32m'3.42'[39m, [32m'0.00'[39m ]
data rcv RT:[ [32m'0.00'[39m, [32m'4.31'[39m, [32m'3.42'[39m, [32m'0.00'[39m ]
data rcv RT:[ [32m'0.00'[39m, [32m'4.30'[39m, [32m'3.44'[39m, [32m'0.00'[39m ]
data rcv RT:[ [32m'0.00'[39m, [32m'4.26'[39m, [32m'3.42'[39m, [32m'0.00'[39m ]
data rcv RT:[ [32m'0.00'[39m, [32m'4.27'[39m, [32m'3.40'[39m, [32m'0.00'[39m ]
data rcv RT:[ [32m'0.00'[39m, [32m'4.31'[39m, [32m'3.38'[39m, [32m'0.00'[39m ]
data rcv RT:[ [32m'0.00'[39m, [32m'4.30'[39m, [32m'3.35'[39m, [32m'0.00'[39m ]
data rcv RT:[ [32m'0.00'[39m, [32m'4.34'[39m, [32m'3.38'[39m, [32m'0.02'[39m ]
data rcv RT:[ [32m'0.00'[39m, [32m'4.33'[39m, [32m'3.36'[39m, [32m'0.01'[39m ]
data rcv RT:[ [32m'0.00'[39m, [32m'4.37'[39m, [32m'3.40'[39m, [32m'0.03'[39m ]
data rcv RT:[ [32m'0.00'[39m, [32m'4.36'[39m, [32m'3.41'[39m, [32m'0.02'[39m ]
data rcv RT:[ [32m'0.00'[39m, [32m'4.34'[39m, [32m'3.42'[39m, [32m'0.00'[39m ]
data rcv RT:[ [32m'0.00'[39m, [32m'4.33'[39m, [32m'3.42'[39m, [32m'0.00'[39m ]
data rcv RT:[ [32m'0.00'[39m, [32m'4.31'[39m, [32m'3.43'[39m, [32m'0.00'[39m ]
data rcv RT:[ [32m'0.00'[39m, [32m'4.28'[39m, [32m'3.45'[39m, [32m'0.00'[39m ]
data rcv RT:[ [32m'0.00'[39m, [32m'4.24'[39m, [32m'3.40'[39m, [32m'0.00'[39m ]
data rcv RT:[ [32m'0.00'[39m, [32m'4.25'[39m, [32m'3.39'[39m, [32m'0.00'[39m ]
data rcv RT:[ [32m'0.00'[39m, [32m'4.28'[39m, [32m'3.38'[39m, [32m'0.00'[39m ]
data rcv RT:[ [32m'0.00'[39m, [32m'4.34'[39m, [32m'3.38'[39m, [32m'0.01'[39m ]
data rcv RT:[ [32m'0.00'[39m, [32m'4.35'[39m, [32m'3.35'[39m, [32m'0.06'[39m ]
data rcv RT:[ [32m'0.00'[39m, [32m'4.36'[39m, [32m'3.39'[39m, [32m'0.01'[39m ]
data rcv RT:[ [32m'0.00'[39m, [32m'4.34'[39m, [32m'3.38'[39m, [32m'0.03'[39m ]
data rcv RT:[ [32m'0.00'[39m, [32m'4.38'[39m, [32m'3.39'[39m, [32m'0.00'[39m ]
data rcv RT:[ [32m'0.00'[39m, [32m'4.32'[39m, [32m'3.43'[39m, [32m'0.00'[39m ]
data rcv RT:[ [32m'0.00'[39m, [32m'4.32'[39m, [32m'3.43'[39m, [32m'0.00'[39m ]
data rcv RT:[ [32m'0.00'[39m, [32m'4.33'[39m, [32m'3.43'[39m, [32m'0.00'[39m ]
data rcv RT:[ [32m'0.00'[39m, [32m'4.31'[39m, [32m'3.42'[39m, [32m'0.00'[39m ]
data rcv RT:[ [32m'0.00'[39m, [32m'4.29'[39m, [32m'3.39'[39m, [32m'0.00'[39m ]
data rcv RT:[ [32m'0.00'[39m, [32m'4.27'[39m, [32m'3.37'[39m, [32m'0.00'[39m ]
data rcv RT:[ [32m'0.00'[39m, [32m'4.28'[39m, [32m'3.37'[39m, [32m'0.00'[39m ]
data rcv RT:[ [32m'0.00'[39m, [32m'4.32'[39m, [32m'3.37'[39m, [32m'0.00'[39m ]
data rcv RT:[ [32m'0.00'[39m, [32m'4.34'[39m, [32m'3.36'[39m, [32m'0.05'[39m ]
data rcv RT:[ [32m'0.00'[39m, [32m'4.33'[39m, [32m'3.35'[39m, [32m'0.03'[39m ]
data rcv RT:[ [32m'0.00'[39m, [32m'4.35'[39m, [32m'3.41'[39m, [32m'0.00'[39m ]
data rcv RT:[ [32m'0.00'[39m, [32m'4.35'[39m, [32m'3.41'[39m, [32m'0.00'[39m ]
data rcv RT:[ [32m'0.00'[39m, [32m'4.32'[39m, [32m'3.43'[39m, [32m'0.00'[39m ]
data rcv RT:[ [32m'0.00'[39m, [32m'4.30'[39m, [32m'3.43'[39m, [32m'0.00'[39m ]
data rcv RT:[ [32m'0.00'[39m, [32m'4.27'[39m, [32m'3.40'[39m, [32m'0.00'[39m ]
data rcv RT:[ [32m'0.00'[39m, [32m'4.29'[39m, [32m'3.39'[39m, [32m'0.00'[39m ]
data rcv RT:[ [32m'0.00'[39m, [32m'4.25'[39m, [32m'3.37'[39m, [32m'0.00'[39m ]
data rcv RT:[ [32m'0.00'[39m, [32m'4.28'[39m, [32m'3.39'[39m, [32m'0.00'[39m ]
data rcv RT:[ [32m'0.00'[39m, [32m'4.34'[39m, [32m'3.37'[39m, [32m'0.01'[39m ]
data rcv RT:[ [32m'0.00'[39m, [32m'4.34'[39m, [32m'3.39'[39m, [32m'0.03'[39m ]
data rcv RT:[ [32m'0.00'[39m, [32m'4.35'[39m, [32m'3.37'[39m, [32m'0.02'[39m ]
data rcv RT:[ [32m'0.00'[39m, [32m'4.38'[39m, [32m'3.41'[39m, [32m'0.02'[39m ]
data rcv RT:[ [32m'0.00'[39m, [32m'4.36'[39m, [32m'3.42'[39m, [32m'0.00'[39m ]
data rcv RT:[ [32m'0.00'[39m, [32m'4.33'[39m, [32m'3.42'[39m, [32m'0.00'[39m ]
data rcv RT:[ [32m'0.00'[39m, [32m'4.33'[39m, [32m'3.43'[39m, [32m'0.00'[39m ]
data rcv RT:[ [32m'0.00'[39m, [32m'4.31'[39m, [32m'3.45'[39m, [32m'0.00'[39m ]
data rcv RT:[ [32m'0.00'[39m, [32m'4.28'[39m, [32m'3.43'[39m, [32m'0.00'[39m ]
data rcv RT:[ [32m'0.00'[39m, [32m'4.25'[39m, [32m'3.41'[39m, [32m'0.00'[39m ]
data rcv RT:[ [32m'0.00'[39m, [32m'4.28'[39m, [32m'3.38'[39m, [32m'0.00'[39m ]
data rcv RT:[ [32m'0.00'[39m, [32m'4.28'[39m, [32m'3.37'[39m, [32m'0.00'[39m ]
data rcv RT:[ [32m'0.00'[39m, [32m'4.34'[39m, [32m'3.38'[39m, [32m'0.01'[39m ]
data rcv RT:[ [32m'0.00'[39m, [32m'4.33'[39m, [32m'3.35'[39m, [32m'0.06'[39m ]
data rcv RT:[ [32m'0.00'[39m, [32m'4.36'[39m, [32m'3.40'[39m, [32m'0.03'[39m ]
data rcv RT:[ [32m'0.00'[39m, [32m'4.36'[39m, [32m'3.41'[39m, [32m'0.00'[39m ]
data rcv RT:[ [32m'0.00'[39m, [32m'4.34'[39m, [32m'3.40'[39m, [32m'0.00'[39m ]
data rcv RT:[ [32m'0.00'[39m, [32m'4.32'[39m, [32m'3.42'[39m, [32m'0.00'[39m ]
data rcv RT:[ [32m'0.00'[39m, [32m'4.29'[39m, [32m'3.43'[39m, [32m'0.00'[39m ]
data rcv RT:[ [32m'0.00'[39m, [32m'4.28'[39m, [32m'3.46'[39m, [32m'0.00'[39m ]
data rcv RT:[ [32m'0.00'[39m, [32m'4.26'[39m, [32m'3.41'[39m, [32m'0.00'[39m ]
data rcv RT:[ [32m'0.00'[39m, [32m'4.27'[39m, [32m'3.39'[39m, [32m'0.00'[39m ]
data rcv RT:[ [32m'0.00'[39m, [32m'4.26'[39m, [32m'3.38'[39m, [32m'0.00'[39m ]
data rcv RT:[ [32m'0.00'[39m, [32m'4.33'[39m, [32m'3.39'[39m, [32m'0.01'[39m ]
data rcv RT:[ [32m'0.00'[39m, [32m'4.33'[39m, [32m'3.37'[39m, [32m'0.01'[39m ]
data rcv RT:[ [32m'0.00'[39m, [32m'4.35'[39m, [32m'3.40'[39m, [32m'0.02'[39m ]
data rcv RT:[ [32m'0.00'[39m, [32m'4.35'[39m, [32m'3.36'[39m, [32m'0.05'[39m ]
data rcv RT:[ [32m'0.00'[39m, [32m'4.38'[39m, [32m'3.39'[39m, [32m'0.01'[39m ]
data rcv RT:[ [32m'0.00'[39m, [32m'4.36'[39m, [32m'3.42'[39m, [32m'0.00'[39m ]
data rcv RT:[ [32m'0.00'[39m, [32m'4.31'[39m, [32m'3.42'[39m, [32m'0.00'[39m ]
data rcv RT:[ [32m'0.00'[39m, [32m'4.29'[39m, [32m'3.42'[39m, [32m'0.00'[39m ]
data rcv RT:[ [32m'0.00'[39m, [32m'4.31'[39m, [32m'3.44'[39m, [32m'0.00'[39m ]
data rcv RT:[ [32m'0.00'[39m, [32m'4.30'[39m, [32m'3.40'[39m, [32m'0.00'[39m ]
client Front End connected
Socket {
  nsp: 
   Namespace {
     name: [32m'/'[39m,
     server: 
      Server {
        nsps: [36m[Object][39m,
        _path: [32m'/socket.io'[39m,
        _serveClient: [33mtrue[39m,
        _adapter: [36m[Function: Adapter][39m,
        _origins: [32m'*:*'[39m,
        sockets: [36m[Circular][39m,
        eio: [36m[Object][39m,
        httpServer: [36m[Object][39m,
        engine: [36m[Object][39m },
     sockets: { [32m'/#Z0RoBJhVn4mkkPLnAAAW'[39m: [36m[Circular][39m },
     connected: { [32m'/#Z0RoBJhVn4mkkPLnAAAW'[39m: [36m[Circular][39m },
     fns: [],
     ids: [33m0[39m,
     adapter: 
      Adapter {
        nsp: [36m[Circular][39m,
        rooms: [36m[Object][39m,
        sids: [36m[Object][39m,
        encoder: Encoder {} },
     _events: { connection: [36m[Function][39m },
     _eventsCount: [33m1[39m },
  server: 
   Server {
     nsps: { [32m'/'[39m: [36m[Object][39m },
     _path: [32m'/socket.io'[39m,
     _serveClient: [33mtrue[39m,
     _adapter: [36m[Function: Adapter][39m,
     _origins: [32m'*:*'[39m,
     sockets: 
      Namespace {
        name: [32m'/'[39m,
        server: [36m[Circular][39m,
        sockets: [36m[Object][39m,
        connected: [36m[Object][39m,
        fns: [],
        ids: [33m0[39m,
        adapter: [36m[Object][39m,
        _events: [36m[Object][39m,
        _eventsCount: [33m1[39m },
     eio: 
      Server {
        clients: [36m[Object][39m,
        clientsCount: [33m1[39m,
        pingTimeout: [33m60000[39m,
        pingInterval: [33m25000[39m,
        upgradeTimeout: [33m10000[39m,
        maxHttpBufferSize: [33m100000000[39m,
        transports: [36m[Object][39m,
        allowUpgrades: [33mtrue[39m,
        allowRequest: [36m[Function: bound ][39m,
        cookie: [32m'io'[39m,
        cookiePath: [33mfalse[39m,
        perMessageDeflate: [36m[Object][39m,
        httpCompression: [36m[Object][39m,
        ws: [36m[Object][39m,
        _events: [36m[Object][39m,
        _eventsCount: [33m1[39m },
     httpServer: 
      Server {
        domain: [1mnull[22m,
        _events: [36m[Object][39m,
        _eventsCount: [33m4[39m,
        _maxListeners: [90mundefined[39m,
        _connections: [33m4[39m,
        _handle: [36m[Object][39m,
        _usingSlaves: [33mfalse[39m,
        _slaves: [],
        _unref: [33mfalse[39m,
        allowHalfOpen: [33mtrue[39m,
        pauseOnConnect: [33mfalse[39m,
        httpAllowHalfOpen: [33mfalse[39m,
        timeout: [33m120000[39m,
        _pendingResponseData: [33m0[39m,
        _connectionKey: [32m'6::::3000'[39m },
     engine: 
      Server {
        clients: [36m[Object][39m,
        clientsCount: [33m1[39m,
        pingTimeout: [33m60000[39m,
        pingInterval: [33m25000[39m,
        upgradeTimeout: [33m10000[39m,
        maxHttpBufferSize: [33m100000000[39m,
        transports: [36m[Object][39m,
        allowUpgrades: [33mtrue[39m,
        allowRequest: [36m[Function: bound ][39m,
        cookie: [32m'io'[39m,
        cookiePath: [33mfalse[39m,
        perMessageDeflate: [36m[Object][39m,
        httpCompression: [36m[Object][39m,
        ws: [36m[Object][39m,
        _events: [36m[Object][39m,
        _eventsCount: [33m1[39m } },
  adapter: 
   Adapter {
     nsp: 
      Namespace {
        name: [32m'/'[39m,
        server: [36m[Object][39m,
        sockets: [36m[Object][39m,
        connected: [36m[Object][39m,
        fns: [],
        ids: [33m0[39m,
        adapter: [36m[Circular][39m,
        _events: [36m[Object][39m,
        _eventsCount: [33m1[39m },
     rooms: { [32m'/#Z0RoBJhVn4mkkPLnAAAW'[39m: [36m[Object][39m },
     sids: { [32m'/#Z0RoBJhVn4mkkPLnAAAW'[39m: [36m[Object][39m },
     encoder: Encoder {} },
  id: [32m'/#Z0RoBJhVn4mkkPLnAAAW'[39m,
  client: 
   Client {
     server: 
      Server {
        nsps: [36m[Object][39m,
        _path: [32m'/socket.io'[39m,
        _serveClient: [33mtrue[39m,
        _adapter: [36m[Function: Adapter][39m,
        _origins: [32m'*:*'[39m,
        sockets: [36m[Object][39m,
        eio: [36m[Object][39m,
        httpServer: [36m[Object][39m,
        engine: [36m[Object][39m },
     conn: 
      Socket {
        id: [32m'Z0RoBJhVn4mkkPLnAAAW'[39m,
        server: [36m[Object][39m,
        upgrading: [33mfalse[39m,
        upgraded: [33mfalse[39m,
        readyState: [32m'open'[39m,
        writeBuffer: [36m[Object][39m,
        packetsFn: [36m[Object][39m,
        sentCallbackFn: [],
        cleanupFn: [36m[Object][39m,
        request: [36m[Object][39m,
        remoteAddress: [32m'::ffff:10.210.30.41'[39m,
        checkIntervalTimer: [1mnull[22m,
        upgradeTimeoutTimer: [1mnull[22m,
        pingTimeoutTimer: [36m[Object][39m,
        transport: [36m[Object][39m,
        _events: [36m[Object][39m,
        _eventsCount: [33m3[39m },
     encoder: Encoder {},
     decoder: Decoder { reconstructor: [1mnull[22m, _callbacks: [36m[Object][39m },
     id: [32m'Z0RoBJhVn4mkkPLnAAAW'[39m,
     request: 
      IncomingMessage {
        _readableState: [36m[Object][39m,
        readable: [33mtrue[39m,
        domain: [1mnull[22m,
        _events: {},
        _eventsCount: [33m0[39m,
        _maxListeners: [90mundefined[39m,
        socket: [36m[Object][39m,
        connection: [36m[Object][39m,
        httpVersionMajor: [33m1[39m,
        httpVersionMinor: [33m1[39m,
        httpVersion: [32m'1.1'[39m,
        complete: [33mtrue[39m,
        headers: [36m[Object][39m,
        rawHeaders: [36m[Object][39m,
        trailers: {},
        rawTrailers: [],
        upgrade: [33mfalse[39m,
        url: [32m'/socket.io/?EIO=3&transport=polling&t=LTmHI_S'[39m,
        method: [32m'GET'[39m,
        statusCode: [1mnull[22m,
        statusMessage: [1mnull[22m,
        client: [36m[Object][39m,
        _consuming: [33mfalse[39m,
        _dumped: [33mtrue[39m,
        _query: [36m[Object][39m,
        res: [36m[Object][39m,
        cleanup: [36m[Function: cleanup][39m },
     onclose: [36m[Function: bound ][39m,
     ondata: [36m[Function: bound ][39m,
     onerror: [36m[Function: bound ][39m,
     ondecoded: [36m[Function: bound ][39m,
     sockets: { [32m'/#Z0RoBJhVn4mkkPLnAAAW'[39m: [36m[Circular][39m },
     nsps: { [32m'/'[39m: [36m[Circular][39m },
     connectBuffer: [] },
  conn: 
   Socket {
     id: [32m'Z0RoBJhVn4mkkPLnAAAW'[39m,
     server: 
      Server {
        clients: [36m[Object][39m,
        clientsCount: [33m1[39m,
        pingTimeout: [33m60000[39m,
        pingInterval: [33m25000[39m,
        upgradeTimeout: [33m10000[39m,
        maxHttpBufferSize: [33m100000000[39m,
        transports: [36m[Object][39m,
        allowUpgrades: [33mtrue[39m,
        allowRequest: [36m[Function: bound ][39m,
        cookie: [32m'io'[39m,
        cookiePath: [33mfalse[39m,
        perMessageDeflate: [36m[Object][39m,
        httpCompression: [36m[Object][39m,
        ws: [36m[Object][39m,
        _events: [36m[Object][39m,
        _eventsCount: [33m1[39m },
     upgrading: [33mfalse[39m,
     upgraded: [33mfalse[39m,
     readyState: [32m'open'[39m,
     writeBuffer: [ [36m[Object][39m ],
     packetsFn: [ [90mundefined[39m ],
     sentCallbackFn: [],
     cleanupFn: [ [36m[Function][39m, [36m[Function][39m ],
     request: 
      IncomingMessage {
        _readableState: [36m[Object][39m,
        readable: [33mtrue[39m,
        domain: [1mnull[22m,
        _events: {},
        _eventsCount: [33m0[39m,
        _maxListeners: [90mundefined[39m,
        socket: [36m[Object][39m,
        connection: [36m[Object][39m,
        httpVersionMajor: [33m1[39m,
        httpVersionMinor: [33m1[39m,
        httpVersion: [32m'1.1'[39m,
        complete: [33mtrue[39m,
        headers: [36m[Object][39m,
        rawHeaders: [36m[Object][39m,
        trailers: {},
        rawTrailers: [],
        upgrade: [33mfalse[39m,
        url: [32m'/socket.io/?EIO=3&transport=polling&t=LTmHI_S'[39m,
        method: [32m'GET'[39m,
        statusCode: [1mnull[22m,
        statusMessage: [1mnull[22m,
        client: [36m[Object][39m,
        _consuming: [33mfalse[39m,
        _dumped: [33mtrue[39m,
        _query: [36m[Object][39m,
        res: [36m[Object][39m,
        cleanup: [36m[Function: cleanup][39m },
     remoteAddress: [32m'::ffff:10.210.30.41'[39m,
     checkIntervalTimer: [1mnull[22m,
     upgradeTimeoutTimer: [1mnull[22m,
     pingTimeoutTimer: 
      Timeout {
        _called: [33mfalse[39m,
        _idleTimeout: [33m85000[39m,
        _idlePrev: [36m[Object][39m,
        _idleNext: [36m[Object][39m,
        _idleStart: [33m19992685[39m,
        _onTimeout: [36m[Function][39m,
        _repeat: [1mnull[22m },
     transport: 
      XHR {
        readyState: [32m'open'[39m,
        discarded: [33mfalse[39m,
        closeTimeout: [33m30000[39m,
        maxHttpBufferSize: [33m100000000[39m,
        httpCompression: [36m[Object][39m,
        supportsBinary: [33mtrue[39m,
        _events: [36m[Object][39m,
        _eventsCount: [33m5[39m,
        sid: [32m'Z0RoBJhVn4mkkPLnAAAW'[39m,
        req: [1mnull[22m,
        res: [1mnull[22m,
        writable: [33mfalse[39m },
     _events: 
      { close: [36m[Object][39m,
        data: [36m[Function: bound ][39m,
        error: [36m[Function: bound ][39m },
     _eventsCount: [33m3[39m },
  rooms: {},
  acks: {},
  connected: [33mtrue[39m,
  disconnected: [33mfalse[39m,
  handshake: 
   { headers: 
      { host: [32m'10.210.30.148:3000'[39m,
        connection: [32m'keep-alive'[39m,
        [32m'cache-control'[39m: [32m'max-age=0'[39m,
        [32m'user-agent'[39m: [32m'Mozilla/5.0 (Windows NT 5.1) AppleWebKit/537.36 (KHTML, like Gecko) Chrome/49.0.2623.112 Safari/537.36'[39m,
        origin: [32m'http://10.210.30.148'[39m,
        accept: [32m'*/*'[39m,
        referer: [32m'http://10.210.30.148/sku/'[39m,
        [32m'accept-encoding'[39m: [32m'gzip, deflate, sdch'[39m,
        [32m'accept-language'[39m: [32m'ru-RU,ru;q=0.8,en-US;q=0.6,en;q=0.4'[39m,
        cookie: [32m'io=xOOcV2SkghZTKrG5AAAV'[39m },
     time: [32m'Wed Sep 28 2016 14:08:24 GMT+0400 (SAMT)'[39m,
     address: [32m'::ffff:10.210.30.41'[39m,
     xdomain: [33mtrue[39m,
     secure: [33mfalse[39m,
     issued: [33m1475057304901[39m,
     url: [32m'/socket.io/?EIO=3&transport=polling&t=LTmHI_S'[39m,
     query: { EIO: [32m'3'[39m, transport: [32m'polling'[39m, t: [32m'LTmHI_S'[39m } } }
data rcv RT:[ [32m'0.00'[39m, [32m'4.25'[39m, [32m'3.41'[39m, [32m'0.00'[39m ]
data rcv RT:[ [32m'0.00'[39m, [32m'4.28'[39m, [32m'3.38'[39m, [32m'0.00'[39m ]
data rcv RT:[ [32m'0.00'[39m, [32m'4.29'[39m, [32m'3.38'[39m, [32m'0.00'[39m ]
data rcv RT:[ [32m'0.00'[39m, [32m'4.30'[39m, [32m'3.37'[39m, [32m'0.00'[39m ]
data rcv RT:[ [32m'0.00'[39m, [32m'4.32'[39m, [32m'3.37'[39m, [32m'0.01'[39m ]
data rcv RT:[ [32m'0.00'[39m, [32m'4.33'[39m, [32m'3.38'[39m, [32m'0.01'[39m ]
data rcv RT:[ [32m'0.00'[39m, [32m'4.35'[39m, [32m'3.37'[39m, [32m'0.03'[39m ]
data rcv RT:[ [32m'0.00'[39m, [32m'4.35'[39m, [32m'3.38'[39m, [32m'0.03'[39m ]
data rcv RT:[ [32m'0.00'[39m, [32m'4.38'[39m, [32m'3.40'[39m, [32m'0.00'[39m ]
data rcv RT:[ [32m'0.00'[39m, [32m'4.37'[39m, [32m'3.42'[39m, [32m'0.02'[39m ]
data rcv RT:[ [32m'0.00'[39m, [32m'4.35'[39m, [32m'3.44'[39m, [32m'0.00'[39m ]
data rcv RT:[ [32m'0.00'[39m, [32m'4.34'[39m, [32m'3.43'[39m, [32m'0.00'[39m ]
data rcv RT:[ [32m'0.00'[39m, [32m'4.31'[39m, [32m'3.43'[39m, [32m'0.00'[39m ]
data rcv RT:[ [32m'0.00'[39m, [32m'4.28'[39m, [32m'3.43'[39m, [32m'0.00'[39m ]
data rcv RT:[ [32m'0.00'[39m, [32m'4.29'[39m, [32m'3.41'[39m, [32m'0.00'[39m ]
data rcv RT:[ [32m'0.00'[39m, [32m'4.24'[39m, [32m'3.40'[39m, [32m'0.00'[39m ]
data rcv RT:[ [32m'0.00'[39m, [32m'4.27'[39m, [32m'3.39'[39m, [32m'0.00'[39m ]
data rcv RT:[ [32m'0.00'[39m, [32m'4.28'[39m, [32m'3.39'[39m, [32m'0.00'[39m ]
data rcv RT:[ [32m'0.00'[39m, [32m'4.31'[39m, [32m'3.37'[39m, [32m'0.02'[39m ]
data rcv RT:[ [32m'0.00'[39m, [32m'4.33'[39m, [32m'3.37'[39m, [32m'0.00'[39m ]
data rcv RT:[ [32m'0.00'[39m, [32m'4.35'[39m, [32m'3.39'[39m, [32m'0.03'[39m ]
data rcv RT:[ [32m'0.00'[39m, [32m'4.38'[39m, [32m'3.39'[39m, [32m'0.01'[39m ]
data rcv RT:[ [32m'0.00'[39m, [32m'4.37'[39m, [32m'3.38'[39m, [32m'0.02'[39m ]
data rcv RT:[ [32m'0.00'[39m, [32m'4.34'[39m, [32m'3.41'[39m, [32m'0.00'[39m ]
data rcv RT:[ [32m'0.00'[39m, [32m'4.34'[39m, [32m'3.43'[39m, [32m'0.00'[39m ]
data rcv RT:[ [32m'0.00'[39m, [32m'4.33'[39m, [32m'3.43'[39m, [32m'0.00'[39m ]
data rcv RT:[ [32m'0.00'[39m, [32m'4.30'[39m, [32m'3.45'[39m, [32m'0.00'[39m ]
data rcv RT:[ [32m'0.00'[39m, [32m'4.28'[39m, [32m'3.40'[39m, [32m'0.00'[39m ]
data rcv RT:[ [32m'0.00'[39m, [32m'4.26'[39m, [32m'3.43'[39m, [32m'0.00'[39m ]
data rcv RT:[ [32m'0.00'[39m, [32m'4.27'[39m, [32m'3.38'[39m, [32m'0.00'[39m ]
data rcv RT:[ [32m'0.00'[39m, [32m'4.31'[39m, [32m'3.39'[39m, [32m'0.00'[39m ]
data rcv RT:[ [32m'0.00'[39m, [32m'4.30'[39m, [32m'3.38'[39m, [32m'0.00'[39m ]
data rcv RT:[ [32m'0.00'[39m, [32m'4.30'[39m, [32m'3.37'[39m, [32m'0.00'[39m ]
data rcv RT:[ [32m'0.00'[39m, [32m'4.33'[39m, [32m'3.40'[39m, [32m'0.00'[39m ]
data rcv RT:[ [32m'0.00'[39m, [32m'4.33'[39m, [32m'3.39'[39m, [32m'0.00'[39m ]
data rcv RT:[ [32m'0.00'[39m, [32m'4.39'[39m, [32m'3.38'[39m, [32m'0.02'[39m ]
data rcv RT:[ [32m'0.00'[39m, [32m'4.37'[39m, [32m'3.40'[39m, [32m'0.00'[39m ]
data rcv RT:[ [32m'0.00'[39m, [32m'4.32'[39m, [32m'3.44'[39m, [32m'0.00'[39m ]
data rcv RT:[ [32m'0.00'[39m, [32m'4.33'[39m, [32m'3.42'[39m, [32m'0.00'[39m ]
data rcv RT:[ [32m'0.00'[39m, [32m'4.30'[39m, [32m'3.43'[39m, [32m'0.00'[39m ]
data rcv RT:[ [32m'0.00'[39m, [32m'4.30'[39m, [32m'3.42'[39m, [32m'0.00'[39m ]
data rcv RT:[ [32m'0.00'[39m, [32m'4.27'[39m, [32m'3.41'[39m, [32m'0.00'[39m ]
data rcv RT:[ [32m'0.00'[39m, [32m'4.27'[39m, [32m'3.42'[39m, [32m'0.00'[39m ]
data rcv RT:[ [32m'0.00'[39m, [32m'4.27'[39m, [32m'3.39'[39m, [32m'0.00'[39m ]
data rcv RT:[ [32m'0.00'[39m, [32m'4.26'[39m, [32m'3.39'[39m, [32m'0.00'[39m ]
data rcv RT:[ [32m'0.00'[39m, [32m'4.31'[39m, [32m'3.36'[39m, [32m'0.00'[39m ]
data rcv RT:[ [32m'0.00'[39m, [32m'4.34'[39m, [32m'3.38'[39m, [32m'0.02'[39m ]
data rcv RT:[ [32m'0.00'[39m, [32m'4.36'[39m, [32m'3.37'[39m, [32m'0.03'[39m ]
data rcv RT:[ [32m'0.00'[39m, [32m'4.36'[39m, [32m'3.38'[39m, [32m'0.05'[39m ]
data rcv RT:[ [32m'0.00'[39m, [32m'4.37'[39m, [32m'3.44'[39m, [32m'0.00'[39m ]
data rcv RT:[ [32m'0.00'[39m, [32m'4.33'[39m, [32m'3.44'[39m, [32m'0.00'[39m ]
data rcv RT:[ [32m'0.00'[39m, [32m'4.31'[39m, [32m'3.43'[39m, [32m'0.00'[39m ]
data rcv RT:[ [32m'0.00'[39m, [32m'4.32'[39m, [32m'3.43'[39m, [32m'0.00'[39m ]
data rcv RT:[ [32m'0.00'[39m, [32m'4.27'[39m, [32m'3.41'[39m, [32m'0.00'[39m ]
data rcv RT:[ [32m'0.00'[39m, [32m'4.23'[39m, [32m'3.41'[39m, [32m'0.00'[39m ]
data rcv RT:[ [32m'0.00'[39m, [32m'4.26'[39m, [32m'3.39'[39m, [32m'0.00'[39m ]
data rcv RT:[ [32m'0.00'[39m, [32m'4.27'[39m, [32m'3.38'[39m, [32m'0.00'[39m ]
data rcv RT:[ [32m'0.00'[39m, [32m'4.26'[39m, [32m'3.40'[39m, [32m'0.00'[39m ]
data rcv RT:[ [32m'0.00'[39m, [32m'4.29'[39m, [32m'3.37'[39m, [32m'0.00'[39m ]
data rcv RT:[ [32m'0.00'[39m, [32m'4.29'[39m, [32m'3.38'[39m, [32m'0.00'[39m ]
data rcv RT:[ [32m'0.00'[39m, [32m'4.33'[39m, [32m'3.39'[39m, [32m'0.02'[39m ]
data rcv RT:[ [32m'0.00'[39m, [32m'4.34'[39m, [32m'3.35'[39m, [32m'0.04'[39m ]
data rcv RT:[ [32m'0.00'[39m, [32m'4.38'[39m, [32m'3.42'[39m, [32m'0.01'[39m ]
data rcv RT:[ [32m'0.00'[39m, [32m'4.35'[39m, [32m'3.41'[39m, [32m'0.00'[39m ]
data rcv RT:[ [32m'0.00'[39m, [32m'4.37'[39m, [32m'3.43'[39m, [32m'0.00'[39m ]
data rcv RT:[ [32m'0.00'[39m, [32m'4.31'[39m, [32m'3.42'[39m, [32m'0.00'[39m ]
data rcv RT:[ [32m'0.00'[39m, [32m'4.29'[39m, [32m'3.45'[39m, [32m'0.00'[39m ]
data rcv RT:[ [32m'0.00'[39m, [32m'4.29'[39m, [32m'3.42'[39m, [32m'0.00'[39m ]
data rcv RT:[ [32m'0.00'[39m, [32m'4.24'[39m, [32m'3.40'[39m, [32m'0.00'[39m ]
data rcv RT:[ [32m'0.00'[39m, [32m'4.28'[39m, [32m'3.38'[39m, [32m'0.00'[39m ]
data rcv RT:[ [32m'0.00'[39m, [32m'4.27'[39m, [32m'3.40'[39m, [32m'0.00'[39m ]
data rcv RT:[ [32m'0.00'[39m, [32m'4.28'[39m, [32m'3.36'[39m, [32m'0.00'[39m ]
data rcv RT:[ [32m'0.00'[39m, [32m'4.34'[39m, [32m'3.38'[39m, [32m'0.01'[39m ]
data rcv RT:[ [32m'0.00'[39m, [32m'4.32'[39m, [32m'3.37'[39m, [32m'0.01'[39m ]
data rcv RT:[ [32m'0.00'[39m, [32m'4.36'[39m, [32m'3.36'[39m, [32m'0.06'[39m ]
data rcv RT:[ [32m'0.00'[39m, [32m'4.36'[39m, [32m'3.37'[39m, [32m'0.04'[39m ]
data rcv RT:[ [32m'0.00'[39m, [32m'4.38'[39m, [32m'3.42'[39m, [32m'0.00'[39m ]
data rcv RT:[ [32m'0.00'[39m, [32m'4.39'[39m, [32m'3.39'[39m, [32m'0.01'[39m ]
data rcv RT:[ [32m'0.00'[39m, [32m'4.35'[39m, [32m'3.44'[39m, [32m'0.00'[39m ]
data rcv RT:[ [32m'0.00'[39m, [32m'4.32'[39m, [32m'3.42'[39m, [32m'0.00'[39m ]
data rcv RT:[ [32m'0.00'[39m, [32m'4.32'[39m, [32m'3.43'[39m, [32m'0.00'[39m ]
data rcv RT:[ [32m'0.00'[39m, [32m'4.29'[39m, [32m'3.42'[39m, [32m'0.00'[39m ]
data rcv RT:[ [32m'0.00'[39m, [32m'4.27'[39m, [32m'3.41'[39m, [32m'0.00'[39m ]
data rcv RT:[ [32m'0.00'[39m, [32m'4.26'[39m, [32m'3.40'[39m, [32m'0.00'[39m ]
data rcv RT:[ [32m'0.00'[39m, [32m'4.29'[39m, [32m'3.39'[39m, [32m'0.00'[39m ]
data rcv RT:[ [32m'0.00'[39m, [32m'4.31'[39m, [32m'3.38'[39m, [32m'0.01'[39m ]
data rcv RT:[ [32m'0.00'[39m, [32m'4.31'[39m, [32m'3.39'[39m, [32m'0.02'[39m ]
data rcv RT:[ [32m'0.00'[39m, [32m'4.36'[39m, [32m'3.37'[39m, [32m'0.05'[39m ]
data rcv RT:[ [32m'0.00'[39m, [32m'4.33'[39m, [32m'3.40'[39m, [32m'0.02'[39m ]
data rcv RT:[ [32m'0.00'[39m, [32m'4.36'[39m, [32m'3.36'[39m, [32m'0.05'[39m ]
data rcv RT:[ [32m'0.00'[39m, [32m'4.35'[39m, [32m'3.35'[39m, [32m'0.06'[39m ]
data rcv RT:[ [32m'0.00'[39m, [32m'4.37'[39m, [32m'3.39'[39m, [32m'0.03'[39m ]
data rcv RT:[ [32m'0.00'[39m, [32m'4.38'[39m, [32m'3.40'[39m, [32m'0.00'[39m ]
data rcv RT:[ [32m'0.00'[39m, [32m'4.34'[39m, [32m'3.42'[39m, [32m'0.00'[39m ]
data rcv RT:[ [32m'0.00'[39m, [32m'4.34'[39m, [32m'3.43'[39m, [32m'0.00'[39m ]
data rcv RT:[ [32m'0.00'[39m, [32m'4.31'[39m, [32m'3.43'[39m, [32m'0.00'[39m ]
data rcv RT:[ [32m'0.00'[39m, [32m'4.29'[39m, [32m'3.43'[39m, [32m'0.00'[39m ]
data rcv RT:[ [32m'0.00'[39m, [32m'4.30'[39m, [32m'3.45'[39m, [32m'0.00'[39m ]
data rcv RT:[ [32m'0.00'[39m, [32m'4.27'[39m, [32m'3.42'[39m, [32m'0.00'[39m ]
data rcv RT:[ [32m'0.00'[39m, [32m'4.27'[39m, [32m'3.40'[39m, [32m'0.00'[39m ]
data rcv RT:[ [32m'0.00'[39m, [32m'4.26'[39m, [32m'3.38'[39m, [32m'0.00'[39m ]
data rcv RT:[ [32m'0.00'[39m, [32m'4.27'[39m, [32m'3.40'[39m, [32m'0.00'[39m ]
data rcv RT:[ [32m'0.00'[39m, [32m'4.29'[39m, [32m'3.37'[39m, [32m'0.00'[39m ]
data rcv RT:[ [32m'0.00'[39m, [32m'4.30'[39m, [32m'3.38'[39m, [32m'0.00'[39m ]
client Front End connected
Socket {
  nsp: 
   Namespace {
     name: [32m'/'[39m,
     server: 
      Server {
        nsps: [36m[Object][39m,
        _path: [32m'/socket.io'[39m,
        _serveClient: [33mtrue[39m,
        _adapter: [36m[Function: Adapter][39m,
        _origins: [32m'*:*'[39m,
        sockets: [36m[Circular][39m,
        eio: [36m[Object][39m,
        httpServer: [36m[Object][39m,
        engine: [36m[Object][39m },
     sockets: { [32m'/#jkx_VAsOp4q5uqrcAAAX'[39m: [36m[Circular][39m },
     connected: { [32m'/#jkx_VAsOp4q5uqrcAAAX'[39m: [36m[Circular][39m },
     fns: [],
     ids: [33m0[39m,
     adapter: 
      Adapter {
        nsp: [36m[Circular][39m,
        rooms: [36m[Object][39m,
        sids: [36m[Object][39m,
        encoder: Encoder {} },
     _events: { connection: [36m[Function][39m },
     _eventsCount: [33m1[39m },
  server: 
   Server {
     nsps: { [32m'/'[39m: [36m[Object][39m },
     _path: [32m'/socket.io'[39m,
     _serveClient: [33mtrue[39m,
     _adapter: [36m[Function: Adapter][39m,
     _origins: [32m'*:*'[39m,
     sockets: 
      Namespace {
        name: [32m'/'[39m,
        server: [36m[Circular][39m,
        sockets: [36m[Object][39m,
        connected: [36m[Object][39m,
        fns: [],
        ids: [33m0[39m,
        adapter: [36m[Object][39m,
        _events: [36m[Object][39m,
        _eventsCount: [33m1[39m },
     eio: 
      Server {
        clients: [36m[Object][39m,
        clientsCount: [33m1[39m,
        pingTimeout: [33m60000[39m,
        pingInterval: [33m25000[39m,
        upgradeTimeout: [33m10000[39m,
        maxHttpBufferSize: [33m100000000[39m,
        transports: [36m[Object][39m,
        allowUpgrades: [33mtrue[39m,
        allowRequest: [36m[Function: bound ][39m,
        cookie: [32m'io'[39m,
        cookiePath: [33mfalse[39m,
        perMessageDeflate: [36m[Object][39m,
        httpCompression: [36m[Object][39m,
        ws: [36m[Object][39m,
        _events: [36m[Object][39m,
        _eventsCount: [33m1[39m },
     httpServer: 
      Server {
        domain: [1mnull[22m,
        _events: [36m[Object][39m,
        _eventsCount: [33m4[39m,
        _maxListeners: [90mundefined[39m,
        _connections: [33m1[39m,
        _handle: [36m[Object][39m,
        _usingSlaves: [33mfalse[39m,
        _slaves: [],
        _unref: [33mfalse[39m,
        allowHalfOpen: [33mtrue[39m,
        pauseOnConnect: [33mfalse[39m,
        httpAllowHalfOpen: [33mfalse[39m,
        timeout: [33m120000[39m,
        _pendingResponseData: [33m0[39m,
        _connectionKey: [32m'6::::3000'[39m },
     engine: 
      Server {
        clients: [36m[Object][39m,
        clientsCount: [33m1[39m,
        pingTimeout: [33m60000[39m,
        pingInterval: [33m25000[39m,
        upgradeTimeout: [33m10000[39m,
        maxHttpBufferSize: [33m100000000[39m,
        transports: [36m[Object][39m,
        allowUpgrades: [33mtrue[39m,
        allowRequest: [36m[Function: bound ][39m,
        cookie: [32m'io'[39m,
        cookiePath: [33mfalse[39m,
        perMessageDeflate: [36m[Object][39m,
        httpCompression: [36m[Object][39m,
        ws: [36m[Object][39m,
        _events: [36m[Object][39m,
        _eventsCount: [33m1[39m } },
  adapter: 
   Adapter {
     nsp: 
      Namespace {
        name: [32m'/'[39m,
        server: [36m[Object][39m,
        sockets: [36m[Object][39m,
        connected: [36m[Object][39m,
        fns: [],
        ids: [33m0[39m,
        adapter: [36m[Circular][39m,
        _events: [36m[Object][39m,
        _eventsCount: [33m1[39m },
     rooms: { [32m'/#jkx_VAsOp4q5uqrcAAAX'[39m: [36m[Object][39m },
     sids: { [32m'/#jkx_VAsOp4q5uqrcAAAX'[39m: [36m[Object][39m },
     encoder: Encoder {} },
  id: [32m'/#jkx_VAsOp4q5uqrcAAAX'[39m,
  client: 
   Client {
     server: 
      Server {
        nsps: [36m[Object][39m,
        _path: [32m'/socket.io'[39m,
        _serveClient: [33mtrue[39m,
        _adapter: [36m[Function: Adapter][39m,
        _origins: [32m'*:*'[39m,
        sockets: [36m[Object][39m,
        eio: [36m[Object][39m,
        httpServer: [36m[Object][39m,
        engine: [36m[Object][39m },
     conn: 
      Socket {
        id: [32m'jkx_VAsOp4q5uqrcAAAX'[39m,
        server: [36m[Object][39m,
        upgrading: [33mfalse[39m,
        upgraded: [33mfalse[39m,
        readyState: [32m'open'[39m,
        writeBuffer: [36m[Object][39m,
        packetsFn: [36m[Object][39m,
        sentCallbackFn: [],
        cleanupFn: [36m[Object][39m,
        request: [36m[Object][39m,
        remoteAddress: [32m'::ffff:10.210.30.41'[39m,
        checkIntervalTimer: [1mnull[22m,
        upgradeTimeoutTimer: [1mnull[22m,
        pingTimeoutTimer: [36m[Object][39m,
        transport: [36m[Object][39m,
        _events: [36m[Object][39m,
        _eventsCount: [33m3[39m },
     encoder: Encoder {},
     decoder: Decoder { reconstructor: [1mnull[22m, _callbacks: [36m[Object][39m },
     id: [32m'jkx_VAsOp4q5uqrcAAAX'[39m,
     request: 
      IncomingMessage {
        _readableState: [36m[Object][39m,
        readable: [33mtrue[39m,
        domain: [1mnull[22m,
        _events: {},
        _eventsCount: [33m0[39m,
        _maxListeners: [90mundefined[39m,
        socket: [36m[Object][39m,
        connection: [36m[Object][39m,
        httpVersionMajor: [33m1[39m,
        httpVersionMinor: [33m1[39m,
        httpVersion: [32m'1.1'[39m,
        complete: [33mtrue[39m,
        headers: [36m[Object][39m,
        rawHeaders: [36m[Object][39m,
        trailers: {},
        rawTrailers: [],
        upgrade: [33mfalse[39m,
        url: [32m'/socket.io/?EIO=3&transport=polling&t=LTmHitj'[39m,
        method: [32m'GET'[39m,
        statusCode: [1mnull[22m,
        statusMessage: [1mnull[22m,
        client: [36m[Object][39m,
        _consuming: [33mfalse[39m,
        _dumped: [33mtrue[39m,
        _query: [36m[Object][39m,
        res: [36m[Object][39m,
        cleanup: [36m[Function: cleanup][39m },
     onclose: [36m[Function: bound ][39m,
     ondata: [36m[Function: bound ][39m,
     onerror: [36m[Function: bound ][39m,
     ondecoded: [36m[Function: bound ][39m,
     sockets: { [32m'/#jkx_VAsOp4q5uqrcAAAX'[39m: [36m[Circular][39m },
     nsps: { [32m'/'[39m: [36m[Circular][39m },
     connectBuffer: [] },
  conn: 
   Socket {
     id: [32m'jkx_VAsOp4q5uqrcAAAX'[39m,
     server: 
      Server {
        clients: [36m[Object][39m,
        clientsCount: [33m1[39m,
        pingTimeout: [33m60000[39m,
        pingInterval: [33m25000[39m,
        upgradeTimeout: [33m10000[39m,
        maxHttpBufferSize: [33m100000000[39m,
        transports: [36m[Object][39m,
        allowUpgrades: [33mtrue[39m,
        allowRequest: [36m[Function: bound ][39m,
        cookie: [32m'io'[39m,
        cookiePath: [33mfalse[39m,
        perMessageDeflate: [36m[Object][39m,
        httpCompression: [36m[Object][39m,
        ws: [36m[Object][39m,
        _events: [36m[Object][39m,
        _eventsCount: [33m1[39m },
     upgrading: [33mfalse[39m,
     upgraded: [33mfalse[39m,
     readyState: [32m'open'[39m,
     writeBuffer: [ [36m[Object][39m ],
     packetsFn: [ [90mundefined[39m ],
     sentCallbackFn: [],
     cleanupFn: [ [36m[Function][39m, [36m[Function][39m ],
     request: 
      IncomingMessage {
        _readableState: [36m[Object][39m,
        readable: [33mtrue[39m,
        domain: [1mnull[22m,
        _events: {},
        _eventsCount: [33m0[39m,
        _maxListeners: [90mundefined[39m,
        socket: [36m[Object][39m,
        connection: [36m[Object][39m,
        httpVersionMajor: [33m1[39m,
        httpVersionMinor: [33m1[39m,
        httpVersion: [32m'1.1'[39m,
        complete: [33mtrue[39m,
        headers: [36m[Object][39m,
        rawHeaders: [36m[Object][39m,
        trailers: {},
        rawTrailers: [],
        upgrade: [33mfalse[39m,
        url: [32m'/socket.io/?EIO=3&transport=polling&t=LTmHitj'[39m,
        method: [32m'GET'[39m,
        statusCode: [1mnull[22m,
        statusMessage: [1mnull[22m,
        client: [36m[Object][39m,
        _consuming: [33mfalse[39m,
        _dumped: [33mtrue[39m,
        _query: [36m[Object][39m,
        res: [36m[Object][39m,
        cleanup: [36m[Function: cleanup][39m },
     remoteAddress: [32m'::ffff:10.210.30.41'[39m,
     checkIntervalTimer: [1mnull[22m,
     upgradeTimeoutTimer: [1mnull[22m,
     pingTimeoutTimer: 
      Timeout {
        _called: [33mfalse[39m,
        _idleTimeout: [33m85000[39m,
        _idlePrev: [36m[Object][39m,
        _idleNext: [36m[Object][39m,
        _idleStart: [33m20095855[39m,
        _onTimeout: [36m[Function][39m,
        _repeat: [1mnull[22m },
     transport: 
      XHR {
        readyState: [32m'open'[39m,
        discarded: [33mfalse[39m,
        closeTimeout: [33m30000[39m,
        maxHttpBufferSize: [33m100000000[39m,
        httpCompression: [36m[Object][39m,
        supportsBinary: [33mtrue[39m,
        _events: [36m[Object][39m,
        _eventsCount: [33m5[39m,
        sid: [32m'jkx_VAsOp4q5uqrcAAAX'[39m,
        req: [1mnull[22m,
        res: [1mnull[22m,
        writable: [33mfalse[39m },
     _events: 
      { close: [36m[Object][39m,
        data: [36m[Function: bound ][39m,
        error: [36m[Function: bound ][39m },
     _eventsCount: [33m3[39m },
  rooms: {},
  acks: {},
  connected: [33mtrue[39m,
  disconnected: [33mfalse[39m,
  handshake: 
   { headers: 
      { host: [32m'10.210.30.148:3000'[39m,
        connection: [32m'keep-alive'[39m,
        [32m'cache-control'[39m: [32m'max-age=0'[39m,
        origin: [32m'http://10.210.30.148'[39m,
        [32m'user-agent'[39m: [32m'Mozilla/5.0 (Windows NT 5.1) AppleWebKit/537.36 (KHTML, like Gecko) Chrome/49.0.2623.112 Safari/537.36'[39m,
        accept: [32m'*/*'[39m,
        referer: [32m'http://10.210.30.148/sku/'[39m,
        [32m'accept-encoding'[39m: [32m'gzip, deflate, sdch'[39m,
        [32m'accept-language'[39m: [32m'ru-RU,ru;q=0.8,en-US;q=0.6,en;q=0.4'[39m,
        cookie: [32m'io=Z0RoBJhVn4mkkPLnAAAW'[39m },
     time: [32m'Wed Sep 28 2016 14:10:08 GMT+0400 (SAMT)'[39m,
     address: [32m'::ffff:10.210.30.41'[39m,
     xdomain: [33mtrue[39m,
     secure: [33mfalse[39m,
     issued: [33m1475057408071[39m,
     url: [32m'/socket.io/?EIO=3&transport=polling&t=LTmHitj'[39m,
     query: { EIO: [32m'3'[39m, transport: [32m'polling'[39m, t: [32m'LTmHitj'[39m } } }
data rcv RT:[ [32m'0.00'[39m, [32m'4.32'[39m, [32m'3.38'[39m, [32m'0.00'[39m ]
data rcv RT:[ [32m'0.00'[39m, [32m'4.32'[39m, [32m'3.38'[39m, [32m'0.01'[39m ]
data rcv RT:[ [32m'0.00'[39m, [32m'4.33'[39m, [32m'3.38'[39m, [32m'0.02'[39m ]
data rcv RT:[ [32m'0.00'[39m, [32m'4.37'[39m, [32m'3.40'[39m, [32m'0.01'[39m ]
data rcv RT:[ [32m'0.00'[39m, [32m'4.35'[39m, [32m'3.38'[39m, [32m'0.06'[39m ]
data rcv RT:[ [32m'0.00'[39m, [32m'4.35'[39m, [32m'3.43'[39m, [32m'0.00'[39m ]
data rcv RT:[ [32m'0.00'[39m, [32m'4.37'[39m, [32m'3.40'[39m, [32m'0.00'[39m ]
data rcv RT:[ [32m'0.00'[39m, [32m'4.29'[39m, [32m'3.42'[39m, [32m'0.00'[39m ]
data rcv RT:[ [32m'0.00'[39m, [32m'4.26'[39m, [32m'3.42'[39m, [32m'0.00'[39m ]
data rcv RT:[ [32m'0.00'[39m, [32m'4.26'[39m, [32m'3.40'[39m, [32m'0.00'[39m ]
data rcv RT:[ [32m'0.00'[39m, [32m'4.25'[39m, [32m'3.40'[39m, [32m'0.00'[39m ]
data rcv RT:[ [32m'0.00'[39m, [32m'4.26'[39m, [32m'3.39'[39m, [32m'0.00'[39m ]
data rcv RT:[ [32m'0.00'[39m, [32m'4.30'[39m, [32m'3.37'[39m, [32m'0.00'[39m ]
data rcv RT:[ [32m'0.00'[39m, [32m'4.35'[39m, [32m'3.37'[39m, [32m'0.02'[39m ]
data rcv RT:[ [32m'0.00'[39m, [32m'4.33'[39m, [32m'3.39'[39m, [32m'0.02'[39m ]
data rcv RT:[ [32m'0.00'[39m, [32m'4.31'[39m, [32m'3.37'[39m, [32m'0.00'[39m ]
data rcv RT:[ [32m'0.00'[39m, [32m'4.33'[39m, [32m'3.36'[39m, [32m'0.01'[39m ]
data rcv RT:[ [32m'0.00'[39m, [32m'4.35'[39m, [32m'3.38'[39m, [32m'0.03'[39m ]
data rcv RT:[ [32m'0.00'[39m, [32m'4.37'[39m, [32m'3.43'[39m, [32m'0.00'[39m ]
data rcv RT:[ [32m'0.00'[39m, [32m'4.36'[39m, [32m'3.42'[39m, [32m'0.00'[39m ]
data rcv RT:[ [32m'0.00'[39m, [32m'4.32'[39m, [32m'3.41'[39m, [32m'0.00'[39m ]
data rcv RT:[ [32m'0.00'[39m, [32m'4.31'[39m, [32m'3.45'[39m, [32m'0.00'[39m ]
data rcv RT:[ [32m'0.00'[39m, [32m'4.33'[39m, [32m'3.41'[39m, [32m'0.00'[39m ]
data rcv RT:[ [32m'0.00'[39m, [32m'4.32'[39m, [32m'3.41'[39m, [32m'0.00'[39m ]
data rcv RT:[ [32m'0.00'[39m, [32m'4.28'[39m, [32m'3.44'[39m, [32m'0.00'[39m ]
data rcv RT:[ [32m'0.00'[39m, [32m'4.28'[39m, [32m'3.43'[39m, [32m'0.00'[39m ]
data rcv RT:[ [32m'0.00'[39m, [32m'4.29'[39m, [32m'3.41'[39m, [32m'0.00'[39m ]
data rcv RT:[ [32m'0.00'[39m, [32m'4.30'[39m, [32m'3.39'[39m, [32m'0.00'[39m ]
data rcv RT:[ [32m'0.00'[39m, [32m'4.29'[39m, [32m'3.36'[39m, [32m'0.00'[39m ]
data rcv RT:[ [32m'0.00'[39m, [32m'4.30'[39m, [32m'3.40'[39m, [32m'0.00'[39m ]
data rcv RT:[ [32m'0.00'[39m, [32m'4.32'[39m, [32m'3.37'[39m, [32m'0.02'[39m ]
data rcv RT:[ [32m'0.00'[39m, [32m'4.34'[39m, [32m'3.37'[39m, [32m'0.02'[39m ]
data rcv RT:[ [32m'0.00'[39m, [32m'4.34'[39m, [32m'3.38'[39m, [32m'0.04'[39m ]
data rcv RT:[ [32m'0.00'[39m, [32m'4.36'[39m, [32m'3.41'[39m, [32m'0.00'[39m ]
data rcv RT:[ [32m'0.00'[39m, [32m'4.36'[39m, [32m'3.42'[39m, [32m'0.00'[39m ]
data rcv RT:[ [32m'0.00'[39m, [32m'4.31'[39m, [32m'3.42'[39m, [32m'0.00'[39m ]
data rcv RT:[ [32m'0.00'[39m, [32m'4.29'[39m, [32m'3.41'[39m, [32m'0.00'[39m ]
data rcv RT:[ [32m'0.00'[39m, [32m'4.30'[39m, [32m'3.40'[39m, [32m'0.00'[39m ]
data rcv RT:[ [32m'0.00'[39m, [32m'4.29'[39m, [32m'3.48'[39m, [32m'0.00'[39m ]
data rcv RT:[ [32m'0.00'[39m, [32m'4.27'[39m, [32m'3.39'[39m, [32m'0.00'[39m ]
data rcv RT:[ [32m'0.00'[39m, [32m'4.27'[39m, [32m'3.37'[39m, [32m'0.00'[39m ]
data rcv RT:[ [32m'0.00'[39m, [32m'4.27'[39m, [32m'3.40'[39m, [32m'0.00'[39m ]
data rcv RT:[ [32m'0.00'[39m, [32m'4.33'[39m, [32m'3.37'[39m, [32m'0.01'[39m ]
data rcv RT:[ [32m'0.00'[39m, [32m'4.35'[39m, [32m'3.38'[39m, [32m'0.02'[39m ]
data rcv RT:[ [32m'0.00'[39m, [32m'4.35'[39m, [32m'3.39'[39m, [32m'0.02'[39m ]
data rcv RT:[ [32m'0.00'[39m, [32m'4.35'[39m, [32m'3.38'[39m, [32m'0.04'[39m ]
data rcv RT:[ [32m'0.00'[39m, [32m'4.37'[39m, [32m'3.40'[39m, [32m'0.00'[39m ]
data rcv RT:[ [32m'0.00'[39m, [32m'4.37'[39m, [32m'3.43'[39m, [32m'0.00'[39m ]
data rcv RT:[ [32m'0.00'[39m, [32m'4.33'[39m, [32m'3.45'[39m, [32m'0.00'[39m ]
data rcv RT:[ [32m'0.00'[39m, [32m'4.33'[39m, [32m'3.40'[39m, [32m'0.00'[39m ]
data rcv RT:[ [32m'0.00'[39m, [32m'4.29'[39m, [32m'3.39'[39m, [32m'0.00'[39m ]
data rcv RT:[ [32m'0.00'[39m, [32m'4.29'[39m, [32m'3.45'[39m, [32m'0.00'[39m ]
data rcv RT:[ [32m'0.00'[39m, [32m'4.25'[39m, [32m'3.41'[39m, [32m'0.00'[39m ]
data rcv RT:[ [32m'0.00'[39m, [32m'4.29'[39m, [32m'3.38'[39m, [32m'0.00'[39m ]
data rcv RT:[ [32m'0.00'[39m, [32m'4.29'[39m, [32m'3.37'[39m, [32m'0.01'[39m ]
data rcv RT:[ [32m'0.00'[39m, [32m'4.32'[39m, [32m'3.39'[39m, [32m'0.00'[39m ]
data rcv RT:[ [32m'0.00'[39m, [32m'4.33'[39m, [32m'3.39'[39m, [32m'0.00'[39m ]
data rcv RT:[ [32m'0.00'[39m, [32m'4.38'[39m, [32m'3.42'[39m, [32m'0.01'[39m ]
data rcv RT:[ [32m'0.00'[39m, [32m'4.35'[39m, [32m'3.38'[39m, [32m'0.00'[39m ]
data rcv RT:[ [32m'0.00'[39m, [32m'4.35'[39m, [32m'3.42'[39m, [32m'0.00'[39m ]
data rcv RT:[ [32m'0.00'[39m, [32m'4.31'[39m, [32m'3.43'[39m, [32m'0.00'[39m ]
data rcv RT:[ [32m'0.00'[39m, [32m'4.32'[39m, [32m'3.44'[39m, [32m'0.00'[39m ]
data rcv RT:[ [32m'0.00'[39m, [32m'4.28'[39m, [32m'3.41'[39m, [32m'0.00'[39m ]
data rcv RT:[ [32m'0.00'[39m, [32m'4.26'[39m, [32m'3.42'[39m, [32m'0.00'[39m ]
data rcv RT:[ [32m'0.00'[39m, [32m'4.27'[39m, [32m'3.36'[39m, [32m'0.00'[39m ]
data rcv RT:[ [32m'0.00'[39m, [32m'4.31'[39m, [32m'3.36'[39m, [32m'0.00'[39m ]
data rcv RT:[ [32m'0.00'[39m, [32m'4.29'[39m, [32m'3.37'[39m, [32m'0.00'[39m ]
data rcv RT:[ [32m'0.00'[39m, [32m'4.32'[39m, [32m'3.38'[39m, [32m'0.02'[39m ]
data rcv RT:[ [32m'0.00'[39m, [32m'4.38'[39m, [32m'3.40'[39m, [32m'0.02'[39m ]
data rcv RT:[ [32m'0.00'[39m, [32m'4.34'[39m, [32m'3.39'[39m, [32m'0.04'[39m ]
data rcv RT:[ [32m'0.00'[39m, [32m'4.37'[39m, [32m'3.41'[39m, [32m'0.00'[39m ]
data rcv RT:[ [32m'0.00'[39m, [32m'4.34'[39m, [32m'3.41'[39m, [32m'0.00'[39m ]
data rcv RT:[ [32m'0.00'[39m, [32m'4.32'[39m, [32m'3.42'[39m, [32m'0.00'[39m ]
data rcv RT:[ [32m'0.00'[39m, [32m'4.30'[39m, [32m'3.42'[39m, [32m'0.00'[39m ]
data rcv RT:[ [32m'0.00'[39m, [32m'4.32'[39m, [32m'3.42'[39m, [32m'0.00'[39m ]
data rcv RT:[ [32m'0.00'[39m, [32m'4.30'[39m, [32m'3.45'[39m, [32m'0.00'[39m ]
data rcv RT:[ [32m'0.00'[39m, [32m'4.27'[39m, [32m'3.43'[39m, [32m'0.00'[39m ]
data rcv RT:[ [32m'0.00'[39m, [32m'4.27'[39m, [32m'3.41'[39m, [32m'0.00'[39m ]
data rcv RT:[ [32m'0.00'[39m, [32m'4.25'[39m, [32m'3.40'[39m, [32m'0.00'[39m ]
data rcv RT:[ [32m'0.00'[39m, [32m'4.29'[39m, [32m'3.37'[39m, [32m'0.00'[39m ]
data rcv RT:[ [32m'0.00'[39m, [32m'4.30'[39m, [32m'3.39'[39m, [32m'0.01'[39m ]
data rcv RT:[ [32m'0.00'[39m, [32m'4.31'[39m, [32m'3.37'[39m, [32m'0.00'[39m ]
data rcv RT:[ [32m'0.00'[39m, [32m'4.33'[39m, [32m'3.40'[39m, [32m'0.00'[39m ]
data rcv RT:[ [32m'0.00'[39m, [32m'4.38'[39m, [32m'3.38'[39m, [32m'0.03'[39m ]
data rcv RT:[ [32m'0.00'[39m, [32m'4.33'[39m, [32m'3.37'[39m, [32m'0.04'[39m ]
data rcv RT:[ [32m'0.00'[39m, [32m'4.37'[39m, [32m'3.39'[39m, [32m'0.03'[39m ]
data rcv RT:[ [32m'0.00'[39m, [32m'4.34'[39m, [32m'3.43'[39m, [32m'0.00'[39m ]
data rcv RT:[ [32m'0.00'[39m, [32m'4.34'[39m, [32m'3.41'[39m, [32m'0.00'[39m ]
data rcv RT:[ [32m'0.00'[39m, [32m'4.33'[39m, [32m'3.42'[39m, [32m'0.00'[39m ]
data rcv RT:[ [32m'0.00'[39m, [32m'4.32'[39m, [32m'3.42'[39m, [32m'0.00'[39m ]
data rcv RT:[ [32m'0.00'[39m, [32m'4.32'[39m, [32m'3.41'[39m, [32m'0.00'[39m ]
data rcv RT:[ [32m'0.00'[39m, [32m'4.31'[39m, [32m'3.41'[39m, [32m'0.00'[39m ]
data rcv RT:[ [32m'0.00'[39m, [32m'4.32'[39m, [32m'3.44'[39m, [32m'0.00'[39m ]
data rcv RT:[ [32m'0.00'[39m, [32m'4.28'[39m, [32m'3.42'[39m, [32m'0.00'[39m ]
data rcv RT:[ [32m'0.00'[39m, [32m'4.27'[39m, [32m'3.43'[39m, [32m'0.00'[39m ]
client Front End connected
Socket {
  nsp: 
   Namespace {
     name: [32m'/'[39m,
     server: 
      Server {
        nsps: [36m[Object][39m,
        _path: [32m'/socket.io'[39m,
        _serveClient: [33mtrue[39m,
        _adapter: [36m[Function: Adapter][39m,
        _origins: [32m'*:*'[39m,
        sockets: [36m[Circular][39m,
        eio: [36m[Object][39m,
        httpServer: [36m[Object][39m,
        engine: [36m[Object][39m },
     sockets: { [32m'/#skNlcbF4bq-a66MwAAAY'[39m: [36m[Circular][39m },
     connected: { [32m'/#skNlcbF4bq-a66MwAAAY'[39m: [36m[Circular][39m },
     fns: [],
     ids: [33m0[39m,
     adapter: 
      Adapter {
        nsp: [36m[Circular][39m,
        rooms: [36m[Object][39m,
        sids: [36m[Object][39m,
        encoder: Encoder {} },
     _events: { connection: [36m[Function][39m },
     _eventsCount: [33m1[39m },
  server: 
   Server {
     nsps: { [32m'/'[39m: [36m[Object][39m },
     _path: [32m'/socket.io'[39m,
     _serveClient: [33mtrue[39m,
     _adapter: [36m[Function: Adapter][39m,
     _origins: [32m'*:*'[39m,
     sockets: 
      Namespace {
        name: [32m'/'[39m,
        server: [36m[Circular][39m,
        sockets: [36m[Object][39m,
        connected: [36m[Object][39m,
        fns: [],
        ids: [33m0[39m,
        adapter: [36m[Object][39m,
        _events: [36m[Object][39m,
        _eventsCount: [33m1[39m },
     eio: 
      Server {
        clients: [36m[Object][39m,
        clientsCount: [33m1[39m,
        pingTimeout: [33m60000[39m,
        pingInterval: [33m25000[39m,
        upgradeTimeout: [33m10000[39m,
        maxHttpBufferSize: [33m100000000[39m,
        transports: [36m[Object][39m,
        allowUpgrades: [33mtrue[39m,
        allowRequest: [36m[Function: bound ][39m,
        cookie: [32m'io'[39m,
        cookiePath: [33mfalse[39m,
        perMessageDeflate: [36m[Object][39m,
        httpCompression: [36m[Object][39m,
        ws: [36m[Object][39m,
        _events: [36m[Object][39m,
        _eventsCount: [33m1[39m },
     httpServer: 
      Server {
        domain: [1mnull[22m,
        _events: [36m[Object][39m,
        _eventsCount: [33m4[39m,
        _maxListeners: [90mundefined[39m,
        _connections: [33m1[39m,
        _handle: [36m[Object][39m,
        _usingSlaves: [33mfalse[39m,
        _slaves: [],
        _unref: [33mfalse[39m,
        allowHalfOpen: [33mtrue[39m,
        pauseOnConnect: [33mfalse[39m,
        httpAllowHalfOpen: [33mfalse[39m,
        timeout: [33m120000[39m,
        _pendingResponseData: [33m0[39m,
        _connectionKey: [32m'6::::3000'[39m },
     engine: 
      Server {
        clients: [36m[Object][39m,
        clientsCount: [33m1[39m,
        pingTimeout: [33m60000[39m,
        pingInterval: [33m25000[39m,
        upgradeTimeout: [33m10000[39m,
        maxHttpBufferSize: [33m100000000[39m,
        transports: [36m[Object][39m,
        allowUpgrades: [33mtrue[39m,
        allowRequest: [36m[Function: bound ][39m,
        cookie: [32m'io'[39m,
        cookiePath: [33mfalse[39m,
        perMessageDeflate: [36m[Object][39m,
        httpCompression: [36m[Object][39m,
        ws: [36m[Object][39m,
        _events: [36m[Object][39m,
        _eventsCount: [33m1[39m } },
  adapter: 
   Adapter {
     nsp: 
      Namespace {
        name: [32m'/'[39m,
        server: [36m[Object][39m,
        sockets: [36m[Object][39m,
        connected: [36m[Object][39m,
        fns: [],
        ids: [33m0[39m,
        adapter: [36m[Circular][39m,
        _events: [36m[Object][39m,
        _eventsCount: [33m1[39m },
     rooms: { [32m'/#skNlcbF4bq-a66MwAAAY'[39m: [36m[Object][39m },
     sids: { [32m'/#skNlcbF4bq-a66MwAAAY'[39m: [36m[Object][39m },
     encoder: Encoder {} },
  id: [32m'/#skNlcbF4bq-a66MwAAAY'[39m,
  client: 
   Client {
     server: 
      Server {
        nsps: [36m[Object][39m,
        _path: [32m'/socket.io'[39m,
        _serveClient: [33mtrue[39m,
        _adapter: [36m[Function: Adapter][39m,
        _origins: [32m'*:*'[39m,
        sockets: [36m[Object][39m,
        eio: [36m[Object][39m,
        httpServer: [36m[Object][39m,
        engine: [36m[Object][39m },
     conn: 
      Socket {
        id: [32m'skNlcbF4bq-a66MwAAAY'[39m,
        server: [36m[Object][39m,
        upgrading: [33mfalse[39m,
        upgraded: [33mfalse[39m,
        readyState: [32m'open'[39m,
        writeBuffer: [36m[Object][39m,
        packetsFn: [36m[Object][39m,
        sentCallbackFn: [],
        cleanupFn: [36m[Object][39m,
        request: [36m[Object][39m,
        remoteAddress: [32m'::ffff:10.210.30.41'[39m,
        checkIntervalTimer: [1mnull[22m,
        upgradeTimeoutTimer: [1mnull[22m,
        pingTimeoutTimer: [36m[Object][39m,
        transport: [36m[Object][39m,
        _events: [36m[Object][39m,
        _eventsCount: [33m3[39m },
     encoder: Encoder {},
     decoder: Decoder { reconstructor: [1mnull[22m, _callbacks: [36m[Object][39m },
     id: [32m'skNlcbF4bq-a66MwAAAY'[39m,
     request: 
      IncomingMessage {
        _readableState: [36m[Object][39m,
        readable: [33mtrue[39m,
        domain: [1mnull[22m,
        _events: {},
        _eventsCount: [33m0[39m,
        _maxListeners: [90mundefined[39m,
        socket: [36m[Object][39m,
        connection: [36m[Object][39m,
        httpVersionMajor: [33m1[39m,
        httpVersionMinor: [33m1[39m,
        httpVersion: [32m'1.1'[39m,
        complete: [33mtrue[39m,
        headers: [36m[Object][39m,
        rawHeaders: [36m[Object][39m,
        trailers: {},
        rawTrailers: [],
        upgrade: [33mfalse[39m,
        url: [32m'/socket.io/?EIO=3&transport=polling&t=LTmI4sf'[39m,
        method: [32m'GET'[39m,
        statusCode: [1mnull[22m,
        statusMessage: [1mnull[22m,
        client: [36m[Object][39m,
        _consuming: [33mfalse[39m,
        _dumped: [33mtrue[39m,
        _query: [36m[Object][39m,
        res: [36m[Object][39m,
        cleanup: [36m[Function: cleanup][39m },
     onclose: [36m[Function: bound ][39m,
     ondata: [36m[Function: bound ][39m,
     onerror: [36m[Function: bound ][39m,
     ondecoded: [36m[Function: bound ][39m,
     sockets: { [32m'/#skNlcbF4bq-a66MwAAAY'[39m: [36m[Circular][39m },
     nsps: { [32m'/'[39m: [36m[Circular][39m },
     connectBuffer: [] },
  conn: 
   Socket {
     id: [32m'skNlcbF4bq-a66MwAAAY'[39m,
     server: 
      Server {
        clients: [36m[Object][39m,
        clientsCount: [33m1[39m,
        pingTimeout: [33m60000[39m,
        pingInterval: [33m25000[39m,
        upgradeTimeout: [33m10000[39m,
        maxHttpBufferSize: [33m100000000[39m,
        transports: [36m[Object][39m,
        allowUpgrades: [33mtrue[39m,
        allowRequest: [36m[Function: bound ][39m,
        cookie: [32m'io'[39m,
        cookiePath: [33mfalse[39m,
        perMessageDeflate: [36m[Object][39m,
        httpCompression: [36m[Object][39m,
        ws: [36m[Object][39m,
        _events: [36m[Object][39m,
        _eventsCount: [33m1[39m },
     upgrading: [33mfalse[39m,
     upgraded: [33mfalse[39m,
     readyState: [32m'open'[39m,
     writeBuffer: [ [36m[Object][39m ],
     packetsFn: [ [90mundefined[39m ],
     sentCallbackFn: [],
     cleanupFn: [ [36m[Function][39m, [36m[Function][39m ],
     request: 
      IncomingMessage {
        _readableState: [36m[Object][39m,
        readable: [33mtrue[39m,
        domain: [1mnull[22m,
        _events: {},
        _eventsCount: [33m0[39m,
        _maxListeners: [90mundefined[39m,
        socket: [36m[Object][39m,
        connection: [36m[Object][39m,
        httpVersionMajor: [33m1[39m,
        httpVersionMinor: [33m1[39m,
        httpVersion: [32m'1.1'[39m,
        complete: [33mtrue[39m,
        headers: [36m[Object][39m,
        rawHeaders: [36m[Object][39m,
        trailers: {},
        rawTrailers: [],
        upgrade: [33mfalse[39m,
        url: [32m'/socket.io/?EIO=3&transport=polling&t=LTmI4sf'[39m,
        method: [32m'GET'[39m,
        statusCode: [1mnull[22m,
        statusMessage: [1mnull[22m,
        client: [36m[Object][39m,
        _consuming: [33mfalse[39m,
        _dumped: [33mtrue[39m,
        _query: [36m[Object][39m,
        res: [36m[Object][39m,
        cleanup: [36m[Function: cleanup][39m },
     remoteAddress: [32m'::ffff:10.210.30.41'[39m,
     checkIntervalTimer: [1mnull[22m,
     upgradeTimeoutTimer: [1mnull[22m,
     pingTimeoutTimer: 
      Timeout {
        _called: [33mfalse[39m,
        _idleTimeout: [33m85000[39m,
        _idlePrev: [36m[Object][39m,
        _idleNext: [36m[Object][39m,
        _idleStart: [33m20191875[39m,
        _onTimeout: [36m[Function][39m,
        _repeat: [1mnull[22m },
     transport: 
      XHR {
        readyState: [32m'open'[39m,
        discarded: [33mfalse[39m,
        closeTimeout: [33m30000[39m,
        maxHttpBufferSize: [33m100000000[39m,
        httpCompression: [36m[Object][39m,
        supportsBinary: [33mtrue[39m,
        _events: [36m[Object][39m,
        _eventsCount: [33m5[39m,
        sid: [32m'skNlcbF4bq-a66MwAAAY'[39m,
        req: [1mnull[22m,
        res: [1mnull[22m,
        writable: [33mfalse[39m },
     _events: 
      { close: [36m[Object][39m,
        data: [36m[Function: bound ][39m,
        error: [36m[Function: bound ][39m },
     _eventsCount: [33m3[39m },
  rooms: {},
  acks: {},
  connected: [33mtrue[39m,
  disconnected: [33mfalse[39m,
  handshake: 
   { headers: 
      { host: [32m'10.210.30.148:3000'[39m,
        connection: [32m'keep-alive'[39m,
        [32m'cache-control'[39m: [32m'max-age=0'[39m,
        origin: [32m'http://10.210.30.148'[39m,
        [32m'user-agent'[39m: [32m'Mozilla/5.0 (Windows NT 5.1) AppleWebKit/537.36 (KHTML, like Gecko) Chrome/49.0.2623.112 Safari/537.36'[39m,
        accept: [32m'*/*'[39m,
        referer: [32m'http://10.210.30.148/sku/'[39m,
        [32m'accept-encoding'[39m: [32m'gzip, deflate, sdch'[39m,
        [32m'accept-language'[39m: [32m'ru-RU,ru;q=0.8,en-US;q=0.6,en;q=0.4'[39m,
        cookie: [32m'io=jkx_VAsOp4q5uqrcAAAX'[39m },
     time: [32m'Wed Sep 28 2016 14:11:44 GMT+0400 (SAMT)'[39m,
     address: [32m'::ffff:10.210.30.41'[39m,
     xdomain: [33mtrue[39m,
     secure: [33mfalse[39m,
     issued: [33m1475057504091[39m,
     url: [32m'/socket.io/?EIO=3&transport=polling&t=LTmI4sf'[39m,
     query: { EIO: [32m'3'[39m, transport: [32m'polling'[39m, t: [32m'LTmI4sf'[39m } } }
data rcv RT:[ [32m'0.00'[39m, [32m'4.26'[39m, [32m'3.41'[39m, [32m'0.00'[39m ]
data rcv RT:[ [32m'0.00'[39m, [32m'4.27'[39m, [32m'3.43'[39m, [32m'0.00'[39m ]
data rcv RT:[ [32m'0.00'[39m, [32m'4.27'[39m, [32m'3.40'[39m, [32m'0.00'[39m ]
data rcv RT:[ [32m'0.00'[39m, [32m'4.30'[39m, [32m'3.37'[39m, [32m'0.00'[39m ]
data rcv RT:[ [32m'0.00'[39m, [32m'4.33'[39m, [32m'3.39'[39m, [32m'0.02'[39m ]
data rcv RT:[ [32m'0.00'[39m, [32m'4.32'[39m, [32m'3.37'[39m, [32m'0.02'[39m ]
data rcv RT:[ [32m'0.00'[39m, [32m'4.31'[39m, [32m'3.37'[39m, [32m'0.01'[39m ]
data rcv RT:[ [32m'0.00'[39m, [32m'4.36'[39m, [32m'3.35'[39m, [32m'0.03'[39m ]
data rcv RT:[ [32m'0.00'[39m, [32m'4.37'[39m, [32m'3.41'[39m, [32m'0.02'[39m ]
data rcv RT:[ [32m'0.00'[39m, [32m'4.37'[39m, [32m'3.41'[39m, [32m'0.02'[39m ]
data rcv RT:[ [32m'0.00'[39m, [32m'4.36'[39m, [32m'3.39'[39m, [32m'0.02'[39m ]
data rcv RT:[ [32m'0.00'[39m, [32m'4.38'[39m, [32m'3.42'[39m, [32m'0.00'[39m ]
data rcv RT:[ [32m'0.00'[39m, [32m'4.37'[39m, [32m'3.42'[39m, [32m'0.00'[39m ]
data rcv RT:[ [32m'0.00'[39m, [32m'4.36'[39m, [32m'3.41'[39m, [32m'0.00'[39m ]
data rcv RT:[ [32m'0.00'[39m, [32m'4.35'[39m, [32m'3.42'[39m, [32m'0.00'[39m ]
data rcv RT:[ [32m'0.00'[39m, [32m'4.33'[39m, [32m'3.42'[39m, [32m'0.00'[39m ]
data rcv RT:[ [32m'0.00'[39m, [32m'4.32'[39m, [32m'3.43'[39m, [32m'0.00'[39m ]
data rcv RT:[ [32m'0.00'[39m, [32m'4.25'[39m, [32m'3.39'[39m, [32m'0.00'[39m ]
data rcv RT:[ [32m'0.00'[39m, [32m'4.26'[39m, [32m'3.38'[39m, [32m'0.00'[39m ]
data rcv RT:[ [32m'0.00'[39m, [32m'4.26'[39m, [32m'3.41'[39m, [32m'0.00'[39m ]
client Front End connected
Socket {
  nsp: 
   Namespace {
     name: [32m'/'[39m,
     server: 
      Server {
        nsps: [36m[Object][39m,
        _path: [32m'/socket.io'[39m,
        _serveClient: [33mtrue[39m,
        _adapter: [36m[Function: Adapter][39m,
        _origins: [32m'*:*'[39m,
        sockets: [36m[Circular][39m,
        eio: [36m[Object][39m,
        httpServer: [36m[Object][39m,
        engine: [36m[Object][39m },
     sockets: { [32m'/#j3xBsAejyZrJ5Ik2AAAZ'[39m: [36m[Circular][39m },
     connected: { [32m'/#j3xBsAejyZrJ5Ik2AAAZ'[39m: [36m[Circular][39m },
     fns: [],
     ids: [33m0[39m,
     adapter: 
      Adapter {
        nsp: [36m[Circular][39m,
        rooms: [36m[Object][39m,
        sids: [36m[Object][39m,
        encoder: Encoder {} },
     _events: { connection: [36m[Function][39m },
     _eventsCount: [33m1[39m },
  server: 
   Server {
     nsps: { [32m'/'[39m: [36m[Object][39m },
     _path: [32m'/socket.io'[39m,
     _serveClient: [33mtrue[39m,
     _adapter: [36m[Function: Adapter][39m,
     _origins: [32m'*:*'[39m,
     sockets: 
      Namespace {
        name: [32m'/'[39m,
        server: [36m[Circular][39m,
        sockets: [36m[Object][39m,
        connected: [36m[Object][39m,
        fns: [],
        ids: [33m0[39m,
        adapter: [36m[Object][39m,
        _events: [36m[Object][39m,
        _eventsCount: [33m1[39m },
     eio: 
      Server {
        clients: [36m[Object][39m,
        clientsCount: [33m1[39m,
        pingTimeout: [33m60000[39m,
        pingInterval: [33m25000[39m,
        upgradeTimeout: [33m10000[39m,
        maxHttpBufferSize: [33m100000000[39m,
        transports: [36m[Object][39m,
        allowUpgrades: [33mtrue[39m,
        allowRequest: [36m[Function: bound ][39m,
        cookie: [32m'io'[39m,
        cookiePath: [33mfalse[39m,
        perMessageDeflate: [36m[Object][39m,
        httpCompression: [36m[Object][39m,
        ws: [36m[Object][39m,
        _events: [36m[Object][39m,
        _eventsCount: [33m1[39m },
     httpServer: 
      Server {
        domain: [1mnull[22m,
        _events: [36m[Object][39m,
        _eventsCount: [33m4[39m,
        _maxListeners: [90mundefined[39m,
        _connections: [33m1[39m,
        _handle: [36m[Object][39m,
        _usingSlaves: [33mfalse[39m,
        _slaves: [],
        _unref: [33mfalse[39m,
        allowHalfOpen: [33mtrue[39m,
        pauseOnConnect: [33mfalse[39m,
        httpAllowHalfOpen: [33mfalse[39m,
        timeout: [33m120000[39m,
        _pendingResponseData: [33m0[39m,
        _connectionKey: [32m'6::::3000'[39m },
     engine: 
      Server {
        clients: [36m[Object][39m,
        clientsCount: [33m1[39m,
        pingTimeout: [33m60000[39m,
        pingInterval: [33m25000[39m,
        upgradeTimeout: [33m10000[39m,
        maxHttpBufferSize: [33m100000000[39m,
        transports: [36m[Object][39m,
        allowUpgrades: [33mtrue[39m,
        allowRequest: [36m[Function: bound ][39m,
        cookie: [32m'io'[39m,
        cookiePath: [33mfalse[39m,
        perMessageDeflate: [36m[Object][39m,
        httpCompression: [36m[Object][39m,
        ws: [36m[Object][39m,
        _events: [36m[Object][39m,
        _eventsCount: [33m1[39m } },
  adapter: 
   Adapter {
     nsp: 
      Namespace {
        name: [32m'/'[39m,
        server: [36m[Object][39m,
        sockets: [36m[Object][39m,
        connected: [36m[Object][39m,
        fns: [],
        ids: [33m0[39m,
        adapter: [36m[Circular][39m,
        _events: [36m[Object][39m,
        _eventsCount: [33m1[39m },
     rooms: { [32m'/#j3xBsAejyZrJ5Ik2AAAZ'[39m: [36m[Object][39m },
     sids: { [32m'/#j3xBsAejyZrJ5Ik2AAAZ'[39m: [36m[Object][39m },
     encoder: Encoder {} },
  id: [32m'/#j3xBsAejyZrJ5Ik2AAAZ'[39m,
  client: 
   Client {
     server: 
      Server {
        nsps: [36m[Object][39m,
        _path: [32m'/socket.io'[39m,
        _serveClient: [33mtrue[39m,
        _adapter: [36m[Function: Adapter][39m,
        _origins: [32m'*:*'[39m,
        sockets: [36m[Object][39m,
        eio: [36m[Object][39m,
        httpServer: [36m[Object][39m,
        engine: [36m[Object][39m },
     conn: 
      Socket {
        id: [32m'j3xBsAejyZrJ5Ik2AAAZ'[39m,
        server: [36m[Object][39m,
        upgrading: [33mfalse[39m,
        upgraded: [33mfalse[39m,
        readyState: [32m'open'[39m,
        writeBuffer: [36m[Object][39m,
        packetsFn: [36m[Object][39m,
        sentCallbackFn: [],
        cleanupFn: [36m[Object][39m,
        request: [36m[Object][39m,
        remoteAddress: [32m'::ffff:10.210.30.41'[39m,
        checkIntervalTimer: [1mnull[22m,
        upgradeTimeoutTimer: [1mnull[22m,
        pingTimeoutTimer: [36m[Object][39m,
        transport: [36m[Object][39m,
        _events: [36m[Object][39m,
        _eventsCount: [33m3[39m },
     encoder: Encoder {},
     decoder: Decoder { reconstructor: [1mnull[22m, _callbacks: [36m[Object][39m },
     id: [32m'j3xBsAejyZrJ5Ik2AAAZ'[39m,
     request: 
      IncomingMessage {
        _readableState: [36m[Object][39m,
        readable: [33mtrue[39m,
        domain: [1mnull[22m,
        _events: {},
        _eventsCount: [33m0[39m,
        _maxListeners: [90mundefined[39m,
        socket: [36m[Object][39m,
        connection: [36m[Object][39m,
        httpVersionMajor: [33m1[39m,
        httpVersionMinor: [33m1[39m,
        httpVersion: [32m'1.1'[39m,
        complete: [33mtrue[39m,
        headers: [36m[Object][39m,
        rawHeaders: [36m[Object][39m,
        trailers: {},
        rawTrailers: [],
        upgrade: [33mfalse[39m,
        url: [32m'/socket.io/?EIO=3&transport=polling&t=LTmI9gu'[39m,
        method: [32m'GET'[39m,
        statusCode: [1mnull[22m,
        statusMessage: [1mnull[22m,
        client: [36m[Object][39m,
        _consuming: [33mfalse[39m,
        _dumped: [33mtrue[39m,
        _query: [36m[Object][39m,
        res: [36m[Object][39m,
        cleanup: [36m[Function: cleanup][39m },
     onclose: [36m[Function: bound ][39m,
     ondata: [36m[Function: bound ][39m,
     onerror: [36m[Function: bound ][39m,
     ondecoded: [36m[Function: bound ][39m,
     sockets: { [32m'/#j3xBsAejyZrJ5Ik2AAAZ'[39m: [36m[Circular][39m },
     nsps: { [32m'/'[39m: [36m[Circular][39m },
     connectBuffer: [] },
  conn: 
   Socket {
     id: [32m'j3xBsAejyZrJ5Ik2AAAZ'[39m,
     server: 
      Server {
        clients: [36m[Object][39m,
        clientsCount: [33m1[39m,
        pingTimeout: [33m60000[39m,
        pingInterval: [33m25000[39m,
        upgradeTimeout: [33m10000[39m,
        maxHttpBufferSize: [33m100000000[39m,
        transports: [36m[Object][39m,
        allowUpgrades: [33mtrue[39m,
        allowRequest: [36m[Function: bound ][39m,
        cookie: [32m'io'[39m,
        cookiePath: [33mfalse[39m,
        perMessageDeflate: [36m[Object][39m,
        httpCompression: [36m[Object][39m,
        ws: [36m[Object][39m,
        _events: [36m[Object][39m,
        _eventsCount: [33m1[39m },
     upgrading: [33mfalse[39m,
     upgraded: [33mfalse[39m,
     readyState: [32m'open'[39m,
     writeBuffer: [ [36m[Object][39m ],
     packetsFn: [ [90mundefined[39m ],
     sentCallbackFn: [],
     cleanupFn: [ [36m[Function][39m, [36m[Function][39m ],
     request: 
      IncomingMessage {
        _readableState: [36m[Object][39m,
        readable: [33mtrue[39m,
        domain: [1mnull[22m,
        _events: {},
        _eventsCount: [33m0[39m,
        _maxListeners: [90mundefined[39m,
        socket: [36m[Object][39m,
        connection: [36m[Object][39m,
        httpVersionMajor: [33m1[39m,
        httpVersionMinor: [33m1[39m,
        httpVersion: [32m'1.1'[39m,
        complete: [33mtrue[39m,
        headers: [36m[Object][39m,
        rawHeaders: [36m[Object][39m,
        trailers: {},
        rawTrailers: [],
        upgrade: [33mfalse[39m,
        url: [32m'/socket.io/?EIO=3&transport=polling&t=LTmI9gu'[39m,
        method: [32m'GET'[39m,
        statusCode: [1mnull[22m,
        statusMessage: [1mnull[22m,
        client: [36m[Object][39m,
        _consuming: [33mfalse[39m,
        _dumped: [33mtrue[39m,
        _query: [36m[Object][39m,
        res: [36m[Object][39m,
        cleanup: [36m[Function: cleanup][39m },
     remoteAddress: [32m'::ffff:10.210.30.41'[39m,
     checkIntervalTimer: [1mnull[22m,
     upgradeTimeoutTimer: [1mnull[22m,
     pingTimeoutTimer: 
      Timeout {
        _called: [33mfalse[39m,
        _idleTimeout: [33m85000[39m,
        _idlePrev: [36m[Object][39m,
        _idleNext: [36m[Object][39m,
        _idleStart: [33m20211132[39m,
        _onTimeout: [36m[Function][39m,
        _repeat: [1mnull[22m },
     transport: 
      XHR {
        readyState: [32m'open'[39m,
        discarded: [33mfalse[39m,
        closeTimeout: [33m30000[39m,
        maxHttpBufferSize: [33m100000000[39m,
        httpCompression: [36m[Object][39m,
        supportsBinary: [33mtrue[39m,
        _events: [36m[Object][39m,
        _eventsCount: [33m5[39m,
        sid: [32m'j3xBsAejyZrJ5Ik2AAAZ'[39m,
        req: [1mnull[22m,
        res: [1mnull[22m,
        writable: [33mfalse[39m },
     _events: 
      { close: [36m[Object][39m,
        data: [36m[Function: bound ][39m,
        error: [36m[Function: bound ][39m },
     _eventsCount: [33m3[39m },
  rooms: {},
  acks: {},
  connected: [33mtrue[39m,
  disconnected: [33mfalse[39m,
  handshake: 
   { headers: 
      { host: [32m'10.210.30.148:3000'[39m,
        connection: [32m'keep-alive'[39m,
        [32m'cache-control'[39m: [32m'max-age=0'[39m,
        origin: [32m'http://10.210.30.148'[39m,
        [32m'user-agent'[39m: [32m'Mozilla/5.0 (Windows NT 5.1) AppleWebKit/537.36 (KHTML, like Gecko) Chrome/49.0.2623.112 Safari/537.36'[39m,
        accept: [32m'*/*'[39m,
        referer: [32m'http://10.210.30.148/sku/'[39m,
        [32m'accept-encoding'[39m: [32m'gzip, deflate, sdch'[39m,
        [32m'accept-language'[39m: [32m'ru-RU,ru;q=0.8,en-US;q=0.6,en;q=0.4'[39m,
        cookie: [32m'io=skNlcbF4bq-a66MwAAAY'[39m },
     time: [32m'Wed Sep 28 2016 14:12:03 GMT+0400 (SAMT)'[39m,
     address: [32m'::ffff:10.210.30.41'[39m,
     xdomain: [33mtrue[39m,
     secure: [33mfalse[39m,
     issued: [33m1475057523348[39m,
     url: [32m'/socket.io/?EIO=3&transport=polling&t=LTmI9gu'[39m,
     query: { EIO: [32m'3'[39m, transport: [32m'polling'[39m, t: [32m'LTmI9gu'[39m } } }
data rcv RT:[ [32m'0.00'[39m, [32m'4.31'[39m, [32m'3.40'[39m, [32m'0.00'[39m ]
data rcv RT:[ [32m'0.00'[39m, [32m'4.30'[39m, [32m'3.36'[39m, [32m'0.01'[39m ]
data rcv RT:[ [32m'0.00'[39m, [32m'4.31'[39m, [32m'3.37'[39m, [32m'0.00'[39m ]
data rcv RT:[ [32m'0.00'[39m, [32m'4.34'[39m, [32m'3.37'[39m, [32m'0.03'[39m ]
data rcv RT:[ [32m'0.00'[39m, [32m'4.37'[39m, [32m'3.41'[39m, [32m'0.00'[39m ]
data rcv RT:[ [32m'0.00'[39m, [32m'4.36'[39m, [32m'3.38'[39m, [32m'0.02'[39m ]
data rcv RT:[ [32m'0.00'[39m, [32m'4.35'[39m, [32m'3.42'[39m, [32m'0.00'[39m ]
data rcv RT:[ [32m'0.00'[39m, [32m'4.36'[39m, [32m'3.43'[39m, [32m'0.00'[39m ]
data rcv RT:[ [32m'0.00'[39m, [32m'4.34'[39m, [32m'3.40'[39m, [32m'0.00'[39m ]
data rcv RT:[ [32m'0.00'[39m, [32m'4.33'[39m, [32m'3.43'[39m, [32m'0.00'[39m ]
data rcv RT:[ [32m'0.00'[39m, [32m'4.31'[39m, [32m'3.42'[39m, [32m'0.00'[39m ]
data rcv RT:[ [32m'0.00'[39m, [32m'4.31'[39m, [32m'3.44'[39m, [32m'0.00'[39m ]
data rcv RT:[ [32m'0.00'[39m, [32m'4.26'[39m, [32m'3.39'[39m, [32m'0.00'[39m ]
data rcv RT:[ [32m'0.00'[39m, [32m'4.30'[39m, [32m'3.40'[39m, [32m'0.00'[39m ]
data rcv RT:[ [32m'0.00'[39m, [32m'4.27'[39m, [32m'3.37'[39m, [32m'0.00'[39m ]
data rcv RT:[ [32m'0.00'[39m, [32m'4.27'[39m, [32m'3.39'[39m, [32m'0.00'[39m ]
data rcv RT:[ [32m'0.00'[39m, [32m'4.30'[39m, [32m'3.38'[39m, [32m'0.00'[39m ]
data rcv RT:[ [32m'0.00'[39m, [32m'4.29'[39m, [32m'3.38'[39m, [32m'0.01'[39m ]
data rcv RT:[ [32m'0.00'[39m, [32m'4.31'[39m, [32m'3.37'[39m, [32m'0.01'[39m ]
data rcv RT:[ [32m'0.00'[39m, [32m'4.31'[39m, [32m'3.39'[39m, [32m'0.00'[39m ]
data rcv RT:[ [32m'0.00'[39m, [32m'4.34'[39m, [32m'3.35'[39m, [32m'0.05'[39m ]
data rcv RT:[ [32m'0.00'[39m, [32m'4.37'[39m, [32m'3.37'[39m, [32m'0.04'[39m ]
data rcv RT:[ [32m'0.00'[39m, [32m'4.39'[39m, [32m'3.41'[39m, [32m'0.01'[39m ]
data rcv RT:[ [32m'0.00'[39m, [32m'4.33'[39m, [32m'3.44'[39m, [32m'0.00'[39m ]
data rcv RT:[ [32m'0.00'[39m, [32m'4.35'[39m, [32m'3.42'[39m, [32m'0.00'[39m ]
data rcv RT:[ [32m'0.00'[39m, [32m'4.32'[39m, [32m'3.43'[39m, [32m'0.00'[39m ]
data rcv RT:[ [32m'0.00'[39m, [32m'4.35'[39m, [32m'3.43'[39m, [32m'0.00'[39m ]
data rcv RT:[ [32m'0.00'[39m, [32m'4.34'[39m, [32m'3.41'[39m, [32m'0.00'[39m ]
data rcv RT:[ [32m'0.00'[39m, [32m'4.33'[39m, [32m'3.43'[39m, [32m'0.00'[39m ]
data rcv RT:[ [32m'0.00'[39m, [32m'4.33'[39m, [32m'3.41'[39m, [32m'0.00'[39m ]
data rcv RT:[ [32m'0.00'[39m, [32m'4.31'[39m, [32m'3.42'[39m, [32m'0.00'[39m ]
data rcv RT:[ [32m'0.00'[39m, [32m'4.30'[39m, [32m'3.46'[39m, [32m'0.00'[39m ]
data rcv RT:[ [32m'0.00'[39m, [32m'4.27'[39m, [32m'3.40'[39m, [32m'0.00'[39m ]
data rcv RT:[ [32m'0.00'[39m, [32m'4.27'[39m, [32m'3.39'[39m, [32m'0.00'[39m ]
data rcv RT:[ [32m'0.00'[39m, [32m'4.28'[39m, [32m'3.38'[39m, [32m'0.00'[39m ]
data rcv RT:[ [32m'0.00'[39m, [32m'4.29'[39m, [32m'3.38'[39m, [32m'0.00'[39m ]
data rcv RT:[ [32m'0.00'[39m, [32m'4.31'[39m, [32m'3.38'[39m, [32m'0.00'[39m ]
data rcv RT:[ [32m'0.00'[39m, [32m'4.31'[39m, [32m'3.36'[39m, [32m'0.03'[39m ]
data rcv RT:[ [32m'0.00'[39m, [32m'4.36'[39m, [32m'3.40'[39m, [32m'0.01'[39m ]
data rcv RT:[ [32m'0.00'[39m, [32m'4.37'[39m, [32m'3.43'[39m, [32m'0.00'[39m ]
data rcv RT:[ [32m'0.00'[39m, [32m'4.36'[39m, [32m'3.43'[39m, [32m'0.00'[39m ]
data rcv RT:[ [32m'0.00'[39m, [32m'4.33'[39m, [32m'3.44'[39m, [32m'0.00'[39m ]
data rcv RT:[ [32m'0.00'[39m, [32m'4.35'[39m, [32m'3.44'[39m, [32m'0.00'[39m ]
data rcv RT:[ [32m'0.00'[39m, [32m'4.31'[39m, [32m'3.44'[39m, [32m'0.00'[39m ]
data rcv RT:[ [32m'0.00'[39m, [32m'4.32'[39m, [32m'3.44'[39m, [32m'0.00'[39m ]
data rcv RT:[ [32m'0.00'[39m, [32m'4.30'[39m, [32m'3.44'[39m, [32m'0.00'[39m ]
data rcv RT:[ [32m'0.00'[39m, [32m'4.29'[39m, [32m'3.43'[39m, [32m'0.00'[39m ]
data rcv RT:[ [32m'0.00'[39m, [32m'4.29'[39m, [32m'3.42'[39m, [32m'0.00'[39m ]
data rcv RT:[ [32m'0.00'[39m, [32m'4.27'[39m, [32m'3.42'[39m, [32m'0.00'[39m ]
data rcv RT:[ [32m'0.00'[39m, [32m'4.28'[39m, [32m'3.41'[39m, [32m'0.00'[39m ]
data rcv RT:[ [32m'0.00'[39m, [32m'4.26'[39m, [32m'3.39'[39m, [32m'0.00'[39m ]
data rcv RT:[ [32m'0.00'[39m, [32m'4.29'[39m, [32m'3.40'[39m, [32m'0.00'[39m ]
data rcv RT:[ [32m'0.00'[39m, [32m'4.28'[39m, [32m'3.38'[39m, [32m'0.00'[39m ]
data rcv RT:[ [32m'0.00'[39m, [32m'4.30'[39m, [32m'3.36'[39m, [32m'0.01'[39m ]
data rcv RT:[ [32m'0.00'[39m, [32m'4.33'[39m, [32m'3.38'[39m, [32m'0.01'[39m ]
data rcv RT:[ [32m'0.00'[39m, [32m'4.37'[39m, [32m'3.41'[39m, [32m'0.01'[39m ]
data rcv RT:[ [32m'0.00'[39m, [32m'4.36'[39m, [32m'3.40'[39m, [32m'0.01'[39m ]
data rcv RT:[ [32m'0.00'[39m, [32m'4.38'[39m, [32m'3.38'[39m, [32m'0.02'[39m ]
client Front End connected
Socket {
  nsp: 
   Namespace {
     name: [32m'/'[39m,
     server: 
      Server {
        nsps: [36m[Object][39m,
        _path: [32m'/socket.io'[39m,
        _serveClient: [33mtrue[39m,
        _adapter: [36m[Function: Adapter][39m,
        _origins: [32m'*:*'[39m,
        sockets: [36m[Circular][39m,
        eio: [36m[Object][39m,
        httpServer: [36m[Object][39m,
        engine: [36m[Object][39m },
     sockets: { [32m'/#rqUrJm3GDHsq2ar5AAAa'[39m: [36m[Circular][39m },
     connected: { [32m'/#rqUrJm3GDHsq2ar5AAAa'[39m: [36m[Circular][39m },
     fns: [],
     ids: [33m0[39m,
     adapter: 
      Adapter {
        nsp: [36m[Circular][39m,
        rooms: [36m[Object][39m,
        sids: [36m[Object][39m,
        encoder: Encoder {} },
     _events: { connection: [36m[Function][39m },
     _eventsCount: [33m1[39m },
  server: 
   Server {
     nsps: { [32m'/'[39m: [36m[Object][39m },
     _path: [32m'/socket.io'[39m,
     _serveClient: [33mtrue[39m,
     _adapter: [36m[Function: Adapter][39m,
     _origins: [32m'*:*'[39m,
     sockets: 
      Namespace {
        name: [32m'/'[39m,
        server: [36m[Circular][39m,
        sockets: [36m[Object][39m,
        connected: [36m[Object][39m,
        fns: [],
        ids: [33m0[39m,
        adapter: [36m[Object][39m,
        _events: [36m[Object][39m,
        _eventsCount: [33m1[39m },
     eio: 
      Server {
        clients: [36m[Object][39m,
        clientsCount: [33m1[39m,
        pingTimeout: [33m60000[39m,
        pingInterval: [33m25000[39m,
        upgradeTimeout: [33m10000[39m,
        maxHttpBufferSize: [33m100000000[39m,
        transports: [36m[Object][39m,
        allowUpgrades: [33mtrue[39m,
        allowRequest: [36m[Function: bound ][39m,
        cookie: [32m'io'[39m,
        cookiePath: [33mfalse[39m,
        perMessageDeflate: [36m[Object][39m,
        httpCompression: [36m[Object][39m,
        ws: [36m[Object][39m,
        _events: [36m[Object][39m,
        _eventsCount: [33m1[39m },
     httpServer: 
      Server {
        domain: [1mnull[22m,
        _events: [36m[Object][39m,
        _eventsCount: [33m4[39m,
        _maxListeners: [90mundefined[39m,
        _connections: [33m1[39m,
        _handle: [36m[Object][39m,
        _usingSlaves: [33mfalse[39m,
        _slaves: [],
        _unref: [33mfalse[39m,
        allowHalfOpen: [33mtrue[39m,
        pauseOnConnect: [33mfalse[39m,
        httpAllowHalfOpen: [33mfalse[39m,
        timeout: [33m120000[39m,
        _pendingResponseData: [33m0[39m,
        _connectionKey: [32m'6::::3000'[39m },
     engine: 
      Server {
        clients: [36m[Object][39m,
        clientsCount: [33m1[39m,
        pingTimeout: [33m60000[39m,
        pingInterval: [33m25000[39m,
        upgradeTimeout: [33m10000[39m,
        maxHttpBufferSize: [33m100000000[39m,
        transports: [36m[Object][39m,
        allowUpgrades: [33mtrue[39m,
        allowRequest: [36m[Function: bound ][39m,
        cookie: [32m'io'[39m,
        cookiePath: [33mfalse[39m,
        perMessageDeflate: [36m[Object][39m,
        httpCompression: [36m[Object][39m,
        ws: [36m[Object][39m,
        _events: [36m[Object][39m,
        _eventsCount: [33m1[39m } },
  adapter: 
   Adapter {
     nsp: 
      Namespace {
        name: [32m'/'[39m,
        server: [36m[Object][39m,
        sockets: [36m[Object][39m,
        connected: [36m[Object][39m,
        fns: [],
        ids: [33m0[39m,
        adapter: [36m[Circular][39m,
        _events: [36m[Object][39m,
        _eventsCount: [33m1[39m },
     rooms: { [32m'/#rqUrJm3GDHsq2ar5AAAa'[39m: [36m[Object][39m },
     sids: { [32m'/#rqUrJm3GDHsq2ar5AAAa'[39m: [36m[Object][39m },
     encoder: Encoder {} },
  id: [32m'/#rqUrJm3GDHsq2ar5AAAa'[39m,
  client: 
   Client {
     server: 
      Server {
        nsps: [36m[Object][39m,
        _path: [32m'/socket.io'[39m,
        _serveClient: [33mtrue[39m,
        _adapter: [36m[Function: Adapter][39m,
        _origins: [32m'*:*'[39m,
        sockets: [36m[Object][39m,
        eio: [36m[Object][39m,
        httpServer: [36m[Object][39m,
        engine: [36m[Object][39m },
     conn: 
      Socket {
        id: [32m'rqUrJm3GDHsq2ar5AAAa'[39m,
        server: [36m[Object][39m,
        upgrading: [33mfalse[39m,
        upgraded: [33mfalse[39m,
        readyState: [32m'open'[39m,
        writeBuffer: [36m[Object][39m,
        packetsFn: [36m[Object][39m,
        sentCallbackFn: [],
        cleanupFn: [36m[Object][39m,
        request: [36m[Object][39m,
        remoteAddress: [32m'::ffff:10.210.30.41'[39m,
        checkIntervalTimer: [1mnull[22m,
        upgradeTimeoutTimer: [1mnull[22m,
        pingTimeoutTimer: [36m[Object][39m,
        transport: [36m[Object][39m,
        _events: [36m[Object][39m,
        _eventsCount: [33m3[39m },
     encoder: Encoder {},
     decoder: Decoder { reconstructor: [1mnull[22m, _callbacks: [36m[Object][39m },
     id: [32m'rqUrJm3GDHsq2ar5AAAa'[39m,
     request: 
      IncomingMessage {
        _readableState: [36m[Object][39m,
        readable: [33mtrue[39m,
        domain: [1mnull[22m,
        _events: {},
        _eventsCount: [33m0[39m,
        _maxListeners: [90mundefined[39m,
        socket: [36m[Object][39m,
        connection: [36m[Object][39m,
        httpVersionMajor: [33m1[39m,
        httpVersionMinor: [33m1[39m,
        httpVersion: [32m'1.1'[39m,
        complete: [33mtrue[39m,
        headers: [36m[Object][39m,
        rawHeaders: [36m[Object][39m,
        trailers: {},
        rawTrailers: [],
        upgrade: [33mfalse[39m,
        url: [32m'/socket.io/?EIO=3&transport=polling&t=LTmIORk'[39m,
        method: [32m'GET'[39m,
        statusCode: [1mnull[22m,
        statusMessage: [1mnull[22m,
        client: [36m[Object][39m,
        _consuming: [33mfalse[39m,
        _dumped: [33mtrue[39m,
        _query: [36m[Object][39m,
        res: [36m[Object][39m,
        cleanup: [36m[Function: cleanup][39m },
     onclose: [36m[Function: bound ][39m,
     ondata: [36m[Function: bound ][39m,
     onerror: [36m[Function: bound ][39m,
     ondecoded: [36m[Function: bound ][39m,
     sockets: { [32m'/#rqUrJm3GDHsq2ar5AAAa'[39m: [36m[Circular][39m },
     nsps: { [32m'/'[39m: [36m[Circular][39m },
     connectBuffer: [] },
  conn: 
   Socket {
     id: [32m'rqUrJm3GDHsq2ar5AAAa'[39m,
     server: 
      Server {
        clients: [36m[Object][39m,
        clientsCount: [33m1[39m,
        pingTimeout: [33m60000[39m,
        pingInterval: [33m25000[39m,
        upgradeTimeout: [33m10000[39m,
        maxHttpBufferSize: [33m100000000[39m,
        transports: [36m[Object][39m,
        allowUpgrades: [33mtrue[39m,
        allowRequest: [36m[Function: bound ][39m,
        cookie: [32m'io'[39m,
        cookiePath: [33mfalse[39m,
        perMessageDeflate: [36m[Object][39m,
        httpCompression: [36m[Object][39m,
        ws: [36m[Object][39m,
        _events: [36m[Object][39m,
        _eventsCount: [33m1[39m },
     upgrading: [33mfalse[39m,
     upgraded: [33mfalse[39m,
     readyState: [32m'open'[39m,
     writeBuffer: [ [36m[Object][39m ],
     packetsFn: [ [90mundefined[39m ],
     sentCallbackFn: [],
     cleanupFn: [ [36m[Function][39m, [36m[Function][39m ],
     request: 
      IncomingMessage {
        _readableState: [36m[Object][39m,
        readable: [33mtrue[39m,
        domain: [1mnull[22m,
        _events: {},
        _eventsCount: [33m0[39m,
        _maxListeners: [90mundefined[39m,
        socket: [36m[Object][39m,
        connection: [36m[Object][39m,
        httpVersionMajor: [33m1[39m,
        httpVersionMinor: [33m1[39m,
        httpVersion: [32m'1.1'[39m,
        complete: [33mtrue[39m,
        headers: [36m[Object][39m,
        rawHeaders: [36m[Object][39m,
        trailers: {},
        rawTrailers: [],
        upgrade: [33mfalse[39m,
        url: [32m'/socket.io/?EIO=3&transport=polling&t=LTmIORk'[39m,
        method: [32m'GET'[39m,
        statusCode: [1mnull[22m,
        statusMessage: [1mnull[22m,
        client: [36m[Object][39m,
        _consuming: [33mfalse[39m,
        _dumped: [33mtrue[39m,
        _query: [36m[Object][39m,
        res: [36m[Object][39m,
        cleanup: [36m[Function: cleanup][39m },
     remoteAddress: [32m'::ffff:10.210.30.41'[39m,
     checkIntervalTimer: [1mnull[22m,
     upgradeTimeoutTimer: [1mnull[22m,
     pingTimeoutTimer: 
      Timeout {
        _called: [33mfalse[39m,
        _idleTimeout: [33m85000[39m,
        _idlePrev: [36m[Object][39m,
        _idleNext: [36m[Object][39m,
        _idleStart: [33m20270072[39m,
        _onTimeout: [36m[Function][39m,
        _repeat: [1mnull[22m },
     transport: 
      XHR {
        readyState: [32m'open'[39m,
        discarded: [33mfalse[39m,
        closeTimeout: [33m30000[39m,
        maxHttpBufferSize: [33m100000000[39m,
        httpCompression: [36m[Object][39m,
        supportsBinary: [33mtrue[39m,
        _events: [36m[Object][39m,
        _eventsCount: [33m5[39m,
        sid: [32m'rqUrJm3GDHsq2ar5AAAa'[39m,
        req: [1mnull[22m,
        res: [1mnull[22m,
        writable: [33mfalse[39m },
     _events: 
      { close: [36m[Object][39m,
        data: [36m[Function: bound ][39m,
        error: [36m[Function: bound ][39m },
     _eventsCount: [33m3[39m },
  rooms: {},
  acks: {},
  connected: [33mtrue[39m,
  disconnected: [33mfalse[39m,
  handshake: 
   { headers: 
      { host: [32m'10.210.30.148:3000'[39m,
        connection: [32m'keep-alive'[39m,
        [32m'cache-control'[39m: [32m'max-age=0'[39m,
        origin: [32m'http://10.210.30.148'[39m,
        [32m'user-agent'[39m: [32m'Mozilla/5.0 (Windows NT 5.1) AppleWebKit/537.36 (KHTML, like Gecko) Chrome/49.0.2623.112 Safari/537.36'[39m,
        accept: [32m'*/*'[39m,
        referer: [32m'http://10.210.30.148/sku/'[39m,
        [32m'accept-encoding'[39m: [32m'gzip, deflate, sdch'[39m,
        [32m'accept-language'[39m: [32m'ru-RU,ru;q=0.8,en-US;q=0.6,en;q=0.4'[39m,
        cookie: [32m'io=j3xBsAejyZrJ5Ik2AAAZ'[39m },
     time: [32m'Wed Sep 28 2016 14:13:02 GMT+0400 (SAMT)'[39m,
     address: [32m'::ffff:10.210.30.41'[39m,
     xdomain: [33mtrue[39m,
     secure: [33mfalse[39m,
     issued: [33m1475057582288[39m,
     url: [32m'/socket.io/?EIO=3&transport=polling&t=LTmIORk'[39m,
     query: { EIO: [32m'3'[39m, transport: [32m'polling'[39m, t: [32m'LTmIORk'[39m } } }
data rcv RT:[ [32m'0.00'[39m, [32m'4.35'[39m, [32m'3.43'[39m, [32m'0.02'[39m ]
data rcv RT:[ [32m'0.00'[39m, [32m'4.37'[39m, [32m'3.39'[39m, [32m'0.00'[39m ]
data rcv RT:[ [32m'0.00'[39m, [32m'4.33'[39m, [32m'3.44'[39m, [32m'0.00'[39m ]
data rcv RT:[ [32m'0.00'[39m, [32m'4.34'[39m, [32m'3.44'[39m, [32m'0.00'[39m ]
data rcv RT:[ [32m'0.00'[39m, [32m'4.31'[39m, [32m'3.41'[39m, [32m'0.00'[39m ]
data rcv RT:[ [32m'0.00'[39m, [32m'4.30'[39m, [32m'3.43'[39m, [32m'0.00'[39m ]
data rcv RT:[ [32m'0.00'[39m, [32m'4.30'[39m, [32m'3.43'[39m, [32m'0.00'[39m ]
data rcv RT:[ [32m'0.00'[39m, [32m'4.29'[39m, [32m'3.43'[39m, [32m'0.00'[39m ]
data rcv RT:[ [32m'0.00'[39m, [32m'4.25'[39m, [32m'3.41'[39m, [32m'0.00'[39m ]
data rcv RT:[ [32m'0.00'[39m, [32m'4.27'[39m, [32m'3.39'[39m, [32m'0.00'[39m ]
data rcv RT:[ [32m'0.00'[39m, [32m'4.27'[39m, [32m'3.37'[39m, [32m'0.00'[39m ]
data rcv RT:[ [32m'0.00'[39m, [32m'4.32'[39m, [32m'3.39'[39m, [32m'0.00'[39m ]
data rcv RT:[ [32m'0.00'[39m, [32m'4.32'[39m, [32m'3.37'[39m, [32m'0.00'[39m ]
data rcv RT:[ [32m'0.00'[39m, [32m'4.32'[39m, [32m'3.36'[39m, [32m'0.05'[39m ]
data rcv RT:[ [32m'0.00'[39m, [32m'4.35'[39m, [32m'3.35'[39m, [32m'0.07'[39m ]
data rcv RT:[ [32m'0.00'[39m, [32m'4.38'[39m, [32m'3.40'[39m, [32m'0.01'[39m ]
data rcv RT:[ [32m'0.00'[39m, [32m'4.36'[39m, [32m'3.43'[39m, [32m'0.00'[39m ]
data rcv RT:[ [32m'0.00'[39m, [32m'4.34'[39m, [32m'3.43'[39m, [32m'0.00'[39m ]
data rcv RT:[ [32m'0.00'[39m, [32m'4.33'[39m, [32m'3.42'[39m, [32m'0.00'[39m ]
data rcv RT:[ [32m'0.00'[39m, [32m'4.29'[39m, [32m'3.45'[39m, [32m'0.00'[39m ]
data rcv RT:[ [32m'0.00'[39m, [32m'4.30'[39m, [32m'3.43'[39m, [32m'0.00'[39m ]
data rcv RT:[ [32m'0.00'[39m, [32m'4.25'[39m, [32m'3.39'[39m, [32m'0.00'[39m ]
data rcv RT:[ [32m'0.00'[39m, [32m'4.29'[39m, [32m'3.38'[39m, [32m'0.00'[39m ]
data rcv RT:[ [32m'0.00'[39m, [32m'4.32'[39m, [32m'3.39'[39m, [32m'0.01'[39m ]
data rcv RT:[ [32m'0.00'[39m, [32m'4.33'[39m, [32m'3.38'[39m, [32m'0.01'[39m ]
data rcv RT:[ [32m'0.00'[39m, [32m'4.33'[39m, [32m'3.38'[39m, [32m'0.02'[39m ]
data rcv RT:[ [32m'0.00'[39m, [32m'4.35'[39m, [32m'3.38'[39m, [32m'0.05'[39m ]
data rcv RT:[ [32m'0.00'[39m, [32m'4.35'[39m, [32m'3.37'[39m, [32m'0.04'[39m ]
data rcv RT:[ [32m'0.00'[39m, [32m'4.36'[39m, [32m'3.38'[39m, [32m'0.01'[39m ]
data rcv RT:[ [32m'0.00'[39m, [32m'4.38'[39m, [32m'3.40'[39m, [32m'0.00'[39m ]
data rcv RT:[ [32m'0.00'[39m, [32m'4.36'[39m, [32m'3.41'[39m, [32m'0.00'[39m ]
data rcv RT:[ [32m'0.00'[39m, [32m'4.31'[39m, [32m'3.42'[39m, [32m'0.00'[39m ]
data rcv RT:[ [32m'0.00'[39m, [32m'4.32'[39m, [32m'3.42'[39m, [32m'0.00'[39m ]
data rcv RT:[ [32m'0.00'[39m, [32m'4.30'[39m, [32m'3.44'[39m, [32m'0.00'[39m ]
data rcv RT:[ [32m'0.00'[39m, [32m'4.28'[39m, [32m'3.45'[39m, [32m'0.00'[39m ]
data rcv RT:[ [32m'0.00'[39m, [32m'4.25'[39m, [32m'3.40'[39m, [32m'0.00'[39m ]
data rcv RT:[ [32m'0.00'[39m, [32m'4.29'[39m, [32m'3.40'[39m, [32m'0.00'[39m ]
data rcv RT:[ [32m'0.00'[39m, [32m'4.27'[39m, [32m'3.38'[39m, [32m'0.00'[39m ]
data rcv RT:[ [32m'0.00'[39m, [32m'4.28'[39m, [32m'3.38'[39m, [32m'0.00'[39m ]
data rcv RT:[ [32m'0.00'[39m, [32m'4.29'[39m, [32m'3.39'[39m, [32m'0.00'[39m ]
data rcv RT:[ [32m'0.00'[39m, [32m'4.34'[39m, [32m'3.37'[39m, [32m'0.02'[39m ]
data rcv RT:[ [32m'0.00'[39m, [32m'4.37'[39m, [32m'3.40'[39m, [32m'0.02'[39m ]
data rcv RT:[ [32m'0.00'[39m, [32m'4.37'[39m, [32m'3.39'[39m, [32m'0.00'[39m ]
data rcv RT:[ [32m'0.00'[39m, [32m'4.37'[39m, [32m'3.37'[39m, [32m'0.04'[39m ]
data rcv RT:[ [32m'0.00'[39m, [32m'4.36'[39m, [32m'3.43'[39m, [32m'0.00'[39m ]
data rcv RT:[ [32m'0.00'[39m, [32m'4.34'[39m, [32m'3.42'[39m, [32m'0.00'[39m ]
data rcv RT:[ [32m'0.00'[39m, [32m'4.32'[39m, [32m'3.44'[39m, [32m'0.00'[39m ]
data rcv RT:[ [32m'0.00'[39m, [32m'4.32'[39m, [32m'3.41'[39m, [32m'0.00'[39m ]
data rcv RT:[ [32m'0.00'[39m, [32m'4.31'[39m, [32m'3.44'[39m, [32m'0.00'[39m ]
data rcv RT:[ [32m'0.00'[39m, [32m'4.31'[39m, [32m'3.42'[39m, [32m'0.00'[39m ]
data rcv RT:[ [32m'0.00'[39m, [32m'4.27'[39m, [32m'3.44'[39m, [32m'0.00'[39m ]
data rcv RT:[ [32m'0.00'[39m, [32m'4.27'[39m, [32m'3.38'[39m, [32m'0.00'[39m ]
data rcv RT:[ [32m'0.00'[39m, [32m'4.28'[39m, [32m'3.39'[39m, [32m'0.00'[39m ]
data rcv RT:[ [32m'0.00'[39m, [32m'4.29'[39m, [32m'3.40'[39m, [32m'0.00'[39m ]
data rcv RT:[ [32m'0.00'[39m, [32m'4.29'[39m, [32m'3.37'[39m, [32m'0.00'[39m ]
data rcv RT:[ [32m'0.00'[39m, [32m'4.32'[39m, [32m'3.36'[39m, [32m'0.01'[39m ]
data rcv RT:[ [32m'0.00'[39m, [32m'4.33'[39m, [32m'3.38'[39m, [32m'0.02'[39m ]
data rcv RT:[ [32m'0.00'[39m, [32m'4.34'[39m, [32m'3.36'[39m, [32m'0.03'[39m ]
data rcv RT:[ [32m'0.00'[39m, [32m'4.36'[39m, [32m'3.41'[39m, [32m'0.02'[39m ]
data rcv RT:[ [32m'0.00'[39m, [32m'4.36'[39m, [32m'3.40'[39m, [32m'0.01'[39m ]
data rcv RT:[ [32m'0.00'[39m, [32m'4.37'[39m, [32m'3.40'[39m, [32m'0.00'[39m ]
data rcv RT:[ [32m'0.00'[39m, [32m'4.33'[39m, [32m'3.41'[39m, [32m'0.00'[39m ]
data rcv RT:[ [32m'0.00'[39m, [32m'4.30'[39m, [32m'3.43'[39m, [32m'0.00'[39m ]
data rcv RT:[ [32m'0.00'[39m, [32m'4.34'[39m, [32m'3.43'[39m, [32m'0.00'[39m ]
data rcv RT:[ [32m'0.00'[39m, [32m'4.29'[39m, [32m'3.43'[39m, [32m'0.00'[39m ]
data rcv RT:[ [32m'0.00'[39m, [32m'4.28'[39m, [32m'3.44'[39m, [32m'0.00'[39m ]
data rcv RT:[ [32m'0.00'[39m, [32m'4.27'[39m, [32m'3.40'[39m, [32m'0.00'[39m ]
data rcv RT:[ [32m'0.00'[39m, [32m'4.27'[39m, [32m'3.41'[39m, [32m'0.00'[39m ]
data rcv RT:[ [32m'0.00'[39m, [32m'4.25'[39m, [32m'3.40'[39m, [32m'0.00'[39m ]
data rcv RT:[ [32m'0.00'[39m, [32m'4.29'[39m, [32m'3.38'[39m, [32m'0.00'[39m ]
data rcv RT:[ [32m'0.00'[39m, [32m'4.29'[39m, [32m'3.39'[39m, [32m'0.00'[39m ]
data rcv RT:[ [32m'0.00'[39m, [32m'4.27'[39m, [32m'3.37'[39m, [32m'0.00'[39m ]
data rcv RT:[ [32m'0.00'[39m, [32m'4.32'[39m, [32m'3.39'[39m, [32m'0.00'[39m ]
data rcv RT:[ [32m'0.00'[39m, [32m'4.33'[39m, [32m'3.38'[39m, [32m'0.01'[39m ]
data rcv RT:[ [32m'0.00'[39m, [32m'4.34'[39m, [32m'3.36'[39m, [32m'0.04'[39m ]
data rcv RT:[ [32m'0.00'[39m, [32m'4.37'[39m, [32m'3.40'[39m, [32m'0.01'[39m ]
data rcv RT:[ [32m'0.00'[39m, [32m'4.36'[39m, [32m'3.42'[39m, [32m'0.00'[39m ]
data rcv RT:[ [32m'0.00'[39m, [32m'4.31'[39m, [32m'3.42'[39m, [32m'0.00'[39m ]
data rcv RT:[ [32m'0.00'[39m, [32m'4.32'[39m, [32m'3.45'[39m, [32m'0.00'[39m ]
data rcv RT:[ [32m'0.00'[39m, [32m'4.28'[39m, [32m'3.43'[39m, [32m'0.00'[39m ]
data rcv RT:[ [32m'0.00'[39m, [32m'4.30'[39m, [32m'3.43'[39m, [32m'0.00'[39m ]
data rcv RT:[ [32m'0.00'[39m, [32m'4.30'[39m, [32m'3.46'[39m, [32m'0.00'[39m ]
data rcv RT:[ [32m'0.00'[39m, [32m'4.29'[39m, [32m'3.43'[39m, [32m'0.00'[39m ]
data rcv RT:[ [32m'0.00'[39m, [32m'4.28'[39m, [32m'3.45'[39m, [32m'0.00'[39m ]
data rcv RT:[ [32m'0.00'[39m, [32m'4.28'[39m, [32m'3.39'[39m, [32m'0.00'[39m ]
data rcv RT:[ [32m'0.00'[39m, [32m'4.28'[39m, [32m'3.37'[39m, [32m'0.00'[39m ]
data rcv RT:[ [32m'0.00'[39m, [32m'4.27'[39m, [32m'3.38'[39m, [32m'0.00'[39m ]
data rcv RT:[ [32m'0.00'[39m, [32m'4.32'[39m, [32m'3.36'[39m, [32m'0.00'[39m ]
data rcv RT:[ [32m'0.00'[39m, [32m'4.32'[39m, [32m'3.38'[39m, [32m'0.01'[39m ]
data rcv RT:[ [32m'0.00'[39m, [32m'4.34'[39m, [32m'3.37'[39m, [32m'0.01'[39m ]
data rcv RT:[ [32m'0.00'[39m, [32m'4.36'[39m, [32m'3.40'[39m, [32m'0.03'[39m ]
data rcv RT:[ [32m'0.00'[39m, [32m'4.36'[39m, [32m'3.37'[39m, [32m'0.03'[39m ]
data rcv RT:[ [32m'0.00'[39m, [32m'4.39'[39m, [32m'3.41'[39m, [32m'0.01'[39m ]
data rcv RT:[ [32m'0.00'[39m, [32m'4.37'[39m, [32m'3.42'[39m, [32m'0.00'[39m ]
data rcv RT:[ [32m'0.00'[39m, [32m'4.38'[39m, [32m'3.41'[39m, [32m'0.00'[39m ]
data rcv RT:[ [32m'0.00'[39m, [32m'4.33'[39m, [32m'3.44'[39m, [32m'0.00'[39m ]
data rcv RT:[ [32m'0.00'[39m, [32m'4.33'[39m, [32m'3.41'[39m, [32m'0.00'[39m ]
data rcv RT:[ [32m'0.00'[39m, [32m'4.29'[39m, [32m'3.44'[39m, [32m'0.00'[39m ]
data rcv RT:[ [32m'0.00'[39m, [32m'4.30'[39m, [32m'3.43'[39m, [32m'0.00'[39m ]
data rcv RT:[ [32m'0.00'[39m, [32m'4.26'[39m, [32m'3.42'[39m, [32m'0.00'[39m ]
data rcv RT:[ [32m'0.00'[39m, [32m'4.27'[39m, [32m'3.39'[39m, [32m'0.00'[39m ]
data rcv RT:[ [32m'0.00'[39m, [32m'4.28'[39m, [32m'3.43'[39m, [32m'0.00'[39m ]
data rcv RT:[ [32m'0.00'[39m, [32m'4.27'[39m, [32m'3.39'[39m, [32m'0.00'[39m ]
data rcv RT:[ [32m'0.00'[39m, [32m'4.26'[39m, [32m'3.39'[39m, [32m'0.00'[39m ]
data rcv RT:[ [32m'0.00'[39m, [32m'4.28'[39m, [32m'3.38'[39m, [32m'0.00'[39m ]
data rcv RT:[ [32m'0.00'[39m, [32m'4.32'[39m, [32m'3.38'[39m, [32m'0.01'[39m ]
data rcv RT:[ [32m'0.00'[39m, [32m'4.34'[39m, [32m'3.37'[39m, [32m'0.02'[39m ]
data rcv RT:[ [32m'0.00'[39m, [32m'4.35'[39m, [32m'3.39'[39m, [32m'0.01'[39m ]
data rcv RT:[ [32m'0.00'[39m, [32m'4.38'[39m, [32m'3.37'[39m, [32m'0.02'[39m ]
data rcv RT:[ [32m'0.00'[39m, [32m'4.38'[39m, [32m'3.40'[39m, [32m'0.01'[39m ]
data rcv RT:[ [32m'0.00'[39m, [32m'4.37'[39m, [32m'3.41'[39m, [32m'0.00'[39m ]
data rcv RT:[ [32m'0.00'[39m, [32m'4.32'[39m, [32m'3.44'[39m, [32m'0.00'[39m ]
data rcv RT:[ [32m'0.00'[39m, [32m'4.32'[39m, [32m'3.43'[39m, [32m'0.00'[39m ]
data rcv RT:[ [32m'0.00'[39m, [32m'4.31'[39m, [32m'3.44'[39m, [32m'0.00'[39m ]
data rcv RT:[ [32m'0.00'[39m, [32m'4.30'[39m, [32m'3.43'[39m, [32m'0.00'[39m ]
data rcv RT:[ [32m'0.00'[39m, [32m'4.29'[39m, [32m'3.43'[39m, [32m'0.00'[39m ]
data rcv RT:[ [32m'0.00'[39m, [32m'4.25'[39m, [32m'3.43'[39m, [32m'0.00'[39m ]
data rcv RT:[ [32m'0.00'[39m, [32m'4.27'[39m, [32m'3.37'[39m, [32m'0.00'[39m ]
data rcv RT:[ [32m'0.00'[39m, [32m'4.25'[39m, [32m'3.39'[39m, [32m'0.00'[39m ]
data rcv RT:[ [32m'0.00'[39m, [32m'4.27'[39m, [32m'3.39'[39m, [32m'0.00'[39m ]
data rcv RT:[ [32m'0.00'[39m, [32m'4.32'[39m, [32m'3.37'[39m, [32m'0.01'[39m ]
data rcv RT:[ [32m'0.00'[39m, [32m'4.31'[39m, [32m'3.36'[39m, [32m'0.01'[39m ]
data rcv RT:[ [32m'0.00'[39m, [32m'4.34'[39m, [32m'3.38'[39m, [32m'0.02'[39m ]
data rcv RT:[ [32m'0.00'[39m, [32m'4.35'[39m, [32m'3.38'[39m, [32m'0.01'[39m ]
data rcv RT:[ [32m'0.00'[39m, [32m'4.37'[39m, [32m'3.40'[39m, [32m'0.01'[39m ]
data rcv RT:[ [32m'0.00'[39m, [32m'4.37'[39m, [32m'3.38'[39m, [32m'0.02'[39m ]
data rcv RT:[ [32m'0.00'[39m, [32m'4.36'[39m, [32m'3.41'[39m, [32m'0.00'[39m ]
data rcv RT:[ [32m'0.00'[39m, [32m'4.35'[39m, [32m'3.43'[39m, [32m'0.00'[39m ]
data rcv RT:[ [32m'0.00'[39m, [32m'4.34'[39m, [32m'3.43'[39m, [32m'0.00'[39m ]
data rcv RT:[ [32m'0.00'[39m, [32m'4.33'[39m, [32m'3.42'[39m, [32m'0.00'[39m ]
data rcv RT:[ [32m'0.00'[39m, [32m'4.32'[39m, [32m'3.44'[39m, [32m'0.00'[39m ]
data rcv RT:[ [32m'0.00'[39m, [32m'4.30'[39m, [32m'3.42'[39m, [32m'0.00'[39m ]
data rcv RT:[ [32m'0.00'[39m, [32m'4.30'[39m, [32m'3.44'[39m, [32m'0.00'[39m ]
data rcv RT:[ [32m'0.00'[39m, [32m'4.29'[39m, [32m'3.42'[39m, [32m'0.00'[39m ]
data rcv RT:[ [32m'0.00'[39m, [32m'4.26'[39m, [32m'3.38'[39m, [32m'0.00'[39m ]
data rcv RT:[ [32m'0.00'[39m, [32m'4.29'[39m, [32m'3.38'[39m, [32m'0.00'[39m ]
data rcv RT:[ [32m'0.00'[39m, [32m'4.27'[39m, [32m'3.39'[39m, [32m'0.00'[39m ]
data rcv RT:[ [32m'0.00'[39m, [32m'4.31'[39m, [32m'3.37'[39m, [32m'0.00'[39m ]
data rcv RT:[ [32m'0.00'[39m, [32m'4.34'[39m, [32m'3.37'[39m, [32m'0.02'[39m ]
data rcv RT:[ [32m'0.00'[39m, [32m'4.37'[39m, [32m'3.39'[39m, [32m'0.01'[39m ]
data rcv RT:[ [32m'0.00'[39m, [32m'4.36'[39m, [32m'3.37'[39m, [32m'0.05'[39m ]
data rcv RT:[ [32m'0.00'[39m, [32m'4.38'[39m, [32m'3.38'[39m, [32m'0.02'[39m ]
data rcv RT:[ [32m'0.00'[39m, [32m'4.36'[39m, [32m'3.42'[39m, [32m'0.00'[39m ]
data rcv RT:[ [32m'0.00'[39m, [32m'4.35'[39m, [32m'3.42'[39m, [32m'0.00'[39m ]
data rcv RT:[ [32m'0.00'[39m, [32m'4.37'[39m, [32m'3.43'[39m, [32m'0.00'[39m ]
data rcv RT:[ [32m'0.00'[39m, [32m'4.31'[39m, [32m'3.43'[39m, [32m'0.00'[39m ]
data rcv RT:[ [32m'0.00'[39m, [32m'4.31'[39m, [32m'3.43'[39m, [32m'0.00'[39m ]
data rcv RT:[ [32m'0.00'[39m, [32m'4.32'[39m, [32m'3.44'[39m, [32m'0.00'[39m ]
data rcv RT:[ [32m'0.00'[39m, [32m'4.29'[39m, [32m'3.43'[39m, [32m'0.00'[39m ]
data rcv RT:[ [32m'0.00'[39m, [32m'4.29'[39m, [32m'3.42'[39m, [32m'0.00'[39m ]
data rcv RT:[ [32m'0.00'[39m, [32m'4.25'[39m, [32m'3.40'[39m, [32m'0.00'[39m ]
data rcv RT:[ [32m'0.00'[39m, [32m'4.29'[39m, [32m'3.38'[39m, [32m'0.01'[39m ]
data rcv RT:[ [32m'0.00'[39m, [32m'4.28'[39m, [32m'3.37'[39m, [32m'0.00'[39m ]
data rcv RT:[ [32m'0.00'[39m, [32m'4.31'[39m, [32m'3.38'[39m, [32m'0.00'[39m ]
data rcv RT:[ [32m'0.00'[39m, [32m'4.30'[39m, [32m'3.39'[39m, [32m'0.01'[39m ]
data rcv RT:[ [32m'0.00'[39m, [32m'4.37'[39m, [32m'3.37'[39m, [32m'0.03'[39m ]
data rcv RT:[ [32m'0.00'[39m, [32m'4.34'[39m, [32m'3.38'[39m, [32m'0.00'[39m ]
data rcv RT:[ [32m'0.00'[39m, [32m'4.38'[39m, [32m'3.39'[39m, [32m'0.02'[39m ]
data rcv RT:[ [32m'0.00'[39m, [32m'4.34'[39m, [32m'3.40'[39m, [32m'0.00'[39m ]
data rcv RT:[ [32m'0.00'[39m, [32m'4.35'[39m, [32m'3.43'[39m, [32m'0.00'[39m ]
data rcv RT:[ [32m'0.00'[39m, [32m'4.36'[39m, [32m'3.40'[39m, [32m'0.00'[39m ]
data rcv RT:[ [32m'0.00'[39m, [32m'4.30'[39m, [32m'3.44'[39m, [32m'0.00'[39m ]
data rcv RT:[ [32m'0.00'[39m, [32m'4.33'[39m, [32m'3.42'[39m, [32m'0.00'[39m ]
data rcv RT:[ [32m'0.00'[39m, [32m'4.29'[39m, [32m'3.43'[39m, [32m'0.00'[39m ]
data rcv RT:[ [32m'0.00'[39m, [32m'4.28'[39m, [32m'3.43'[39m, [32m'0.00'[39m ]
data rcv RT:[ [32m'0.00'[39m, [32m'4.29'[39m, [32m'3.45'[39m, [32m'0.00'[39m ]
data rcv RT:[ [32m'0.00'[39m, [32m'4.27'[39m, [32m'3.42'[39m, [32m'0.00'[39m ]
data rcv RT:[ [32m'0.00'[39m, [32m'4.26'[39m, [32m'3.43'[39m, [32m'0.00'[39m ]
data rcv RT:[ [32m'0.00'[39m, [32m'4.26'[39m, [32m'3.36'[39m, [32m'0.00'[39m ]
data rcv RT:[ [32m'0.00'[39m, [32m'4.27'[39m, [32m'3.38'[39m, [32m'0.00'[39m ]
data rcv RT:[ [32m'0.00'[39m, [32m'4.29'[39m, [32m'3.39'[39m, [32m'0.00'[39m ]
data rcv RT:[ [32m'0.00'[39m, [32m'4.32'[39m, [32m'3.38'[39m, [32m'0.01'[39m ]
data rcv RT:[ [32m'0.00'[39m, [32m'4.33'[39m, [32m'3.40'[39m, [32m'0.00'[39m ]
data rcv RT:[ [32m'0.00'[39m, [32m'4.38'[39m, [32m'3.40'[39m, [32m'0.02'[39m ]
data rcv RT:[ [32m'0.00'[39m, [32m'4.37'[39m, [32m'3.38'[39m, [32m'0.02'[39m ]
data rcv RT:[ [32m'0.00'[39m, [32m'4.37'[39m, [32m'3.40'[39m, [32m'0.03'[39m ]
data rcv RT:[ [32m'0.00'[39m, [32m'4.33'[39m, [32m'3.41'[39m, [32m'0.00'[39m ]
data rcv RT:[ [32m'0.00'[39m, [32m'4.32'[39m, [32m'3.42'[39m, [32m'0.00'[39m ]
data rcv RT:[ [32m'0.00'[39m, [32m'4.29'[39m, [32m'3.40'[39m, [32m'0.00'[39m ]
data rcv RT:[ [32m'0.00'[39m, [32m'4.30'[39m, [32m'3.42'[39m, [32m'0.00'[39m ]
data rcv RT:[ [32m'0.00'[39m, [32m'4.30'[39m, [32m'3.45'[39m, [32m'0.00'[39m ]
data rcv RT:[ [32m'0.00'[39m, [32m'4.26'[39m, [32m'3.40'[39m, [32m'0.00'[39m ]
data rcv RT:[ [32m'0.00'[39m, [32m'4.29'[39m, [32m'3.37'[39m, [32m'0.00'[39m ]
data rcv RT:[ [32m'0.00'[39m, [32m'4.30'[39m, [32m'3.39'[39m, [32m'0.00'[39m ]
data rcv RT:[ [32m'0.00'[39m, [32m'4.31'[39m, [32m'3.38'[39m, [32m'0.01'[39m ]
data rcv RT:[ [32m'0.00'[39m, [32m'4.33'[39m, [32m'3.39'[39m, [32m'0.01'[39m ]
data rcv RT:[ [32m'0.00'[39m, [32m'4.35'[39m, [32m'3.38'[39m, [32m'0.03'[39m ]
data rcv RT:[ [32m'0.00'[39m, [32m'4.38'[39m, [32m'3.39'[39m, [32m'0.03'[39m ]
client Front End connected
Socket {
  nsp: 
   Namespace {
     name: [32m'/'[39m,
     server: 
      Server {
        nsps: [36m[Object][39m,
        _path: [32m'/socket.io'[39m,
        _serveClient: [33mtrue[39m,
        _adapter: [36m[Function: Adapter][39m,
        _origins: [32m'*:*'[39m,
        sockets: [36m[Circular][39m,
        eio: [36m[Object][39m,
        httpServer: [36m[Object][39m,
        engine: [36m[Object][39m },
     sockets: { [32m'/#vVlyawqeANLVkCU8AAAb'[39m: [36m[Circular][39m },
     connected: { [32m'/#vVlyawqeANLVkCU8AAAb'[39m: [36m[Circular][39m },
     fns: [],
     ids: [33m0[39m,
     adapter: 
      Adapter {
        nsp: [36m[Circular][39m,
        rooms: [36m[Object][39m,
        sids: [36m[Object][39m,
        encoder: Encoder {} },
     _events: { connection: [36m[Function][39m },
     _eventsCount: [33m1[39m },
  server: 
   Server {
     nsps: { [32m'/'[39m: [36m[Object][39m },
     _path: [32m'/socket.io'[39m,
     _serveClient: [33mtrue[39m,
     _adapter: [36m[Function: Adapter][39m,
     _origins: [32m'*:*'[39m,
     sockets: 
      Namespace {
        name: [32m'/'[39m,
        server: [36m[Circular][39m,
        sockets: [36m[Object][39m,
        connected: [36m[Object][39m,
        fns: [],
        ids: [33m0[39m,
        adapter: [36m[Object][39m,
        _events: [36m[Object][39m,
        _eventsCount: [33m1[39m },
     eio: 
      Server {
        clients: [36m[Object][39m,
        clientsCount: [33m1[39m,
        pingTimeout: [33m60000[39m,
        pingInterval: [33m25000[39m,
        upgradeTimeout: [33m10000[39m,
        maxHttpBufferSize: [33m100000000[39m,
        transports: [36m[Object][39m,
        allowUpgrades: [33mtrue[39m,
        allowRequest: [36m[Function: bound ][39m,
        cookie: [32m'io'[39m,
        cookiePath: [33mfalse[39m,
        perMessageDeflate: [36m[Object][39m,
        httpCompression: [36m[Object][39m,
        ws: [36m[Object][39m,
        _events: [36m[Object][39m,
        _eventsCount: [33m1[39m },
     httpServer: 
      Server {
        domain: [1mnull[22m,
        _events: [36m[Object][39m,
        _eventsCount: [33m4[39m,
        _maxListeners: [90mundefined[39m,
        _connections: [33m1[39m,
        _handle: [36m[Object][39m,
        _usingSlaves: [33mfalse[39m,
        _slaves: [],
        _unref: [33mfalse[39m,
        allowHalfOpen: [33mtrue[39m,
        pauseOnConnect: [33mfalse[39m,
        httpAllowHalfOpen: [33mfalse[39m,
        timeout: [33m120000[39m,
        _pendingResponseData: [33m0[39m,
        _connectionKey: [32m'6::::3000'[39m },
     engine: 
      Server {
        clients: [36m[Object][39m,
        clientsCount: [33m1[39m,
        pingTimeout: [33m60000[39m,
        pingInterval: [33m25000[39m,
        upgradeTimeout: [33m10000[39m,
        maxHttpBufferSize: [33m100000000[39m,
        transports: [36m[Object][39m,
        allowUpgrades: [33mtrue[39m,
        allowRequest: [36m[Function: bound ][39m,
        cookie: [32m'io'[39m,
        cookiePath: [33mfalse[39m,
        perMessageDeflate: [36m[Object][39m,
        httpCompression: [36m[Object][39m,
        ws: [36m[Object][39m,
        _events: [36m[Object][39m,
        _eventsCount: [33m1[39m } },
  adapter: 
   Adapter {
     nsp: 
      Namespace {
        name: [32m'/'[39m,
        server: [36m[Object][39m,
        sockets: [36m[Object][39m,
        connected: [36m[Object][39m,
        fns: [],
        ids: [33m0[39m,
        adapter: [36m[Circular][39m,
        _events: [36m[Object][39m,
        _eventsCount: [33m1[39m },
     rooms: { [32m'/#vVlyawqeANLVkCU8AAAb'[39m: [36m[Object][39m },
     sids: { [32m'/#vVlyawqeANLVkCU8AAAb'[39m: [36m[Object][39m },
     encoder: Encoder {} },
  id: [32m'/#vVlyawqeANLVkCU8AAAb'[39m,
  client: 
   Client {
     server: 
      Server {
        nsps: [36m[Object][39m,
        _path: [32m'/socket.io'[39m,
        _serveClient: [33mtrue[39m,
        _adapter: [36m[Function: Adapter][39m,
        _origins: [32m'*:*'[39m,
        sockets: [36m[Object][39m,
        eio: [36m[Object][39m,
        httpServer: [36m[Object][39m,
        engine: [36m[Object][39m },
     conn: 
      Socket {
        id: [32m'vVlyawqeANLVkCU8AAAb'[39m,
        server: [36m[Object][39m,
        upgrading: [33mfalse[39m,
        upgraded: [33mfalse[39m,
        readyState: [32m'open'[39m,
        writeBuffer: [36m[Object][39m,
        packetsFn: [36m[Object][39m,
        sentCallbackFn: [],
        cleanupFn: [36m[Object][39m,
        request: [36m[Object][39m,
        remoteAddress: [32m'::ffff:10.210.30.41'[39m,
        checkIntervalTimer: [1mnull[22m,
        upgradeTimeoutTimer: [1mnull[22m,
        pingTimeoutTimer: [36m[Object][39m,
        transport: [36m[Object][39m,
        _events: [36m[Object][39m,
        _eventsCount: [33m3[39m },
     encoder: Encoder {},
     decoder: Decoder { reconstructor: [1mnull[22m, _callbacks: [36m[Object][39m },
     id: [32m'vVlyawqeANLVkCU8AAAb'[39m,
     request: 
      IncomingMessage {
        _readableState: [36m[Object][39m,
        readable: [33mtrue[39m,
        domain: [1mnull[22m,
        _events: {},
        _eventsCount: [33m0[39m,
        _maxListeners: [90mundefined[39m,
        socket: [36m[Object][39m,
        connection: [36m[Object][39m,
        httpVersionMajor: [33m1[39m,
        httpVersionMinor: [33m1[39m,
        httpVersion: [32m'1.1'[39m,
        complete: [33mtrue[39m,
        headers: [36m[Object][39m,
        rawHeaders: [36m[Object][39m,
        trailers: {},
        rawTrailers: [],
        upgrade: [33mfalse[39m,
        url: [32m'/socket.io/?EIO=3&transport=polling&t=LTmJ2Tq'[39m,
        method: [32m'GET'[39m,
        statusCode: [1mnull[22m,
        statusMessage: [1mnull[22m,
        client: [36m[Object][39m,
        _consuming: [33mfalse[39m,
        _dumped: [33mtrue[39m,
        _query: [36m[Object][39m,
        res: [36m[Object][39m,
        cleanup: [36m[Function: cleanup][39m },
     onclose: [36m[Function: bound ][39m,
     ondata: [36m[Function: bound ][39m,
     onerror: [36m[Function: bound ][39m,
     ondecoded: [36m[Function: bound ][39m,
     sockets: { [32m'/#vVlyawqeANLVkCU8AAAb'[39m: [36m[Circular][39m },
     nsps: { [32m'/'[39m: [36m[Circular][39m },
     connectBuffer: [] },
  conn: 
   Socket {
     id: [32m'vVlyawqeANLVkCU8AAAb'[39m,
     server: 
      Server {
        clients: [36m[Object][39m,
        clientsCount: [33m1[39m,
        pingTimeout: [33m60000[39m,
        pingInterval: [33m25000[39m,
        upgradeTimeout: [33m10000[39m,
        maxHttpBufferSize: [33m100000000[39m,
        transports: [36m[Object][39m,
        allowUpgrades: [33mtrue[39m,
        allowRequest: [36m[Function: bound ][39m,
        cookie: [32m'io'[39m,
        cookiePath: [33mfalse[39m,
        perMessageDeflate: [36m[Object][39m,
        httpCompression: [36m[Object][39m,
        ws: [36m[Object][39m,
        _events: [36m[Object][39m,
        _eventsCount: [33m1[39m },
     upgrading: [33mfalse[39m,
     upgraded: [33mfalse[39m,
     readyState: [32m'open'[39m,
     writeBuffer: [ [36m[Object][39m ],
     packetsFn: [ [90mundefined[39m ],
     sentCallbackFn: [],
     cleanupFn: [ [36m[Function][39m, [36m[Function][39m ],
     request: 
      IncomingMessage {
        _readableState: [36m[Object][39m,
        readable: [33mtrue[39m,
        domain: [1mnull[22m,
        _events: {},
        _eventsCount: [33m0[39m,
        _maxListeners: [90mundefined[39m,
        socket: [36m[Object][39m,
        connection: [36m[Object][39m,
        httpVersionMajor: [33m1[39m,
        httpVersionMinor: [33m1[39m,
        httpVersion: [32m'1.1'[39m,
        complete: [33mtrue[39m,
        headers: [36m[Object][39m,
        rawHeaders: [36m[Object][39m,
        trailers: {},
        rawTrailers: [],
        upgrade: [33mfalse[39m,
        url: [32m'/socket.io/?EIO=3&transport=polling&t=LTmJ2Tq'[39m,
        method: [32m'GET'[39m,
        statusCode: [1mnull[22m,
        statusMessage: [1mnull[22m,
        client: [36m[Object][39m,
        _consuming: [33mfalse[39m,
        _dumped: [33mtrue[39m,
        _query: [36m[Object][39m,
        res: [36m[Object][39m,
        cleanup: [36m[Function: cleanup][39m },
     remoteAddress: [32m'::ffff:10.210.30.41'[39m,
     checkIntervalTimer: [1mnull[22m,
     upgradeTimeoutTimer: [1mnull[22m,
     pingTimeoutTimer: 
      Timeout {
        _called: [33mfalse[39m,
        _idleTimeout: [33m85000[39m,
        _idlePrev: [36m[Object][39m,
        _idleNext: [36m[Object][39m,
        _idleStart: [33m20457373[39m,
        _onTimeout: [36m[Function][39m,
        _repeat: [1mnull[22m },
     transport: 
      XHR {
        readyState: [32m'open'[39m,
        discarded: [33mfalse[39m,
        closeTimeout: [33m30000[39m,
        maxHttpBufferSize: [33m100000000[39m,
        httpCompression: [36m[Object][39m,
        supportsBinary: [33mtrue[39m,
        _events: [36m[Object][39m,
        _eventsCount: [33m5[39m,
        sid: [32m'vVlyawqeANLVkCU8AAAb'[39m,
        req: [1mnull[22m,
        res: [1mnull[22m,
        writable: [33mfalse[39m },
     _events: 
      { close: [36m[Object][39m,
        data: [36m[Function: bound ][39m,
        error: [36m[Function: bound ][39m },
     _eventsCount: [33m3[39m },
  rooms: {},
  acks: {},
  connected: [33mtrue[39m,
  disconnected: [33mfalse[39m,
  handshake: 
   { headers: 
      { host: [32m'10.210.30.148:3000'[39m,
        connection: [32m'keep-alive'[39m,
        [32m'cache-control'[39m: [32m'max-age=0'[39m,
        origin: [32m'http://10.210.30.148'[39m,
        [32m'user-agent'[39m: [32m'Mozilla/5.0 (Windows NT 5.1) AppleWebKit/537.36 (KHTML, like Gecko) Chrome/49.0.2623.112 Safari/537.36'[39m,
        accept: [32m'*/*'[39m,
        referer: [32m'http://10.210.30.148/sku/'[39m,
        [32m'accept-encoding'[39m: [32m'gzip, deflate, sdch'[39m,
        [32m'accept-language'[39m: [32m'ru-RU,ru;q=0.8,en-US;q=0.6,en;q=0.4'[39m,
        cookie: [32m'io=rqUrJm3GDHsq2ar5AAAa'[39m },
     time: [32m'Wed Sep 28 2016 14:16:09 GMT+0400 (SAMT)'[39m,
     address: [32m'::ffff:10.210.30.41'[39m,
     xdomain: [33mtrue[39m,
     secure: [33mfalse[39m,
     issued: [33m1475057769590[39m,
     url: [32m'/socket.io/?EIO=3&transport=polling&t=LTmJ2Tq'[39m,
     query: { EIO: [32m'3'[39m, transport: [32m'polling'[39m, t: [32m'LTmJ2Tq'[39m } } }
data rcv RT:[ [32m'0.00'[39m, [32m'4.36'[39m, [32m'3.38'[39m, [32m'0.05'[39m ]
data rcv RT:[ [32m'0.00'[39m, [32m'4.36'[39m, [32m'3.42'[39m, [32m'0.00'[39m ]
data rcv RT:[ [32m'0.00'[39m, [32m'4.34'[39m, [32m'3.40'[39m, [32m'0.00'[39m ]
data rcv RT:[ [32m'0.00'[39m, [32m'4.29'[39m, [32m'3.41'[39m, [32m'0.00'[39m ]
data rcv RT:[ [32m'0.00'[39m, [32m'4.30'[39m, [32m'3.46'[39m, [32m'0.00'[39m ]
data rcv RT:[ [32m'0.00'[39m, [32m'4.26'[39m, [32m'3.40'[39m, [32m'0.00'[39m ]
data rcv RT:[ [32m'0.00'[39m, [32m'4.26'[39m, [32m'3.42'[39m, [32m'0.00'[39m ]
data rcv RT:[ [32m'0.00'[39m, [32m'4.28'[39m, [32m'3.37'[39m, [32m'0.00'[39m ]
data rcv RT:[ [32m'0.00'[39m, [32m'4.29'[39m, [32m'3.38'[39m, [32m'0.00'[39m ]
data rcv RT:[ [32m'0.00'[39m, [32m'4.28'[39m, [32m'3.38'[39m, [32m'0.00'[39m ]
data rcv RT:[ [32m'0.00'[39m, [32m'4.32'[39m, [32m'3.38'[39m, [32m'0.01'[39m ]
data rcv RT:[ [32m'0.00'[39m, [32m'4.31'[39m, [32m'3.40'[39m, [32m'0.02'[39m ]
data rcv RT:[ [32m'0.00'[39m, [32m'4.33'[39m, [32m'3.39'[39m, [32m'0.00'[39m ]
data rcv RT:[ [32m'0.00'[39m, [32m'4.34'[39m, [32m'3.39'[39m, [32m'0.05'[39m ]
data rcv RT:[ [32m'0.00'[39m, [32m'4.38'[39m, [32m'3.40'[39m, [32m'0.03'[39m ]
data rcv RT:[ [32m'0.00'[39m, [32m'4.34'[39m, [32m'3.42'[39m, [32m'0.00'[39m ]
data rcv RT:[ [32m'0.00'[39m, [32m'4.32'[39m, [32m'3.43'[39m, [32m'0.00'[39m ]
data rcv RT:[ [32m'0.00'[39m, [32m'4.32'[39m, [32m'3.41'[39m, [32m'0.00'[39m ]
data rcv RT:[ [32m'0.00'[39m, [32m'4.31'[39m, [32m'3.44'[39m, [32m'0.00'[39m ]
data rcv RT:[ [32m'0.00'[39m, [32m'4.30'[39m, [32m'3.43'[39m, [32m'0.00'[39m ]
data rcv RT:[ [32m'0.00'[39m, [32m'4.27'[39m, [32m'3.38'[39m, [32m'0.00'[39m ]
data rcv RT:[ [32m'0.00'[39m, [32m'4.30'[39m, [32m'3.40'[39m, [32m'0.01'[39m ]
data rcv RT:[ [32m'0.00'[39m, [32m'4.34'[39m, [32m'3.37'[39m, [32m'0.02'[39m ]
data rcv RT:[ [32m'0.00'[39m, [32m'4.38'[39m, [32m'3.36'[39m, [32m'0.06'[39m ]
data rcv RT:[ [32m'0.00'[39m, [32m'4.36'[39m, [32m'3.39'[39m, [32m'0.02'[39m ]
data rcv RT:[ [32m'0.00'[39m, [32m'4.35'[39m, [32m'3.44'[39m, [32m'0.00'[39m ]
data rcv RT:[ [32m'0.00'[39m, [32m'4.36'[39m, [32m'3.42'[39m, [32m'0.00'[39m ]
data rcv RT:[ [32m'0.00'[39m, [32m'4.32'[39m, [32m'3.44'[39m, [32m'0.00'[39m ]
data rcv RT:[ [32m'0.00'[39m, [32m'4.32'[39m, [32m'3.42'[39m, [32m'0.00'[39m ]
data rcv RT:[ [32m'0.00'[39m, [32m'4.29'[39m, [32m'3.41'[39m, [32m'0.00'[39m ]
data rcv RT:[ [32m'0.00'[39m, [32m'4.25'[39m, [32m'3.41'[39m, [32m'0.00'[39m ]
data rcv RT:[ [32m'0.00'[39m, [32m'4.27'[39m, [32m'3.38'[39m, [32m'0.00'[39m ]
data rcv RT:[ [32m'0.00'[39m, [32m'4.26'[39m, [32m'3.40'[39m, [32m'0.00'[39m ]
data rcv RT:[ [32m'0.00'[39m, [32m'4.26'[39m, [32m'3.40'[39m, [32m'0.00'[39m ]
data rcv RT:[ [32m'0.00'[39m, [32m'4.32'[39m, [32m'3.38'[39m, [32m'0.00'[39m ]
data rcv RT:[ [32m'0.00'[39m, [32m'4.31'[39m, [32m'3.36'[39m, [32m'0.03'[39m ]
data rcv RT:[ [32m'0.00'[39m, [32m'4.33'[39m, [32m'3.36'[39m, [32m'0.03'[39m ]
data rcv RT:[ [32m'0.00'[39m, [32m'4.37'[39m, [32m'3.42'[39m, [32m'0.00'[39m ]
data rcv RT:[ [32m'0.00'[39m, [32m'4.37'[39m, [32m'3.43'[39m, [32m'0.00'[39m ]
data rcv RT:[ [32m'0.00'[39m, [32m'4.34'[39m, [32m'3.43'[39m, [32m'0.00'[39m ]
data rcv RT:[ [32m'0.00'[39m, [32m'4.31'[39m, [32m'3.41'[39m, [32m'0.00'[39m ]
data rcv RT:[ [32m'0.00'[39m, [32m'4.32'[39m, [32m'3.41'[39m, [32m'0.00'[39m ]
data rcv RT:[ [32m'0.00'[39m, [32m'4.30'[39m, [32m'3.40'[39m, [32m'0.00'[39m ]
data rcv RT:[ [32m'0.00'[39m, [32m'4.27'[39m, [32m'3.45'[39m, [32m'0.00'[39m ]
data rcv RT:[ [32m'0.00'[39m, [32m'4.29'[39m, [32m'3.37'[39m, [32m'0.00'[39m ]
data rcv RT:[ [32m'0.00'[39m, [32m'4.29'[39m, [32m'3.39'[39m, [32m'0.00'[39m ]
data rcv RT:[ [32m'0.00'[39m, [32m'4.31'[39m, [32m'3.38'[39m, [32m'0.01'[39m ]
data rcv RT:[ [32m'0.00'[39m, [32m'4.32'[39m, [32m'3.38'[39m, [32m'0.01'[39m ]
data rcv RT:[ [32m'0.00'[39m, [32m'4.36'[39m, [32m'3.39'[39m, [32m'0.01'[39m ]
data rcv RT:[ [32m'0.00'[39m, [32m'4.34'[39m, [32m'3.36'[39m, [32m'0.03'[39m ]
data rcv RT:[ [32m'0.00'[39m, [32m'4.38'[39m, [32m'3.39'[39m, [32m'0.02'[39m ]
data rcv RT:[ [32m'0.00'[39m, [32m'4.37'[39m, [32m'3.40'[39m, [32m'0.00'[39m ]
data rcv RT:[ [32m'0.00'[39m, [32m'4.34'[39m, [32m'3.42'[39m, [32m'0.00'[39m ]
data rcv RT:[ [32m'0.00'[39m, [32m'4.32'[39m, [32m'3.42'[39m, [32m'0.00'[39m ]
data rcv RT:[ [32m'0.00'[39m, [32m'4.30'[39m, [32m'3.46'[39m, [32m'0.00'[39m ]
data rcv RT:[ [32m'0.00'[39m, [32m'4.26'[39m, [32m'3.41'[39m, [32m'0.00'[39m ]
data rcv RT:[ [32m'0.00'[39m, [32m'4.27'[39m, [32m'3.41'[39m, [32m'0.00'[39m ]
data rcv RT:[ [32m'0.00'[39m, [32m'4.28'[39m, [32m'3.38'[39m, [32m'0.00'[39m ]
data rcv RT:[ [32m'0.00'[39m, [32m'4.30'[39m, [32m'3.39'[39m, [32m'0.01'[39m ]
data rcv RT:[ [32m'0.00'[39m, [32m'4.35'[39m, [32m'3.36'[39m, [32m'0.04'[39m ]
data rcv RT:[ [32m'0.00'[39m, [32m'4.38'[39m, [32m'3.39'[39m, [32m'0.02'[39m ]
data rcv RT:[ [32m'0.00'[39m, [32m'4.37'[39m, [32m'3.42'[39m, [32m'0.00'[39m ]
data rcv RT:[ [32m'0.00'[39m, [32m'4.37'[39m, [32m'3.40'[39m, [32m'0.00'[39m ]
data rcv RT:[ [32m'0.00'[39m, [32m'4.33'[39m, [32m'3.41'[39m, [32m'0.00'[39m ]
data rcv RT:[ [32m'0.00'[39m, [32m'4.31'[39m, [32m'3.43'[39m, [32m'0.00'[39m ]
data rcv RT:[ [32m'0.00'[39m, [32m'4.29'[39m, [32m'3.41'[39m, [32m'0.00'[39m ]
data rcv RT:[ [32m'0.00'[39m, [32m'4.28'[39m, [32m'3.45'[39m, [32m'0.00'[39m ]
data rcv RT:[ [32m'0.00'[39m, [32m'4.25'[39m, [32m'3.39'[39m, [32m'0.00'[39m ]
data rcv RT:[ [32m'0.00'[39m, [32m'4.27'[39m, [32m'3.38'[39m, [32m'0.00'[39m ]
data rcv RT:[ [32m'0.00'[39m, [32m'4.30'[39m, [32m'3.38'[39m, [32m'0.01'[39m ]
data rcv RT:[ [32m'0.00'[39m, [32m'4.34'[39m, [32m'3.39'[39m, [32m'0.01'[39m ]
data rcv RT:[ [32m'0.00'[39m, [32m'4.33'[39m, [32m'3.38'[39m, [32m'0.02'[39m ]
data rcv RT:[ [32m'0.00'[39m, [32m'4.35'[39m, [32m'3.39'[39m, [32m'0.00'[39m ]
data rcv RT:[ [32m'0.00'[39m, [32m'4.38'[39m, [32m'3.41'[39m, [32m'0.03'[39m ]
data rcv RT:[ [32m'0.00'[39m, [32m'4.34'[39m, [32m'3.41'[39m, [32m'0.00'[39m ]
data rcv RT:[ [32m'0.00'[39m, [32m'4.31'[39m, [32m'3.43'[39m, [32m'0.00'[39m ]
data rcv RT:[ [32m'0.00'[39m, [32m'4.29'[39m, [32m'3.43'[39m, [32m'0.00'[39m ]
data rcv RT:[ [32m'0.00'[39m, [32m'4.27'[39m, [32m'3.43'[39m, [32m'0.00'[39m ]
data rcv RT:[ [32m'0.00'[39m, [32m'4.27'[39m, [32m'3.39'[39m, [32m'0.00'[39m ]
data rcv RT:[ [32m'0.00'[39m, [32m'4.28'[39m, [32m'3.38'[39m, [32m'0.00'[39m ]
data rcv RT:[ [32m'0.00'[39m, [32m'4.31'[39m, [32m'3.38'[39m, [32m'0.01'[39m ]
data rcv RT:[ [32m'0.00'[39m, [32m'4.33'[39m, [32m'3.37'[39m, [32m'0.01'[39m ]
data rcv RT:[ [32m'0.00'[39m, [32m'4.34'[39m, [32m'3.40'[39m, [32m'0.03'[39m ]
data rcv RT:[ [32m'0.00'[39m, [32m'4.35'[39m, [32m'3.42'[39m, [32m'0.00'[39m ]
data rcv RT:[ [32m'0.00'[39m, [32m'4.35'[39m, [32m'3.42'[39m, [32m'0.00'[39m ]
data rcv RT:[ [32m'0.00'[39m, [32m'4.36'[39m, [32m'3.42'[39m, [32m'0.00'[39m ]
data rcv RT:[ [32m'0.00'[39m, [32m'4.33'[39m, [32m'3.43'[39m, [32m'0.00'[39m ]
data rcv RT:[ [32m'0.00'[39m, [32m'4.32'[39m, [32m'3.42'[39m, [32m'0.00'[39m ]
data rcv RT:[ [32m'0.00'[39m, [32m'4.31'[39m, [32m'3.47'[39m, [32m'0.00'[39m ]
data rcv RT:[ [32m'0.00'[39m, [32m'4.27'[39m, [32m'3.43'[39m, [32m'0.00'[39m ]
data rcv RT:[ [32m'0.00'[39m, [32m'4.27'[39m, [32m'3.38'[39m, [32m'0.00'[39m ]
data rcv RT:[ [32m'0.00'[39m, [32m'4.27'[39m, [32m'3.37'[39m, [32m'0.00'[39m ]
data rcv RT:[ [32m'0.00'[39m, [32m'4.29'[39m, [32m'3.37'[39m, [32m'0.00'[39m ]
data rcv RT:[ [32m'0.00'[39m, [32m'4.32'[39m, [32m'3.40'[39m, [32m'0.01'[39m ]
data rcv RT:[ [32m'0.00'[39m, [32m'4.34'[39m, [32m'3.38'[39m, [32m'0.02'[39m ]
data rcv RT:[ [32m'0.00'[39m, [32m'4.37'[39m, [32m'3.38'[39m, [32m'0.04'[39m ]
data rcv RT:[ [32m'0.00'[39m, [32m'4.36'[39m, [32m'3.42'[39m, [32m'0.00'[39m ]
data rcv RT:[ [32m'0.00'[39m, [32m'4.35'[39m, [32m'3.43'[39m, [32m'0.00'[39m ]
data rcv RT:[ [32m'0.00'[39m, [32m'4.32'[39m, [32m'3.42'[39m, [32m'0.00'[39m ]
data rcv RT:[ [32m'0.00'[39m, [32m'4.31'[39m, [32m'3.44'[39m, [32m'0.00'[39m ]
data rcv RT:[ [32m'0.00'[39m, [32m'4.30'[39m, [32m'3.45'[39m, [32m'0.00'[39m ]
data rcv RT:[ [32m'0.00'[39m, [32m'4.30'[39m, [32m'3.40'[39m, [32m'0.00'[39m ]
data rcv RT:[ [32m'0.00'[39m, [32m'4.28'[39m, [32m'3.44'[39m, [32m'0.00'[39m ]
data rcv RT:[ [32m'0.00'[39m, [32m'4.29'[39m, [32m'3.39'[39m, [32m'0.00'[39m ]
data rcv RT:[ [32m'0.00'[39m, [32m'4.27'[39m, [32m'3.38'[39m, [32m'0.00'[39m ]
data rcv RT:[ [32m'0.00'[39m, [32m'4.31'[39m, [32m'3.37'[39m, [32m'0.00'[39m ]
data rcv RT:[ [32m'0.00'[39m, [32m'4.32'[39m, [32m'3.37'[39m, [32m'0.01'[39m ]
data rcv RT:[ [32m'0.00'[39m, [32m'4.34'[39m, [32m'3.38'[39m, [32m'0.01'[39m ]
data rcv RT:[ [32m'0.00'[39m, [32m'4.36'[39m, [32m'3.36'[39m, [32m'0.04'[39m ]
data rcv RT:[ [32m'0.00'[39m, [32m'4.35'[39m, [32m'3.41'[39m, [32m'0.00'[39m ]
data rcv RT:[ [32m'0.00'[39m, [32m'4.33'[39m, [32m'3.43'[39m, [32m'0.00'[39m ]
data rcv RT:[ [32m'0.00'[39m, [32m'4.33'[39m, [32m'3.42'[39m, [32m'0.00'[39m ]
data rcv RT:[ [32m'0.00'[39m, [32m'4.31'[39m, [32m'3.44'[39m, [32m'0.00'[39m ]
data rcv RT:[ [32m'0.00'[39m, [32m'4.30'[39m, [32m'3.41'[39m, [32m'0.00'[39m ]
data rcv RT:[ [32m'0.00'[39m, [32m'4.26'[39m, [32m'3.43'[39m, [32m'0.00'[39m ]
data rcv RT:[ [32m'0.00'[39m, [32m'4.29'[39m, [32m'3.37'[39m, [32m'0.00'[39m ]
data rcv RT:[ [32m'0.00'[39m, [32m'4.29'[39m, [32m'3.39'[39m, [32m'0.01'[39m ]
data rcv RT:[ [32m'0.00'[39m, [32m'4.31'[39m, [32m'3.37'[39m, [32m'0.01'[39m ]
data rcv RT:[ [32m'0.00'[39m, [32m'4.36'[39m, [32m'3.38'[39m, [32m'0.03'[39m ]
data rcv RT:[ [32m'0.00'[39m, [32m'4.37'[39m, [32m'3.41'[39m, [32m'0.00'[39m ]
data rcv RT:[ [32m'0.00'[39m, [32m'4.34'[39m, [32m'3.42'[39m, [32m'0.00'[39m ]
data rcv RT:[ [32m'0.00'[39m, [32m'4.32'[39m, [32m'3.43'[39m, [32m'0.00'[39m ]
data rcv RT:[ [32m'0.00'[39m, [32m'4.29'[39m, [32m'3.43'[39m, [32m'0.00'[39m ]
data rcv RT:[ [32m'0.00'[39m, [32m'4.27'[39m, [32m'3.39'[39m, [32m'0.00'[39m ]
data rcv RT:[ [32m'0.00'[39m, [32m'4.26'[39m, [32m'3.43'[39m, [32m'0.00'[39m ]
data rcv RT:[ [32m'0.00'[39m, [32m'4.26'[39m, [32m'3.38'[39m, [32m'0.00'[39m ]
data rcv RT:[ [32m'0.00'[39m, [32m'4.28'[39m, [32m'3.38'[39m, [32m'0.00'[39m ]
data rcv RT:[ [32m'0.00'[39m, [32m'4.34'[39m, [32m'3.36'[39m, [32m'0.07'[39m ]
data rcv RT:[ [32m'0.00'[39m, [32m'4.37'[39m, [32m'3.37'[39m, [32m'0.03'[39m ]
data rcv RT:[ [32m'0.00'[39m, [32m'4.37'[39m, [32m'3.37'[39m, [32m'0.03'[39m ]
data rcv RT:[ [32m'0.00'[39m, [32m'4.38'[39m, [32m'3.39'[39m, [32m'0.02'[39m ]
data rcv RT:[ [32m'0.00'[39m, [32m'4.36'[39m, [32m'3.42'[39m, [32m'0.00'[39m ]
data rcv RT:[ [32m'0.00'[39m, [32m'4.30'[39m, [32m'3.44'[39m, [32m'0.00'[39m ]
data rcv RT:[ [32m'0.00'[39m, [32m'4.29'[39m, [32m'3.45'[39m, [32m'0.00'[39m ]
data rcv RT:[ [32m'0.00'[39m, [32m'4.25'[39m, [32m'3.42'[39m, [32m'0.00'[39m ]
data rcv RT:[ [32m'0.00'[39m, [32m'4.26'[39m, [32m'3.41'[39m, [32m'0.00'[39m ]
data rcv RT:[ [32m'0.00'[39m, [32m'4.29'[39m, [32m'3.37'[39m, [32m'0.00'[39m ]
data rcv RT:[ [32m'0.00'[39m, [32m'4.31'[39m, [32m'3.37'[39m, [32m'0.00'[39m ]
data rcv RT:[ [32m'0.00'[39m, [32m'4.33'[39m, [32m'3.36'[39m, [32m'0.01'[39m ]
data rcv RT:[ [32m'0.00'[39m, [32m'4.34'[39m, [32m'3.38'[39m, [32m'0.02'[39m ]
data rcv RT:[ [32m'0.00'[39m, [32m'4.37'[39m, [32m'3.41'[39m, [32m'0.02'[39m ]
data rcv RT:[ [32m'0.00'[39m, [32m'4.36'[39m, [32m'3.42'[39m, [32m'0.00'[39m ]
data rcv RT:[ [32m'0.00'[39m, [32m'4.34'[39m, [32m'3.42'[39m, [32m'0.00'[39m ]
data rcv RT:[ [32m'0.00'[39m, [32m'4.34'[39m, [32m'3.42'[39m, [32m'0.00'[39m ]
data rcv RT:[ [32m'0.00'[39m, [32m'4.28'[39m, [32m'3.43'[39m, [32m'0.00'[39m ]
data rcv RT:[ [32m'0.00'[39m, [32m'4.30'[39m, [32m'3.45'[39m, [32m'0.00'[39m ]
data rcv RT:[ [32m'0.00'[39m, [32m'4.25'[39m, [32m'3.42'[39m, [32m'0.00'[39m ]
data rcv RT:[ [32m'0.00'[39m, [32m'4.27'[39m, [32m'3.40'[39m, [32m'0.00'[39m ]
data rcv RT:[ [32m'0.00'[39m, [32m'4.30'[39m, [32m'3.37'[39m, [32m'0.00'[39m ]
data rcv RT:[ [32m'0.00'[39m, [32m'4.32'[39m, [32m'3.39'[39m, [32m'0.00'[39m ]
data rcv RT:[ [32m'0.00'[39m, [32m'4.36'[39m, [32m'3.38'[39m, [32m'0.03'[39m ]
data rcv RT:[ [32m'0.00'[39m, [32m'4.38'[39m, [32m'3.40'[39m, [32m'0.02'[39m ]
data rcv RT:[ [32m'0.00'[39m, [32m'4.37'[39m, [32m'3.41'[39m, [32m'0.01'[39m ]
data rcv RT:[ [32m'0.00'[39m, [32m'4.35'[39m, [32m'3.41'[39m, [32m'0.00'[39m ]
data rcv RT:[ [32m'0.00'[39m, [32m'4.33'[39m, [32m'3.43'[39m, [32m'0.00'[39m ]
data rcv RT:[ [32m'0.00'[39m, [32m'4.31'[39m, [32m'3.42'[39m, [32m'0.00'[39m ]
data rcv RT:[ [32m'0.00'[39m, [32m'4.29'[39m, [32m'3.46'[39m, [32m'0.00'[39m ]
data rcv RT:[ [32m'0.00'[39m, [32m'4.28'[39m, [32m'3.45'[39m, [32m'0.00'[39m ]
data rcv RT:[ [32m'0.00'[39m, [32m'4.24'[39m, [32m'3.40'[39m, [32m'0.00'[39m ]
data rcv RT:[ [32m'0.00'[39m, [32m'4.26'[39m, [32m'3.34'[39m, [32m'0.00'[39m ]
data rcv RT:[ [32m'0.00'[39m, [32m'4.31'[39m, [32m'3.37'[39m, [32m'0.00'[39m ]
data rcv RT:[ [32m'0.00'[39m, [32m'4.30'[39m, [32m'3.38'[39m, [32m'0.01'[39m ]
data rcv RT:[ [32m'0.00'[39m, [32m'4.34'[39m, [32m'3.38'[39m, [32m'0.03'[39m ]
data rcv RT:[ [32m'0.00'[39m, [32m'4.33'[39m, [32m'3.37'[39m, [32m'0.03'[39m ]
data rcv RT:[ [32m'0.00'[39m, [32m'4.38'[39m, [32m'3.38'[39m, [32m'0.02'[39m ]
data rcv RT:[ [32m'0.00'[39m, [32m'4.34'[39m, [32m'3.43'[39m, [32m'0.00'[39m ]
data rcv RT:[ [32m'0.00'[39m, [32m'4.34'[39m, [32m'3.42'[39m, [32m'0.00'[39m ]
data rcv RT:[ [32m'0.00'[39m, [32m'4.33'[39m, [32m'3.42'[39m, [32m'0.00'[39m ]
data rcv RT:[ [32m'0.00'[39m, [32m'4.32'[39m, [32m'3.44'[39m, [32m'0.00'[39m ]
data rcv RT:[ [32m'0.00'[39m, [32m'4.26'[39m, [32m'3.38'[39m, [32m'0.00'[39m ]
data rcv RT:[ [32m'0.00'[39m, [32m'4.27'[39m, [32m'3.37'[39m, [32m'0.00'[39m ]
data rcv RT:[ [32m'0.00'[39m, [32m'4.32'[39m, [32m'3.36'[39m, [32m'0.01'[39m ]
data rcv RT:[ [32m'0.00'[39m, [32m'4.33'[39m, [32m'3.38'[39m, [32m'0.00'[39m ]
data rcv RT:[ [32m'0.00'[39m, [32m'4.33'[39m, [32m'3.38'[39m, [32m'0.02'[39m ]
data rcv RT:[ [32m'0.00'[39m, [32m'4.38'[39m, [32m'3.39'[39m, [32m'0.05'[39m ]
data rcv RT:[ [32m'0.00'[39m, [32m'4.37'[39m, [32m'3.42'[39m, [32m'0.00'[39m ]
data rcv RT:[ [32m'0.00'[39m, [32m'4.34'[39m, [32m'3.43'[39m, [32m'0.00'[39m ]
data rcv RT:[ [32m'0.00'[39m, [32m'4.37'[39m, [32m'3.43'[39m, [32m'0.00'[39m ]
data rcv RT:[ [32m'0.00'[39m, [32m'4.34'[39m, [32m'3.42'[39m, [32m'0.00'[39m ]
data rcv RT:[ [32m'0.00'[39m, [32m'4.31'[39m, [32m'3.42'[39m, [32m'0.00'[39m ]
data rcv RT:[ [32m'0.00'[39m, [32m'4.32'[39m, [32m'3.42'[39m, [32m'0.00'[39m ]
data rcv RT:[ [32m'0.00'[39m, [32m'4.27'[39m, [32m'3.40'[39m, [32m'0.00'[39m ]
data rcv RT:[ [32m'0.00'[39m, [32m'4.26'[39m, [32m'3.41'[39m, [32m'0.00'[39m ]
data rcv RT:[ [32m'0.00'[39m, [32m'4.28'[39m, [32m'3.37'[39m, [32m'0.00'[39m ]
data rcv RT:[ [32m'0.00'[39m, [32m'4.31'[39m, [32m'3.37'[39m, [32m'0.00'[39m ]
data rcv RT:[ [32m'0.00'[39m, [32m'4.31'[39m, [32m'3.40'[39m, [32m'0.02'[39m ]
data rcv RT:[ [32m'0.00'[39m, [32m'4.37'[39m, [32m'3.38'[39m, [32m'0.03'[39m ]
data rcv RT:[ [32m'0.00'[39m, [32m'4.36'[39m, [32m'3.40'[39m, [32m'0.01'[39m ]
data rcv RT:[ [32m'0.00'[39m, [32m'4.35'[39m, [32m'3.43'[39m, [32m'0.00'[39m ]
data rcv RT:[ [32m'0.00'[39m, [32m'4.35'[39m, [32m'3.41'[39m, [32m'0.00'[39m ]
data rcv RT:[ [32m'0.00'[39m, [32m'4.34'[39m, [32m'3.40'[39m, [32m'0.00'[39m ]
data rcv RT:[ [32m'0.00'[39m, [32m'4.31'[39m, [32m'3.41'[39m, [32m'0.00'[39m ]
data rcv RT:[ [32m'0.00'[39m, [32m'4.29'[39m, [32m'3.41'[39m, [32m'0.00'[39m ]
data rcv RT:[ [32m'0.00'[39m, [32m'4.30'[39m, [32m'3.42'[39m, [32m'0.00'[39m ]
data rcv RT:[ [32m'0.00'[39m, [32m'4.28'[39m, [32m'3.42'[39m, [32m'0.00'[39m ]
data rcv RT:[ [32m'0.00'[39m, [32m'4.27'[39m, [32m'3.41'[39m, [32m'0.00'[39m ]
data rcv RT:[ [32m'0.00'[39m, [32m'4.29'[39m, [32m'3.36'[39m, [32m'0.00'[39m ]
data rcv RT:[ [32m'0.00'[39m, [32m'4.29'[39m, [32m'3.38'[39m, [32m'0.00'[39m ]
data rcv RT:[ [32m'0.00'[39m, [32m'4.33'[39m, [32m'3.37'[39m, [32m'0.01'[39m ]
data rcv RT:[ [32m'0.00'[39m, [32m'4.34'[39m, [32m'3.36'[39m, [32m'0.02'[39m ]
data rcv RT:[ [32m'0.00'[39m, [32m'4.32'[39m, [32m'3.39'[39m, [32m'0.01'[39m ]
data rcv RT:[ [32m'0.00'[39m, [32m'4.37'[39m, [32m'3.37'[39m, [32m'0.01'[39m ]
data rcv RT:[ [32m'0.00'[39m, [32m'4.37'[39m, [32m'3.40'[39m, [32m'0.00'[39m ]
data rcv RT:[ [32m'0.00'[39m, [32m'4.37'[39m, [32m'3.40'[39m, [32m'0.00'[39m ]
data rcv RT:[ [32m'0.00'[39m, [32m'4.34'[39m, [32m'3.41'[39m, [32m'0.00'[39m ]
data rcv RT:[ [32m'0.00'[39m, [32m'4.31'[39m, [32m'3.44'[39m, [32m'0.00'[39m ]
data rcv RT:[ [32m'0.00'[39m, [32m'4.33'[39m, [32m'3.42'[39m, [32m'0.00'[39m ]
data rcv RT:[ [32m'0.00'[39m, [32m'4.31'[39m, [32m'3.44'[39m, [32m'0.00'[39m ]
data rcv RT:[ [32m'0.00'[39m, [32m'4.29'[39m, [32m'3.42'[39m, [32m'0.00'[39m ]
data rcv RT:[ [32m'0.00'[39m, [32m'4.29'[39m, [32m'3.43'[39m, [32m'0.00'[39m ]
data rcv RT:[ [32m'0.00'[39m, [32m'4.28'[39m, [32m'3.43'[39m, [32m'0.00'[39m ]
data rcv RT:[ [32m'0.00'[39m, [32m'4.27'[39m, [32m'3.41'[39m, [32m'0.00'[39m ]
data rcv RT:[ [32m'0.00'[39m, [32m'4.28'[39m, [32m'3.39'[39m, [32m'0.00'[39m ]
data rcv RT:[ [32m'0.00'[39m, [32m'4.29'[39m, [32m'3.39'[39m, [32m'0.00'[39m ]
data rcv RT:[ [32m'0.00'[39m, [32m'4.30'[39m, [32m'3.37'[39m, [32m'0.00'[39m ]
data rcv RT:[ [32m'0.00'[39m, [32m'4.32'[39m, [32m'3.37'[39m, [32m'0.01'[39m ]
data rcv RT:[ [32m'0.00'[39m, [32m'4.32'[39m, [32m'3.36'[39m, [32m'0.04'[39m ]
data rcv RT:[ [32m'0.00'[39m, [32m'4.36'[39m, [32m'3.39'[39m, [32m'0.02'[39m ]
data rcv RT:[ [32m'0.00'[39m, [32m'4.37'[39m, [32m'3.38'[39m, [32m'0.01'[39m ]
data rcv RT:[ [32m'0.00'[39m, [32m'4.37'[39m, [32m'3.39'[39m, [32m'0.02'[39m ]
data rcv RT:[ [32m'0.00'[39m, [32m'4.34'[39m, [32m'3.41'[39m, [32m'0.00'[39m ]
data rcv RT:[ [32m'0.00'[39m, [32m'4.32'[39m, [32m'3.43'[39m, [32m'0.00'[39m ]
data rcv RT:[ [32m'0.00'[39m, [32m'4.32'[39m, [32m'3.41'[39m, [32m'0.00'[39m ]
data rcv RT:[ [32m'0.00'[39m, [32m'4.32'[39m, [32m'3.43'[39m, [32m'0.00'[39m ]
data rcv RT:[ [32m'0.00'[39m, [32m'4.28'[39m, [32m'3.46'[39m, [32m'0.00'[39m ]
data rcv RT:[ [32m'0.00'[39m, [32m'4.30'[39m, [32m'3.44'[39m, [32m'0.00'[39m ]
data rcv RT:[ [32m'0.00'[39m, [32m'4.28'[39m, [32m'3.42'[39m, [32m'0.00'[39m ]
data rcv RT:[ [32m'0.00'[39m, [32m'4.28'[39m, [32m'3.40'[39m, [32m'0.00'[39m ]
data rcv RT:[ [32m'0.00'[39m, [32m'4.27'[39m, [32m'3.37'[39m, [32m'0.00'[39m ]
data rcv RT:[ [32m'0.00'[39m, [32m'4.26'[39m, [32m'3.40'[39m, [32m'0.00'[39m ]
data rcv RT:[ [32m'0.00'[39m, [32m'4.29'[39m, [32m'3.37'[39m, [32m'0.00'[39m ]
data rcv RT:[ [32m'0.00'[39m, [32m'4.29'[39m, [32m'3.36'[39m, [32m'0.00'[39m ]
data rcv RT:[ [32m'0.00'[39m, [32m'4.29'[39m, [32m'3.39'[39m, [32m'0.01'[39m ]
data rcv RT:[ [32m'0.00'[39m, [32m'4.32'[39m, [32m'3.36'[39m, [32m'0.01'[39m ]
data rcv RT:[ [32m'0.00'[39m, [32m'4.34'[39m, [32m'3.37'[39m, [32m'0.01'[39m ]
data rcv RT:[ [32m'0.00'[39m, [32m'4.34'[39m, [32m'3.38'[39m, [32m'0.05'[39m ]
data rcv RT:[ [32m'0.00'[39m, [32m'4.34'[39m, [32m'3.38'[39m, [32m'0.02'[39m ]
data rcv RT:[ [32m'0.00'[39m, [32m'4.36'[39m, [32m'3.41'[39m, [32m'0.00'[39m ]
data rcv RT:[ [32m'0.00'[39m, [32m'4.35'[39m, [32m'3.41'[39m, [32m'0.00'[39m ]
data rcv RT:[ [32m'0.00'[39m, [32m'4.35'[39m, [32m'3.40'[39m, [32m'0.00'[39m ]
data rcv RT:[ [32m'0.00'[39m, [32m'4.34'[39m, [32m'3.43'[39m, [32m'0.00'[39m ]
data rcv RT:[ [32m'0.00'[39m, [32m'4.33'[39m, [32m'3.43'[39m, [32m'0.00'[39m ]
data rcv RT:[ [32m'0.00'[39m, [32m'4.33'[39m, [32m'3.42'[39m, [32m'0.00'[39m ]
data rcv RT:[ [32m'0.00'[39m, [32m'4.32'[39m, [32m'3.41'[39m, [32m'0.00'[39m ]
data rcv RT:[ [32m'0.00'[39m, [32m'4.30'[39m, [32m'3.41'[39m, [32m'0.00'[39m ]
data rcv RT:[ [32m'0.00'[39m, [32m'4.27'[39m, [32m'3.44'[39m, [32m'0.00'[39m ]
data rcv RT:[ [32m'0.00'[39m, [32m'4.27'[39m, [32m'3.39'[39m, [32m'0.00'[39m ]
data rcv RT:[ [32m'0.00'[39m, [32m'4.28'[39m, [32m'3.37'[39m, [32m'0.01'[39m ]
data rcv RT:[ [32m'0.00'[39m, [32m'4.31'[39m, [32m'3.37'[39m, [32m'0.00'[39m ]
data rcv RT:[ [32m'0.00'[39m, [32m'4.31'[39m, [32m'3.37'[39m, [32m'0.02'[39m ]
data rcv RT:[ [32m'0.00'[39m, [32m'4.32'[39m, [32m'3.39'[39m, [32m'0.02'[39m ]
data rcv RT:[ [32m'0.00'[39m, [32m'4.33'[39m, [32m'3.39'[39m, [32m'0.01'[39m ]
data rcv RT:[ [32m'0.00'[39m, [32m'4.34'[39m, [32m'3.37'[39m, [32m'0.06'[39m ]
data rcv RT:[ [32m'0.00'[39m, [32m'4.36'[39m, [32m'3.38'[39m, [32m'0.01'[39m ]
data rcv RT:[ [32m'0.00'[39m, [32m'4.38'[39m, [32m'3.43'[39m, [32m'0.00'[39m ]
data rcv RT:[ [32m'0.00'[39m, [32m'4.37'[39m, [32m'3.42'[39m, [32m'0.00'[39m ]
data rcv RT:[ [32m'0.00'[39m, [32m'4.30'[39m, [32m'3.43'[39m, [32m'0.00'[39m ]
data rcv RT:[ [32m'0.00'[39m, [32m'4.32'[39m, [32m'3.42'[39m, [32m'0.00'[39m ]
data rcv RT:[ [32m'0.00'[39m, [32m'4.30'[39m, [32m'3.42'[39m, [32m'0.00'[39m ]
data rcv RT:[ [32m'0.00'[39m, [32m'4.29'[39m, [32m'3.43'[39m, [32m'0.00'[39m ]
data rcv RT:[ [32m'0.00'[39m, [32m'4.30'[39m, [32m'3.42'[39m, [32m'0.00'[39m ]
data rcv RT:[ [32m'0.00'[39m, [32m'4.26'[39m, [32m'3.36'[39m, [32m'0.00'[39m ]
data rcv RT:[ [32m'0.00'[39m, [32m'4.27'[39m, [32m'3.40'[39m, [32m'0.00'[39m ]
data rcv RT:[ [32m'0.00'[39m, [32m'4.28'[39m, [32m'3.39'[39m, [32m'0.00'[39m ]
data rcv RT:[ [32m'0.00'[39m, [32m'4.32'[39m, [32m'3.39'[39m, [32m'0.01'[39m ]
data rcv RT:[ [32m'0.00'[39m, [32m'4.32'[39m, [32m'3.39'[39m, [32m'0.00'[39m ]
data rcv RT:[ [32m'0.00'[39m, [32m'4.32'[39m, [32m'3.38'[39m, [32m'0.01'[39m ]
data rcv RT:[ [32m'0.00'[39m, [32m'4.35'[39m, [32m'3.37'[39m, [32m'0.02'[39m ]
data rcv RT:[ [32m'0.00'[39m, [32m'4.33'[39m, [32m'3.35'[39m, [32m'0.05'[39m ]
data rcv RT:[ [32m'0.00'[39m, [32m'4.38'[39m, [32m'3.39'[39m, [32m'0.01'[39m ]
data rcv RT:[ [32m'0.00'[39m, [32m'4.38'[39m, [32m'3.39'[39m, [32m'0.00'[39m ]
data rcv RT:[ [32m'0.00'[39m, [32m'4.36'[39m, [32m'3.43'[39m, [32m'0.00'[39m ]
data rcv RT:[ [32m'0.00'[39m, [32m'4.35'[39m, [32m'3.42'[39m, [32m'0.00'[39m ]
data rcv RT:[ [32m'0.00'[39m, [32m'4.34'[39m, [32m'3.41'[39m, [32m'0.00'[39m ]
data rcv RT:[ [32m'0.00'[39m, [32m'4.31'[39m, [32m'3.43'[39m, [32m'0.00'[39m ]
data rcv RT:[ [32m'0.00'[39m, [32m'4.32'[39m, [32m'3.42'[39m, [32m'0.00'[39m ]
data rcv RT:[ [32m'0.00'[39m, [32m'4.29'[39m, [32m'3.42'[39m, [32m'0.00'[39m ]
data rcv RT:[ [32m'0.00'[39m, [32m'4.27'[39m, [32m'3.43'[39m, [32m'0.00'[39m ]
data rcv RT:[ [32m'0.00'[39m, [32m'4.28'[39m, [32m'3.38'[39m, [32m'0.00'[39m ]
data rcv RT:[ [32m'0.00'[39m, [32m'4.28'[39m, [32m'3.40'[39m, [32m'0.00'[39m ]
data rcv RT:[ [32m'0.00'[39m, [32m'4.31'[39m, [32m'3.37'[39m, [32m'0.01'[39m ]
data rcv RT:[ [32m'0.00'[39m, [32m'4.32'[39m, [32m'3.37'[39m, [32m'0.01'[39m ]
data rcv RT:[ [32m'0.00'[39m, [32m'4.31'[39m, [32m'3.37'[39m, [32m'0.02'[39m ]
data rcv RT:[ [32m'0.00'[39m, [32m'4.34'[39m, [32m'3.37'[39m, [32m'0.06'[39m ]
data rcv RT:[ [32m'0.00'[39m, [32m'4.36'[39m, [32m'3.44'[39m, [32m'0.00'[39m ]
data rcv RT:[ [32m'0.00'[39m, [32m'4.38'[39m, [32m'3.41'[39m, [32m'0.00'[39m ]
data rcv RT:[ [32m'0.00'[39m, [32m'4.35'[39m, [32m'3.43'[39m, [32m'0.00'[39m ]
data rcv RT:[ [32m'0.00'[39m, [32m'4.31'[39m, [32m'3.42'[39m, [32m'0.00'[39m ]
data rcv RT:[ [32m'0.00'[39m, [32m'4.32'[39m, [32m'3.43'[39m, [32m'0.00'[39m ]
data rcv RT:[ [32m'0.00'[39m, [32m'4.29'[39m, [32m'3.41'[39m, [32m'0.00'[39m ]
data rcv RT:[ [32m'0.00'[39m, [32m'4.31'[39m, [32m'3.41'[39m, [32m'0.00'[39m ]
data rcv RT:[ [32m'0.00'[39m, [32m'4.30'[39m, [32m'3.44'[39m, [32m'0.00'[39m ]
data rcv RT:[ [32m'0.00'[39m, [32m'4.28'[39m, [32m'3.39'[39m, [32m'0.00'[39m ]
data rcv RT:[ [32m'0.00'[39m, [32m'4.28'[39m, [32m'3.37'[39m, [32m'0.00'[39m ]
data rcv RT:[ [32m'0.00'[39m, [32m'4.28'[39m, [32m'3.39'[39m, [32m'0.01'[39m ]
data rcv RT:[ [32m'0.00'[39m, [32m'4.27'[39m, [32m'3.39'[39m, [32m'0.00'[39m ]
data rcv RT:[ [32m'0.00'[39m, [32m'4.31'[39m, [32m'3.39'[39m, [32m'0.01'[39m ]
data rcv RT:[ [32m'0.00'[39m, [32m'4.35'[39m, [32m'3.37'[39m, [32m'0.06'[39m ]
data rcv RT:[ [32m'0.00'[39m, [32m'4.36'[39m, [32m'3.36'[39m, [32m'0.04'[39m ]
data rcv RT:[ [32m'0.00'[39m, [32m'4.38'[39m, [32m'3.41'[39m, [32m'0.01'[39m ]
data rcv RT:[ [32m'0.00'[39m, [32m'4.35'[39m, [32m'3.41'[39m, [32m'0.00'[39m ]
data rcv RT:[ [32m'0.00'[39m, [32m'4.36'[39m, [32m'3.41'[39m, [32m'0.00'[39m ]
data rcv RT:[ [32m'0.00'[39m, [32m'4.33'[39m, [32m'3.44'[39m, [32m'0.00'[39m ]
data rcv RT:[ [32m'0.00'[39m, [32m'4.33'[39m, [32m'3.44'[39m, [32m'0.00'[39m ]
data rcv RT:[ [32m'0.00'[39m, [32m'4.32'[39m, [32m'3.42'[39m, [32m'0.00'[39m ]
data rcv RT:[ [32m'0.00'[39m, [32m'4.29'[39m, [32m'3.43'[39m, [32m'0.00'[39m ]
data rcv RT:[ [32m'0.00'[39m, [32m'4.24'[39m, [32m'3.40'[39m, [32m'0.00'[39m ]
data rcv RT:[ [32m'0.00'[39m, [32m'4.26'[39m, [32m'3.40'[39m, [32m'0.00'[39m ]
data rcv RT:[ [32m'0.00'[39m, [32m'4.30'[39m, [32m'3.39'[39m, [32m'0.01'[39m ]
data rcv RT:[ [32m'0.00'[39m, [32m'4.32'[39m, [32m'3.38'[39m, [32m'0.00'[39m ]
data rcv RT:[ [32m'0.00'[39m, [32m'4.35'[39m, [32m'3.38'[39m, [32m'0.02'[39m ]
data rcv RT:[ [32m'0.00'[39m, [32m'4.38'[39m, [32m'3.41'[39m, [32m'0.02'[39m ]
data rcv RT:[ [32m'0.00'[39m, [32m'4.36'[39m, [32m'3.40'[39m, [32m'0.00'[39m ]
data rcv RT:[ [32m'0.00'[39m, [32m'4.36'[39m, [32m'3.44'[39m, [32m'0.00'[39m ]
data rcv RT:[ [32m'0.00'[39m, [32m'4.34'[39m, [32m'3.41'[39m, [32m'0.00'[39m ]
data rcv RT:[ [32m'0.00'[39m, [32m'4.31'[39m, [32m'3.41'[39m, [32m'0.00'[39m ]
data rcv RT:[ [32m'0.00'[39m, [32m'4.25'[39m, [32m'3.42'[39m, [32m'0.00'[39m ]
data rcv RT:[ [32m'0.00'[39m, [32m'4.27'[39m, [32m'3.40'[39m, [32m'0.00'[39m ]
data rcv RT:[ [32m'0.00'[39m, [32m'4.29'[39m, [32m'3.36'[39m, [32m'0.00'[39m ]
data rcv RT:[ [32m'0.00'[39m, [32m'4.30'[39m, [32m'3.40'[39m, [32m'0.00'[39m ]
data rcv RT:[ [32m'0.00'[39m, [32m'4.34'[39m, [32m'3.38'[39m, [32m'0.02'[39m ]
data rcv RT:[ [32m'0.00'[39m, [32m'4.36'[39m, [32m'3.37'[39m, [32m'0.03'[39m ]
data rcv RT:[ [32m'0.00'[39m, [32m'4.37'[39m, [32m'3.42'[39m, [32m'0.00'[39m ]
data rcv RT:[ [32m'0.00'[39m, [32m'4.37'[39m, [32m'3.41'[39m, [32m'0.00'[39m ]
data rcv RT:[ [32m'0.00'[39m, [32m'4.32'[39m, [32m'3.43'[39m, [32m'0.00'[39m ]
data rcv RT:[ [32m'0.00'[39m, [32m'4.33'[39m, [32m'3.42'[39m, [32m'0.00'[39m ]
data rcv RT:[ [32m'0.00'[39m, [32m'4.30'[39m, [32m'3.43'[39m, [32m'0.00'[39m ]
data rcv RT:[ [32m'0.00'[39m, [32m'4.31'[39m, [32m'3.42'[39m, [32m'0.00'[39m ]
data rcv RT:[ [32m'0.00'[39m, [32m'4.27'[39m, [32m'3.41'[39m, [32m'0.00'[39m ]
data rcv RT:[ [32m'0.00'[39m, [32m'4.27'[39m, [32m'3.41'[39m, [32m'0.00'[39m ]
data rcv RT:[ [32m'0.00'[39m, [32m'4.27'[39m, [32m'3.36'[39m, [32m'0.00'[39m ]
data rcv RT:[ [32m'0.00'[39m, [32m'4.30'[39m, [32m'3.39'[39m, [32m'0.01'[39m ]
data rcv RT:[ [32m'0.00'[39m, [32m'4.29'[39m, [32m'3.39'[39m, [32m'0.00'[39m ]
data rcv RT:[ [32m'0.00'[39m, [32m'4.33'[39m, [32m'3.38'[39m, [32m'0.02'[39m ]
data rcv RT:[ [32m'0.00'[39m, [32m'4.34'[39m, [32m'3.36'[39m, [32m'0.04'[39m ]
data rcv RT:[ [32m'0.00'[39m, [32m'4.36'[39m, [32m'3.42'[39m, [32m'0.00'[39m ]
data rcv RT:[ [32m'0.00'[39m, [32m'4.34'[39m, [32m'3.43'[39m, [32m'0.00'[39m ]
data rcv RT:[ [32m'0.00'[39m, [32m'4.32'[39m, [32m'3.42'[39m, [32m'0.00'[39m ]
data rcv RT:[ [32m'0.00'[39m, [32m'4.29'[39m, [32m'3.44'[39m, [32m'0.00'[39m ]
data rcv RT:[ [32m'0.00'[39m, [32m'4.31'[39m, [32m'3.44'[39m, [32m'0.00'[39m ]
data rcv RT:[ [32m'0.00'[39m, [32m'4.27'[39m, [32m'3.40'[39m, [32m'0.00'[39m ]
data rcv RT:[ [32m'0.00'[39m, [32m'4.28'[39m, [32m'3.39'[39m, [32m'0.00'[39m ]
data rcv RT:[ [32m'0.00'[39m, [32m'4.28'[39m, [32m'3.39'[39m, [32m'0.00'[39m ]
data rcv RT:[ [32m'0.00'[39m, [32m'4.27'[39m, [32m'3.39'[39m, [32m'0.00'[39m ]
data rcv RT:[ [32m'0.00'[39m, [32m'4.28'[39m, [32m'3.36'[39m, [32m'0.00'[39m ]
data rcv RT:[ [32m'0.00'[39m, [32m'4.34'[39m, [32m'3.38'[39m, [32m'0.01'[39m ]
data rcv RT:[ [32m'0.00'[39m, [32m'4.34'[39m, [32m'3.37'[39m, [32m'0.03'[39m ]
data rcv RT:[ [32m'0.00'[39m, [32m'4.36'[39m, [32m'3.37'[39m, [32m'0.07'[39m ]
data rcv RT:[ [32m'0.00'[39m, [32m'4.36'[39m, [32m'3.41'[39m, [32m'0.00'[39m ]
data rcv RT:[ [32m'0.00'[39m, [32m'4.38'[39m, [32m'3.40'[39m, [32m'0.02'[39m ]
data rcv RT:[ [32m'0.00'[39m, [32m'4.36'[39m, [32m'3.43'[39m, [32m'0.00'[39m ]
data rcv RT:[ [32m'0.00'[39m, [32m'4.34'[39m, [32m'3.42'[39m, [32m'0.00'[39m ]
data rcv RT:[ [32m'0.00'[39m, [32m'4.30'[39m, [32m'3.42'[39m, [32m'0.00'[39m ]
data rcv RT:[ [32m'0.00'[39m, [32m'4.29'[39m, [32m'3.41'[39m, [32m'0.00'[39m ]
data rcv RT:[ [32m'0.00'[39m, [32m'4.27'[39m, [32m'3.39'[39m, [32m'0.00'[39m ]
data rcv RT:[ [32m'0.00'[39m, [32m'4.26'[39m, [32m'3.40'[39m, [32m'0.00'[39m ]
data rcv RT:[ [32m'0.00'[39m, [32m'4.28'[39m, [32m'3.37'[39m, [32m'0.00'[39m ]
data rcv RT:[ [32m'0.00'[39m, [32m'4.27'[39m, [32m'3.39'[39m, [32m'0.00'[39m ]
data rcv RT:[ [32m'0.00'[39m, [32m'4.31'[39m, [32m'3.37'[39m, [32m'0.00'[39m ]
data rcv RT:[ [32m'0.00'[39m, [32m'4.29'[39m, [32m'3.37'[39m, [32m'0.00'[39m ]
data rcv RT:[ [32m'0.00'[39m, [32m'4.30'[39m, [32m'3.39'[39m, [32m'0.00'[39m ]
data rcv RT:[ [32m'0.00'[39m, [32m'4.33'[39m, [32m'3.40'[39m, [32m'0.02'[39m ]
data rcv RT:[ [32m'0.00'[39m, [32m'4.34'[39m, [32m'3.40'[39m, [32m'0.01'[39m ]
data rcv RT:[ [32m'0.00'[39m, [32m'4.33'[39m, [32m'3.39'[39m, [32m'0.02'[39m ]
data rcv RT:[ [32m'0.00'[39m, [32m'4.36'[39m, [32m'3.41'[39m, [32m'0.02'[39m ]
data rcv RT:[ [32m'0.00'[39m, [32m'4.38'[39m, [32m'3.39'[39m, [32m'0.01'[39m ]
data rcv RT:[ [32m'0.00'[39m, [32m'4.37'[39m, [32m'3.39'[39m, [32m'0.03'[39m ]
data rcv RT:[ [32m'0.00'[39m, [32m'4.39'[39m, [32m'3.42'[39m, [32m'0.00'[39m ]
data rcv RT:[ [32m'0.00'[39m, [32m'4.35'[39m, [32m'3.41'[39m, [32m'0.00'[39m ]
data rcv RT:[ [32m'0.00'[39m, [32m'4.37'[39m, [32m'3.42'[39m, [32m'0.00'[39m ]
data rcv RT:[ [32m'0.00'[39m, [32m'4.31'[39m, [32m'3.42'[39m, [32m'0.00'[39m ]
data rcv RT:[ [32m'0.00'[39m, [32m'4.32'[39m, [32m'3.42'[39m, [32m'0.00'[39m ]
data rcv RT:[ [32m'0.00'[39m, [32m'4.29'[39m, [32m'3.43'[39m, [32m'0.00'[39m ]
data rcv RT:[ [32m'0.00'[39m, [32m'4.26'[39m, [32m'3.40'[39m, [32m'0.00'[39m ]
data rcv RT:[ [32m'0.00'[39m, [32m'4.26'[39m, [32m'3.40'[39m, [32m'0.00'[39m ]
data rcv RT:[ [32m'0.00'[39m, [32m'4.27'[39m, [32m'3.37'[39m, [32m'0.00'[39m ]
data rcv RT:[ [32m'0.00'[39m, [32m'4.29'[39m, [32m'3.38'[39m, [32m'0.00'[39m ]
data rcv RT:[ [32m'0.00'[39m, [32m'4.32'[39m, [32m'3.39'[39m, [32m'0.01'[39m ]
data rcv RT:[ [32m'0.00'[39m, [32m'4.32'[39m, [32m'3.39'[39m, [32m'0.00'[39m ]
data rcv RT:[ [32m'0.00'[39m, [32m'4.31'[39m, [32m'3.39'[39m, [32m'0.00'[39m ]
data rcv RT:[ [32m'0.00'[39m, [32m'4.39'[39m, [32m'3.39'[39m, [32m'0.02'[39m ]
data rcv RT:[ [32m'0.00'[39m, [32m'4.35'[39m, [32m'3.36'[39m, [32m'0.04'[39m ]
data rcv RT:[ [32m'0.00'[39m, [32m'4.36'[39m, [32m'3.39'[39m, [32m'0.02'[39m ]
data rcv RT:[ [32m'0.00'[39m, [32m'4.39'[39m, [32m'3.39'[39m, [32m'0.01'[39m ]
data rcv RT:[ [32m'0.00'[39m, [32m'4.35'[39m, [32m'3.41'[39m, [32m'0.00'[39m ]
data rcv RT:[ [32m'0.00'[39m, [32m'4.34'[39m, [32m'3.43'[39m, [32m'0.00'[39m ]
data rcv RT:[ [32m'0.00'[39m, [32m'4.32'[39m, [32m'3.40'[39m, [32m'0.00'[39m ]
data rcv RT:[ [32m'0.00'[39m, [32m'4.31'[39m, [32m'3.43'[39m, [32m'0.00'[39m ]
data rcv RT:[ [32m'0.00'[39m, [32m'4.34'[39m, [32m'3.42'[39m, [32m'0.00'[39m ]
data rcv RT:[ [32m'0.00'[39m, [32m'4.33'[39m, [32m'3.42'[39m, [32m'0.00'[39m ]
data rcv RT:[ [32m'0.00'[39m, [32m'4.30'[39m, [32m'3.44'[39m, [32m'0.00'[39m ]
data rcv RT:[ [32m'0.00'[39m, [32m'4.30'[39m, [32m'3.43'[39m, [32m'0.00'[39m ]
data rcv RT:[ [32m'0.00'[39m, [32m'4.30'[39m, [32m'3.43'[39m, [32m'0.00'[39m ]
data rcv RT:[ [32m'0.00'[39m, [32m'4.28'[39m, [32m'3.40'[39m, [32m'0.00'[39m ]
data rcv RT:[ [32m'0.00'[39m, [32m'4.28'[39m, [32m'3.43'[39m, [32m'0.00'[39m ]
data rcv RT:[ [32m'0.00'[39m, [32m'4.27'[39m, [32m'3.39'[39m, [32m'0.00'[39m ]
data rcv RT:[ [32m'0.00'[39m, [32m'4.28'[39m, [32m'3.38'[39m, [32m'0.00'[39m ]
data rcv RT:[ [32m'0.00'[39m, [32m'4.33'[39m, [32m'3.37'[39m, [32m'0.01'[39m ]
data rcv RT:[ [32m'0.00'[39m, [32m'4.34'[39m, [32m'3.34'[39m, [32m'0.05'[39m ]
data rcv RT:[ [32m'0.00'[39m, [32m'4.35'[39m, [32m'3.37'[39m, [32m'0.03'[39m ]
data rcv RT:[ [32m'0.00'[39m, [32m'4.37'[39m, [32m'3.39'[39m, [32m'0.00'[39m ]
data rcv RT:[ [32m'0.00'[39m, [32m'4.35'[39m, [32m'3.38'[39m, [32m'0.02'[39m ]
data rcv RT:[ [32m'0.00'[39m, [32m'4.32'[39m, [32m'3.44'[39m, [32m'0.00'[39m ]
data rcv RT:[ [32m'0.00'[39m, [32m'4.35'[39m, [32m'3.43'[39m, [32m'0.00'[39m ]
data rcv RT:[ [32m'0.00'[39m, [32m'4.34'[39m, [32m'3.43'[39m, [32m'0.00'[39m ]
data rcv RT:[ [32m'0.00'[39m, [32m'4.34'[39m, [32m'3.41'[39m, [32m'0.00'[39m ]
data rcv RT:[ [32m'0.00'[39m, [32m'4.31'[39m, [32m'3.41'[39m, [32m'0.00'[39m ]
data rcv RT:[ [32m'0.00'[39m, [32m'4.32'[39m, [32m'3.44'[39m, [32m'0.00'[39m ]
data rcv RT:[ [32m'0.00'[39m, [32m'4.26'[39m, [32m'3.40'[39m, [32m'0.00'[39m ]
data rcv RT:[ [32m'0.00'[39m, [32m'4.27'[39m, [32m'3.44'[39m, [32m'0.00'[39m ]
data rcv RT:[ [32m'0.00'[39m, [32m'4.26'[39m, [32m'3.39'[39m, [32m'0.00'[39m ]
data rcv RT:[ [32m'0.00'[39m, [32m'4.26'[39m, [32m'3.40'[39m, [32m'0.00'[39m ]
data rcv RT:[ [32m'0.00'[39m, [32m'4.26'[39m, [32m'3.39'[39m, [32m'0.00'[39m ]
data rcv RT:[ [32m'0.00'[39m, [32m'4.28'[39m, [32m'3.38'[39m, [32m'0.00'[39m ]
data rcv RT:[ [32m'0.00'[39m, [32m'4.27'[39m, [32m'3.38'[39m, [32m'0.00'[39m ]
data rcv RT:[ [32m'0.00'[39m, [32m'4.33'[39m, [32m'3.40'[39m, [32m'0.00'[39m ]
data rcv RT:[ [32m'0.00'[39m, [32m'4.35'[39m, [32m'3.37'[39m, [32m'0.00'[39m ]
data rcv RT:[ [32m'0.00'[39m, [32m'4.32'[39m, [32m'3.34'[39m, [32m'0.05'[39m ]
data rcv RT:[ [32m'0.00'[39m, [32m'4.34'[39m, [32m'3.38'[39m, [32m'0.01'[39m ]
data rcv RT:[ [32m'0.00'[39m, [32m'4.37'[39m, [32m'3.39'[39m, [32m'0.03'[39m ]
data rcv RT:[ [32m'0.00'[39m, [32m'4.37'[39m, [32m'3.41'[39m, [32m'0.01'[39m ]
data rcv RT:[ [32m'0.00'[39m, [32m'4.36'[39m, [32m'3.42'[39m, [32m'0.00'[39m ]
data rcv RT:[ [32m'0.00'[39m, [32m'4.31'[39m, [32m'3.44'[39m, [32m'0.00'[39m ]
data rcv RT:[ [32m'0.00'[39m, [32m'4.30'[39m, [32m'3.42'[39m, [32m'0.00'[39m ]
data rcv RT:[ [32m'0.00'[39m, [32m'4.29'[39m, [32m'3.42'[39m, [32m'0.00'[39m ]
data rcv RT:[ [32m'0.00'[39m, [32m'4.30'[39m, [32m'3.44'[39m, [32m'0.00'[39m ]
data rcv RT:[ [32m'0.00'[39m, [32m'4.27'[39m, [32m'3.40'[39m, [32m'0.00'[39m ]
data rcv RT:[ [32m'0.00'[39m, [32m'4.26'[39m, [32m'3.41'[39m, [32m'0.00'[39m ]
data rcv RT:[ [32m'0.00'[39m, [32m'4.28'[39m, [32m'3.38'[39m, [32m'0.00'[39m ]
data rcv RT:[ [32m'0.00'[39m, [32m'4.29'[39m, [32m'3.36'[39m, [32m'0.00'[39m ]
data rcv RT:[ [32m'0.00'[39m, [32m'4.29'[39m, [32m'3.38'[39m, [32m'0.00'[39m ]
data rcv RT:[ [32m'0.00'[39m, [32m'4.31'[39m, [32m'3.37'[39m, [32m'0.02'[39m ]
data rcv RT:[ [32m'0.00'[39m, [32m'4.31'[39m, [32m'3.37'[39m, [32m'0.01'[39m ]
data rcv RT:[ [32m'0.00'[39m, [32m'4.34'[39m, [32m'3.37'[39m, [32m'0.00'[39m ]
data rcv RT:[ [32m'0.00'[39m, [32m'4.31'[39m, [32m'3.38'[39m, [32m'0.01'[39m ]
data rcv RT:[ [32m'0.00'[39m, [32m'4.34'[39m, [32m'3.38'[39m, [32m'0.01'[39m ]
data rcv RT:[ [32m'0.00'[39m, [32m'4.37'[39m, [32m'3.41'[39m, [32m'0.00'[39m ]
data rcv RT:[ [32m'0.00'[39m, [32m'4.37'[39m, [32m'3.40'[39m, [32m'0.01'[39m ]
data rcv RT:[ [32m'0.00'[39m, [32m'4.34'[39m, [32m'3.42'[39m, [32m'0.00'[39m ]
data rcv RT:[ [32m'0.00'[39m, [32m'4.35'[39m, [32m'3.40'[39m, [32m'0.00'[39m ]
data rcv RT:[ [32m'0.00'[39m, [32m'4.31'[39m, [32m'3.44'[39m, [32m'0.00'[39m ]
data rcv RT:[ [32m'0.00'[39m, [32m'4.28'[39m, [32m'3.43'[39m, [32m'0.00'[39m ]
data rcv RT:[ [32m'0.00'[39m, [32m'4.31'[39m, [32m'3.43'[39m, [32m'0.00'[39m ]
data rcv RT:[ [32m'0.00'[39m, [32m'4.26'[39m, [32m'3.40'[39m, [32m'0.00'[39m ]
data rcv RT:[ [32m'0.00'[39m, [32m'4.27'[39m, [32m'3.40'[39m, [32m'0.00'[39m ]
data rcv RT:[ [32m'0.00'[39m, [32m'4.28'[39m, [32m'3.40'[39m, [32m'0.00'[39m ]
data rcv RT:[ [32m'0.00'[39m, [32m'4.28'[39m, [32m'3.39'[39m, [32m'0.00'[39m ]
data rcv RT:[ [32m'0.00'[39m, [32m'4.30'[39m, [32m'3.35'[39m, [32m'0.01'[39m ]
data rcv RT:[ [32m'0.00'[39m, [32m'4.34'[39m, [32m'3.37'[39m, [32m'0.05'[39m ]
data rcv RT:[ [32m'0.00'[39m, [32m'4.37'[39m, [32m'3.37'[39m, [32m'0.03'[39m ]
data rcv RT:[ [32m'0.00'[39m, [32m'4.36'[39m, [32m'3.41'[39m, [32m'0.00'[39m ]
data rcv RT:[ [32m'0.00'[39m, [32m'4.39'[39m, [32m'3.41'[39m, [32m'0.01'[39m ]
data rcv RT:[ [32m'0.00'[39m, [32m'4.36'[39m, [32m'3.44'[39m, [32m'0.00'[39m ]
data rcv RT:[ [32m'0.00'[39m, [32m'4.32'[39m, [32m'3.42'[39m, [32m'0.00'[39m ]
data rcv RT:[ [32m'0.00'[39m, [32m'4.32'[39m, [32m'3.43'[39m, [32m'0.00'[39m ]
data rcv RT:[ [32m'0.00'[39m, [32m'4.28'[39m, [32m'3.43'[39m, [32m'0.00'[39m ]
data rcv RT:[ [32m'0.00'[39m, [32m'4.27'[39m, [32m'3.41'[39m, [32m'0.00'[39m ]
data rcv RT:[ [32m'0.00'[39m, [32m'4.26'[39m, [32m'3.40'[39m, [32m'0.00'[39m ]
data rcv RT:[ [32m'0.00'[39m, [32m'4.28'[39m, [32m'3.40'[39m, [32m'0.00'[39m ]
data rcv RT:[ [32m'0.00'[39m, [32m'4.33'[39m, [32m'3.38'[39m, [32m'0.00'[39m ]
data rcv RT:[ [32m'0.00'[39m, [32m'4.30'[39m, [32m'3.36'[39m, [32m'0.02'[39m ]
data rcv RT:[ [32m'0.00'[39m, [32m'4.32'[39m, [32m'3.35'[39m, [32m'0.04'[39m ]
data rcv RT:[ [32m'0.00'[39m, [32m'4.34'[39m, [32m'3.36'[39m, [32m'0.03'[39m ]
data rcv RT:[ [32m'0.00'[39m, [32m'4.37'[39m, [32m'3.39'[39m, [32m'0.02'[39m ]
data rcv RT:[ [32m'0.00'[39m, [32m'4.35'[39m, [32m'3.41'[39m, [32m'0.00'[39m ]
data rcv RT:[ [32m'0.00'[39m, [32m'4.34'[39m, [32m'3.43'[39m, [32m'0.00'[39m ]
data rcv RT:[ [32m'0.00'[39m, [32m'4.32'[39m, [32m'3.43'[39m, [32m'0.00'[39m ]
data rcv RT:[ [32m'0.00'[39m, [32m'4.31'[39m, [32m'3.42'[39m, [32m'0.00'[39m ]
data rcv RT:[ [32m'0.00'[39m, [32m'4.30'[39m, [32m'3.44'[39m, [32m'0.00'[39m ]
data rcv RT:[ [32m'0.00'[39m, [32m'4.25'[39m, [32m'3.42'[39m, [32m'0.00'[39m ]
data rcv RT:[ [32m'0.00'[39m, [32m'4.27'[39m, [32m'3.39'[39m, [32m'0.00'[39m ]
data rcv RT:[ [32m'0.00'[39m, [32m'4.30'[39m, [32m'3.38'[39m, [32m'0.00'[39m ]
data rcv RT:[ [32m'0.00'[39m, [32m'4.30'[39m, [32m'3.39'[39m, [32m'0.00'[39m ]
data rcv RT:[ [32m'0.00'[39m, [32m'4.33'[39m, [32m'3.38'[39m, [32m'0.00'[39m ]
data rcv RT:[ [32m'0.00'[39m, [32m'4.36'[39m, [32m'3.39'[39m, [32m'0.01'[39m ]
data rcv RT:[ [32m'0.00'[39m, [32m'4.37'[39m, [32m'3.37'[39m, [32m'0.05'[39m ]
data rcv RT:[ [32m'0.00'[39m, [32m'4.36'[39m, [32m'3.41'[39m, [32m'0.00'[39m ]
data rcv RT:[ [32m'0.00'[39m, [32m'4.35'[39m, [32m'3.42'[39m, [32m'0.00'[39m ]
data rcv RT:[ [32m'0.00'[39m, [32m'4.36'[39m, [32m'3.41'[39m, [32m'0.00'[39m ]
data rcv RT:[ [32m'0.00'[39m, [32m'4.30'[39m, [32m'3.43'[39m, [32m'0.00'[39m ]
data rcv RT:[ [32m'0.00'[39m, [32m'4.34'[39m, [32m'3.41'[39m, [32m'0.00'[39m ]
data rcv RT:[ [32m'0.00'[39m, [32m'4.28'[39m, [32m'3.41'[39m, [32m'0.00'[39m ]
data rcv RT:[ [32m'0.00'[39m, [32m'4.29'[39m, [32m'3.41'[39m, [32m'0.00'[39m ]
data rcv RT:[ [32m'0.00'[39m, [32m'4.27'[39m, [32m'3.42'[39m, [32m'0.00'[39m ]
data rcv RT:[ [32m'0.00'[39m, [32m'4.26'[39m, [32m'3.40'[39m, [32m'0.00'[39m ]
data rcv RT:[ [32m'0.00'[39m, [32m'4.28'[39m, [32m'3.39'[39m, [32m'0.00'[39m ]
data rcv RT:[ [32m'0.00'[39m, [32m'4.26'[39m, [32m'3.40'[39m, [32m'0.00'[39m ]
data rcv RT:[ [32m'0.00'[39m, [32m'4.30'[39m, [32m'3.38'[39m, [32m'0.01'[39m ]
data rcv RT:[ [32m'0.00'[39m, [32m'4.32'[39m, [32m'3.37'[39m, [32m'0.01'[39m ]
data rcv RT:[ [32m'0.00'[39m, [32m'4.32'[39m, [32m'3.38'[39m, [32m'0.02'[39m ]
data rcv RT:[ [32m'0.00'[39m, [32m'4.37'[39m, [32m'3.39'[39m, [32m'0.01'[39m ]
data rcv RT:[ [32m'0.00'[39m, [32m'4.36'[39m, [32m'3.42'[39m, [32m'0.02'[39m ]
data rcv RT:[ [32m'0.00'[39m, [32m'4.34'[39m, [32m'3.41'[39m, [32m'0.00'[39m ]
data rcv RT:[ [32m'0.00'[39m, [32m'4.32'[39m, [32m'3.41'[39m, [32m'0.00'[39m ]
data rcv RT:[ [32m'0.00'[39m, [32m'4.28'[39m, [32m'3.40'[39m, [32m'0.00'[39m ]
data rcv RT:[ [32m'0.00'[39m, [32m'4.27'[39m, [32m'3.43'[39m, [32m'0.00'[39m ]
data rcv RT:[ [32m'0.00'[39m, [32m'4.27'[39m, [32m'3.39'[39m, [32m'0.00'[39m ]
data rcv RT:[ [32m'0.00'[39m, [32m'4.26'[39m, [32m'3.40'[39m, [32m'0.00'[39m ]
data rcv RT:[ [32m'0.00'[39m, [32m'4.29'[39m, [32m'3.37'[39m, [32m'0.00'[39m ]
data rcv RT:[ [32m'0.00'[39m, [32m'4.29'[39m, [32m'3.38'[39m, [32m'0.00'[39m ]
data rcv RT:[ [32m'0.00'[39m, [32m'4.30'[39m, [32m'3.39'[39m, [32m'0.00'[39m ]
data rcv RT:[ [32m'0.00'[39m, [32m'4.32'[39m, [32m'3.38'[39m, [32m'0.01'[39m ]
data rcv RT:[ [32m'0.00'[39m, [32m'4.34'[39m, [32m'3.38'[39m, [32m'0.02'[39m ]
data rcv RT:[ [32m'0.00'[39m, [32m'4.35'[39m, [32m'3.38'[39m, [32m'0.02'[39m ]
data rcv RT:[ [32m'0.00'[39m, [32m'4.36'[39m, [32m'3.40'[39m, [32m'0.00'[39m ]
data rcv RT:[ [32m'0.00'[39m, [32m'4.37'[39m, [32m'3.41'[39m, [32m'0.00'[39m ]
data rcv RT:[ [32m'0.00'[39m, [32m'4.36'[39m, [32m'3.42'[39m, [32m'0.00'[39m ]
data rcv RT:[ [32m'0.00'[39m, [32m'4.32'[39m, [32m'3.43'[39m, [32m'0.00'[39m ]
data rcv RT:[ [32m'0.00'[39m, [32m'4.33'[39m, [32m'3.44'[39m, [32m'0.00'[39m ]
data rcv RT:[ [32m'0.00'[39m, [32m'4.32'[39m, [32m'3.42'[39m, [32m'0.00'[39m ]
data rcv RT:[ [32m'0.00'[39m, [32m'4.30'[39m, [32m'3.43'[39m, [32m'0.00'[39m ]
data rcv RT:[ [32m'0.00'[39m, [32m'4.28'[39m, [32m'3.44'[39m, [32m'0.00'[39m ]
data rcv RT:[ [32m'0.00'[39m, [32m'4.28'[39m, [32m'3.40'[39m, [32m'0.00'[39m ]
data rcv RT:[ [32m'0.00'[39m, [32m'4.26'[39m, [32m'3.40'[39m, [32m'0.00'[39m ]
data rcv RT:[ [32m'0.00'[39m, [32m'4.25'[39m, [32m'3.40'[39m, [32m'0.00'[39m ]
data rcv RT:[ [32m'0.00'[39m, [32m'4.29'[39m, [32m'3.37'[39m, [32m'0.00'[39m ]
data rcv RT:[ [32m'0.00'[39m, [32m'4.29'[39m, [32m'3.38'[39m, [32m'0.00'[39m ]
data rcv RT:[ [32m'0.00'[39m, [32m'4.33'[39m, [32m'3.40'[39m, [32m'0.00'[39m ]
data rcv RT:[ [32m'0.00'[39m, [32m'4.38'[39m, [32m'3.39'[39m, [32m'0.02'[39m ]
data rcv RT:[ [32m'0.00'[39m, [32m'4.35'[39m, [32m'3.37'[39m, [32m'0.04'[39m ]
data rcv RT:[ [32m'0.00'[39m, [32m'4.38'[39m, [32m'3.40'[39m, [32m'0.00'[39m ]
data rcv RT:[ [32m'0.00'[39m, [32m'4.35'[39m, [32m'3.43'[39m, [32m'0.00'[39m ]
data rcv RT:[ [32m'0.00'[39m, [32m'4.35'[39m, [32m'3.41'[39m, [32m'0.00'[39m ]
data rcv RT:[ [32m'0.00'[39m, [32m'4.32'[39m, [32m'3.42'[39m, [32m'0.00'[39m ]
data rcv RT:[ [32m'0.00'[39m, [32m'4.30'[39m, [32m'3.41'[39m, [32m'0.00'[39m ]
data rcv RT:[ [32m'0.00'[39m, [32m'4.25'[39m, [32m'3.43'[39m, [32m'0.00'[39m ]
data rcv RT:[ [32m'0.00'[39m, [32m'4.27'[39m, [32m'3.46'[39m, [32m'0.00'[39m ]
data rcv RT:[ [32m'0.00'[39m, [32m'4.25'[39m, [32m'3.42'[39m, [32m'0.00'[39m ]
data rcv RT:[ [32m'0.00'[39m, [32m'4.25'[39m, [32m'3.37'[39m, [32m'0.00'[39m ]
data rcv RT:[ [32m'0.00'[39m, [32m'4.31'[39m, [32m'3.37'[39m, [32m'0.02'[39m ]
data rcv RT:[ [32m'0.00'[39m, [32m'4.33'[39m, [32m'3.38'[39m, [32m'0.01'[39m ]
data rcv RT:[ [32m'0.00'[39m, [32m'4.33'[39m, [32m'3.37'[39m, [32m'0.01'[39m ]
data rcv RT:[ [32m'0.00'[39m, [32m'4.35'[39m, [32m'3.36'[39m, [32m'0.05'[39m ]
data rcv RT:[ [32m'0.00'[39m, [32m'4.37'[39m, [32m'3.42'[39m, [32m'0.00'[39m ]
data rcv RT:[ [32m'0.00'[39m, [32m'4.36'[39m, [32m'3.39'[39m, [32m'0.00'[39m ]
data rcv RT:[ [32m'0.00'[39m, [32m'4.33'[39m, [32m'3.43'[39m, [32m'0.00'[39m ]
data rcv RT:[ [32m'0.00'[39m, [32m'4.38'[39m, [32m'3.43'[39m, [32m'0.00'[39m ]
data rcv RT:[ [32m'0.00'[39m, [32m'4.35'[39m, [32m'3.40'[39m, [32m'0.00'[39m ]
data rcv RT:[ [32m'0.00'[39m, [32m'4.32'[39m, [32m'3.44'[39m, [32m'0.00'[39m ]
data rcv RT:[ [32m'0.00'[39m, [32m'4.30'[39m, [32m'3.43'[39m, [32m'0.00'[39m ]
data rcv RT:[ [32m'0.00'[39m, [32m'4.25'[39m, [32m'3.40'[39m, [32m'0.00'[39m ]
data rcv RT:[ [32m'0.00'[39m, [32m'4.27'[39m, [32m'3.40'[39m, [32m'0.00'[39m ]
data rcv RT:[ [32m'0.00'[39m, [32m'4.28'[39m, [32m'3.38'[39m, [32m'0.00'[39m ]
data rcv RT:[ [32m'0.00'[39m, [32m'4.31'[39m, [32m'3.36'[39m, [32m'0.00'[39m ]
data rcv RT:[ [32m'0.00'[39m, [32m'4.31'[39m, [32m'3.38'[39m, [32m'0.01'[39m ]
data rcv RT:[ [32m'0.00'[39m, [32m'4.32'[39m, [32m'3.37'[39m, [32m'0.01'[39m ]
data rcv RT:[ [32m'0.00'[39m, [32m'4.33'[39m, [32m'3.40'[39m, [32m'0.02'[39m ]
data rcv RT:[ [32m'0.00'[39m, [32m'4.38'[39m, [32m'3.39'[39m, [32m'0.03'[39m ]
data rcv RT:[ [32m'0.00'[39m, [32m'4.36'[39m, [32m'3.42'[39m, [32m'0.00'[39m ]
data rcv RT:[ [32m'0.00'[39m, [32m'4.35'[39m, [32m'3.41'[39m, [32m'0.00'[39m ]
data rcv RT:[ [32m'0.00'[39m, [32m'4.34'[39m, [32m'3.42'[39m, [32m'0.00'[39m ]
data rcv RT:[ [32m'0.00'[39m, [32m'4.31'[39m, [32m'3.44'[39m, [32m'0.00'[39m ]
data rcv RT:[ [32m'0.00'[39m, [32m'4.31'[39m, [32m'3.42'[39m, [32m'0.00'[39m ]
data rcv RT:[ [32m'0.00'[39m, [32m'4.29'[39m, [32m'3.44'[39m, [32m'0.00'[39m ]
data rcv RT:[ [32m'0.00'[39m, [32m'4.31'[39m, [32m'3.41'[39m, [32m'0.00'[39m ]
data rcv RT:[ [32m'0.00'[39m, [32m'4.30'[39m, [32m'3.45'[39m, [32m'0.00'[39m ]
data rcv RT:[ [32m'0.00'[39m, [32m'4.25'[39m, [32m'3.42'[39m, [32m'0.00'[39m ]
data rcv RT:[ [32m'0.00'[39m, [32m'4.27'[39m, [32m'3.39'[39m, [32m'0.00'[39m ]
data rcv RT:[ [32m'0.00'[39m, [32m'4.27'[39m, [32m'3.38'[39m, [32m'0.00'[39m ]
data rcv RT:[ [32m'0.00'[39m, [32m'4.30'[39m, [32m'3.39'[39m, [32m'0.01'[39m ]
data rcv RT:[ [32m'0.00'[39m, [32m'4.30'[39m, [32m'3.38'[39m, [32m'0.00'[39m ]
data rcv RT:[ [32m'0.00'[39m, [32m'4.29'[39m, [32m'3.38'[39m, [32m'0.00'[39m ]
data rcv RT:[ [32m'0.00'[39m, [32m'4.34'[39m, [32m'3.38'[39m, [32m'0.01'[39m ]
data rcv RT:[ [32m'0.00'[39m, [32m'4.34'[39m, [32m'3.35'[39m, [32m'0.03'[39m ]
data rcv RT:[ [32m'0.00'[39m, [32m'4.34'[39m, [32m'3.38'[39m, [32m'0.02'[39m ]
data rcv RT:[ [32m'0.00'[39m, [32m'4.37'[39m, [32m'3.40'[39m, [32m'0.00'[39m ]
data rcv RT:[ [32m'0.00'[39m, [32m'4.37'[39m, [32m'3.41'[39m, [32m'0.00'[39m ]
data rcv RT:[ [32m'0.00'[39m, [32m'4.35'[39m, [32m'3.43'[39m, [32m'0.00'[39m ]
data rcv RT:[ [32m'0.00'[39m, [32m'4.32'[39m, [32m'3.43'[39m, [32m'0.00'[39m ]
data rcv RT:[ [32m'0.00'[39m, [32m'4.32'[39m, [32m'3.41'[39m, [32m'0.00'[39m ]
data rcv RT:[ [32m'0.00'[39m, [32m'4.29'[39m, [32m'3.44'[39m, [32m'0.00'[39m ]
data rcv RT:[ [32m'0.00'[39m, [32m'4.25'[39m, [32m'3.39'[39m, [32m'0.00'[39m ]
data rcv RT:[ [32m'0.00'[39m, [32m'4.27'[39m, [32m'3.41'[39m, [32m'0.00'[39m ]
data rcv RT:[ [32m'0.00'[39m, [32m'4.28'[39m, [32m'3.37'[39m, [32m'0.00'[39m ]
data rcv RT:[ [32m'0.00'[39m, [32m'4.28'[39m, [32m'3.39'[39m, [32m'0.00'[39m ]
data rcv RT:[ [32m'0.00'[39m, [32m'4.32'[39m, [32m'3.38'[39m, [32m'0.01'[39m ]
data rcv RT:[ [32m'0.00'[39m, [32m'4.31'[39m, [32m'3.38'[39m, [32m'0.01'[39m ]
data rcv RT:[ [32m'0.00'[39m, [32m'4.34'[39m, [32m'3.35'[39m, [32m'0.02'[39m ]
data rcv RT:[ [32m'0.00'[39m, [32m'4.37'[39m, [32m'3.40'[39m, [32m'0.00'[39m ]
data rcv RT:[ [32m'0.00'[39m, [32m'4.35'[39m, [32m'3.41'[39m, [32m'0.00'[39m ]
data rcv RT:[ [32m'0.00'[39m, [32m'4.34'[39m, [32m'3.44'[39m, [32m'0.00'[39m ]
data rcv RT:[ [32m'0.00'[39m, [32m'4.33'[39m, [32m'3.45'[39m, [32m'0.00'[39m ]
data rcv RT:[ [32m'0.00'[39m, [32m'4.30'[39m, [32m'3.44'[39m, [32m'0.00'[39m ]
data rcv RT:[ [32m'0.00'[39m, [32m'4.30'[39m, [32m'3.42'[39m, [32m'0.00'[39m ]
data rcv RT:[ [32m'0.00'[39m, [32m'4.28'[39m, [32m'3.42'[39m, [32m'0.00'[39m ]
data rcv RT:[ [32m'0.00'[39m, [32m'4.26'[39m, [32m'3.40'[39m, [32m'0.00'[39m ]
data rcv RT:[ [32m'0.00'[39m, [32m'4.26'[39m, [32m'3.38'[39m, [32m'0.00'[39m ]
data rcv RT:[ [32m'0.00'[39m, [32m'4.27'[39m, [32m'3.37'[39m, [32m'0.00'[39m ]
data rcv RT:[ [32m'0.00'[39m, [32m'4.29'[39m, [32m'3.38'[39m, [32m'0.00'[39m ]
data rcv RT:[ [32m'0.00'[39m, [32m'4.30'[39m, [32m'3.39'[39m, [32m'0.01'[39m ]
data rcv RT:[ [32m'0.00'[39m, [32m'4.31'[39m, [32m'3.38'[39m, [32m'0.00'[39m ]
data rcv RT:[ [32m'0.00'[39m, [32m'4.34'[39m, [32m'3.38'[39m, [32m'0.03'[39m ]
data rcv RT:[ [32m'0.00'[39m, [32m'4.33'[39m, [32m'3.36'[39m, [32m'0.04'[39m ]
data rcv RT:[ [32m'0.00'[39m, [32m'4.38'[39m, [32m'3.42'[39m, [32m'0.00'[39m ]
data rcv RT:[ [32m'0.00'[39m, [32m'4.35'[39m, [32m'3.41'[39m, [32m'0.00'[39m ]
data rcv RT:[ [32m'0.00'[39m, [32m'4.31'[39m, [32m'3.43'[39m, [32m'0.00'[39m ]
data rcv RT:[ [32m'0.00'[39m, [32m'4.32'[39m, [32m'3.42'[39m, [32m'0.00'[39m ]
data rcv RT:[ [32m'0.00'[39m, [32m'4.30'[39m, [32m'3.44'[39m, [32m'0.00'[39m ]
data rcv RT:[ [32m'0.00'[39m, [32m'4.28'[39m, [32m'3.40'[39m, [32m'0.00'[39m ]
data rcv RT:[ [32m'0.00'[39m, [32m'4.27'[39m, [32m'3.39'[39m, [32m'0.00'[39m ]
data rcv RT:[ [32m'0.00'[39m, [32m'4.32'[39m, [32m'3.39'[39m, [32m'0.01'[39m ]
data rcv RT:[ [32m'0.00'[39m, [32m'4.33'[39m, [32m'3.39'[39m, [32m'0.01'[39m ]
data rcv RT:[ [32m'0.00'[39m, [32m'4.34'[39m, [32m'3.37'[39m, [32m'0.04'[39m ]
data rcv RT:[ [32m'0.00'[39m, [32m'4.38'[39m, [32m'3.37'[39m, [32m'0.03'[39m ]
data rcv RT:[ [32m'0.00'[39m, [32m'4.36'[39m, [32m'3.43'[39m, [32m'0.00'[39m ]
data rcv RT:[ [32m'0.00'[39m, [32m'4.34'[39m, [32m'3.44'[39m, [32m'0.00'[39m ]
data rcv RT:[ [32m'0.00'[39m, [32m'4.32'[39m, [32m'3.43'[39m, [32m'0.00'[39m ]
data rcv RT:[ [32m'0.00'[39m, [32m'4.31'[39m, [32m'3.42'[39m, [32m'0.00'[39m ]
data rcv RT:[ [32m'0.00'[39m, [32m'4.29'[39m, [32m'3.44'[39m, [32m'0.00'[39m ]
data rcv RT:[ [32m'0.00'[39m, [32m'4.31'[39m, [32m'3.42'[39m, [32m'0.00'[39m ]
data rcv RT:[ [32m'0.00'[39m, [32m'4.27'[39m, [32m'3.38'[39m, [32m'0.00'[39m ]
data rcv RT:[ [32m'0.00'[39m, [32m'4.28'[39m, [32m'3.38'[39m, [32m'0.00'[39m ]
data rcv RT:[ [32m'0.00'[39m, [32m'4.29'[39m, [32m'3.37'[39m, [32m'0.00'[39m ]
data rcv RT:[ [32m'0.00'[39m, [32m'4.30'[39m, [32m'3.37'[39m, [32m'0.01'[39m ]
data rcv RT:[ [32m'0.00'[39m, [32m'4.34'[39m, [32m'3.38'[39m, [32m'0.04'[39m ]
data rcv RT:[ [32m'0.00'[39m, [32m'4.35'[39m, [32m'3.38'[39m, [32m'0.01'[39m ]
data rcv RT:[ [32m'0.00'[39m, [32m'4.37'[39m, [32m'3.39'[39m, [32m'0.00'[39m ]
data rcv RT:[ [32m'0.00'[39m, [32m'4.37'[39m, [32m'3.42'[39m, [32m'0.01'[39m ]
data rcv RT:[ [32m'0.00'[39m, [32m'4.37'[39m, [32m'3.42'[39m, [32m'0.00'[39m ]
data rcv RT:[ [32m'0.00'[39m, [32m'4.35'[39m, [32m'3.42'[39m, [32m'0.00'[39m ]
data rcv RT:[ [32m'0.00'[39m, [32m'4.34'[39m, [32m'3.42'[39m, [32m'0.00'[39m ]
data rcv RT:[ [32m'0.00'[39m, [32m'4.30'[39m, [32m'3.41'[39m, [32m'0.00'[39m ]
data rcv RT:[ [32m'0.00'[39m, [32m'4.33'[39m, [32m'3.43'[39m, [32m'0.00'[39m ]
data rcv RT:[ [32m'0.00'[39m, [32m'4.28'[39m, [32m'3.41'[39m, [32m'0.00'[39m ]
data rcv RT:[ [32m'0.00'[39m, [32m'4.26'[39m, [32m'3.41'[39m, [32m'0.00'[39m ]
data rcv RT:[ [32m'0.00'[39m, [32m'4.29'[39m, [32m'3.44'[39m, [32m'0.00'[39m ]
data rcv RT:[ [32m'0.00'[39m, [32m'4.27'[39m, [32m'3.41'[39m, [32m'0.00'[39m ]
data rcv RT:[ [32m'0.00'[39m, [32m'4.28'[39m, [32m'3.38'[39m, [32m'0.00'[39m ]
data rcv RT:[ [32m'0.00'[39m, [32m'4.28'[39m, [32m'3.38'[39m, [32m'0.00'[39m ]
data rcv RT:[ [32m'0.00'[39m, [32m'4.32'[39m, [32m'3.37'[39m, [32m'0.00'[39m ]
data rcv RT:[ [32m'0.00'[39m, [32m'4.34'[39m, [32m'3.39'[39m, [32m'0.01'[39m ]
data rcv RT:[ [32m'0.00'[39m, [32m'4.35'[39m, [32m'3.37'[39m, [32m'0.04'[39m ]
data rcv RT:[ [32m'0.00'[39m, [32m'4.37'[39m, [32m'3.39'[39m, [32m'0.02'[39m ]
data rcv RT:[ [32m'0.00'[39m, [32m'4.37'[39m, [32m'3.40'[39m, [32m'0.00'[39m ]
data rcv RT:[ [32m'0.00'[39m, [32m'4.39'[39m, [32m'3.39'[39m, [32m'0.01'[39m ]
data rcv RT:[ [32m'0.00'[39m, [32m'4.32'[39m, [32m'3.43'[39m, [32m'0.00'[39m ]
data rcv RT:[ [32m'0.00'[39m, [32m'4.33'[39m, [32m'3.40'[39m, [32m'0.00'[39m ]
data rcv RT:[ [32m'0.00'[39m, [32m'4.33'[39m, [32m'3.44'[39m, [32m'0.00'[39m ]
data rcv RT:[ [32m'0.00'[39m, [32m'4.32'[39m, [32m'3.42'[39m, [32m'0.00'[39m ]
data rcv RT:[ [32m'0.00'[39m, [32m'4.32'[39m, [32m'3.42'[39m, [32m'0.00'[39m ]
data rcv RT:[ [32m'0.00'[39m, [32m'4.31'[39m, [32m'3.43'[39m, [32m'0.00'[39m ]
data rcv RT:[ [32m'0.00'[39m, [32m'4.31'[39m, [32m'3.44'[39m, [32m'0.00'[39m ]
data rcv RT:[ [32m'0.00'[39m, [32m'4.27'[39m, [32m'3.42'[39m, [32m'0.00'[39m ]
data rcv RT:[ [32m'0.00'[39m, [32m'4.27'[39m, [32m'3.37'[39m, [32m'0.00'[39m ]
data rcv RT:[ [32m'0.00'[39m, [32m'4.28'[39m, [32m'3.39'[39m, [32m'0.00'[39m ]
data rcv RT:[ [32m'0.00'[39m, [32m'4.27'[39m, [32m'3.40'[39m, [32m'0.00'[39m ]
data rcv RT:[ [32m'0.00'[39m, [32m'4.32'[39m, [32m'3.38'[39m, [32m'0.01'[39m ]
data rcv RT:[ [32m'0.00'[39m, [32m'4.32'[39m, [32m'3.38'[39m, [32m'0.00'[39m ]
data rcv RT:[ [32m'0.00'[39m, [32m'4.34'[39m, [32m'3.38'[39m, [32m'0.02'[39m ]
data rcv RT:[ [32m'0.00'[39m, [32m'4.33'[39m, [32m'3.36'[39m, [32m'0.03'[39m ]
data rcv RT:[ [32m'0.00'[39m, [32m'4.35'[39m, [32m'3.37'[39m, [32m'0.03'[39m ]
data rcv RT:[ [32m'0.00'[39m, [32m'4.36'[39m, [32m'3.42'[39m, [32m'0.00'[39m ]
data rcv RT:[ [32m'0.00'[39m, [32m'4.38'[39m, [32m'3.40'[39m, [32m'0.01'[39m ]
data rcv RT:[ [32m'0.00'[39m, [32m'4.35'[39m, [32m'3.43'[39m, [32m'0.00'[39m ]
data rcv RT:[ [32m'0.00'[39m, [32m'4.34'[39m, [32m'3.44'[39m, [32m'0.00'[39m ]
data rcv RT:[ [32m'0.00'[39m, [32m'4.33'[39m, [32m'3.42'[39m, [32m'0.00'[39m ]
data rcv RT:[ [32m'0.00'[39m, [32m'4.31'[39m, [32m'3.44'[39m, [32m'0.00'[39m ]
data rcv RT:[ [32m'0.00'[39m, [32m'4.29'[39m, [32m'3.42'[39m, [32m'0.00'[39m ]
data rcv RT:[ [32m'0.00'[39m, [32m'4.27'[39m, [32m'3.41'[39m, [32m'0.00'[39m ]
data rcv RT:[ [32m'0.00'[39m, [32m'4.28'[39m, [32m'3.39'[39m, [32m'0.00'[39m ]
data rcv RT:[ [32m'0.00'[39m, [32m'4.27'[39m, [32m'3.39'[39m, [32m'0.00'[39m ]
data rcv RT:[ [32m'0.00'[39m, [32m'4.32'[39m, [32m'3.37'[39m, [32m'0.01'[39m ]
data rcv RT:[ [32m'0.00'[39m, [32m'4.35'[39m, [32m'3.39'[39m, [32m'0.01'[39m ]
data rcv RT:[ [32m'0.00'[39m, [32m'4.34'[39m, [32m'3.39'[39m, [32m'0.01'[39m ]
data rcv RT:[ [32m'0.00'[39m, [32m'4.35'[39m, [32m'3.38'[39m, [32m'0.04'[39m ]
data rcv RT:[ [32m'0.00'[39m, [32m'4.37'[39m, [32m'3.41'[39m, [32m'0.00'[39m ]
data rcv RT:[ [32m'0.00'[39m, [32m'4.37'[39m, [32m'3.42'[39m, [32m'0.00'[39m ]
data rcv RT:[ [32m'0.00'[39m, [32m'4.36'[39m, [32m'3.42'[39m, [32m'0.00'[39m ]
data rcv RT:[ [32m'0.00'[39m, [32m'4.32'[39m, [32m'3.43'[39m, [32m'0.00'[39m ]
data rcv RT:[ [32m'0.00'[39m, [32m'4.30'[39m, [32m'3.41'[39m, [32m'0.00'[39m ]
data rcv RT:[ [32m'0.00'[39m, [32m'4.33'[39m, [32m'3.44'[39m, [32m'0.00'[39m ]
data rcv RT:[ [32m'0.00'[39m, [32m'4.25'[39m, [32m'3.39'[39m, [32m'0.00'[39m ]
data rcv RT:[ [32m'0.00'[39m, [32m'4.27'[39m, [32m'3.37'[39m, [32m'0.00'[39m ]
data rcv RT:[ [32m'0.00'[39m, [32m'4.29'[39m, [32m'3.40'[39m, [32m'0.00'[39m ]
data rcv RT:[ [32m'0.00'[39m, [32m'4.31'[39m, [32m'3.38'[39m, [32m'0.01'[39m ]
data rcv RT:[ [32m'0.00'[39m, [32m'4.37'[39m, [32m'3.38'[39m, [32m'0.03'[39m ]
data rcv RT:[ [32m'0.00'[39m, [32m'4.38'[39m, [32m'3.39'[39m, [32m'0.01'[39m ]
data rcv RT:[ [32m'0.00'[39m, [32m'4.34'[39m, [32m'3.43'[39m, [32m'0.00'[39m ]
data rcv RT:[ [32m'0.00'[39m, [32m'4.31'[39m, [32m'3.44'[39m, [32m'0.00'[39m ]
data rcv RT:[ [32m'0.00'[39m, [32m'4.30'[39m, [32m'3.43'[39m, [32m'0.00'[39m ]
data rcv RT:[ [32m'0.00'[39m, [32m'4.25'[39m, [32m'3.39'[39m, [32m'0.00'[39m ]
data rcv RT:[ [32m'0.00'[39m, [32m'4.27'[39m, [32m'3.38'[39m, [32m'0.00'[39m ]
data rcv RT:[ [32m'0.00'[39m, [32m'4.28'[39m, [32m'3.39'[39m, [32m'0.00'[39m ]
data rcv RT:[ [32m'0.00'[39m, [32m'4.32'[39m, [32m'3.37'[39m, [32m'0.01'[39m ]
data rcv RT:[ [32m'0.00'[39m, [32m'4.33'[39m, [32m'3.37'[39m, [32m'0.00'[39m ]
data rcv RT:[ [32m'0.00'[39m, [32m'4.33'[39m, [32m'3.40'[39m, [32m'0.00'[39m ]
data rcv RT:[ [32m'0.00'[39m, [32m'4.38'[39m, [32m'3.39'[39m, [32m'0.00'[39m ]
data rcv RT:[ [32m'0.00'[39m, [32m'4.38'[39m, [32m'3.41'[39m, [32m'0.00'[39m ]
data rcv RT:[ [32m'0.00'[39m, [32m'4.36'[39m, [32m'3.39'[39m, [32m'0.00'[39m ]
data rcv RT:[ [32m'0.00'[39m, [32m'4.32'[39m, [32m'3.43'[39m, [32m'0.00'[39m ]
data rcv RT:[ [32m'0.00'[39m, [32m'4.32'[39m, [32m'3.43'[39m, [32m'0.00'[39m ]
data rcv RT:[ [32m'0.00'[39m, [32m'4.32'[39m, [32m'3.45'[39m, [32m'0.00'[39m ]
data rcv RT:[ [32m'0.00'[39m, [32m'4.29'[39m, [32m'3.42'[39m, [32m'0.00'[39m ]
data rcv RT:[ [32m'0.00'[39m, [32m'4.26'[39m, [32m'3.42'[39m, [32m'0.00'[39m ]
data rcv RT:[ [32m'0.00'[39m, [32m'4.28'[39m, [32m'3.40'[39m, [32m'0.00'[39m ]
data rcv RT:[ [32m'0.00'[39m, [32m'4.31'[39m, [32m'3.39'[39m, [32m'0.00'[39m ]
data rcv RT:[ [32m'0.00'[39m, [32m'4.32'[39m, [32m'3.39'[39m, [32m'0.01'[39m ]
data rcv RT:[ [32m'0.00'[39m, [32m'4.36'[39m, [32m'3.41'[39m, [32m'0.01'[39m ]
data rcv RT:[ [32m'0.00'[39m, [32m'4.36'[39m, [32m'3.40'[39m, [32m'0.00'[39m ]
data rcv RT:[ [32m'0.00'[39m, [32m'4.35'[39m, [32m'3.44'[39m, [32m'0.00'[39m ]
data rcv RT:[ [32m'0.00'[39m, [32m'4.31'[39m, [32m'3.42'[39m, [32m'0.00'[39m ]
data rcv RT:[ [32m'0.00'[39m, [32m'4.30'[39m, [32m'3.43'[39m, [32m'0.00'[39m ]
data rcv RT:[ [32m'0.00'[39m, [32m'4.25'[39m, [32m'3.42'[39m, [32m'0.00'[39m ]
data rcv RT:[ [32m'0.00'[39m, [32m'4.25'[39m, [32m'3.40'[39m, [32m'0.00'[39m ]
data rcv RT:[ [32m'0.00'[39m, [32m'4.30'[39m, [32m'3.38'[39m, [32m'0.00'[39m ]
data rcv RT:[ [32m'0.00'[39m, [32m'4.32'[39m, [32m'3.40'[39m, [32m'0.01'[39m ]
data rcv RT:[ [32m'0.00'[39m, [32m'4.34'[39m, [32m'3.38'[39m, [32m'0.02'[39m ]
data rcv RT:[ [32m'0.00'[39m, [32m'4.37'[39m, [32m'3.40'[39m, [32m'0.00'[39m ]
data rcv RT:[ [32m'0.00'[39m, [32m'4.35'[39m, [32m'3.42'[39m, [32m'0.00'[39m ]
data rcv RT:[ [32m'0.00'[39m, [32m'4.35'[39m, [32m'3.42'[39m, [32m'0.00'[39m ]
data rcv RT:[ [32m'0.00'[39m, [32m'4.33'[39m, [32m'3.42'[39m, [32m'0.00'[39m ]
data rcv RT:[ [32m'0.00'[39m, [32m'4.27'[39m, [32m'3.43'[39m, [32m'0.00'[39m ]
data rcv RT:[ [32m'0.00'[39m, [32m'4.26'[39m, [32m'3.37'[39m, [32m'0.00'[39m ]
data rcv RT:[ [32m'0.00'[39m, [32m'4.26'[39m, [32m'3.38'[39m, [32m'0.00'[39m ]
data rcv RT:[ [32m'0.00'[39m, [32m'4.32'[39m, [32m'3.37'[39m, [32m'0.01'[39m ]
data rcv RT:[ [32m'0.00'[39m, [32m'4.34'[39m, [32m'3.38'[39m, [32m'0.01'[39m ]
data rcv RT:[ [32m'0.00'[39m, [32m'4.35'[39m, [32m'3.40'[39m, [32m'0.01'[39m ]
data rcv RT:[ [32m'0.00'[39m, [32m'4.38'[39m, [32m'3.42'[39m, [32m'0.00'[39m ]
data rcv RT:[ [32m'0.00'[39m, [32m'4.36'[39m, [32m'3.42'[39m, [32m'0.00'[39m ]
data rcv RT:[ [32m'0.00'[39m, [32m'4.34'[39m, [32m'3.42'[39m, [32m'0.00'[39m ]
data rcv RT:[ [32m'0.00'[39m, [32m'4.31'[39m, [32m'3.46'[39m, [32m'0.00'[39m ]
data rcv RT:[ [32m'0.00'[39m, [32m'4.27'[39m, [32m'3.41'[39m, [32m'0.00'[39m ]
data rcv RT:[ [32m'0.00'[39m, [32m'4.26'[39m, [32m'3.38'[39m, [32m'0.00'[39m ]
data rcv RT:[ [32m'0.00'[39m, [32m'4.25'[39m, [32m'3.39'[39m, [32m'0.00'[39m ]
data rcv RT:[ [32m'0.00'[39m, [32m'4.30'[39m, [32m'3.37'[39m, [32m'0.01'[39m ]
data rcv RT:[ [32m'0.00'[39m, [32m'4.35'[39m, [32m'3.38'[39m, [32m'0.01'[39m ]
data rcv RT:[ [32m'0.00'[39m, [32m'4.38'[39m, [32m'3.41'[39m, [32m'0.02'[39m ]
data rcv RT:[ [32m'0.00'[39m, [32m'4.35'[39m, [32m'3.42'[39m, [32m'0.00'[39m ]
data rcv RT:[ [32m'0.00'[39m, [32m'4.36'[39m, [32m'3.41'[39m, [32m'0.00'[39m ]
data rcv RT:[ [32m'0.00'[39m, [32m'4.32'[39m, [32m'3.44'[39m, [32m'0.00'[39m ]
data rcv RT:[ [32m'0.00'[39m, [32m'4.27'[39m, [32m'3.44'[39m, [32m'0.00'[39m ]
data rcv RT:[ [32m'0.00'[39m, [32m'4.26'[39m, [32m'3.42'[39m, [32m'0.00'[39m ]
data rcv RT:[ [32m'0.00'[39m, [32m'4.24'[39m, [32m'3.43'[39m, [32m'0.00'[39m ]
data rcv RT:[ [32m'0.00'[39m, [32m'4.26'[39m, [32m'3.40'[39m, [32m'0.00'[39m ]
data rcv RT:[ [32m'0.00'[39m, [32m'4.29'[39m, [32m'3.39'[39m, [32m'0.00'[39m ]
data rcv RT:[ [32m'0.00'[39m, [32m'4.29'[39m, [32m'3.37'[39m, [32m'0.00'[39m ]
data rcv RT:[ [32m'0.00'[39m, [32m'4.32'[39m, [32m'3.37'[39m, [32m'0.02'[39m ]
data rcv RT:[ [32m'0.00'[39m, [32m'4.37'[39m, [32m'3.36'[39m, [32m'0.04'[39m ]
data rcv RT:[ [32m'0.00'[39m, [32m'4.33'[39m, [32m'3.36'[39m, [32m'0.04'[39m ]
data rcv RT:[ [32m'0.00'[39m, [32m'4.38'[39m, [32m'3.42'[39m, [32m'0.00'[39m ]
data rcv RT:[ [32m'0.00'[39m, [32m'4.36'[39m, [32m'3.42'[39m, [32m'0.00'[39m ]
data rcv RT:[ [32m'0.00'[39m, [32m'4.30'[39m, [32m'3.45'[39m, [32m'0.00'[39m ]
data rcv RT:[ [32m'0.00'[39m, [32m'4.31'[39m, [32m'3.42'[39m, [32m'0.00'[39m ]
data rcv RT:[ [32m'0.00'[39m, [32m'4.30'[39m, [32m'3.45'[39m, [32m'0.00'[39m ]
data rcv RT:[ [32m'0.00'[39m, [32m'4.27'[39m, [32m'3.44'[39m, [32m'0.00'[39m ]
data rcv RT:[ [32m'0.00'[39m, [32m'4.27'[39m, [32m'3.39'[39m, [32m'0.00'[39m ]
data rcv RT:[ [32m'0.00'[39m, [32m'4.28'[39m, [32m'3.37'[39m, [32m'0.00'[39m ]
data rcv RT:[ [32m'0.00'[39m, [32m'4.29'[39m, [32m'3.38'[39m, [32m'0.00'[39m ]
data rcv RT:[ [32m'0.00'[39m, [32m'4.34'[39m, [32m'3.37'[39m, [32m'0.02'[39m ]
data rcv RT:[ [32m'0.00'[39m, [32m'4.35'[39m, [32m'3.37'[39m, [32m'0.03'[39m ]
data rcv RT:[ [32m'0.00'[39m, [32m'4.39'[39m, [32m'3.40'[39m, [32m'0.00'[39m ]
data rcv RT:[ [32m'0.00'[39m, [32m'4.37'[39m, [32m'3.41'[39m, [32m'0.00'[39m ]
data rcv RT:[ [32m'0.00'[39m, [32m'4.32'[39m, [32m'3.42'[39m, [32m'0.00'[39m ]
data rcv RT:[ [32m'0.00'[39m, [32m'4.30'[39m, [32m'3.41'[39m, [32m'0.00'[39m ]
data rcv RT:[ [32m'0.00'[39m, [32m'4.29'[39m, [32m'3.44'[39m, [32m'0.00'[39m ]
data rcv RT:[ [32m'0.00'[39m, [32m'4.31'[39m, [32m'3.42'[39m, [32m'0.00'[39m ]
data rcv RT:[ [32m'0.00'[39m, [32m'4.29'[39m, [32m'3.42'[39m, [32m'0.00'[39m ]
data rcv RT:[ [32m'0.00'[39m, [32m'4.27'[39m, [32m'3.40'[39m, [32m'0.00'[39m ]
data rcv RT:[ [32m'0.00'[39m, [32m'4.28'[39m, [32m'3.39'[39m, [32m'0.00'[39m ]
data rcv RT:[ [32m'0.00'[39m, [32m'4.30'[39m, [32m'3.36'[39m, [32m'0.00'[39m ]
data rcv RT:[ [32m'0.00'[39m, [32m'4.32'[39m, [32m'3.38'[39m, [32m'0.05'[39m ]
data rcv RT:[ [32m'0.00'[39m, [32m'4.36'[39m, [32m'3.37'[39m, [32m'0.05'[39m ]
data rcv RT:[ [32m'0.00'[39m, [32m'4.34'[39m, [32m'3.37'[39m, [32m'0.05'[39m ]
data rcv RT:[ [32m'0.00'[39m, [32m'4.37'[39m, [32m'3.41'[39m, [32m'0.00'[39m ]
data rcv RT:[ [32m'0.00'[39m, [32m'4.37'[39m, [32m'3.40'[39m, [32m'0.01'[39m ]
data rcv RT:[ [32m'0.00'[39m, [32m'4.33'[39m, [32m'3.42'[39m, [32m'0.00'[39m ]
data rcv RT:[ [32m'0.00'[39m, [32m'4.33'[39m, [32m'3.41'[39m, [32m'0.00'[39m ]
data rcv RT:[ [32m'0.00'[39m, [32m'4.31'[39m, [32m'3.42'[39m, [32m'0.00'[39m ]
data rcv RT:[ [32m'0.00'[39m, [32m'4.30'[39m, [32m'3.41'[39m, [32m'0.00'[39m ]
data rcv RT:[ [32m'0.00'[39m, [32m'4.27'[39m, [32m'3.45'[39m, [32m'0.00'[39m ]
data rcv RT:[ [32m'0.00'[39m, [32m'4.27'[39m, [32m'3.43'[39m, [32m'0.00'[39m ]
data rcv RT:[ [32m'0.00'[39m, [32m'4.27'[39m, [32m'3.39'[39m, [32m'0.00'[39m ]
data rcv RT:[ [32m'0.00'[39m, [32m'4.29'[39m, [32m'3.38'[39m, [32m'0.00'[39m ]
data rcv RT:[ [32m'0.00'[39m, [32m'4.29'[39m, [32m'3.36'[39m, [32m'0.00'[39m ]
data rcv RT:[ [32m'0.00'[39m, [32m'4.32'[39m, [32m'3.38'[39m, [32m'0.00'[39m ]
data rcv RT:[ [32m'0.00'[39m, [32m'4.31'[39m, [32m'3.39'[39m, [32m'0.00'[39m ]
data rcv RT:[ [32m'0.00'[39m, [32m'4.34'[39m, [32m'3.38'[39m, [32m'0.02'[39m ]
data rcv RT:[ [32m'0.00'[39m, [32m'4.39'[39m, [32m'3.41'[39m, [32m'0.03'[39m ]
data rcv RT:[ [32m'0.00'[39m, [32m'4.36'[39m, [32m'3.42'[39m, [32m'0.00'[39m ]
data rcv RT:[ [32m'0.00'[39m, [32m'4.35'[39m, [32m'3.43'[39m, [32m'0.00'[39m ]
data rcv RT:[ [32m'0.00'[39m, [32m'4.34'[39m, [32m'3.43'[39m, [32m'0.00'[39m ]
data rcv RT:[ [32m'0.00'[39m, [32m'4.31'[39m, [32m'3.41'[39m, [32m'0.00'[39m ]
data rcv RT:[ [32m'0.00'[39m, [32m'4.31'[39m, [32m'3.42'[39m, [32m'0.00'[39m ]
data rcv RT:[ [32m'0.00'[39m, [32m'4.30'[39m, [32m'3.47'[39m, [32m'0.00'[39m ]
data rcv RT:[ [32m'0.00'[39m, [32m'4.28'[39m, [32m'3.42'[39m, [32m'0.00'[39m ]
data rcv RT:[ [32m'0.00'[39m, [32m'4.24'[39m, [32m'3.41'[39m, [32m'0.00'[39m ]
data rcv RT:[ [32m'0.00'[39m, [32m'4.25'[39m, [32m'3.38'[39m, [32m'0.00'[39m ]
data rcv RT:[ [32m'0.00'[39m, [32m'4.31'[39m, [32m'3.38'[39m, [32m'0.00'[39m ]
data rcv RT:[ [32m'0.00'[39m, [32m'4.32'[39m, [32m'3.37'[39m, [32m'0.00'[39m ]
data rcv RT:[ [32m'0.00'[39m, [32m'4.34'[39m, [32m'3.38'[39m, [32m'0.02'[39m ]
data rcv RT:[ [32m'0.00'[39m, [32m'4.33'[39m, [32m'3.37'[39m, [32m'0.05'[39m ]
data rcv RT:[ [32m'0.00'[39m, [32m'4.36'[39m, [32m'3.40'[39m, [32m'0.00'[39m ]
data rcv RT:[ [32m'0.00'[39m, [32m'4.37'[39m, [32m'3.39'[39m, [32m'0.01'[39m ]
data rcv RT:[ [32m'0.00'[39m, [32m'4.36'[39m, [32m'3.40'[39m, [32m'0.00'[39m ]
data rcv RT:[ [32m'0.00'[39m, [32m'4.36'[39m, [32m'3.45'[39m, [32m'0.00'[39m ]
data rcv RT:[ [32m'0.00'[39m, [32m'4.32'[39m, [32m'3.41'[39m, [32m'0.00'[39m ]
client Front End connected
Socket {
  nsp: 
   Namespace {
     name: [32m'/'[39m,
     server: 
      Server {
        nsps: [36m[Object][39m,
        _path: [32m'/socket.io'[39m,
        _serveClient: [33mtrue[39m,
        _adapter: [36m[Function: Adapter][39m,
        _origins: [32m'*:*'[39m,
        sockets: [36m[Circular][39m,
        eio: [36m[Object][39m,
        httpServer: [36m[Object][39m,
        engine: [36m[Object][39m },
     sockets: { [32m'/#e_ucuLuH8I4k1JrWAAAc'[39m: [36m[Circular][39m },
     connected: { [32m'/#e_ucuLuH8I4k1JrWAAAc'[39m: [36m[Circular][39m },
     fns: [],
     ids: [33m0[39m,
     adapter: 
      Adapter {
        nsp: [36m[Circular][39m,
        rooms: [36m[Object][39m,
        sids: [36m[Object][39m,
        encoder: Encoder {} },
     _events: { connection: [36m[Function][39m },
     _eventsCount: [33m1[39m },
  server: 
   Server {
     nsps: { [32m'/'[39m: [36m[Object][39m },
     _path: [32m'/socket.io'[39m,
     _serveClient: [33mtrue[39m,
     _adapter: [36m[Function: Adapter][39m,
     _origins: [32m'*:*'[39m,
     sockets: 
      Namespace {
        name: [32m'/'[39m,
        server: [36m[Circular][39m,
        sockets: [36m[Object][39m,
        connected: [36m[Object][39m,
        fns: [],
        ids: [33m0[39m,
        adapter: [36m[Object][39m,
        _events: [36m[Object][39m,
        _eventsCount: [33m1[39m },
     eio: 
      Server {
        clients: [36m[Object][39m,
        clientsCount: [33m1[39m,
        pingTimeout: [33m60000[39m,
        pingInterval: [33m25000[39m,
        upgradeTimeout: [33m10000[39m,
        maxHttpBufferSize: [33m100000000[39m,
        transports: [36m[Object][39m,
        allowUpgrades: [33mtrue[39m,
        allowRequest: [36m[Function: bound ][39m,
        cookie: [32m'io'[39m,
        cookiePath: [33mfalse[39m,
        perMessageDeflate: [36m[Object][39m,
        httpCompression: [36m[Object][39m,
        ws: [36m[Object][39m,
        _events: [36m[Object][39m,
        _eventsCount: [33m1[39m },
     httpServer: 
      Server {
        domain: [1mnull[22m,
        _events: [36m[Object][39m,
        _eventsCount: [33m4[39m,
        _maxListeners: [90mundefined[39m,
        _connections: [33m6[39m,
        _handle: [36m[Object][39m,
        _usingSlaves: [33mfalse[39m,
        _slaves: [],
        _unref: [33mfalse[39m,
        allowHalfOpen: [33mtrue[39m,
        pauseOnConnect: [33mfalse[39m,
        httpAllowHalfOpen: [33mfalse[39m,
        timeout: [33m120000[39m,
        _pendingResponseData: [33m0[39m,
        _connectionKey: [32m'6::::3000'[39m },
     engine: 
      Server {
        clients: [36m[Object][39m,
        clientsCount: [33m1[39m,
        pingTimeout: [33m60000[39m,
        pingInterval: [33m25000[39m,
        upgradeTimeout: [33m10000[39m,
        maxHttpBufferSize: [33m100000000[39m,
        transports: [36m[Object][39m,
        allowUpgrades: [33mtrue[39m,
        allowRequest: [36m[Function: bound ][39m,
        cookie: [32m'io'[39m,
        cookiePath: [33mfalse[39m,
        perMessageDeflate: [36m[Object][39m,
        httpCompression: [36m[Object][39m,
        ws: [36m[Object][39m,
        _events: [36m[Object][39m,
        _eventsCount: [33m1[39m } },
  adapter: 
   Adapter {
     nsp: 
      Namespace {
        name: [32m'/'[39m,
        server: [36m[Object][39m,
        sockets: [36m[Object][39m,
        connected: [36m[Object][39m,
        fns: [],
        ids: [33m0[39m,
        adapter: [36m[Circular][39m,
        _events: [36m[Object][39m,
        _eventsCount: [33m1[39m },
     rooms: { [32m'/#e_ucuLuH8I4k1JrWAAAc'[39m: [36m[Object][39m },
     sids: { [32m'/#e_ucuLuH8I4k1JrWAAAc'[39m: [36m[Object][39m },
     encoder: Encoder {} },
  id: [32m'/#e_ucuLuH8I4k1JrWAAAc'[39m,
  client: 
   Client {
     server: 
      Server {
        nsps: [36m[Object][39m,
        _path: [32m'/socket.io'[39m,
        _serveClient: [33mtrue[39m,
        _adapter: [36m[Function: Adapter][39m,
        _origins: [32m'*:*'[39m,
        sockets: [36m[Object][39m,
        eio: [36m[Object][39m,
        httpServer: [36m[Object][39m,
        engine: [36m[Object][39m },
     conn: 
      Socket {
        id: [32m'e_ucuLuH8I4k1JrWAAAc'[39m,
        server: [36m[Object][39m,
        upgrading: [33mfalse[39m,
        upgraded: [33mfalse[39m,
        readyState: [32m'open'[39m,
        writeBuffer: [36m[Object][39m,
        packetsFn: [36m[Object][39m,
        sentCallbackFn: [],
        cleanupFn: [36m[Object][39m,
        request: [36m[Object][39m,
        remoteAddress: [32m'::ffff:10.210.30.41'[39m,
        checkIntervalTimer: [1mnull[22m,
        upgradeTimeoutTimer: [1mnull[22m,
        pingTimeoutTimer: [36m[Object][39m,
        transport: [36m[Object][39m,
        _events: [36m[Object][39m,
        _eventsCount: [33m3[39m },
     encoder: Encoder {},
     decoder: Decoder { reconstructor: [1mnull[22m, _callbacks: [36m[Object][39m },
     id: [32m'e_ucuLuH8I4k1JrWAAAc'[39m,
     request: 
      IncomingMessage {
        _readableState: [36m[Object][39m,
        readable: [33mtrue[39m,
        domain: [1mnull[22m,
        _events: {},
        _eventsCount: [33m0[39m,
        _maxListeners: [90mundefined[39m,
        socket: [36m[Object][39m,
        connection: [36m[Object][39m,
        httpVersionMajor: [33m1[39m,
        httpVersionMinor: [33m1[39m,
        httpVersion: [32m'1.1'[39m,
        complete: [33mtrue[39m,
        headers: [36m[Object][39m,
        rawHeaders: [36m[Object][39m,
        trailers: {},
        rawTrailers: [],
        upgrade: [33mfalse[39m,
        url: [32m'/socket.io/?EIO=3&transport=polling&t=LTmLwZ9'[39m,
        method: [32m'GET'[39m,
        statusCode: [1mnull[22m,
        statusMessage: [1mnull[22m,
        client: [36m[Object][39m,
        _consuming: [33mfalse[39m,
        _dumped: [33mtrue[39m,
        _query: [36m[Object][39m,
        res: [36m[Object][39m,
        cleanup: [36m[Function: cleanup][39m },
     onclose: [36m[Function: bound ][39m,
     ondata: [36m[Function: bound ][39m,
     onerror: [36m[Function: bound ][39m,
     ondecoded: [36m[Function: bound ][39m,
     sockets: { [32m'/#e_ucuLuH8I4k1JrWAAAc'[39m: [36m[Circular][39m },
     nsps: { [32m'/'[39m: [36m[Circular][39m },
     connectBuffer: [] },
  conn: 
   Socket {
     id: [32m'e_ucuLuH8I4k1JrWAAAc'[39m,
     server: 
      Server {
        clients: [36m[Object][39m,
        clientsCount: [33m1[39m,
        pingTimeout: [33m60000[39m,
        pingInterval: [33m25000[39m,
        upgradeTimeout: [33m10000[39m,
        maxHttpBufferSize: [33m100000000[39m,
        transports: [36m[Object][39m,
        allowUpgrades: [33mtrue[39m,
        allowRequest: [36m[Function: bound ][39m,
        cookie: [32m'io'[39m,
        cookiePath: [33mfalse[39m,
        perMessageDeflate: [36m[Object][39m,
        httpCompression: [36m[Object][39m,
        ws: [36m[Object][39m,
        _events: [36m[Object][39m,
        _eventsCount: [33m1[39m },
     upgrading: [33mfalse[39m,
     upgraded: [33mfalse[39m,
     readyState: [32m'open'[39m,
     writeBuffer: [ [36m[Object][39m ],
     packetsFn: [ [90mundefined[39m ],
     sentCallbackFn: [],
     cleanupFn: [ [36m[Function][39m, [36m[Function][39m ],
     request: 
      IncomingMessage {
        _readableState: [36m[Object][39m,
        readable: [33mtrue[39m,
        domain: [1mnull[22m,
        _events: {},
        _eventsCount: [33m0[39m,
        _maxListeners: [90mundefined[39m,
        socket: [36m[Object][39m,
        connection: [36m[Object][39m,
        httpVersionMajor: [33m1[39m,
        httpVersionMinor: [33m1[39m,
        httpVersion: [32m'1.1'[39m,
        complete: [33mtrue[39m,
        headers: [36m[Object][39m,
        rawHeaders: [36m[Object][39m,
        trailers: {},
        rawTrailers: [],
        upgrade: [33mfalse[39m,
        url: [32m'/socket.io/?EIO=3&transport=polling&t=LTmLwZ9'[39m,
        method: [32m'GET'[39m,
        statusCode: [1mnull[22m,
        statusMessage: [1mnull[22m,
        client: [36m[Object][39m,
        _consuming: [33mfalse[39m,
        _dumped: [33mtrue[39m,
        _query: [36m[Object][39m,
        res: [36m[Object][39m,
        cleanup: [36m[Function: cleanup][39m },
     remoteAddress: [32m'::ffff:10.210.30.41'[39m,
     checkIntervalTimer: [1mnull[22m,
     upgradeTimeoutTimer: [1mnull[22m,
     pingTimeoutTimer: 
      Timeout {
        _called: [33mfalse[39m,
        _idleTimeout: [33m85000[39m,
        _idlePrev: [36m[Object][39m,
        _idleNext: [36m[Object][39m,
        _idleStart: [33m21254755[39m,
        _onTimeout: [36m[Function][39m,
        _repeat: [1mnull[22m },
     transport: 
      XHR {
        readyState: [32m'open'[39m,
        discarded: [33mfalse[39m,
        closeTimeout: [33m30000[39m,
        maxHttpBufferSize: [33m100000000[39m,
        httpCompression: [36m[Object][39m,
        supportsBinary: [33mtrue[39m,
        _events: [36m[Object][39m,
        _eventsCount: [33m5[39m,
        sid: [32m'e_ucuLuH8I4k1JrWAAAc'[39m,
        req: [1mnull[22m,
        res: [1mnull[22m,
        writable: [33mfalse[39m },
     _events: 
      { close: [36m[Object][39m,
        data: [36m[Function: bound ][39m,
        error: [36m[Function: bound ][39m },
     _eventsCount: [33m3[39m },
  rooms: {},
  acks: {},
  connected: [33mtrue[39m,
  disconnected: [33mfalse[39m,
  handshake: 
   { headers: 
      { host: [32m'10.210.30.148:3000'[39m,
        connection: [32m'keep-alive'[39m,
        [32m'user-agent'[39m: [32m'Mozilla/5.0 (Windows NT 5.1) AppleWebKit/537.36 (KHTML, like Gecko) Chrome/49.0.2623.112 Safari/537.36'[39m,
        origin: [32m'http://10.210.30.148'[39m,
        accept: [32m'*/*'[39m,
        referer: [32m'http://10.210.30.148/sku/'[39m,
        [32m'accept-encoding'[39m: [32m'gzip, deflate, sdch'[39m,
        [32m'accept-language'[39m: [32m'ru-RU,ru;q=0.8,en-US;q=0.6,en;q=0.4'[39m,
        cookie: [32m'io=vVlyawqeANLVkCU8AAAb'[39m },
     time: [32m'Wed Sep 28 2016 14:29:26 GMT+0400 (SAMT)'[39m,
     address: [32m'::ffff:10.210.30.41'[39m,
     xdomain: [33mtrue[39m,
     secure: [33mfalse[39m,
     issued: [33m1475058566972[39m,
     url: [32m'/socket.io/?EIO=3&transport=polling&t=LTmLwZ9'[39m,
     query: { EIO: [32m'3'[39m, transport: [32m'polling'[39m, t: [32m'LTmLwZ9'[39m } } }
data rcv RT:[ [32m'0.00'[39m, [32m'4.33'[39m, [32m'3.41'[39m, [32m'0.00'[39m ]
data rcv RT:[ [32m'0.00'[39m, [32m'4.32'[39m, [32m'3.42'[39m, [32m'0.00'[39m ]
data rcv RT:[ [32m'0.00'[39m, [32m'4.32'[39m, [32m'3.44'[39m, [32m'0.00'[39m ]
data rcv RT:[ [32m'0.00'[39m, [32m'4.32'[39m, [32m'3.45'[39m, [32m'0.00'[39m ]
data rcv RT:[ [32m'0.00'[39m, [32m'4.25'[39m, [32m'3.41'[39m, [32m'0.00'[39m ]
data rcv RT:[ [32m'0.00'[39m, [32m'4.28'[39m, [32m'3.41'[39m, [32m'0.00'[39m ]
data rcv RT:[ [32m'0.00'[39m, [32m'4.29'[39m, [32m'3.39'[39m, [32m'0.00'[39m ]
data rcv RT:[ [32m'0.00'[39m, [32m'4.30'[39m, [32m'3.38'[39m, [32m'0.00'[39m ]
data rcv RT:[ [32m'0.00'[39m, [32m'4.32'[39m, [32m'3.40'[39m, [32m'0.00'[39m ]
data rcv RT:[ [32m'0.00'[39m, [32m'4.33'[39m, [32m'3.38'[39m, [32m'0.02'[39m ]
data rcv RT:[ [32m'0.00'[39m, [32m'4.36'[39m, [32m'3.39'[39m, [32m'0.02'[39m ]
data rcv RT:[ [32m'0.00'[39m, [32m'4.38'[39m, [32m'3.41'[39m, [32m'0.01'[39m ]
data rcv RT:[ [32m'0.00'[39m, [32m'4.37'[39m, [32m'3.39'[39m, [32m'0.00'[39m ]
data rcv RT:[ [32m'0.00'[39m, [32m'4.37'[39m, [32m'3.38'[39m, [32m'0.03'[39m ]
data rcv RT:[ [32m'0.00'[39m, [32m'4.35'[39m, [32m'3.42'[39m, [32m'0.00'[39m ]
data rcv RT:[ [32m'0.00'[39m, [32m'4.34'[39m, [32m'3.42'[39m, [32m'0.00'[39m ]
data rcv RT:[ [32m'0.00'[39m, [32m'4.35'[39m, [32m'3.40'[39m, [32m'0.00'[39m ]
data rcv RT:[ [32m'0.00'[39m, [32m'4.33'[39m, [32m'3.42'[39m, [32m'0.00'[39m ]
data rcv RT:[ [32m'0.00'[39m, [32m'4.31'[39m, [32m'3.43'[39m, [32m'0.00'[39m ]
data rcv RT:[ [32m'0.00'[39m, [32m'4.31'[39m, [32m'3.44'[39m, [32m'0.00'[39m ]
data rcv RT:[ [32m'0.00'[39m, [32m'4.30'[39m, [32m'3.41'[39m, [32m'0.00'[39m ]
data rcv RT:[ [32m'0.00'[39m, [32m'4.29'[39m, [32m'3.41'[39m, [32m'0.00'[39m ]
data rcv RT:[ [32m'0.00'[39m, [32m'4.26'[39m, [32m'3.39'[39m, [32m'0.00'[39m ]
data rcv RT:[ [32m'0.00'[39m, [32m'4.29'[39m, [32m'3.38'[39m, [32m'0.00'[39m ]
data rcv RT:[ [32m'0.00'[39m, [32m'4.26'[39m, [32m'3.38'[39m, [32m'0.00'[39m ]
data rcv RT:[ [32m'0.00'[39m, [32m'4.30'[39m, [32m'3.37'[39m, [32m'0.00'[39m ]
data rcv RT:[ [32m'0.00'[39m, [32m'4.34'[39m, [32m'3.38'[39m, [32m'0.02'[39m ]
data rcv RT:[ [32m'0.00'[39m, [32m'4.35'[39m, [32m'3.39'[39m, [32m'0.05'[39m ]
data rcv RT:[ [32m'0.00'[39m, [32m'4.35'[39m, [32m'3.43'[39m, [32m'0.00'[39m ]
data rcv RT:[ [32m'0.00'[39m, [32m'4.32'[39m, [32m'3.43'[39m, [32m'0.00'[39m ]
data rcv RT:[ [32m'0.00'[39m, [32m'4.32'[39m, [32m'3.42'[39m, [32m'0.00'[39m ]
data rcv RT:[ [32m'0.00'[39m, [32m'4.31'[39m, [32m'3.43'[39m, [32m'0.00'[39m ]
data rcv RT:[ [32m'0.00'[39m, [32m'4.26'[39m, [32m'3.41'[39m, [32m'0.00'[39m ]
data rcv RT:[ [32m'0.00'[39m, [32m'4.28'[39m, [32m'3.41'[39m, [32m'0.00'[39m ]
data rcv RT:[ [32m'0.00'[39m, [32m'4.25'[39m, [32m'3.37'[39m, [32m'0.00'[39m ]
data rcv RT:[ [32m'0.00'[39m, [32m'4.30'[39m, [32m'3.37'[39m, [32m'0.00'[39m ]
data rcv RT:[ [32m'0.00'[39m, [32m'4.32'[39m, [32m'3.38'[39m, [32m'0.00'[39m ]
data rcv RT:[ [32m'0.00'[39m, [32m'4.35'[39m, [32m'3.37'[39m, [32m'0.01'[39m ]
data rcv RT:[ [32m'0.00'[39m, [32m'4.33'[39m, [32m'3.35'[39m, [32m'0.04'[39m ]
data rcv RT:[ [32m'0.00'[39m, [32m'4.35'[39m, [32m'3.40'[39m, [32m'0.01'[39m ]
data rcv RT:[ [32m'0.00'[39m, [32m'4.37'[39m, [32m'3.40'[39m, [32m'0.00'[39m ]
data rcv RT:[ [32m'0.00'[39m, [32m'4.35'[39m, [32m'3.41'[39m, [32m'0.00'[39m ]
data rcv RT:[ [32m'0.00'[39m, [32m'4.32'[39m, [32m'3.43'[39m, [32m'0.00'[39m ]
data rcv RT:[ [32m'0.00'[39m, [32m'4.30'[39m, [32m'3.44'[39m, [32m'0.00'[39m ]
data rcv RT:[ [32m'0.00'[39m, [32m'4.32'[39m, [32m'3.42'[39m, [32m'0.00'[39m ]
data rcv RT:[ [32m'0.00'[39m, [32m'4.26'[39m, [32m'3.42'[39m, [32m'0.00'[39m ]
data rcv RT:[ [32m'0.00'[39m, [32m'4.27'[39m, [32m'3.40'[39m, [32m'0.00'[39m ]
data rcv RT:[ [32m'0.00'[39m, [32m'4.28'[39m, [32m'3.37'[39m, [32m'0.00'[39m ]
data rcv RT:[ [32m'0.00'[39m, [32m'4.31'[39m, [32m'3.40'[39m, [32m'0.00'[39m ]
data rcv RT:[ [32m'0.00'[39m, [32m'4.32'[39m, [32m'3.36'[39m, [32m'0.02'[39m ]
data rcv RT:[ [32m'0.00'[39m, [32m'4.33'[39m, [32m'3.34'[39m, [32m'0.06'[39m ]
data rcv RT:[ [32m'0.00'[39m, [32m'4.37'[39m, [32m'3.41'[39m, [32m'0.02'[39m ]
data rcv RT:[ [32m'0.00'[39m, [32m'4.38'[39m, [32m'3.40'[39m, [32m'0.00'[39m ]
data rcv RT:[ [32m'0.00'[39m, [32m'4.33'[39m, [32m'3.44'[39m, [32m'0.00'[39m ]
data rcv RT:[ [32m'0.00'[39m, [32m'4.32'[39m, [32m'3.44'[39m, [32m'0.00'[39m ]
data rcv RT:[ [32m'0.00'[39m, [32m'4.33'[39m, [32m'3.42'[39m, [32m'0.00'[39m ]
data rcv RT:[ [32m'0.00'[39m, [32m'4.32'[39m, [32m'3.42'[39m, [32m'0.00'[39m ]
data rcv RT:[ [32m'0.00'[39m, [32m'4.31'[39m, [32m'3.41'[39m, [32m'0.00'[39m ]
data rcv RT:[ [32m'0.00'[39m, [32m'4.29'[39m, [32m'3.45'[39m, [32m'0.00'[39m ]
data rcv RT:[ [32m'0.00'[39m, [32m'4.28'[39m, [32m'3.45'[39m, [32m'0.00'[39m ]
data rcv RT:[ [32m'0.00'[39m, [32m'4.26'[39m, [32m'3.43'[39m, [32m'0.00'[39m ]
data rcv RT:[ [32m'0.00'[39m, [32m'4.29'[39m, [32m'3.37'[39m, [32m'0.00'[39m ]
data rcv RT:[ [32m'0.00'[39m, [32m'4.28'[39m, [32m'3.38'[39m, [32m'0.00'[39m ]
data rcv RT:[ [32m'0.00'[39m, [32m'4.30'[39m, [32m'3.38'[39m, [32m'0.00'[39m ]
data rcv RT:[ [32m'0.00'[39m, [32m'4.34'[39m, [32m'3.38'[39m, [32m'0.02'[39m ]
data rcv RT:[ [32m'0.00'[39m, [32m'4.33'[39m, [32m'3.37'[39m, [32m'0.00'[39m ]
data rcv RT:[ [32m'0.00'[39m, [32m'4.34'[39m, [32m'3.37'[39m, [32m'0.04'[39m ]
data rcv RT:[ [32m'0.00'[39m, [32m'4.38'[39m, [32m'3.39'[39m, [32m'0.01'[39m ]
data rcv RT:[ [32m'0.00'[39m, [32m'4.37'[39m, [32m'3.42'[39m, [32m'0.01'[39m ]
data rcv RT:[ [32m'0.00'[39m, [32m'4.33'[39m, [32m'3.41'[39m, [32m'0.00'[39m ]
data rcv RT:[ [32m'0.00'[39m, [32m'4.31'[39m, [32m'3.44'[39m, [32m'0.00'[39m ]
data rcv RT:[ [32m'0.00'[39m, [32m'4.30'[39m, [32m'3.43'[39m, [32m'0.00'[39m ]
data rcv RT:[ [32m'0.00'[39m, [32m'4.27'[39m, [32m'3.40'[39m, [32m'0.00'[39m ]
data rcv RT:[ [32m'0.00'[39m, [32m'4.27'[39m, [32m'3.38'[39m, [32m'0.00'[39m ]
data rcv RT:[ [32m'0.00'[39m, [32m'4.28'[39m, [32m'3.38'[39m, [32m'0.00'[39m ]
data rcv RT:[ [32m'0.00'[39m, [32m'4.26'[39m, [32m'3.38'[39m, [32m'0.00'[39m ]
data rcv RT:[ [32m'0.00'[39m, [32m'4.33'[39m, [32m'3.39'[39m, [32m'0.01'[39m ]
data rcv RT:[ [32m'0.00'[39m, [32m'4.35'[39m, [32m'3.36'[39m, [32m'0.05'[39m ]
data rcv RT:[ [32m'0.00'[39m, [32m'4.38'[39m, [32m'3.39'[39m, [32m'0.02'[39m ]
data rcv RT:[ [32m'0.00'[39m, [32m'4.33'[39m, [32m'3.44'[39m, [32m'0.00'[39m ]
data rcv RT:[ [32m'0.00'[39m, [32m'4.34'[39m, [32m'3.43'[39m, [32m'0.00'[39m ]
data rcv RT:[ [32m'0.00'[39m, [32m'4.31'[39m, [32m'3.42'[39m, [32m'0.00'[39m ]
data rcv RT:[ [32m'0.00'[39m, [32m'4.30'[39m, [32m'3.43'[39m, [32m'0.00'[39m ]
data rcv RT:[ [32m'0.00'[39m, [32m'4.26'[39m, [32m'3.42'[39m, [32m'0.00'[39m ]
data rcv RT:[ [32m'0.00'[39m, [32m'4.26'[39m, [32m'3.41'[39m, [32m'0.00'[39m ]
data rcv RT:[ [32m'0.00'[39m, [32m'4.31'[39m, [32m'3.37'[39m, [32m'0.00'[39m ]
data rcv RT:[ [32m'0.00'[39m, [32m'4.30'[39m, [32m'3.37'[39m, [32m'0.00'[39m ]
data rcv RT:[ [32m'0.00'[39m, [32m'4.33'[39m, [32m'3.35'[39m, [32m'0.05'[39m ]
data rcv RT:[ [32m'0.00'[39m, [32m'4.35'[39m, [32m'3.41'[39m, [32m'0.02'[39m ]
data rcv RT:[ [32m'0.00'[39m, [32m'4.37'[39m, [32m'3.42'[39m, [32m'0.00'[39m ]
data rcv RT:[ [32m'0.00'[39m, [32m'4.33'[39m, [32m'3.42'[39m, [32m'0.00'[39m ]
data rcv RT:[ [32m'0.00'[39m, [32m'4.31'[39m, [32m'3.44'[39m, [32m'0.00'[39m ]
data rcv RT:[ [32m'0.00'[39m, [32m'4.27'[39m, [32m'3.40'[39m, [32m'0.00'[39m ]
data rcv RT:[ [32m'0.00'[39m, [32m'4.25'[39m, [32m'3.40'[39m, [32m'0.00'[39m ]
data rcv RT:[ [32m'0.00'[39m, [32m'4.27'[39m, [32m'3.37'[39m, [32m'0.00'[39m ]
data rcv RT:[ [32m'0.00'[39m, [32m'4.30'[39m, [32m'3.39'[39m, [32m'0.00'[39m ]
data rcv RT:[ [32m'0.00'[39m, [32m'4.33'[39m, [32m'3.37'[39m, [32m'0.01'[39m ]
data rcv RT:[ [32m'0.00'[39m, [32m'4.34'[39m, [32m'3.36'[39m, [32m'0.04'[39m ]
data rcv RT:[ [32m'0.00'[39m, [32m'4.33'[39m, [32m'3.36'[39m, [32m'0.05'[39m ]
data rcv RT:[ [32m'0.00'[39m, [32m'4.37'[39m, [32m'3.39'[39m, [32m'0.02'[39m ]
data rcv RT:[ [32m'0.00'[39m, [32m'4.37'[39m, [32m'3.41'[39m, [32m'0.02'[39m ]
data rcv RT:[ [32m'0.00'[39m, [32m'4.39'[39m, [32m'3.39'[39m, [32m'0.01'[39m ]
data rcv RT:[ [32m'0.00'[39m, [32m'4.37'[39m, [32m'3.40'[39m, [32m'0.00'[39m ]
data rcv RT:[ [32m'0.00'[39m, [32m'4.32'[39m, [32m'3.43'[39m, [32m'0.00'[39m ]
data rcv RT:[ [32m'0.00'[39m, [32m'4.30'[39m, [32m'3.41'[39m, [32m'0.00'[39m ]
data rcv RT:[ [32m'0.00'[39m, [32m'4.30'[39m, [32m'3.43'[39m, [32m'0.00'[39m ]
data rcv RT:[ [32m'0.00'[39m, [32m'4.26'[39m, [32m'3.40'[39m, [32m'0.00'[39m ]
data rcv RT:[ [32m'0.00'[39m, [32m'4.28'[39m, [32m'3.39'[39m, [32m'0.00'[39m ]
data rcv RT:[ [32m'0.00'[39m, [32m'4.33'[39m, [32m'3.38'[39m, [32m'0.01'[39m ]
data rcv RT:[ [32m'0.00'[39m, [32m'4.33'[39m, [32m'3.37'[39m, [32m'0.02'[39m ]
data rcv RT:[ [32m'0.00'[39m, [32m'4.34'[39m, [32m'3.37'[39m, [32m'0.03'[39m ]
data rcv RT:[ [32m'0.00'[39m, [32m'4.38'[39m, [32m'3.40'[39m, [32m'0.01'[39m ]
data rcv RT:[ [32m'0.00'[39m, [32m'4.33'[39m, [32m'3.43'[39m, [32m'0.00'[39m ]
data rcv RT:[ [32m'0.00'[39m, [32m'4.32'[39m, [32m'3.43'[39m, [32m'0.00'[39m ]
data rcv RT:[ [32m'0.00'[39m, [32m'4.28'[39m, [32m'3.44'[39m, [32m'0.00'[39m ]
data rcv RT:[ [32m'0.00'[39m, [32m'4.24'[39m, [32m'3.41'[39m, [32m'0.00'[39m ]
data rcv RT:[ [32m'0.00'[39m, [32m'4.31'[39m, [32m'3.37'[39m, [32m'0.00'[39m ]
data rcv RT:[ [32m'0.00'[39m, [32m'4.29'[39m, [32m'3.38'[39m, [32m'0.00'[39m ]
data rcv RT:[ [32m'0.00'[39m, [32m'4.31'[39m, [32m'3.37'[39m, [32m'0.00'[39m ]
data rcv RT:[ [32m'0.00'[39m, [32m'4.35'[39m, [32m'3.38'[39m, [32m'0.02'[39m ]
data rcv RT:[ [32m'0.00'[39m, [32m'4.37'[39m, [32m'3.38'[39m, [32m'0.01'[39m ]
data rcv RT:[ [32m'0.00'[39m, [32m'4.36'[39m, [32m'3.41'[39m, [32m'0.00'[39m ]
data rcv RT:[ [32m'0.00'[39m, [32m'4.36'[39m, [32m'3.42'[39m, [32m'0.00'[39m ]
data rcv RT:[ [32m'0.00'[39m, [32m'4.34'[39m, [32m'3.43'[39m, [32m'0.00'[39m ]
data rcv RT:[ [32m'0.00'[39m, [32m'4.33'[39m, [32m'3.42'[39m, [32m'0.00'[39m ]
data rcv RT:[ [32m'0.00'[39m, [32m'4.29'[39m, [32m'3.44'[39m, [32m'0.00'[39m ]
data rcv RT:[ [32m'0.00'[39m, [32m'4.29'[39m, [32m'3.42'[39m, [32m'0.00'[39m ]
data rcv RT:[ [32m'0.00'[39m, [32m'4.26'[39m, [32m'3.37'[39m, [32m'0.00'[39m ]
data rcv RT:[ [32m'0.00'[39m, [32m'4.27'[39m, [32m'3.37'[39m, [32m'0.00'[39m ]
data rcv RT:[ [32m'0.00'[39m, [32m'4.27'[39m, [32m'3.37'[39m, [32m'0.00'[39m ]
data rcv RT:[ [32m'0.00'[39m, [32m'4.33'[39m, [32m'3.39'[39m, [32m'0.01'[39m ]
data rcv RT:[ [32m'0.00'[39m, [32m'4.35'[39m, [32m'3.39'[39m, [32m'0.04'[39m ]
data rcv RT:[ [32m'0.00'[39m, [32m'4.37'[39m, [32m'3.37'[39m, [32m'0.01'[39m ]
data rcv RT:[ [32m'0.00'[39m, [32m'4.37'[39m, [32m'3.42'[39m, [32m'0.00'[39m ]
data rcv RT:[ [32m'0.00'[39m, [32m'4.33'[39m, [32m'3.43'[39m, [32m'0.00'[39m ]
data rcv RT:[ [32m'0.00'[39m, [32m'4.30'[39m, [32m'3.42'[39m, [32m'0.00'[39m ]
data rcv RT:[ [32m'0.00'[39m, [32m'4.32'[39m, [32m'3.41'[39m, [32m'0.00'[39m ]
data rcv RT:[ [32m'0.00'[39m, [32m'4.29'[39m, [32m'3.40'[39m, [32m'0.00'[39m ]
data rcv RT:[ [32m'0.00'[39m, [32m'4.29'[39m, [32m'3.44'[39m, [32m'0.00'[39m ]
data rcv RT:[ [32m'0.00'[39m, [32m'4.25'[39m, [32m'3.42'[39m, [32m'0.00'[39m ]
data rcv RT:[ [32m'0.00'[39m, [32m'4.28'[39m, [32m'3.40'[39m, [32m'0.00'[39m ]
data rcv RT:[ [32m'0.00'[39m, [32m'4.27'[39m, [32m'3.39'[39m, [32m'0.00'[39m ]
data rcv RT:[ [32m'0.00'[39m, [32m'4.30'[39m, [32m'3.39'[39m, [32m'0.01'[39m ]
data rcv RT:[ [32m'0.00'[39m, [32m'4.33'[39m, [32m'3.38'[39m, [32m'0.04'[39m ]
data rcv RT:[ [32m'0.00'[39m, [32m'4.32'[39m, [32m'3.39'[39m, [32m'0.00'[39m ]
data rcv RT:[ [32m'0.00'[39m, [32m'4.36'[39m, [32m'3.39'[39m, [32m'0.02'[39m ]
data rcv RT:[ [32m'0.00'[39m, [32m'4.37'[39m, [32m'3.38'[39m, [32m'0.00'[39m ]
data rcv RT:[ [32m'0.00'[39m, [32m'4.33'[39m, [32m'3.43'[39m, [32m'0.00'[39m ]
data rcv RT:[ [32m'0.00'[39m, [32m'4.32'[39m, [32m'3.42'[39m, [32m'0.00'[39m ]
data rcv RT:[ [32m'0.00'[39m, [32m'4.32'[39m, [32m'3.44'[39m, [32m'0.00'[39m ]
data rcv RT:[ [32m'0.00'[39m, [32m'4.29'[39m, [32m'3.44'[39m, [32m'0.00'[39m ]
data rcv RT:[ [32m'0.00'[39m, [32m'4.27'[39m, [32m'3.42'[39m, [32m'0.00'[39m ]
data rcv RT:[ [32m'0.00'[39m, [32m'4.29'[39m, [32m'3.38'[39m, [32m'0.00'[39m ]
data rcv RT:[ [32m'0.00'[39m, [32m'4.31'[39m, [32m'3.38'[39m, [32m'0.01'[39m ]
data rcv RT:[ [32m'0.00'[39m, [32m'4.31'[39m, [32m'3.37'[39m, [32m'0.01'[39m ]
data rcv RT:[ [32m'0.00'[39m, [32m'4.34'[39m, [32m'3.35'[39m, [32m'0.05'[39m ]
data rcv RT:[ [32m'0.00'[39m, [32m'4.37'[39m, [32m'3.39'[39m, [32m'0.04'[39m ]
data rcv RT:[ [32m'0.00'[39m, [32m'4.36'[39m, [32m'3.40'[39m, [32m'0.01'[39m ]
data rcv RT:[ [32m'0.00'[39m, [32m'4.36'[39m, [32m'3.38'[39m, [32m'0.03'[39m ]
data rcv RT:[ [32m'0.00'[39m, [32m'4.37'[39m, [32m'3.41'[39m, [32m'0.00'[39m ]
data rcv RT:[ [32m'0.00'[39m, [32m'4.37'[39m, [32m'3.43'[39m, [32m'0.00'[39m ]
data rcv RT:[ [32m'0.00'[39m, [32m'4.33'[39m, [32m'3.43'[39m, [32m'0.00'[39m ]
data rcv RT:[ [32m'0.00'[39m, [32m'4.32'[39m, [32m'3.42'[39m, [32m'0.00'[39m ]
data rcv RT:[ [32m'0.00'[39m, [32m'4.31'[39m, [32m'3.41'[39m, [32m'0.00'[39m ]
data rcv RT:[ [32m'0.00'[39m, [32m'4.31'[39m, [32m'3.43'[39m, [32m'0.00'[39m ]
data rcv RT:[ [32m'0.00'[39m, [32m'4.31'[39m, [32m'3.44'[39m, [32m'0.00'[39m ]
data rcv RT:[ [32m'0.00'[39m, [32m'4.29'[39m, [32m'3.38'[39m, [32m'0.00'[39m ]
data rcv RT:[ [32m'0.00'[39m, [32m'4.30'[39m, [32m'3.38'[39m, [32m'0.01'[39m ]
data rcv RT:[ [32m'0.00'[39m, [32m'4.34'[39m, [32m'3.40'[39m, [32m'0.00'[39m ]
data rcv RT:[ [32m'0.00'[39m, [32m'4.33'[39m, [32m'3.37'[39m, [32m'0.03'[39m ]
data rcv RT:[ [32m'0.00'[39m, [32m'4.38'[39m, [32m'3.40'[39m, [32m'0.00'[39m ]
data rcv RT:[ [32m'0.00'[39m, [32m'4.37'[39m, [32m'3.41'[39m, [32m'0.02'[39m ]
data rcv RT:[ [32m'0.00'[39m, [32m'4.34'[39m, [32m'3.44'[39m, [32m'0.00'[39m ]
data rcv RT:[ [32m'0.00'[39m, [32m'4.33'[39m, [32m'3.43'[39m, [32m'0.00'[39m ]
data rcv RT:[ [32m'0.00'[39m, [32m'4.31'[39m, [32m'3.43'[39m, [32m'0.00'[39m ]
data rcv RT:[ [32m'0.00'[39m, [32m'4.31'[39m, [32m'3.41'[39m, [32m'0.00'[39m ]
data rcv RT:[ [32m'0.00'[39m, [32m'4.30'[39m, [32m'3.42'[39m, [32m'0.00'[39m ]
data rcv RT:[ [32m'0.00'[39m, [32m'4.26'[39m, [32m'3.42'[39m, [32m'0.00'[39m ]
data rcv RT:[ [32m'0.00'[39m, [32m'4.29'[39m, [32m'3.37'[39m, [32m'0.00'[39m ]
data rcv RT:[ [32m'0.00'[39m, [32m'4.28'[39m, [32m'3.38'[39m, [32m'0.00'[39m ]
data rcv RT:[ [32m'0.00'[39m, [32m'4.34'[39m, [32m'3.36'[39m, [32m'0.06'[39m ]
data rcv RT:[ [32m'0.00'[39m, [32m'4.32'[39m, [32m'3.37'[39m, [32m'0.05'[39m ]
data rcv RT:[ [32m'0.00'[39m, [32m'4.34'[39m, [32m'3.40'[39m, [32m'0.04'[39m ]
data rcv RT:[ [32m'0.00'[39m, [32m'4.37'[39m, [32m'3.38'[39m, [32m'0.01'[39m ]
data rcv RT:[ [32m'0.00'[39m, [32m'4.34'[39m, [32m'3.43'[39m, [32m'0.00'[39m ]
data rcv RT:[ [32m'0.00'[39m, [32m'4.32'[39m, [32m'3.42'[39m, [32m'0.00'[39m ]
data rcv RT:[ [32m'0.00'[39m, [32m'4.29'[39m, [32m'3.44'[39m, [32m'0.00'[39m ]
data rcv RT:[ [32m'0.00'[39m, [32m'4.25'[39m, [32m'3.40'[39m, [32m'0.00'[39m ]
data rcv RT:[ [32m'0.00'[39m, [32m'4.27'[39m, [32m'3.41'[39m, [32m'0.00'[39m ]
data rcv RT:[ [32m'0.00'[39m, [32m'4.28'[39m, [32m'3.38'[39m, [32m'0.00'[39m ]
data rcv RT:[ [32m'0.00'[39m, [32m'4.27'[39m, [32m'3.39'[39m, [32m'0.00'[39m ]
data rcv RT:[ [32m'0.00'[39m, [32m'4.29'[39m, [32m'3.38'[39m, [32m'0.00'[39m ]
data rcv RT:[ [32m'0.00'[39m, [32m'4.33'[39m, [32m'3.37'[39m, [32m'0.01'[39m ]
data rcv RT:[ [32m'0.00'[39m, [32m'4.33'[39m, [32m'3.35'[39m, [32m'0.03'[39m ]
data rcv RT:[ [32m'0.00'[39m, [32m'4.37'[39m, [32m'3.39'[39m, [32m'0.04'[39m ]
data rcv RT:[ [32m'0.00'[39m, [32m'4.37'[39m, [32m'3.40'[39m, [32m'0.00'[39m ]
data rcv RT:[ [32m'0.00'[39m, [32m'4.37'[39m, [32m'3.43'[39m, [32m'0.00'[39m ]
data rcv RT:[ [32m'0.00'[39m, [32m'4.30'[39m, [32m'3.41'[39m, [32m'0.00'[39m ]
data rcv RT:[ [32m'0.00'[39m, [32m'4.30'[39m, [32m'3.42'[39m, [32m'0.00'[39m ]
data rcv RT:[ [32m'0.00'[39m, [32m'4.29'[39m, [32m'3.43'[39m, [32m'0.00'[39m ]
data rcv RT:[ [32m'0.00'[39m, [32m'4.28'[39m, [32m'3.43'[39m, [32m'0.00'[39m ]
data rcv RT:[ [32m'0.00'[39m, [32m'4.29'[39m, [32m'3.44'[39m, [32m'0.00'[39m ]
data rcv RT:[ [32m'0.00'[39m, [32m'4.29'[39m, [32m'3.38'[39m, [32m'0.00'[39m ]
data rcv RT:[ [32m'0.00'[39m, [32m'4.30'[39m, [32m'3.39'[39m, [32m'0.02'[39m ]
data rcv RT:[ [32m'0.00'[39m, [32m'4.34'[39m, [32m'3.36'[39m, [32m'0.04'[39m ]
data rcv RT:[ [32m'0.00'[39m, [32m'4.34'[39m, [32m'3.35'[39m, [32m'0.03'[39m ]
data rcv RT:[ [32m'0.00'[39m, [32m'4.36'[39m, [32m'3.40'[39m, [32m'0.00'[39m ]
data rcv RT:[ [32m'0.00'[39m, [32m'4.35'[39m, [32m'3.43'[39m, [32m'0.00'[39m ]
data rcv RT:[ [32m'0.00'[39m, [32m'4.34'[39m, [32m'3.42'[39m, [32m'0.00'[39m ]
data rcv RT:[ [32m'0.00'[39m, [32m'4.33'[39m, [32m'3.43'[39m, [32m'0.00'[39m ]
data rcv RT:[ [32m'0.00'[39m, [32m'4.33'[39m, [32m'3.43'[39m, [32m'0.00'[39m ]
data rcv RT:[ [32m'0.00'[39m, [32m'4.32'[39m, [32m'3.43'[39m, [32m'0.00'[39m ]
data rcv RT:[ [32m'0.00'[39m, [32m'4.26'[39m, [32m'3.41'[39m, [32m'0.00'[39m ]
data rcv RT:[ [32m'0.00'[39m, [32m'4.30'[39m, [32m'3.44'[39m, [32m'0.00'[39m ]
data rcv RT:[ [32m'0.00'[39m, [32m'4.27'[39m, [32m'3.39'[39m, [32m'0.00'[39m ]
data rcv RT:[ [32m'0.00'[39m, [32m'4.27'[39m, [32m'3.40'[39m, [32m'0.00'[39m ]
data rcv RT:[ [32m'0.00'[39m, [32m'4.29'[39m, [32m'3.37'[39m, [32m'0.00'[39m ]
data rcv RT:[ [32m'0.00'[39m, [32m'4.29'[39m, [32m'3.37'[39m, [32m'0.00'[39m ]
data rcv RT:[ [32m'0.00'[39m, [32m'4.32'[39m, [32m'3.37'[39m, [32m'0.01'[39m ]
data rcv RT:[ [32m'0.00'[39m, [32m'4.34'[39m, [32m'3.35'[39m, [32m'0.06'[39m ]
data rcv RT:[ [32m'0.00'[39m, [32m'4.33'[39m, [32m'3.37'[39m, [32m'0.01'[39m ]
data rcv RT:[ [32m'0.00'[39m, [32m'4.37'[39m, [32m'3.39'[39m, [32m'0.01'[39m ]
data rcv RT:[ [32m'0.00'[39m, [32m'4.36'[39m, [32m'3.43'[39m, [32m'0.00'[39m ]
data rcv RT:[ [32m'0.00'[39m, [32m'4.36'[39m, [32m'3.41'[39m, [32m'0.01'[39m ]
data rcv RT:[ [32m'0.00'[39m, [32m'4.33'[39m, [32m'3.43'[39m, [32m'0.00'[39m ]
data rcv RT:[ [32m'0.00'[39m, [32m'4.31'[39m, [32m'3.43'[39m, [32m'0.00'[39m ]
client Front End connected
Socket {
  nsp: 
   Namespace {
     name: [32m'/'[39m,
     server: 
      Server {
        nsps: [36m[Object][39m,
        _path: [32m'/socket.io'[39m,
        _serveClient: [33mtrue[39m,
        _adapter: [36m[Function: Adapter][39m,
        _origins: [32m'*:*'[39m,
        sockets: [36m[Circular][39m,
        eio: [36m[Object][39m,
        httpServer: [36m[Object][39m,
        engine: [36m[Object][39m },
     sockets: { [32m'/#iMuDM3TYCHxtyTIoAAAd'[39m: [36m[Circular][39m },
     connected: { [32m'/#iMuDM3TYCHxtyTIoAAAd'[39m: [36m[Circular][39m },
     fns: [],
     ids: [33m0[39m,
     adapter: 
      Adapter {
        nsp: [36m[Circular][39m,
        rooms: [36m[Object][39m,
        sids: [36m[Object][39m,
        encoder: Encoder {} },
     _events: { connection: [36m[Function][39m },
     _eventsCount: [33m1[39m },
  server: 
   Server {
     nsps: { [32m'/'[39m: [36m[Object][39m },
     _path: [32m'/socket.io'[39m,
     _serveClient: [33mtrue[39m,
     _adapter: [36m[Function: Adapter][39m,
     _origins: [32m'*:*'[39m,
     sockets: 
      Namespace {
        name: [32m'/'[39m,
        server: [36m[Circular][39m,
        sockets: [36m[Object][39m,
        connected: [36m[Object][39m,
        fns: [],
        ids: [33m0[39m,
        adapter: [36m[Object][39m,
        _events: [36m[Object][39m,
        _eventsCount: [33m1[39m },
     eio: 
      Server {
        clients: [36m[Object][39m,
        clientsCount: [33m1[39m,
        pingTimeout: [33m60000[39m,
        pingInterval: [33m25000[39m,
        upgradeTimeout: [33m10000[39m,
        maxHttpBufferSize: [33m100000000[39m,
        transports: [36m[Object][39m,
        allowUpgrades: [33mtrue[39m,
        allowRequest: [36m[Function: bound ][39m,
        cookie: [32m'io'[39m,
        cookiePath: [33mfalse[39m,
        perMessageDeflate: [36m[Object][39m,
        httpCompression: [36m[Object][39m,
        ws: [36m[Object][39m,
        _events: [36m[Object][39m,
        _eventsCount: [33m1[39m },
     httpServer: 
      Server {
        domain: [1mnull[22m,
        _events: [36m[Object][39m,
        _eventsCount: [33m4[39m,
        _maxListeners: [90mundefined[39m,
        _connections: [33m1[39m,
        _handle: [36m[Object][39m,
        _usingSlaves: [33mfalse[39m,
        _slaves: [],
        _unref: [33mfalse[39m,
        allowHalfOpen: [33mtrue[39m,
        pauseOnConnect: [33mfalse[39m,
        httpAllowHalfOpen: [33mfalse[39m,
        timeout: [33m120000[39m,
        _pendingResponseData: [33m0[39m,
        _connectionKey: [32m'6::::3000'[39m },
     engine: 
      Server {
        clients: [36m[Object][39m,
        clientsCount: [33m1[39m,
        pingTimeout: [33m60000[39m,
        pingInterval: [33m25000[39m,
        upgradeTimeout: [33m10000[39m,
        maxHttpBufferSize: [33m100000000[39m,
        transports: [36m[Object][39m,
        allowUpgrades: [33mtrue[39m,
        allowRequest: [36m[Function: bound ][39m,
        cookie: [32m'io'[39m,
        cookiePath: [33mfalse[39m,
        perMessageDeflate: [36m[Object][39m,
        httpCompression: [36m[Object][39m,
        ws: [36m[Object][39m,
        _events: [36m[Object][39m,
        _eventsCount: [33m1[39m } },
  adapter: 
   Adapter {
     nsp: 
      Namespace {
        name: [32m'/'[39m,
        server: [36m[Object][39m,
        sockets: [36m[Object][39m,
        connected: [36m[Object][39m,
        fns: [],
        ids: [33m0[39m,
        adapter: [36m[Circular][39m,
        _events: [36m[Object][39m,
        _eventsCount: [33m1[39m },
     rooms: { [32m'/#iMuDM3TYCHxtyTIoAAAd'[39m: [36m[Object][39m },
     sids: { [32m'/#iMuDM3TYCHxtyTIoAAAd'[39m: [36m[Object][39m },
     encoder: Encoder {} },
  id: [32m'/#iMuDM3TYCHxtyTIoAAAd'[39m,
  client: 
   Client {
     server: 
      Server {
        nsps: [36m[Object][39m,
        _path: [32m'/socket.io'[39m,
        _serveClient: [33mtrue[39m,
        _adapter: [36m[Function: Adapter][39m,
        _origins: [32m'*:*'[39m,
        sockets: [36m[Object][39m,
        eio: [36m[Object][39m,
        httpServer: [36m[Object][39m,
        engine: [36m[Object][39m },
     conn: 
      Socket {
        id: [32m'iMuDM3TYCHxtyTIoAAAd'[39m,
        server: [36m[Object][39m,
        upgrading: [33mfalse[39m,
        upgraded: [33mfalse[39m,
        readyState: [32m'open'[39m,
        writeBuffer: [36m[Object][39m,
        packetsFn: [36m[Object][39m,
        sentCallbackFn: [],
        cleanupFn: [36m[Object][39m,
        request: [36m[Object][39m,
        remoteAddress: [32m'::ffff:10.210.30.41'[39m,
        checkIntervalTimer: [1mnull[22m,
        upgradeTimeoutTimer: [1mnull[22m,
        pingTimeoutTimer: [36m[Object][39m,
        transport: [36m[Object][39m,
        _events: [36m[Object][39m,
        _eventsCount: [33m3[39m },
     encoder: Encoder {},
     decoder: Decoder { reconstructor: [1mnull[22m, _callbacks: [36m[Object][39m },
     id: [32m'iMuDM3TYCHxtyTIoAAAd'[39m,
     request: 
      IncomingMessage {
        _readableState: [36m[Object][39m,
        readable: [33mtrue[39m,
        domain: [1mnull[22m,
        _events: {},
        _eventsCount: [33m0[39m,
        _maxListeners: [90mundefined[39m,
        socket: [36m[Object][39m,
        connection: [36m[Object][39m,
        httpVersionMajor: [33m1[39m,
        httpVersionMinor: [33m1[39m,
        httpVersion: [32m'1.1'[39m,
        complete: [33mtrue[39m,
        headers: [36m[Object][39m,
        rawHeaders: [36m[Object][39m,
        trailers: {},
        rawTrailers: [],
        upgrade: [33mfalse[39m,
        url: [32m'/socket.io/?EIO=3&transport=polling&t=LTmMoQv'[39m,
        method: [32m'GET'[39m,
        statusCode: [1mnull[22m,
        statusMessage: [1mnull[22m,
        client: [36m[Object][39m,
        _consuming: [33mfalse[39m,
        _dumped: [33mtrue[39m,
        _query: [36m[Object][39m,
        res: [36m[Object][39m,
        cleanup: [36m[Function: cleanup][39m },
     onclose: [36m[Function: bound ][39m,
     ondata: [36m[Function: bound ][39m,
     onerror: [36m[Function: bound ][39m,
     ondecoded: [36m[Function: bound ][39m,
     sockets: { [32m'/#iMuDM3TYCHxtyTIoAAAd'[39m: [36m[Circular][39m },
     nsps: { [32m'/'[39m: [36m[Circular][39m },
     connectBuffer: [] },
  conn: 
   Socket {
     id: [32m'iMuDM3TYCHxtyTIoAAAd'[39m,
     server: 
      Server {
        clients: [36m[Object][39m,
        clientsCount: [33m1[39m,
        pingTimeout: [33m60000[39m,
        pingInterval: [33m25000[39m,
        upgradeTimeout: [33m10000[39m,
        maxHttpBufferSize: [33m100000000[39m,
        transports: [36m[Object][39m,
        allowUpgrades: [33mtrue[39m,
        allowRequest: [36m[Function: bound ][39m,
        cookie: [32m'io'[39m,
        cookiePath: [33mfalse[39m,
        perMessageDeflate: [36m[Object][39m,
        httpCompression: [36m[Object][39m,
        ws: [36m[Object][39m,
        _events: [36m[Object][39m,
        _eventsCount: [33m1[39m },
     upgrading: [33mfalse[39m,
     upgraded: [33mfalse[39m,
     readyState: [32m'open'[39m,
     writeBuffer: [ [36m[Object][39m ],
     packetsFn: [ [90mundefined[39m ],
     sentCallbackFn: [],
     cleanupFn: [ [36m[Function][39m, [36m[Function][39m ],
     request: 
      IncomingMessage {
        _readableState: [36m[Object][39m,
        readable: [33mtrue[39m,
        domain: [1mnull[22m,
        _events: {},
        _eventsCount: [33m0[39m,
        _maxListeners: [90mundefined[39m,
        socket: [36m[Object][39m,
        connection: [36m[Object][39m,
        httpVersionMajor: [33m1[39m,
        httpVersionMinor: [33m1[39m,
        httpVersion: [32m'1.1'[39m,
        complete: [33mtrue[39m,
        headers: [36m[Object][39m,
        rawHeaders: [36m[Object][39m,
        trailers: {},
        rawTrailers: [],
        upgrade: [33mfalse[39m,
        url: [32m'/socket.io/?EIO=3&transport=polling&t=LTmMoQv'[39m,
        method: [32m'GET'[39m,
        statusCode: [1mnull[22m,
        statusMessage: [1mnull[22m,
        client: [36m[Object][39m,
        _consuming: [33mfalse[39m,
        _dumped: [33mtrue[39m,
        _query: [36m[Object][39m,
        res: [36m[Object][39m,
        cleanup: [36m[Function: cleanup][39m },
     remoteAddress: [32m'::ffff:10.210.30.41'[39m,
     checkIntervalTimer: [1mnull[22m,
     upgradeTimeoutTimer: [1mnull[22m,
     pingTimeoutTimer: 
      Timeout {
        _called: [33mfalse[39m,
        _idleTimeout: [33m85000[39m,
        _idlePrev: [36m[Object][39m,
        _idleNext: [36m[Object][39m,
        _idleStart: [33m21480952[39m,
        _onTimeout: [36m[Function][39m,
        _repeat: [1mnull[22m },
     transport: 
      XHR {
        readyState: [32m'open'[39m,
        discarded: [33mfalse[39m,
        closeTimeout: [33m30000[39m,
        maxHttpBufferSize: [33m100000000[39m,
        httpCompression: [36m[Object][39m,
        supportsBinary: [33mtrue[39m,
        _events: [36m[Object][39m,
        _eventsCount: [33m5[39m,
        sid: [32m'iMuDM3TYCHxtyTIoAAAd'[39m,
        req: [1mnull[22m,
        res: [1mnull[22m,
        writable: [33mfalse[39m },
     _events: 
      { close: [36m[Object][39m,
        data: [36m[Function: bound ][39m,
        error: [36m[Function: bound ][39m },
     _eventsCount: [33m3[39m },
  rooms: {},
  acks: {},
  connected: [33mtrue[39m,
  disconnected: [33mfalse[39m,
  handshake: 
   { headers: 
      { host: [32m'10.210.30.148:3000'[39m,
        connection: [32m'keep-alive'[39m,
        [32m'cache-control'[39m: [32m'max-age=0'[39m,
        origin: [32m'http://10.210.30.148'[39m,
        [32m'user-agent'[39m: [32m'Mozilla/5.0 (Windows NT 5.1) AppleWebKit/537.36 (KHTML, like Gecko) Chrome/49.0.2623.112 Safari/537.36'[39m,
        accept: [32m'*/*'[39m,
        referer: [32m'http://10.210.30.148/sku/'[39m,
        [32m'accept-encoding'[39m: [32m'gzip, deflate, sdch'[39m,
        [32m'accept-language'[39m: [32m'ru-RU,ru;q=0.8,en-US;q=0.6,en;q=0.4'[39m,
        cookie: [32m'io=e_ucuLuH8I4k1JrWAAAc'[39m },
     time: [32m'Wed Sep 28 2016 14:33:13 GMT+0400 (SAMT)'[39m,
     address: [32m'::ffff:10.210.30.41'[39m,
     xdomain: [33mtrue[39m,
     secure: [33mfalse[39m,
     issued: [33m1475058793169[39m,
     url: [32m'/socket.io/?EIO=3&transport=polling&t=LTmMoQv'[39m,
     query: { EIO: [32m'3'[39m, transport: [32m'polling'[39m, t: [32m'LTmMoQv'[39m } } }
data rcv RT:[ [32m'0.00'[39m, [32m'4.30'[39m, [32m'3.43'[39m, [32m'0.00'[39m ]
data rcv RT:[ [32m'0.00'[39m, [32m'4.28'[39m, [32m'3.42'[39m, [32m'0.00'[39m ]
data rcv RT:[ [32m'0.00'[39m, [32m'4.26'[39m, [32m'3.40'[39m, [32m'0.00'[39m ]
data rcv RT:[ [32m'0.00'[39m, [32m'4.26'[39m, [32m'3.40'[39m, [32m'0.00'[39m ]
data rcv RT:[ [32m'0.00'[39m, [32m'4.26'[39m, [32m'3.38'[39m, [32m'0.00'[39m ]
data rcv RT:[ [32m'0.00'[39m, [32m'4.30'[39m, [32m'3.39'[39m, [32m'0.00'[39m ]
data rcv RT:[ [32m'0.00'[39m, [32m'4.31'[39m, [32m'3.38'[39m, [32m'0.01'[39m ]
data rcv RT:[ [32m'0.00'[39m, [32m'4.32'[39m, [32m'3.38'[39m, [32m'0.01'[39m ]
data rcv RT:[ [32m'0.00'[39m, [32m'4.33'[39m, [32m'3.35'[39m, [32m'0.04'[39m ]
data rcv RT:[ [32m'0.00'[39m, [32m'4.35'[39m, [32m'3.36'[39m, [32m'0.04'[39m ]
data rcv RT:[ [32m'0.00'[39m, [32m'4.37'[39m, [32m'3.38'[39m, [32m'0.02'[39m ]
data rcv RT:[ [32m'0.00'[39m, [32m'4.35'[39m, [32m'3.44'[39m, [32m'0.00'[39m ]
data rcv RT:[ [32m'0.00'[39m, [32m'4.36'[39m, [32m'3.43'[39m, [32m'0.00'[39m ]
data rcv RT:[ [32m'0.00'[39m, [32m'4.34'[39m, [32m'3.43'[39m, [32m'0.00'[39m ]
data rcv RT:[ [32m'0.00'[39m, [32m'4.31'[39m, [32m'3.44'[39m, [32m'0.00'[39m ]
data rcv RT:[ [32m'0.00'[39m, [32m'4.30'[39m, [32m'3.42'[39m, [32m'0.00'[39m ]
data rcv RT:[ [32m'0.00'[39m, [32m'4.29'[39m, [32m'3.44'[39m, [32m'0.00'[39m ]
data rcv RT:[ [32m'0.00'[39m, [32m'4.27'[39m, [32m'3.40'[39m, [32m'0.00'[39m ]
data rcv RT:[ [32m'0.00'[39m, [32m'4.28'[39m, [32m'3.42'[39m, [32m'0.00'[39m ]
data rcv RT:[ [32m'0.00'[39m, [32m'4.26'[39m, [32m'3.41'[39m, [32m'0.00'[39m ]
data rcv RT:[ [32m'0.00'[39m, [32m'4.28'[39m, [32m'3.38'[39m, [32m'0.00'[39m ]
data rcv RT:[ [32m'0.00'[39m, [32m'4.27'[39m, [32m'3.39'[39m, [32m'0.00'[39m ]
data rcv RT:[ [32m'0.00'[39m, [32m'4.31'[39m, [32m'3.39'[39m, [32m'0.00'[39m ]
data rcv RT:[ [32m'0.00'[39m, [32m'4.31'[39m, [32m'3.38'[39m, [32m'0.01'[39m ]
data rcv RT:[ [32m'0.00'[39m, [32m'4.32'[39m, [32m'3.38'[39m, [32m'0.01'[39m ]
data rcv RT:[ [32m'0.00'[39m, [32m'4.34'[39m, [32m'3.39'[39m, [32m'0.02'[39m ]
data rcv RT:[ [32m'0.00'[39m, [32m'4.38'[39m, [32m'3.40'[39m, [32m'0.03'[39m ]
data rcv RT:[ [32m'0.00'[39m, [32m'4.36'[39m, [32m'3.42'[39m, [32m'0.00'[39m ]
data rcv RT:[ [32m'0.00'[39m, [32m'4.37'[39m, [32m'3.41'[39m, [32m'0.00'[39m ]
data rcv RT:[ [32m'0.00'[39m, [32m'4.34'[39m, [32m'3.43'[39m, [32m'0.00'[39m ]
data rcv RT:[ [32m'0.00'[39m, [32m'4.32'[39m, [32m'3.44'[39m, [32m'0.00'[39m ]
data rcv RT:[ [32m'0.00'[39m, [32m'4.32'[39m, [32m'3.41'[39m, [32m'0.00'[39m ]
data rcv RT:[ [32m'0.00'[39m, [32m'4.31'[39m, [32m'3.42'[39m, [32m'0.00'[39m ]
data rcv RT:[ [32m'0.00'[39m, [32m'4.30'[39m, [32m'3.42'[39m, [32m'0.00'[39m ]
data rcv RT:[ [32m'0.00'[39m, [32m'4.31'[39m, [32m'3.43'[39m, [32m'0.00'[39m ]
data rcv RT:[ [32m'0.00'[39m, [32m'4.26'[39m, [32m'3.42'[39m, [32m'0.00'[39m ]
data rcv RT:[ [32m'0.00'[39m, [32m'4.29'[39m, [32m'3.37'[39m, [32m'0.00'[39m ]
data rcv RT:[ [32m'0.00'[39m, [32m'4.27'[39m, [32m'3.39'[39m, [32m'0.00'[39m ]
data rcv RT:[ [32m'0.00'[39m, [32m'4.29'[39m, [32m'3.38'[39m, [32m'0.00'[39m ]
data rcv RT:[ [32m'0.00'[39m, [32m'4.28'[39m, [32m'3.39'[39m, [32m'0.00'[39m ]
data rcv RT:[ [32m'0.00'[39m, [32m'4.31'[39m, [32m'3.38'[39m, [32m'0.01'[39m ]
data rcv RT:[ [32m'0.00'[39m, [32m'4.33'[39m, [32m'3.37'[39m, [32m'0.00'[39m ]
data rcv RT:[ [32m'0.00'[39m, [32m'4.33'[39m, [32m'3.38'[39m, [32m'0.01'[39m ]
data rcv RT:[ [32m'0.00'[39m, [32m'4.34'[39m, [32m'3.35'[39m, [32m'0.04'[39m ]
data rcv RT:[ [32m'0.00'[39m, [32m'4.37'[39m, [32m'3.40'[39m, [32m'0.00'[39m ]
data rcv RT:[ [32m'0.00'[39m, [32m'4.36'[39m, [32m'3.40'[39m, [32m'0.00'[39m ]
data rcv RT:[ [32m'0.00'[39m, [32m'4.32'[39m, [32m'3.43'[39m, [32m'0.00'[39m ]
data rcv RT:[ [32m'0.00'[39m, [32m'4.34'[39m, [32m'3.44'[39m, [32m'0.00'[39m ]
data rcv RT:[ [32m'0.00'[39m, [32m'4.31'[39m, [32m'3.43'[39m, [32m'0.00'[39m ]
data rcv RT:[ [32m'0.00'[39m, [32m'4.30'[39m, [32m'3.41'[39m, [32m'0.00'[39m ]
data rcv RT:[ [32m'0.00'[39m, [32m'4.32'[39m, [32m'3.42'[39m, [32m'0.00'[39m ]
data rcv RT:[ [32m'0.00'[39m, [32m'4.26'[39m, [32m'3.39'[39m, [32m'0.00'[39m ]
data rcv RT:[ [32m'0.00'[39m, [32m'4.26'[39m, [32m'3.38'[39m, [32m'0.00'[39m ]
data rcv RT:[ [32m'0.00'[39m, [32m'4.27'[39m, [32m'3.38'[39m, [32m'0.00'[39m ]
data rcv RT:[ [32m'0.00'[39m, [32m'4.28'[39m, [32m'3.39'[39m, [32m'0.00'[39m ]
data rcv RT:[ [32m'0.00'[39m, [32m'4.32'[39m, [32m'3.37'[39m, [32m'0.00'[39m ]
data rcv RT:[ [32m'0.00'[39m, [32m'4.34'[39m, [32m'3.39'[39m, [32m'0.02'[39m ]
data rcv RT:[ [32m'0.00'[39m, [32m'4.36'[39m, [32m'3.38'[39m, [32m'0.02'[39m ]
data rcv RT:[ [32m'0.00'[39m, [32m'4.33'[39m, [32m'3.39'[39m, [32m'0.03'[39m ]
data rcv RT:[ [32m'0.00'[39m, [32m'4.37'[39m, [32m'3.40'[39m, [32m'0.00'[39m ]
data rcv RT:[ [32m'0.00'[39m, [32m'4.37'[39m, [32m'3.38'[39m, [32m'0.01'[39m ]
data rcv RT:[ [32m'0.00'[39m, [32m'4.37'[39m, [32m'3.40'[39m, [32m'0.00'[39m ]
data rcv RT:[ [32m'0.00'[39m, [32m'4.36'[39m, [32m'3.39'[39m, [32m'0.00'[39m ]
data rcv RT:[ [32m'0.00'[39m, [32m'4.33'[39m, [32m'3.41'[39m, [32m'0.00'[39m ]
data rcv RT:[ [32m'0.00'[39m, [32m'4.33'[39m, [32m'3.41'[39m, [32m'0.00'[39m ]
data rcv RT:[ [32m'0.00'[39m, [32m'4.31'[39m, [32m'3.42'[39m, [32m'0.00'[39m ]
data rcv RT:[ [32m'0.00'[39m, [32m'4.29'[39m, [32m'3.43'[39m, [32m'0.00'[39m ]
data rcv RT:[ [32m'0.00'[39m, [32m'4.26'[39m, [32m'3.41'[39m, [32m'0.00'[39m ]
data rcv RT:[ [32m'0.00'[39m, [32m'4.28'[39m, [32m'3.40'[39m, [32m'0.00'[39m ]
data rcv RT:[ [32m'0.00'[39m, [32m'4.29'[39m, [32m'3.36'[39m, [32m'0.00'[39m ]
data rcv RT:[ [32m'0.00'[39m, [32m'4.32'[39m, [32m'3.38'[39m, [32m'0.01'[39m ]
data rcv RT:[ [32m'0.00'[39m, [32m'4.37'[39m, [32m'3.36'[39m, [32m'0.03'[39m ]
data rcv RT:[ [32m'0.00'[39m, [32m'4.37'[39m, [32m'3.40'[39m, [32m'0.01'[39m ]
data rcv RT:[ [32m'0.00'[39m, [32m'4.36'[39m, [32m'3.39'[39m, [32m'0.03'[39m ]
data rcv RT:[ [32m'0.00'[39m, [32m'4.37'[39m, [32m'3.39'[39m, [32m'0.01'[39m ]
data rcv RT:[ [32m'0.00'[39m, [32m'4.35'[39m, [32m'3.44'[39m, [32m'0.00'[39m ]
data rcv RT:[ [32m'0.00'[39m, [32m'4.32'[39m, [32m'3.44'[39m, [32m'0.00'[39m ]
data rcv RT:[ [32m'0.00'[39m, [32m'4.29'[39m, [32m'3.42'[39m, [32m'0.00'[39m ]
data rcv RT:[ [32m'0.00'[39m, [32m'4.31'[39m, [32m'3.43'[39m, [32m'0.00'[39m ]
data rcv RT:[ [32m'0.00'[39m, [32m'4.28'[39m, [32m'3.40'[39m, [32m'0.00'[39m ]
data rcv RT:[ [32m'0.00'[39m, [32m'4.27'[39m, [32m'3.40'[39m, [32m'0.00'[39m ]
data rcv RT:[ [32m'0.00'[39m, [32m'4.29'[39m, [32m'3.37'[39m, [32m'0.00'[39m ]
data rcv RT:[ [32m'0.00'[39m, [32m'4.27'[39m, [32m'3.40'[39m, [32m'0.01'[39m ]
data rcv RT:[ [32m'0.00'[39m, [32m'4.31'[39m, [32m'3.37'[39m, [32m'0.00'[39m ]
data rcv RT:[ [32m'0.00'[39m, [32m'4.34'[39m, [32m'3.37'[39m, [32m'0.02'[39m ]
data rcv RT:[ [32m'0.00'[39m, [32m'4.37'[39m, [32m'3.38'[39m, [32m'0.04'[39m ]
data rcv RT:[ [32m'0.00'[39m, [32m'4.37'[39m, [32m'3.41'[39m, [32m'0.02'[39m ]
data rcv RT:[ [32m'0.00'[39m, [32m'4.36'[39m, [32m'3.39'[39m, [32m'0.00'[39m ]
data rcv RT:[ [32m'0.00'[39m, [32m'4.36'[39m, [32m'3.41'[39m, [32m'0.00'[39m ]
data rcv RT:[ [32m'0.00'[39m, [32m'4.35'[39m, [32m'3.41'[39m, [32m'0.00'[39m ]
data rcv RT:[ [32m'0.00'[39m, [32m'4.33'[39m, [32m'3.44'[39m, [32m'0.00'[39m ]
data rcv RT:[ [32m'0.00'[39m, [32m'4.30'[39m, [32m'3.44'[39m, [32m'0.00'[39m ]
data rcv RT:[ [32m'0.00'[39m, [32m'4.29'[39m, [32m'3.43'[39m, [32m'0.00'[39m ]
data rcv RT:[ [32m'0.00'[39m, [32m'4.28'[39m, [32m'3.40'[39m, [32m'0.00'[39m ]
data rcv RT:[ [32m'0.00'[39m, [32m'4.27'[39m, [32m'3.39'[39m, [32m'0.00'[39m ]
data rcv RT:[ [32m'0.00'[39m, [32m'4.25'[39m, [32m'3.43'[39m, [32m'0.00'[39m ]
data rcv RT:[ [32m'0.00'[39m, [32m'4.27'[39m, [32m'3.38'[39m, [32m'0.00'[39m ]
data rcv RT:[ [32m'0.00'[39m, [32m'4.27'[39m, [32m'3.39'[39m, [32m'0.00'[39m ]
data rcv RT:[ [32m'0.00'[39m, [32m'4.28'[39m, [32m'3.39'[39m, [32m'0.00'[39m ]
data rcv RT:[ [32m'0.00'[39m, [32m'4.30'[39m, [32m'3.40'[39m, [32m'0.00'[39m ]
data rcv RT:[ [32m'0.00'[39m, [32m'4.31'[39m, [32m'3.39'[39m, [32m'0.00'[39m ]
data rcv RT:[ [32m'0.00'[39m, [32m'4.34'[39m, [32m'3.38'[39m, [32m'0.02'[39m ]
data rcv RT:[ [32m'0.00'[39m, [32m'4.36'[39m, [32m'3.38'[39m, [32m'0.03'[39m ]
data rcv RT:[ [32m'0.00'[39m, [32m'4.35'[39m, [32m'3.40'[39m, [32m'0.01'[39m ]
data rcv RT:[ [32m'0.00'[39m, [32m'4.37'[39m, [32m'3.37'[39m, [32m'0.01'[39m ]
data rcv RT:[ [32m'0.00'[39m, [32m'4.37'[39m, [32m'3.39'[39m, [32m'0.02'[39m ]
data rcv RT:[ [32m'0.00'[39m, [32m'4.38'[39m, [32m'3.42'[39m, [32m'0.00'[39m ]
data rcv RT:[ [32m'0.00'[39m, [32m'4.35'[39m, [32m'3.41'[39m, [32m'0.00'[39m ]
data rcv RT:[ [32m'0.00'[39m, [32m'4.35'[39m, [32m'3.41'[39m, [32m'0.00'[39m ]
data rcv RT:[ [32m'0.00'[39m, [32m'4.36'[39m, [32m'3.41'[39m, [32m'0.00'[39m ]
data rcv RT:[ [32m'0.00'[39m, [32m'4.30'[39m, [32m'3.43'[39m, [32m'0.00'[39m ]
data rcv RT:[ [32m'0.00'[39m, [32m'4.32'[39m, [32m'3.44'[39m, [32m'0.00'[39m ]
data rcv RT:[ [32m'0.00'[39m, [32m'4.29'[39m, [32m'3.43'[39m, [32m'0.00'[39m ]
data rcv RT:[ [32m'0.00'[39m, [32m'4.25'[39m, [32m'3.41'[39m, [32m'0.00'[39m ]
data rcv RT:[ [32m'0.00'[39m, [32m'4.27'[39m, [32m'3.37'[39m, [32m'0.00'[39m ]
data rcv RT:[ [32m'0.00'[39m, [32m'4.27'[39m, [32m'3.39'[39m, [32m'0.00'[39m ]
data rcv RT:[ [32m'0.00'[39m, [32m'4.28'[39m, [32m'3.39'[39m, [32m'0.00'[39m ]
data rcv RT:[ [32m'0.00'[39m, [32m'4.32'[39m, [32m'3.37'[39m, [32m'0.01'[39m ]
data rcv RT:[ [32m'0.00'[39m, [32m'4.30'[39m, [32m'3.37'[39m, [32m'0.00'[39m ]
data rcv RT:[ [32m'0.00'[39m, [32m'4.30'[39m, [32m'3.38'[39m, [32m'0.00'[39m ]
data rcv RT:[ [32m'0.00'[39m, [32m'4.35'[39m, [32m'3.38'[39m, [32m'0.03'[39m ]
data rcv RT:[ [32m'0.00'[39m, [32m'4.35'[39m, [32m'3.35'[39m, [32m'0.08'[39m ]
data rcv RT:[ [32m'0.00'[39m, [32m'4.36'[39m, [32m'3.40'[39m, [32m'0.02'[39m ]
data rcv RT:[ [32m'0.00'[39m, [32m'4.37'[39m, [32m'3.38'[39m, [32m'0.01'[39m ]
data rcv RT:[ [32m'0.00'[39m, [32m'4.37'[39m, [32m'3.39'[39m, [32m'0.02'[39m ]
data rcv RT:[ [32m'0.00'[39m, [32m'4.37'[39m, [32m'3.38'[39m, [32m'0.02'[39m ]
data rcv RT:[ [32m'0.00'[39m, [32m'4.35'[39m, [32m'3.43'[39m, [32m'0.00'[39m ]
data rcv RT:[ [32m'0.00'[39m, [32m'4.34'[39m, [32m'3.43'[39m, [32m'0.00'[39m ]
data rcv RT:[ [32m'0.00'[39m, [32m'4.33'[39m, [32m'3.44'[39m, [32m'0.00'[39m ]
data rcv RT:[ [32m'0.00'[39m, [32m'4.33'[39m, [32m'3.43'[39m, [32m'0.00'[39m ]
data rcv RT:[ [32m'0.00'[39m, [32m'4.32'[39m, [32m'3.43'[39m, [32m'0.00'[39m ]
data rcv RT:[ [32m'0.00'[39m, [32m'4.30'[39m, [32m'3.40'[39m, [32m'0.00'[39m ]
data rcv RT:[ [32m'0.00'[39m, [32m'4.30'[39m, [32m'3.44'[39m, [32m'0.00'[39m ]
data rcv RT:[ [32m'0.00'[39m, [32m'4.28'[39m, [32m'3.39'[39m, [32m'0.00'[39m ]
data rcv RT:[ [32m'0.00'[39m, [32m'4.24'[39m, [32m'3.40'[39m, [32m'0.00'[39m ]
data rcv RT:[ [32m'0.00'[39m, [32m'4.29'[39m, [32m'3.36'[39m, [32m'0.00'[39m ]
data rcv RT:[ [32m'0.00'[39m, [32m'4.29'[39m, [32m'3.38'[39m, [32m'0.00'[39m ]
data rcv RT:[ [32m'0.00'[39m, [32m'4.33'[39m, [32m'3.38'[39m, [32m'0.01'[39m ]
data rcv RT:[ [32m'0.00'[39m, [32m'4.38'[39m, [32m'3.39'[39m, [32m'0.04'[39m ]
data rcv RT:[ [32m'0.00'[39m, [32m'4.37'[39m, [32m'3.39'[39m, [32m'0.02'[39m ]
data rcv RT:[ [32m'0.00'[39m, [32m'4.38'[39m, [32m'3.39'[39m, [32m'0.02'[39m ]
data rcv RT:[ [32m'0.00'[39m, [32m'4.34'[39m, [32m'3.42'[39m, [32m'0.00'[39m ]
data rcv RT:[ [32m'0.00'[39m, [32m'4.33'[39m, [32m'3.42'[39m, [32m'0.00'[39m ]
data rcv RT:[ [32m'0.00'[39m, [32m'4.32'[39m, [32m'3.44'[39m, [32m'0.00'[39m ]
data rcv RT:[ [32m'0.00'[39m, [32m'4.30'[39m, [32m'3.41'[39m, [32m'0.00'[39m ]
data rcv RT:[ [32m'0.00'[39m, [32m'4.30'[39m, [32m'3.43'[39m, [32m'0.00'[39m ]
data rcv RT:[ [32m'0.00'[39m, [32m'4.25'[39m, [32m'3.41'[39m, [32m'0.00'[39m ]
data rcv RT:[ [32m'0.00'[39m, [32m'4.27'[39m, [32m'3.37'[39m, [32m'0.00'[39m ]
data rcv RT:[ [32m'0.00'[39m, [32m'4.30'[39m, [32m'3.39'[39m, [32m'0.01'[39m ]
data rcv RT:[ [32m'0.00'[39m, [32m'4.33'[39m, [32m'3.38'[39m, [32m'0.02'[39m ]
data rcv RT:[ [32m'0.00'[39m, [32m'4.31'[39m, [32m'3.37'[39m, [32m'0.00'[39m ]
data rcv RT:[ [32m'0.00'[39m, [32m'4.31'[39m, [32m'3.39'[39m, [32m'0.01'[39m ]
data rcv RT:[ [32m'0.00'[39m, [32m'4.36'[39m, [32m'3.37'[39m, [32m'0.05'[39m ]
data rcv RT:[ [32m'0.00'[39m, [32m'4.32'[39m, [32m'3.35'[39m, [32m'0.05'[39m ]
data rcv RT:[ [32m'0.00'[39m, [32m'4.38'[39m, [32m'3.41'[39m, [32m'0.00'[39m ]
data rcv RT:[ [32m'0.00'[39m, [32m'4.38'[39m, [32m'3.40'[39m, [32m'0.02'[39m ]
data rcv RT:[ [32m'0.00'[39m, [32m'4.33'[39m, [32m'3.42'[39m, [32m'0.00'[39m ]
data rcv RT:[ [32m'0.00'[39m, [32m'4.33'[39m, [32m'3.42'[39m, [32m'0.00'[39m ]
data rcv RT:[ [32m'0.00'[39m, [32m'4.29'[39m, [32m'3.44'[39m, [32m'0.00'[39m ]
data rcv RT:[ [32m'0.00'[39m, [32m'4.28'[39m, [32m'3.44'[39m, [32m'0.00'[39m ]
data rcv RT:[ [32m'0.00'[39m, [32m'4.31'[39m, [32m'3.44'[39m, [32m'0.00'[39m ]
data rcv RT:[ [32m'0.00'[39m, [32m'4.27'[39m, [32m'3.42'[39m, [32m'0.00'[39m ]
data rcv RT:[ [32m'0.00'[39m, [32m'4.28'[39m, [32m'3.38'[39m, [32m'0.00'[39m ]
data rcv RT:[ [32m'0.00'[39m, [32m'4.27'[39m, [32m'3.39'[39m, [32m'0.00'[39m ]
data rcv RT:[ [32m'0.00'[39m, [32m'4.34'[39m, [32m'3.37'[39m, [32m'0.02'[39m ]
data rcv RT:[ [32m'0.00'[39m, [32m'4.33'[39m, [32m'3.36'[39m, [32m'0.01'[39m ]
data rcv RT:[ [32m'0.00'[39m, [32m'4.38'[39m, [32m'3.36'[39m, [32m'0.04'[39m ]
data rcv RT:[ [32m'0.00'[39m, [32m'4.38'[39m, [32m'3.41'[39m, [32m'0.01'[39m ]
data rcv RT:[ [32m'0.00'[39m, [32m'4.36'[39m, [32m'3.42'[39m, [32m'0.00'[39m ]
data rcv RT:[ [32m'0.00'[39m, [32m'4.38'[39m, [32m'3.41'[39m, [32m'0.00'[39m ]
data rcv RT:[ [32m'0.00'[39m, [32m'4.34'[39m, [32m'3.43'[39m, [32m'0.00'[39m ]
data rcv RT:[ [32m'0.00'[39m, [32m'4.33'[39m, [32m'3.43'[39m, [32m'0.00'[39m ]
data rcv RT:[ [32m'0.00'[39m, [32m'4.33'[39m, [32m'3.42'[39m, [32m'0.00'[39m ]
data rcv RT:[ [32m'0.00'[39m, [32m'4.25'[39m, [32m'3.39'[39m, [32m'0.00'[39m ]
data rcv RT:[ [32m'0.00'[39m, [32m'4.25'[39m, [32m'3.40'[39m, [32m'0.00'[39m ]
data rcv RT:[ [32m'0.00'[39m, [32m'4.26'[39m, [32m'3.41'[39m, [32m'0.00'[39m ]
data rcv RT:[ [32m'0.00'[39m, [32m'4.27'[39m, [32m'3.43'[39m, [32m'0.00'[39m ]
data rcv RT:[ [32m'0.00'[39m, [32m'4.29'[39m, [32m'3.37'[39m, [32m'0.00'[39m ]
data rcv RT:[ [32m'0.00'[39m, [32m'4.31'[39m, [32m'3.38'[39m, [32m'0.00'[39m ]
data rcv RT:[ [32m'0.00'[39m, [32m'4.32'[39m, [32m'3.38'[39m, [32m'0.01'[39m ]
data rcv RT:[ [32m'0.00'[39m, [32m'4.33'[39m, [32m'3.40'[39m, [32m'0.00'[39m ]
data rcv RT:[ [32m'0.00'[39m, [32m'4.37'[39m, [32m'3.37'[39m, [32m'0.01'[39m ]
data rcv RT:[ [32m'0.00'[39m, [32m'4.38'[39m, [32m'3.38'[39m, [32m'0.03'[39m ]
data rcv RT:[ [32m'0.00'[39m, [32m'4.36'[39m, [32m'3.44'[39m, [32m'0.00'[39m ]
data rcv RT:[ [32m'0.00'[39m, [32m'4.36'[39m, [32m'3.44'[39m, [32m'0.00'[39m ]
data rcv RT:[ [32m'0.00'[39m, [32m'4.32'[39m, [32m'3.44'[39m, [32m'0.00'[39m ]
data rcv RT:[ [32m'0.00'[39m, [32m'4.33'[39m, [32m'3.42'[39m, [32m'0.00'[39m ]
data rcv RT:[ [32m'0.00'[39m, [32m'4.32'[39m, [32m'3.42'[39m, [32m'0.00'[39m ]
data rcv RT:[ [32m'0.00'[39m, [32m'4.32'[39m, [32m'3.43'[39m, [32m'0.00'[39m ]
data rcv RT:[ [32m'0.00'[39m, [32m'4.28'[39m, [32m'3.45'[39m, [32m'0.00'[39m ]
data rcv RT:[ [32m'0.00'[39m, [32m'4.30'[39m, [32m'3.42'[39m, [32m'0.00'[39m ]
data rcv RT:[ [32m'0.00'[39m, [32m'4.28'[39m, [32m'3.42'[39m, [32m'0.00'[39m ]
data rcv RT:[ [32m'0.00'[39m, [32m'4.27'[39m, [32m'3.37'[39m, [32m'0.00'[39m ]
data rcv RT:[ [32m'0.00'[39m, [32m'4.28'[39m, [32m'3.37'[39m, [32m'0.00'[39m ]
data rcv RT:[ [32m'0.00'[39m, [32m'4.28'[39m, [32m'3.39'[39m, [32m'0.00'[39m ]
data rcv RT:[ [32m'0.00'[39m, [32m'4.32'[39m, [32m'3.38'[39m, [32m'0.00'[39m ]
data rcv RT:[ [32m'0.00'[39m, [32m'4.31'[39m, [32m'3.37'[39m, [32m'0.02'[39m ]
data rcv RT:[ [32m'0.00'[39m, [32m'4.31'[39m, [32m'3.38'[39m, [32m'0.02'[39m ]
data rcv RT:[ [32m'0.00'[39m, [32m'4.34'[39m, [32m'3.38'[39m, [32m'0.04'[39m ]
data rcv RT:[ [32m'0.00'[39m, [32m'4.39'[39m, [32m'3.40'[39m, [32m'0.00'[39m ]
data rcv RT:[ [32m'0.00'[39m, [32m'4.36'[39m, [32m'3.41'[39m, [32m'0.00'[39m ]
data rcv RT:[ [32m'0.00'[39m, [32m'4.33'[39m, [32m'3.44'[39m, [32m'0.00'[39m ]
data rcv RT:[ [32m'0.00'[39m, [32m'4.31'[39m, [32m'3.44'[39m, [32m'0.00'[39m ]
data rcv RT:[ [32m'0.00'[39m, [32m'4.30'[39m, [32m'3.43'[39m, [32m'0.00'[39m ]
data rcv RT:[ [32m'0.00'[39m, [32m'4.27'[39m, [32m'3.40'[39m, [32m'0.00'[39m ]
data rcv RT:[ [32m'0.00'[39m, [32m'4.27'[39m, [32m'3.42'[39m, [32m'0.00'[39m ]
data rcv RT:[ [32m'0.00'[39m, [32m'4.28'[39m, [32m'3.38'[39m, [32m'0.00'[39m ]
data rcv RT:[ [32m'0.00'[39m, [32m'4.28'[39m, [32m'3.37'[39m, [32m'0.00'[39m ]
data rcv RT:[ [32m'0.00'[39m, [32m'4.33'[39m, [32m'3.39'[39m, [32m'0.02'[39m ]
data rcv RT:[ [32m'0.00'[39m, [32m'4.33'[39m, [32m'3.39'[39m, [32m'0.01'[39m ]
data rcv RT:[ [32m'0.00'[39m, [32m'4.35'[39m, [32m'3.37'[39m, [32m'0.05'[39m ]
data rcv RT:[ [32m'0.00'[39m, [32m'4.36'[39m, [32m'3.42'[39m, [32m'0.00'[39m ]
data rcv RT:[ [32m'0.00'[39m, [32m'4.37'[39m, [32m'3.40'[39m, [32m'0.00'[39m ]
data rcv RT:[ [32m'0.00'[39m, [32m'4.33'[39m, [32m'3.43'[39m, [32m'0.00'[39m ]
data rcv RT:[ [32m'0.00'[39m, [32m'4.31'[39m, [32m'3.41'[39m, [32m'0.00'[39m ]
data rcv RT:[ [32m'0.00'[39m, [32m'4.32'[39m, [32m'3.45'[39m, [32m'0.00'[39m ]
data rcv RT:[ [32m'0.00'[39m, [32m'4.26'[39m, [32m'3.40'[39m, [32m'0.00'[39m ]
data rcv RT:[ [32m'0.00'[39m, [32m'4.26'[39m, [32m'3.40'[39m, [32m'0.00'[39m ]
data rcv RT:[ [32m'0.00'[39m, [32m'4.27'[39m, [32m'3.38'[39m, [32m'0.00'[39m ]
data rcv RT:[ [32m'0.00'[39m, [32m'4.29'[39m, [32m'3.36'[39m, [32m'0.00'[39m ]
data rcv RT:[ [32m'0.00'[39m, [32m'4.28'[39m, [32m'3.36'[39m, [32m'0.00'[39m ]
data rcv RT:[ [32m'0.00'[39m, [32m'4.31'[39m, [32m'3.37'[39m, [32m'0.00'[39m ]
data rcv RT:[ [32m'0.00'[39m, [32m'4.31'[39m, [32m'3.37'[39m, [32m'0.02'[39m ]
data rcv RT:[ [32m'0.00'[39m, [32m'4.35'[39m, [32m'3.35'[39m, [32m'0.04'[39m ]
data rcv RT:[ [32m'0.00'[39m, [32m'4.36'[39m, [32m'3.36'[39m, [32m'0.04'[39m ]
data rcv RT:[ [32m'0.00'[39m, [32m'4.37'[39m, [32m'3.42'[39m, [32m'0.00'[39m ]
data rcv RT:[ [32m'0.00'[39m, [32m'4.37'[39m, [32m'3.42'[39m, [32m'0.00'[39m ]
data rcv RT:[ [32m'0.00'[39m, [32m'4.36'[39m, [32m'3.42'[39m, [32m'0.00'[39m ]
data rcv RT:[ [32m'0.00'[39m, [32m'4.36'[39m, [32m'3.40'[39m, [32m'0.00'[39m ]
data rcv RT:[ [32m'0.00'[39m, [32m'4.36'[39m, [32m'3.42'[39m, [32m'0.00'[39m ]
data rcv RT:[ [32m'0.00'[39m, [32m'4.32'[39m, [32m'3.41'[39m, [32m'0.00'[39m ]
data rcv RT:[ [32m'0.00'[39m, [32m'4.32'[39m, [32m'3.42'[39m, [32m'0.00'[39m ]
data rcv RT:[ [32m'0.00'[39m, [32m'4.27'[39m, [32m'3.41'[39m, [32m'0.00'[39m ]
data rcv RT:[ [32m'0.00'[39m, [32m'4.28'[39m, [32m'3.41'[39m, [32m'0.00'[39m ]
data rcv RT:[ [32m'0.00'[39m, [32m'4.26'[39m, [32m'3.41'[39m, [32m'0.00'[39m ]
data rcv RT:[ [32m'0.00'[39m, [32m'4.30'[39m, [32m'3.37'[39m, [32m'0.00'[39m ]
data rcv RT:[ [32m'0.00'[39m, [32m'4.31'[39m, [32m'3.38'[39m, [32m'0.01'[39m ]
data rcv RT:[ [32m'0.00'[39m, [32m'4.32'[39m, [32m'3.38'[39m, [32m'0.02'[39m ]
data rcv RT:[ [32m'0.00'[39m, [32m'4.33'[39m, [32m'3.37'[39m, [32m'0.00'[39m ]
data rcv RT:[ [32m'0.00'[39m, [32m'4.32'[39m, [32m'3.40'[39m, [32m'0.00'[39m ]
data rcv RT:[ [32m'0.00'[39m, [32m'4.34'[39m, [32m'3.36'[39m, [32m'0.04'[39m ]
data rcv RT:[ [32m'0.00'[39m, [32m'4.38'[39m, [32m'3.39'[39m, [32m'0.01'[39m ]
data rcv RT:[ [32m'0.00'[39m, [32m'4.35'[39m, [32m'3.43'[39m, [32m'0.00'[39m ]
data rcv RT:[ [32m'0.00'[39m, [32m'4.31'[39m, [32m'3.43'[39m, [32m'0.00'[39m ]
data rcv RT:[ [32m'0.00'[39m, [32m'4.33'[39m, [32m'3.43'[39m, [32m'0.00'[39m ]
data rcv RT:[ [32m'0.00'[39m, [32m'4.29'[39m, [32m'3.41'[39m, [32m'0.00'[39m ]
data rcv RT:[ [32m'0.00'[39m, [32m'4.29'[39m, [32m'3.43'[39m, [32m'0.00'[39m ]
data rcv RT:[ [32m'0.00'[39m, [32m'4.27'[39m, [32m'3.38'[39m, [32m'0.00'[39m ]
data rcv RT:[ [32m'0.00'[39m, [32m'4.24'[39m, [32m'3.39'[39m, [32m'0.00'[39m ]
data rcv RT:[ [32m'0.00'[39m, [32m'4.28'[39m, [32m'3.38'[39m, [32m'0.00'[39m ]
data rcv RT:[ [32m'0.00'[39m, [32m'4.31'[39m, [32m'3.38'[39m, [32m'0.00'[39m ]
data rcv RT:[ [32m'0.00'[39m, [32m'4.31'[39m, [32m'3.38'[39m, [32m'0.00'[39m ]
data rcv RT:[ [32m'0.00'[39m, [32m'4.33'[39m, [32m'3.44'[39m, [32m'0.00'[39m ]
data rcv RT:[ [32m'0.00'[39m, [32m'4.30'[39m, [32m'3.43'[39m, [32m'0.00'[39m ]
data rcv RT:[ [32m'0.00'[39m, [32m'4.26'[39m, [32m'3.41'[39m, [32m'0.00'[39m ]
data rcv RT:[ [32m'0.00'[39m, [32m'4.25'[39m, [32m'3.39'[39m, [32m'0.00'[39m ]
data rcv RT:[ [32m'0.00'[39m, [32m'4.28'[39m, [32m'3.37'[39m, [32m'0.00'[39m ]
data rcv RT:[ [32m'0.00'[39m, [32m'4.32'[39m, [32m'3.39'[39m, [32m'0.01'[39m ]
data rcv RT:[ [32m'0.00'[39m, [32m'4.36'[39m, [32m'3.34'[39m, [32m'0.07'[39m ]
data rcv RT:[ [32m'0.00'[39m, [32m'4.37'[39m, [32m'3.37'[39m, [32m'0.02'[39m ]
data rcv RT:[ [32m'0.00'[39m, [32m'4.36'[39m, [32m'3.37'[39m, [32m'0.03'[39m ]
data rcv RT:[ [32m'0.00'[39m, [32m'4.38'[39m, [32m'3.40'[39m, [32m'0.00'[39m ]
data rcv RT:[ [32m'0.00'[39m, [32m'4.34'[39m, [32m'3.41'[39m, [32m'0.00'[39m ]
data rcv RT:[ [32m'0.00'[39m, [32m'4.33'[39m, [32m'3.43'[39m, [32m'0.00'[39m ]
data rcv RT:[ [32m'0.00'[39m, [32m'4.32'[39m, [32m'3.41'[39m, [32m'0.00'[39m ]
data rcv RT:[ [32m'0.00'[39m, [32m'4.31'[39m, [32m'3.41'[39m, [32m'0.00'[39m ]
data rcv RT:[ [32m'0.00'[39m, [32m'4.29'[39m, [32m'3.42'[39m, [32m'0.00'[39m ]
data rcv RT:[ [32m'0.00'[39m, [32m'4.26'[39m, [32m'3.40'[39m, [32m'0.00'[39m ]
data rcv RT:[ [32m'0.00'[39m, [32m'4.26'[39m, [32m'3.39'[39m, [32m'0.00'[39m ]
data rcv RT:[ [32m'0.00'[39m, [32m'4.28'[39m, [32m'3.38'[39m, [32m'0.00'[39m ]
data rcv RT:[ [32m'0.00'[39m, [32m'4.27'[39m, [32m'3.38'[39m, [32m'0.00'[39m ]
data rcv RT:[ [32m'0.00'[39m, [32m'4.30'[39m, [32m'3.37'[39m, [32m'0.00'[39m ]
data rcv RT:[ [32m'0.00'[39m, [32m'4.30'[39m, [32m'3.39'[39m, [32m'0.00'[39m ]
data rcv RT:[ [32m'0.00'[39m, [32m'4.34'[39m, [32m'3.38'[39m, [32m'0.02'[39m ]
data rcv RT:[ [32m'0.00'[39m, [32m'4.35'[39m, [32m'3.39'[39m, [32m'0.02'[39m ]
data rcv RT:[ [32m'0.00'[39m, [32m'4.35'[39m, [32m'3.37'[39m, [32m'0.02'[39m ]
data rcv RT:[ [32m'0.00'[39m, [32m'4.36'[39m, [32m'3.41'[39m, [32m'0.01'[39m ]
data rcv RT:[ [32m'0.00'[39m, [32m'4.35'[39m, [32m'3.43'[39m, [32m'0.00'[39m ]
data rcv RT:[ [32m'0.00'[39m, [32m'4.35'[39m, [32m'3.45'[39m, [32m'0.00'[39m ]
data rcv RT:[ [32m'0.00'[39m, [32m'4.30'[39m, [32m'3.41'[39m, [32m'0.00'[39m ]
data rcv RT:[ [32m'0.00'[39m, [32m'4.30'[39m, [32m'3.43'[39m, [32m'0.00'[39m ]
data rcv RT:[ [32m'0.00'[39m, [32m'4.28'[39m, [32m'3.39'[39m, [32m'0.00'[39m ]
data rcv RT:[ [32m'0.00'[39m, [32m'4.28'[39m, [32m'3.44'[39m, [32m'0.00'[39m ]
data rcv RT:[ [32m'0.00'[39m, [32m'4.27'[39m, [32m'3.40'[39m, [32m'0.00'[39m ]
data rcv RT:[ [32m'0.00'[39m, [32m'4.28'[39m, [32m'3.40'[39m, [32m'0.00'[39m ]
data rcv RT:[ [32m'0.00'[39m, [32m'4.29'[39m, [32m'3.39'[39m, [32m'0.00'[39m ]
data rcv RT:[ [32m'0.00'[39m, [32m'4.32'[39m, [32m'3.39'[39m, [32m'0.00'[39m ]
data rcv RT:[ [32m'0.00'[39m, [32m'4.34'[39m, [32m'3.37'[39m, [32m'0.00'[39m ]
data rcv RT:[ [32m'0.00'[39m, [32m'4.37'[39m, [32m'3.38'[39m, [32m'0.02'[39m ]
data rcv RT:[ [32m'0.00'[39m, [32m'4.37'[39m, [32m'3.38'[39m, [32m'0.00'[39m ]
data rcv RT:[ [32m'0.00'[39m, [32m'4.32'[39m, [32m'3.44'[39m, [32m'0.00'[39m ]
data rcv RT:[ [32m'0.00'[39m, [32m'4.32'[39m, [32m'3.43'[39m, [32m'0.00'[39m ]
data rcv RT:[ [32m'0.00'[39m, [32m'4.33'[39m, [32m'3.41'[39m, [32m'0.00'[39m ]
data rcv RT:[ [32m'0.00'[39m, [32m'4.30'[39m, [32m'3.41'[39m, [32m'0.00'[39m ]
data rcv RT:[ [32m'0.00'[39m, [32m'4.30'[39m, [32m'3.40'[39m, [32m'0.00'[39m ]
data rcv RT:[ [32m'0.00'[39m, [32m'4.27'[39m, [32m'3.40'[39m, [32m'0.00'[39m ]
data rcv RT:[ [32m'0.00'[39m, [32m'4.28'[39m, [32m'3.36'[39m, [32m'0.00'[39m ]
data rcv RT:[ [32m'0.00'[39m, [32m'4.31'[39m, [32m'3.39'[39m, [32m'0.00'[39m ]
data rcv RT:[ [32m'0.00'[39m, [32m'4.33'[39m, [32m'3.39'[39m, [32m'0.02'[39m ]
data rcv RT:[ [32m'0.00'[39m, [32m'4.34'[39m, [32m'3.36'[39m, [32m'0.01'[39m ]
data rcv RT:[ [32m'0.00'[39m, [32m'4.37'[39m, [32m'3.40'[39m, [32m'0.00'[39m ]
data rcv RT:[ [32m'0.00'[39m, [32m'4.32'[39m, [32m'3.44'[39m, [32m'0.00'[39m ]
data rcv RT:[ [32m'0.00'[39m, [32m'4.30'[39m, [32m'3.44'[39m, [32m'0.00'[39m ]
data rcv RT:[ [32m'0.00'[39m, [32m'4.30'[39m, [32m'3.41'[39m, [32m'0.00'[39m ]
data rcv RT:[ [32m'0.00'[39m, [32m'4.28'[39m, [32m'3.43'[39m, [32m'0.00'[39m ]
data rcv RT:[ [32m'0.00'[39m, [32m'4.27'[39m, [32m'3.39'[39m, [32m'0.00'[39m ]
data rcv RT:[ [32m'0.00'[39m, [32m'4.27'[39m, [32m'3.37'[39m, [32m'0.00'[39m ]
data rcv RT:[ [32m'0.00'[39m, [32m'4.29'[39m, [32m'3.38'[39m, [32m'0.01'[39m ]
data rcv RT:[ [32m'0.00'[39m, [32m'4.31'[39m, [32m'3.40'[39m, [32m'0.00'[39m ]
data rcv RT:[ [32m'0.00'[39m, [32m'4.33'[39m, [32m'3.37'[39m, [32m'0.01'[39m ]
data rcv RT:[ [32m'0.00'[39m, [32m'4.34'[39m, [32m'3.36'[39m, [32m'0.05'[39m ]
data rcv RT:[ [32m'0.00'[39m, [32m'4.33'[39m, [32m'3.36'[39m, [32m'0.03'[39m ]
data rcv RT:[ [32m'0.00'[39m, [32m'4.35'[39m, [32m'3.38'[39m, [32m'0.04'[39m ]
data rcv RT:[ [32m'0.00'[39m, [32m'4.34'[39m, [32m'3.42'[39m, [32m'0.00'[39m ]
data rcv RT:[ [32m'0.00'[39m, [32m'4.33'[39m, [32m'3.41'[39m, [32m'0.00'[39m ]
data rcv RT:[ [32m'0.00'[39m, [32m'4.31'[39m, [32m'3.42'[39m, [32m'0.00'[39m ]
data rcv RT:[ [32m'0.00'[39m, [32m'4.29'[39m, [32m'3.42'[39m, [32m'0.00'[39m ]
data rcv RT:[ [32m'0.00'[39m, [32m'4.29'[39m, [32m'3.46'[39m, [32m'0.00'[39m ]
data rcv RT:[ [32m'0.00'[39m, [32m'4.27'[39m, [32m'3.44'[39m, [32m'0.00'[39m ]
data rcv RT:[ [32m'0.00'[39m, [32m'4.27'[39m, [32m'3.42'[39m, [32m'0.00'[39m ]
data rcv RT:[ [32m'0.00'[39m, [32m'4.27'[39m, [32m'3.40'[39m, [32m'0.00'[39m ]
data rcv RT:[ [32m'0.00'[39m, [32m'4.31'[39m, [32m'3.39'[39m, [32m'0.01'[39m ]
data rcv RT:[ [32m'0.00'[39m, [32m'4.31'[39m, [32m'3.38'[39m, [32m'0.01'[39m ]
data rcv RT:[ [32m'0.00'[39m, [32m'4.31'[39m, [32m'3.39'[39m, [32m'0.01'[39m ]
data rcv RT:[ [32m'0.00'[39m, [32m'4.36'[39m, [32m'3.38'[39m, [32m'0.02'[39m ]
data rcv RT:[ [32m'0.00'[39m, [32m'4.37'[39m, [32m'3.38'[39m, [32m'0.03'[39m ]
data rcv RT:[ [32m'0.00'[39m, [32m'4.36'[39m, [32m'3.38'[39m, [32m'0.00'[39m ]
data rcv RT:[ [32m'0.00'[39m, [32m'4.36'[39m, [32m'3.41'[39m, [32m'0.00'[39m ]
data rcv RT:[ [32m'0.00'[39m, [32m'4.34'[39m, [32m'3.41'[39m, [32m'0.00'[39m ]
data rcv RT:[ [32m'0.00'[39m, [32m'4.31'[39m, [32m'3.42'[39m, [32m'0.00'[39m ]
data rcv RT:[ [32m'0.00'[39m, [32m'4.30'[39m, [32m'3.41'[39m, [32m'0.00'[39m ]
data rcv RT:[ [32m'0.00'[39m, [32m'4.30'[39m, [32m'3.43'[39m, [32m'0.00'[39m ]
data rcv RT:[ [32m'0.00'[39m, [32m'4.26'[39m, [32m'3.42'[39m, [32m'0.00'[39m ]
data rcv RT:[ [32m'0.00'[39m, [32m'4.28'[39m, [32m'3.41'[39m, [32m'0.00'[39m ]
data rcv RT:[ [32m'0.00'[39m, [32m'4.28'[39m, [32m'3.38'[39m, [32m'0.00'[39m ]
data rcv RT:[ [32m'0.00'[39m, [32m'4.31'[39m, [32m'3.37'[39m, [32m'0.00'[39m ]
data rcv RT:[ [32m'0.00'[39m, [32m'4.31'[39m, [32m'3.37'[39m, [32m'0.04'[39m ]
data rcv RT:[ [32m'0.00'[39m, [32m'4.33'[39m, [32m'3.36'[39m, [32m'0.02'[39m ]
data rcv RT:[ [32m'0.00'[39m, [32m'4.37'[39m, [32m'3.41'[39m, [32m'0.01'[39m ]
data rcv RT:[ [32m'0.00'[39m, [32m'4.33'[39m, [32m'3.43'[39m, [32m'0.00'[39m ]
data rcv RT:[ [32m'0.00'[39m, [32m'4.35'[39m, [32m'3.42'[39m, [32m'0.00'[39m ]
data rcv RT:[ [32m'0.00'[39m, [32m'4.33'[39m, [32m'3.44'[39m, [32m'0.00'[39m ]
data rcv RT:[ [32m'0.00'[39m, [32m'4.32'[39m, [32m'3.42'[39m, [32m'0.00'[39m ]
data rcv RT:[ [32m'0.00'[39m, [32m'4.30'[39m, [32m'3.42'[39m, [32m'0.00'[39m ]
data rcv RT:[ [32m'0.00'[39m, [32m'4.31'[39m, [32m'3.44'[39m, [32m'0.00'[39m ]
data rcv RT:[ [32m'0.00'[39m, [32m'4.28'[39m, [32m'3.42'[39m, [32m'0.00'[39m ]
data rcv RT:[ [32m'0.00'[39m, [32m'4.27'[39m, [32m'3.41'[39m, [32m'0.00'[39m ]
data rcv RT:[ [32m'0.00'[39m, [32m'4.29'[39m, [32m'3.37'[39m, [32m'0.00'[39m ]
data rcv RT:[ [32m'0.00'[39m, [32m'4.29'[39m, [32m'3.37'[39m, [32m'0.00'[39m ]
data rcv RT:[ [32m'0.00'[39m, [32m'4.31'[39m, [32m'3.36'[39m, [32m'0.01'[39m ]
data rcv RT:[ [32m'0.00'[39m, [32m'4.33'[39m, [32m'3.37'[39m, [32m'0.02'[39m ]
data rcv RT:[ [32m'0.00'[39m, [32m'4.34'[39m, [32m'3.39'[39m, [32m'0.02'[39m ]
data rcv RT:[ [32m'0.00'[39m, [32m'4.35'[39m, [32m'3.42'[39m, [32m'0.00'[39m ]
data rcv RT:[ [32m'0.00'[39m, [32m'4.37'[39m, [32m'3.40'[39m, [32m'0.03'[39m ]
data rcv RT:[ [32m'0.00'[39m, [32m'4.35'[39m, [32m'3.42'[39m, [32m'0.00'[39m ]
data rcv RT:[ [32m'0.00'[39m, [32m'4.36'[39m, [32m'3.43'[39m, [32m'0.00'[39m ]
data rcv RT:[ [32m'0.00'[39m, [32m'4.32'[39m, [32m'3.43'[39m, [32m'0.00'[39m ]
data rcv RT:[ [32m'0.00'[39m, [32m'4.30'[39m, [32m'3.43'[39m, [32m'0.00'[39m ]
data rcv RT:[ [32m'0.00'[39m, [32m'4.29'[39m, [32m'3.41'[39m, [32m'0.00'[39m ]
data rcv RT:[ [32m'0.00'[39m, [32m'4.29'[39m, [32m'3.44'[39m, [32m'0.00'[39m ]
data rcv RT:[ [32m'0.00'[39m, [32m'4.27'[39m, [32m'3.42'[39m, [32m'0.00'[39m ]
data rcv RT:[ [32m'0.00'[39m, [32m'4.28'[39m, [32m'3.37'[39m, [32m'0.00'[39m ]
data rcv RT:[ [32m'0.00'[39m, [32m'4.28'[39m, [32m'3.39'[39m, [32m'0.00'[39m ]
data rcv RT:[ [32m'0.00'[39m, [32m'4.26'[39m, [32m'3.36'[39m, [32m'0.00'[39m ]
data rcv RT:[ [32m'0.00'[39m, [32m'4.29'[39m, [32m'3.38'[39m, [32m'0.01'[39m ]
data rcv RT:[ [32m'0.00'[39m, [32m'4.35'[39m, [32m'3.38'[39m, [32m'0.02'[39m ]
data rcv RT:[ [32m'0.00'[39m, [32m'4.35'[39m, [32m'3.34'[39m, [32m'0.03'[39m ]
data rcv RT:[ [32m'0.00'[39m, [32m'4.38'[39m, [32m'3.39'[39m, [32m'0.04'[39m ]
data rcv RT:[ [32m'0.00'[39m, [32m'4.37'[39m, [32m'3.44'[39m, [32m'0.00'[39m ]
data rcv RT:[ [32m'0.00'[39m, [32m'4.35'[39m, [32m'3.40'[39m, [32m'0.00'[39m ]
data rcv RT:[ [32m'0.00'[39m, [32m'4.33'[39m, [32m'3.42'[39m, [32m'0.00'[39m ]
data rcv RT:[ [32m'0.00'[39m, [32m'4.30'[39m, [32m'3.42'[39m, [32m'0.00'[39m ]
data rcv RT:[ [32m'0.00'[39m, [32m'4.26'[39m, [32m'3.42'[39m, [32m'0.00'[39m ]
data rcv RT:[ [32m'0.00'[39m, [32m'4.26'[39m, [32m'3.41'[39m, [32m'0.00'[39m ]
data rcv RT:[ [32m'0.00'[39m, [32m'4.28'[39m, [32m'3.38'[39m, [32m'0.00'[39m ]
data rcv RT:[ [32m'0.00'[39m, [32m'4.28'[39m, [32m'3.39'[39m, [32m'0.00'[39m ]
data rcv RT:[ [32m'0.00'[39m, [32m'4.35'[39m, [32m'3.35'[39m, [32m'0.06'[39m ]
data rcv RT:[ [32m'0.00'[39m, [32m'4.33'[39m, [32m'3.36'[39m, [32m'0.03'[39m ]
data rcv RT:[ [32m'0.00'[39m, [32m'4.33'[39m, [32m'3.38'[39m, [32m'0.03'[39m ]
data rcv RT:[ [32m'0.00'[39m, [32m'4.36'[39m, [32m'3.42'[39m, [32m'0.00'[39m ]
data rcv RT:[ [32m'0.00'[39m, [32m'4.37'[39m, [32m'3.41'[39m, [32m'0.00'[39m ]
data rcv RT:[ [32m'0.00'[39m, [32m'4.33'[39m, [32m'3.42'[39m, [32m'0.00'[39m ]
data rcv RT:[ [32m'0.00'[39m, [32m'4.32'[39m, [32m'3.41'[39m, [32m'0.00'[39m ]
data rcv RT:[ [32m'0.00'[39m, [32m'4.31'[39m, [32m'3.43'[39m, [32m'0.00'[39m ]
data rcv RT:[ [32m'0.00'[39m, [32m'4.26'[39m, [32m'3.42'[39m, [32m'0.00'[39m ]
data rcv RT:[ [32m'0.00'[39m, [32m'4.26'[39m, [32m'3.41'[39m, [32m'0.00'[39m ]
data rcv RT:[ [32m'0.00'[39m, [32m'4.27'[39m, [32m'3.39'[39m, [32m'0.00'[39m ]
data rcv RT:[ [32m'0.00'[39m, [32m'4.27'[39m, [32m'3.38'[39m, [32m'0.00'[39m ]
data rcv RT:[ [32m'0.00'[39m, [32m'4.27'[39m, [32m'3.38'[39m, [32m'0.00'[39m ]
data rcv RT:[ [32m'0.00'[39m, [32m'4.30'[39m, [32m'3.36'[39m, [32m'0.00'[39m ]
data rcv RT:[ [32m'0.00'[39m, [32m'4.33'[39m, [32m'3.37'[39m, [32m'0.03'[39m ]
data rcv RT:[ [32m'0.00'[39m, [32m'4.35'[39m, [32m'3.35'[39m, [32m'0.04'[39m ]
data rcv RT:[ [32m'0.00'[39m, [32m'4.36'[39m, [32m'3.41'[39m, [32m'0.00'[39m ]
data rcv RT:[ [32m'0.00'[39m, [32m'4.38'[39m, [32m'3.38'[39m, [32m'0.02'[39m ]
data rcv RT:[ [32m'0.00'[39m, [32m'4.35'[39m, [32m'3.44'[39m, [32m'0.00'[39m ]
data rcv RT:[ [32m'0.00'[39m, [32m'4.34'[39m, [32m'3.42'[39m, [32m'0.00'[39m ]
data rcv RT:[ [32m'0.00'[39m, [32m'4.30'[39m, [32m'3.42'[39m, [32m'0.00'[39m ]
data rcv RT:[ [32m'0.00'[39m, [32m'4.32'[39m, [32m'3.43'[39m, [32m'0.00'[39m ]
data rcv RT:[ [32m'0.00'[39m, [32m'4.32'[39m, [32m'3.44'[39m, [32m'0.00'[39m ]
data rcv RT:[ [32m'0.00'[39m, [32m'4.29'[39m, [32m'3.44'[39m, [32m'0.00'[39m ]
data rcv RT:[ [32m'0.00'[39m, [32m'4.27'[39m, [32m'3.40'[39m, [32m'0.00'[39m ]
data rcv RT:[ [32m'0.00'[39m, [32m'4.25'[39m, [32m'3.43'[39m, [32m'0.00'[39m ]
data rcv RT:[ [32m'0.00'[39m, [32m'4.28'[39m, [32m'3.38'[39m, [32m'0.00'[39m ]
data rcv RT:[ [32m'0.00'[39m, [32m'4.30'[39m, [32m'3.38'[39m, [32m'0.00'[39m ]
data rcv RT:[ [32m'0.00'[39m, [32m'4.30'[39m, [32m'3.38'[39m, [32m'0.00'[39m ]
data rcv RT:[ [32m'0.00'[39m, [32m'4.32'[39m, [32m'3.40'[39m, [32m'0.00'[39m ]
data rcv RT:[ [32m'0.00'[39m, [32m'4.35'[39m, [32m'3.38'[39m, [32m'0.02'[39m ]
data rcv RT:[ [32m'0.00'[39m, [32m'4.37'[39m, [32m'3.41'[39m, [32m'0.00'[39m ]
data rcv RT:[ [32m'0.00'[39m, [32m'4.38'[39m, [32m'3.41'[39m, [32m'0.00'[39m ]
data rcv RT:[ [32m'0.00'[39m, [32m'4.37'[39m, [32m'3.42'[39m, [32m'0.00'[39m ]
data rcv RT:[ [32m'0.00'[39m, [32m'4.35'[39m, [32m'3.43'[39m, [32m'0.00'[39m ]
data rcv RT:[ [32m'0.00'[39m, [32m'4.31'[39m, [32m'3.43'[39m, [32m'0.00'[39m ]
data rcv RT:[ [32m'0.00'[39m, [32m'4.28'[39m, [32m'3.44'[39m, [32m'0.00'[39m ]
data rcv RT:[ [32m'0.00'[39m, [32m'4.30'[39m, [32m'3.47'[39m, [32m'0.00'[39m ]
data rcv RT:[ [32m'0.00'[39m, [32m'4.29'[39m, [32m'3.40'[39m, [32m'0.00'[39m ]
data rcv RT:[ [32m'0.00'[39m, [32m'4.26'[39m, [32m'3.39'[39m, [32m'0.00'[39m ]
data rcv RT:[ [32m'0.00'[39m, [32m'4.28'[39m, [32m'3.39'[39m, [32m'0.00'[39m ]
data rcv RT:[ [32m'0.00'[39m, [32m'4.29'[39m, [32m'3.38'[39m, [32m'0.00'[39m ]
data rcv RT:[ [32m'0.00'[39m, [32m'4.29'[39m, [32m'3.39'[39m, [32m'0.00'[39m ]
data rcv RT:[ [32m'0.00'[39m, [32m'4.33'[39m, [32m'3.38'[39m, [32m'0.02'[39m ]
data rcv RT:[ [32m'0.00'[39m, [32m'4.37'[39m, [32m'3.39'[39m, [32m'0.02'[39m ]
data rcv RT:[ [32m'0.00'[39m, [32m'4.38'[39m, [32m'3.39'[39m, [32m'0.02'[39m ]
data rcv RT:[ [32m'0.00'[39m, [32m'4.35'[39m, [32m'3.42'[39m, [32m'0.00'[39m ]
data rcv RT:[ [32m'0.00'[39m, [32m'4.35'[39m, [32m'3.40'[39m, [32m'0.00'[39m ]
data rcv RT:[ [32m'0.00'[39m, [32m'4.33'[39m, [32m'3.42'[39m, [32m'0.00'[39m ]
data rcv RT:[ [32m'0.00'[39m, [32m'4.30'[39m, [32m'3.43'[39m, [32m'0.00'[39m ]
data rcv RT:[ [32m'0.00'[39m, [32m'4.26'[39m, [32m'3.39'[39m, [32m'0.00'[39m ]
data rcv RT:[ [32m'0.00'[39m, [32m'4.26'[39m, [32m'3.41'[39m, [32m'0.00'[39m ]
data rcv RT:[ [32m'0.00'[39m, [32m'4.29'[39m, [32m'3.40'[39m, [32m'0.00'[39m ]
data rcv RT:[ [32m'0.00'[39m, [32m'4.32'[39m, [32m'3.37'[39m, [32m'0.02'[39m ]
data rcv RT:[ [32m'0.00'[39m, [32m'4.31'[39m, [32m'3.38'[39m, [32m'0.01'[39m ]
data rcv RT:[ [32m'0.00'[39m, [32m'4.35'[39m, [32m'3.38'[39m, [32m'0.01'[39m ]
data rcv RT:[ [32m'0.00'[39m, [32m'4.34'[39m, [32m'3.38'[39m, [32m'0.03'[39m ]
data rcv RT:[ [32m'0.00'[39m, [32m'4.33'[39m, [32m'3.34'[39m, [32m'0.04'[39m ]
data rcv RT:[ [32m'0.00'[39m, [32m'4.37'[39m, [32m'3.40'[39m, [32m'0.02'[39m ]
data rcv RT:[ [32m'0.00'[39m, [32m'4.36'[39m, [32m'3.38'[39m, [32m'0.02'[39m ]
data rcv RT:[ [32m'0.00'[39m, [32m'4.36'[39m, [32m'3.42'[39m, [32m'0.00'[39m ]
data rcv RT:[ [32m'0.00'[39m, [32m'4.35'[39m, [32m'3.41'[39m, [32m'0.00'[39m ]
data rcv RT:[ [32m'0.00'[39m, [32m'4.33'[39m, [32m'3.41'[39m, [32m'0.00'[39m ]
data rcv RT:[ [32m'0.00'[39m, [32m'4.31'[39m, [32m'3.42'[39m, [32m'0.00'[39m ]
data rcv RT:[ [32m'0.00'[39m, [32m'4.30'[39m, [32m'3.43'[39m, [32m'0.00'[39m ]
data rcv RT:[ [32m'0.00'[39m, [32m'4.32'[39m, [32m'3.44'[39m, [32m'0.00'[39m ]
data rcv RT:[ [32m'0.00'[39m, [32m'4.27'[39m, [32m'3.39'[39m, [32m'0.00'[39m ]
data rcv RT:[ [32m'0.00'[39m, [32m'4.28'[39m, [32m'3.38'[39m, [32m'0.00'[39m ]
data rcv RT:[ [32m'0.00'[39m, [32m'4.28'[39m, [32m'3.38'[39m, [32m'0.00'[39m ]
data rcv RT:[ [32m'0.00'[39m, [32m'4.31'[39m, [32m'3.39'[39m, [32m'0.00'[39m ]
data rcv RT:[ [32m'0.00'[39m, [32m'4.33'[39m, [32m'3.39'[39m, [32m'0.01'[39m ]
data rcv RT:[ [32m'0.00'[39m, [32m'4.38'[39m, [32m'3.40'[39m, [32m'0.01'[39m ]
data rcv RT:[ [32m'0.00'[39m, [32m'4.35'[39m, [32m'3.40'[39m, [32m'0.03'[39m ]
data rcv RT:[ [32m'0.00'[39m, [32m'4.36'[39m, [32m'3.44'[39m, [32m'0.00'[39m ]
data rcv RT:[ [32m'0.00'[39m, [32m'4.36'[39m, [32m'3.43'[39m, [32m'0.00'[39m ]
data rcv RT:[ [32m'0.00'[39m, [32m'4.36'[39m, [32m'3.43'[39m, [32m'0.00'[39m ]
data rcv RT:[ [32m'0.00'[39m, [32m'4.34'[39m, [32m'3.40'[39m, [32m'0.00'[39m ]
data rcv RT:[ [32m'0.00'[39m, [32m'4.29'[39m, [32m'3.46'[39m, [32m'0.00'[39m ]
data rcv RT:[ [32m'0.00'[39m, [32m'4.30'[39m, [32m'3.44'[39m, [32m'0.00'[39m ]
data rcv RT:[ [32m'0.00'[39m, [32m'4.27'[39m, [32m'3.40'[39m, [32m'0.00'[39m ]
data rcv RT:[ [32m'0.00'[39m, [32m'4.25'[39m, [32m'3.40'[39m, [32m'0.00'[39m ]
data rcv RT:[ [32m'0.00'[39m, [32m'4.28'[39m, [32m'3.38'[39m, [32m'0.00'[39m ]
data rcv RT:[ [32m'0.00'[39m, [32m'4.33'[39m, [32m'3.37'[39m, [32m'0.00'[39m ]
data rcv RT:[ [32m'0.00'[39m, [32m'4.34'[39m, [32m'3.37'[39m, [32m'0.03'[39m ]
data rcv RT:[ [32m'0.00'[39m, [32m'4.33'[39m, [32m'3.37'[39m, [32m'0.03'[39m ]
data rcv RT:[ [32m'0.00'[39m, [32m'4.39'[39m, [32m'3.39'[39m, [32m'0.01'[39m ]
data rcv RT:[ [32m'0.00'[39m, [32m'4.36'[39m, [32m'3.40'[39m, [32m'0.00'[39m ]
data rcv RT:[ [32m'0.00'[39m, [32m'4.35'[39m, [32m'3.42'[39m, [32m'0.00'[39m ]
data rcv RT:[ [32m'0.00'[39m, [32m'4.34'[39m, [32m'3.43'[39m, [32m'0.00'[39m ]
data rcv RT:[ [32m'0.00'[39m, [32m'4.29'[39m, [32m'3.42'[39m, [32m'0.00'[39m ]
data rcv RT:[ [32m'0.00'[39m, [32m'4.30'[39m, [32m'3.43'[39m, [32m'0.00'[39m ]
data rcv RT:[ [32m'0.00'[39m, [32m'4.30'[39m, [32m'3.43'[39m, [32m'0.00'[39m ]
data rcv RT:[ [32m'0.00'[39m, [32m'4.31'[39m, [32m'3.43'[39m, [32m'0.00'[39m ]
data rcv RT:[ [32m'0.00'[39m, [32m'4.28'[39m, [32m'3.45'[39m, [32m'0.00'[39m ]
data rcv RT:[ [32m'0.00'[39m, [32m'4.28'[39m, [32m'3.39'[39m, [32m'0.00'[39m ]
data rcv RT:[ [32m'0.00'[39m, [32m'4.29'[39m, [32m'3.38'[39m, [32m'0.00'[39m ]
data rcv RT:[ [32m'0.00'[39m, [32m'4.30'[39m, [32m'3.39'[39m, [32m'0.01'[39m ]
data rcv RT:[ [32m'0.00'[39m, [32m'4.32'[39m, [32m'3.38'[39m, [32m'0.03'[39m ]
data rcv RT:[ [32m'0.00'[39m, [32m'4.34'[39m, [32m'3.38'[39m, [32m'0.05'[39m ]
data rcv RT:[ [32m'0.00'[39m, [32m'4.37'[39m, [32m'3.38'[39m, [32m'0.01'[39m ]
data rcv RT:[ [32m'0.00'[39m, [32m'4.35'[39m, [32m'3.42'[39m, [32m'0.00'[39m ]
data rcv RT:[ [32m'0.00'[39m, [32m'4.31'[39m, [32m'3.43'[39m, [32m'0.00'[39m ]
data rcv RT:[ [32m'0.00'[39m, [32m'4.30'[39m, [32m'3.41'[39m, [32m'0.00'[39m ]
data rcv RT:[ [32m'0.00'[39m, [32m'4.30'[39m, [32m'3.42'[39m, [32m'0.00'[39m ]
data rcv RT:[ [32m'0.00'[39m, [32m'4.27'[39m, [32m'3.39'[39m, [32m'0.00'[39m ]
data rcv RT:[ [32m'0.00'[39m, [32m'4.27'[39m, [32m'3.39'[39m, [32m'0.00'[39m ]
data rcv RT:[ [32m'0.00'[39m, [32m'4.29'[39m, [32m'3.38'[39m, [32m'0.00'[39m ]
data rcv RT:[ [32m'0.00'[39m, [32m'4.32'[39m, [32m'3.39'[39m, [32m'0.00'[39m ]
data rcv RT:[ [32m'0.00'[39m, [32m'4.34'[39m, [32m'3.34'[39m, [32m'0.04'[39m ]
data rcv RT:[ [32m'0.00'[39m, [32m'4.39'[39m, [32m'3.39'[39m, [32m'0.04'[39m ]
data rcv RT:[ [32m'0.00'[39m, [32m'4.39'[39m, [32m'3.42'[39m, [32m'0.00'[39m ]
data rcv RT:[ [32m'0.00'[39m, [32m'4.37'[39m, [32m'3.41'[39m, [32m'0.00'[39m ]
data rcv RT:[ [32m'0.00'[39m, [32m'4.33'[39m, [32m'3.41'[39m, [32m'0.00'[39m ]
data rcv RT:[ [32m'0.00'[39m, [32m'4.34'[39m, [32m'3.42'[39m, [32m'0.00'[39m ]
data rcv RT:[ [32m'0.00'[39m, [32m'4.35'[39m, [32m'3.41'[39m, [32m'0.00'[39m ]
data rcv RT:[ [32m'0.00'[39m, [32m'4.33'[39m, [32m'3.41'[39m, [32m'0.00'[39m ]
data rcv RT:[ [32m'0.00'[39m, [32m'4.28'[39m, [32m'3.41'[39m, [32m'0.00'[39m ]
data rcv RT:[ [32m'0.00'[39m, [32m'4.27'[39m, [32m'3.40'[39m, [32m'0.00'[39m ]
data rcv RT:[ [32m'0.00'[39m, [32m'4.29'[39m, [32m'3.38'[39m, [32m'0.00'[39m ]
data rcv RT:[ [32m'0.00'[39m, [32m'4.28'[39m, [32m'3.39'[39m, [32m'0.00'[39m ]
data rcv RT:[ [32m'0.00'[39m, [32m'4.28'[39m, [32m'3.36'[39m, [32m'0.00'[39m ]
data rcv RT:[ [32m'0.00'[39m, [32m'4.32'[39m, [32m'3.37'[39m, [32m'0.01'[39m ]
data rcv RT:[ [32m'0.00'[39m, [32m'4.33'[39m, [32m'3.37'[39m, [32m'0.02'[39m ]
data rcv RT:[ [32m'0.00'[39m, [32m'4.32'[39m, [32m'3.39'[39m, [32m'0.00'[39m ]
data rcv RT:[ [32m'0.00'[39m, [32m'4.34'[39m, [32m'3.39'[39m, [32m'0.04'[39m ]
data rcv RT:[ [32m'0.00'[39m, [32m'4.35'[39m, [32m'3.39'[39m, [32m'0.04'[39m ]
data rcv RT:[ [32m'0.00'[39m, [32m'4.35'[39m, [32m'3.39'[39m, [32m'0.00'[39m ]
data rcv RT:[ [32m'0.00'[39m, [32m'4.36'[39m, [32m'3.43'[39m, [32m'0.00'[39m ]
data rcv RT:[ [32m'0.00'[39m, [32m'4.32'[39m, [32m'3.43'[39m, [32m'0.00'[39m ]
data rcv RT:[ [32m'0.00'[39m, [32m'4.31'[39m, [32m'3.43'[39m, [32m'0.00'[39m ]
data rcv RT:[ [32m'0.00'[39m, [32m'4.27'[39m, [32m'3.40'[39m, [32m'0.00'[39m ]
data rcv RT:[ [32m'0.00'[39m, [32m'4.29'[39m, [32m'3.42'[39m, [32m'0.00'[39m ]
data rcv RT:[ [32m'0.00'[39m, [32m'4.25'[39m, [32m'3.38'[39m, [32m'0.00'[39m ]
data rcv RT:[ [32m'0.00'[39m, [32m'4.28'[39m, [32m'3.39'[39m, [32m'0.00'[39m ]
data rcv RT:[ [32m'0.00'[39m, [32m'4.28'[39m, [32m'3.38'[39m, [32m'0.00'[39m ]
data rcv RT:[ [32m'0.00'[39m, [32m'4.31'[39m, [32m'3.39'[39m, [32m'0.01'[39m ]
data rcv RT:[ [32m'0.00'[39m, [32m'4.34'[39m, [32m'3.39'[39m, [32m'0.01'[39m ]
data rcv RT:[ [32m'0.00'[39m, [32m'4.35'[39m, [32m'3.35'[39m, [32m'0.04'[39m ]
data rcv RT:[ [32m'0.00'[39m, [32m'4.35'[39m, [32m'3.38'[39m, [32m'0.03'[39m ]
data rcv RT:[ [32m'0.00'[39m, [32m'4.38'[39m, [32m'3.40'[39m, [32m'0.00'[39m ]
data rcv RT:[ [32m'0.00'[39m, [32m'4.35'[39m, [32m'3.42'[39m, [32m'0.00'[39m ]
data rcv RT:[ [32m'0.00'[39m, [32m'4.36'[39m, [32m'3.42'[39m, [32m'0.00'[39m ]
data rcv RT:[ [32m'0.00'[39m, [32m'4.32'[39m, [32m'3.44'[39m, [32m'0.00'[39m ]
data rcv RT:[ [32m'0.00'[39m, [32m'4.32'[39m, [32m'3.42'[39m, [32m'0.00'[39m ]
data rcv RT:[ [32m'0.00'[39m, [32m'4.30'[39m, [32m'3.42'[39m, [32m'0.00'[39m ]
data rcv RT:[ [32m'0.00'[39m, [32m'4.26'[39m, [32m'3.39'[39m, [32m'0.00'[39m ]
data rcv RT:[ [32m'0.00'[39m, [32m'4.28'[39m, [32m'3.38'[39m, [32m'0.00'[39m ]
data rcv RT:[ [32m'0.00'[39m, [32m'4.30'[39m, [32m'3.37'[39m, [32m'0.00'[39m ]
data rcv RT:[ [32m'0.00'[39m, [32m'4.29'[39m, [32m'3.38'[39m, [32m'0.00'[39m ]
data rcv RT:[ [32m'0.00'[39m, [32m'4.32'[39m, [32m'3.39'[39m, [32m'0.02'[39m ]
data rcv RT:[ [32m'0.00'[39m, [32m'4.32'[39m, [32m'3.38'[39m, [32m'0.01'[39m ]
data rcv RT:[ [32m'0.00'[39m, [32m'4.35'[39m, [32m'3.38'[39m, [32m'0.02'[39m ]
data rcv RT:[ [32m'0.00'[39m, [32m'4.33'[39m, [32m'3.39'[39m, [32m'0.06'[39m ]
data rcv RT:[ [32m'0.00'[39m, [32m'4.37'[39m, [32m'3.41'[39m, [32m'0.00'[39m ]
data rcv RT:[ [32m'0.00'[39m, [32m'4.34'[39m, [32m'3.43'[39m, [32m'0.00'[39m ]
data rcv RT:[ [32m'0.00'[39m, [32m'4.37'[39m, [32m'3.44'[39m, [32m'0.00'[39m ]
data rcv RT:[ [32m'0.00'[39m, [32m'4.32'[39m, [32m'3.42'[39m, [32m'0.00'[39m ]
data rcv RT:[ [32m'0.00'[39m, [32m'4.30'[39m, [32m'3.44'[39m, [32m'0.00'[39m ]
data rcv RT:[ [32m'0.00'[39m, [32m'4.28'[39m, [32m'3.45'[39m, [32m'0.00'[39m ]
data rcv RT:[ [32m'0.00'[39m, [32m'4.29'[39m, [32m'3.44'[39m, [32m'0.00'[39m ]
data rcv RT:[ [32m'0.00'[39m, [32m'4.26'[39m, [32m'3.38'[39m, [32m'0.00'[39m ]
data rcv RT:[ [32m'0.00'[39m, [32m'4.29'[39m, [32m'3.38'[39m, [32m'0.00'[39m ]
data rcv RT:[ [32m'0.00'[39m, [32m'4.31'[39m, [32m'3.38'[39m, [32m'0.01'[39m ]
data rcv RT:[ [32m'0.00'[39m, [32m'4.30'[39m, [32m'3.37'[39m, [32m'0.00'[39m ]
data rcv RT:[ [32m'0.00'[39m, [32m'4.33'[39m, [32m'3.37'[39m, [32m'0.02'[39m ]
data rcv RT:[ [32m'0.00'[39m, [32m'4.33'[39m, [32m'3.38'[39m, [32m'0.00'[39m ]
data rcv RT:[ [32m'0.00'[39m, [32m'4.34'[39m, [32m'3.35'[39m, [32m'0.04'[39m ]
data rcv RT:[ [32m'0.00'[39m, [32m'4.37'[39m, [32m'3.38'[39m, [32m'0.02'[39m ]
data rcv RT:[ [32m'0.00'[39m, [32m'4.37'[39m, [32m'3.42'[39m, [32m'0.00'[39m ]
data rcv RT:[ [32m'0.00'[39m, [32m'4.38'[39m, [32m'3.43'[39m, [32m'0.00'[39m ]
data rcv RT:[ [32m'0.00'[39m, [32m'4.32'[39m, [32m'3.41'[39m, [32m'0.00'[39m ]
data rcv RT:[ [32m'0.00'[39m, [32m'4.29'[39m, [32m'3.43'[39m, [32m'0.00'[39m ]
data rcv RT:[ [32m'0.00'[39m, [32m'4.29'[39m, [32m'3.40'[39m, [32m'0.00'[39m ]
data rcv RT:[ [32m'0.00'[39m, [32m'4.28'[39m, [32m'3.40'[39m, [32m'0.00'[39m ]
data rcv RT:[ [32m'0.00'[39m, [32m'4.27'[39m, [32m'3.43'[39m, [32m'0.00'[39m ]
data rcv RT:[ [32m'0.00'[39m, [32m'4.28'[39m, [32m'3.37'[39m, [32m'0.00'[39m ]
data rcv RT:[ [32m'0.00'[39m, [32m'4.28'[39m, [32m'3.39'[39m, [32m'0.00'[39m ]
data rcv RT:[ [32m'0.00'[39m, [32m'4.31'[39m, [32m'3.37'[39m, [32m'0.01'[39m ]
data rcv RT:[ [32m'0.00'[39m, [32m'4.35'[39m, [32m'3.39'[39m, [32m'0.02'[39m ]
data rcv RT:[ [32m'0.00'[39m, [32m'4.32'[39m, [32m'3.37'[39m, [32m'0.06'[39m ]
data rcv RT:[ [32m'0.00'[39m, [32m'4.37'[39m, [32m'3.43'[39m, [32m'0.00'[39m ]
data rcv RT:[ [32m'0.00'[39m, [32m'4.36'[39m, [32m'3.44'[39m, [32m'0.00'[39m ]
data rcv RT:[ [32m'0.00'[39m, [32m'4.37'[39m, [32m'3.45'[39m, [32m'0.00'[39m ]
data rcv RT:[ [32m'0.00'[39m, [32m'4.30'[39m, [32m'3.44'[39m, [32m'0.00'[39m ]
data rcv RT:[ [32m'0.00'[39m, [32m'4.31'[39m, [32m'3.43'[39m, [32m'0.00'[39m ]
data rcv RT:[ [32m'0.00'[39m, [32m'4.30'[39m, [32m'3.41'[39m, [32m'0.00'[39m ]
data rcv RT:[ [32m'0.00'[39m, [32m'4.29'[39m, [32m'3.42'[39m, [32m'0.00'[39m ]
data rcv RT:[ [32m'0.00'[39m, [32m'4.26'[39m, [32m'3.39'[39m, [32m'0.00'[39m ]
data rcv RT:[ [32m'0.00'[39m, [32m'4.30'[39m, [32m'3.37'[39m, [32m'0.00'[39m ]
data rcv RT:[ [32m'0.00'[39m, [32m'4.28'[39m, [32m'3.38'[39m, [32m'0.00'[39m ]
data rcv RT:[ [32m'0.00'[39m, [32m'4.30'[39m, [32m'3.38'[39m, [32m'0.00'[39m ]
data rcv RT:[ [32m'0.00'[39m, [32m'4.33'[39m, [32m'3.37'[39m, [32m'0.01'[39m ]
data rcv RT:[ [32m'0.00'[39m, [32m'4.34'[39m, [32m'3.36'[39m, [32m'0.04'[39m ]
data rcv RT:[ [32m'0.00'[39m, [32m'4.35'[39m, [32m'3.39'[39m, [32m'0.04'[39m ]
data rcv RT:[ [32m'0.00'[39m, [32m'4.38'[39m, [32m'3.41'[39m, [32m'0.00'[39m ]
data rcv RT:[ [32m'0.00'[39m, [32m'4.37'[39m, [32m'3.39'[39m, [32m'0.02'[39m ]
data rcv RT:[ [32m'0.00'[39m, [32m'4.40'[39m, [32m'3.40'[39m, [32m'0.01'[39m ]
data rcv RT:[ [32m'0.00'[39m, [32m'4.35'[39m, [32m'3.41'[39m, [32m'0.01'[39m ]
data rcv RT:[ [32m'0.00'[39m, [32m'4.33'[39m, [32m'3.42'[39m, [32m'0.00'[39m ]
data rcv RT:[ [32m'0.00'[39m, [32m'4.32'[39m, [32m'3.42'[39m, [32m'0.00'[39m ]
data rcv RT:[ [32m'0.00'[39m, [32m'4.32'[39m, [32m'3.43'[39m, [32m'0.00'[39m ]
data rcv RT:[ [32m'0.00'[39m, [32m'4.28'[39m, [32m'3.43'[39m, [32m'0.00'[39m ]
data rcv RT:[ [32m'0.00'[39m, [32m'4.25'[39m, [32m'3.40'[39m, [32m'0.00'[39m ]
data rcv RT:[ [32m'0.00'[39m, [32m'4.28'[39m, [32m'3.43'[39m, [32m'0.00'[39m ]
data rcv RT:[ [32m'0.00'[39m, [32m'4.27'[39m, [32m'3.39'[39m, [32m'0.00'[39m ]
data rcv RT:[ [32m'0.00'[39m, [32m'4.28'[39m, [32m'3.36'[39m, [32m'0.00'[39m ]
data rcv RT:[ [32m'0.00'[39m, [32m'4.29'[39m, [32m'3.38'[39m, [32m'0.01'[39m ]
data rcv RT:[ [32m'0.00'[39m, [32m'4.32'[39m, [32m'3.37'[39m, [32m'0.02'[39m ]
data rcv RT:[ [32m'0.00'[39m, [32m'4.33'[39m, [32m'3.39'[39m, [32m'0.01'[39m ]
data rcv RT:[ [32m'0.00'[39m, [32m'4.37'[39m, [32m'3.40'[39m, [32m'0.02'[39m ]
data rcv RT:[ [32m'0.00'[39m, [32m'4.37'[39m, [32m'3.39'[39m, [32m'0.04'[39m ]
data rcv RT:[ [32m'0.00'[39m, [32m'4.36'[39m, [32m'3.42'[39m, [32m'0.00'[39m ]
data rcv RT:[ [32m'0.00'[39m, [32m'4.37'[39m, [32m'3.40'[39m, [32m'0.00'[39m ]
data rcv RT:[ [32m'0.00'[39m, [32m'4.36'[39m, [32m'3.42'[39m, [32m'0.00'[39m ]
data rcv RT:[ [32m'0.00'[39m, [32m'4.34'[39m, [32m'3.42'[39m, [32m'0.00'[39m ]
data rcv RT:[ [32m'0.00'[39m, [32m'4.32'[39m, [32m'3.41'[39m, [32m'0.00'[39m ]
data rcv RT:[ [32m'0.00'[39m, [32m'4.32'[39m, [32m'3.41'[39m, [32m'0.00'[39m ]
data rcv RT:[ [32m'0.00'[39m, [32m'4.33'[39m, [32m'3.43'[39m, [32m'0.00'[39m ]
data rcv RT:[ [32m'0.00'[39m, [32m'4.32'[39m, [32m'3.42'[39m, [32m'0.00'[39m ]
data rcv RT:[ [32m'0.00'[39m, [32m'4.29'[39m, [32m'3.47'[39m, [32m'0.00'[39m ]
data rcv RT:[ [32m'0.00'[39m, [32m'4.27'[39m, [32m'3.40'[39m, [32m'0.00'[39m ]
data rcv RT:[ [32m'0.00'[39m, [32m'4.26'[39m, [32m'3.39'[39m, [32m'0.00'[39m ]
data rcv RT:[ [32m'0.00'[39m, [32m'4.26'[39m, [32m'3.38'[39m, [32m'0.00'[39m ]
data rcv RT:[ [32m'0.00'[39m, [32m'4.26'[39m, [32m'3.37'[39m, [32m'0.00'[39m ]
data rcv RT:[ [32m'0.00'[39m, [32m'4.29'[39m, [32m'3.39'[39m, [32m'0.00'[39m ]
data rcv RT:[ [32m'0.00'[39m, [32m'4.31'[39m, [32m'3.37'[39m, [32m'0.00'[39m ]
data rcv RT:[ [32m'0.00'[39m, [32m'4.33'[39m, [32m'3.38'[39m, [32m'0.01'[39m ]
data rcv RT:[ [32m'0.00'[39m, [32m'4.35'[39m, [32m'3.38'[39m, [32m'0.02'[39m ]
data rcv RT:[ [32m'0.00'[39m, [32m'4.36'[39m, [32m'3.37'[39m, [32m'0.04'[39m ]
data rcv RT:[ [32m'0.00'[39m, [32m'4.38'[39m, [32m'3.40'[39m, [32m'0.02'[39m ]
data rcv RT:[ [32m'0.00'[39m, [32m'4.38'[39m, [32m'3.41'[39m, [32m'0.03'[39m ]
data rcv RT:[ [32m'0.00'[39m, [32m'4.34'[39m, [32m'3.42'[39m, [32m'0.00'[39m ]
data rcv RT:[ [32m'0.00'[39m, [32m'4.33'[39m, [32m'3.43'[39m, [32m'0.00'[39m ]
data rcv RT:[ [32m'0.00'[39m, [32m'4.33'[39m, [32m'3.42'[39m, [32m'0.00'[39m ]
data rcv RT:[ [32m'0.00'[39m, [32m'4.31'[39m, [32m'3.43'[39m, [32m'0.00'[39m ]
data rcv RT:[ [32m'0.00'[39m, [32m'4.31'[39m, [32m'3.44'[39m, [32m'0.00'[39m ]
data rcv RT:[ [32m'0.00'[39m, [32m'4.26'[39m, [32m'3.40'[39m, [32m'0.00'[39m ]
data rcv RT:[ [32m'0.00'[39m, [32m'4.26'[39m, [32m'3.43'[39m, [32m'0.00'[39m ]
data rcv RT:[ [32m'0.00'[39m, [32m'4.27'[39m, [32m'3.38'[39m, [32m'0.00'[39m ]
data rcv RT:[ [32m'0.00'[39m, [32m'4.29'[39m, [32m'3.38'[39m, [32m'0.00'[39m ]
data rcv RT:[ [32m'0.00'[39m, [32m'4.30'[39m, [32m'3.37'[39m, [32m'0.00'[39m ]
data rcv RT:[ [32m'0.00'[39m, [32m'4.32'[39m, [32m'3.38'[39m, [32m'0.00'[39m ]
data rcv RT:[ [32m'0.00'[39m, [32m'4.31'[39m, [32m'3.39'[39m, [32m'0.00'[39m ]
data rcv RT:[ [32m'0.00'[39m, [32m'4.33'[39m, [32m'3.39'[39m, [32m'0.02'[39m ]
data rcv RT:[ [32m'0.00'[39m, [32m'4.33'[39m, [32m'3.38'[39m, [32m'0.01'[39m ]
data rcv RT:[ [32m'0.00'[39m, [32m'4.35'[39m, [32m'3.39'[39m, [32m'0.01'[39m ]
data rcv RT:[ [32m'0.00'[39m, [32m'4.33'[39m, [32m'3.38'[39m, [32m'0.02'[39m ]
data rcv RT:[ [32m'0.00'[39m, [32m'4.35'[39m, [32m'3.40'[39m, [32m'0.02'[39m ]
data rcv RT:[ [32m'0.00'[39m, [32m'4.33'[39m, [32m'3.38'[39m, [32m'0.02'[39m ]
data rcv RT:[ [32m'0.00'[39m, [32m'4.35'[39m, [32m'3.42'[39m, [32m'0.00'[39m ]
data rcv RT:[ [32m'0.00'[39m, [32m'4.36'[39m, [32m'3.43'[39m, [32m'0.00'[39m ]
data rcv RT:[ [32m'0.00'[39m, [32m'4.36'[39m, [32m'3.43'[39m, [32m'0.00'[39m ]
data rcv RT:[ [32m'0.00'[39m, [32m'4.32'[39m, [32m'3.41'[39m, [32m'0.00'[39m ]
data rcv RT:[ [32m'0.00'[39m, [32m'4.30'[39m, [32m'3.42'[39m, [32m'0.00'[39m ]
data rcv RT:[ [32m'0.00'[39m, [32m'4.27'[39m, [32m'3.43'[39m, [32m'0.00'[39m ]
data rcv RT:[ [32m'0.00'[39m, [32m'4.31'[39m, [32m'3.42'[39m, [32m'0.00'[39m ]
data rcv RT:[ [32m'0.00'[39m, [32m'4.26'[39m, [32m'3.36'[39m, [32m'0.00'[39m ]
data rcv RT:[ [32m'0.00'[39m, [32m'4.29'[39m, [32m'3.38'[39m, [32m'0.02'[39m ]
data rcv RT:[ [32m'0.00'[39m, [32m'4.32'[39m, [32m'3.37'[39m, [32m'0.01'[39m ]
data rcv RT:[ [32m'0.00'[39m, [32m'4.34'[39m, [32m'3.39'[39m, [32m'0.02'[39m ]
data rcv RT:[ [32m'0.00'[39m, [32m'4.33'[39m, [32m'3.39'[39m, [32m'0.01'[39m ]
data rcv RT:[ [32m'0.00'[39m, [32m'4.31'[39m, [32m'3.39'[39m, [32m'0.00'[39m ]
data rcv RT:[ [32m'0.00'[39m, [32m'4.32'[39m, [32m'3.38'[39m, [32m'0.03'[39m ]
data rcv RT:[ [32m'0.00'[39m, [32m'4.34'[39m, [32m'3.42'[39m, [32m'0.00'[39m ]
data rcv RT:[ [32m'0.00'[39m, [32m'4.37'[39m, [32m'3.41'[39m, [32m'0.00'[39m ]
data rcv RT:[ [32m'0.00'[39m, [32m'4.33'[39m, [32m'3.44'[39m, [32m'0.00'[39m ]
data rcv RT:[ [32m'0.00'[39m, [32m'4.31'[39m, [32m'3.41'[39m, [32m'0.00'[39m ]
data rcv RT:[ [32m'0.00'[39m, [32m'4.28'[39m, [32m'3.43'[39m, [32m'0.00'[39m ]
data rcv RT:[ [32m'0.00'[39m, [32m'4.28'[39m, [32m'3.45'[39m, [32m'0.00'[39m ]
data rcv RT:[ [32m'0.00'[39m, [32m'4.27'[39m, [32m'3.41'[39m, [32m'0.00'[39m ]
data rcv RT:[ [32m'0.00'[39m, [32m'4.26'[39m, [32m'3.41'[39m, [32m'0.00'[39m ]
data rcv RT:[ [32m'0.00'[39m, [32m'4.28'[39m, [32m'3.39'[39m, [32m'0.00'[39m ]
data rcv RT:[ [32m'0.00'[39m, [32m'4.29'[39m, [32m'3.36'[39m, [32m'0.00'[39m ]
data rcv RT:[ [32m'0.00'[39m, [32m'4.31'[39m, [32m'3.36'[39m, [32m'0.01'[39m ]
data rcv RT:[ [32m'0.00'[39m, [32m'4.30'[39m, [32m'3.37'[39m, [32m'0.01'[39m ]
data rcv RT:[ [32m'0.00'[39m, [32m'4.37'[39m, [32m'3.35'[39m, [32m'0.06'[39m ]
data rcv RT:[ [32m'0.00'[39m, [32m'4.36'[39m, [32m'3.39'[39m, [32m'0.02'[39m ]
data rcv RT:[ [32m'0.00'[39m, [32m'4.38'[39m, [32m'3.40'[39m, [32m'0.04'[39m ]
data rcv RT:[ [32m'0.00'[39m, [32m'4.38'[39m, [32m'3.43'[39m, [32m'0.00'[39m ]
data rcv RT:[ [32m'0.00'[39m, [32m'4.37'[39m, [32m'3.40'[39m, [32m'0.00'[39m ]
data rcv RT:[ [32m'0.00'[39m, [32m'4.35'[39m, [32m'3.43'[39m, [32m'0.00'[39m ]
data rcv RT:[ [32m'0.00'[39m, [32m'4.34'[39m, [32m'3.43'[39m, [32m'0.00'[39m ]
data rcv RT:[ [32m'0.00'[39m, [32m'4.31'[39m, [32m'3.43'[39m, [32m'0.00'[39m ]
data rcv RT:[ [32m'0.00'[39m, [32m'4.30'[39m, [32m'3.44'[39m, [32m'0.00'[39m ]
data rcv RT:[ [32m'0.00'[39m, [32m'4.28'[39m, [32m'3.42'[39m, [32m'0.00'[39m ]
data rcv RT:[ [32m'0.00'[39m, [32m'4.29'[39m, [32m'3.46'[39m, [32m'0.00'[39m ]
data rcv RT:[ [32m'0.00'[39m, [32m'4.31'[39m, [32m'3.41'[39m, [32m'0.00'[39m ]
data rcv RT:[ [32m'0.00'[39m, [32m'4.31'[39m, [32m'3.42'[39m, [32m'0.00'[39m ]
data rcv RT:[ [32m'0.00'[39m, [32m'4.26'[39m, [32m'3.38'[39m, [32m'0.00'[39m ]
data rcv RT:[ [32m'0.00'[39m, [32m'4.28'[39m, [32m'3.40'[39m, [32m'0.00'[39m ]
data rcv RT:[ [32m'0.00'[39m, [32m'4.26'[39m, [32m'3.40'[39m, [32m'0.00'[39m ]
data rcv RT:[ [32m'0.00'[39m, [32m'4.29'[39m, [32m'3.36'[39m, [32m'0.00'[39m ]
data rcv RT:[ [32m'0.00'[39m, [32m'4.28'[39m, [32m'3.39'[39m, [32m'0.00'[39m ]
data rcv RT:[ [32m'0.00'[39m, [32m'4.32'[39m, [32m'3.38'[39m, [32m'0.00'[39m ]
data rcv RT:[ [32m'0.00'[39m, [32m'4.32'[39m, [32m'3.36'[39m, [32m'0.01'[39m ]
data rcv RT:[ [32m'0.00'[39m, [32m'4.35'[39m, [32m'3.35'[39m, [32m'0.05'[39m ]
data rcv RT:[ [32m'0.00'[39m, [32m'4.36'[39m, [32m'3.39'[39m, [32m'0.01'[39m ]
data rcv RT:[ [32m'0.00'[39m, [32m'4.35'[39m, [32m'3.40'[39m, [32m'0.00'[39m ]
data rcv RT:[ [32m'0.00'[39m, [32m'4.35'[39m, [32m'3.42'[39m, [32m'0.00'[39m ]
data rcv RT:[ [32m'0.00'[39m, [32m'4.35'[39m, [32m'3.44'[39m, [32m'0.00'[39m ]
data rcv RT:[ [32m'0.00'[39m, [32m'4.35'[39m, [32m'3.45'[39m, [32m'0.00'[39m ]
data rcv RT:[ [32m'0.00'[39m, [32m'4.31'[39m, [32m'3.44'[39m, [32m'0.00'[39m ]
data rcv RT:[ [32m'0.00'[39m, [32m'4.31'[39m, [32m'3.41'[39m, [32m'0.00'[39m ]
data rcv RT:[ [32m'0.00'[39m, [32m'4.27'[39m, [32m'3.45'[39m, [32m'0.00'[39m ]
data rcv RT:[ [32m'0.00'[39m, [32m'4.32'[39m, [32m'3.45'[39m, [32m'0.00'[39m ]
data rcv RT:[ [32m'0.00'[39m, [32m'4.28'[39m, [32m'3.42'[39m, [32m'0.00'[39m ]
data rcv RT:[ [32m'0.00'[39m, [32m'4.30'[39m, [32m'3.45'[39m, [32m'0.00'[39m ]
data rcv RT:[ [32m'0.00'[39m, [32m'4.28'[39m, [32m'3.43'[39m, [32m'0.00'[39m ]
data rcv RT:[ [32m'0.00'[39m, [32m'4.28'[39m, [32m'3.42'[39m, [32m'0.00'[39m ]
data rcv RT:[ [32m'0.00'[39m, [32m'4.27'[39m, [32m'3.41'[39m, [32m'0.00'[39m ]
data rcv RT:[ [32m'0.00'[39m, [32m'4.26'[39m, [32m'3.41'[39m, [32m'0.00'[39m ]
data rcv RT:[ [32m'0.00'[39m, [32m'4.28'[39m, [32m'3.39'[39m, [32m'0.00'[39m ]
data rcv RT:[ [32m'0.00'[39m, [32m'4.29'[39m, [32m'3.39'[39m, [32m'0.00'[39m ]
data rcv RT:[ [32m'0.00'[39m, [32m'4.27'[39m, [32m'3.39'[39m, [32m'0.00'[39m ]
data rcv RT:[ [32m'0.00'[39m, [32m'4.30'[39m, [32m'3.40'[39m, [32m'0.00'[39m ]
data rcv RT:[ [32m'0.00'[39m, [32m'4.34'[39m, [32m'3.36'[39m, [32m'0.04'[39m ]
data rcv RT:[ [32m'0.00'[39m, [32m'4.34'[39m, [32m'3.40'[39m, [32m'0.02'[39m ]
data rcv RT:[ [32m'0.00'[39m, [32m'4.38'[39m, [32m'3.38'[39m, [32m'0.04'[39m ]
data rcv RT:[ [32m'0.00'[39m, [32m'4.38'[39m, [32m'3.40'[39m, [32m'0.00'[39m ]
data rcv RT:[ [32m'0.00'[39m, [32m'4.36'[39m, [32m'3.42'[39m, [32m'0.00'[39m ]
data rcv RT:[ [32m'0.00'[39m, [32m'4.36'[39m, [32m'3.43'[39m, [32m'0.00'[39m ]
data rcv RT:[ [32m'0.00'[39m, [32m'4.33'[39m, [32m'3.45'[39m, [32m'0.00'[39m ]
data rcv RT:[ [32m'0.00'[39m, [32m'4.32'[39m, [32m'3.44'[39m, [32m'0.00'[39m ]
data rcv RT:[ [32m'0.00'[39m, [32m'4.31'[39m, [32m'3.43'[39m, [32m'0.00'[39m ]
data rcv RT:[ [32m'0.00'[39m, [32m'4.27'[39m, [32m'3.41'[39m, [32m'0.00'[39m ]
data rcv RT:[ [32m'0.00'[39m, [32m'4.27'[39m, [32m'3.41'[39m, [32m'0.00'[39m ]
data rcv RT:[ [32m'0.00'[39m, [32m'4.26'[39m, [32m'3.41'[39m, [32m'0.00'[39m ]
data rcv RT:[ [32m'0.00'[39m, [32m'4.29'[39m, [32m'3.37'[39m, [32m'0.00'[39m ]
data rcv RT:[ [32m'0.00'[39m, [32m'4.28'[39m, [32m'3.38'[39m, [32m'0.00'[39m ]
data rcv RT:[ [32m'0.00'[39m, [32m'4.34'[39m, [32m'3.40'[39m, [32m'0.00'[39m ]
data rcv RT:[ [32m'0.00'[39m, [32m'4.34'[39m, [32m'3.37'[39m, [32m'0.02'[39m ]
data rcv RT:[ [32m'0.00'[39m, [32m'4.32'[39m, [32m'3.38'[39m, [32m'0.01'[39m ]
data rcv RT:[ [32m'0.00'[39m, [32m'4.32'[39m, [32m'3.39'[39m, [32m'0.03'[39m ]
data rcv RT:[ [32m'0.00'[39m, [32m'4.37'[39m, [32m'3.39'[39m, [32m'0.02'[39m ]
data rcv RT:[ [32m'0.00'[39m, [32m'4.37'[39m, [32m'3.41'[39m, [32m'0.00'[39m ]
data rcv RT:[ [32m'0.00'[39m, [32m'4.37'[39m, [32m'3.40'[39m, [32m'0.01'[39m ]
data rcv RT:[ [32m'0.00'[39m, [32m'4.34'[39m, [32m'3.43'[39m, [32m'0.00'[39m ]
data rcv RT:[ [32m'0.00'[39m, [32m'4.35'[39m, [32m'3.42'[39m, [32m'0.00'[39m ]
data rcv RT:[ [32m'0.00'[39m, [32m'4.31'[39m, [32m'3.44'[39m, [32m'0.00'[39m ]
data rcv RT:[ [32m'0.00'[39m, [32m'4.31'[39m, [32m'3.44'[39m, [32m'0.00'[39m ]
data rcv RT:[ [32m'0.00'[39m, [32m'4.28'[39m, [32m'3.44'[39m, [32m'0.00'[39m ]
data rcv RT:[ [32m'0.00'[39m, [32m'4.29'[39m, [32m'3.44'[39m, [32m'0.00'[39m ]
data rcv RT:[ [32m'0.00'[39m, [32m'4.28'[39m, [32m'3.42'[39m, [32m'0.00'[39m ]
data rcv RT:[ [32m'0.00'[39m, [32m'4.28'[39m, [32m'3.43'[39m, [32m'0.00'[39m ]
data rcv RT:[ [32m'0.00'[39m, [32m'4.27'[39m, [32m'3.40'[39m, [32m'0.00'[39m ]
data rcv RT:[ [32m'0.00'[39m, [32m'4.29'[39m, [32m'3.40'[39m, [32m'0.00'[39m ]
data rcv RT:[ [32m'0.00'[39m, [32m'4.28'[39m, [32m'3.38'[39m, [32m'0.00'[39m ]
data rcv RT:[ [32m'0.00'[39m, [32m'4.28'[39m, [32m'3.39'[39m, [32m'0.00'[39m ]
data rcv RT:[ [32m'0.00'[39m, [32m'4.32'[39m, [32m'3.37'[39m, [32m'0.01'[39m ]
data rcv RT:[ [32m'0.00'[39m, [32m'4.36'[39m, [32m'3.37'[39m, [32m'0.01'[39m ]
data rcv RT:[ [32m'0.00'[39m, [32m'4.36'[39m, [32m'3.37'[39m, [32m'0.02'[39m ]
data rcv RT:[ [32m'0.00'[39m, [32m'4.35'[39m, [32m'3.37'[39m, [32m'0.03'[39m ]
data rcv RT:[ [32m'0.00'[39m, [32m'4.35'[39m, [32m'3.38'[39m, [32m'0.02'[39m ]
data rcv RT:[ [32m'0.00'[39m, [32m'4.36'[39m, [32m'3.41'[39m, [32m'0.00'[39m ]
data rcv RT:[ [32m'0.00'[39m, [32m'4.33'[39m, [32m'3.42'[39m, [32m'0.00'[39m ]
data rcv RT:[ [32m'0.00'[39m, [32m'4.35'[39m, [32m'3.40'[39m, [32m'0.00'[39m ]
data rcv RT:[ [32m'0.00'[39m, [32m'4.32'[39m, [32m'3.41'[39m, [32m'0.00'[39m ]
data rcv RT:[ [32m'0.00'[39m, [32m'4.31'[39m, [32m'3.43'[39m, [32m'0.00'[39m ]
data rcv RT:[ [32m'0.00'[39m, [32m'4.26'[39m, [32m'3.44'[39m, [32m'0.00'[39m ]
data rcv RT:[ [32m'0.00'[39m, [32m'4.26'[39m, [32m'3.40'[39m, [32m'0.00'[39m ]
data rcv RT:[ [32m'0.00'[39m, [32m'4.28'[39m, [32m'3.41'[39m, [32m'0.00'[39m ]
data rcv RT:[ [32m'0.00'[39m, [32m'4.27'[39m, [32m'3.40'[39m, [32m'0.00'[39m ]
data rcv RT:[ [32m'0.00'[39m, [32m'4.25'[39m, [32m'3.39'[39m, [32m'0.00'[39m ]
data rcv RT:[ [32m'0.00'[39m, [32m'4.27'[39m, [32m'3.38'[39m, [32m'0.00'[39m ]
data rcv RT:[ [32m'0.00'[39m, [32m'4.30'[39m, [32m'3.39'[39m, [32m'0.02'[39m ]
data rcv RT:[ [32m'0.00'[39m, [32m'4.36'[39m, [32m'3.39'[39m, [32m'0.03'[39m ]
data rcv RT:[ [32m'0.00'[39m, [32m'4.35'[39m, [32m'3.38'[39m, [32m'0.02'[39m ]
data rcv RT:[ [32m'0.00'[39m, [32m'4.36'[39m, [32m'3.37'[39m, [32m'0.01'[39m ]
data rcv RT:[ [32m'0.00'[39m, [32m'4.37'[39m, [32m'3.39'[39m, [32m'0.03'[39m ]
data rcv RT:[ [32m'0.00'[39m, [32m'4.37'[39m, [32m'3.40'[39m, [32m'0.00'[39m ]
data rcv RT:[ [32m'0.00'[39m, [32m'4.34'[39m, [32m'3.43'[39m, [32m'0.00'[39m ]
data rcv RT:[ [32m'0.00'[39m, [32m'4.34'[39m, [32m'3.45'[39m, [32m'0.00'[39m ]
data rcv RT:[ [32m'0.00'[39m, [32m'4.28'[39m, [32m'3.44'[39m, [32m'0.00'[39m ]
data rcv RT:[ [32m'0.00'[39m, [32m'4.31'[39m, [32m'3.42'[39m, [32m'0.00'[39m ]
data rcv RT:[ [32m'0.00'[39m, [32m'4.31'[39m, [32m'3.44'[39m, [32m'0.00'[39m ]
data rcv RT:[ [32m'0.00'[39m, [32m'4.27'[39m, [32m'3.41'[39m, [32m'0.00'[39m ]
data rcv RT:[ [32m'0.00'[39m, [32m'4.28'[39m, [32m'3.39'[39m, [32m'0.00'[39m ]
data rcv RT:[ [32m'0.00'[39m, [32m'4.32'[39m, [32m'3.36'[39m, [32m'0.00'[39m ]
data rcv RT:[ [32m'0.00'[39m, [32m'4.34'[39m, [32m'3.37'[39m, [32m'0.01'[39m ]
data rcv RT:[ [32m'0.00'[39m, [32m'4.36'[39m, [32m'3.38'[39m, [32m'0.01'[39m ]
data rcv RT:[ [32m'0.00'[39m, [32m'4.32'[39m, [32m'3.37'[39m, [32m'0.03'[39m ]
data rcv RT:[ [32m'0.00'[39m, [32m'4.35'[39m, [32m'3.40'[39m, [32m'0.01'[39m ]
data rcv RT:[ [32m'0.00'[39m, [32m'4.37'[39m, [32m'3.41'[39m, [32m'0.00'[39m ]
data rcv RT:[ [32m'0.00'[39m, [32m'4.34'[39m, [32m'3.42'[39m, [32m'0.00'[39m ]
data rcv RT:[ [32m'0.00'[39m, [32m'4.34'[39m, [32m'3.44'[39m, [32m'0.00'[39m ]
data rcv RT:[ [32m'0.00'[39m, [32m'4.32'[39m, [32m'3.43'[39m, [32m'0.00'[39m ]
data rcv RT:[ [32m'0.00'[39m, [32m'4.33'[39m, [32m'3.42'[39m, [32m'0.00'[39m ]
data rcv RT:[ [32m'0.00'[39m, [32m'4.32'[39m, [32m'3.40'[39m, [32m'0.00'[39m ]
data rcv RT:[ [32m'0.00'[39m, [32m'4.26'[39m, [32m'3.43'[39m, [32m'0.00'[39m ]
data rcv RT:[ [32m'0.00'[39m, [32m'4.24'[39m, [32m'3.40'[39m, [32m'0.00'[39m ]
data rcv RT:[ [32m'0.00'[39m, [32m'4.28'[39m, [32m'3.39'[39m, [32m'0.00'[39m ]
data rcv RT:[ [32m'0.00'[39m, [32m'4.30'[39m, [32m'3.36'[39m, [32m'0.00'[39m ]
data rcv RT:[ [32m'0.00'[39m, [32m'4.29'[39m, [32m'3.37'[39m, [32m'0.00'[39m ]
data rcv RT:[ [32m'0.00'[39m, [32m'4.32'[39m, [32m'3.39'[39m, [32m'0.01'[39m ]
data rcv RT:[ [32m'0.00'[39m, [32m'4.31'[39m, [32m'3.37'[39m, [32m'0.03'[39m ]
data rcv RT:[ [32m'0.00'[39m, [32m'4.34'[39m, [32m'3.38'[39m, [32m'0.02'[39m ]
data rcv RT:[ [32m'0.00'[39m, [32m'4.34'[39m, [32m'3.38'[39m, [32m'0.03'[39m ]
data rcv RT:[ [32m'0.00'[39m, [32m'4.35'[39m, [32m'3.40'[39m, [32m'0.00'[39m ]
data rcv RT:[ [32m'0.00'[39m, [32m'4.39'[39m, [32m'3.39'[39m, [32m'0.00'[39m ]
data rcv RT:[ [32m'0.00'[39m, [32m'4.36'[39m, [32m'3.41'[39m, [32m'0.00'[39m ]
data rcv RT:[ [32m'0.00'[39m, [32m'4.37'[39m, [32m'3.41'[39m, [32m'0.00'[39m ]
data rcv RT:[ [32m'0.00'[39m, [32m'4.34'[39m, [32m'3.43'[39m, [32m'0.00'[39m ]
data rcv RT:[ [32m'0.00'[39m, [32m'4.31'[39m, [32m'3.42'[39m, [32m'0.00'[39m ]
data rcv RT:[ [32m'0.00'[39m, [32m'4.27'[39m, [32m'3.44'[39m, [32m'0.00'[39m ]
data rcv RT:[ [32m'0.00'[39m, [32m'4.29'[39m, [32m'3.41'[39m, [32m'0.00'[39m ]
data rcv RT:[ [32m'0.00'[39m, [32m'4.28'[39m, [32m'3.40'[39m, [32m'0.00'[39m ]
data rcv RT:[ [32m'0.00'[39m, [32m'4.25'[39m, [32m'3.41'[39m, [32m'0.00'[39m ]
data rcv RT:[ [32m'0.00'[39m, [32m'4.28'[39m, [32m'3.38'[39m, [32m'0.00'[39m ]
data rcv RT:[ [32m'0.00'[39m, [32m'4.28'[39m, [32m'3.37'[39m, [32m'0.00'[39m ]
data rcv RT:[ [32m'0.00'[39m, [32m'4.30'[39m, [32m'3.38'[39m, [32m'0.01'[39m ]
data rcv RT:[ [32m'0.00'[39m, [32m'4.31'[39m, [32m'3.36'[39m, [32m'0.01'[39m ]
data rcv RT:[ [32m'0.00'[39m, [32m'4.34'[39m, [32m'3.37'[39m, [32m'0.02'[39m ]
data rcv RT:[ [32m'0.00'[39m, [32m'4.34'[39m, [32m'3.38'[39m, [32m'0.05'[39m ]
data rcv RT:[ [32m'0.00'[39m, [32m'4.38'[39m, [32m'3.39'[39m, [32m'0.00'[39m ]
data rcv RT:[ [32m'0.00'[39m, [32m'4.38'[39m, [32m'3.38'[39m, [32m'0.04'[39m ]
data rcv RT:[ [32m'0.00'[39m, [32m'4.37'[39m, [32m'3.42'[39m, [32m'0.00'[39m ]
data rcv RT:[ [32m'0.00'[39m, [32m'4.35'[39m, [32m'3.40'[39m, [32m'0.00'[39m ]
data rcv RT:[ [32m'0.00'[39m, [32m'4.32'[39m, [32m'3.42'[39m, [32m'0.00'[39m ]
data rcv RT:[ [32m'0.00'[39m, [32m'4.31'[39m, [32m'3.41'[39m, [32m'0.00'[39m ]
data rcv RT:[ [32m'0.00'[39m, [32m'4.30'[39m, [32m'3.41'[39m, [32m'0.00'[39m ]
data rcv RT:[ [32m'0.00'[39m, [32m'4.30'[39m, [32m'3.43'[39m, [32m'0.00'[39m ]
data rcv RT:[ [32m'0.00'[39m, [32m'4.28'[39m, [32m'3.44'[39m, [32m'0.00'[39m ]
data rcv RT:[ [32m'0.00'[39m, [32m'4.27'[39m, [32m'3.42'[39m, [32m'0.00'[39m ]
data rcv RT:[ [32m'0.00'[39m, [32m'4.29'[39m, [32m'3.41'[39m, [32m'0.00'[39m ]
data rcv RT:[ [32m'0.00'[39m, [32m'4.27'[39m, [32m'3.40'[39m, [32m'0.00'[39m ]
data rcv RT:[ [32m'0.00'[39m, [32m'4.28'[39m, [32m'3.37'[39m, [32m'0.00'[39m ]
data rcv RT:[ [32m'0.00'[39m, [32m'4.28'[39m, [32m'3.38'[39m, [32m'0.00'[39m ]
data rcv RT:[ [32m'0.00'[39m, [32m'4.29'[39m, [32m'3.39'[39m, [32m'0.01'[39m ]
data rcv RT:[ [32m'0.00'[39m, [32m'4.31'[39m, [32m'3.40'[39m, [32m'0.00'[39m ]
data rcv RT:[ [32m'0.00'[39m, [32m'4.35'[39m, [32m'3.38'[39m, [32m'0.04'[39m ]
data rcv RT:[ [32m'0.00'[39m, [32m'4.35'[39m, [32m'3.38'[39m, [32m'0.02'[39m ]
data rcv RT:[ [32m'0.00'[39m, [32m'4.37'[39m, [32m'3.40'[39m, [32m'0.01'[39m ]
data rcv RT:[ [32m'0.00'[39m, [32m'4.36'[39m, [32m'3.44'[39m, [32m'0.00'[39m ]
data rcv RT:[ [32m'0.00'[39m, [32m'4.33'[39m, [32m'3.43'[39m, [32m'0.00'[39m ]
data rcv RT:[ [32m'0.00'[39m, [32m'4.34'[39m, [32m'3.43'[39m, [32m'0.00'[39m ]
data rcv RT:[ [32m'0.00'[39m, [32m'4.32'[39m, [32m'3.44'[39m, [32m'0.00'[39m ]
data rcv RT:[ [32m'0.00'[39m, [32m'4.31'[39m, [32m'3.43'[39m, [32m'0.00'[39m ]
data rcv RT:[ [32m'0.00'[39m, [32m'4.30'[39m, [32m'3.43'[39m, [32m'0.00'[39m ]
data rcv RT:[ [32m'0.00'[39m, [32m'4.31'[39m, [32m'3.44'[39m, [32m'0.00'[39m ]
data rcv RT:[ [32m'0.00'[39m, [32m'4.29'[39m, [32m'3.42'[39m, [32m'0.00'[39m ]
data rcv RT:[ [32m'0.00'[39m, [32m'4.28'[39m, [32m'3.41'[39m, [32m'0.00'[39m ]
data rcv RT:[ [32m'0.00'[39m, [32m'4.25'[39m, [32m'3.40'[39m, [32m'0.00'[39m ]
data rcv RT:[ [32m'0.00'[39m, [32m'4.28'[39m, [32m'3.37'[39m, [32m'0.00'[39m ]
data rcv RT:[ [32m'0.00'[39m, [32m'4.27'[39m, [32m'3.38'[39m, [32m'0.00'[39m ]
data rcv RT:[ [32m'0.00'[39m, [32m'4.32'[39m, [32m'3.38'[39m, [32m'0.00'[39m ]
data rcv RT:[ [32m'0.00'[39m, [32m'4.32'[39m, [32m'3.36'[39m, [32m'0.01'[39m ]
data rcv RT:[ [32m'0.00'[39m, [32m'4.35'[39m, [32m'3.37'[39m, [32m'0.03'[39m ]
data rcv RT:[ [32m'0.00'[39m, [32m'4.33'[39m, [32m'3.37'[39m, [32m'0.02'[39m ]
data rcv RT:[ [32m'0.00'[39m, [32m'4.33'[39m, [32m'3.38'[39m, [32m'0.01'[39m ]
data rcv RT:[ [32m'0.00'[39m, [32m'4.38'[39m, [32m'3.38'[39m, [32m'0.02'[39m ]
data rcv RT:[ [32m'0.00'[39m, [32m'4.37'[39m, [32m'3.41'[39m, [32m'0.00'[39m ]
data rcv RT:[ [32m'0.00'[39m, [32m'4.38'[39m, [32m'3.42'[39m, [32m'0.00'[39m ]
data rcv RT:[ [32m'0.00'[39m, [32m'4.31'[39m, [32m'3.45'[39m, [32m'0.00'[39m ]
data rcv RT:[ [32m'0.00'[39m, [32m'4.31'[39m, [32m'3.43'[39m, [32m'0.00'[39m ]
data rcv RT:[ [32m'0.00'[39m, [32m'4.32'[39m, [32m'3.45'[39m, [32m'0.00'[39m ]
data rcv RT:[ [32m'0.00'[39m, [32m'4.28'[39m, [32m'3.40'[39m, [32m'0.00'[39m ]
data rcv RT:[ [32m'0.00'[39m, [32m'4.25'[39m, [32m'3.38'[39m, [32m'0.00'[39m ]
data rcv RT:[ [32m'0.00'[39m, [32m'4.27'[39m, [32m'3.39'[39m, [32m'0.00'[39m ]
data rcv RT:[ [32m'0.00'[39m, [32m'4.29'[39m, [32m'3.38'[39m, [32m'0.00'[39m ]
data rcv RT:[ [32m'0.00'[39m, [32m'4.32'[39m, [32m'3.37'[39m, [32m'0.00'[39m ]
data rcv RT:[ [32m'0.00'[39m, [32m'4.32'[39m, [32m'3.37'[39m, [32m'0.01'[39m ]
data rcv RT:[ [32m'0.00'[39m, [32m'4.34'[39m, [32m'3.37'[39m, [32m'0.02'[39m ]
data rcv RT:[ [32m'0.00'[39m, [32m'4.33'[39m, [32m'3.37'[39m, [32m'0.01'[39m ]
data rcv RT:[ [32m'0.00'[39m, [32m'4.32'[39m, [32m'3.39'[39m, [32m'0.03'[39m ]
data rcv RT:[ [32m'0.00'[39m, [32m'4.33'[39m, [32m'3.38'[39m, [32m'0.02'[39m ]
data rcv RT:[ [32m'0.00'[39m, [32m'4.37'[39m, [32m'3.41'[39m, [32m'0.00'[39m ]
data rcv RT:[ [32m'0.00'[39m, [32m'4.33'[39m, [32m'3.42'[39m, [32m'0.00'[39m ]
data rcv RT:[ [32m'0.00'[39m, [32m'4.31'[39m, [32m'3.45'[39m, [32m'0.00'[39m ]
data rcv RT:[ [32m'0.00'[39m, [32m'4.28'[39m, [32m'3.46'[39m, [32m'0.00'[39m ]
data rcv RT:[ [32m'0.00'[39m, [32m'4.28'[39m, [32m'3.41'[39m, [32m'0.00'[39m ]
data rcv RT:[ [32m'0.00'[39m, [32m'4.28'[39m, [32m'3.43'[39m, [32m'0.00'[39m ]
data rcv RT:[ [32m'0.00'[39m, [32m'4.25'[39m, [32m'3.41'[39m, [32m'0.00'[39m ]
data rcv RT:[ [32m'0.00'[39m, [32m'4.27'[39m, [32m'3.39'[39m, [32m'0.00'[39m ]
data rcv RT:[ [32m'0.00'[39m, [32m'4.29'[39m, [32m'3.38'[39m, [32m'0.00'[39m ]
data rcv RT:[ [32m'0.00'[39m, [32m'4.31'[39m, [32m'3.39'[39m, [32m'0.01'[39m ]
data rcv RT:[ [32m'0.00'[39m, [32m'4.32'[39m, [32m'3.36'[39m, [32m'0.01'[39m ]
data rcv RT:[ [32m'0.00'[39m, [32m'4.34'[39m, [32m'3.38'[39m, [32m'0.01'[39m ]
data rcv RT:[ [32m'0.00'[39m, [32m'4.37'[39m, [32m'3.38'[39m, [32m'0.03'[39m ]
data rcv RT:[ [32m'0.00'[39m, [32m'4.36'[39m, [32m'3.40'[39m, [32m'0.00'[39m ]
data rcv RT:[ [32m'0.00'[39m, [32m'4.37'[39m, [32m'3.42'[39m, [32m'0.00'[39m ]
data rcv RT:[ [32m'0.00'[39m, [32m'4.32'[39m, [32m'3.43'[39m, [32m'0.00'[39m ]
data rcv RT:[ [32m'0.00'[39m, [32m'4.31'[39m, [32m'3.42'[39m, [32m'0.00'[39m ]
data rcv RT:[ [32m'0.00'[39m, [32m'4.32'[39m, [32m'3.43'[39m, [32m'0.00'[39m ]
data rcv RT:[ [32m'0.00'[39m, [32m'4.30'[39m, [32m'3.42'[39m, [32m'0.00'[39m ]
data rcv RT:[ [32m'0.00'[39m, [32m'4.27'[39m, [32m'3.40'[39m, [32m'0.00'[39m ]
data rcv RT:[ [32m'0.00'[39m, [32m'4.27'[39m, [32m'3.39'[39m, [32m'0.00'[39m ]
data rcv RT:[ [32m'0.00'[39m, [32m'4.26'[39m, [32m'3.40'[39m, [32m'0.00'[39m ]
data rcv RT:[ [32m'0.00'[39m, [32m'4.25'[39m, [32m'3.41'[39m, [32m'0.00'[39m ]
data rcv RT:[ [32m'0.00'[39m, [32m'4.31'[39m, [32m'3.37'[39m, [32m'0.01'[39m ]
data rcv RT:[ [32m'0.00'[39m, [32m'4.30'[39m, [32m'3.39'[39m, [32m'0.01'[39m ]
data rcv RT:[ [32m'0.00'[39m, [32m'4.34'[39m, [32m'3.38'[39m, [32m'0.02'[39m ]
data rcv RT:[ [32m'0.00'[39m, [32m'4.34'[39m, [32m'3.39'[39m, [32m'0.00'[39m ]
data rcv RT:[ [32m'0.00'[39m, [32m'4.34'[39m, [32m'3.38'[39m, [32m'0.05'[39m ]
data rcv RT:[ [32m'0.00'[39m, [32m'4.35'[39m, [32m'3.37'[39m, [32m'0.03'[39m ]
data rcv RT:[ [32m'0.00'[39m, [32m'4.38'[39m, [32m'3.39'[39m, [32m'0.02'[39m ]
data rcv RT:[ [32m'0.00'[39m, [32m'4.35'[39m, [32m'3.37'[39m, [32m'0.04'[39m ]
data rcv RT:[ [32m'0.00'[39m, [32m'4.37'[39m, [32m'3.41'[39m, [32m'0.00'[39m ]
data rcv RT:[ [32m'0.00'[39m, [32m'4.37'[39m, [32m'3.40'[39m, [32m'0.01'[39m ]
data rcv RT:[ [32m'0.00'[39m, [32m'4.34'[39m, [32m'3.44'[39m, [32m'0.00'[39m ]
data rcv RT:[ [32m'0.00'[39m, [32m'4.35'[39m, [32m'3.41'[39m, [32m'0.00'[39m ]
data rcv RT:[ [32m'0.00'[39m, [32m'4.31'[39m, [32m'3.44'[39m, [32m'0.00'[39m ]
data rcv RT:[ [32m'0.00'[39m, [32m'4.31'[39m, [32m'3.40'[39m, [32m'0.00'[39m ]
data rcv RT:[ [32m'0.00'[39m, [32m'4.29'[39m, [32m'3.43'[39m, [32m'0.00'[39m ]
data rcv RT:[ [32m'0.00'[39m, [32m'4.26'[39m, [32m'3.39'[39m, [32m'0.00'[39m ]
data rcv RT:[ [32m'0.00'[39m, [32m'4.28'[39m, [32m'3.39'[39m, [32m'0.00'[39m ]
data rcv RT:[ [32m'0.00'[39m, [32m'4.27'[39m, [32m'3.38'[39m, [32m'0.00'[39m ]
data rcv RT:[ [32m'0.00'[39m, [32m'4.30'[39m, [32m'3.37'[39m, [32m'0.00'[39m ]
data rcv RT:[ [32m'0.00'[39m, [32m'4.28'[39m, [32m'3.39'[39m, [32m'0.00'[39m ]
data rcv RT:[ [32m'0.00'[39m, [32m'4.33'[39m, [32m'3.38'[39m, [32m'0.01'[39m ]
data rcv RT:[ [32m'0.00'[39m, [32m'4.33'[39m, [32m'3.36'[39m, [32m'0.04'[39m ]
data rcv RT:[ [32m'0.00'[39m, [32m'4.33'[39m, [32m'3.39'[39m, [32m'0.02'[39m ]
data rcv RT:[ [32m'0.00'[39m, [32m'4.38'[39m, [32m'3.37'[39m, [32m'0.03'[39m ]
data rcv RT:[ [32m'0.00'[39m, [32m'4.39'[39m, [32m'3.43'[39m, [32m'0.00'[39m ]
data rcv RT:[ [32m'0.00'[39m, [32m'4.37'[39m, [32m'3.43'[39m, [32m'0.00'[39m ]
data rcv RT:[ [32m'0.00'[39m, [32m'4.33'[39m, [32m'3.42'[39m, [32m'0.00'[39m ]
data rcv RT:[ [32m'0.00'[39m, [32m'4.32'[39m, [32m'3.43'[39m, [32m'0.00'[39m ]
data rcv RT:[ [32m'0.00'[39m, [32m'4.32'[39m, [32m'3.44'[39m, [32m'0.00'[39m ]
data rcv RT:[ [32m'0.00'[39m, [32m'4.27'[39m, [32m'3.40'[39m, [32m'0.00'[39m ]
data rcv RT:[ [32m'0.00'[39m, [32m'4.26'[39m, [32m'3.43'[39m, [32m'0.00'[39m ]
data rcv RT:[ [32m'0.00'[39m, [32m'4.28'[39m, [32m'3.38'[39m, [32m'0.00'[39m ]
data rcv RT:[ [32m'0.00'[39m, [32m'4.29'[39m, [32m'3.38'[39m, [32m'0.00'[39m ]
data rcv RT:[ [32m'0.00'[39m, [32m'4.30'[39m, [32m'3.37'[39m, [32m'0.00'[39m ]
data rcv RT:[ [32m'0.00'[39m, [32m'4.30'[39m, [32m'3.37'[39m, [32m'0.01'[39m ]
data rcv RT:[ [32m'0.00'[39m, [32m'4.29'[39m, [32m'3.39'[39m, [32m'0.02'[39m ]
data rcv RT:[ [32m'0.00'[39m, [32m'4.32'[39m, [32m'3.35'[39m, [32m'0.03'[39m ]
data rcv RT:[ [32m'0.00'[39m, [32m'4.36'[39m, [32m'3.39'[39m, [32m'0.02'[39m ]
data rcv RT:[ [32m'0.00'[39m, [32m'4.34'[39m, [32m'3.42'[39m, [32m'0.00'[39m ]
data rcv RT:[ [32m'0.00'[39m, [32m'4.33'[39m, [32m'3.41'[39m, [32m'0.00'[39m ]
data rcv RT:[ [32m'0.00'[39m, [32m'4.30'[39m, [32m'3.42'[39m, [32m'0.00'[39m ]
data rcv RT:[ [32m'0.00'[39m, [32m'4.30'[39m, [32m'3.46'[39m, [32m'0.00'[39m ]
data rcv RT:[ [32m'0.00'[39m, [32m'4.25'[39m, [32m'3.43'[39m, [32m'0.00'[39m ]
data rcv RT:[ [32m'0.00'[39m, [32m'4.26'[39m, [32m'3.43'[39m, [32m'0.00'[39m ]
data rcv RT:[ [32m'0.00'[39m, [32m'4.29'[39m, [32m'3.37'[39m, [32m'0.00'[39m ]
data rcv RT:[ [32m'0.00'[39m, [32m'4.35'[39m, [32m'3.39'[39m, [32m'0.02'[39m ]
data rcv RT:[ [32m'0.00'[39m, [32m'4.33'[39m, [32m'3.38'[39m, [32m'0.03'[39m ]
data rcv RT:[ [32m'0.00'[39m, [32m'4.35'[39m, [32m'3.36'[39m, [32m'0.01'[39m ]
data rcv RT:[ [32m'0.00'[39m, [32m'4.36'[39m, [32m'3.36'[39m, [32m'0.03'[39m ]
data rcv RT:[ [32m'0.00'[39m, [32m'4.36'[39m, [32m'3.42'[39m, [32m'0.00'[39m ]
data rcv RT:[ [32m'0.00'[39m, [32m'4.35'[39m, [32m'3.40'[39m, [32m'0.00'[39m ]
data rcv RT:[ [32m'0.00'[39m, [32m'4.35'[39m, [32m'3.41'[39m, [32m'0.00'[39m ]
data rcv RT:[ [32m'0.00'[39m, [32m'4.32'[39m, [32m'3.43'[39m, [32m'0.00'[39m ]
data rcv RT:[ [32m'0.00'[39m, [32m'4.32'[39m, [32m'3.43'[39m, [32m'0.00'[39m ]
data rcv RT:[ [32m'0.00'[39m, [32m'4.30'[39m, [32m'3.44'[39m, [32m'0.00'[39m ]
data rcv RT:[ [32m'0.00'[39m, [32m'4.29'[39m, [32m'3.42'[39m, [32m'0.00'[39m ]
data rcv RT:[ [32m'0.00'[39m, [32m'4.25'[39m, [32m'3.38'[39m, [32m'0.00'[39m ]
data rcv RT:[ [32m'0.00'[39m, [32m'4.26'[39m, [32m'3.38'[39m, [32m'0.00'[39m ]
data rcv RT:[ [32m'0.00'[39m, [32m'4.29'[39m, [32m'3.37'[39m, [32m'0.00'[39m ]
data rcv RT:[ [32m'0.00'[39m, [32m'4.31'[39m, [32m'3.39'[39m, [32m'0.00'[39m ]
data rcv RT:[ [32m'0.00'[39m, [32m'4.31'[39m, [32m'3.40'[39m, [32m'0.01'[39m ]
data rcv RT:[ [32m'0.00'[39m, [32m'4.34'[39m, [32m'3.40'[39m, [32m'0.02'[39m ]
data rcv RT:[ [32m'0.00'[39m, [32m'4.34'[39m, [32m'3.39'[39m, [32m'0.02'[39m ]
data rcv RT:[ [32m'0.00'[39m, [32m'4.36'[39m, [32m'3.39'[39m, [32m'0.00'[39m ]
data rcv RT:[ [32m'0.00'[39m, [32m'4.33'[39m, [32m'3.44'[39m, [32m'0.00'[39m ]
data rcv RT:[ [32m'0.00'[39m, [32m'4.30'[39m, [32m'3.42'[39m, [32m'0.00'[39m ]
data rcv RT:[ [32m'0.00'[39m, [32m'4.29'[39m, [32m'3.44'[39m, [32m'0.00'[39m ]
data rcv RT:[ [32m'0.00'[39m, [32m'4.28'[39m, [32m'3.41'[39m, [32m'0.00'[39m ]
data rcv RT:[ [32m'0.00'[39m, [32m'4.28'[39m, [32m'3.41'[39m, [32m'0.00'[39m ]
data rcv RT:[ [32m'0.00'[39m, [32m'4.27'[39m, [32m'3.37'[39m, [32m'0.00'[39m ]
data rcv RT:[ [32m'0.00'[39m, [32m'4.28'[39m, [32m'3.38'[39m, [32m'0.00'[39m ]
data rcv RT:[ [32m'0.00'[39m, [32m'4.32'[39m, [32m'3.36'[39m, [32m'0.00'[39m ]
data rcv RT:[ [32m'0.00'[39m, [32m'4.34'[39m, [32m'3.37'[39m, [32m'0.01'[39m ]
data rcv RT:[ [32m'0.00'[39m, [32m'4.33'[39m, [32m'3.35'[39m, [32m'0.05'[39m ]
data rcv RT:[ [32m'0.00'[39m, [32m'4.39'[39m, [32m'3.40'[39m, [32m'0.01'[39m ]
data rcv RT:[ [32m'0.00'[39m, [32m'4.36'[39m, [32m'3.43'[39m, [32m'0.00'[39m ]
data rcv RT:[ [32m'0.00'[39m, [32m'4.35'[39m, [32m'3.40'[39m, [32m'0.00'[39m ]
data rcv RT:[ [32m'0.00'[39m, [32m'4.35'[39m, [32m'3.43'[39m, [32m'0.00'[39m ]
data rcv RT:[ [32m'0.00'[39m, [32m'4.32'[39m, [32m'3.43'[39m, [32m'0.00'[39m ]
data rcv RT:[ [32m'0.00'[39m, [32m'4.28'[39m, [32m'3.44'[39m, [32m'0.00'[39m ]
data rcv RT:[ [32m'0.00'[39m, [32m'4.27'[39m, [32m'3.39'[39m, [32m'0.00'[39m ]
data rcv RT:[ [32m'0.00'[39m, [32m'4.27'[39m, [32m'3.41'[39m, [32m'0.00'[39m ]
data rcv RT:[ [32m'0.00'[39m, [32m'4.29'[39m, [32m'3.37'[39m, [32m'0.00'[39m ]
data rcv RT:[ [32m'0.00'[39m, [32m'4.29'[39m, [32m'3.39'[39m, [32m'0.00'[39m ]
data rcv RT:[ [32m'0.00'[39m, [32m'4.34'[39m, [32m'3.38'[39m, [32m'0.05'[39m ]
data rcv RT:[ [32m'0.00'[39m, [32m'4.35'[39m, [32m'3.37'[39m, [32m'0.04'[39m ]
data rcv RT:[ [32m'0.00'[39m, [32m'4.38'[39m, [32m'3.40'[39m, [32m'0.02'[39m ]
data rcv RT:[ [32m'0.00'[39m, [32m'4.34'[39m, [32m'3.41'[39m, [32m'0.00'[39m ]
data rcv RT:[ [32m'0.00'[39m, [32m'4.34'[39m, [32m'3.44'[39m, [32m'0.00'[39m ]
data rcv RT:[ [32m'0.00'[39m, [32m'4.32'[39m, [32m'3.44'[39m, [32m'0.00'[39m ]
data rcv RT:[ [32m'0.00'[39m, [32m'4.29'[39m, [32m'3.44'[39m, [32m'0.00'[39m ]
data rcv RT:[ [32m'0.00'[39m, [32m'4.30'[39m, [32m'3.46'[39m, [32m'0.00'[39m ]
data rcv RT:[ [32m'0.00'[39m, [32m'4.26'[39m, [32m'3.38'[39m, [32m'0.00'[39m ]
data rcv RT:[ [32m'0.00'[39m, [32m'4.26'[39m, [32m'3.38'[39m, [32m'0.00'[39m ]
data rcv RT:[ [32m'0.00'[39m, [32m'4.28'[39m, [32m'3.37'[39m, [32m'0.00'[39m ]
data rcv RT:[ [32m'0.00'[39m, [32m'4.28'[39m, [32m'3.38'[39m, [32m'0.00'[39m ]
data rcv RT:[ [32m'0.00'[39m, [32m'4.30'[39m, [32m'3.37'[39m, [32m'0.00'[39m ]
data rcv RT:[ [32m'0.00'[39m, [32m'4.34'[39m, [32m'3.37'[39m, [32m'0.04'[39m ]
data rcv RT:[ [32m'0.00'[39m, [32m'4.35'[39m, [32m'3.38'[39m, [32m'0.03'[39m ]
data rcv RT:[ [32m'0.00'[39m, [32m'4.34'[39m, [32m'3.36'[39m, [32m'0.06'[39m ]
data rcv RT:[ [32m'0.00'[39m, [32m'4.36'[39m, [32m'3.41'[39m, [32m'0.00'[39m ]
data rcv RT:[ [32m'0.00'[39m, [32m'4.36'[39m, [32m'3.41'[39m, [32m'0.02'[39m ]
data rcv RT:[ [32m'0.00'[39m, [32m'4.35'[39m, [32m'3.43'[39m, [32m'0.00'[39m ]
data rcv RT:[ [32m'0.00'[39m, [32m'4.31'[39m, [32m'3.41'[39m, [32m'0.00'[39m ]
data rcv RT:[ [32m'0.00'[39m, [32m'4.30'[39m, [32m'3.46'[39m, [32m'0.00'[39m ]
data rcv RT:[ [32m'0.00'[39m, [32m'4.25'[39m, [32m'3.38'[39m, [32m'0.00'[39m ]
data rcv RT:[ [32m'0.00'[39m, [32m'4.26'[39m, [32m'3.38'[39m, [32m'0.00'[39m ]
data rcv RT:[ [32m'0.00'[39m, [32m'4.25'[39m, [32m'3.39'[39m, [32m'0.00'[39m ]
data rcv RT:[ [32m'0.00'[39m, [32m'4.25'[39m, [32m'3.40'[39m, [32m'0.00'[39m ]
data rcv RT:[ [32m'0.00'[39m, [32m'4.32'[39m, [32m'3.37'[39m, [32m'0.00'[39m ]
data rcv RT:[ [32m'0.00'[39m, [32m'4.33'[39m, [32m'3.37'[39m, [32m'0.02'[39m ]
data rcv RT:[ [32m'0.00'[39m, [32m'4.33'[39m, [32m'3.39'[39m, [32m'0.02'[39m ]
data rcv RT:[ [32m'0.00'[39m, [32m'4.37'[39m, [32m'3.41'[39m, [32m'0.02'[39m ]
data rcv RT:[ [32m'0.00'[39m, [32m'4.36'[39m, [32m'3.37'[39m, [32m'0.05'[39m ]
data rcv RT:[ [32m'0.00'[39m, [32m'4.36'[39m, [32m'3.40'[39m, [32m'0.02'[39m ]
data rcv RT:[ [32m'0.00'[39m, [32m'4.34'[39m, [32m'3.42'[39m, [32m'0.00'[39m ]
data rcv RT:[ [32m'0.00'[39m, [32m'4.34'[39m, [32m'3.42'[39m, [32m'0.00'[39m ]
data rcv RT:[ [32m'0.00'[39m, [32m'4.33'[39m, [32m'3.42'[39m, [32m'0.00'[39m ]
data rcv RT:[ [32m'0.00'[39m, [32m'4.31'[39m, [32m'3.42'[39m, [32m'0.00'[39m ]
data rcv RT:[ [32m'0.00'[39m, [32m'4.31'[39m, [32m'3.42'[39m, [32m'0.00'[39m ]
data rcv RT:[ [32m'0.00'[39m, [32m'4.27'[39m, [32m'3.42'[39m, [32m'0.00'[39m ]
data rcv RT:[ [32m'0.00'[39m, [32m'4.28'[39m, [32m'3.39'[39m, [32m'0.00'[39m ]
data rcv RT:[ [32m'0.00'[39m, [32m'4.27'[39m, [32m'3.39'[39m, [32m'0.00'[39m ]
data rcv RT:[ [32m'0.00'[39m, [32m'4.33'[39m, [32m'3.38'[39m, [32m'0.02'[39m ]
data rcv RT:[ [32m'0.00'[39m, [32m'4.33'[39m, [32m'3.38'[39m, [32m'0.03'[39m ]
data rcv RT:[ [32m'0.00'[39m, [32m'4.37'[39m, [32m'3.39'[39m, [32m'0.02'[39m ]
data rcv RT:[ [32m'0.00'[39m, [32m'4.35'[39m, [32m'3.43'[39m, [32m'0.00'[39m ]
data rcv RT:[ [32m'0.00'[39m, [32m'4.32'[39m, [32m'3.43'[39m, [32m'0.00'[39m ]
data rcv RT:[ [32m'0.00'[39m, [32m'4.30'[39m, [32m'3.41'[39m, [32m'0.00'[39m ]
data rcv RT:[ [32m'0.00'[39m, [32m'4.31'[39m, [32m'3.41'[39m, [32m'0.00'[39m ]
data rcv RT:[ [32m'0.00'[39m, [32m'4.27'[39m, [32m'3.42'[39m, [32m'0.00'[39m ]
data rcv RT:[ [32m'0.00'[39m, [32m'4.26'[39m, [32m'3.41'[39m, [32m'0.00'[39m ]
data rcv RT:[ [32m'0.00'[39m, [32m'4.27'[39m, [32m'3.39'[39m, [32m'0.00'[39m ]
data rcv RT:[ [32m'0.00'[39m, [32m'4.29'[39m, [32m'3.40'[39m, [32m'0.00'[39m ]
data rcv RT:[ [32m'0.00'[39m, [32m'4.33'[39m, [32m'3.38'[39m, [32m'0.01'[39m ]
data rcv RT:[ [32m'0.00'[39m, [32m'4.33'[39m, [32m'3.38'[39m, [32m'0.01'[39m ]
data rcv RT:[ [32m'0.00'[39m, [32m'4.34'[39m, [32m'3.37'[39m, [32m'0.03'[39m ]
data rcv RT:[ [32m'0.00'[39m, [32m'4.38'[39m, [32m'3.39'[39m, [32m'0.02'[39m ]
data rcv RT:[ [32m'0.00'[39m, [32m'4.40'[39m, [32m'3.44'[39m, [32m'0.00'[39m ]
data rcv RT:[ [32m'0.00'[39m, [32m'4.38'[39m, [32m'3.39'[39m, [32m'0.00'[39m ]
data rcv RT:[ [32m'0.00'[39m, [32m'4.31'[39m, [32m'3.43'[39m, [32m'0.00'[39m ]
data rcv RT:[ [32m'0.00'[39m, [32m'4.30'[39m, [32m'3.42'[39m, [32m'0.00'[39m ]
data rcv RT:[ [32m'0.00'[39m, [32m'4.30'[39m, [32m'3.44'[39m, [32m'0.00'[39m ]
data rcv RT:[ [32m'0.00'[39m, [32m'4.27'[39m, [32m'3.37'[39m, [32m'0.00'[39m ]
data rcv RT:[ [32m'0.00'[39m, [32m'4.25'[39m, [32m'3.42'[39m, [32m'0.00'[39m ]
data rcv RT:[ [32m'0.00'[39m, [32m'4.29'[39m, [32m'3.39'[39m, [32m'0.00'[39m ]
data rcv RT:[ [32m'0.00'[39m, [32m'4.29'[39m, [32m'3.39'[39m, [32m'0.00'[39m ]
data rcv RT:[ [32m'0.00'[39m, [32m'4.34'[39m, [32m'3.38'[39m, [32m'0.01'[39m ]
data rcv RT:[ [32m'0.00'[39m, [32m'4.31'[39m, [32m'3.38'[39m, [32m'0.00'[39m ]
data rcv RT:[ [32m'0.00'[39m, [32m'4.32'[39m, [32m'3.37'[39m, [32m'0.03'[39m ]
data rcv RT:[ [32m'0.00'[39m, [32m'4.34'[39m, [32m'3.35'[39m, [32m'0.06'[39m ]
data rcv RT:[ [32m'0.00'[39m, [32m'4.33'[39m, [32m'3.36'[39m, [32m'0.06'[39m ]
data rcv RT:[ [32m'0.00'[39m, [32m'4.39'[39m, [32m'3.40'[39m, [32m'0.03'[39m ]
data rcv RT:[ [32m'0.00'[39m, [32m'4.35'[39m, [32m'3.42'[39m, [32m'0.00'[39m ]
data rcv RT:[ [32m'0.00'[39m, [32m'4.31'[39m, [32m'3.43'[39m, [32m'0.00'[39m ]
data rcv RT:[ [32m'0.00'[39m, [32m'4.32'[39m, [32m'3.45'[39m, [32m'0.00'[39m ]
data rcv RT:[ [32m'0.00'[39m, [32m'4.28'[39m, [32m'3.40'[39m, [32m'0.00'[39m ]
data rcv RT:[ [32m'0.00'[39m, [32m'4.24'[39m, [32m'3.41'[39m, [32m'0.00'[39m ]
data rcv RT:[ [32m'0.00'[39m, [32m'4.25'[39m, [32m'3.41'[39m, [32m'0.00'[39m ]
data rcv RT:[ [32m'0.00'[39m, [32m'4.29'[39m, [32m'3.38'[39m, [32m'0.00'[39m ]
data rcv RT:[ [32m'0.00'[39m, [32m'4.30'[39m, [32m'3.37'[39m, [32m'0.00'[39m ]
data rcv RT:[ [32m'0.00'[39m, [32m'4.33'[39m, [32m'3.40'[39m, [32m'0.00'[39m ]
data rcv RT:[ [32m'0.00'[39m, [32m'4.35'[39m, [32m'3.36'[39m, [32m'0.05'[39m ]
data rcv RT:[ [32m'0.00'[39m, [32m'4.36'[39m, [32m'3.38'[39m, [32m'0.02'[39m ]
data rcv RT:[ [32m'0.00'[39m, [32m'4.36'[39m, [32m'3.37'[39m, [32m'0.05'[39m ]
data rcv RT:[ [32m'0.00'[39m, [32m'4.38'[39m, [32m'3.40'[39m, [32m'0.00'[39m ]
data rcv RT:[ [32m'0.00'[39m, [32m'4.35'[39m, [32m'3.40'[39m, [32m'0.00'[39m ]
data rcv RT:[ [32m'0.00'[39m, [32m'4.35'[39m, [32m'3.43'[39m, [32m'0.00'[39m ]
data rcv RT:[ [32m'0.00'[39m, [32m'4.34'[39m, [32m'3.42'[39m, [32m'0.00'[39m ]
data rcv RT:[ [32m'0.00'[39m, [32m'4.33'[39m, [32m'3.41'[39m, [32m'0.00'[39m ]
data rcv RT:[ [32m'0.00'[39m, [32m'4.33'[39m, [32m'3.43'[39m, [32m'0.00'[39m ]
data rcv RT:[ [32m'0.00'[39m, [32m'4.30'[39m, [32m'3.44'[39m, [32m'0.00'[39m ]
data rcv RT:[ [32m'0.00'[39m, [32m'4.27'[39m, [32m'3.42'[39m, [32m'0.00'[39m ]
data rcv RT:[ [32m'0.00'[39m, [32m'4.27'[39m, [32m'3.42'[39m, [32m'0.00'[39m ]
data rcv RT:[ [32m'0.00'[39m, [32m'4.28'[39m, [32m'3.39'[39m, [32m'0.00'[39m ]
data rcv RT:[ [32m'0.00'[39m, [32m'4.26'[39m, [32m'3.39'[39m, [32m'0.00'[39m ]
data rcv RT:[ [32m'0.00'[39m, [32m'4.32'[39m, [32m'3.36'[39m, [32m'0.00'[39m ]
data rcv RT:[ [32m'0.00'[39m, [32m'4.31'[39m, [32m'3.37'[39m, [32m'0.00'[39m ]
data rcv RT:[ [32m'0.00'[39m, [32m'4.32'[39m, [32m'3.40'[39m, [32m'0.00'[39m ]
data rcv RT:[ [32m'0.00'[39m, [32m'4.34'[39m, [32m'3.37'[39m, [32m'0.02'[39m ]
data rcv RT:[ [32m'0.00'[39m, [32m'4.37'[39m, [32m'3.39'[39m, [32m'0.01'[39m ]
data rcv RT:[ [32m'0.00'[39m, [32m'4.34'[39m, [32m'3.43'[39m, [32m'0.00'[39m ]
data rcv RT:[ [32m'0.00'[39m, [32m'4.37'[39m, [32m'3.42'[39m, [32m'0.00'[39m ]
data rcv RT:[ [32m'0.00'[39m, [32m'4.35'[39m, [32m'3.41'[39m, [32m'0.00'[39m ]
data rcv RT:[ [32m'0.00'[39m, [32m'4.32'[39m, [32m'3.40'[39m, [32m'0.00'[39m ]
data rcv RT:[ [32m'0.00'[39m, [32m'4.31'[39m, [32m'3.41'[39m, [32m'0.00'[39m ]
data rcv RT:[ [32m'0.00'[39m, [32m'4.30'[39m, [32m'3.42'[39m, [32m'0.00'[39m ]
data rcv RT:[ [32m'0.00'[39m, [32m'4.30'[39m, [32m'3.45'[39m, [32m'0.00'[39m ]
data rcv RT:[ [32m'0.00'[39m, [32m'4.27'[39m, [32m'3.43'[39m, [32m'0.00'[39m ]
data rcv RT:[ [32m'0.00'[39m, [32m'4.26'[39m, [32m'3.40'[39m, [32m'0.00'[39m ]
data rcv RT:[ [32m'0.00'[39m, [32m'4.29'[39m, [32m'3.39'[39m, [32m'0.00'[39m ]
data rcv RT:[ [32m'0.00'[39m, [32m'4.26'[39m, [32m'3.37'[39m, [32m'0.00'[39m ]
data rcv RT:[ [32m'0.00'[39m, [32m'4.29'[39m, [32m'3.36'[39m, [32m'0.00'[39m ]
data rcv RT:[ [32m'0.00'[39m, [32m'4.28'[39m, [32m'3.37'[39m, [32m'0.00'[39m ]
data rcv RT:[ [32m'0.00'[39m, [32m'4.34'[39m, [32m'3.38'[39m, [32m'0.02'[39m ]
data rcv RT:[ [32m'0.00'[39m, [32m'4.34'[39m, [32m'3.38'[39m, [32m'0.02'[39m ]
data rcv RT:[ [32m'0.00'[39m, [32m'4.39'[39m, [32m'3.39'[39m, [32m'0.03'[39m ]
data rcv RT:[ [32m'0.00'[39m, [32m'4.36'[39m, [32m'3.39'[39m, [32m'0.06'[39m ]
data rcv RT:[ [32m'0.00'[39m, [32m'4.34'[39m, [32m'3.43'[39m, [32m'0.00'[39m ]
data rcv RT:[ [32m'0.00'[39m, [32m'4.36'[39m, [32m'3.40'[39m, [32m'0.00'[39m ]
data rcv RT:[ [32m'0.00'[39m, [32m'4.30'[39m, [32m'3.43'[39m, [32m'0.00'[39m ]
data rcv RT:[ [32m'0.00'[39m, [32m'4.31'[39m, [32m'3.45'[39m, [32m'0.00'[39m ]
data rcv RT:[ [32m'0.00'[39m, [32m'4.30'[39m, [32m'3.42'[39m, [32m'0.00'[39m ]
data rcv RT:[ [32m'0.00'[39m, [32m'4.25'[39m, [32m'3.40'[39m, [32m'0.00'[39m ]
data rcv RT:[ [32m'0.00'[39m, [32m'4.28'[39m, [32m'3.38'[39m, [32m'0.00'[39m ]
data rcv RT:[ [32m'0.00'[39m, [32m'4.29'[39m, [32m'3.38'[39m, [32m'0.00'[39m ]
data rcv RT:[ [32m'0.00'[39m, [32m'4.31'[39m, [32m'3.38'[39m, [32m'0.02'[39m ]
data rcv RT:[ [32m'0.00'[39m, [32m'4.36'[39m, [32m'3.37'[39m, [32m'0.05'[39m ]
data rcv RT:[ [32m'0.00'[39m, [32m'4.36'[39m, [32m'3.37'[39m, [32m'0.03'[39m ]
data rcv RT:[ [32m'0.00'[39m, [32m'4.38'[39m, [32m'3.38'[39m, [32m'0.04'[39m ]
data rcv RT:[ [32m'0.00'[39m, [32m'4.37'[39m, [32m'3.43'[39m, [32m'0.00'[39m ]
data rcv RT:[ [32m'0.00'[39m, [32m'4.35'[39m, [32m'3.41'[39m, [32m'0.00'[39m ]
data rcv RT:[ [32m'0.00'[39m, [32m'4.31'[39m, [32m'3.40'[39m, [32m'0.00'[39m ]
data rcv RT:[ [32m'0.00'[39m, [32m'4.32'[39m, [32m'3.44'[39m, [32m'0.00'[39m ]
data rcv RT:[ [32m'0.00'[39m, [32m'4.29'[39m, [32m'3.43'[39m, [32m'0.00'[39m ]
data rcv RT:[ [32m'0.00'[39m, [32m'4.26'[39m, [32m'3.42'[39m, [32m'0.00'[39m ]
data rcv RT:[ [32m'0.00'[39m, [32m'4.26'[39m, [32m'3.40'[39m, [32m'0.00'[39m ]
data rcv RT:[ [32m'0.00'[39m, [32m'4.27'[39m, [32m'3.36'[39m, [32m'0.00'[39m ]
data rcv RT:[ [32m'0.00'[39m, [32m'4.26'[39m, [32m'3.38'[39m, [32m'0.00'[39m ]
data rcv RT:[ [32m'0.00'[39m, [32m'4.32'[39m, [32m'3.38'[39m, [32m'0.00'[39m ]
data rcv RT:[ [32m'0.00'[39m, [32m'4.33'[39m, [32m'3.39'[39m, [32m'0.00'[39m ]
data rcv RT:[ [32m'0.00'[39m, [32m'4.35'[39m, [32m'3.36'[39m, [32m'0.04'[39m ]
data rcv RT:[ [32m'0.00'[39m, [32m'4.36'[39m, [32m'3.40'[39m, [32m'0.00'[39m ]
data rcv RT:[ [32m'0.00'[39m, [32m'4.37'[39m, [32m'3.42'[39m, [32m'0.00'[39m ]
data rcv RT:[ [32m'0.00'[39m, [32m'4.34'[39m, [32m'3.42'[39m, [32m'0.00'[39m ]
data rcv RT:[ [32m'0.00'[39m, [32m'4.32'[39m, [32m'3.45'[39m, [32m'0.00'[39m ]
data rcv RT:[ [32m'0.00'[39m, [32m'4.32'[39m, [32m'3.41'[39m, [32m'0.00'[39m ]
data rcv RT:[ [32m'0.00'[39m, [32m'4.31'[39m, [32m'3.43'[39m, [32m'0.00'[39m ]
data rcv RT:[ [32m'0.00'[39m, [32m'4.28'[39m, [32m'3.40'[39m, [32m'0.00'[39m ]
data rcv RT:[ [32m'0.00'[39m, [32m'4.27'[39m, [32m'3.37'[39m, [32m'0.00'[39m ]
data rcv RT:[ [32m'0.00'[39m, [32m'4.29'[39m, [32m'3.38'[39m, [32m'0.00'[39m ]
data rcv RT:[ [32m'0.00'[39m, [32m'4.30'[39m, [32m'3.40'[39m, [32m'0.01'[39m ]
data rcv RT:[ [32m'0.00'[39m, [32m'4.35'[39m, [32m'3.35'[39m, [32m'0.04'[39m ]
data rcv RT:[ [32m'0.00'[39m, [32m'4.36'[39m, [32m'3.40'[39m, [32m'0.01'[39m ]
data rcv RT:[ [32m'0.00'[39m, [32m'4.36'[39m, [32m'3.43'[39m, [32m'0.00'[39m ]
data rcv RT:[ [32m'0.00'[39m, [32m'4.36'[39m, [32m'3.44'[39m, [32m'0.00'[39m ]
data rcv RT:[ [32m'0.00'[39m, [32m'4.29'[39m, [32m'3.42'[39m, [32m'0.00'[39m ]
data rcv RT:[ [32m'0.00'[39m, [32m'4.31'[39m, [32m'3.47'[39m, [32m'0.00'[39m ]
data rcv RT:[ [32m'0.00'[39m, [32m'4.27'[39m, [32m'3.41'[39m, [32m'0.00'[39m ]
data rcv RT:[ [32m'0.00'[39m, [32m'4.27'[39m, [32m'3.37'[39m, [32m'0.00'[39m ]
data rcv RT:[ [32m'0.00'[39m, [32m'4.28'[39m, [32m'3.37'[39m, [32m'0.00'[39m ]
data rcv RT:[ [32m'0.00'[39m, [32m'4.29'[39m, [32m'3.39'[39m, [32m'0.01'[39m ]
data rcv RT:[ [32m'0.00'[39m, [32m'4.34'[39m, [32m'3.37'[39m, [32m'0.02'[39m ]
data rcv RT:[ [32m'0.00'[39m, [32m'4.36'[39m, [32m'3.35'[39m, [32m'0.03'[39m ]
data rcv RT:[ [32m'0.00'[39m, [32m'4.36'[39m, [32m'3.42'[39m, [32m'0.00'[39m ]
data rcv RT:[ [32m'0.00'[39m, [32m'4.36'[39m, [32m'3.43'[39m, [32m'0.00'[39m ]
data rcv RT:[ [32m'0.00'[39m, [32m'4.34'[39m, [32m'3.41'[39m, [32m'0.00'[39m ]
data rcv RT:[ [32m'0.00'[39m, [32m'4.34'[39m, [32m'3.43'[39m, [32m'0.00'[39m ]
data rcv RT:[ [32m'0.00'[39m, [32m'4.32'[39m, [32m'3.42'[39m, [32m'0.00'[39m ]
data rcv RT:[ [32m'0.00'[39m, [32m'4.33'[39m, [32m'3.43'[39m, [32m'0.00'[39m ]
data rcv RT:[ [32m'0.00'[39m, [32m'4.29'[39m, [32m'3.44'[39m, [32m'0.00'[39m ]
data rcv RT:[ [32m'0.00'[39m, [32m'4.27'[39m, [32m'3.43'[39m, [32m'0.00'[39m ]
data rcv RT:[ [32m'0.00'[39m, [32m'4.27'[39m, [32m'3.40'[39m, [32m'0.00'[39m ]
data rcv RT:[ [32m'0.00'[39m, [32m'4.26'[39m, [32m'3.40'[39m, [32m'0.00'[39m ]
data rcv RT:[ [32m'0.00'[39m, [32m'4.32'[39m, [32m'3.38'[39m, [32m'0.02'[39m ]
data rcv RT:[ [32m'0.00'[39m, [32m'4.33'[39m, [32m'3.38'[39m, [32m'0.02'[39m ]
data rcv RT:[ [32m'0.00'[39m, [32m'4.35'[39m, [32m'3.38'[39m, [32m'0.05'[39m ]
data rcv RT:[ [32m'0.00'[39m, [32m'4.34'[39m, [32m'3.36'[39m, [32m'0.05'[39m ]
data rcv RT:[ [32m'0.00'[39m, [32m'4.38'[39m, [32m'3.42'[39m, [32m'0.00'[39m ]
data rcv RT:[ [32m'0.00'[39m, [32m'4.37'[39m, [32m'3.43'[39m, [32m'0.00'[39m ]
data rcv RT:[ [32m'0.00'[39m, [32m'4.33'[39m, [32m'3.42'[39m, [32m'0.00'[39m ]
data rcv RT:[ [32m'0.00'[39m, [32m'4.33'[39m, [32m'3.42'[39m, [32m'0.00'[39m ]
data rcv RT:[ [32m'0.00'[39m, [32m'4.30'[39m, [32m'3.41'[39m, [32m'0.00'[39m ]
data rcv RT:[ [32m'0.00'[39m, [32m'4.30'[39m, [32m'3.41'[39m, [32m'0.00'[39m ]
data rcv RT:[ [32m'0.00'[39m, [32m'4.28'[39m, [32m'3.42'[39m, [32m'0.00'[39m ]
data rcv RT:[ [32m'0.00'[39m, [32m'4.25'[39m, [32m'3.41'[39m, [32m'0.00'[39m ]
data rcv RT:[ [32m'0.00'[39m, [32m'4.28'[39m, [32m'3.38'[39m, [32m'0.00'[39m ]
data rcv RT:[ [32m'0.00'[39m, [32m'4.29'[39m, [32m'3.38'[39m, [32m'0.00'[39m ]
data rcv RT:[ [32m'0.00'[39m, [32m'4.32'[39m, [32m'3.37'[39m, [32m'0.00'[39m ]
data rcv RT:[ [32m'0.00'[39m, [32m'4.34'[39m, [32m'3.37'[39m, [32m'0.04'[39m ]
data rcv RT:[ [32m'0.00'[39m, [32m'4.34'[39m, [32m'3.37'[39m, [32m'0.03'[39m ]
data rcv RT:[ [32m'0.00'[39m, [32m'4.36'[39m, [32m'3.37'[39m, [32m'0.02'[39m ]
data rcv RT:[ [32m'0.00'[39m, [32m'4.39'[39m, [32m'3.43'[39m, [32m'0.00'[39m ]
data rcv RT:[ [32m'0.00'[39m, [32m'4.35'[39m, [32m'3.43'[39m, [32m'0.00'[39m ]
data rcv RT:[ [32m'0.00'[39m, [32m'4.33'[39m, [32m'3.43'[39m, [32m'0.00'[39m ]
data rcv RT:[ [32m'0.00'[39m, [32m'4.29'[39m, [32m'3.43'[39m, [32m'0.00'[39m ]
data rcv RT:[ [32m'0.00'[39m, [32m'4.29'[39m, [32m'3.42'[39m, [32m'0.00'[39m ]
data rcv RT:[ [32m'0.00'[39m, [32m'4.26'[39m, [32m'3.40'[39m, [32m'0.00'[39m ]
data rcv RT:[ [32m'0.00'[39m, [32m'4.27'[39m, [32m'3.39'[39m, [32m'0.00'[39m ]
data rcv RT:[ [32m'0.00'[39m, [32m'4.32'[39m, [32m'3.38'[39m, [32m'0.01'[39m ]
data rcv RT:[ [32m'0.00'[39m, [32m'4.33'[39m, [32m'3.36'[39m, [32m'0.01'[39m ]
data rcv RT:[ [32m'0.00'[39m, [32m'4.32'[39m, [32m'3.38'[39m, [32m'0.03'[39m ]
data rcv RT:[ [32m'0.00'[39m, [32m'4.38'[39m, [32m'3.42'[39m, [32m'0.00'[39m ]
data rcv RT:[ [32m'0.00'[39m, [32m'4.33'[39m, [32m'3.41'[39m, [32m'0.00'[39m ]
data rcv RT:[ [32m'0.00'[39m, [32m'4.33'[39m, [32m'3.42'[39m, [32m'0.00'[39m ]
data rcv RT:[ [32m'0.00'[39m, [32m'4.30'[39m, [32m'3.42'[39m, [32m'0.00'[39m ]
data rcv RT:[ [32m'0.00'[39m, [32m'4.28'[39m, [32m'3.39'[39m, [32m'0.00'[39m ]
data rcv RT:[ [32m'0.00'[39m, [32m'4.27'[39m, [32m'3.40'[39m, [32m'0.00'[39m ]
data rcv RT:[ [32m'0.00'[39m, [32m'4.26'[39m, [32m'3.40'[39m, [32m'0.00'[39m ]
data rcv RT:[ [32m'0.00'[39m, [32m'4.30'[39m, [32m'3.39'[39m, [32m'0.00'[39m ]
data rcv RT:[ [32m'0.00'[39m, [32m'4.30'[39m, [32m'3.39'[39m, [32m'0.00'[39m ]
data rcv RT:[ [32m'0.00'[39m, [32m'4.31'[39m, [32m'3.37'[39m, [32m'0.00'[39m ]
data rcv RT:[ [32m'0.00'[39m, [32m'4.34'[39m, [32m'3.39'[39m, [32m'0.03'[39m ]
data rcv RT:[ [32m'0.00'[39m, [32m'4.33'[39m, [32m'3.37'[39m, [32m'0.05'[39m ]
data rcv RT:[ [32m'0.00'[39m, [32m'4.38'[39m, [32m'3.41'[39m, [32m'0.00'[39m ]
data rcv RT:[ [32m'0.00'[39m, [32m'4.35'[39m, [32m'3.42'[39m, [32m'0.00'[39m ]
data rcv RT:[ [32m'0.00'[39m, [32m'4.31'[39m, [32m'3.41'[39m, [32m'0.00'[39m ]
data rcv RT:[ [32m'0.00'[39m, [32m'4.32'[39m, [32m'3.43'[39m, [32m'0.00'[39m ]
data rcv RT:[ [32m'0.00'[39m, [32m'4.31'[39m, [32m'3.44'[39m, [32m'0.00'[39m ]
data rcv RT:[ [32m'0.00'[39m, [32m'4.31'[39m, [32m'3.42'[39m, [32m'0.00'[39m ]
data rcv RT:[ [32m'0.00'[39m, [32m'4.31'[39m, [32m'3.44'[39m, [32m'0.00'[39m ]
data rcv RT:[ [32m'0.00'[39m, [32m'4.28'[39m, [32m'3.44'[39m, [32m'0.00'[39m ]
data rcv RT:[ [32m'0.00'[39m, [32m'4.27'[39m, [32m'3.37'[39m, [32m'0.00'[39m ]
data rcv RT:[ [32m'0.00'[39m, [32m'4.25'[39m, [32m'3.40'[39m, [32m'0.00'[39m ]
data rcv RT:[ [32m'0.00'[39m, [32m'4.29'[39m, [32m'3.39'[39m, [32m'0.00'[39m ]
data rcv RT:[ [32m'0.00'[39m, [32m'4.32'[39m, [32m'3.38'[39m, [32m'0.02'[39m ]
data rcv RT:[ [32m'0.00'[39m, [32m'4.34'[39m, [32m'3.37'[39m, [32m'0.04'[39m ]
data rcv RT:[ [32m'0.00'[39m, [32m'4.38'[39m, [32m'3.40'[39m, [32m'0.01'[39m ]
data rcv RT:[ [32m'0.00'[39m, [32m'4.35'[39m, [32m'3.41'[39m, [32m'0.00'[39m ]
data rcv RT:[ [32m'0.00'[39m, [32m'4.35'[39m, [32m'3.42'[39m, [32m'0.00'[39m ]
data rcv RT:[ [32m'0.00'[39m, [32m'4.30'[39m, [32m'3.43'[39m, [32m'0.00'[39m ]
data rcv RT:[ [32m'0.00'[39m, [32m'4.29'[39m, [32m'3.43'[39m, [32m'0.00'[39m ]
data rcv RT:[ [32m'0.00'[39m, [32m'4.25'[39m, [32m'3.39'[39m, [32m'0.00'[39m ]
data rcv RT:[ [32m'0.00'[39m, [32m'4.28'[39m, [32m'3.39'[39m, [32m'0.00'[39m ]
data rcv RT:[ [32m'0.00'[39m, [32m'4.28'[39m, [32m'3.38'[39m, [32m'0.00'[39m ]
data rcv RT:[ [32m'0.00'[39m, [32m'4.32'[39m, [32m'3.37'[39m, [32m'0.01'[39m ]
data rcv RT:[ [32m'0.00'[39m, [32m'4.33'[39m, [32m'3.37'[39m, [32m'0.00'[39m ]
data rcv RT:[ [32m'0.00'[39m, [32m'4.34'[39m, [32m'3.35'[39m, [32m'0.03'[39m ]
data rcv RT:[ [32m'0.00'[39m, [32m'4.36'[39m, [32m'3.35'[39m, [32m'0.02'[39m ]
data rcv RT:[ [32m'0.00'[39m, [32m'4.37'[39m, [32m'3.40'[39m, [32m'0.01'[39m ]
data rcv RT:[ [32m'0.00'[39m, [32m'4.35'[39m, [32m'3.41'[39m, [32m'0.00'[39m ]
data rcv RT:[ [32m'0.00'[39m, [32m'4.35'[39m, [32m'3.42'[39m, [32m'0.00'[39m ]
data rcv RT:[ [32m'0.00'[39m, [32m'4.32'[39m, [32m'3.43'[39m, [32m'0.00'[39m ]
data rcv RT:[ [32m'0.00'[39m, [32m'4.31'[39m, [32m'3.43'[39m, [32m'0.00'[39m ]
data rcv RT:[ [32m'0.00'[39m, [32m'4.31'[39m, [32m'3.42'[39m, [32m'0.00'[39m ]
data rcv RT:[ [32m'0.00'[39m, [32m'4.30'[39m, [32m'3.43'[39m, [32m'0.00'[39m ]
data rcv RT:[ [32m'0.00'[39m, [32m'4.25'[39m, [32m'3.43'[39m, [32m'0.00'[39m ]
data rcv RT:[ [32m'0.00'[39m, [32m'4.28'[39m, [32m'3.40'[39m, [32m'0.00'[39m ]
data rcv RT:[ [32m'0.00'[39m, [32m'4.28'[39m, [32m'3.37'[39m, [32m'0.00'[39m ]
data rcv RT:[ [32m'0.00'[39m, [32m'4.29'[39m, [32m'3.40'[39m, [32m'0.00'[39m ]
data rcv RT:[ [32m'0.00'[39m, [32m'4.33'[39m, [32m'3.38'[39m, [32m'0.02'[39m ]
data rcv RT:[ [32m'0.00'[39m, [32m'4.35'[39m, [32m'3.38'[39m, [32m'0.02'[39m ]
data rcv RT:[ [32m'0.00'[39m, [32m'4.34'[39m, [32m'3.39'[39m, [32m'0.03'[39m ]
data rcv RT:[ [32m'0.00'[39m, [32m'4.36'[39m, [32m'3.39'[39m, [32m'0.02'[39m ]
data rcv RT:[ [32m'0.00'[39m, [32m'4.37'[39m, [32m'3.41'[39m, [32m'0.00'[39m ]
data rcv RT:[ [32m'0.00'[39m, [32m'4.30'[39m, [32m'3.45'[39m, [32m'0.00'[39m ]
data rcv RT:[ [32m'0.00'[39m, [32m'4.31'[39m, [32m'3.44'[39m, [32m'0.00'[39m ]
data rcv RT:[ [32m'0.00'[39m, [32m'4.30'[39m, [32m'3.42'[39m, [32m'0.00'[39m ]
data rcv RT:[ [32m'0.00'[39m, [32m'4.31'[39m, [32m'3.45'[39m, [32m'0.00'[39m ]
data rcv RT:[ [32m'0.00'[39m, [32m'4.27'[39m, [32m'3.39'[39m, [32m'0.00'[39m ]
data rcv RT:[ [32m'0.00'[39m, [32m'4.27'[39m, [32m'3.37'[39m, [32m'0.00'[39m ]
data rcv RT:[ [32m'0.00'[39m, [32m'4.27'[39m, [32m'3.36'[39m, [32m'0.00'[39m ]
data rcv RT:[ [32m'0.00'[39m, [32m'4.36'[39m, [32m'3.39'[39m, [32m'0.01'[39m ]
data rcv RT:[ [32m'0.00'[39m, [32m'4.35'[39m, [32m'3.38'[39m, [32m'0.01'[39m ]
data rcv RT:[ [32m'0.00'[39m, [32m'4.36'[39m, [32m'3.37'[39m, [32m'0.05'[39m ]
data rcv RT:[ [32m'0.00'[39m, [32m'4.35'[39m, [32m'3.41'[39m, [32m'0.00'[39m ]
data rcv RT:[ [32m'0.00'[39m, [32m'4.33'[39m, [32m'3.43'[39m, [32m'0.00'[39m ]
data rcv RT:[ [32m'0.00'[39m, [32m'4.30'[39m, [32m'3.41'[39m, [32m'0.00'[39m ]
data rcv RT:[ [32m'0.00'[39m, [32m'4.28'[39m, [32m'3.44'[39m, [32m'0.00'[39m ]
data rcv RT:[ [32m'0.00'[39m, [32m'4.27'[39m, [32m'3.41'[39m, [32m'0.00'[39m ]
data rcv RT:[ [32m'0.00'[39m, [32m'4.28'[39m, [32m'3.38'[39m, [32m'0.00'[39m ]
data rcv RT:[ [32m'0.00'[39m, [32m'4.32'[39m, [32m'3.38'[39m, [32m'0.00'[39m ]
data rcv RT:[ [32m'0.00'[39m, [32m'4.32'[39m, [32m'3.40'[39m, [32m'0.01'[39m ]
data rcv RT:[ [32m'0.00'[39m, [32m'4.33'[39m, [32m'3.35'[39m, [32m'0.03'[39m ]
data rcv RT:[ [32m'0.00'[39m, [32m'4.37'[39m, [32m'3.41'[39m, [32m'0.00'[39m ]
data rcv RT:[ [32m'0.00'[39m, [32m'4.38'[39m, [32m'3.42'[39m, [32m'0.00'[39m ]
data rcv RT:[ [32m'0.00'[39m, [32m'4.36'[39m, [32m'3.42'[39m, [32m'0.02'[39m ]
data rcv RT:[ [32m'0.00'[39m, [32m'4.35'[39m, [32m'3.44'[39m, [32m'0.00'[39m ]
data rcv RT:[ [32m'0.00'[39m, [32m'4.34'[39m, [32m'3.42'[39m, [32m'0.00'[39m ]
data rcv RT:[ [32m'0.00'[39m, [32m'4.34'[39m, [32m'3.43'[39m, [32m'0.00'[39m ]
data rcv RT:[ [32m'0.00'[39m, [32m'4.32'[39m, [32m'3.44'[39m, [32m'0.00'[39m ]
data rcv RT:[ [32m'0.00'[39m, [32m'4.31'[39m, [32m'3.41'[39m, [32m'0.00'[39m ]
data rcv RT:[ [32m'0.00'[39m, [32m'4.30'[39m, [32m'3.43'[39m, [32m'0.00'[39m ]
data rcv RT:[ [32m'0.00'[39m, [32m'4.26'[39m, [32m'3.42'[39m, [32m'0.00'[39m ]
data rcv RT:[ [32m'0.00'[39m, [32m'4.27'[39m, [32m'3.38'[39m, [32m'0.00'[39m ]
data rcv RT:[ [32m'0.00'[39m, [32m'4.30'[39m, [32m'3.36'[39m, [32m'0.00'[39m ]
data rcv RT:[ [32m'0.00'[39m, [32m'4.29'[39m, [32m'3.37'[39m, [32m'0.00'[39m ]
data rcv RT:[ [32m'0.00'[39m, [32m'4.31'[39m, [32m'3.36'[39m, [32m'0.01'[39m ]
data rcv RT:[ [32m'0.00'[39m, [32m'4.34'[39m, [32m'3.39'[39m, [32m'0.02'[39m ]
data rcv RT:[ [32m'0.00'[39m, [32m'4.37'[39m, [32m'3.37'[39m, [32m'0.04'[39m ]
data rcv RT:[ [32m'0.00'[39m, [32m'4.38'[39m, [32m'3.38'[39m, [32m'0.03'[39m ]
data rcv RT:[ [32m'0.00'[39m, [32m'4.37'[39m, [32m'3.38'[39m, [32m'0.03'[39m ]
data rcv RT:[ [32m'0.00'[39m, [32m'4.35'[39m, [32m'3.41'[39m, [32m'0.00'[39m ]
data rcv RT:[ [32m'0.00'[39m, [32m'4.33'[39m, [32m'3.42'[39m, [32m'0.00'[39m ]
data rcv RT:[ [32m'0.00'[39m, [32m'4.30'[39m, [32m'3.43'[39m, [32m'0.00'[39m ]
data rcv RT:[ [32m'0.00'[39m, [32m'4.30'[39m, [32m'3.43'[39m, [32m'0.00'[39m ]
data rcv RT:[ [32m'0.00'[39m, [32m'4.29'[39m, [32m'3.43'[39m, [32m'0.00'[39m ]
data rcv RT:[ [32m'0.00'[39m, [32m'4.28'[39m, [32m'3.38'[39m, [32m'0.00'[39m ]
data rcv RT:[ [32m'0.00'[39m, [32m'4.29'[39m, [32m'3.39'[39m, [32m'0.00'[39m ]
data rcv RT:[ [32m'0.00'[39m, [32m'4.27'[39m, [32m'3.38'[39m, [32m'0.00'[39m ]
data rcv RT:[ [32m'0.00'[39m, [32m'4.30'[39m, [32m'3.40'[39m, [32m'0.00'[39m ]
data rcv RT:[ [32m'0.00'[39m, [32m'4.32'[39m, [32m'3.39'[39m, [32m'0.00'[39m ]
data rcv RT:[ [32m'0.00'[39m, [32m'4.33'[39m, [32m'3.38'[39m, [32m'0.02'[39m ]
data rcv RT:[ [32m'0.00'[39m, [32m'4.34'[39m, [32m'3.40'[39m, [32m'0.02'[39m ]
data rcv RT:[ [32m'0.00'[39m, [32m'4.34'[39m, [32m'3.36'[39m, [32m'0.04'[39m ]
data rcv RT:[ [32m'0.00'[39m, [32m'4.35'[39m, [32m'3.40'[39m, [32m'0.00'[39m ]
data rcv RT:[ [32m'0.00'[39m, [32m'4.35'[39m, [32m'3.40'[39m, [32m'0.00'[39m ]
data rcv RT:[ [32m'0.00'[39m, [32m'4.32'[39m, [32m'3.41'[39m, [32m'0.00'[39m ]
data rcv RT:[ [32m'0.00'[39m, [32m'4.32'[39m, [32m'3.44'[39m, [32m'0.00'[39m ]
data rcv RT:[ [32m'0.00'[39m, [32m'4.31'[39m, [32m'3.45'[39m, [32m'0.00'[39m ]
data rcv RT:[ [32m'0.00'[39m, [32m'4.27'[39m, [32m'3.39'[39m, [32m'0.00'[39m ]
data rcv RT:[ [32m'0.00'[39m, [32m'4.27'[39m, [32m'3.39'[39m, [32m'0.00'[39m ]
data rcv RT:[ [32m'0.00'[39m, [32m'4.28'[39m, [32m'3.37'[39m, [32m'0.00'[39m ]
data rcv RT:[ [32m'0.00'[39m, [32m'4.34'[39m, [32m'3.38'[39m, [32m'0.02'[39m ]
data rcv RT:[ [32m'0.00'[39m, [32m'4.33'[39m, [32m'3.37'[39m, [32m'0.02'[39m ]
data rcv RT:[ [32m'0.00'[39m, [32m'4.34'[39m, [32m'3.39'[39m, [32m'0.02'[39m ]
data rcv RT:[ [32m'0.00'[39m, [32m'4.35'[39m, [32m'3.36'[39m, [32m'0.05'[39m ]
data rcv RT:[ [32m'0.00'[39m, [32m'4.36'[39m, [32m'3.42'[39m, [32m'0.00'[39m ]
data rcv RT:[ [32m'0.00'[39m, [32m'4.34'[39m, [32m'3.43'[39m, [32m'0.00'[39m ]
data rcv RT:[ [32m'0.00'[39m, [32m'4.33'[39m, [32m'3.44'[39m, [32m'0.00'[39m ]
data rcv RT:[ [32m'0.00'[39m, [32m'4.33'[39m, [32m'3.43'[39m, [32m'0.00'[39m ]
data rcv RT:[ [32m'0.00'[39m, [32m'4.32'[39m, [32m'3.42'[39m, [32m'0.00'[39m ]
data rcv RT:[ [32m'0.00'[39m, [32m'4.29'[39m, [32m'3.45'[39m, [32m'0.00'[39m ]
data rcv RT:[ [32m'0.00'[39m, [32m'4.27'[39m, [32m'3.37'[39m, [32m'0.00'[39m ]
data rcv RT:[ [32m'0.00'[39m, [32m'4.30'[39m, [32m'3.37'[39m, [32m'0.00'[39m ]
data rcv RT:[ [32m'0.00'[39m, [32m'4.30'[39m, [32m'3.36'[39m, [32m'0.01'[39m ]
data rcv RT:[ [32m'0.00'[39m, [32m'4.35'[39m, [32m'3.36'[39m, [32m'0.05'[39m ]
data rcv RT:[ [32m'0.00'[39m, [32m'4.34'[39m, [32m'3.36'[39m, [32m'0.04'[39m ]
data rcv RT:[ [32m'0.00'[39m, [32m'4.39'[39m, [32m'3.39'[39m, [32m'0.02'[39m ]
data rcv RT:[ [32m'0.00'[39m, [32m'4.38'[39m, [32m'3.40'[39m, [32m'0.02'[39m ]
data rcv RT:[ [32m'0.00'[39m, [32m'4.36'[39m, [32m'3.43'[39m, [32m'0.00'[39m ]
data rcv RT:[ [32m'0.00'[39m, [32m'4.35'[39m, [32m'3.43'[39m, [32m'0.00'[39m ]
data rcv RT:[ [32m'0.00'[39m, [32m'4.31'[39m, [32m'3.41'[39m, [32m'0.00'[39m ]
data rcv RT:[ [32m'0.00'[39m, [32m'4.30'[39m, [32m'3.43'[39m, [32m'0.00'[39m ]
data rcv RT:[ [32m'0.00'[39m, [32m'4.26'[39m, [32m'3.41'[39m, [32m'0.00'[39m ]
data rcv RT:[ [32m'0.00'[39m, [32m'4.26'[39m, [32m'3.43'[39m, [32m'0.00'[39m ]
data rcv RT:[ [32m'0.00'[39m, [32m'4.27'[39m, [32m'3.37'[39m, [32m'0.00'[39m ]
data rcv RT:[ [32m'0.00'[39m, [32m'4.25'[39m, [32m'3.40'[39m, [32m'0.00'[39m ]
data rcv RT:[ [32m'0.00'[39m, [32m'4.28'[39m, [32m'3.38'[39m, [32m'0.00'[39m ]
data rcv RT:[ [32m'0.00'[39m, [32m'4.31'[39m, [32m'3.40'[39m, [32m'0.00'[39m ]
data rcv RT:[ [32m'0.00'[39m, [32m'4.31'[39m, [32m'3.39'[39m, [32m'0.00'[39m ]
data rcv RT:[ [32m'0.00'[39m, [32m'4.35'[39m, [32m'3.37'[39m, [32m'0.02'[39m ]
data rcv RT:[ [32m'0.00'[39m, [32m'4.33'[39m, [32m'3.35'[39m, [32m'0.06'[39m ]
data rcv RT:[ [32m'0.00'[39m, [32m'4.36'[39m, [32m'3.36'[39m, [32m'0.02'[39m ]
data rcv RT:[ [32m'0.00'[39m, [32m'4.36'[39m, [32m'3.43'[39m, [32m'0.00'[39m ]
data rcv RT:[ [32m'0.00'[39m, [32m'4.34'[39m, [32m'3.43'[39m, [32m'0.00'[39m ]
data rcv RT:[ [32m'0.00'[39m, [32m'4.32'[39m, [32m'3.43'[39m, [32m'0.00'[39m ]
data rcv RT:[ [32m'0.00'[39m, [32m'4.29'[39m, [32m'3.41'[39m, [32m'0.00'[39m ]
data rcv RT:[ [32m'0.00'[39m, [32m'4.27'[39m, [32m'3.41'[39m, [32m'0.00'[39m ]
data rcv RT:[ [32m'0.00'[39m, [32m'4.31'[39m, [32m'3.43'[39m, [32m'0.00'[39m ]
data rcv RT:[ [32m'0.00'[39m, [32m'4.28'[39m, [32m'3.40'[39m, [32m'0.00'[39m ]
data rcv RT:[ [32m'0.00'[39m, [32m'4.27'[39m, [32m'3.37'[39m, [32m'0.00'[39m ]
data rcv RT:[ [32m'0.00'[39m, [32m'4.27'[39m, [32m'3.39'[39m, [32m'0.00'[39m ]
data rcv RT:[ [32m'0.00'[39m, [32m'4.28'[39m, [32m'3.38'[39m, [32m'0.00'[39m ]
data rcv RT:[ [32m'0.00'[39m, [32m'4.31'[39m, [32m'3.38'[39m, [32m'0.00'[39m ]
data rcv RT:[ [32m'0.00'[39m, [32m'4.32'[39m, [32m'3.36'[39m, [32m'0.01'[39m ]
data rcv RT:[ [32m'0.00'[39m, [32m'4.31'[39m, [32m'3.39'[39m, [32m'0.00'[39m ]
data rcv RT:[ [32m'0.00'[39m, [32m'4.32'[39m, [32m'3.40'[39m, [32m'0.00'[39m ]
data rcv RT:[ [32m'0.00'[39m, [32m'4.33'[39m, [32m'3.38'[39m, [32m'0.02'[39m ]
data rcv RT:[ [32m'0.00'[39m, [32m'4.34'[39m, [32m'3.36'[39m, [32m'0.03'[39m ]
data rcv RT:[ [32m'0.00'[39m, [32m'4.37'[39m, [32m'3.39'[39m, [32m'0.00'[39m ]
data rcv RT:[ [32m'0.00'[39m, [32m'4.36'[39m, [32m'3.43'[39m, [32m'0.00'[39m ]
data rcv RT:[ [32m'0.00'[39m, [32m'4.36'[39m, [32m'3.41'[39m, [32m'0.00'[39m ]
data rcv RT:[ [32m'0.00'[39m, [32m'4.32'[39m, [32m'3.42'[39m, [32m'0.00'[39m ]
data rcv RT:[ [32m'0.00'[39m, [32m'4.32'[39m, [32m'3.42'[39m, [32m'0.00'[39m ]
data rcv RT:[ [32m'0.00'[39m, [32m'4.29'[39m, [32m'3.46'[39m, [32m'0.00'[39m ]
data rcv RT:[ [32m'0.00'[39m, [32m'4.29'[39m, [32m'3.41'[39m, [32m'0.00'[39m ]
data rcv RT:[ [32m'0.00'[39m, [32m'4.29'[39m, [32m'3.47'[39m, [32m'0.00'[39m ]
data rcv RT:[ [32m'0.00'[39m, [32m'4.28'[39m, [32m'3.42'[39m, [32m'0.00'[39m ]
data rcv RT:[ [32m'0.00'[39m, [32m'4.25'[39m, [32m'3.37'[39m, [32m'0.00'[39m ]
data rcv RT:[ [32m'0.00'[39m, [32m'4.29'[39m, [32m'3.40'[39m, [32m'0.00'[39m ]
data rcv RT:[ [32m'0.00'[39m, [32m'4.31'[39m, [32m'3.37'[39m, [32m'0.00'[39m ]
data rcv RT:[ [32m'0.00'[39m, [32m'4.31'[39m, [32m'3.38'[39m, [32m'0.00'[39m ]
data rcv RT:[ [32m'0.00'[39m, [32m'4.35'[39m, [32m'3.36'[39m, [32m'0.03'[39m ]
data rcv RT:[ [32m'0.00'[39m, [32m'4.33'[39m, [32m'3.37'[39m, [32m'0.01'[39m ]
data rcv RT:[ [32m'0.00'[39m, [32m'4.35'[39m, [32m'3.38'[39m, [32m'0.07'[39m ]
data rcv RT:[ [32m'0.00'[39m, [32m'4.36'[39m, [32m'3.39'[39m, [32m'0.00'[39m ]
data rcv RT:[ [32m'0.00'[39m, [32m'4.37'[39m, [32m'3.40'[39m, [32m'0.00'[39m ]
data rcv RT:[ [32m'0.00'[39m, [32m'4.37'[39m, [32m'3.43'[39m, [32m'0.00'[39m ]
data rcv RT:[ [32m'0.00'[39m, [32m'4.32'[39m, [32m'3.42'[39m, [32m'0.00'[39m ]
data rcv RT:[ [32m'0.00'[39m, [32m'4.32'[39m, [32m'3.43'[39m, [32m'0.00'[39m ]
data rcv RT:[ [32m'0.00'[39m, [32m'4.30'[39m, [32m'3.44'[39m, [32m'0.00'[39m ]
data rcv RT:[ [32m'0.00'[39m, [32m'4.31'[39m, [32m'3.42'[39m, [32m'0.00'[39m ]
data rcv RT:[ [32m'0.00'[39m, [32m'4.26'[39m, [32m'3.41'[39m, [32m'0.00'[39m ]
data rcv RT:[ [32m'0.00'[39m, [32m'4.31'[39m, [32m'3.46'[39m, [32m'0.00'[39m ]
data rcv RT:[ [32m'0.00'[39m, [32m'4.27'[39m, [32m'3.40'[39m, [32m'0.00'[39m ]
data rcv RT:[ [32m'0.00'[39m, [32m'4.28'[39m, [32m'3.38'[39m, [32m'0.00'[39m ]
data rcv RT:[ [32m'0.00'[39m, [32m'4.26'[39m, [32m'3.39'[39m, [32m'0.00'[39m ]
data rcv RT:[ [32m'0.00'[39m, [32m'4.28'[39m, [32m'3.40'[39m, [32m'0.00'[39m ]
data rcv RT:[ [32m'0.00'[39m, [32m'4.28'[39m, [32m'3.39'[39m, [32m'0.00'[39m ]
data rcv RT:[ [32m'0.00'[39m, [32m'4.34'[39m, [32m'3.37'[39m, [32m'0.01'[39m ]
data rcv RT:[ [32m'0.00'[39m, [32m'4.33'[39m, [32m'3.39'[39m, [32m'0.02'[39m ]
data rcv RT:[ [32m'0.00'[39m, [32m'4.34'[39m, [32m'3.39'[39m, [32m'0.00'[39m ]
data rcv RT:[ [32m'0.00'[39m, [32m'4.37'[39m, [32m'3.43'[39m, [32m'0.00'[39m ]
data rcv RT:[ [32m'0.00'[39m, [32m'4.35'[39m, [32m'3.43'[39m, [32m'0.00'[39m ]
data rcv RT:[ [32m'0.00'[39m, [32m'4.31'[39m, [32m'3.42'[39m, [32m'0.00'[39m ]
data rcv RT:[ [32m'0.00'[39m, [32m'4.30'[39m, [32m'3.42'[39m, [32m'0.00'[39m ]
data rcv RT:[ [32m'0.00'[39m, [32m'4.30'[39m, [32m'3.44'[39m, [32m'0.00'[39m ]
data rcv RT:[ [32m'0.00'[39m, [32m'4.28'[39m, [32m'3.38'[39m, [32m'0.00'[39m ]
data rcv RT:[ [32m'0.00'[39m, [32m'4.25'[39m, [32m'3.40'[39m, [32m'0.00'[39m ]
data rcv RT:[ [32m'0.00'[39m, [32m'4.30'[39m, [32m'3.37'[39m, [32m'0.00'[39m ]
data rcv RT:[ [32m'0.00'[39m, [32m'4.31'[39m, [32m'3.36'[39m, [32m'0.00'[39m ]
data rcv RT:[ [32m'0.00'[39m, [32m'4.32'[39m, [32m'3.39'[39m, [32m'0.01'[39m ]
data rcv RT:[ [32m'0.00'[39m, [32m'4.39'[39m, [32m'3.40'[39m, [32m'0.02'[39m ]
data rcv RT:[ [32m'0.00'[39m, [32m'4.36'[39m, [32m'3.40'[39m, [32m'0.01'[39m ]
data rcv RT:[ [32m'0.00'[39m, [32m'4.36'[39m, [32m'3.42'[39m, [32m'0.00'[39m ]
data rcv RT:[ [32m'0.00'[39m, [32m'4.35'[39m, [32m'3.42'[39m, [32m'0.00'[39m ]
data rcv RT:[ [32m'0.00'[39m, [32m'4.33'[39m, [32m'3.43'[39m, [32m'0.00'[39m ]
data rcv RT:[ [32m'0.00'[39m, [32m'4.31'[39m, [32m'3.44'[39m, [32m'0.00'[39m ]
data rcv RT:[ [32m'0.00'[39m, [32m'4.30'[39m, [32m'3.41'[39m, [32m'0.00'[39m ]
data rcv RT:[ [32m'0.00'[39m, [32m'4.30'[39m, [32m'3.41'[39m, [32m'0.00'[39m ]
data rcv RT:[ [32m'0.00'[39m, [32m'4.29'[39m, [32m'3.43'[39m, [32m'0.00'[39m ]
data rcv RT:[ [32m'0.00'[39m, [32m'4.29'[39m, [32m'3.39'[39m, [32m'0.00'[39m ]
data rcv RT:[ [32m'0.00'[39m, [32m'4.27'[39m, [32m'3.40'[39m, [32m'0.00'[39m ]
data rcv RT:[ [32m'0.00'[39m, [32m'4.27'[39m, [32m'3.40'[39m, [32m'0.00'[39m ]
data rcv RT:[ [32m'0.00'[39m, [32m'4.31'[39m, [32m'3.36'[39m, [32m'0.01'[39m ]
data rcv RT:[ [32m'0.00'[39m, [32m'4.33'[39m, [32m'3.38'[39m, [32m'0.01'[39m ]
data rcv RT:[ [32m'0.00'[39m, [32m'4.32'[39m, [32m'3.35'[39m, [32m'0.04'[39m ]
data rcv RT:[ [32m'0.00'[39m, [32m'4.36'[39m, [32m'3.38'[39m, [32m'0.03'[39m ]
data rcv RT:[ [32m'0.00'[39m, [32m'4.37'[39m, [32m'3.39'[39m, [32m'0.03'[39m ]
data rcv RT:[ [32m'0.00'[39m, [32m'4.35'[39m, [32m'3.42'[39m, [32m'0.00'[39m ]
data rcv RT:[ [32m'0.00'[39m, [32m'4.36'[39m, [32m'3.41'[39m, [32m'0.00'[39m ]
data rcv RT:[ [32m'0.00'[39m, [32m'4.33'[39m, [32m'3.44'[39m, [32m'0.00'[39m ]
data rcv RT:[ [32m'0.00'[39m, [32m'4.31'[39m, [32m'3.44'[39m, [32m'0.00'[39m ]
data rcv RT:[ [32m'0.00'[39m, [32m'4.25'[39m, [32m'3.42'[39m, [32m'0.00'[39m ]
data rcv RT:[ [32m'0.00'[39m, [32m'4.25'[39m, [32m'3.41'[39m, [32m'0.00'[39m ]
data rcv RT:[ [32m'0.00'[39m, [32m'4.28'[39m, [32m'3.37'[39m, [32m'0.00'[39m ]
data rcv RT:[ [32m'0.00'[39m, [32m'4.27'[39m, [32m'3.38'[39m, [32m'0.00'[39m ]
data rcv RT:[ [32m'0.00'[39m, [32m'4.29'[39m, [32m'3.39'[39m, [32m'0.01'[39m ]
data rcv RT:[ [32m'0.00'[39m, [32m'4.32'[39m, [32m'3.38'[39m, [32m'0.02'[39m ]
data rcv RT:[ [32m'0.00'[39m, [32m'4.33'[39m, [32m'3.39'[39m, [32m'0.00'[39m ]
data rcv RT:[ [32m'0.00'[39m, [32m'4.38'[39m, [32m'3.38'[39m, [32m'0.04'[39m ]
data rcv RT:[ [32m'0.00'[39m, [32m'4.37'[39m, [32m'3.42'[39m, [32m'0.00'[39m ]
data rcv RT:[ [32m'0.00'[39m, [32m'4.36'[39m, [32m'3.41'[39m, [32m'0.00'[39m ]
data rcv RT:[ [32m'0.00'[39m, [32m'4.32'[39m, [32m'3.41'[39m, [32m'0.00'[39m ]
data rcv RT:[ [32m'0.00'[39m, [32m'4.29'[39m, [32m'3.43'[39m, [32m'0.00'[39m ]
data rcv RT:[ [32m'0.00'[39m, [32m'4.28'[39m, [32m'3.41'[39m, [32m'0.00'[39m ]
data rcv RT:[ [32m'0.00'[39m, [32m'4.27'[39m, [32m'3.39'[39m, [32m'0.00'[39m ]
data rcv RT:[ [32m'0.00'[39m, [32m'4.27'[39m, [32m'3.41'[39m, [32m'0.00'[39m ]
data rcv RT:[ [32m'0.00'[39m, [32m'4.27'[39m, [32m'3.40'[39m, [32m'0.00'[39m ]
data rcv RT:[ [32m'0.00'[39m, [32m'4.28'[39m, [32m'3.37'[39m, [32m'0.00'[39m ]
data rcv RT:[ [32m'0.00'[39m, [32m'4.30'[39m, [32m'3.38'[39m, [32m'0.01'[39m ]
data rcv RT:[ [32m'0.00'[39m, [32m'4.33'[39m, [32m'3.39'[39m, [32m'0.02'[39m ]
data rcv RT:[ [32m'0.00'[39m, [32m'4.33'[39m, [32m'3.38'[39m, [32m'0.03'[39m ]
data rcv RT:[ [32m'0.00'[39m, [32m'4.37'[39m, [32m'3.40'[39m, [32m'0.01'[39m ]
data rcv RT:[ [32m'0.00'[39m, [32m'4.38'[39m, [32m'3.38'[39m, [32m'0.03'[39m ]
data rcv RT:[ [32m'0.00'[39m, [32m'4.35'[39m, [32m'3.41'[39m, [32m'0.00'[39m ]
data rcv RT:[ [32m'0.00'[39m, [32m'4.36'[39m, [32m'3.43'[39m, [32m'0.00'[39m ]
data rcv RT:[ [32m'0.00'[39m, [32m'4.31'[39m, [32m'3.42'[39m, [32m'0.00'[39m ]
data rcv RT:[ [32m'0.00'[39m, [32m'4.30'[39m, [32m'3.44'[39m, [32m'0.00'[39m ]
data rcv RT:[ [32m'0.00'[39m, [32m'4.30'[39m, [32m'3.42'[39m, [32m'0.00'[39m ]
data rcv RT:[ [32m'0.00'[39m, [32m'4.25'[39m, [32m'3.41'[39m, [32m'0.00'[39m ]
data rcv RT:[ [32m'0.00'[39m, [32m'4.27'[39m, [32m'3.39'[39m, [32m'0.00'[39m ]
data rcv RT:[ [32m'0.00'[39m, [32m'4.27'[39m, [32m'3.40'[39m, [32m'0.00'[39m ]
data rcv RT:[ [32m'0.00'[39m, [32m'4.29'[39m, [32m'3.39'[39m, [32m'0.00'[39m ]
data rcv RT:[ [32m'0.00'[39m, [32m'4.34'[39m, [32m'3.37'[39m, [32m'0.04'[39m ]
data rcv RT:[ [32m'0.00'[39m, [32m'4.32'[39m, [32m'3.40'[39m, [32m'0.03'[39m ]
data rcv RT:[ [32m'0.00'[39m, [32m'4.36'[39m, [32m'3.35'[39m, [32m'0.04'[39m ]
data rcv RT:[ [32m'0.00'[39m, [32m'4.36'[39m, [32m'3.44'[39m, [32m'0.00'[39m ]
data rcv RT:[ [32m'0.00'[39m, [32m'4.33'[39m, [32m'3.44'[39m, [32m'0.00'[39m ]
data rcv RT:[ [32m'0.00'[39m, [32m'4.31'[39m, [32m'3.43'[39m, [32m'0.00'[39m ]
data rcv RT:[ [32m'0.00'[39m, [32m'4.28'[39m, [32m'3.42'[39m, [32m'0.00'[39m ]
data rcv RT:[ [32m'0.00'[39m, [32m'4.27'[39m, [32m'3.40'[39m, [32m'0.00'[39m ]
data rcv RT:[ [32m'0.00'[39m, [32m'4.27'[39m, [32m'3.39'[39m, [32m'0.00'[39m ]
data rcv RT:[ [32m'0.00'[39m, [32m'4.28'[39m, [32m'3.39'[39m, [32m'0.00'[39m ]
data rcv RT:[ [32m'0.00'[39m, [32m'4.31'[39m, [32m'3.38'[39m, [32m'0.00'[39m ]
data rcv RT:[ [32m'0.00'[39m, [32m'4.33'[39m, [32m'3.38'[39m, [32m'0.02'[39m ]
data rcv RT:[ [32m'0.00'[39m, [32m'4.34'[39m, [32m'3.39'[39m, [32m'0.02'[39m ]
data rcv RT:[ [32m'0.00'[39m, [32m'4.37'[39m, [32m'3.36'[39m, [32m'0.02'[39m ]
data rcv RT:[ [32m'0.00'[39m, [32m'4.36'[39m, [32m'3.40'[39m, [32m'0.00'[39m ]
data rcv RT:[ [32m'0.00'[39m, [32m'4.34'[39m, [32m'3.43'[39m, [32m'0.00'[39m ]
data rcv RT:[ [32m'0.00'[39m, [32m'4.30'[39m, [32m'3.42'[39m, [32m'0.00'[39m ]
data rcv RT:[ [32m'0.00'[39m, [32m'4.30'[39m, [32m'3.44'[39m, [32m'0.00'[39m ]
data rcv RT:[ [32m'0.00'[39m, [32m'4.28'[39m, [32m'3.42'[39m, [32m'0.00'[39m ]
data rcv RT:[ [32m'0.00'[39m, [32m'4.26'[39m, [32m'3.40'[39m, [32m'0.00'[39m ]
data rcv RT:[ [32m'0.00'[39m, [32m'4.27'[39m, [32m'3.40'[39m, [32m'0.00'[39m ]
data rcv RT:[ [32m'0.00'[39m, [32m'4.30'[39m, [32m'3.38'[39m, [32m'0.00'[39m ]
data rcv RT:[ [32m'0.00'[39m, [32m'4.32'[39m, [32m'3.37'[39m, [32m'0.01'[39m ]
data rcv RT:[ [32m'0.00'[39m, [32m'4.35'[39m, [32m'3.35'[39m, [32m'0.06'[39m ]
data rcv RT:[ [32m'0.00'[39m, [32m'4.37'[39m, [32m'3.42'[39m, [32m'0.00'[39m ]
data rcv RT:[ [32m'0.00'[39m, [32m'4.36'[39m, [32m'3.42'[39m, [32m'0.00'[39m ]
data rcv RT:[ [32m'0.00'[39m, [32m'4.32'[39m, [32m'3.44'[39m, [32m'0.00'[39m ]
data rcv RT:[ [32m'0.00'[39m, [32m'4.30'[39m, [32m'3.41'[39m, [32m'0.00'[39m ]
data rcv RT:[ [32m'0.00'[39m, [32m'4.26'[39m, [32m'3.41'[39m, [32m'0.00'[39m ]
data rcv RT:[ [32m'0.00'[39m, [32m'4.25'[39m, [32m'3.38'[39m, [32m'0.00'[39m ]
data rcv RT:[ [32m'0.00'[39m, [32m'4.28'[39m, [32m'3.38'[39m, [32m'0.00'[39m ]
data rcv RT:[ [32m'0.00'[39m, [32m'4.32'[39m, [32m'3.37'[39m, [32m'0.01'[39m ]
data rcv RT:[ [32m'0.00'[39m, [32m'4.29'[39m, [32m'3.38'[39m, [32m'0.00'[39m ]
data rcv RT:[ [32m'0.00'[39m, [32m'4.36'[39m, [32m'3.38'[39m, [32m'0.04'[39m ]
data rcv RT:[ [32m'0.00'[39m, [32m'4.38'[39m, [32m'3.36'[39m, [32m'0.05'[39m ]
data rcv RT:[ [32m'0.00'[39m, [32m'4.39'[39m, [32m'3.42'[39m, [32m'0.00'[39m ]
data rcv RT:[ [32m'0.00'[39m, [32m'4.32'[39m, [32m'3.43'[39m, [32m'0.00'[39m ]
data rcv RT:[ [32m'0.00'[39m, [32m'4.33'[39m, [32m'3.43'[39m, [32m'0.00'[39m ]
data rcv RT:[ [32m'0.00'[39m, [32m'4.32'[39m, [32m'3.40'[39m, [32m'0.00'[39m ]
data rcv RT:[ [32m'0.00'[39m, [32m'4.28'[39m, [32m'3.44'[39m, [32m'0.00'[39m ]
data rcv RT:[ [32m'0.00'[39m, [32m'4.29'[39m, [32m'3.44'[39m, [32m'0.00'[39m ]
data rcv RT:[ [32m'0.00'[39m, [32m'4.28'[39m, [32m'3.43'[39m, [32m'0.00'[39m ]
data rcv RT:[ [32m'0.00'[39m, [32m'4.26'[39m, [32m'3.39'[39m, [32m'0.00'[39m ]
data rcv RT:[ [32m'0.00'[39m, [32m'4.32'[39m, [32m'3.38'[39m, [32m'0.00'[39m ]
data rcv RT:[ [32m'0.00'[39m, [32m'4.32'[39m, [32m'3.37'[39m, [32m'0.02'[39m ]
data rcv RT:[ [32m'0.00'[39m, [32m'4.34'[39m, [32m'3.35'[39m, [32m'0.05'[39m ]
data rcv RT:[ [32m'0.00'[39m, [32m'4.32'[39m, [32m'3.35'[39m, [32m'0.06'[39m ]
data rcv RT:[ [32m'0.00'[39m, [32m'4.37'[39m, [32m'3.40'[39m, [32m'0.00'[39m ]
data rcv RT:[ [32m'0.00'[39m, [32m'4.38'[39m, [32m'3.41'[39m, [32m'0.00'[39m ]
data rcv RT:[ [32m'0.00'[39m, [32m'4.33'[39m, [32m'3.42'[39m, [32m'0.00'[39m ]
data rcv RT:[ [32m'0.00'[39m, [32m'4.32'[39m, [32m'3.42'[39m, [32m'0.00'[39m ]
data rcv RT:[ [32m'0.00'[39m, [32m'4.28'[39m, [32m'3.44'[39m, [32m'0.00'[39m ]
data rcv RT:[ [32m'0.00'[39m, [32m'4.30'[39m, [32m'3.42'[39m, [32m'0.00'[39m ]
data rcv RT:[ [32m'0.00'[39m, [32m'4.26'[39m, [32m'3.44'[39m, [32m'0.00'[39m ]
data rcv RT:[ [32m'0.00'[39m, [32m'4.27'[39m, [32m'3.37'[39m, [32m'0.00'[39m ]
data rcv RT:[ [32m'0.00'[39m, [32m'4.29'[39m, [32m'3.39'[39m, [32m'0.00'[39m ]
data rcv RT:[ [32m'0.00'[39m, [32m'4.29'[39m, [32m'3.37'[39m, [32m'0.01'[39m ]
data rcv RT:[ [32m'0.00'[39m, [32m'4.32'[39m, [32m'3.38'[39m, [32m'0.02'[39m ]
data rcv RT:[ [32m'0.00'[39m, [32m'4.34'[39m, [32m'3.37'[39m, [32m'0.02'[39m ]
data rcv RT:[ [32m'0.00'[39m, [32m'4.38'[39m, [32m'3.42'[39m, [32m'0.00'[39m ]
data rcv RT:[ [32m'0.00'[39m, [32m'4.37'[39m, [32m'3.39'[39m, [32m'0.03'[39m ]
data rcv RT:[ [32m'0.00'[39m, [32m'4.39'[39m, [32m'3.41'[39m, [32m'0.00'[39m ]
data rcv RT:[ [32m'0.00'[39m, [32m'4.35'[39m, [32m'3.41'[39m, [32m'0.00'[39m ]
data rcv RT:[ [32m'0.00'[39m, [32m'4.33'[39m, [32m'3.42'[39m, [32m'0.00'[39m ]
data rcv RT:[ [32m'0.00'[39m, [32m'4.29'[39m, [32m'3.45'[39m, [32m'0.00'[39m ]
data rcv RT:[ [32m'0.00'[39m, [32m'4.31'[39m, [32m'3.45'[39m, [32m'0.00'[39m ]
data rcv RT:[ [32m'0.00'[39m, [32m'4.32'[39m, [32m'3.42'[39m, [32m'0.00'[39m ]
data rcv RT:[ [32m'0.00'[39m, [32m'4.27'[39m, [32m'3.40'[39m, [32m'0.00'[39m ]
data rcv RT:[ [32m'0.00'[39m, [32m'4.26'[39m, [32m'3.41'[39m, [32m'0.00'[39m ]
data rcv RT:[ [32m'0.00'[39m, [32m'4.25'[39m, [32m'3.40'[39m, [32m'0.00'[39m ]
data rcv RT:[ [32m'0.00'[39m, [32m'4.32'[39m, [32m'3.39'[39m, [32m'0.01'[39m ]
data rcv RT:[ [32m'0.00'[39m, [32m'4.29'[39m, [32m'3.38'[39m, [32m'0.01'[39m ]
client Front End connected
Socket {
  nsp: 
   Namespace {
     name: [32m'/'[39m,
     server: 
      Server {
        nsps: [36m[Object][39m,
        _path: [32m'/socket.io'[39m,
        _serveClient: [33mtrue[39m,
        _adapter: [36m[Function: Adapter][39m,
        _origins: [32m'*:*'[39m,
        sockets: [36m[Circular][39m,
        eio: [36m[Object][39m,
        httpServer: [36m[Object][39m,
        engine: [36m[Object][39m },
     sockets: { [32m'/#iw-V5Han5gWDdeUqAAAe'[39m: [36m[Circular][39m },
     connected: { [32m'/#iw-V5Han5gWDdeUqAAAe'[39m: [36m[Circular][39m },
     fns: [],
     ids: [33m0[39m,
     adapter: 
      Adapter {
        nsp: [36m[Circular][39m,
        rooms: [36m[Object][39m,
        sids: [36m[Object][39m,
        encoder: Encoder {} },
     _events: { connection: [36m[Function][39m },
     _eventsCount: [33m1[39m },
  server: 
   Server {
     nsps: { [32m'/'[39m: [36m[Object][39m },
     _path: [32m'/socket.io'[39m,
     _serveClient: [33mtrue[39m,
     _adapter: [36m[Function: Adapter][39m,
     _origins: [32m'*:*'[39m,
     sockets: 
      Namespace {
        name: [32m'/'[39m,
        server: [36m[Circular][39m,
        sockets: [36m[Object][39m,
        connected: [36m[Object][39m,
        fns: [],
        ids: [33m0[39m,
        adapter: [36m[Object][39m,
        _events: [36m[Object][39m,
        _eventsCount: [33m1[39m },
     eio: 
      Server {
        clients: [36m[Object][39m,
        clientsCount: [33m1[39m,
        pingTimeout: [33m60000[39m,
        pingInterval: [33m25000[39m,
        upgradeTimeout: [33m10000[39m,
        maxHttpBufferSize: [33m100000000[39m,
        transports: [36m[Object][39m,
        allowUpgrades: [33mtrue[39m,
        allowRequest: [36m[Function: bound ][39m,
        cookie: [32m'io'[39m,
        cookiePath: [33mfalse[39m,
        perMessageDeflate: [36m[Object][39m,
        httpCompression: [36m[Object][39m,
        ws: [36m[Object][39m,
        _events: [36m[Object][39m,
        _eventsCount: [33m1[39m },
     httpServer: 
      Server {
        domain: [1mnull[22m,
        _events: [36m[Object][39m,
        _eventsCount: [33m4[39m,
        _maxListeners: [90mundefined[39m,
        _connections: [33m6[39m,
        _handle: [36m[Object][39m,
        _usingSlaves: [33mfalse[39m,
        _slaves: [],
        _unref: [33mfalse[39m,
        allowHalfOpen: [33mtrue[39m,
        pauseOnConnect: [33mfalse[39m,
        httpAllowHalfOpen: [33mfalse[39m,
        timeout: [33m120000[39m,
        _pendingResponseData: [33m0[39m,
        _connectionKey: [32m'6::::3000'[39m },
     engine: 
      Server {
        clients: [36m[Object][39m,
        clientsCount: [33m1[39m,
        pingTimeout: [33m60000[39m,
        pingInterval: [33m25000[39m,
        upgradeTimeout: [33m10000[39m,
        maxHttpBufferSize: [33m100000000[39m,
        transports: [36m[Object][39m,
        allowUpgrades: [33mtrue[39m,
        allowRequest: [36m[Function: bound ][39m,
        cookie: [32m'io'[39m,
        cookiePath: [33mfalse[39m,
        perMessageDeflate: [36m[Object][39m,
        httpCompression: [36m[Object][39m,
        ws: [36m[Object][39m,
        _events: [36m[Object][39m,
        _eventsCount: [33m1[39m } },
  adapter: 
   Adapter {
     nsp: 
      Namespace {
        name: [32m'/'[39m,
        server: [36m[Object][39m,
        sockets: [36m[Object][39m,
        connected: [36m[Object][39m,
        fns: [],
        ids: [33m0[39m,
        adapter: [36m[Circular][39m,
        _events: [36m[Object][39m,
        _eventsCount: [33m1[39m },
     rooms: { [32m'/#iw-V5Han5gWDdeUqAAAe'[39m: [36m[Object][39m },
     sids: { [32m'/#iw-V5Han5gWDdeUqAAAe'[39m: [36m[Object][39m },
     encoder: Encoder {} },
  id: [32m'/#iw-V5Han5gWDdeUqAAAe'[39m,
  client: 
   Client {
     server: 
      Server {
        nsps: [36m[Object][39m,
        _path: [32m'/socket.io'[39m,
        _serveClient: [33mtrue[39m,
        _adapter: [36m[Function: Adapter][39m,
        _origins: [32m'*:*'[39m,
        sockets: [36m[Object][39m,
        eio: [36m[Object][39m,
        httpServer: [36m[Object][39m,
        engine: [36m[Object][39m },
     conn: 
      Socket {
        id: [32m'iw-V5Han5gWDdeUqAAAe'[39m,
        server: [36m[Object][39m,
        upgrading: [33mfalse[39m,
        upgraded: [33mfalse[39m,
        readyState: [32m'open'[39m,
        writeBuffer: [36m[Object][39m,
        packetsFn: [36m[Object][39m,
        sentCallbackFn: [],
        cleanupFn: [36m[Object][39m,
        request: [36m[Object][39m,
        remoteAddress: [32m'::ffff:10.210.30.41'[39m,
        checkIntervalTimer: [1mnull[22m,
        upgradeTimeoutTimer: [1mnull[22m,
        pingTimeoutTimer: [36m[Object][39m,
        transport: [36m[Object][39m,
        _events: [36m[Object][39m,
        _eventsCount: [33m3[39m },
     encoder: Encoder {},
     decoder: Decoder { reconstructor: [1mnull[22m, _callbacks: [36m[Object][39m },
     id: [32m'iw-V5Han5gWDdeUqAAAe'[39m,
     request: 
      IncomingMessage {
        _readableState: [36m[Object][39m,
        readable: [33mtrue[39m,
        domain: [1mnull[22m,
        _events: {},
        _eventsCount: [33m0[39m,
        _maxListeners: [90mundefined[39m,
        socket: [36m[Object][39m,
        connection: [36m[Object][39m,
        httpVersionMajor: [33m1[39m,
        httpVersionMinor: [33m1[39m,
        httpVersion: [32m'1.1'[39m,
        complete: [33mtrue[39m,
        headers: [36m[Object][39m,
        rawHeaders: [36m[Object][39m,
        trailers: {},
        rawTrailers: [],
        upgrade: [33mfalse[39m,
        url: [32m'/socket.io/?EIO=3&transport=polling&t=LTmSQVM'[39m,
        method: [32m'GET'[39m,
        statusCode: [1mnull[22m,
        statusMessage: [1mnull[22m,
        client: [36m[Object][39m,
        _consuming: [33mfalse[39m,
        _dumped: [33mtrue[39m,
        _query: [36m[Object][39m,
        res: [36m[Object][39m,
        cleanup: [36m[Function: cleanup][39m },
     onclose: [36m[Function: bound ][39m,
     ondata: [36m[Function: bound ][39m,
     onerror: [36m[Function: bound ][39m,
     ondecoded: [36m[Function: bound ][39m,
     sockets: { [32m'/#iw-V5Han5gWDdeUqAAAe'[39m: [36m[Circular][39m },
     nsps: { [32m'/'[39m: [36m[Circular][39m },
     connectBuffer: [] },
  conn: 
   Socket {
     id: [32m'iw-V5Han5gWDdeUqAAAe'[39m,
     server: 
      Server {
        clients: [36m[Object][39m,
        clientsCount: [33m1[39m,
        pingTimeout: [33m60000[39m,
        pingInterval: [33m25000[39m,
        upgradeTimeout: [33m10000[39m,
        maxHttpBufferSize: [33m100000000[39m,
        transports: [36m[Object][39m,
        allowUpgrades: [33mtrue[39m,
        allowRequest: [36m[Function: bound ][39m,
        cookie: [32m'io'[39m,
        cookiePath: [33mfalse[39m,
        perMessageDeflate: [36m[Object][39m,
        httpCompression: [36m[Object][39m,
        ws: [36m[Object][39m,
        _events: [36m[Object][39m,
        _eventsCount: [33m1[39m },
     upgrading: [33mfalse[39m,
     upgraded: [33mfalse[39m,
     readyState: [32m'open'[39m,
     writeBuffer: [ [36m[Object][39m ],
     packetsFn: [ [90mundefined[39m ],
     sentCallbackFn: [],
     cleanupFn: [ [36m[Function][39m, [36m[Function][39m ],
     request: 
      IncomingMessage {
        _readableState: [36m[Object][39m,
        readable: [33mtrue[39m,
        domain: [1mnull[22m,
        _events: {},
        _eventsCount: [33m0[39m,
        _maxListeners: [90mundefined[39m,
        socket: [36m[Object][39m,
        connection: [36m[Object][39m,
        httpVersionMajor: [33m1[39m,
        httpVersionMinor: [33m1[39m,
        httpVersion: [32m'1.1'[39m,
        complete: [33mtrue[39m,
        headers: [36m[Object][39m,
        rawHeaders: [36m[Object][39m,
        trailers: {},
        rawTrailers: [],
        upgrade: [33mfalse[39m,
        url: [32m'/socket.io/?EIO=3&transport=polling&t=LTmSQVM'[39m,
        method: [32m'GET'[39m,
        statusCode: [1mnull[22m,
        statusMessage: [1mnull[22m,
        client: [36m[Object][39m,
        _consuming: [33mfalse[39m,
        _dumped: [33mtrue[39m,
        _query: [36m[Object][39m,
        res: [36m[Object][39m,
        cleanup: [36m[Function: cleanup][39m },
     remoteAddress: [32m'::ffff:10.210.30.41'[39m,
     checkIntervalTimer: [1mnull[22m,
     upgradeTimeoutTimer: [1mnull[22m,
     pingTimeoutTimer: 
      Timeout {
        _called: [33mfalse[39m,
        _idleTimeout: [33m85000[39m,
        _idlePrev: [36m[Object][39m,
        _idleNext: [36m[Object][39m,
        _idleStart: [33m22954936[39m,
        _onTimeout: [36m[Function][39m,
        _repeat: [1mnull[22m },
     transport: 
      XHR {
        readyState: [32m'open'[39m,
        discarded: [33mfalse[39m,
        closeTimeout: [33m30000[39m,
        maxHttpBufferSize: [33m100000000[39m,
        httpCompression: [36m[Object][39m,
        supportsBinary: [33mtrue[39m,
        _events: [36m[Object][39m,
        _eventsCount: [33m5[39m,
        sid: [32m'iw-V5Han5gWDdeUqAAAe'[39m,
        req: [1mnull[22m,
        res: [1mnull[22m,
        writable: [33mfalse[39m },
     _events: 
      { close: [36m[Object][39m,
        data: [36m[Function: bound ][39m,
        error: [36m[Function: bound ][39m },
     _eventsCount: [33m3[39m },
  rooms: {},
  acks: {},
  connected: [33mtrue[39m,
  disconnected: [33mfalse[39m,
  handshake: 
   { headers: 
      { host: [32m'10.210.30.148:3000'[39m,
        connection: [32m'keep-alive'[39m,
        [32m'user-agent'[39m: [32m'Mozilla/5.0 (Windows NT 5.1) AppleWebKit/537.36 (KHTML, like Gecko) Chrome/49.0.2623.112 Safari/537.36'[39m,
        origin: [32m'http://10.210.30.148'[39m,
        accept: [32m'*/*'[39m,
        referer: [32m'http://10.210.30.148/sku/'[39m,
        [32m'accept-encoding'[39m: [32m'gzip, deflate, sdch'[39m,
        [32m'accept-language'[39m: [32m'ru-RU,ru;q=0.8,en-US;q=0.6,en;q=0.4'[39m,
        cookie: [32m'io=iMuDM3TYCHxtyTIoAAAd'[39m },
     time: [32m'Wed Sep 28 2016 14:57:47 GMT+0400 (SAMT)'[39m,
     address: [32m'::ffff:10.210.30.41'[39m,
     xdomain: [33mtrue[39m,
     secure: [33mfalse[39m,
     issued: [33m1475060267155[39m,
     url: [32m'/socket.io/?EIO=3&transport=polling&t=LTmSQVM'[39m,
     query: { EIO: [32m'3'[39m, transport: [32m'polling'[39m, t: [32m'LTmSQVM'[39m } } }
data rcv RT:[ [32m'0.00'[39m, [32m'4.30'[39m, [32m'3.38'[39m, [32m'0.00'[39m ]
data rcv RT:[ [32m'0.00'[39m, [32m'4.33'[39m, [32m'3.37'[39m, [32m'0.04'[39m ]
data rcv RT:[ [32m'0.00'[39m, [32m'4.36'[39m, [32m'3.38'[39m, [32m'0.00'[39m ]
data rcv RT:[ [32m'0.00'[39m, [32m'4.35'[39m, [32m'3.40'[39m, [32m'0.00'[39m ]
data rcv RT:[ [32m'0.00'[39m, [32m'4.35'[39m, [32m'3.43'[39m, [32m'0.00'[39m ]
data rcv RT:[ [32m'0.00'[39m, [32m'4.33'[39m, [32m'3.42'[39m, [32m'0.00'[39m ]
data rcv RT:[ [32m'0.00'[39m, [32m'4.33'[39m, [32m'3.42'[39m, [32m'0.00'[39m ]
data rcv RT:[ [32m'0.00'[39m, [32m'4.27'[39m, [32m'3.43'[39m, [32m'0.00'[39m ]
data rcv RT:[ [32m'0.00'[39m, [32m'4.26'[39m, [32m'3.42'[39m, [32m'0.00'[39m ]
data rcv RT:[ [32m'0.00'[39m, [32m'4.26'[39m, [32m'3.39'[39m, [32m'0.00'[39m ]
data rcv RT:[ [32m'0.00'[39m, [32m'4.28'[39m, [32m'3.37'[39m, [32m'0.01'[39m ]
data rcv RT:[ [32m'0.00'[39m, [32m'4.33'[39m, [32m'3.38'[39m, [32m'0.02'[39m ]
data rcv RT:[ [32m'0.00'[39m, [32m'4.32'[39m, [32m'3.37'[39m, [32m'0.03'[39m ]
data rcv RT:[ [32m'0.00'[39m, [32m'4.38'[39m, [32m'3.39'[39m, [32m'0.01'[39m ]
data rcv RT:[ [32m'0.00'[39m, [32m'4.37'[39m, [32m'3.41'[39m, [32m'0.01'[39m ]
data rcv RT:[ [32m'0.00'[39m, [32m'4.35'[39m, [32m'3.43'[39m, [32m'0.00'[39m ]
data rcv RT:[ [32m'0.00'[39m, [32m'4.32'[39m, [32m'3.42'[39m, [32m'0.00'[39m ]
data rcv RT:[ [32m'0.00'[39m, [32m'4.30'[39m, [32m'3.45'[39m, [32m'0.00'[39m ]
data rcv RT:[ [32m'0.00'[39m, [32m'4.25'[39m, [32m'3.42'[39m, [32m'0.00'[39m ]
data rcv RT:[ [32m'0.00'[39m, [32m'4.29'[39m, [32m'3.38'[39m, [32m'0.00'[39m ]
data rcv RT:[ [32m'0.00'[39m, [32m'4.30'[39m, [32m'3.39'[39m, [32m'0.00'[39m ]
data rcv RT:[ [32m'0.00'[39m, [32m'4.29'[39m, [32m'3.39'[39m, [32m'0.00'[39m ]
data rcv RT:[ [32m'0.00'[39m, [32m'4.32'[39m, [32m'3.37'[39m, [32m'0.00'[39m ]
data rcv RT:[ [32m'0.00'[39m, [32m'4.33'[39m, [32m'3.39'[39m, [32m'0.02'[39m ]
data rcv RT:[ [32m'0.00'[39m, [32m'4.35'[39m, [32m'3.38'[39m, [32m'0.03'[39m ]
data rcv RT:[ [32m'0.00'[39m, [32m'4.33'[39m, [32m'3.37'[39m, [32m'0.05'[39m ]
data rcv RT:[ [32m'0.00'[39m, [32m'4.38'[39m, [32m'3.42'[39m, [32m'0.00'[39m ]
data rcv RT:[ [32m'0.00'[39m, [32m'4.38'[39m, [32m'3.41'[39m, [32m'0.00'[39m ]
data rcv RT:[ [32m'0.00'[39m, [32m'4.34'[39m, [32m'3.42'[39m, [32m'0.00'[39m ]
data rcv RT:[ [32m'0.00'[39m, [32m'4.35'[39m, [32m'3.41'[39m, [32m'0.00'[39m ]
data rcv RT:[ [32m'0.00'[39m, [32m'4.30'[39m, [32m'3.42'[39m, [32m'0.00'[39m ]
data rcv RT:[ [32m'0.00'[39m, [32m'4.31'[39m, [32m'3.46'[39m, [32m'0.00'[39m ]
data rcv RT:[ [32m'0.00'[39m, [32m'4.27'[39m, [32m'3.42'[39m, [32m'0.00'[39m ]
data rcv RT:[ [32m'0.00'[39m, [32m'4.29'[39m, [32m'3.38'[39m, [32m'0.00'[39m ]
data rcv RT:[ [32m'0.00'[39m, [32m'4.28'[39m, [32m'3.37'[39m, [32m'0.00'[39m ]
data rcv RT:[ [32m'0.00'[39m, [32m'4.30'[39m, [32m'3.38'[39m, [32m'0.00'[39m ]
data rcv RT:[ [32m'0.00'[39m, [32m'4.34'[39m, [32m'3.39'[39m, [32m'0.01'[39m ]
data rcv RT:[ [32m'0.00'[39m, [32m'4.34'[39m, [32m'3.38'[39m, [32m'0.01'[39m ]
data rcv RT:[ [32m'0.00'[39m, [32m'4.37'[39m, [32m'3.42'[39m, [32m'0.01'[39m ]
data rcv RT:[ [32m'0.00'[39m, [32m'4.37'[39m, [32m'3.40'[39m, [32m'0.00'[39m ]
data rcv RT:[ [32m'0.00'[39m, [32m'4.32'[39m, [32m'3.42'[39m, [32m'0.00'[39m ]
data rcv RT:[ [32m'0.00'[39m, [32m'4.30'[39m, [32m'3.44'[39m, [32m'0.00'[39m ]
data rcv RT:[ [32m'0.00'[39m, [32m'4.29'[39m, [32m'3.43'[39m, [32m'0.00'[39m ]
data rcv RT:[ [32m'0.00'[39m, [32m'4.29'[39m, [32m'3.42'[39m, [32m'0.00'[39m ]
data rcv RT:[ [32m'0.00'[39m, [32m'4.26'[39m, [32m'3.40'[39m, [32m'0.00'[39m ]
data rcv RT:[ [32m'0.00'[39m, [32m'4.28'[39m, [32m'3.39'[39m, [32m'0.00'[39m ]
data rcv RT:[ [32m'0.00'[39m, [32m'4.29'[39m, [32m'3.36'[39m, [32m'0.00'[39m ]
data rcv RT:[ [32m'0.00'[39m, [32m'4.29'[39m, [32m'3.38'[39m, [32m'0.00'[39m ]
data rcv RT:[ [32m'0.00'[39m, [32m'4.32'[39m, [32m'3.38'[39m, [32m'0.01'[39m ]
data rcv RT:[ [32m'0.00'[39m, [32m'4.34'[39m, [32m'3.39'[39m, [32m'0.02'[39m ]
data rcv RT:[ [32m'0.00'[39m, [32m'4.33'[39m, [32m'3.37'[39m, [32m'0.05'[39m ]
data rcv RT:[ [32m'0.00'[39m, [32m'4.36'[39m, [32m'3.37'[39m, [32m'0.03'[39m ]
data rcv RT:[ [32m'0.00'[39m, [32m'4.37'[39m, [32m'3.43'[39m, [32m'0.00'[39m ]
data rcv RT:[ [32m'0.00'[39m, [32m'4.31'[39m, [32m'3.42'[39m, [32m'0.00'[39m ]
data rcv RT:[ [32m'0.00'[39m, [32m'4.31'[39m, [32m'3.43'[39m, [32m'0.00'[39m ]
data rcv RT:[ [32m'0.00'[39m, [32m'4.26'[39m, [32m'3.37'[39m, [32m'0.00'[39m ]
data rcv RT:[ [32m'0.00'[39m, [32m'4.25'[39m, [32m'3.38'[39m, [32m'0.00'[39m ]
data rcv RT:[ [32m'0.00'[39m, [32m'4.31'[39m, [32m'3.37'[39m, [32m'0.02'[39m ]
data rcv RT:[ [32m'0.00'[39m, [32m'4.31'[39m, [32m'3.36'[39m, [32m'0.00'[39m ]
data rcv RT:[ [32m'0.00'[39m, [32m'4.33'[39m, [32m'3.35'[39m, [32m'0.06'[39m ]
data rcv RT:[ [32m'0.00'[39m, [32m'4.34'[39m, [32m'3.38'[39m, [32m'0.01'[39m ]
data rcv RT:[ [32m'0.00'[39m, [32m'4.38'[39m, [32m'3.39'[39m, [32m'0.02'[39m ]
data rcv RT:[ [32m'0.00'[39m, [32m'4.38'[39m, [32m'3.39'[39m, [32m'0.02'[39m ]
data rcv RT:[ [32m'0.00'[39m, [32m'4.35'[39m, [32m'3.42'[39m, [32m'0.00'[39m ]
data rcv RT:[ [32m'0.00'[39m, [32m'4.35'[39m, [32m'3.43'[39m, [32m'0.00'[39m ]
data rcv RT:[ [32m'0.00'[39m, [32m'4.31'[39m, [32m'3.43'[39m, [32m'0.00'[39m ]
data rcv RT:[ [32m'0.00'[39m, [32m'4.27'[39m, [32m'3.42'[39m, [32m'0.00'[39m ]
data rcv RT:[ [32m'0.00'[39m, [32m'4.27'[39m, [32m'3.45'[39m, [32m'0.00'[39m ]
data rcv RT:[ [32m'0.00'[39m, [32m'4.27'[39m, [32m'3.39'[39m, [32m'0.00'[39m ]
data rcv RT:[ [32m'0.00'[39m, [32m'4.27'[39m, [32m'3.38'[39m, [32m'0.00'[39m ]
data rcv RT:[ [32m'0.00'[39m, [32m'4.28'[39m, [32m'3.41'[39m, [32m'0.00'[39m ]
data rcv RT:[ [32m'0.00'[39m, [32m'4.29'[39m, [32m'3.38'[39m, [32m'0.00'[39m ]
data rcv RT:[ [32m'0.00'[39m, [32m'4.28'[39m, [32m'3.38'[39m, [32m'0.00'[39m ]
data rcv RT:[ [32m'0.00'[39m, [32m'4.30'[39m, [32m'3.40'[39m, [32m'0.01'[39m ]
data rcv RT:[ [32m'0.00'[39m, [32m'4.32'[39m, [32m'3.39'[39m, [32m'0.02'[39m ]
data rcv RT:[ [32m'0.00'[39m, [32m'4.34'[39m, [32m'3.38'[39m, [32m'0.03'[39m ]
data rcv RT:[ [32m'0.00'[39m, [32m'4.36'[39m, [32m'3.36'[39m, [32m'0.04'[39m ]
data rcv RT:[ [32m'0.00'[39m, [32m'4.39'[39m, [32m'3.39'[39m, [32m'0.01'[39m ]
data rcv RT:[ [32m'0.00'[39m, [32m'4.38'[39m, [32m'3.40'[39m, [32m'0.00'[39m ]
data rcv RT:[ [32m'0.00'[39m, [32m'4.38'[39m, [32m'3.41'[39m, [32m'0.00'[39m ]
data rcv RT:[ [32m'0.00'[39m, [32m'4.31'[39m, [32m'3.43'[39m, [32m'0.00'[39m ]
data rcv RT:[ [32m'0.00'[39m, [32m'4.32'[39m, [32m'3.42'[39m, [32m'0.00'[39m ]
data rcv RT:[ [32m'0.00'[39m, [32m'4.29'[39m, [32m'3.44'[39m, [32m'0.00'[39m ]
data rcv RT:[ [32m'0.00'[39m, [32m'4.27'[39m, [32m'3.41'[39m, [32m'0.00'[39m ]
data rcv RT:[ [32m'0.00'[39m, [32m'4.29'[39m, [32m'3.38'[39m, [32m'0.00'[39m ]
data rcv RT:[ [32m'0.00'[39m, [32m'4.27'[39m, [32m'3.38'[39m, [32m'0.00'[39m ]
data rcv RT:[ [32m'0.00'[39m, [32m'4.30'[39m, [32m'3.36'[39m, [32m'0.00'[39m ]
data rcv RT:[ [32m'0.00'[39m, [32m'4.31'[39m, [32m'3.39'[39m, [32m'0.00'[39m ]
data rcv RT:[ [32m'0.00'[39m, [32m'4.35'[39m, [32m'3.38'[39m, [32m'0.03'[39m ]
data rcv RT:[ [32m'0.00'[39m, [32m'4.37'[39m, [32m'3.39'[39m, [32m'0.02'[39m ]
data rcv RT:[ [32m'0.00'[39m, [32m'4.34'[39m, [32m'3.42'[39m, [32m'0.00'[39m ]
data rcv RT:[ [32m'0.00'[39m, [32m'4.32'[39m, [32m'3.44'[39m, [32m'0.00'[39m ]
data rcv RT:[ [32m'0.00'[39m, [32m'4.31'[39m, [32m'3.43'[39m, [32m'0.00'[39m ]
data rcv RT:[ [32m'0.00'[39m, [32m'4.29'[39m, [32m'3.44'[39m, [32m'0.00'[39m ]
data rcv RT:[ [32m'0.00'[39m, [32m'4.26'[39m, [32m'3.39'[39m, [32m'0.00'[39m ]
data rcv RT:[ [32m'0.00'[39m, [32m'4.26'[39m, [32m'3.38'[39m, [32m'0.00'[39m ]
data rcv RT:[ [32m'0.00'[39m, [32m'4.25'[39m, [32m'3.42'[39m, [32m'0.00'[39m ]
data rcv RT:[ [32m'0.00'[39m, [32m'4.26'[39m, [32m'3.41'[39m, [32m'0.00'[39m ]
data rcv RT:[ [32m'0.00'[39m, [32m'4.27'[39m, [32m'3.38'[39m, [32m'0.00'[39m ]
data rcv RT:[ [32m'0.00'[39m, [32m'4.31'[39m, [32m'3.39'[39m, [32m'0.00'[39m ]
data rcv RT:[ [32m'0.00'[39m, [32m'4.33'[39m, [32m'3.36'[39m, [32m'0.05'[39m ]
data rcv RT:[ [32m'0.00'[39m, [32m'4.33'[39m, [32m'3.39'[39m, [32m'0.00'[39m ]
data rcv RT:[ [32m'0.00'[39m, [32m'4.36'[39m, [32m'3.41'[39m, [32m'0.01'[39m ]
data rcv RT:[ [32m'0.00'[39m, [32m'4.36'[39m, [32m'3.43'[39m, [32m'0.00'[39m ]
data rcv RT:[ [32m'0.00'[39m, [32m'4.37'[39m, [32m'3.39'[39m, [32m'0.01'[39m ]
data rcv RT:[ [32m'0.00'[39m, [32m'4.35'[39m, [32m'3.42'[39m, [32m'0.00'[39m ]
data rcv RT:[ [32m'0.00'[39m, [32m'4.35'[39m, [32m'3.43'[39m, [32m'0.00'[39m ]
data rcv RT:[ [32m'0.00'[39m, [32m'4.33'[39m, [32m'3.42'[39m, [32m'0.00'[39m ]
data rcv RT:[ [32m'0.00'[39m, [32m'4.30'[39m, [32m'3.43'[39m, [32m'0.00'[39m ]
data rcv RT:[ [32m'0.00'[39m, [32m'4.32'[39m, [32m'3.42'[39m, [32m'0.00'[39m ]
data rcv RT:[ [32m'0.00'[39m, [32m'4.27'[39m, [32m'3.42'[39m, [32m'0.00'[39m ]
data rcv RT:[ [32m'0.00'[39m, [32m'4.25'[39m, [32m'3.40'[39m, [32m'0.00'[39m ]
data rcv RT:[ [32m'0.00'[39m, [32m'4.27'[39m, [32m'3.40'[39m, [32m'0.00'[39m ]
data rcv RT:[ [32m'0.00'[39m, [32m'4.28'[39m, [32m'3.40'[39m, [32m'0.00'[39m ]
data rcv RT:[ [32m'0.00'[39m, [32m'4.32'[39m, [32m'3.38'[39m, [32m'0.01'[39m ]
data rcv RT:[ [32m'0.00'[39m, [32m'4.30'[39m, [32m'3.38'[39m, [32m'0.02'[39m ]
data rcv RT:[ [32m'0.00'[39m, [32m'4.37'[39m, [32m'3.38'[39m, [32m'0.01'[39m ]
data rcv RT:[ [32m'0.00'[39m, [32m'4.33'[39m, [32m'3.38'[39m, [32m'0.03'[39m ]
data rcv RT:[ [32m'0.00'[39m, [32m'4.37'[39m, [32m'3.39'[39m, [32m'0.01'[39m ]
data rcv RT:[ [32m'0.00'[39m, [32m'4.36'[39m, [32m'3.42'[39m, [32m'0.00'[39m ]
data rcv RT:[ [32m'0.00'[39m, [32m'4.39'[39m, [32m'3.40'[39m, [32m'0.01'[39m ]
data rcv RT:[ [32m'0.00'[39m, [32m'4.37'[39m, [32m'3.43'[39m, [32m'0.00'[39m ]
data rcv RT:[ [32m'0.00'[39m, [32m'4.37'[39m, [32m'3.41'[39m, [32m'0.00'[39m ]
data rcv RT:[ [32m'0.00'[39m, [32m'4.31'[39m, [32m'3.43'[39m, [32m'0.00'[39m ]
data rcv RT:[ [32m'0.00'[39m, [32m'4.32'[39m, [32m'3.42'[39m, [32m'0.00'[39m ]
data rcv RT:[ [32m'0.00'[39m, [32m'4.30'[39m, [32m'3.44'[39m, [32m'0.00'[39m ]
data rcv RT:[ [32m'0.00'[39m, [32m'4.31'[39m, [32m'3.43'[39m, [32m'0.00'[39m ]
data rcv RT:[ [32m'0.00'[39m, [32m'4.27'[39m, [32m'3.40'[39m, [32m'0.00'[39m ]
data rcv RT:[ [32m'0.00'[39m, [32m'4.28'[39m, [32m'3.40'[39m, [32m'0.00'[39m ]
data rcv RT:[ [32m'0.00'[39m, [32m'4.28'[39m, [32m'3.39'[39m, [32m'0.00'[39m ]
data rcv RT:[ [32m'0.00'[39m, [32m'4.31'[39m, [32m'3.37'[39m, [32m'0.00'[39m ]
data rcv RT:[ [32m'0.00'[39m, [32m'4.30'[39m, [32m'3.37'[39m, [32m'0.00'[39m ]
data rcv RT:[ [32m'0.00'[39m, [32m'4.32'[39m, [32m'3.37'[39m, [32m'0.01'[39m ]
data rcv RT:[ [32m'0.00'[39m, [32m'4.30'[39m, [32m'3.37'[39m, [32m'0.02'[39m ]
data rcv RT:[ [32m'0.00'[39m, [32m'4.34'[39m, [32m'3.36'[39m, [32m'0.03'[39m ]
data rcv RT:[ [32m'0.00'[39m, [32m'4.35'[39m, [32m'3.35'[39m, [32m'0.04'[39m ]
data rcv RT:[ [32m'0.00'[39m, [32m'4.38'[39m, [32m'3.41'[39m, [32m'0.00'[39m ]
data rcv RT:[ [32m'0.00'[39m, [32m'4.36'[39m, [32m'3.38'[39m, [32m'0.05'[39m ]
data rcv RT:[ [32m'0.00'[39m, [32m'4.38'[39m, [32m'3.39'[39m, [32m'0.00'[39m ]
data rcv RT:[ [32m'0.00'[39m, [32m'4.35'[39m, [32m'3.42'[39m, [32m'0.00'[39m ]
data rcv RT:[ [32m'0.00'[39m, [32m'4.32'[39m, [32m'3.40'[39m, [32m'0.00'[39m ]
data rcv RT:[ [32m'0.00'[39m, [32m'4.31'[39m, [32m'3.44'[39m, [32m'0.00'[39m ]
data rcv RT:[ [32m'0.00'[39m, [32m'4.29'[39m, [32m'3.44'[39m, [32m'0.00'[39m ]
data rcv RT:[ [32m'0.00'[39m, [32m'4.32'[39m, [32m'3.44'[39m, [32m'0.00'[39m ]
data rcv RT:[ [32m'0.00'[39m, [32m'4.29'[39m, [32m'3.43'[39m, [32m'0.00'[39m ]
data rcv RT:[ [32m'0.00'[39m, [32m'4.28'[39m, [32m'3.44'[39m, [32m'0.00'[39m ]
data rcv RT:[ [32m'0.00'[39m, [32m'4.28'[39m, [32m'3.41'[39m, [32m'0.00'[39m ]
data rcv RT:[ [32m'0.00'[39m, [32m'4.26'[39m, [32m'3.39'[39m, [32m'0.00'[39m ]
data rcv RT:[ [32m'0.00'[39m, [32m'4.26'[39m, [32m'3.42'[39m, [32m'0.00'[39m ]
data rcv RT:[ [32m'0.00'[39m, [32m'4.28'[39m, [32m'3.39'[39m, [32m'0.00'[39m ]
data rcv RT:[ [32m'0.00'[39m, [32m'4.28'[39m, [32m'3.37'[39m, [32m'0.00'[39m ]
data rcv RT:[ [32m'0.00'[39m, [32m'4.29'[39m, [32m'3.39'[39m, [32m'0.00'[39m ]
data rcv RT:[ [32m'0.00'[39m, [32m'4.32'[39m, [32m'3.39'[39m, [32m'0.00'[39m ]
data rcv RT:[ [32m'0.00'[39m, [32m'4.33'[39m, [32m'3.38'[39m, [32m'0.02'[39m ]
data rcv RT:[ [32m'0.00'[39m, [32m'4.32'[39m, [32m'3.37'[39m, [32m'0.04'[39m ]
data rcv RT:[ [32m'0.00'[39m, [32m'4.36'[39m, [32m'3.41'[39m, [32m'0.01'[39m ]
data rcv RT:[ [32m'0.00'[39m, [32m'4.37'[39m, [32m'3.40'[39m, [32m'0.00'[39m ]
data rcv RT:[ [32m'0.00'[39m, [32m'4.37'[39m, [32m'3.40'[39m, [32m'0.00'[39m ]
data rcv RT:[ [32m'0.00'[39m, [32m'4.38'[39m, [32m'3.42'[39m, [32m'0.00'[39m ]
data rcv RT:[ [32m'0.00'[39m, [32m'4.35'[39m, [32m'3.42'[39m, [32m'0.00'[39m ]
data rcv RT:[ [32m'0.00'[39m, [32m'4.33'[39m, [32m'3.42'[39m, [32m'0.00'[39m ]
data rcv RT:[ [32m'0.00'[39m, [32m'4.31'[39m, [32m'3.43'[39m, [32m'0.00'[39m ]
data rcv RT:[ [32m'0.00'[39m, [32m'4.30'[39m, [32m'3.42'[39m, [32m'0.00'[39m ]
data rcv RT:[ [32m'0.00'[39m, [32m'4.31'[39m, [32m'3.45'[39m, [32m'0.00'[39m ]
data rcv RT:[ [32m'0.00'[39m, [32m'4.26'[39m, [32m'3.40'[39m, [32m'0.00'[39m ]
data rcv RT:[ [32m'0.00'[39m, [32m'4.27'[39m, [32m'3.37'[39m, [32m'0.00'[39m ]
data rcv RT:[ [32m'0.00'[39m, [32m'4.26'[39m, [32m'3.39'[39m, [32m'0.00'[39m ]
data rcv RT:[ [32m'0.00'[39m, [32m'4.27'[39m, [32m'3.39'[39m, [32m'0.00'[39m ]
data rcv RT:[ [32m'0.00'[39m, [32m'4.29'[39m, [32m'3.38'[39m, [32m'0.00'[39m ]
data rcv RT:[ [32m'0.00'[39m, [32m'4.31'[39m, [32m'3.37'[39m, [32m'0.02'[39m ]
data rcv RT:[ [32m'0.00'[39m, [32m'4.32'[39m, [32m'3.37'[39m, [32m'0.05'[39m ]
data rcv RT:[ [32m'0.00'[39m, [32m'4.34'[39m, [32m'3.38'[39m, [32m'0.02'[39m ]
data rcv RT:[ [32m'0.00'[39m, [32m'4.35'[39m, [32m'3.38'[39m, [32m'0.04'[39m ]
data rcv RT:[ [32m'0.00'[39m, [32m'4.35'[39m, [32m'3.42'[39m, [32m'0.00'[39m ]
data rcv RT:[ [32m'0.00'[39m, [32m'4.36'[39m, [32m'3.42'[39m, [32m'0.00'[39m ]
data rcv RT:[ [32m'0.00'[39m, [32m'4.33'[39m, [32m'3.41'[39m, [32m'0.00'[39m ]
data rcv RT:[ [32m'0.00'[39m, [32m'4.30'[39m, [32m'3.44'[39m, [32m'0.00'[39m ]
data rcv RT:[ [32m'0.00'[39m, [32m'4.28'[39m, [32m'3.43'[39m, [32m'0.00'[39m ]
data rcv RT:[ [32m'0.00'[39m, [32m'4.29'[39m, [32m'3.42'[39m, [32m'0.00'[39m ]
data rcv RT:[ [32m'0.00'[39m, [32m'4.29'[39m, [32m'3.42'[39m, [32m'0.00'[39m ]
data rcv RT:[ [32m'0.00'[39m, [32m'4.26'[39m, [32m'3.39'[39m, [32m'0.00'[39m ]
data rcv RT:[ [32m'0.00'[39m, [32m'4.26'[39m, [32m'3.37'[39m, [32m'0.00'[39m ]
data rcv RT:[ [32m'0.00'[39m, [32m'4.31'[39m, [32m'3.36'[39m, [32m'0.01'[39m ]
data rcv RT:[ [32m'0.00'[39m, [32m'4.32'[39m, [32m'3.38'[39m, [32m'0.01'[39m ]
data rcv RT:[ [32m'0.00'[39m, [32m'4.34'[39m, [32m'3.39'[39m, [32m'0.01'[39m ]
data rcv RT:[ [32m'0.00'[39m, [32m'4.38'[39m, [32m'3.39'[39m, [32m'0.02'[39m ]
data rcv RT:[ [32m'0.00'[39m, [32m'4.33'[39m, [32m'3.44'[39m, [32m'0.00'[39m ]
data rcv RT:[ [32m'0.00'[39m, [32m'4.35'[39m, [32m'3.42'[39m, [32m'0.00'[39m ]
data rcv RT:[ [32m'0.00'[39m, [32m'4.32'[39m, [32m'3.42'[39m, [32m'0.00'[39m ]
data rcv RT:[ [32m'0.00'[39m, [32m'4.28'[39m, [32m'3.44'[39m, [32m'0.00'[39m ]
data rcv RT:[ [32m'0.00'[39m, [32m'4.28'[39m, [32m'3.45'[39m, [32m'0.00'[39m ]
data rcv RT:[ [32m'0.00'[39m, [32m'4.26'[39m, [32m'3.39'[39m, [32m'0.00'[39m ]
data rcv RT:[ [32m'0.00'[39m, [32m'4.27'[39m, [32m'3.38'[39m, [32m'0.00'[39m ]
data rcv RT:[ [32m'0.00'[39m, [32m'4.27'[39m, [32m'3.38'[39m, [32m'0.00'[39m ]
data rcv RT:[ [32m'0.00'[39m, [32m'4.30'[39m, [32m'3.38'[39m, [32m'0.01'[39m ]
data rcv RT:[ [32m'0.00'[39m, [32m'4.29'[39m, [32m'3.38'[39m, [32m'0.00'[39m ]
data rcv RT:[ [32m'0.00'[39m, [32m'4.33'[39m, [32m'3.37'[39m, [32m'0.02'[39m ]
data rcv RT:[ [32m'0.00'[39m, [32m'4.35'[39m, [32m'3.40'[39m, [32m'0.00'[39m ]
data rcv RT:[ [32m'0.00'[39m, [32m'4.37'[39m, [32m'3.39'[39m, [32m'0.01'[39m ]
data rcv RT:[ [32m'0.00'[39m, [32m'4.39'[39m, [32m'3.39'[39m, [32m'0.00'[39m ]
data rcv RT:[ [32m'0.00'[39m, [32m'4.35'[39m, [32m'3.43'[39m, [32m'0.00'[39m ]
client Front End connected
Socket {
  nsp: 
   Namespace {
     name: [32m'/'[39m,
     server: 
      Server {
        nsps: [36m[Object][39m,
        _path: [32m'/socket.io'[39m,
        _serveClient: [33mtrue[39m,
        _adapter: [36m[Function: Adapter][39m,
        _origins: [32m'*:*'[39m,
        sockets: [36m[Circular][39m,
        eio: [36m[Object][39m,
        httpServer: [36m[Object][39m,
        engine: [36m[Object][39m },
     sockets: { [32m'/#sAp2UAxeuFBmWGDsAAAf'[39m: [36m[Circular][39m },
     connected: { [32m'/#sAp2UAxeuFBmWGDsAAAf'[39m: [36m[Circular][39m },
     fns: [],
     ids: [33m0[39m,
     adapter: 
      Adapter {
        nsp: [36m[Circular][39m,
        rooms: [36m[Object][39m,
        sids: [36m[Object][39m,
        encoder: Encoder {} },
     _events: { connection: [36m[Function][39m },
     _eventsCount: [33m1[39m },
  server: 
   Server {
     nsps: { [32m'/'[39m: [36m[Object][39m },
     _path: [32m'/socket.io'[39m,
     _serveClient: [33mtrue[39m,
     _adapter: [36m[Function: Adapter][39m,
     _origins: [32m'*:*'[39m,
     sockets: 
      Namespace {
        name: [32m'/'[39m,
        server: [36m[Circular][39m,
        sockets: [36m[Object][39m,
        connected: [36m[Object][39m,
        fns: [],
        ids: [33m0[39m,
        adapter: [36m[Object][39m,
        _events: [36m[Object][39m,
        _eventsCount: [33m1[39m },
     eio: 
      Server {
        clients: [36m[Object][39m,
        clientsCount: [33m1[39m,
        pingTimeout: [33m60000[39m,
        pingInterval: [33m25000[39m,
        upgradeTimeout: [33m10000[39m,
        maxHttpBufferSize: [33m100000000[39m,
        transports: [36m[Object][39m,
        allowUpgrades: [33mtrue[39m,
        allowRequest: [36m[Function: bound ][39m,
        cookie: [32m'io'[39m,
        cookiePath: [33mfalse[39m,
        perMessageDeflate: [36m[Object][39m,
        httpCompression: [36m[Object][39m,
        ws: [36m[Object][39m,
        _events: [36m[Object][39m,
        _eventsCount: [33m1[39m },
     httpServer: 
      Server {
        domain: [1mnull[22m,
        _events: [36m[Object][39m,
        _eventsCount: [33m4[39m,
        _maxListeners: [90mundefined[39m,
        _connections: [33m1[39m,
        _handle: [36m[Object][39m,
        _usingSlaves: [33mfalse[39m,
        _slaves: [],
        _unref: [33mfalse[39m,
        allowHalfOpen: [33mtrue[39m,
        pauseOnConnect: [33mfalse[39m,
        httpAllowHalfOpen: [33mfalse[39m,
        timeout: [33m120000[39m,
        _pendingResponseData: [33m0[39m,
        _connectionKey: [32m'6::::3000'[39m },
     engine: 
      Server {
        clients: [36m[Object][39m,
        clientsCount: [33m1[39m,
        pingTimeout: [33m60000[39m,
        pingInterval: [33m25000[39m,
        upgradeTimeout: [33m10000[39m,
        maxHttpBufferSize: [33m100000000[39m,
        transports: [36m[Object][39m,
        allowUpgrades: [33mtrue[39m,
        allowRequest: [36m[Function: bound ][39m,
        cookie: [32m'io'[39m,
        cookiePath: [33mfalse[39m,
        perMessageDeflate: [36m[Object][39m,
        httpCompression: [36m[Object][39m,
        ws: [36m[Object][39m,
        _events: [36m[Object][39m,
        _eventsCount: [33m1[39m } },
  adapter: 
   Adapter {
     nsp: 
      Namespace {
        name: [32m'/'[39m,
        server: [36m[Object][39m,
        sockets: [36m[Object][39m,
        connected: [36m[Object][39m,
        fns: [],
        ids: [33m0[39m,
        adapter: [36m[Circular][39m,
        _events: [36m[Object][39m,
        _eventsCount: [33m1[39m },
     rooms: { [32m'/#sAp2UAxeuFBmWGDsAAAf'[39m: [36m[Object][39m },
     sids: { [32m'/#sAp2UAxeuFBmWGDsAAAf'[39m: [36m[Object][39m },
     encoder: Encoder {} },
  id: [32m'/#sAp2UAxeuFBmWGDsAAAf'[39m,
  client: 
   Client {
     server: 
      Server {
        nsps: [36m[Object][39m,
        _path: [32m'/socket.io'[39m,
        _serveClient: [33mtrue[39m,
        _adapter: [36m[Function: Adapter][39m,
        _origins: [32m'*:*'[39m,
        sockets: [36m[Object][39m,
        eio: [36m[Object][39m,
        httpServer: [36m[Object][39m,
        engine: [36m[Object][39m },
     conn: 
      Socket {
        id: [32m'sAp2UAxeuFBmWGDsAAAf'[39m,
        server: [36m[Object][39m,
        upgrading: [33mfalse[39m,
        upgraded: [33mfalse[39m,
        readyState: [32m'open'[39m,
        writeBuffer: [36m[Object][39m,
        packetsFn: [36m[Object][39m,
        sentCallbackFn: [],
        cleanupFn: [36m[Object][39m,
        request: [36m[Object][39m,
        remoteAddress: [32m'::ffff:10.210.30.41'[39m,
        checkIntervalTimer: [1mnull[22m,
        upgradeTimeoutTimer: [1mnull[22m,
        pingTimeoutTimer: [36m[Object][39m,
        transport: [36m[Object][39m,
        _events: [36m[Object][39m,
        _eventsCount: [33m3[39m },
     encoder: Encoder {},
     decoder: Decoder { reconstructor: [1mnull[22m, _callbacks: [36m[Object][39m },
     id: [32m'sAp2UAxeuFBmWGDsAAAf'[39m,
     request: 
      IncomingMessage {
        _readableState: [36m[Object][39m,
        readable: [33mtrue[39m,
        domain: [1mnull[22m,
        _events: {},
        _eventsCount: [33m0[39m,
        _maxListeners: [90mundefined[39m,
        socket: [36m[Object][39m,
        connection: [36m[Object][39m,
        httpVersionMajor: [33m1[39m,
        httpVersionMinor: [33m1[39m,
        httpVersion: [32m'1.1'[39m,
        complete: [33mtrue[39m,
        headers: [36m[Object][39m,
        rawHeaders: [36m[Object][39m,
        trailers: {},
        rawTrailers: [],
        upgrade: [33mfalse[39m,
        url: [32m'/socket.io/?EIO=3&transport=polling&t=LTmTCcd'[39m,
        method: [32m'GET'[39m,
        statusCode: [1mnull[22m,
        statusMessage: [1mnull[22m,
        client: [36m[Object][39m,
        _consuming: [33mfalse[39m,
        _dumped: [33mtrue[39m,
        _query: [36m[Object][39m,
        res: [36m[Object][39m,
        cleanup: [36m[Function: cleanup][39m },
     onclose: [36m[Function: bound ][39m,
     ondata: [36m[Function: bound ][39m,
     onerror: [36m[Function: bound ][39m,
     ondecoded: [36m[Function: bound ][39m,
     sockets: { [32m'/#sAp2UAxeuFBmWGDsAAAf'[39m: [36m[Circular][39m },
     nsps: { [32m'/'[39m: [36m[Circular][39m },
     connectBuffer: [] },
  conn: 
   Socket {
     id: [32m'sAp2UAxeuFBmWGDsAAAf'[39m,
     server: 
      Server {
        clients: [36m[Object][39m,
        clientsCount: [33m1[39m,
        pingTimeout: [33m60000[39m,
        pingInterval: [33m25000[39m,
        upgradeTimeout: [33m10000[39m,
        maxHttpBufferSize: [33m100000000[39m,
        transports: [36m[Object][39m,
        allowUpgrades: [33mtrue[39m,
        allowRequest: [36m[Function: bound ][39m,
        cookie: [32m'io'[39m,
        cookiePath: [33mfalse[39m,
        perMessageDeflate: [36m[Object][39m,
        httpCompression: [36m[Object][39m,
        ws: [36m[Object][39m,
        _events: [36m[Object][39m,
        _eventsCount: [33m1[39m },
     upgrading: [33mfalse[39m,
     upgraded: [33mfalse[39m,
     readyState: [32m'open'[39m,
     writeBuffer: [ [36m[Object][39m ],
     packetsFn: [ [90mundefined[39m ],
     sentCallbackFn: [],
     cleanupFn: [ [36m[Function][39m, [36m[Function][39m ],
     request: 
      IncomingMessage {
        _readableState: [36m[Object][39m,
        readable: [33mtrue[39m,
        domain: [1mnull[22m,
        _events: {},
        _eventsCount: [33m0[39m,
        _maxListeners: [90mundefined[39m,
        socket: [36m[Object][39m,
        connection: [36m[Object][39m,
        httpVersionMajor: [33m1[39m,
        httpVersionMinor: [33m1[39m,
        httpVersion: [32m'1.1'[39m,
        complete: [33mtrue[39m,
        headers: [36m[Object][39m,
        rawHeaders: [36m[Object][39m,
        trailers: {},
        rawTrailers: [],
        upgrade: [33mfalse[39m,
        url: [32m'/socket.io/?EIO=3&transport=polling&t=LTmTCcd'[39m,
        method: [32m'GET'[39m,
        statusCode: [1mnull[22m,
        statusMessage: [1mnull[22m,
        client: [36m[Object][39m,
        _consuming: [33mfalse[39m,
        _dumped: [33mtrue[39m,
        _query: [36m[Object][39m,
        res: [36m[Object][39m,
        cleanup: [36m[Function: cleanup][39m },
     remoteAddress: [32m'::ffff:10.210.30.41'[39m,
     checkIntervalTimer: [1mnull[22m,
     upgradeTimeoutTimer: [1mnull[22m,
     pingTimeoutTimer: 
      Timeout {
        _called: [33mfalse[39m,
        _idleTimeout: [33m85000[39m,
        _idlePrev: [36m[Object][39m,
        _idleNext: [36m[Object][39m,
        _idleStart: [33m23155633[39m,
        _onTimeout: [36m[Function][39m,
        _repeat: [1mnull[22m },
     transport: 
      XHR {
        readyState: [32m'open'[39m,
        discarded: [33mfalse[39m,
        closeTimeout: [33m30000[39m,
        maxHttpBufferSize: [33m100000000[39m,
        httpCompression: [36m[Object][39m,
        supportsBinary: [33mtrue[39m,
        _events: [36m[Object][39m,
        _eventsCount: [33m5[39m,
        sid: [32m'sAp2UAxeuFBmWGDsAAAf'[39m,
        req: [1mnull[22m,
        res: [1mnull[22m,
        writable: [33mfalse[39m },
     _events: 
      { close: [36m[Object][39m,
        data: [36m[Function: bound ][39m,
        error: [36m[Function: bound ][39m },
     _eventsCount: [33m3[39m },
  rooms: {},
  acks: {},
  connected: [33mtrue[39m,
  disconnected: [33mfalse[39m,
  handshake: 
   { headers: 
      { host: [32m'10.210.30.148:3000'[39m,
        connection: [32m'keep-alive'[39m,
        [32m'cache-control'[39m: [32m'max-age=0'[39m,
        origin: [32m'http://10.210.30.148'[39m,
        [32m'user-agent'[39m: [32m'Mozilla/5.0 (Windows NT 5.1) AppleWebKit/537.36 (KHTML, like Gecko) Chrome/49.0.2623.112 Safari/537.36'[39m,
        accept: [32m'*/*'[39m,
        referer: [32m'http://10.210.30.148/sku/'[39m,
        [32m'accept-encoding'[39m: [32m'gzip, deflate, sdch'[39m,
        [32m'accept-language'[39m: [32m'ru-RU,ru;q=0.8,en-US;q=0.6,en;q=0.4'[39m,
        cookie: [32m'io=iw-V5Han5gWDdeUqAAAe'[39m },
     time: [32m'Wed Sep 28 2016 15:01:07 GMT+0400 (SAMT)'[39m,
     address: [32m'::ffff:10.210.30.41'[39m,
     xdomain: [33mtrue[39m,
     secure: [33mfalse[39m,
     issued: [33m1475060467849[39m,
     url: [32m'/socket.io/?EIO=3&transport=polling&t=LTmTCcd'[39m,
     query: { EIO: [32m'3'[39m, transport: [32m'polling'[39m, t: [32m'LTmTCcd'[39m } } }
data rcv RT:[ [32m'0.00'[39m, [32m'4.33'[39m, [32m'3.42'[39m, [32m'0.00'[39m ]
data rcv RT:[ [32m'0.00'[39m, [32m'4.32'[39m, [32m'3.44'[39m, [32m'0.00'[39m ]
data rcv RT:[ [32m'0.00'[39m, [32m'4.32'[39m, [32m'3.41'[39m, [32m'0.00'[39m ]
data rcv RT:[ [32m'0.00'[39m, [32m'4.33'[39m, [32m'3.43'[39m, [32m'0.00'[39m ]
data rcv RT:[ [32m'0.00'[39m, [32m'4.29'[39m, [32m'3.44'[39m, [32m'0.00'[39m ]
data rcv RT:[ [32m'0.00'[39m, [32m'4.28'[39m, [32m'3.42'[39m, [32m'0.00'[39m ]
data rcv RT:[ [32m'0.00'[39m, [32m'4.26'[39m, [32m'3.38'[39m, [32m'0.00'[39m ]
data rcv RT:[ [32m'0.00'[39m, [32m'4.26'[39m, [32m'3.41'[39m, [32m'0.00'[39m ]
data rcv RT:[ [32m'0.00'[39m, [32m'4.29'[39m, [32m'3.38'[39m, [32m'0.00'[39m ]
data rcv RT:[ [32m'0.00'[39m, [32m'4.29'[39m, [32m'3.40'[39m, [32m'0.00'[39m ]
data rcv RT:[ [32m'0.00'[39m, [32m'4.33'[39m, [32m'3.38'[39m, [32m'0.01'[39m ]
data rcv RT:[ [32m'0.00'[39m, [32m'4.30'[39m, [32m'3.38'[39m, [32m'0.01'[39m ]
data rcv RT:[ [32m'0.00'[39m, [32m'4.34'[39m, [32m'3.38'[39m, [32m'0.01'[39m ]
data rcv RT:[ [32m'0.00'[39m, [32m'4.36'[39m, [32m'3.38'[39m, [32m'0.01'[39m ]
data rcv RT:[ [32m'0.00'[39m, [32m'4.37'[39m, [32m'3.39'[39m, [32m'0.03'[39m ]
data rcv RT:[ [32m'0.00'[39m, [32m'4.36'[39m, [32m'3.40'[39m, [32m'0.01'[39m ]
data rcv RT:[ [32m'0.00'[39m, [32m'4.33'[39m, [32m'3.43'[39m, [32m'0.00'[39m ]
data rcv RT:[ [32m'0.00'[39m, [32m'4.33'[39m, [32m'3.43'[39m, [32m'0.00'[39m ]
data rcv RT:[ [32m'0.00'[39m, [32m'4.31'[39m, [32m'3.44'[39m, [32m'0.00'[39m ]
data rcv RT:[ [32m'0.00'[39m, [32m'4.33'[39m, [32m'3.42'[39m, [32m'0.00'[39m ]
data rcv RT:[ [32m'0.00'[39m, [32m'4.31'[39m, [32m'3.44'[39m, [32m'0.00'[39m ]
data rcv RT:[ [32m'0.00'[39m, [32m'4.29'[39m, [32m'3.43'[39m, [32m'0.00'[39m ]
data rcv RT:[ [32m'0.00'[39m, [32m'4.25'[39m, [32m'3.40'[39m, [32m'0.00'[39m ]
data rcv RT:[ [32m'0.00'[39m, [32m'4.28'[39m, [32m'3.37'[39m, [32m'0.00'[39m ]
data rcv RT:[ [32m'0.00'[39m, [32m'4.29'[39m, [32m'3.37'[39m, [32m'0.00'[39m ]
data rcv RT:[ [32m'0.00'[39m, [32m'4.34'[39m, [32m'3.37'[39m, [32m'0.02'[39m ]
data rcv RT:[ [32m'0.00'[39m, [32m'4.31'[39m, [32m'3.37'[39m, [32m'0.01'[39m ]
data rcv RT:[ [32m'0.00'[39m, [32m'4.35'[39m, [32m'3.36'[39m, [32m'0.05'[39m ]
data rcv RT:[ [32m'0.00'[39m, [32m'4.36'[39m, [32m'3.40'[39m, [32m'0.03'[39m ]
data rcv RT:[ [32m'0.00'[39m, [32m'4.38'[39m, [32m'3.40'[39m, [32m'0.03'[39m ]
data rcv RT:[ [32m'0.00'[39m, [32m'4.37'[39m, [32m'3.41'[39m, [32m'0.00'[39m ]
data rcv RT:[ [32m'0.00'[39m, [32m'4.38'[39m, [32m'3.41'[39m, [32m'0.00'[39m ]
data rcv RT:[ [32m'0.00'[39m, [32m'4.34'[39m, [32m'3.43'[39m, [32m'0.00'[39m ]
data rcv RT:[ [32m'0.00'[39m, [32m'4.30'[39m, [32m'3.43'[39m, [32m'0.00'[39m ]
data rcv RT:[ [32m'0.00'[39m, [32m'4.31'[39m, [32m'3.44'[39m, [32m'0.00'[39m ]
data rcv RT:[ [32m'0.00'[39m, [32m'4.31'[39m, [32m'3.43'[39m, [32m'0.00'[39m ]
data rcv RT:[ [32m'0.00'[39m, [32m'4.24'[39m, [32m'3.38'[39m, [32m'0.00'[39m ]
data rcv RT:[ [32m'0.00'[39m, [32m'4.25'[39m, [32m'3.39'[39m, [32m'0.00'[39m ]
data rcv RT:[ [32m'0.00'[39m, [32m'4.28'[39m, [32m'3.37'[39m, [32m'0.00'[39m ]
data rcv RT:[ [32m'0.00'[39m, [32m'4.29'[39m, [32m'3.38'[39m, [32m'0.00'[39m ]
data rcv RT:[ [32m'0.00'[39m, [32m'4.31'[39m, [32m'3.38'[39m, [32m'0.02'[39m ]
data rcv RT:[ [32m'0.00'[39m, [32m'4.33'[39m, [32m'3.37'[39m, [32m'0.02'[39m ]
data rcv RT:[ [32m'0.00'[39m, [32m'4.38'[39m, [32m'3.39'[39m, [32m'0.02'[39m ]
data rcv RT:[ [32m'0.00'[39m, [32m'4.37'[39m, [32m'3.39'[39m, [32m'0.00'[39m ]
data rcv RT:[ [32m'0.00'[39m, [32m'4.36'[39m, [32m'3.40'[39m, [32m'0.00'[39m ]
data rcv RT:[ [32m'0.00'[39m, [32m'4.35'[39m, [32m'3.41'[39m, [32m'0.00'[39m ]
data rcv RT:[ [32m'0.00'[39m, [32m'4.30'[39m, [32m'3.44'[39m, [32m'0.00'[39m ]
data rcv RT:[ [32m'0.00'[39m, [32m'4.30'[39m, [32m'3.44'[39m, [32m'0.00'[39m ]
data rcv RT:[ [32m'0.00'[39m, [32m'4.27'[39m, [32m'3.38'[39m, [32m'0.00'[39m ]
data rcv RT:[ [32m'0.00'[39m, [32m'4.26'[39m, [32m'3.43'[39m, [32m'0.00'[39m ]
data rcv RT:[ [32m'0.00'[39m, [32m'4.28'[39m, [32m'3.37'[39m, [32m'0.00'[39m ]
data rcv RT:[ [32m'0.00'[39m, [32m'4.29'[39m, [32m'3.38'[39m, [32m'0.00'[39m ]
data rcv RT:[ [32m'0.00'[39m, [32m'4.34'[39m, [32m'3.34'[39m, [32m'0.07'[39m ]
data rcv RT:[ [32m'0.00'[39m, [32m'4.37'[39m, [32m'3.41'[39m, [32m'0.01'[39m ]
data rcv RT:[ [32m'0.00'[39m, [32m'4.36'[39m, [32m'3.38'[39m, [32m'0.00'[39m ]
data rcv RT:[ [32m'0.00'[39m, [32m'4.32'[39m, [32m'3.43'[39m, [32m'0.00'[39m ]
data rcv RT:[ [32m'0.00'[39m, [32m'4.30'[39m, [32m'3.44'[39m, [32m'0.00'[39m ]
data rcv RT:[ [32m'0.00'[39m, [32m'4.30'[39m, [32m'3.43'[39m, [32m'0.00'[39m ]
data rcv RT:[ [32m'0.00'[39m, [32m'4.26'[39m, [32m'3.42'[39m, [32m'0.00'[39m ]
data rcv RT:[ [32m'0.00'[39m, [32m'4.25'[39m, [32m'3.39'[39m, [32m'0.00'[39m ]
data rcv RT:[ [32m'0.00'[39m, [32m'4.28'[39m, [32m'3.37'[39m, [32m'0.00'[39m ]
data rcv RT:[ [32m'0.00'[39m, [32m'4.28'[39m, [32m'3.39'[39m, [32m'0.00'[39m ]
data rcv RT:[ [32m'0.00'[39m, [32m'4.34'[39m, [32m'3.36'[39m, [32m'0.03'[39m ]
data rcv RT:[ [32m'0.00'[39m, [32m'4.34'[39m, [32m'3.38'[39m, [32m'0.03'[39m ]
data rcv RT:[ [32m'0.00'[39m, [32m'4.38'[39m, [32m'3.39'[39m, [32m'0.02'[39m ]
data rcv RT:[ [32m'0.00'[39m, [32m'4.36'[39m, [32m'3.41'[39m, [32m'0.01'[39m ]
data rcv RT:[ [32m'0.00'[39m, [32m'4.36'[39m, [32m'3.41'[39m, [32m'0.00'[39m ]
data rcv RT:[ [32m'0.00'[39m, [32m'4.31'[39m, [32m'3.41'[39m, [32m'0.00'[39m ]
data rcv RT:[ [32m'0.00'[39m, [32m'4.31'[39m, [32m'3.41'[39m, [32m'0.00'[39m ]
data rcv RT:[ [32m'0.00'[39m, [32m'4.26'[39m, [32m'3.43'[39m, [32m'0.00'[39m ]
data rcv RT:[ [32m'0.00'[39m, [32m'4.29'[39m, [32m'3.41'[39m, [32m'0.00'[39m ]
data rcv RT:[ [32m'0.00'[39m, [32m'4.29'[39m, [32m'3.37'[39m, [32m'0.00'[39m ]
data rcv RT:[ [32m'0.00'[39m, [32m'4.31'[39m, [32m'3.37'[39m, [32m'0.01'[39m ]
data rcv RT:[ [32m'0.00'[39m, [32m'4.34'[39m, [32m'3.38'[39m, [32m'0.04'[39m ]
data rcv RT:[ [32m'0.00'[39m, [32m'4.36'[39m, [32m'3.35'[39m, [32m'0.06'[39m ]
data rcv RT:[ [32m'0.00'[39m, [32m'4.34'[39m, [32m'3.44'[39m, [32m'0.00'[39m ]
data rcv RT:[ [32m'0.00'[39m, [32m'4.32'[39m, [32m'3.43'[39m, [32m'0.00'[39m ]
data rcv RT:[ [32m'0.00'[39m, [32m'4.31'[39m, [32m'3.42'[39m, [32m'0.00'[39m ]
data rcv RT:[ [32m'0.00'[39m, [32m'4.29'[39m, [32m'3.46'[39m, [32m'0.00'[39m ]
data rcv RT:[ [32m'0.00'[39m, [32m'4.28'[39m, [32m'3.46'[39m, [32m'0.00'[39m ]
data rcv RT:[ [32m'0.00'[39m, [32m'4.26'[39m, [32m'3.38'[39m, [32m'0.00'[39m ]
data rcv RT:[ [32m'0.00'[39m, [32m'4.28'[39m, [32m'3.39'[39m, [32m'0.00'[39m ]
data rcv RT:[ [32m'0.00'[39m, [32m'4.31'[39m, [32m'3.37'[39m, [32m'0.00'[39m ]
data rcv RT:[ [32m'0.00'[39m, [32m'4.31'[39m, [32m'3.38'[39m, [32m'0.01'[39m ]
data rcv RT:[ [32m'0.00'[39m, [32m'4.32'[39m, [32m'3.38'[39m, [32m'0.02'[39m ]
data rcv RT:[ [32m'0.00'[39m, [32m'4.33'[39m, [32m'3.36'[39m, [32m'0.04'[39m ]
data rcv RT:[ [32m'0.00'[39m, [32m'4.36'[39m, [32m'3.37'[39m, [32m'0.02'[39m ]
data rcv RT:[ [32m'0.00'[39m, [32m'4.38'[39m, [32m'3.39'[39m, [32m'0.02'[39m ]
data rcv RT:[ [32m'0.00'[39m, [32m'4.34'[39m, [32m'3.43'[39m, [32m'0.00'[39m ]
data rcv RT:[ [32m'0.00'[39m, [32m'4.30'[39m, [32m'3.42'[39m, [32m'0.00'[39m ]
data rcv RT:[ [32m'0.00'[39m, [32m'4.29'[39m, [32m'3.45'[39m, [32m'0.00'[39m ]
data rcv RT:[ [32m'0.00'[39m, [32m'4.26'[39m, [32m'3.41'[39m, [32m'0.00'[39m ]
data rcv RT:[ [32m'0.00'[39m, [32m'4.28'[39m, [32m'3.41'[39m, [32m'0.00'[39m ]
data rcv RT:[ [32m'0.00'[39m, [32m'4.27'[39m, [32m'3.39'[39m, [32m'0.00'[39m ]
data rcv RT:[ [32m'0.00'[39m, [32m'4.27'[39m, [32m'3.39'[39m, [32m'0.00'[39m ]
data rcv RT:[ [32m'0.00'[39m, [32m'4.30'[39m, [32m'3.40'[39m, [32m'0.00'[39m ]
data rcv RT:[ [32m'0.00'[39m, [32m'4.31'[39m, [32m'3.37'[39m, [32m'0.04'[39m ]
data rcv RT:[ [32m'0.00'[39m, [32m'4.34'[39m, [32m'3.36'[39m, [32m'0.04'[39m ]
data rcv RT:[ [32m'0.00'[39m, [32m'4.38'[39m, [32m'3.40'[39m, [32m'0.00'[39m ]
data rcv RT:[ [32m'0.00'[39m, [32m'4.36'[39m, [32m'3.41'[39m, [32m'0.00'[39m ]
data rcv RT:[ [32m'0.00'[39m, [32m'4.34'[39m, [32m'3.41'[39m, [32m'0.00'[39m ]
data rcv RT:[ [32m'0.00'[39m, [32m'4.32'[39m, [32m'3.41'[39m, [32m'0.00'[39m ]
data rcv RT:[ [32m'0.00'[39m, [32m'4.32'[39m, [32m'3.43'[39m, [32m'0.00'[39m ]
data rcv RT:[ [32m'0.00'[39m, [32m'4.26'[39m, [32m'3.45'[39m, [32m'0.00'[39m ]
data rcv RT:[ [32m'0.00'[39m, [32m'4.28'[39m, [32m'3.47'[39m, [32m'0.00'[39m ]
data rcv RT:[ [32m'0.00'[39m, [32m'4.26'[39m, [32m'3.40'[39m, [32m'0.00'[39m ]
data rcv RT:[ [32m'0.00'[39m, [32m'4.28'[39m, [32m'3.38'[39m, [32m'0.00'[39m ]
data rcv RT:[ [32m'0.00'[39m, [32m'4.28'[39m, [32m'3.37'[39m, [32m'0.00'[39m ]
data rcv RT:[ [32m'0.00'[39m, [32m'4.28'[39m, [32m'3.40'[39m, [32m'0.00'[39m ]
data rcv RT:[ [32m'0.00'[39m, [32m'4.35'[39m, [32m'3.37'[39m, [32m'0.04'[39m ]
data rcv RT:[ [32m'0.00'[39m, [32m'4.37'[39m, [32m'3.40'[39m, [32m'0.03'[39m ]
data rcv RT:[ [32m'0.00'[39m, [32m'4.36'[39m, [32m'3.40'[39m, [32m'0.00'[39m ]
data rcv RT:[ [32m'0.00'[39m, [32m'4.35'[39m, [32m'3.43'[39m, [32m'0.00'[39m ]
data rcv RT:[ [32m'0.00'[39m, [32m'4.31'[39m, [32m'3.43'[39m, [32m'0.00'[39m ]
data rcv RT:[ [32m'0.00'[39m, [32m'4.30'[39m, [32m'3.42'[39m, [32m'0.00'[39m ]
data rcv RT:[ [32m'0.00'[39m, [32m'4.31'[39m, [32m'3.43'[39m, [32m'0.00'[39m ]
data rcv RT:[ [32m'0.00'[39m, [32m'4.30'[39m, [32m'3.45'[39m, [32m'0.00'[39m ]
data rcv RT:[ [32m'0.00'[39m, [32m'4.28'[39m, [32m'3.39'[39m, [32m'0.00'[39m ]
data rcv RT:[ [32m'0.00'[39m, [32m'4.29'[39m, [32m'3.39'[39m, [32m'0.00'[39m ]
data rcv RT:[ [32m'0.00'[39m, [32m'4.31'[39m, [32m'3.37'[39m, [32m'0.00'[39m ]
data rcv RT:[ [32m'0.00'[39m, [32m'4.30'[39m, [32m'3.37'[39m, [32m'0.00'[39m ]
data rcv RT:[ [32m'0.00'[39m, [32m'4.34'[39m, [32m'3.39'[39m, [32m'0.01'[39m ]
data rcv RT:[ [32m'0.00'[39m, [32m'4.34'[39m, [32m'3.38'[39m, [32m'0.03'[39m ]
data rcv RT:[ [32m'0.00'[39m, [32m'4.36'[39m, [32m'3.36'[39m, [32m'0.06'[39m ]
data rcv RT:[ [32m'0.00'[39m, [32m'4.36'[39m, [32m'3.42'[39m, [32m'0.00'[39m ]
data rcv RT:[ [32m'0.00'[39m, [32m'4.34'[39m, [32m'3.43'[39m, [32m'0.00'[39m ]
data rcv RT:[ [32m'0.00'[39m, [32m'4.33'[39m, [32m'3.44'[39m, [32m'0.00'[39m ]
data rcv RT:[ [32m'0.00'[39m, [32m'4.33'[39m, [32m'3.45'[39m, [32m'0.00'[39m ]
data rcv RT:[ [32m'0.00'[39m, [32m'4.33'[39m, [32m'3.43'[39m, [32m'0.00'[39m ]
data rcv RT:[ [32m'0.00'[39m, [32m'4.29'[39m, [32m'3.42'[39m, [32m'0.00'[39m ]
data rcv RT:[ [32m'0.00'[39m, [32m'4.29'[39m, [32m'3.45'[39m, [32m'0.00'[39m ]
data rcv RT:[ [32m'0.00'[39m, [32m'4.26'[39m, [32m'3.39'[39m, [32m'0.00'[39m ]
data rcv RT:[ [32m'0.00'[39m, [32m'4.28'[39m, [32m'3.37'[39m, [32m'0.00'[39m ]
data rcv RT:[ [32m'0.00'[39m, [32m'4.28'[39m, [32m'3.39'[39m, [32m'0.00'[39m ]
data rcv RT:[ [32m'0.00'[39m, [32m'4.31'[39m, [32m'3.39'[39m, [32m'0.01'[39m ]
data rcv RT:[ [32m'0.00'[39m, [32m'4.31'[39m, [32m'3.39'[39m, [32m'0.01'[39m ]
data rcv RT:[ [32m'0.00'[39m, [32m'4.33'[39m, [32m'3.36'[39m, [32m'0.06'[39m ]
data rcv RT:[ [32m'0.00'[39m, [32m'4.37'[39m, [32m'3.36'[39m, [32m'0.02'[39m ]
data rcv RT:[ [32m'0.00'[39m, [32m'4.37'[39m, [32m'3.42'[39m, [32m'0.00'[39m ]
data rcv RT:[ [32m'0.00'[39m, [32m'4.35'[39m, [32m'3.40'[39m, [32m'0.00'[39m ]
data rcv RT:[ [32m'0.00'[39m, [32m'4.34'[39m, [32m'3.44'[39m, [32m'0.00'[39m ]
data rcv RT:[ [32m'0.00'[39m, [32m'4.32'[39m, [32m'3.43'[39m, [32m'0.00'[39m ]
data rcv RT:[ [32m'0.00'[39m, [32m'4.31'[39m, [32m'3.41'[39m, [32m'0.00'[39m ]
data rcv RT:[ [32m'0.00'[39m, [32m'4.28'[39m, [32m'3.44'[39m, [32m'0.00'[39m ]
data rcv RT:[ [32m'0.00'[39m, [32m'4.28'[39m, [32m'3.38'[39m, [32m'0.00'[39m ]
data rcv RT:[ [32m'0.00'[39m, [32m'4.29'[39m, [32m'3.40'[39m, [32m'0.00'[39m ]
data rcv RT:[ [32m'0.00'[39m, [32m'4.28'[39m, [32m'3.39'[39m, [32m'0.00'[39m ]
data rcv RT:[ [32m'0.00'[39m, [32m'4.32'[39m, [32m'3.37'[39m, [32m'0.02'[39m ]
data rcv RT:[ [32m'0.00'[39m, [32m'4.34'[39m, [32m'3.37'[39m, [32m'0.03'[39m ]
data rcv RT:[ [32m'0.00'[39m, [32m'4.34'[39m, [32m'3.36'[39m, [32m'0.06'[39m ]
data rcv RT:[ [32m'0.00'[39m, [32m'4.36'[39m, [32m'3.39'[39m, [32m'0.02'[39m ]
data rcv RT:[ [32m'0.00'[39m, [32m'4.34'[39m, [32m'3.43'[39m, [32m'0.00'[39m ]
data rcv RT:[ [32m'0.00'[39m, [32m'4.31'[39m, [32m'3.43'[39m, [32m'0.00'[39m ]
data rcv RT:[ [32m'0.00'[39m, [32m'4.31'[39m, [32m'3.44'[39m, [32m'0.00'[39m ]
data rcv RT:[ [32m'0.00'[39m, [32m'4.31'[39m, [32m'3.43'[39m, [32m'0.00'[39m ]
data rcv RT:[ [32m'0.00'[39m, [32m'4.30'[39m, [32m'3.40'[39m, [32m'0.00'[39m ]
data rcv RT:[ [32m'0.00'[39m, [32m'4.27'[39m, [32m'3.42'[39m, [32m'0.00'[39m ]
data rcv RT:[ [32m'0.00'[39m, [32m'4.28'[39m, [32m'3.41'[39m, [32m'0.00'[39m ]
data rcv RT:[ [32m'0.00'[39m, [32m'4.27'[39m, [32m'3.38'[39m, [32m'0.00'[39m ]
data rcv RT:[ [32m'0.00'[39m, [32m'4.28'[39m, [32m'3.39'[39m, [32m'0.00'[39m ]
data rcv RT:[ [32m'0.00'[39m, [32m'4.31'[39m, [32m'3.38'[39m, [32m'0.00'[39m ]
data rcv RT:[ [32m'0.00'[39m, [32m'4.31'[39m, [32m'3.38'[39m, [32m'0.00'[39m ]
data rcv RT:[ [32m'0.00'[39m, [32m'4.35'[39m, [32m'3.39'[39m, [32m'0.01'[39m ]
data rcv RT:[ [32m'0.00'[39m, [32m'4.35'[39m, [32m'3.38'[39m, [32m'0.03'[39m ]
data rcv RT:[ [32m'0.00'[39m, [32m'4.39'[39m, [32m'3.38'[39m, [32m'0.02'[39m ]
data rcv RT:[ [32m'0.00'[39m, [32m'4.36'[39m, [32m'3.41'[39m, [32m'0.00'[39m ]
data rcv RT:[ [32m'0.00'[39m, [32m'4.37'[39m, [32m'3.41'[39m, [32m'0.00'[39m ]
data rcv RT:[ [32m'0.00'[39m, [32m'4.31'[39m, [32m'3.43'[39m, [32m'0.00'[39m ]
data rcv RT:[ [32m'0.00'[39m, [32m'4.32'[39m, [32m'3.43'[39m, [32m'0.00'[39m ]
data rcv RT:[ [32m'0.00'[39m, [32m'4.32'[39m, [32m'3.45'[39m, [32m'0.00'[39m ]
data rcv RT:[ [32m'0.00'[39m, [32m'4.30'[39m, [32m'3.43'[39m, [32m'0.00'[39m ]
data rcv RT:[ [32m'0.00'[39m, [32m'4.27'[39m, [32m'3.40'[39m, [32m'0.00'[39m ]
data rcv RT:[ [32m'0.00'[39m, [32m'4.27'[39m, [32m'3.37'[39m, [32m'0.00'[39m ]
data rcv RT:[ [32m'0.00'[39m, [32m'4.31'[39m, [32m'3.37'[39m, [32m'0.01'[39m ]
data rcv RT:[ [32m'0.00'[39m, [32m'4.32'[39m, [32m'3.38'[39m, [32m'0.01'[39m ]
data rcv RT:[ [32m'0.00'[39m, [32m'4.32'[39m, [32m'3.35'[39m, [32m'0.04'[39m ]
data rcv RT:[ [32m'0.00'[39m, [32m'4.36'[39m, [32m'3.37'[39m, [32m'0.05'[39m ]
data rcv RT:[ [32m'0.00'[39m, [32m'4.36'[39m, [32m'3.40'[39m, [32m'0.02'[39m ]
data rcv RT:[ [32m'0.00'[39m, [32m'4.36'[39m, [32m'3.40'[39m, [32m'0.00'[39m ]
data rcv RT:[ [32m'0.00'[39m, [32m'4.29'[39m, [32m'3.42'[39m, [32m'0.00'[39m ]
data rcv RT:[ [32m'0.00'[39m, [32m'4.31'[39m, [32m'3.43'[39m, [32m'0.00'[39m ]
data rcv RT:[ [32m'0.00'[39m, [32m'4.27'[39m, [32m'3.40'[39m, [32m'0.00'[39m ]
data rcv RT:[ [32m'0.00'[39m, [32m'4.28'[39m, [32m'3.38'[39m, [32m'0.00'[39m ]
data rcv RT:[ [32m'0.00'[39m, [32m'4.28'[39m, [32m'3.38'[39m, [32m'0.00'[39m ]
data rcv RT:[ [32m'0.00'[39m, [32m'4.32'[39m, [32m'3.40'[39m, [32m'0.00'[39m ]
data rcv RT:[ [32m'0.00'[39m, [32m'4.33'[39m, [32m'3.39'[39m, [32m'0.02'[39m ]
data rcv RT:[ [32m'0.00'[39m, [32m'4.34'[39m, [32m'3.36'[39m, [32m'0.04'[39m ]
data rcv RT:[ [32m'0.00'[39m, [32m'4.33'[39m, [32m'3.39'[39m, [32m'0.02'[39m ]
data rcv RT:[ [32m'0.00'[39m, [32m'4.38'[39m, [32m'3.41'[39m, [32m'0.01'[39m ]
data rcv RT:[ [32m'0.00'[39m, [32m'4.37'[39m, [32m'3.39'[39m, [32m'0.01'[39m ]
data rcv RT:[ [32m'0.00'[39m, [32m'4.35'[39m, [32m'3.42'[39m, [32m'0.00'[39m ]
data rcv RT:[ [32m'0.00'[39m, [32m'4.33'[39m, [32m'3.43'[39m, [32m'0.00'[39m ]
data rcv RT:[ [32m'0.00'[39m, [32m'4.32'[39m, [32m'3.43'[39m, [32m'0.00'[39m ]
data rcv RT:[ [32m'0.00'[39m, [32m'4.32'[39m, [32m'3.41'[39m, [32m'0.00'[39m ]
data rcv RT:[ [32m'0.00'[39m, [32m'4.31'[39m, [32m'3.43'[39m, [32m'0.00'[39m ]
data rcv RT:[ [32m'0.00'[39m, [32m'4.27'[39m, [32m'3.41'[39m, [32m'0.00'[39m ]
data rcv RT:[ [32m'0.00'[39m, [32m'4.26'[39m, [32m'3.38'[39m, [32m'0.00'[39m ]
data rcv RT:[ [32m'0.00'[39m, [32m'4.29'[39m, [32m'3.37'[39m, [32m'0.00'[39m ]
data rcv RT:[ [32m'0.00'[39m, [32m'4.31'[39m, [32m'3.38'[39m, [32m'0.01'[39m ]
data rcv RT:[ [32m'0.00'[39m, [32m'4.31'[39m, [32m'3.39'[39m, [32m'0.00'[39m ]
data rcv RT:[ [32m'0.00'[39m, [32m'4.35'[39m, [32m'3.37'[39m, [32m'0.06'[39m ]
data rcv RT:[ [32m'0.00'[39m, [32m'4.33'[39m, [32m'3.40'[39m, [32m'0.02'[39m ]
data rcv RT:[ [32m'0.00'[39m, [32m'4.39'[39m, [32m'3.40'[39m, [32m'0.00'[39m ]
data rcv RT:[ [32m'0.00'[39m, [32m'4.38'[39m, [32m'3.38'[39m, [32m'0.04'[39m ]
data rcv RT:[ [32m'0.00'[39m, [32m'4.35'[39m, [32m'3.43'[39m, [32m'0.00'[39m ]
data rcv RT:[ [32m'0.00'[39m, [32m'4.32'[39m, [32m'3.44'[39m, [32m'0.00'[39m ]
data rcv RT:[ [32m'0.00'[39m, [32m'4.31'[39m, [32m'3.42'[39m, [32m'0.00'[39m ]
data rcv RT:[ [32m'0.00'[39m, [32m'4.32'[39m, [32m'3.44'[39m, [32m'0.00'[39m ]
data rcv RT:[ [32m'0.00'[39m, [32m'4.30'[39m, [32m'3.41'[39m, [32m'0.00'[39m ]
data rcv RT:[ [32m'0.00'[39m, [32m'4.28'[39m, [32m'3.44'[39m, [32m'0.00'[39m ]
data rcv RT:[ [32m'0.00'[39m, [32m'4.28'[39m, [32m'3.38'[39m, [32m'0.00'[39m ]
data rcv RT:[ [32m'0.00'[39m, [32m'4.25'[39m, [32m'3.43'[39m, [32m'0.00'[39m ]
data rcv RT:[ [32m'0.00'[39m, [32m'4.27'[39m, [32m'3.38'[39m, [32m'0.00'[39m ]
data rcv RT:[ [32m'0.00'[39m, [32m'4.26'[39m, [32m'3.40'[39m, [32m'0.00'[39m ]
data rcv RT:[ [32m'0.00'[39m, [32m'4.31'[39m, [32m'3.37'[39m, [32m'0.00'[39m ]
data rcv RT:[ [32m'0.00'[39m, [32m'4.30'[39m, [32m'3.39'[39m, [32m'0.00'[39m ]
data rcv RT:[ [32m'0.00'[39m, [32m'4.32'[39m, [32m'3.39'[39m, [32m'0.01'[39m ]
data rcv RT:[ [32m'0.00'[39m, [32m'4.35'[39m, [32m'3.40'[39m, [32m'0.01'[39m ]
data rcv RT:[ [32m'0.00'[39m, [32m'4.36'[39m, [32m'3.40'[39m, [32m'0.01'[39m ]
data rcv RT:[ [32m'0.00'[39m, [32m'4.39'[39m, [32m'3.40'[39m, [32m'0.02'[39m ]
data rcv RT:[ [32m'0.00'[39m, [32m'4.36'[39m, [32m'3.38'[39m, [32m'0.01'[39m ]
data rcv RT:[ [32m'0.00'[39m, [32m'4.34'[39m, [32m'3.42'[39m, [32m'0.00'[39m ]
data rcv RT:[ [32m'0.00'[39m, [32m'4.33'[39m, [32m'3.43'[39m, [32m'0.00'[39m ]
data rcv RT:[ [32m'0.00'[39m, [32m'4.32'[39m, [32m'3.42'[39m, [32m'0.00'[39m ]
data rcv RT:[ [32m'0.00'[39m, [32m'4.33'[39m, [32m'3.43'[39m, [32m'0.00'[39m ]
data rcv RT:[ [32m'0.00'[39m, [32m'4.30'[39m, [32m'3.44'[39m, [32m'0.00'[39m ]
data rcv RT:[ [32m'0.00'[39m, [32m'4.31'[39m, [32m'3.41'[39m, [32m'0.00'[39m ]
data rcv RT:[ [32m'0.00'[39m, [32m'4.31'[39m, [32m'3.42'[39m, [32m'0.00'[39m ]
data rcv RT:[ [32m'0.00'[39m, [32m'4.30'[39m, [32m'3.42'[39m, [32m'0.00'[39m ]
data rcv RT:[ [32m'0.00'[39m, [32m'4.29'[39m, [32m'3.42'[39m, [32m'0.00'[39m ]
data rcv RT:[ [32m'0.00'[39m, [32m'4.29'[39m, [32m'3.43'[39m, [32m'0.00'[39m ]
data rcv RT:[ [32m'0.00'[39m, [32m'4.27'[39m, [32m'3.43'[39m, [32m'0.00'[39m ]
data rcv RT:[ [32m'0.00'[39m, [32m'4.25'[39m, [32m'3.40'[39m, [32m'0.00'[39m ]
data rcv RT:[ [32m'0.00'[39m, [32m'4.26'[39m, [32m'3.39'[39m, [32m'0.00'[39m ]
data rcv RT:[ [32m'0.00'[39m, [32m'4.27'[39m, [32m'3.38'[39m, [32m'0.00'[39m ]
data rcv RT:[ [32m'0.00'[39m, [32m'4.29'[39m, [32m'3.37'[39m, [32m'0.00'[39m ]
data rcv RT:[ [32m'0.00'[39m, [32m'4.28'[39m, [32m'3.39'[39m, [32m'0.00'[39m ]
data rcv RT:[ [32m'0.00'[39m, [32m'4.29'[39m, [32m'3.37'[39m, [32m'0.00'[39m ]
data rcv RT:[ [32m'0.00'[39m, [32m'4.31'[39m, [32m'3.37'[39m, [32m'0.01'[39m ]
data rcv RT:[ [32m'0.00'[39m, [32m'4.31'[39m, [32m'3.36'[39m, [32m'0.00'[39m ]
data rcv RT:[ [32m'0.00'[39m, [32m'4.33'[39m, [32m'3.37'[39m, [32m'0.02'[39m ]
data rcv RT:[ [32m'0.00'[39m, [32m'4.34'[39m, [32m'3.38'[39m, [32m'0.05'[39m ]
data rcv RT:[ [32m'0.00'[39m, [32m'4.35'[39m, [32m'3.40'[39m, [32m'0.01'[39m ]
data rcv RT:[ [32m'0.00'[39m, [32m'4.35'[39m, [32m'3.38'[39m, [32m'0.04'[39m ]
data rcv RT:[ [32m'0.00'[39m, [32m'4.36'[39m, [32m'3.42'[39m, [32m'0.00'[39m ]
data rcv RT:[ [32m'0.00'[39m, [32m'4.33'[39m, [32m'3.37'[39m, [32m'0.04'[39m ]
data rcv RT:[ [32m'0.00'[39m, [32m'4.39'[39m, [32m'3.40'[39m, [32m'0.02'[39m ]
data rcv RT:[ [32m'0.00'[39m, [32m'4.34'[39m, [32m'3.44'[39m, [32m'0.00'[39m ]
data rcv RT:[ [32m'0.00'[39m, [32m'4.34'[39m, [32m'3.43'[39m, [32m'0.00'[39m ]
data rcv RT:[ [32m'0.00'[39m, [32m'4.33'[39m, [32m'3.44'[39m, [32m'0.00'[39m ]
data rcv RT:[ [32m'0.00'[39m, [32m'4.31'[39m, [32m'3.44'[39m, [32m'0.00'[39m ]
data rcv RT:[ [32m'0.00'[39m, [32m'4.30'[39m, [32m'3.43'[39m, [32m'0.00'[39m ]
data rcv RT:[ [32m'0.00'[39m, [32m'4.28'[39m, [32m'3.39'[39m, [32m'0.00'[39m ]
data rcv RT:[ [32m'0.00'[39m, [32m'4.26'[39m, [32m'3.39'[39m, [32m'0.00'[39m ]
data rcv RT:[ [32m'0.00'[39m, [32m'4.28'[39m, [32m'3.39'[39m, [32m'0.00'[39m ]
data rcv RT:[ [32m'0.00'[39m, [32m'4.26'[39m, [32m'3.38'[39m, [32m'0.00'[39m ]
data rcv RT:[ [32m'0.00'[39m, [32m'4.28'[39m, [32m'3.38'[39m, [32m'0.00'[39m ]
data rcv RT:[ [32m'0.00'[39m, [32m'4.32'[39m, [32m'3.37'[39m, [32m'0.01'[39m ]
data rcv RT:[ [32m'0.00'[39m, [32m'4.32'[39m, [32m'3.36'[39m, [32m'0.01'[39m ]
data rcv RT:[ [32m'0.00'[39m, [32m'4.33'[39m, [32m'3.35'[39m, [32m'0.03'[39m ]
data rcv RT:[ [32m'0.00'[39m, [32m'4.36'[39m, [32m'3.38'[39m, [32m'0.02'[39m ]
data rcv RT:[ [32m'0.00'[39m, [32m'4.36'[39m, [32m'3.40'[39m, [32m'0.00'[39m ]
data rcv RT:[ [32m'0.00'[39m, [32m'4.33'[39m, [32m'3.42'[39m, [32m'0.00'[39m ]
data rcv RT:[ [32m'0.00'[39m, [32m'4.34'[39m, [32m'3.42'[39m, [32m'0.00'[39m ]
data rcv RT:[ [32m'0.00'[39m, [32m'4.31'[39m, [32m'3.43'[39m, [32m'0.00'[39m ]
data rcv RT:[ [32m'0.00'[39m, [32m'4.30'[39m, [32m'3.42'[39m, [32m'0.00'[39m ]
data rcv RT:[ [32m'0.00'[39m, [32m'4.30'[39m, [32m'3.45'[39m, [32m'0.00'[39m ]
data rcv RT:[ [32m'0.00'[39m, [32m'4.26'[39m, [32m'3.39'[39m, [32m'0.00'[39m ]
data rcv RT:[ [32m'0.00'[39m, [32m'4.24'[39m, [32m'3.40'[39m, [32m'0.00'[39m ]
data rcv RT:[ [32m'0.00'[39m, [32m'4.28'[39m, [32m'3.37'[39m, [32m'0.00'[39m ]
data rcv RT:[ [32m'0.00'[39m, [32m'4.28'[39m, [32m'3.37'[39m, [32m'0.00'[39m ]
data rcv RT:[ [32m'0.00'[39m, [32m'4.30'[39m, [32m'3.40'[39m, [32m'0.01'[39m ]
data rcv RT:[ [32m'0.00'[39m, [32m'4.30'[39m, [32m'3.38'[39m, [32m'0.01'[39m ]
data rcv RT:[ [32m'0.00'[39m, [32m'4.33'[39m, [32m'3.40'[39m, [32m'0.02'[39m ]
data rcv RT:[ [32m'0.00'[39m, [32m'4.37'[39m, [32m'3.38'[39m, [32m'0.03'[39m ]
data rcv RT:[ [32m'0.00'[39m, [32m'4.38'[39m, [32m'3.42'[39m, [32m'0.00'[39m ]
data rcv RT:[ [32m'0.00'[39m, [32m'4.38'[39m, [32m'3.41'[39m, [32m'0.02'[39m ]
data rcv RT:[ [32m'0.00'[39m, [32m'4.34'[39m, [32m'3.44'[39m, [32m'0.00'[39m ]
data rcv RT:[ [32m'0.00'[39m, [32m'4.36'[39m, [32m'3.41'[39m, [32m'0.00'[39m ]
data rcv RT:[ [32m'0.00'[39m, [32m'4.30'[39m, [32m'3.43'[39m, [32m'0.00'[39m ]
data rcv RT:[ [32m'0.00'[39m, [32m'4.30'[39m, [32m'3.41'[39m, [32m'0.00'[39m ]
data rcv RT:[ [32m'0.00'[39m, [32m'4.31'[39m, [32m'3.42'[39m, [32m'0.00'[39m ]
data rcv RT:[ [32m'0.00'[39m, [32m'4.29'[39m, [32m'3.45'[39m, [32m'0.00'[39m ]
data rcv RT:[ [32m'0.00'[39m, [32m'4.29'[39m, [32m'3.45'[39m, [32m'0.00'[39m ]
data rcv RT:[ [32m'0.00'[39m, [32m'4.26'[39m, [32m'3.41'[39m, [32m'0.00'[39m ]
data rcv RT:[ [32m'0.00'[39m, [32m'4.25'[39m, [32m'3.40'[39m, [32m'0.00'[39m ]
data rcv RT:[ [32m'0.00'[39m, [32m'4.26'[39m, [32m'3.40'[39m, [32m'0.00'[39m ]
data rcv RT:[ [32m'0.00'[39m, [32m'4.26'[39m, [32m'3.38'[39m, [32m'0.00'[39m ]
data rcv RT:[ [32m'0.00'[39m, [32m'4.31'[39m, [32m'3.37'[39m, [32m'0.00'[39m ]
data rcv RT:[ [32m'0.00'[39m, [32m'4.28'[39m, [32m'3.38'[39m, [32m'0.00'[39m ]
data rcv RT:[ [32m'0.00'[39m, [32m'4.33'[39m, [32m'3.38'[39m, [32m'0.01'[39m ]
data rcv RT:[ [32m'0.00'[39m, [32m'4.33'[39m, [32m'3.36'[39m, [32m'0.05'[39m ]
data rcv RT:[ [32m'0.00'[39m, [32m'4.34'[39m, [32m'3.39'[39m, [32m'0.02'[39m ]
data rcv RT:[ [32m'0.00'[39m, [32m'4.36'[39m, [32m'3.37'[39m, [32m'0.02'[39m ]
data rcv RT:[ [32m'0.00'[39m, [32m'4.37'[39m, [32m'3.40'[39m, [32m'0.02'[39m ]
data rcv RT:[ [32m'0.00'[39m, [32m'4.36'[39m, [32m'3.42'[39m, [32m'0.00'[39m ]
data rcv RT:[ [32m'0.00'[39m, [32m'4.34'[39m, [32m'3.43'[39m, [32m'0.00'[39m ]
data rcv RT:[ [32m'0.00'[39m, [32m'4.31'[39m, [32m'3.44'[39m, [32m'0.00'[39m ]
data rcv RT:[ [32m'0.00'[39m, [32m'4.32'[39m, [32m'3.44'[39m, [32m'0.00'[39m ]
data rcv RT:[ [32m'0.00'[39m, [32m'4.32'[39m, [32m'3.43'[39m, [32m'0.00'[39m ]
data rcv RT:[ [32m'0.00'[39m, [32m'4.34'[39m, [32m'3.43'[39m, [32m'0.00'[39m ]
data rcv RT:[ [32m'0.00'[39m, [32m'4.30'[39m, [32m'3.42'[39m, [32m'0.00'[39m ]
data rcv RT:[ [32m'0.00'[39m, [32m'4.26'[39m, [32m'3.43'[39m, [32m'0.00'[39m ]
data rcv RT:[ [32m'0.00'[39m, [32m'4.28'[39m, [32m'3.45'[39m, [32m'0.00'[39m ]
data rcv RT:[ [32m'0.00'[39m, [32m'4.27'[39m, [32m'3.37'[39m, [32m'0.00'[39m ]
data rcv RT:[ [32m'0.00'[39m, [32m'4.26'[39m, [32m'3.38'[39m, [32m'0.00'[39m ]
data rcv RT:[ [32m'0.00'[39m, [32m'4.32'[39m, [32m'3.37'[39m, [32m'0.01'[39m ]
data rcv RT:[ [32m'0.00'[39m, [32m'4.29'[39m, [32m'3.37'[39m, [32m'0.01'[39m ]
data rcv RT:[ [32m'0.00'[39m, [32m'4.36'[39m, [32m'3.38'[39m, [32m'0.03'[39m ]
data rcv RT:[ [32m'0.00'[39m, [32m'4.34'[39m, [32m'3.35'[39m, [32m'0.04'[39m ]
data rcv RT:[ [32m'0.00'[39m, [32m'4.37'[39m, [32m'3.41'[39m, [32m'0.02'[39m ]
data rcv RT:[ [32m'0.00'[39m, [32m'4.35'[39m, [32m'3.41'[39m, [32m'0.00'[39m ]
data rcv RT:[ [32m'0.00'[39m, [32m'4.33'[39m, [32m'3.43'[39m, [32m'0.00'[39m ]
data rcv RT:[ [32m'0.00'[39m, [32m'4.36'[39m, [32m'3.43'[39m, [32m'0.00'[39m ]
data rcv RT:[ [32m'0.00'[39m, [32m'4.30'[39m, [32m'3.43'[39m, [32m'0.00'[39m ]
data rcv RT:[ [32m'0.00'[39m, [32m'4.32'[39m, [32m'3.44'[39m, [32m'0.00'[39m ]
data rcv RT:[ [32m'0.00'[39m, [32m'4.32'[39m, [32m'3.42'[39m, [32m'0.00'[39m ]
data rcv RT:[ [32m'0.00'[39m, [32m'4.27'[39m, [32m'3.42'[39m, [32m'0.00'[39m ]
data rcv RT:[ [32m'0.00'[39m, [32m'4.24'[39m, [32m'3.43'[39m, [32m'0.00'[39m ]
data rcv RT:[ [32m'0.00'[39m, [32m'4.28'[39m, [32m'3.38'[39m, [32m'0.00'[39m ]
data rcv RT:[ [32m'0.00'[39m, [32m'4.27'[39m, [32m'3.39'[39m, [32m'0.00'[39m ]
data rcv RT:[ [32m'0.00'[39m, [32m'4.32'[39m, [32m'3.39'[39m, [32m'0.01'[39m ]
data rcv RT:[ [32m'0.00'[39m, [32m'4.33'[39m, [32m'3.37'[39m, [32m'0.01'[39m ]
data rcv RT:[ [32m'0.00'[39m, [32m'4.34'[39m, [32m'3.39'[39m, [32m'0.02'[39m ]
data rcv RT:[ [32m'0.00'[39m, [32m'4.35'[39m, [32m'3.35'[39m, [32m'0.03'[39m ]
data rcv RT:[ [32m'0.00'[39m, [32m'4.32'[39m, [32m'3.36'[39m, [32m'0.04'[39m ]
data rcv RT:[ [32m'0.00'[39m, [32m'4.36'[39m, [32m'3.42'[39m, [32m'0.00'[39m ]
data rcv RT:[ [32m'0.00'[39m, [32m'4.36'[39m, [32m'3.42'[39m, [32m'0.00'[39m ]
data rcv RT:[ [32m'0.00'[39m, [32m'4.36'[39m, [32m'3.42'[39m, [32m'0.00'[39m ]
data rcv RT:[ [32m'0.00'[39m, [32m'4.37'[39m, [32m'3.42'[39m, [32m'0.00'[39m ]
data rcv RT:[ [32m'0.00'[39m, [32m'4.37'[39m, [32m'3.43'[39m, [32m'0.00'[39m ]
data rcv RT:[ [32m'0.00'[39m, [32m'4.33'[39m, [32m'3.42'[39m, [32m'0.00'[39m ]
data rcv RT:[ [32m'0.00'[39m, [32m'4.31'[39m, [32m'3.44'[39m, [32m'0.00'[39m ]
data rcv RT:[ [32m'0.00'[39m, [32m'4.33'[39m, [32m'3.42'[39m, [32m'0.00'[39m ]
data rcv RT:[ [32m'0.00'[39m, [32m'4.28'[39m, [32m'3.42'[39m, [32m'0.00'[39m ]
data rcv RT:[ [32m'0.00'[39m, [32m'4.27'[39m, [32m'3.45'[39m, [32m'0.00'[39m ]
data rcv RT:[ [32m'0.00'[39m, [32m'4.28'[39m, [32m'3.41'[39m, [32m'0.00'[39m ]
data rcv RT:[ [32m'0.00'[39m, [32m'4.28'[39m, [32m'3.40'[39m, [32m'0.00'[39m ]
data rcv RT:[ [32m'0.00'[39m, [32m'4.30'[39m, [32m'3.40'[39m, [32m'0.00'[39m ]
data rcv RT:[ [32m'0.00'[39m, [32m'4.30'[39m, [32m'3.38'[39m, [32m'0.00'[39m ]
data rcv RT:[ [32m'0.00'[39m, [32m'4.30'[39m, [32m'3.36'[39m, [32m'0.01'[39m ]
data rcv RT:[ [32m'0.00'[39m, [32m'4.29'[39m, [32m'3.38'[39m, [32m'0.02'[39m ]
data rcv RT:[ [32m'0.00'[39m, [32m'4.33'[39m, [32m'3.37'[39m, [32m'0.03'[39m ]
data rcv RT:[ [32m'0.00'[39m, [32m'4.39'[39m, [32m'3.41'[39m, [32m'0.01'[39m ]
data rcv RT:[ [32m'0.00'[39m, [32m'4.36'[39m, [32m'3.41'[39m, [32m'0.00'[39m ]
data rcv RT:[ [32m'0.00'[39m, [32m'4.34'[39m, [32m'3.41'[39m, [32m'0.00'[39m ]
data rcv RT:[ [32m'0.00'[39m, [32m'4.36'[39m, [32m'3.43'[39m, [32m'0.00'[39m ]
data rcv RT:[ [32m'0.00'[39m, [32m'4.33'[39m, [32m'3.42'[39m, [32m'0.00'[39m ]
data rcv RT:[ [32m'0.00'[39m, [32m'4.34'[39m, [32m'3.42'[39m, [32m'0.00'[39m ]
data rcv RT:[ [32m'0.00'[39m, [32m'4.31'[39m, [32m'3.41'[39m, [32m'0.00'[39m ]
data rcv RT:[ [32m'0.00'[39m, [32m'4.33'[39m, [32m'3.41'[39m, [32m'0.00'[39m ]
data rcv RT:[ [32m'0.00'[39m, [32m'4.29'[39m, [32m'3.43'[39m, [32m'0.00'[39m ]
data rcv RT:[ [32m'0.00'[39m, [32m'4.26'[39m, [32m'3.40'[39m, [32m'0.00'[39m ]
data rcv RT:[ [32m'0.00'[39m, [32m'4.28'[39m, [32m'3.41'[39m, [32m'0.00'[39m ]
data rcv RT:[ [32m'0.00'[39m, [32m'4.29'[39m, [32m'3.40'[39m, [32m'0.00'[39m ]
data rcv RT:[ [32m'0.00'[39m, [32m'4.32'[39m, [32m'3.35'[39m, [32m'0.01'[39m ]
data rcv RT:[ [32m'0.00'[39m, [32m'4.31'[39m, [32m'3.38'[39m, [32m'0.01'[39m ]
data rcv RT:[ [32m'0.00'[39m, [32m'4.29'[39m, [32m'3.37'[39m, [32m'0.01'[39m ]
data rcv RT:[ [32m'0.00'[39m, [32m'4.33'[39m, [32m'3.34'[39m, [32m'0.06'[39m ]
data rcv RT:[ [32m'0.00'[39m, [32m'4.36'[39m, [32m'3.38'[39m, [32m'0.04'[39m ]
data rcv RT:[ [32m'0.00'[39m, [32m'4.38'[39m, [32m'3.42'[39m, [32m'0.00'[39m ]
data rcv RT:[ [32m'0.00'[39m, [32m'4.38'[39m, [32m'3.39'[39m, [32m'0.00'[39m ]
data rcv RT:[ [32m'0.00'[39m, [32m'4.36'[39m, [32m'3.39'[39m, [32m'0.00'[39m ]
data rcv RT:[ [32m'0.00'[39m, [32m'4.34'[39m, [32m'3.42'[39m, [32m'0.00'[39m ]
data rcv RT:[ [32m'0.00'[39m, [32m'4.33'[39m, [32m'3.44'[39m, [32m'0.00'[39m ]
data rcv RT:[ [32m'0.00'[39m, [32m'4.34'[39m, [32m'3.43'[39m, [32m'0.00'[39m ]
data rcv RT:[ [32m'0.00'[39m, [32m'4.32'[39m, [32m'3.43'[39m, [32m'0.00'[39m ]
data rcv RT:[ [32m'0.00'[39m, [32m'4.31'[39m, [32m'3.45'[39m, [32m'0.00'[39m ]
data rcv RT:[ [32m'0.00'[39m, [32m'4.32'[39m, [32m'3.46'[39m, [32m'0.00'[39m ]
data rcv RT:[ [32m'0.00'[39m, [32m'4.27'[39m, [32m'3.41'[39m, [32m'0.00'[39m ]
data rcv RT:[ [32m'0.00'[39m, [32m'4.26'[39m, [32m'3.41'[39m, [32m'0.00'[39m ]
data rcv RT:[ [32m'0.00'[39m, [32m'4.27'[39m, [32m'3.42'[39m, [32m'0.00'[39m ]
data rcv RT:[ [32m'0.00'[39m, [32m'4.26'[39m, [32m'3.37'[39m, [32m'0.00'[39m ]
data rcv RT:[ [32m'0.00'[39m, [32m'4.28'[39m, [32m'3.39'[39m, [32m'0.00'[39m ]
data rcv RT:[ [32m'0.00'[39m, [32m'4.30'[39m, [32m'3.36'[39m, [32m'0.01'[39m ]
data rcv RT:[ [32m'0.00'[39m, [32m'4.31'[39m, [32m'3.38'[39m, [32m'0.00'[39m ]
data rcv RT:[ [32m'0.00'[39m, [32m'4.37'[39m, [32m'3.36'[39m, [32m'0.05'[39m ]
data rcv RT:[ [32m'0.00'[39m, [32m'4.34'[39m, [32m'3.39'[39m, [32m'0.02'[39m ]
data rcv RT:[ [32m'0.00'[39m, [32m'4.36'[39m, [32m'3.39'[39m, [32m'0.00'[39m ]
data rcv RT:[ [32m'0.00'[39m, [32m'4.30'[39m, [32m'3.43'[39m, [32m'0.00'[39m ]
data rcv RT:[ [32m'0.00'[39m, [32m'4.30'[39m, [32m'3.41'[39m, [32m'0.00'[39m ]
data rcv RT:[ [32m'0.00'[39m, [32m'4.33'[39m, [32m'3.44'[39m, [32m'0.00'[39m ]
data rcv RT:[ [32m'0.00'[39m, [32m'4.30'[39m, [32m'3.43'[39m, [32m'0.00'[39m ]
data rcv RT:[ [32m'0.00'[39m, [32m'4.28'[39m, [32m'3.40'[39m, [32m'0.00'[39m ]
data rcv RT:[ [32m'0.00'[39m, [32m'4.28'[39m, [32m'3.37'[39m, [32m'0.00'[39m ]
data rcv RT:[ [32m'0.00'[39m, [32m'4.29'[39m, [32m'3.38'[39m, [32m'0.00'[39m ]
data rcv RT:[ [32m'0.00'[39m, [32m'4.29'[39m, [32m'3.36'[39m, [32m'0.00'[39m ]
data rcv RT:[ [32m'0.00'[39m, [32m'4.32'[39m, [32m'3.38'[39m, [32m'0.00'[39m ]
data rcv RT:[ [32m'0.00'[39m, [32m'4.34'[39m, [32m'3.36'[39m, [32m'0.04'[39m ]
data rcv RT:[ [32m'0.00'[39m, [32m'4.35'[39m, [32m'3.37'[39m, [32m'0.01'[39m ]
client Front End connected
Socket {
  nsp: 
   Namespace {
     name: [32m'/'[39m,
     server: 
      Server {
        nsps: [36m[Object][39m,
        _path: [32m'/socket.io'[39m,
        _serveClient: [33mtrue[39m,
        _adapter: [36m[Function: Adapter][39m,
        _origins: [32m'*:*'[39m,
        sockets: [36m[Circular][39m,
        eio: [36m[Object][39m,
        httpServer: [36m[Object][39m,
        engine: [36m[Object][39m },
     sockets: { [32m'/#JHwTa6jP0-5oGt3UAAAg'[39m: [36m[Circular][39m },
     connected: { [32m'/#JHwTa6jP0-5oGt3UAAAg'[39m: [36m[Circular][39m },
     fns: [],
     ids: [33m0[39m,
     adapter: 
      Adapter {
        nsp: [36m[Circular][39m,
        rooms: [36m[Object][39m,
        sids: [36m[Object][39m,
        encoder: Encoder {} },
     _events: { connection: [36m[Function][39m },
     _eventsCount: [33m1[39m },
  server: 
   Server {
     nsps: { [32m'/'[39m: [36m[Object][39m },
     _path: [32m'/socket.io'[39m,
     _serveClient: [33mtrue[39m,
     _adapter: [36m[Function: Adapter][39m,
     _origins: [32m'*:*'[39m,
     sockets: 
      Namespace {
        name: [32m'/'[39m,
        server: [36m[Circular][39m,
        sockets: [36m[Object][39m,
        connected: [36m[Object][39m,
        fns: [],
        ids: [33m0[39m,
        adapter: [36m[Object][39m,
        _events: [36m[Object][39m,
        _eventsCount: [33m1[39m },
     eio: 
      Server {
        clients: [36m[Object][39m,
        clientsCount: [33m1[39m,
        pingTimeout: [33m60000[39m,
        pingInterval: [33m25000[39m,
        upgradeTimeout: [33m10000[39m,
        maxHttpBufferSize: [33m100000000[39m,
        transports: [36m[Object][39m,
        allowUpgrades: [33mtrue[39m,
        allowRequest: [36m[Function: bound ][39m,
        cookie: [32m'io'[39m,
        cookiePath: [33mfalse[39m,
        perMessageDeflate: [36m[Object][39m,
        httpCompression: [36m[Object][39m,
        ws: [36m[Object][39m,
        _events: [36m[Object][39m,
        _eventsCount: [33m1[39m },
     httpServer: 
      Server {
        domain: [1mnull[22m,
        _events: [36m[Object][39m,
        _eventsCount: [33m4[39m,
        _maxListeners: [90mundefined[39m,
        _connections: [33m1[39m,
        _handle: [36m[Object][39m,
        _usingSlaves: [33mfalse[39m,
        _slaves: [],
        _unref: [33mfalse[39m,
        allowHalfOpen: [33mtrue[39m,
        pauseOnConnect: [33mfalse[39m,
        httpAllowHalfOpen: [33mfalse[39m,
        timeout: [33m120000[39m,
        _pendingResponseData: [33m0[39m,
        _connectionKey: [32m'6::::3000'[39m },
     engine: 
      Server {
        clients: [36m[Object][39m,
        clientsCount: [33m1[39m,
        pingTimeout: [33m60000[39m,
        pingInterval: [33m25000[39m,
        upgradeTimeout: [33m10000[39m,
        maxHttpBufferSize: [33m100000000[39m,
        transports: [36m[Object][39m,
        allowUpgrades: [33mtrue[39m,
        allowRequest: [36m[Function: bound ][39m,
        cookie: [32m'io'[39m,
        cookiePath: [33mfalse[39m,
        perMessageDeflate: [36m[Object][39m,
        httpCompression: [36m[Object][39m,
        ws: [36m[Object][39m,
        _events: [36m[Object][39m,
        _eventsCount: [33m1[39m } },
  adapter: 
   Adapter {
     nsp: 
      Namespace {
        name: [32m'/'[39m,
        server: [36m[Object][39m,
        sockets: [36m[Object][39m,
        connected: [36m[Object][39m,
        fns: [],
        ids: [33m0[39m,
        adapter: [36m[Circular][39m,
        _events: [36m[Object][39m,
        _eventsCount: [33m1[39m },
     rooms: { [32m'/#JHwTa6jP0-5oGt3UAAAg'[39m: [36m[Object][39m },
     sids: { [32m'/#JHwTa6jP0-5oGt3UAAAg'[39m: [36m[Object][39m },
     encoder: Encoder {} },
  id: [32m'/#JHwTa6jP0-5oGt3UAAAg'[39m,
  client: 
   Client {
     server: 
      Server {
        nsps: [36m[Object][39m,
        _path: [32m'/socket.io'[39m,
        _serveClient: [33mtrue[39m,
        _adapter: [36m[Function: Adapter][39m,
        _origins: [32m'*:*'[39m,
        sockets: [36m[Object][39m,
        eio: [36m[Object][39m,
        httpServer: [36m[Object][39m,
        engine: [36m[Object][39m },
     conn: 
      Socket {
        id: [32m'JHwTa6jP0-5oGt3UAAAg'[39m,
        server: [36m[Object][39m,
        upgrading: [33mfalse[39m,
        upgraded: [33mfalse[39m,
        readyState: [32m'open'[39m,
        writeBuffer: [36m[Object][39m,
        packetsFn: [36m[Object][39m,
        sentCallbackFn: [],
        cleanupFn: [36m[Object][39m,
        request: [36m[Object][39m,
        remoteAddress: [32m'::ffff:10.210.30.41'[39m,
        checkIntervalTimer: [1mnull[22m,
        upgradeTimeoutTimer: [1mnull[22m,
        pingTimeoutTimer: [36m[Object][39m,
        transport: [36m[Object][39m,
        _events: [36m[Object][39m,
        _eventsCount: [33m3[39m },
     encoder: Encoder {},
     decoder: Decoder { reconstructor: [1mnull[22m, _callbacks: [36m[Object][39m },
     id: [32m'JHwTa6jP0-5oGt3UAAAg'[39m,
     request: 
      IncomingMessage {
        _readableState: [36m[Object][39m,
        readable: [33mtrue[39m,
        domain: [1mnull[22m,
        _events: {},
        _eventsCount: [33m0[39m,
        _maxListeners: [90mundefined[39m,
        socket: [36m[Object][39m,
        connection: [36m[Object][39m,
        httpVersionMajor: [33m1[39m,
        httpVersionMinor: [33m1[39m,
        httpVersion: [32m'1.1'[39m,
        complete: [33mtrue[39m,
        headers: [36m[Object][39m,
        rawHeaders: [36m[Object][39m,
        trailers: {},
        rawTrailers: [],
        upgrade: [33mfalse[39m,
        url: [32m'/socket.io/?EIO=3&transport=polling&t=LTmUi-s'[39m,
        method: [32m'GET'[39m,
        statusCode: [1mnull[22m,
        statusMessage: [1mnull[22m,
        client: [36m[Object][39m,
        _consuming: [33mfalse[39m,
        _dumped: [33mtrue[39m,
        _query: [36m[Object][39m,
        res: [36m[Object][39m,
        cleanup: [36m[Function: cleanup][39m },
     onclose: [36m[Function: bound ][39m,
     ondata: [36m[Function: bound ][39m,
     onerror: [36m[Function: bound ][39m,
     ondecoded: [36m[Function: bound ][39m,
     sockets: { [32m'/#JHwTa6jP0-5oGt3UAAAg'[39m: [36m[Circular][39m },
     nsps: { [32m'/'[39m: [36m[Circular][39m },
     connectBuffer: [] },
  conn: 
   Socket {
     id: [32m'JHwTa6jP0-5oGt3UAAAg'[39m,
     server: 
      Server {
        clients: [36m[Object][39m,
        clientsCount: [33m1[39m,
        pingTimeout: [33m60000[39m,
        pingInterval: [33m25000[39m,
        upgradeTimeout: [33m10000[39m,
        maxHttpBufferSize: [33m100000000[39m,
        transports: [36m[Object][39m,
        allowUpgrades: [33mtrue[39m,
        allowRequest: [36m[Function: bound ][39m,
        cookie: [32m'io'[39m,
        cookiePath: [33mfalse[39m,
        perMessageDeflate: [36m[Object][39m,
        httpCompression: [36m[Object][39m,
        ws: [36m[Object][39m,
        _events: [36m[Object][39m,
        _eventsCount: [33m1[39m },
     upgrading: [33mfalse[39m,
     upgraded: [33mfalse[39m,
     readyState: [32m'open'[39m,
     writeBuffer: [ [36m[Object][39m ],
     packetsFn: [ [90mundefined[39m ],
     sentCallbackFn: [],
     cleanupFn: [ [36m[Function][39m, [36m[Function][39m ],
     request: 
      IncomingMessage {
        _readableState: [36m[Object][39m,
        readable: [33mtrue[39m,
        domain: [1mnull[22m,
        _events: {},
        _eventsCount: [33m0[39m,
        _maxListeners: [90mundefined[39m,
        socket: [36m[Object][39m,
        connection: [36m[Object][39m,
        httpVersionMajor: [33m1[39m,
        httpVersionMinor: [33m1[39m,
        httpVersion: [32m'1.1'[39m,
        complete: [33mtrue[39m,
        headers: [36m[Object][39m,
        rawHeaders: [36m[Object][39m,
        trailers: {},
        rawTrailers: [],
        upgrade: [33mfalse[39m,
        url: [32m'/socket.io/?EIO=3&transport=polling&t=LTmUi-s'[39m,
        method: [32m'GET'[39m,
        statusCode: [1mnull[22m,
        statusMessage: [1mnull[22m,
        client: [36m[Object][39m,
        _consuming: [33mfalse[39m,
        _dumped: [33mtrue[39m,
        _query: [36m[Object][39m,
        res: [36m[Object][39m,
        cleanup: [36m[Function: cleanup][39m },
     remoteAddress: [32m'::ffff:10.210.30.41'[39m,
     checkIntervalTimer: [1mnull[22m,
     upgradeTimeoutTimer: [1mnull[22m,
     pingTimeoutTimer: 
      Timeout {
        _called: [33mfalse[39m,
        _idleTimeout: [33m85000[39m,
        _idlePrev: [36m[Object][39m,
        _idleNext: [36m[Object][39m,
        _idleStart: [33m23546068[39m,
        _onTimeout: [36m[Function][39m,
        _repeat: [1mnull[22m },
     transport: 
      XHR {
        readyState: [32m'open'[39m,
        discarded: [33mfalse[39m,
        closeTimeout: [33m30000[39m,
        maxHttpBufferSize: [33m100000000[39m,
        httpCompression: [36m[Object][39m,
        supportsBinary: [33mtrue[39m,
        _events: [36m[Object][39m,
        _eventsCount: [33m5[39m,
        sid: [32m'JHwTa6jP0-5oGt3UAAAg'[39m,
        req: [1mnull[22m,
        res: [1mnull[22m,
        writable: [33mfalse[39m },
     _events: 
      { close: [36m[Object][39m,
        data: [36m[Function: bound ][39m,
        error: [36m[Function: bound ][39m },
     _eventsCount: [33m3[39m },
  rooms: {},
  acks: {},
  connected: [33mtrue[39m,
  disconnected: [33mfalse[39m,
  handshake: 
   { headers: 
      { host: [32m'10.210.30.148:3000'[39m,
        connection: [32m'keep-alive'[39m,
        [32m'cache-control'[39m: [32m'max-age=0'[39m,
        origin: [32m'http://10.210.30.148'[39m,
        [32m'user-agent'[39m: [32m'Mozilla/5.0 (Windows NT 5.1) AppleWebKit/537.36 (KHTML, like Gecko) Chrome/49.0.2623.112 Safari/537.36'[39m,
        accept: [32m'*/*'[39m,
        referer: [32m'http://10.210.30.148/sku/'[39m,
        [32m'accept-encoding'[39m: [32m'gzip, deflate, sdch'[39m,
        [32m'accept-language'[39m: [32m'ru-RU,ru;q=0.8,en-US;q=0.6,en;q=0.4'[39m,
        cookie: [32m'io=sAp2UAxeuFBmWGDsAAAf'[39m },
     time: [32m'Wed Sep 28 2016 15:07:38 GMT+0400 (SAMT)'[39m,
     address: [32m'::ffff:10.210.30.41'[39m,
     xdomain: [33mtrue[39m,
     secure: [33mfalse[39m,
     issued: [33m1475060858284[39m,
     url: [32m'/socket.io/?EIO=3&transport=polling&t=LTmUi-s'[39m,
     query: { EIO: [32m'3'[39m, transport: [32m'polling'[39m, t: [32m'LTmUi-s'[39m } } }
data rcv RT:[ [32m'0.00'[39m, [32m'4.34'[39m, [32m'3.37'[39m, [32m'0.04'[39m ]
data rcv RT:[ [32m'0.00'[39m, [32m'4.36'[39m, [32m'3.38'[39m, [32m'0.02'[39m ]
data rcv RT:[ [32m'0.00'[39m, [32m'4.35'[39m, [32m'3.38'[39m, [32m'0.02'[39m ]
data rcv RT:[ [32m'0.00'[39m, [32m'4.35'[39m, [32m'3.41'[39m, [32m'0.01'[39m ]
data rcv RT:[ [32m'0.00'[39m, [32m'4.38'[39m, [32m'3.43'[39m, [32m'0.00'[39m ]
data rcv RT:[ [32m'0.00'[39m, [32m'4.34'[39m, [32m'3.43'[39m, [32m'0.00'[39m ]
data rcv RT:[ [32m'0.00'[39m, [32m'4.35'[39m, [32m'3.42'[39m, [32m'0.00'[39m ]
data rcv RT:[ [32m'0.00'[39m, [32m'4.30'[39m, [32m'3.43'[39m, [32m'0.00'[39m ]
data rcv RT:[ [32m'0.00'[39m, [32m'4.31'[39m, [32m'3.41'[39m, [32m'0.00'[39m ]
data rcv RT:[ [32m'0.00'[39m, [32m'4.28'[39m, [32m'3.43'[39m, [32m'0.00'[39m ]
data rcv RT:[ [32m'0.00'[39m, [32m'4.23'[39m, [32m'3.38'[39m, [32m'0.00'[39m ]
data rcv RT:[ [32m'0.00'[39m, [32m'4.25'[39m, [32m'3.38'[39m, [32m'0.00'[39m ]
data rcv RT:[ [32m'0.00'[39m, [32m'4.26'[39m, [32m'3.40'[39m, [32m'0.00'[39m ]
data rcv RT:[ [32m'0.00'[39m, [32m'4.33'[39m, [32m'3.37'[39m, [32m'0.00'[39m ]
data rcv RT:[ [32m'0.00'[39m, [32m'4.34'[39m, [32m'3.38'[39m, [32m'0.02'[39m ]
data rcv RT:[ [32m'0.00'[39m, [32m'4.33'[39m, [32m'3.38'[39m, [32m'0.04'[39m ]
data rcv RT:[ [32m'0.00'[39m, [32m'4.39'[39m, [32m'3.38'[39m, [32m'0.03'[39m ]
data rcv RT:[ [32m'0.00'[39m, [32m'4.39'[39m, [32m'3.41'[39m, [32m'0.00'[39m ]
data rcv RT:[ [32m'0.00'[39m, [32m'4.36'[39m, [32m'3.40'[39m, [32m'0.00'[39m ]
data rcv RT:[ [32m'0.00'[39m, [32m'4.34'[39m, [32m'3.42'[39m, [32m'0.00'[39m ]
data rcv RT:[ [32m'0.00'[39m, [32m'4.32'[39m, [32m'3.43'[39m, [32m'0.00'[39m ]
data rcv RT:[ [32m'0.00'[39m, [32m'4.31'[39m, [32m'3.43'[39m, [32m'0.00'[39m ]
data rcv RT:[ [32m'0.00'[39m, [32m'4.27'[39m, [32m'3.38'[39m, [32m'0.00'[39m ]
data rcv RT:[ [32m'0.00'[39m, [32m'4.25'[39m, [32m'3.41'[39m, [32m'0.00'[39m ]
data rcv RT:[ [32m'0.00'[39m, [32m'4.26'[39m, [32m'3.41'[39m, [32m'0.00'[39m ]
data rcv RT:[ [32m'0.00'[39m, [32m'4.26'[39m, [32m'3.37'[39m, [32m'0.00'[39m ]
data rcv RT:[ [32m'0.00'[39m, [32m'4.26'[39m, [32m'3.40'[39m, [32m'0.00'[39m ]
data rcv RT:[ [32m'0.00'[39m, [32m'4.30'[39m, [32m'3.38'[39m, [32m'0.00'[39m ]
data rcv RT:[ [32m'0.00'[39m, [32m'4.30'[39m, [32m'3.39'[39m, [32m'0.00'[39m ]
data rcv RT:[ [32m'0.00'[39m, [32m'4.35'[39m, [32m'3.37'[39m, [32m'0.04'[39m ]
data rcv RT:[ [32m'0.00'[39m, [32m'4.33'[39m, [32m'3.37'[39m, [32m'0.02'[39m ]
data rcv RT:[ [32m'0.00'[39m, [32m'4.35'[39m, [32m'3.37'[39m, [32m'0.03'[39m ]
data rcv RT:[ [32m'0.00'[39m, [32m'4.35'[39m, [32m'3.40'[39m, [32m'0.01'[39m ]
data rcv RT:[ [32m'0.00'[39m, [32m'4.35'[39m, [32m'3.42'[39m, [32m'0.00'[39m ]
data rcv RT:[ [32m'0.00'[39m, [32m'4.30'[39m, [32m'3.41'[39m, [32m'0.00'[39m ]
data rcv RT:[ [32m'0.00'[39m, [32m'4.31'[39m, [32m'3.41'[39m, [32m'0.00'[39m ]
data rcv RT:[ [32m'0.00'[39m, [32m'4.27'[39m, [32m'3.40'[39m, [32m'0.00'[39m ]
data rcv RT:[ [32m'0.00'[39m, [32m'4.26'[39m, [32m'3.39'[39m, [32m'0.00'[39m ]
data rcv RT:[ [32m'0.00'[39m, [32m'4.26'[39m, [32m'3.38'[39m, [32m'0.00'[39m ]
data rcv RT:[ [32m'0.00'[39m, [32m'4.29'[39m, [32m'3.37'[39m, [32m'0.00'[39m ]
data rcv RT:[ [32m'0.00'[39m, [32m'4.32'[39m, [32m'3.38'[39m, [32m'0.00'[39m ]
data rcv RT:[ [32m'0.00'[39m, [32m'4.30'[39m, [32m'3.38'[39m, [32m'0.00'[39m ]
data rcv RT:[ [32m'0.00'[39m, [32m'4.36'[39m, [32m'3.40'[39m, [32m'0.03'[39m ]
data rcv RT:[ [32m'0.00'[39m, [32m'4.36'[39m, [32m'3.41'[39m, [32m'0.02'[39m ]
data rcv RT:[ [32m'0.00'[39m, [32m'4.37'[39m, [32m'3.40'[39m, [32m'0.03'[39m ]
data rcv RT:[ [32m'0.00'[39m, [32m'4.32'[39m, [32m'3.42'[39m, [32m'0.00'[39m ]
data rcv RT:[ [32m'0.00'[39m, [32m'4.32'[39m, [32m'3.42'[39m, [32m'0.00'[39m ]
data rcv RT:[ [32m'0.00'[39m, [32m'4.29'[39m, [32m'3.43'[39m, [32m'0.00'[39m ]
data rcv RT:[ [32m'0.00'[39m, [32m'4.27'[39m, [32m'3.41'[39m, [32m'0.00'[39m ]
data rcv RT:[ [32m'0.00'[39m, [32m'4.27'[39m, [32m'3.42'[39m, [32m'0.00'[39m ]
data rcv RT:[ [32m'0.00'[39m, [32m'4.28'[39m, [32m'3.38'[39m, [32m'0.00'[39m ]
data rcv RT:[ [32m'0.00'[39m, [32m'4.28'[39m, [32m'3.38'[39m, [32m'0.00'[39m ]
data rcv RT:[ [32m'0.00'[39m, [32m'4.30'[39m, [32m'3.39'[39m, [32m'0.01'[39m ]
data rcv RT:[ [32m'0.00'[39m, [32m'4.31'[39m, [32m'3.37'[39m, [32m'0.01'[39m ]
data rcv RT:[ [32m'0.00'[39m, [32m'4.30'[39m, [32m'3.38'[39m, [32m'0.01'[39m ]
data rcv RT:[ [32m'0.00'[39m, [32m'4.32'[39m, [32m'3.37'[39m, [32m'0.02'[39m ]
data rcv RT:[ [32m'0.00'[39m, [32m'4.33'[39m, [32m'3.38'[39m, [32m'0.04'[39m ]
data rcv RT:[ [32m'0.00'[39m, [32m'4.34'[39m, [32m'3.37'[39m, [32m'0.02'[39m ]
data rcv RT:[ [32m'0.00'[39m, [32m'4.36'[39m, [32m'3.41'[39m, [32m'0.00'[39m ]
data rcv RT:[ [32m'0.00'[39m, [32m'4.34'[39m, [32m'3.41'[39m, [32m'0.00'[39m ]
data rcv RT:[ [32m'0.00'[39m, [32m'4.32'[39m, [32m'3.42'[39m, [32m'0.00'[39m ]
data rcv RT:[ [32m'0.00'[39m, [32m'4.30'[39m, [32m'3.43'[39m, [32m'0.00'[39m ]
data rcv RT:[ [32m'0.00'[39m, [32m'4.26'[39m, [32m'3.44'[39m, [32m'0.00'[39m ]
data rcv RT:[ [32m'0.00'[39m, [32m'4.28'[39m, [32m'3.40'[39m, [32m'0.00'[39m ]
data rcv RT:[ [32m'0.00'[39m, [32m'4.29'[39m, [32m'3.37'[39m, [32m'0.00'[39m ]
data rcv RT:[ [32m'0.00'[39m, [32m'4.27'[39m, [32m'3.39'[39m, [32m'0.00'[39m ]
data rcv RT:[ [32m'0.00'[39m, [32m'4.32'[39m, [32m'3.37'[39m, [32m'0.02'[39m ]
data rcv RT:[ [32m'0.00'[39m, [32m'4.30'[39m, [32m'3.38'[39m, [32m'0.02'[39m ]
data rcv RT:[ [32m'0.00'[39m, [32m'4.34'[39m, [32m'3.37'[39m, [32m'0.04'[39m ]
data rcv RT:[ [32m'0.00'[39m, [32m'4.36'[39m, [32m'3.39'[39m, [32m'0.02'[39m ]
data rcv RT:[ [32m'0.00'[39m, [32m'4.39'[39m, [32m'3.40'[39m, [32m'0.01'[39m ]
data rcv RT:[ [32m'0.00'[39m, [32m'4.35'[39m, [32m'3.42'[39m, [32m'0.00'[39m ]
data rcv RT:[ [32m'0.00'[39m, [32m'4.34'[39m, [32m'3.42'[39m, [32m'0.00'[39m ]
data rcv RT:[ [32m'0.00'[39m, [32m'4.33'[39m, [32m'3.42'[39m, [32m'0.00'[39m ]
data rcv RT:[ [32m'0.00'[39m, [32m'4.32'[39m, [32m'3.43'[39m, [32m'0.00'[39m ]
data rcv RT:[ [32m'0.00'[39m, [32m'4.31'[39m, [32m'3.42'[39m, [32m'0.00'[39m ]
data rcv RT:[ [32m'0.00'[39m, [32m'4.27'[39m, [32m'3.39'[39m, [32m'0.00'[39m ]
data rcv RT:[ [32m'0.00'[39m, [32m'4.26'[39m, [32m'3.40'[39m, [32m'0.00'[39m ]
data rcv RT:[ [32m'0.00'[39m, [32m'4.26'[39m, [32m'3.42'[39m, [32m'0.00'[39m ]
data rcv RT:[ [32m'0.00'[39m, [32m'4.26'[39m, [32m'3.37'[39m, [32m'0.00'[39m ]
data rcv RT:[ [32m'0.00'[39m, [32m'4.28'[39m, [32m'3.37'[39m, [32m'0.00'[39m ]
data rcv RT:[ [32m'0.00'[39m, [32m'4.31'[39m, [32m'3.39'[39m, [32m'0.01'[39m ]
data rcv RT:[ [32m'0.00'[39m, [32m'4.33'[39m, [32m'3.38'[39m, [32m'0.02'[39m ]
data rcv RT:[ [32m'0.00'[39m, [32m'4.33'[39m, [32m'3.35'[39m, [32m'0.07'[39m ]
data rcv RT:[ [32m'0.00'[39m, [32m'4.37'[39m, [32m'3.38'[39m, [32m'0.01'[39m ]
data rcv RT:[ [32m'0.00'[39m, [32m'4.38'[39m, [32m'3.39'[39m, [32m'0.03'[39m ]
data rcv RT:[ [32m'0.00'[39m, [32m'4.34'[39m, [32m'3.42'[39m, [32m'0.00'[39m ]
data rcv RT:[ [32m'0.00'[39m, [32m'4.34'[39m, [32m'3.42'[39m, [32m'0.00'[39m ]
data rcv RT:[ [32m'0.00'[39m, [32m'4.34'[39m, [32m'3.41'[39m, [32m'0.00'[39m ]
data rcv RT:[ [32m'0.00'[39m, [32m'4.31'[39m, [32m'3.45'[39m, [32m'0.00'[39m ]
data rcv RT:[ [32m'0.00'[39m, [32m'4.32'[39m, [32m'3.44'[39m, [32m'0.00'[39m ]
data rcv RT:[ [32m'0.00'[39m, [32m'4.31'[39m, [32m'3.41'[39m, [32m'0.00'[39m ]
data rcv RT:[ [32m'0.00'[39m, [32m'4.26'[39m, [32m'3.42'[39m, [32m'0.00'[39m ]
data rcv RT:[ [32m'0.00'[39m, [32m'4.26'[39m, [32m'3.39'[39m, [32m'0.00'[39m ]
data rcv RT:[ [32m'0.00'[39m, [32m'4.28'[39m, [32m'3.37'[39m, [32m'0.00'[39m ]
data rcv RT:[ [32m'0.00'[39m, [32m'4.29'[39m, [32m'3.38'[39m, [32m'0.00'[39m ]
data rcv RT:[ [32m'0.00'[39m, [32m'4.28'[39m, [32m'3.37'[39m, [32m'0.00'[39m ]
data rcv RT:[ [32m'0.00'[39m, [32m'4.31'[39m, [32m'3.38'[39m, [32m'0.01'[39m ]
data rcv RT:[ [32m'0.00'[39m, [32m'4.35'[39m, [32m'3.38'[39m, [32m'0.02'[39m ]
data rcv RT:[ [32m'0.00'[39m, [32m'4.34'[39m, [32m'3.38'[39m, [32m'0.03'[39m ]
data rcv RT:[ [32m'0.00'[39m, [32m'4.37'[39m, [32m'3.41'[39m, [32m'0.01'[39m ]
data rcv RT:[ [32m'0.00'[39m, [32m'4.37'[39m, [32m'3.41'[39m, [32m'0.00'[39m ]
data rcv RT:[ [32m'0.00'[39m, [32m'4.34'[39m, [32m'3.43'[39m, [32m'0.00'[39m ]
data rcv RT:[ [32m'0.00'[39m, [32m'4.33'[39m, [32m'3.43'[39m, [32m'0.00'[39m ]
data rcv RT:[ [32m'0.00'[39m, [32m'4.32'[39m, [32m'3.42'[39m, [32m'0.00'[39m ]
data rcv RT:[ [32m'0.00'[39m, [32m'4.33'[39m, [32m'3.42'[39m, [32m'0.00'[39m ]
data rcv RT:[ [32m'0.00'[39m, [32m'4.31'[39m, [32m'3.46'[39m, [32m'0.00'[39m ]
data rcv RT:[ [32m'0.00'[39m, [32m'4.26'[39m, [32m'3.41'[39m, [32m'0.00'[39m ]
data rcv RT:[ [32m'0.00'[39m, [32m'4.28'[39m, [32m'3.40'[39m, [32m'0.00'[39m ]
data rcv RT:[ [32m'0.00'[39m, [32m'4.28'[39m, [32m'3.36'[39m, [32m'0.00'[39m ]
data rcv RT:[ [32m'0.00'[39m, [32m'4.28'[39m, [32m'3.36'[39m, [32m'0.00'[39m ]
data rcv RT:[ [32m'0.00'[39m, [32m'4.26'[39m, [32m'3.39'[39m, [32m'0.00'[39m ]
data rcv RT:[ [32m'0.00'[39m, [32m'4.32'[39m, [32m'3.37'[39m, [32m'0.00'[39m ]
data rcv RT:[ [32m'0.00'[39m, [32m'4.34'[39m, [32m'3.39'[39m, [32m'0.01'[39m ]
data rcv RT:[ [32m'0.00'[39m, [32m'4.33'[39m, [32m'3.40'[39m, [32m'0.01'[39m ]
data rcv RT:[ [32m'0.00'[39m, [32m'4.36'[39m, [32m'3.37'[39m, [32m'0.03'[39m ]
data rcv RT:[ [32m'0.00'[39m, [32m'4.34'[39m, [32m'3.41'[39m, [32m'0.00'[39m ]
data rcv RT:[ [32m'0.00'[39m, [32m'4.36'[39m, [32m'3.41'[39m, [32m'0.00'[39m ]
data rcv RT:[ [32m'0.00'[39m, [32m'4.36'[39m, [32m'3.41'[39m, [32m'0.00'[39m ]
data rcv RT:[ [32m'0.00'[39m, [32m'4.32'[39m, [32m'3.41'[39m, [32m'0.00'[39m ]
data rcv RT:[ [32m'0.00'[39m, [32m'4.29'[39m, [32m'3.43'[39m, [32m'0.00'[39m ]
data rcv RT:[ [32m'0.00'[39m, [32m'4.31'[39m, [32m'3.42'[39m, [32m'0.00'[39m ]
data rcv RT:[ [32m'0.00'[39m, [32m'4.30'[39m, [32m'3.43'[39m, [32m'0.00'[39m ]
data rcv RT:[ [32m'0.00'[39m, [32m'4.27'[39m, [32m'3.44'[39m, [32m'0.00'[39m ]
data rcv RT:[ [32m'0.00'[39m, [32m'4.27'[39m, [32m'3.42'[39m, [32m'0.00'[39m ]
data rcv RT:[ [32m'0.00'[39m, [32m'4.25'[39m, [32m'3.38'[39m, [32m'0.00'[39m ]
data rcv RT:[ [32m'0.00'[39m, [32m'4.29'[39m, [32m'3.36'[39m, [32m'0.00'[39m ]
data rcv RT:[ [32m'0.00'[39m, [32m'4.29'[39m, [32m'3.39'[39m, [32m'0.01'[39m ]
data rcv RT:[ [32m'0.00'[39m, [32m'4.35'[39m, [32m'3.38'[39m, [32m'0.02'[39m ]
data rcv RT:[ [32m'0.00'[39m, [32m'4.35'[39m, [32m'3.37'[39m, [32m'0.04'[39m ]
data rcv RT:[ [32m'0.00'[39m, [32m'4.33'[39m, [32m'3.35'[39m, [32m'0.03'[39m ]
data rcv RT:[ [32m'0.00'[39m, [32m'4.39'[39m, [32m'3.38'[39m, [32m'0.03'[39m ]
data rcv RT:[ [32m'0.00'[39m, [32m'4.37'[39m, [32m'3.42'[39m, [32m'0.00'[39m ]
data rcv RT:[ [32m'0.00'[39m, [32m'4.35'[39m, [32m'3.43'[39m, [32m'0.00'[39m ]
data rcv RT:[ [32m'0.00'[39m, [32m'4.34'[39m, [32m'3.42'[39m, [32m'0.00'[39m ]
data rcv RT:[ [32m'0.00'[39m, [32m'4.33'[39m, [32m'3.43'[39m, [32m'0.00'[39m ]
data rcv RT:[ [32m'0.00'[39m, [32m'4.32'[39m, [32m'3.43'[39m, [32m'0.00'[39m ]
data rcv RT:[ [32m'0.00'[39m, [32m'4.30'[39m, [32m'3.43'[39m, [32m'0.00'[39m ]
data rcv RT:[ [32m'0.00'[39m, [32m'4.32'[39m, [32m'3.45'[39m, [32m'0.00'[39m ]
data rcv RT:[ [32m'0.00'[39m, [32m'4.30'[39m, [32m'3.43'[39m, [32m'0.00'[39m ]
data rcv RT:[ [32m'0.00'[39m, [32m'4.28'[39m, [32m'3.40'[39m, [32m'0.00'[39m ]
data rcv RT:[ [32m'0.00'[39m, [32m'4.27'[39m, [32m'3.38'[39m, [32m'0.00'[39m ]
data rcv RT:[ [32m'0.00'[39m, [32m'4.32'[39m, [32m'3.36'[39m, [32m'0.01'[39m ]
data rcv RT:[ [32m'0.00'[39m, [32m'4.30'[39m, [32m'3.38'[39m, [32m'0.00'[39m ]
data rcv RT:[ [32m'0.00'[39m, [32m'4.34'[39m, [32m'3.36'[39m, [32m'0.06'[39m ]
data rcv RT:[ [32m'0.00'[39m, [32m'4.38'[39m, [32m'3.39'[39m, [32m'0.00'[39m ]
data rcv RT:[ [32m'0.00'[39m, [32m'4.37'[39m, [32m'3.42'[39m, [32m'0.00'[39m ]
data rcv RT:[ [32m'0.00'[39m, [32m'4.36'[39m, [32m'3.37'[39m, [32m'0.02'[39m ]
data rcv RT:[ [32m'0.00'[39m, [32m'4.38'[39m, [32m'3.39'[39m, [32m'0.00'[39m ]
data rcv RT:[ [32m'0.00'[39m, [32m'4.34'[39m, [32m'3.42'[39m, [32m'0.00'[39m ]
data rcv RT:[ [32m'0.00'[39m, [32m'4.31'[39m, [32m'3.44'[39m, [32m'0.00'[39m ]
data rcv RT:[ [32m'0.00'[39m, [32m'4.29'[39m, [32m'3.45'[39m, [32m'0.00'[39m ]
data rcv RT:[ [32m'0.00'[39m, [32m'4.31'[39m, [32m'3.42'[39m, [32m'0.00'[39m ]
data rcv RT:[ [32m'0.00'[39m, [32m'4.30'[39m, [32m'3.46'[39m, [32m'0.00'[39m ]
data rcv RT:[ [32m'0.00'[39m, [32m'4.27'[39m, [32m'3.39'[39m, [32m'0.00'[39m ]
data rcv RT:[ [32m'0.00'[39m, [32m'4.27'[39m, [32m'3.40'[39m, [32m'0.00'[39m ]
data rcv RT:[ [32m'0.00'[39m, [32m'4.28'[39m, [32m'3.38'[39m, [32m'0.00'[39m ]
data rcv RT:[ [32m'0.00'[39m, [32m'4.31'[39m, [32m'3.38'[39m, [32m'0.00'[39m ]
data rcv RT:[ [32m'0.00'[39m, [32m'4.30'[39m, [32m'3.39'[39m, [32m'0.01'[39m ]
data rcv RT:[ [32m'0.00'[39m, [32m'4.33'[39m, [32m'3.37'[39m, [32m'0.00'[39m ]
data rcv RT:[ [32m'0.00'[39m, [32m'4.33'[39m, [32m'3.40'[39m, [32m'0.02'[39m ]
data rcv RT:[ [32m'0.00'[39m, [32m'4.35'[39m, [32m'3.39'[39m, [32m'0.03'[39m ]
data rcv RT:[ [32m'0.00'[39m, [32m'4.38'[39m, [32m'3.39'[39m, [32m'0.01'[39m ]
data rcv RT:[ [32m'0.00'[39m, [32m'4.36'[39m, [32m'3.43'[39m, [32m'0.00'[39m ]
data rcv RT:[ [32m'0.00'[39m, [32m'4.34'[39m, [32m'3.42'[39m, [32m'0.00'[39m ]
data rcv RT:[ [32m'0.00'[39m, [32m'4.32'[39m, [32m'3.42'[39m, [32m'0.00'[39m ]
data rcv RT:[ [32m'0.00'[39m, [32m'4.30'[39m, [32m'3.44'[39m, [32m'0.00'[39m ]
data rcv RT:[ [32m'0.00'[39m, [32m'4.27'[39m, [32m'3.45'[39m, [32m'0.00'[39m ]
data rcv RT:[ [32m'0.00'[39m, [32m'4.26'[39m, [32m'3.42'[39m, [32m'0.00'[39m ]
data rcv RT:[ [32m'0.00'[39m, [32m'4.26'[39m, [32m'3.43'[39m, [32m'0.00'[39m ]
data rcv RT:[ [32m'0.00'[39m, [32m'4.28'[39m, [32m'3.39'[39m, [32m'0.00'[39m ]
data rcv RT:[ [32m'0.00'[39m, [32m'4.27'[39m, [32m'3.38'[39m, [32m'0.00'[39m ]
data rcv RT:[ [32m'0.00'[39m, [32m'4.28'[39m, [32m'3.39'[39m, [32m'0.00'[39m ]
data rcv RT:[ [32m'0.00'[39m, [32m'4.32'[39m, [32m'3.38'[39m, [32m'0.00'[39m ]
data rcv RT:[ [32m'0.00'[39m, [32m'4.33'[39m, [32m'3.37'[39m, [32m'0.02'[39m ]
data rcv RT:[ [32m'0.00'[39m, [32m'4.35'[39m, [32m'3.39'[39m, [32m'0.01'[39m ]
data rcv RT:[ [32m'0.00'[39m, [32m'4.35'[39m, [32m'3.37'[39m, [32m'0.05'[39m ]
data rcv RT:[ [32m'0.00'[39m, [32m'4.37'[39m, [32m'3.37'[39m, [32m'0.03'[39m ]
data rcv RT:[ [32m'0.00'[39m, [32m'4.37'[39m, [32m'3.40'[39m, [32m'0.01'[39m ]
data rcv RT:[ [32m'0.00'[39m, [32m'4.31'[39m, [32m'3.43'[39m, [32m'0.00'[39m ]
data rcv RT:[ [32m'0.00'[39m, [32m'4.35'[39m, [32m'3.41'[39m, [32m'0.00'[39m ]
data rcv RT:[ [32m'0.00'[39m, [32m'4.32'[39m, [32m'3.43'[39m, [32m'0.00'[39m ]
data rcv RT:[ [32m'0.00'[39m, [32m'4.29'[39m, [32m'3.47'[39m, [32m'0.00'[39m ]
data rcv RT:[ [32m'0.00'[39m, [32m'4.30'[39m, [32m'3.45'[39m, [32m'0.00'[39m ]
data rcv RT:[ [32m'0.00'[39m, [32m'4.25'[39m, [32m'3.41'[39m, [32m'0.00'[39m ]
data rcv RT:[ [32m'0.00'[39m, [32m'4.26'[39m, [32m'3.39'[39m, [32m'0.00'[39m ]
data rcv RT:[ [32m'0.00'[39m, [32m'4.27'[39m, [32m'3.40'[39m, [32m'0.00'[39m ]
data rcv RT:[ [32m'0.00'[39m, [32m'4.31'[39m, [32m'3.36'[39m, [32m'0.01'[39m ]
data rcv RT:[ [32m'0.00'[39m, [32m'4.32'[39m, [32m'3.38'[39m, [32m'0.00'[39m ]
data rcv RT:[ [32m'0.00'[39m, [32m'4.33'[39m, [32m'3.37'[39m, [32m'0.02'[39m ]
data rcv RT:[ [32m'0.00'[39m, [32m'4.36'[39m, [32m'3.39'[39m, [32m'0.03'[39m ]
data rcv RT:[ [32m'0.00'[39m, [32m'4.36'[39m, [32m'3.38'[39m, [32m'0.01'[39m ]
data rcv RT:[ [32m'0.00'[39m, [32m'4.36'[39m, [32m'3.43'[39m, [32m'0.00'[39m ]
data rcv RT:[ [32m'0.00'[39m, [32m'4.35'[39m, [32m'3.44'[39m, [32m'0.00'[39m ]
data rcv RT:[ [32m'0.00'[39m, [32m'4.33'[39m, [32m'3.44'[39m, [32m'0.00'[39m ]
data rcv RT:[ [32m'0.00'[39m, [32m'4.35'[39m, [32m'3.43'[39m, [32m'0.00'[39m ]
data rcv RT:[ [32m'0.00'[39m, [32m'4.31'[39m, [32m'3.42'[39m, [32m'0.00'[39m ]
data rcv RT:[ [32m'0.00'[39m, [32m'4.32'[39m, [32m'3.41'[39m, [32m'0.00'[39m ]
data rcv RT:[ [32m'0.00'[39m, [32m'4.30'[39m, [32m'3.43'[39m, [32m'0.00'[39m ]
data rcv RT:[ [32m'0.00'[39m, [32m'4.32'[39m, [32m'3.45'[39m, [32m'0.00'[39m ]
data rcv RT:[ [32m'0.00'[39m, [32m'4.28'[39m, [32m'3.39'[39m, [32m'0.00'[39m ]
data rcv RT:[ [32m'0.00'[39m, [32m'4.28'[39m, [32m'3.40'[39m, [32m'0.00'[39m ]
data rcv RT:[ [32m'0.00'[39m, [32m'4.28'[39m, [32m'3.36'[39m, [32m'0.00'[39m ]
data rcv RT:[ [32m'0.00'[39m, [32m'4.31'[39m, [32m'3.37'[39m, [32m'0.02'[39m ]
data rcv RT:[ [32m'0.00'[39m, [32m'4.33'[39m, [32m'3.39'[39m, [32m'0.01'[39m ]
data rcv RT:[ [32m'0.00'[39m, [32m'4.33'[39m, [32m'3.36'[39m, [32m'0.05'[39m ]
data rcv RT:[ [32m'0.00'[39m, [32m'4.36'[39m, [32m'3.42'[39m, [32m'0.00'[39m ]
data rcv RT:[ [32m'0.00'[39m, [32m'4.37'[39m, [32m'3.40'[39m, [32m'0.02'[39m ]
data rcv RT:[ [32m'0.00'[39m, [32m'4.35'[39m, [32m'3.41'[39m, [32m'0.00'[39m ]
data rcv RT:[ [32m'0.00'[39m, [32m'4.36'[39m, [32m'3.42'[39m, [32m'0.00'[39m ]
data rcv RT:[ [32m'0.00'[39m, [32m'4.31'[39m, [32m'3.44'[39m, [32m'0.00'[39m ]
data rcv RT:[ [32m'0.00'[39m, [32m'4.31'[39m, [32m'3.43'[39m, [32m'0.00'[39m ]
data rcv RT:[ [32m'0.00'[39m, [32m'4.30'[39m, [32m'3.42'[39m, [32m'0.00'[39m ]
data rcv RT:[ [32m'0.00'[39m, [32m'4.26'[39m, [32m'3.41'[39m, [32m'0.00'[39m ]
data rcv RT:[ [32m'0.00'[39m, [32m'4.26'[39m, [32m'3.42'[39m, [32m'0.00'[39m ]
data rcv RT:[ [32m'0.00'[39m, [32m'4.27'[39m, [32m'3.40'[39m, [32m'0.00'[39m ]
data rcv RT:[ [32m'0.00'[39m, [32m'4.27'[39m, [32m'3.38'[39m, [32m'0.00'[39m ]
data rcv RT:[ [32m'0.00'[39m, [32m'4.28'[39m, [32m'3.37'[39m, [32m'0.00'[39m ]
data rcv RT:[ [32m'0.00'[39m, [32m'4.31'[39m, [32m'3.38'[39m, [32m'0.01'[39m ]
data rcv RT:[ [32m'0.00'[39m, [32m'4.32'[39m, [32m'3.39'[39m, [32m'0.00'[39m ]
data rcv RT:[ [32m'0.00'[39m, [32m'4.36'[39m, [32m'3.38'[39m, [32m'0.02'[39m ]
data rcv RT:[ [32m'0.00'[39m, [32m'4.36'[39m, [32m'3.42'[39m, [32m'0.00'[39m ]
data rcv RT:[ [32m'0.00'[39m, [32m'4.36'[39m, [32m'3.41'[39m, [32m'0.00'[39m ]
data rcv RT:[ [32m'0.00'[39m, [32m'4.32'[39m, [32m'3.43'[39m, [32m'0.00'[39m ]
data rcv RT:[ [32m'0.00'[39m, [32m'4.32'[39m, [32m'3.42'[39m, [32m'0.00'[39m ]
data rcv RT:[ [32m'0.00'[39m, [32m'4.29'[39m, [32m'3.42'[39m, [32m'0.00'[39m ]
data rcv RT:[ [32m'0.00'[39m, [32m'4.28'[39m, [32m'3.46'[39m, [32m'0.00'[39m ]
data rcv RT:[ [32m'0.00'[39m, [32m'4.26'[39m, [32m'3.40'[39m, [32m'0.00'[39m ]
data rcv RT:[ [32m'0.00'[39m, [32m'4.26'[39m, [32m'3.38'[39m, [32m'0.00'[39m ]
data rcv RT:[ [32m'0.00'[39m, [32m'4.32'[39m, [32m'3.37'[39m, [32m'0.02'[39m ]
data rcv RT:[ [32m'0.00'[39m, [32m'4.30'[39m, [32m'3.38'[39m, [32m'0.00'[39m ]
data rcv RT:[ [32m'0.00'[39m, [32m'4.30'[39m, [32m'3.39'[39m, [32m'0.02'[39m ]
data rcv RT:[ [32m'0.00'[39m, [32m'4.33'[39m, [32m'3.39'[39m, [32m'0.02'[39m ]
data rcv RT:[ [32m'0.00'[39m, [32m'4.33'[39m, [32m'3.37'[39m, [32m'0.04'[39m ]
data rcv RT:[ [32m'0.00'[39m, [32m'4.37'[39m, [32m'3.39'[39m, [32m'0.00'[39m ]
data rcv RT:[ [32m'0.00'[39m, [32m'4.34'[39m, [32m'3.42'[39m, [32m'0.00'[39m ]
data rcv RT:[ [32m'0.00'[39m, [32m'4.33'[39m, [32m'3.43'[39m, [32m'0.00'[39m ]
data rcv RT:[ [32m'0.00'[39m, [32m'4.34'[39m, [32m'3.41'[39m, [32m'0.00'[39m ]
data rcv RT:[ [32m'0.00'[39m, [32m'4.32'[39m, [32m'3.41'[39m, [32m'0.00'[39m ]
data rcv RT:[ [32m'0.00'[39m, [32m'4.31'[39m, [32m'3.43'[39m, [32m'0.00'[39m ]
data rcv RT:[ [32m'0.00'[39m, [32m'4.29'[39m, [32m'3.44'[39m, [32m'0.00'[39m ]
data rcv RT:[ [32m'0.00'[39m, [32m'4.28'[39m, [32m'3.44'[39m, [32m'0.00'[39m ]
data rcv RT:[ [32m'0.00'[39m, [32m'4.28'[39m, [32m'3.42'[39m, [32m'0.00'[39m ]
data rcv RT:[ [32m'0.00'[39m, [32m'4.28'[39m, [32m'3.37'[39m, [32m'0.00'[39m ]
data rcv RT:[ [32m'0.00'[39m, [32m'4.30'[39m, [32m'3.39'[39m, [32m'0.01'[39m ]
data rcv RT:[ [32m'0.00'[39m, [32m'4.31'[39m, [32m'3.38'[39m, [32m'0.00'[39m ]
data rcv RT:[ [32m'0.00'[39m, [32m'4.34'[39m, [32m'3.39'[39m, [32m'0.01'[39m ]
data rcv RT:[ [32m'0.00'[39m, [32m'4.34'[39m, [32m'3.37'[39m, [32m'0.03'[39m ]
data rcv RT:[ [32m'0.00'[39m, [32m'4.37'[39m, [32m'3.38'[39m, [32m'0.05'[39m ]
data rcv RT:[ [32m'0.00'[39m, [32m'4.36'[39m, [32m'3.42'[39m, [32m'0.00'[39m ]
data rcv RT:[ [32m'0.00'[39m, [32m'4.34'[39m, [32m'3.42'[39m, [32m'0.00'[39m ]
data rcv RT:[ [32m'0.00'[39m, [32m'4.30'[39m, [32m'3.43'[39m, [32m'0.00'[39m ]
data rcv RT:[ [32m'0.00'[39m, [32m'4.26'[39m, [32m'3.44'[39m, [32m'0.00'[39m ]
data rcv RT:[ [32m'0.00'[39m, [32m'4.27'[39m, [32m'3.41'[39m, [32m'0.00'[39m ]
data rcv RT:[ [32m'0.00'[39m, [32m'4.27'[39m, [32m'3.38'[39m, [32m'0.00'[39m ]
data rcv RT:[ [32m'0.00'[39m, [32m'4.32'[39m, [32m'3.38'[39m, [32m'0.00'[39m ]
data rcv RT:[ [32m'0.00'[39m, [32m'4.34'[39m, [32m'3.37'[39m, [32m'0.06'[39m ]
data rcv RT:[ [32m'0.00'[39m, [32m'4.33'[39m, [32m'3.37'[39m, [32m'0.04'[39m ]
data rcv RT:[ [32m'0.00'[39m, [32m'4.37'[39m, [32m'3.40'[39m, [32m'0.01'[39m ]
data rcv RT:[ [32m'0.00'[39m, [32m'4.38'[39m, [32m'3.42'[39m, [32m'0.00'[39m ]
data rcv RT:[ [32m'0.00'[39m, [32m'4.33'[39m, [32m'3.41'[39m, [32m'0.00'[39m ]
data rcv RT:[ [32m'0.00'[39m, [32m'4.32'[39m, [32m'3.42'[39m, [32m'0.00'[39m ]
data rcv RT:[ [32m'0.00'[39m, [32m'4.27'[39m, [32m'3.44'[39m, [32m'0.00'[39m ]
data rcv RT:[ [32m'0.00'[39m, [32m'4.28'[39m, [32m'3.40'[39m, [32m'0.00'[39m ]
data rcv RT:[ [32m'0.00'[39m, [32m'4.26'[39m, [32m'3.38'[39m, [32m'0.00'[39m ]
data rcv RT:[ [32m'0.00'[39m, [32m'4.32'[39m, [32m'3.37'[39m, [32m'0.00'[39m ]
data rcv RT:[ [32m'0.00'[39m, [32m'4.34'[39m, [32m'3.38'[39m, [32m'0.03'[39m ]
data rcv RT:[ [32m'0.00'[39m, [32m'4.37'[39m, [32m'3.40'[39m, [32m'0.02'[39m ]
data rcv RT:[ [32m'0.00'[39m, [32m'4.36'[39m, [32m'3.43'[39m, [32m'0.00'[39m ]
data rcv RT:[ [32m'0.00'[39m, [32m'4.34'[39m, [32m'3.42'[39m, [32m'0.00'[39m ]
data rcv RT:[ [32m'0.00'[39m, [32m'4.34'[39m, [32m'3.43'[39m, [32m'0.00'[39m ]
data rcv RT:[ [32m'0.00'[39m, [32m'4.31'[39m, [32m'3.44'[39m, [32m'0.00'[39m ]
data rcv RT:[ [32m'0.00'[39m, [32m'4.30'[39m, [32m'3.41'[39m, [32m'0.00'[39m ]
data rcv RT:[ [32m'0.00'[39m, [32m'4.29'[39m, [32m'3.42'[39m, [32m'0.00'[39m ]
data rcv RT:[ [32m'0.00'[39m, [32m'4.30'[39m, [32m'3.43'[39m, [32m'0.00'[39m ]
data rcv RT:[ [32m'0.00'[39m, [32m'4.26'[39m, [32m'3.41'[39m, [32m'0.00'[39m ]
data rcv RT:[ [32m'0.00'[39m, [32m'4.26'[39m, [32m'3.38'[39m, [32m'0.00'[39m ]
data rcv RT:[ [32m'0.00'[39m, [32m'4.30'[39m, [32m'3.38'[39m, [32m'0.00'[39m ]
data rcv RT:[ [32m'0.00'[39m, [32m'4.32'[39m, [32m'3.37'[39m, [32m'0.00'[39m ]
data rcv RT:[ [32m'0.00'[39m, [32m'4.37'[39m, [32m'3.36'[39m, [32m'0.04'[39m ]
data rcv RT:[ [32m'0.00'[39m, [32m'4.36'[39m, [32m'3.42'[39m, [32m'0.00'[39m ]
data rcv RT:[ [32m'0.00'[39m, [32m'4.35'[39m, [32m'3.44'[39m, [32m'0.00'[39m ]
data rcv RT:[ [32m'0.00'[39m, [32m'4.32'[39m, [32m'3.42'[39m, [32m'0.00'[39m ]
data rcv RT:[ [32m'0.00'[39m, [32m'4.29'[39m, [32m'3.43'[39m, [32m'0.00'[39m ]
data rcv RT:[ [32m'0.00'[39m, [32m'4.30'[39m, [32m'3.44'[39m, [32m'0.00'[39m ]
data rcv RT:[ [32m'0.00'[39m, [32m'4.29'[39m, [32m'3.42'[39m, [32m'0.00'[39m ]
data rcv RT:[ [32m'0.00'[39m, [32m'4.30'[39m, [32m'3.41'[39m, [32m'0.00'[39m ]
data rcv RT:[ [32m'0.00'[39m, [32m'4.27'[39m, [32m'3.39'[39m, [32m'0.00'[39m ]
data rcv RT:[ [32m'0.00'[39m, [32m'4.28'[39m, [32m'3.38'[39m, [32m'0.00'[39m ]
data rcv RT:[ [32m'0.00'[39m, [32m'4.29'[39m, [32m'3.38'[39m, [32m'0.00'[39m ]
data rcv RT:[ [32m'0.00'[39m, [32m'4.30'[39m, [32m'3.35'[39m, [32m'0.01'[39m ]
data rcv RT:[ [32m'0.00'[39m, [32m'4.33'[39m, [32m'3.39'[39m, [32m'0.01'[39m ]
data rcv RT:[ [32m'0.00'[39m, [32m'4.34'[39m, [32m'3.36'[39m, [32m'0.04'[39m ]
data rcv RT:[ [32m'0.00'[39m, [32m'4.34'[39m, [32m'3.37'[39m, [32m'0.02'[39m ]
data rcv RT:[ [32m'0.00'[39m, [32m'4.35'[39m, [32m'3.39'[39m, [32m'0.01'[39m ]
data rcv RT:[ [32m'0.00'[39m, [32m'4.38'[39m, [32m'3.40'[39m, [32m'0.00'[39m ]
data rcv RT:[ [32m'0.00'[39m, [32m'4.36'[39m, [32m'3.41'[39m, [32m'0.00'[39m ]
data rcv RT:[ [32m'0.00'[39m, [32m'4.32'[39m, [32m'3.44'[39m, [32m'0.00'[39m ]
data rcv RT:[ [32m'0.00'[39m, [32m'4.31'[39m, [32m'3.43'[39m, [32m'0.00'[39m ]
data rcv RT:[ [32m'0.00'[39m, [32m'4.32'[39m, [32m'3.44'[39m, [32m'0.00'[39m ]
data rcv RT:[ [32m'0.00'[39m, [32m'4.26'[39m, [32m'3.41'[39m, [32m'0.00'[39m ]
data rcv RT:[ [32m'0.00'[39m, [32m'4.27'[39m, [32m'3.40'[39m, [32m'0.00'[39m ]
data rcv RT:[ [32m'0.00'[39m, [32m'4.27'[39m, [32m'3.40'[39m, [32m'0.00'[39m ]
data rcv RT:[ [32m'0.00'[39m, [32m'4.31'[39m, [32m'3.37'[39m, [32m'0.01'[39m ]
data rcv RT:[ [32m'0.00'[39m, [32m'4.32'[39m, [32m'3.38'[39m, [32m'0.00'[39m ]
data rcv RT:[ [32m'0.00'[39m, [32m'4.33'[39m, [32m'3.39'[39m, [32m'0.02'[39m ]
data rcv RT:[ [32m'0.00'[39m, [32m'4.36'[39m, [32m'3.40'[39m, [32m'0.07'[39m ]
data rcv RT:[ [32m'0.00'[39m, [32m'4.36'[39m, [32m'3.39'[39m, [32m'0.01'[39m ]
data rcv RT:[ [32m'0.00'[39m, [32m'4.39'[39m, [32m'3.40'[39m, [32m'0.01'[39m ]
data rcv RT:[ [32m'0.00'[39m, [32m'4.34'[39m, [32m'3.43'[39m, [32m'0.00'[39m ]
data rcv RT:[ [32m'0.00'[39m, [32m'4.32'[39m, [32m'3.42'[39m, [32m'0.00'[39m ]
data rcv RT:[ [32m'0.00'[39m, [32m'4.28'[39m, [32m'3.41'[39m, [32m'0.00'[39m ]
data rcv RT:[ [32m'0.00'[39m, [32m'4.29'[39m, [32m'3.44'[39m, [32m'0.00'[39m ]
data rcv RT:[ [32m'0.00'[39m, [32m'4.25'[39m, [32m'3.42'[39m, [32m'0.00'[39m ]
data rcv RT:[ [32m'0.00'[39m, [32m'4.25'[39m, [32m'3.40'[39m, [32m'0.00'[39m ]
data rcv RT:[ [32m'0.00'[39m, [32m'4.27'[39m, [32m'3.40'[39m, [32m'0.00'[39m ]
data rcv RT:[ [32m'0.00'[39m, [32m'4.26'[39m, [32m'3.39'[39m, [32m'0.00'[39m ]
data rcv RT:[ [32m'0.00'[39m, [32m'4.28'[39m, [32m'3.39'[39m, [32m'0.00'[39m ]
data rcv RT:[ [32m'0.00'[39m, [32m'4.32'[39m, [32m'3.38'[39m, [32m'0.00'[39m ]
data rcv RT:[ [32m'0.00'[39m, [32m'4.36'[39m, [32m'3.38'[39m, [32m'0.02'[39m ]
data rcv RT:[ [32m'0.00'[39m, [32m'4.37'[39m, [32m'3.38'[39m, [32m'0.02'[39m ]
data rcv RT:[ [32m'0.00'[39m, [32m'4.38'[39m, [32m'3.41'[39m, [32m'0.02'[39m ]
data rcv RT:[ [32m'0.00'[39m, [32m'4.34'[39m, [32m'3.43'[39m, [32m'0.00'[39m ]
data rcv RT:[ [32m'0.00'[39m, [32m'4.36'[39m, [32m'3.42'[39m, [32m'0.00'[39m ]
data rcv RT:[ [32m'0.00'[39m, [32m'4.33'[39m, [32m'3.43'[39m, [32m'0.00'[39m ]
data rcv RT:[ [32m'0.00'[39m, [32m'4.34'[39m, [32m'3.42'[39m, [32m'0.00'[39m ]
data rcv RT:[ [32m'0.00'[39m, [32m'4.30'[39m, [32m'3.44'[39m, [32m'0.00'[39m ]
data rcv RT:[ [32m'0.00'[39m, [32m'4.25'[39m, [32m'3.45'[39m, [32m'0.00'[39m ]
data rcv RT:[ [32m'0.00'[39m, [32m'4.27'[39m, [32m'3.42'[39m, [32m'0.00'[39m ]
data rcv RT:[ [32m'0.00'[39m, [32m'4.29'[39m, [32m'3.39'[39m, [32m'0.00'[39m ]
data rcv RT:[ [32m'0.00'[39m, [32m'4.30'[39m, [32m'3.39'[39m, [32m'0.00'[39m ]
data rcv RT:[ [32m'0.00'[39m, [32m'4.30'[39m, [32m'3.36'[39m, [32m'0.00'[39m ]
data rcv RT:[ [32m'0.00'[39m, [32m'4.29'[39m, [32m'3.38'[39m, [32m'0.00'[39m ]
data rcv RT:[ [32m'0.00'[39m, [32m'4.31'[39m, [32m'3.36'[39m, [32m'0.01'[39m ]
data rcv RT:[ [32m'0.00'[39m, [32m'4.33'[39m, [32m'3.39'[39m, [32m'0.04'[39m ]
data rcv RT:[ [32m'0.00'[39m, [32m'4.36'[39m, [32m'3.34'[39m, [32m'0.06'[39m ]
data rcv RT:[ [32m'0.00'[39m, [32m'4.39'[39m, [32m'3.39'[39m, [32m'0.00'[39m ]
data rcv RT:[ [32m'0.00'[39m, [32m'4.34'[39m, [32m'3.41'[39m, [32m'0.00'[39m ]
data rcv RT:[ [32m'0.00'[39m, [32m'4.34'[39m, [32m'3.42'[39m, [32m'0.00'[39m ]
data rcv RT:[ [32m'0.00'[39m, [32m'4.31'[39m, [32m'3.43'[39m, [32m'0.00'[39m ]
data rcv RT:[ [32m'0.00'[39m, [32m'4.31'[39m, [32m'3.42'[39m, [32m'0.00'[39m ]
data rcv RT:[ [32m'0.00'[39m, [32m'4.30'[39m, [32m'3.46'[39m, [32m'0.00'[39m ]
data rcv RT:[ [32m'0.00'[39m, [32m'4.25'[39m, [32m'3.41'[39m, [32m'0.00'[39m ]
data rcv RT:[ [32m'0.00'[39m, [32m'4.27'[39m, [32m'3.40'[39m, [32m'0.00'[39m ]
data rcv RT:[ [32m'0.00'[39m, [32m'4.28'[39m, [32m'3.38'[39m, [32m'0.00'[39m ]
data rcv RT:[ [32m'0.00'[39m, [32m'4.28'[39m, [32m'3.38'[39m, [32m'0.00'[39m ]
data rcv RT:[ [32m'0.00'[39m, [32m'4.30'[39m, [32m'3.39'[39m, [32m'0.00'[39m ]
data rcv RT:[ [32m'0.00'[39m, [32m'4.34'[39m, [32m'3.38'[39m, [32m'0.01'[39m ]
data rcv RT:[ [32m'0.00'[39m, [32m'4.34'[39m, [32m'3.37'[39m, [32m'0.04'[39m ]
data rcv RT:[ [32m'0.00'[39m, [32m'4.36'[39m, [32m'3.38'[39m, [32m'0.03'[39m ]
data rcv RT:[ [32m'0.00'[39m, [32m'4.38'[39m, [32m'3.42'[39m, [32m'0.01'[39m ]
data rcv RT:[ [32m'0.00'[39m, [32m'4.37'[39m, [32m'3.39'[39m, [32m'0.02'[39m ]
data rcv RT:[ [32m'0.00'[39m, [32m'4.36'[39m, [32m'3.42'[39m, [32m'0.00'[39m ]
data rcv RT:[ [32m'0.00'[39m, [32m'4.33'[39m, [32m'3.42'[39m, [32m'0.00'[39m ]
data rcv RT:[ [32m'0.00'[39m, [32m'4.32'[39m, [32m'3.41'[39m, [32m'0.00'[39m ]
data rcv RT:[ [32m'0.00'[39m, [32m'4.32'[39m, [32m'3.42'[39m, [32m'0.00'[39m ]
data rcv RT:[ [32m'0.00'[39m, [32m'4.32'[39m, [32m'3.43'[39m, [32m'0.00'[39m ]
data rcv RT:[ [32m'0.00'[39m, [32m'4.29'[39m, [32m'3.43'[39m, [32m'0.00'[39m ]
data rcv RT:[ [32m'0.00'[39m, [32m'4.28'[39m, [32m'3.41'[39m, [32m'0.00'[39m ]
data rcv RT:[ [32m'0.00'[39m, [32m'4.26'[39m, [32m'3.40'[39m, [32m'0.00'[39m ]
data rcv RT:[ [32m'0.00'[39m, [32m'4.27'[39m, [32m'3.39'[39m, [32m'0.00'[39m ]
data rcv RT:[ [32m'0.00'[39m, [32m'4.28'[39m, [32m'3.39'[39m, [32m'0.00'[39m ]
data rcv RT:[ [32m'0.00'[39m, [32m'4.30'[39m, [32m'3.36'[39m, [32m'0.00'[39m ]
data rcv RT:[ [32m'0.00'[39m, [32m'4.32'[39m, [32m'3.37'[39m, [32m'0.00'[39m ]
data rcv RT:[ [32m'0.00'[39m, [32m'4.34'[39m, [32m'3.39'[39m, [32m'0.02'[39m ]
data rcv RT:[ [32m'0.00'[39m, [32m'4.38'[39m, [32m'3.40'[39m, [32m'0.02'[39m ]
data rcv RT:[ [32m'0.00'[39m, [32m'4.37'[39m, [32m'3.39'[39m, [32m'0.00'[39m ]
data rcv RT:[ [32m'0.00'[39m, [32m'4.35'[39m, [32m'3.41'[39m, [32m'0.00'[39m ]
data rcv RT:[ [32m'0.00'[39m, [32m'4.31'[39m, [32m'3.44'[39m, [32m'0.00'[39m ]
data rcv RT:[ [32m'0.00'[39m, [32m'4.33'[39m, [32m'3.43'[39m, [32m'0.00'[39m ]
data rcv RT:[ [32m'0.00'[39m, [32m'4.32'[39m, [32m'3.43'[39m, [32m'0.00'[39m ]
data rcv RT:[ [32m'0.00'[39m, [32m'4.30'[39m, [32m'3.45'[39m, [32m'0.00'[39m ]
data rcv RT:[ [32m'0.00'[39m, [32m'4.28'[39m, [32m'3.41'[39m, [32m'0.00'[39m ]
data rcv RT:[ [32m'0.00'[39m, [32m'4.29'[39m, [32m'3.37'[39m, [32m'0.00'[39m ]
data rcv RT:[ [32m'0.00'[39m, [32m'4.28'[39m, [32m'3.38'[39m, [32m'0.00'[39m ]
data rcv RT:[ [32m'0.00'[39m, [32m'4.28'[39m, [32m'3.39'[39m, [32m'0.00'[39m ]
data rcv RT:[ [32m'0.00'[39m, [32m'4.30'[39m, [32m'3.37'[39m, [32m'0.00'[39m ]
data rcv RT:[ [32m'0.00'[39m, [32m'4.35'[39m, [32m'3.39'[39m, [32m'0.02'[39m ]
data rcv RT:[ [32m'0.00'[39m, [32m'4.32'[39m, [32m'3.36'[39m, [32m'0.05'[39m ]
data rcv RT:[ [32m'0.00'[39m, [32m'4.35'[39m, [32m'3.38'[39m, [32m'0.02'[39m ]
data rcv RT:[ [32m'0.00'[39m, [32m'4.38'[39m, [32m'3.40'[39m, [32m'0.00'[39m ]
data rcv RT:[ [32m'0.00'[39m, [32m'4.38'[39m, [32m'3.41'[39m, [32m'0.00'[39m ]
client Front End connected
Socket {
  nsp: 
   Namespace {
     name: [32m'/'[39m,
     server: 
      Server {
        nsps: [36m[Object][39m,
        _path: [32m'/socket.io'[39m,
        _serveClient: [33mtrue[39m,
        _adapter: [36m[Function: Adapter][39m,
        _origins: [32m'*:*'[39m,
        sockets: [36m[Circular][39m,
        eio: [36m[Object][39m,
        httpServer: [36m[Object][39m,
        engine: [36m[Object][39m },
     sockets: { [32m'/#xSLkmPoQJdBZrMYCAAAh'[39m: [36m[Circular][39m },
     connected: { [32m'/#xSLkmPoQJdBZrMYCAAAh'[39m: [36m[Circular][39m },
     fns: [],
     ids: [33m0[39m,
     adapter: 
      Adapter {
        nsp: [36m[Circular][39m,
        rooms: [36m[Object][39m,
        sids: [36m[Object][39m,
        encoder: Encoder {} },
     _events: { connection: [36m[Function][39m },
     _eventsCount: [33m1[39m },
  server: 
   Server {
     nsps: { [32m'/'[39m: [36m[Object][39m },
     _path: [32m'/socket.io'[39m,
     _serveClient: [33mtrue[39m,
     _adapter: [36m[Function: Adapter][39m,
     _origins: [32m'*:*'[39m,
     sockets: 
      Namespace {
        name: [32m'/'[39m,
        server: [36m[Circular][39m,
        sockets: [36m[Object][39m,
        connected: [36m[Object][39m,
        fns: [],
        ids: [33m0[39m,
        adapter: [36m[Object][39m,
        _events: [36m[Object][39m,
        _eventsCount: [33m1[39m },
     eio: 
      Server {
        clients: [36m[Object][39m,
        clientsCount: [33m1[39m,
        pingTimeout: [33m60000[39m,
        pingInterval: [33m25000[39m,
        upgradeTimeout: [33m10000[39m,
        maxHttpBufferSize: [33m100000000[39m,
        transports: [36m[Object][39m,
        allowUpgrades: [33mtrue[39m,
        allowRequest: [36m[Function: bound ][39m,
        cookie: [32m'io'[39m,
        cookiePath: [33mfalse[39m,
        perMessageDeflate: [36m[Object][39m,
        httpCompression: [36m[Object][39m,
        ws: [36m[Object][39m,
        _events: [36m[Object][39m,
        _eventsCount: [33m1[39m },
     httpServer: 
      Server {
        domain: [1mnull[22m,
        _events: [36m[Object][39m,
        _eventsCount: [33m4[39m,
        _maxListeners: [90mundefined[39m,
        _connections: [33m1[39m,
        _handle: [36m[Object][39m,
        _usingSlaves: [33mfalse[39m,
        _slaves: [],
        _unref: [33mfalse[39m,
        allowHalfOpen: [33mtrue[39m,
        pauseOnConnect: [33mfalse[39m,
        httpAllowHalfOpen: [33mfalse[39m,
        timeout: [33m120000[39m,
        _pendingResponseData: [33m0[39m,
        _connectionKey: [32m'6::::3000'[39m },
     engine: 
      Server {
        clients: [36m[Object][39m,
        clientsCount: [33m1[39m,
        pingTimeout: [33m60000[39m,
        pingInterval: [33m25000[39m,
        upgradeTimeout: [33m10000[39m,
        maxHttpBufferSize: [33m100000000[39m,
        transports: [36m[Object][39m,
        allowUpgrades: [33mtrue[39m,
        allowRequest: [36m[Function: bound ][39m,
        cookie: [32m'io'[39m,
        cookiePath: [33mfalse[39m,
        perMessageDeflate: [36m[Object][39m,
        httpCompression: [36m[Object][39m,
        ws: [36m[Object][39m,
        _events: [36m[Object][39m,
        _eventsCount: [33m1[39m } },
  adapter: 
   Adapter {
     nsp: 
      Namespace {
        name: [32m'/'[39m,
        server: [36m[Object][39m,
        sockets: [36m[Object][39m,
        connected: [36m[Object][39m,
        fns: [],
        ids: [33m0[39m,
        adapter: [36m[Circular][39m,
        _events: [36m[Object][39m,
        _eventsCount: [33m1[39m },
     rooms: { [32m'/#xSLkmPoQJdBZrMYCAAAh'[39m: [36m[Object][39m },
     sids: { [32m'/#xSLkmPoQJdBZrMYCAAAh'[39m: [36m[Object][39m },
     encoder: Encoder {} },
  id: [32m'/#xSLkmPoQJdBZrMYCAAAh'[39m,
  client: 
   Client {
     server: 
      Server {
        nsps: [36m[Object][39m,
        _path: [32m'/socket.io'[39m,
        _serveClient: [33mtrue[39m,
        _adapter: [36m[Function: Adapter][39m,
        _origins: [32m'*:*'[39m,
        sockets: [36m[Object][39m,
        eio: [36m[Object][39m,
        httpServer: [36m[Object][39m,
        engine: [36m[Object][39m },
     conn: 
      Socket {
        id: [32m'xSLkmPoQJdBZrMYCAAAh'[39m,
        server: [36m[Object][39m,
        upgrading: [33mfalse[39m,
        upgraded: [33mfalse[39m,
        readyState: [32m'open'[39m,
        writeBuffer: [36m[Object][39m,
        packetsFn: [36m[Object][39m,
        sentCallbackFn: [],
        cleanupFn: [36m[Object][39m,
        request: [36m[Object][39m,
        remoteAddress: [32m'::ffff:10.210.30.41'[39m,
        checkIntervalTimer: [1mnull[22m,
        upgradeTimeoutTimer: [1mnull[22m,
        pingTimeoutTimer: [36m[Object][39m,
        transport: [36m[Object][39m,
        _events: [36m[Object][39m,
        _eventsCount: [33m3[39m },
     encoder: Encoder {},
     decoder: Decoder { reconstructor: [1mnull[22m, _callbacks: [36m[Object][39m },
     id: [32m'xSLkmPoQJdBZrMYCAAAh'[39m,
     request: 
      IncomingMessage {
        _readableState: [36m[Object][39m,
        readable: [33mtrue[39m,
        domain: [1mnull[22m,
        _events: {},
        _eventsCount: [33m0[39m,
        _maxListeners: [90mundefined[39m,
        socket: [36m[Object][39m,
        connection: [36m[Object][39m,
        httpVersionMajor: [33m1[39m,
        httpVersionMinor: [33m1[39m,
        httpVersion: [32m'1.1'[39m,
        complete: [33mtrue[39m,
        headers: [36m[Object][39m,
        rawHeaders: [36m[Object][39m,
        trailers: {},
        rawTrailers: [],
        upgrade: [33mfalse[39m,
        url: [32m'/socket.io/?EIO=3&transport=polling&t=LTmW8uD'[39m,
        method: [32m'GET'[39m,
        statusCode: [1mnull[22m,
        statusMessage: [1mnull[22m,
        client: [36m[Object][39m,
        _consuming: [33mfalse[39m,
        _dumped: [33mtrue[39m,
        _query: [36m[Object][39m,
        res: [36m[Object][39m,
        cleanup: [36m[Function: cleanup][39m },
     onclose: [36m[Function: bound ][39m,
     ondata: [36m[Function: bound ][39m,
     onerror: [36m[Function: bound ][39m,
     ondecoded: [36m[Function: bound ][39m,
     sockets: { [32m'/#xSLkmPoQJdBZrMYCAAAh'[39m: [36m[Circular][39m },
     nsps: { [32m'/'[39m: [36m[Circular][39m },
     connectBuffer: [] },
  conn: 
   Socket {
     id: [32m'xSLkmPoQJdBZrMYCAAAh'[39m,
     server: 
      Server {
        clients: [36m[Object][39m,
        clientsCount: [33m1[39m,
        pingTimeout: [33m60000[39m,
        pingInterval: [33m25000[39m,
        upgradeTimeout: [33m10000[39m,
        maxHttpBufferSize: [33m100000000[39m,
        transports: [36m[Object][39m,
        allowUpgrades: [33mtrue[39m,
        allowRequest: [36m[Function: bound ][39m,
        cookie: [32m'io'[39m,
        cookiePath: [33mfalse[39m,
        perMessageDeflate: [36m[Object][39m,
        httpCompression: [36m[Object][39m,
        ws: [36m[Object][39m,
        _events: [36m[Object][39m,
        _eventsCount: [33m1[39m },
     upgrading: [33mfalse[39m,
     upgraded: [33mfalse[39m,
     readyState: [32m'open'[39m,
     writeBuffer: [ [36m[Object][39m ],
     packetsFn: [ [90mundefined[39m ],
     sentCallbackFn: [],
     cleanupFn: [ [36m[Function][39m, [36m[Function][39m ],
     request: 
      IncomingMessage {
        _readableState: [36m[Object][39m,
        readable: [33mtrue[39m,
        domain: [1mnull[22m,
        _events: {},
        _eventsCount: [33m0[39m,
        _maxListeners: [90mundefined[39m,
        socket: [36m[Object][39m,
        connection: [36m[Object][39m,
        httpVersionMajor: [33m1[39m,
        httpVersionMinor: [33m1[39m,
        httpVersion: [32m'1.1'[39m,
        complete: [33mtrue[39m,
        headers: [36m[Object][39m,
        rawHeaders: [36m[Object][39m,
        trailers: {},
        rawTrailers: [],
        upgrade: [33mfalse[39m,
        url: [32m'/socket.io/?EIO=3&transport=polling&t=LTmW8uD'[39m,
        method: [32m'GET'[39m,
        statusCode: [1mnull[22m,
        statusMessage: [1mnull[22m,
        client: [36m[Object][39m,
        _consuming: [33mfalse[39m,
        _dumped: [33mtrue[39m,
        _query: [36m[Object][39m,
        res: [36m[Object][39m,
        cleanup: [36m[Function: cleanup][39m },
     remoteAddress: [32m'::ffff:10.210.30.41'[39m,
     checkIntervalTimer: [1mnull[22m,
     upgradeTimeoutTimer: [1mnull[22m,
     pingTimeoutTimer: 
      Timeout {
        _called: [33mfalse[39m,
        _idleTimeout: [33m85000[39m,
        _idlePrev: [36m[Object][39m,
        _idleNext: [36m[Object][39m,
        _idleStart: [33m23928885[39m,
        _onTimeout: [36m[Function][39m,
        _repeat: [1mnull[22m },
     transport: 
      XHR {
        readyState: [32m'open'[39m,
        discarded: [33mfalse[39m,
        closeTimeout: [33m30000[39m,
        maxHttpBufferSize: [33m100000000[39m,
        httpCompression: [36m[Object][39m,
        supportsBinary: [33mtrue[39m,
        _events: [36m[Object][39m,
        _eventsCount: [33m5[39m,
        sid: [32m'xSLkmPoQJdBZrMYCAAAh'[39m,
        req: [1mnull[22m,
        res: [1mnull[22m,
        writable: [33mfalse[39m },
     _events: 
      { close: [36m[Object][39m,
        data: [36m[Function: bound ][39m,
        error: [36m[Function: bound ][39m },
     _eventsCount: [33m3[39m },
  rooms: {},
  acks: {},
  connected: [33mtrue[39m,
  disconnected: [33mfalse[39m,
  handshake: 
   { headers: 
      { host: [32m'10.210.30.148:3000'[39m,
        connection: [32m'keep-alive'[39m,
        [32m'cache-control'[39m: [32m'max-age=0'[39m,
        origin: [32m'http://10.210.30.148'[39m,
        [32m'user-agent'[39m: [32m'Mozilla/5.0 (Windows NT 5.1) AppleWebKit/537.36 (KHTML, like Gecko) Chrome/49.0.2623.112 Safari/537.36'[39m,
        accept: [32m'*/*'[39m,
        referer: [32m'http://10.210.30.148/sku/'[39m,
        [32m'accept-encoding'[39m: [32m'gzip, deflate, sdch'[39m,
        [32m'accept-language'[39m: [32m'ru-RU,ru;q=0.8,en-US;q=0.6,en;q=0.4'[39m,
        cookie: [32m'io=JHwTa6jP0-5oGt3UAAAg'[39m },
     time: [32m'Wed Sep 28 2016 15:14:01 GMT+0400 (SAMT)'[39m,
     address: [32m'::ffff:10.210.30.41'[39m,
     xdomain: [33mtrue[39m,
     secure: [33mfalse[39m,
     issued: [33m1475061241101[39m,
     url: [32m'/socket.io/?EIO=3&transport=polling&t=LTmW8uD'[39m,
     query: { EIO: [32m'3'[39m, transport: [32m'polling'[39m, t: [32m'LTmW8uD'[39m } } }
data rcv RT:[ [32m'0.00'[39m, [32m'4.36'[39m, [32m'3.40'[39m, [32m'0.00'[39m ]
data rcv RT:[ [32m'0.00'[39m, [32m'4.34'[39m, [32m'3.43'[39m, [32m'0.00'[39m ]
data rcv RT:[ [32m'0.00'[39m, [32m'4.33'[39m, [32m'3.42'[39m, [32m'0.00'[39m ]
data rcv RT:[ [32m'0.00'[39m, [32m'4.31'[39m, [32m'3.41'[39m, [32m'0.00'[39m ]
data rcv RT:[ [32m'0.00'[39m, [32m'4.29'[39m, [32m'3.45'[39m, [32m'0.00'[39m ]
data rcv RT:[ [32m'0.00'[39m, [32m'4.30'[39m, [32m'3.45'[39m, [32m'0.00'[39m ]
data rcv RT:[ [32m'0.00'[39m, [32m'4.28'[39m, [32m'3.43'[39m, [32m'0.00'[39m ]
data rcv RT:[ [32m'0.00'[39m, [32m'4.26'[39m, [32m'3.40'[39m, [32m'0.00'[39m ]
data rcv RT:[ [32m'0.00'[39m, [32m'4.27'[39m, [32m'3.40'[39m, [32m'0.00'[39m ]
data rcv RT:[ [32m'0.00'[39m, [32m'4.27'[39m, [32m'3.38'[39m, [32m'0.00'[39m ]
data rcv RT:[ [32m'0.00'[39m, [32m'4.27'[39m, [32m'3.37'[39m, [32m'0.00'[39m ]
data rcv RT:[ [32m'0.00'[39m, [32m'4.27'[39m, [32m'3.38'[39m, [32m'0.00'[39m ]
data rcv RT:[ [32m'0.00'[39m, [32m'4.26'[39m, [32m'3.36'[39m, [32m'0.00'[39m ]
data rcv RT:[ [32m'0.00'[39m, [32m'4.31'[39m, [32m'3.37'[39m, [32m'0.01'[39m ]
data rcv RT:[ [32m'0.00'[39m, [32m'4.34'[39m, [32m'3.37'[39m, [32m'0.02'[39m ]
data rcv RT:[ [32m'0.00'[39m, [32m'4.38'[39m, [32m'3.39'[39m, [32m'0.02'[39m ]
data rcv RT:[ [32m'0.00'[39m, [32m'4.37'[39m, [32m'3.42'[39m, [32m'0.01'[39m ]
data rcv RT:[ [32m'0.00'[39m, [32m'4.37'[39m, [32m'3.40'[39m, [32m'0.00'[39m ]
data rcv RT:[ [32m'0.00'[39m, [32m'4.37'[39m, [32m'3.41'[39m, [32m'0.00'[39m ]
data rcv RT:[ [32m'0.00'[39m, [32m'4.35'[39m, [32m'3.43'[39m, [32m'0.00'[39m ]
data rcv RT:[ [32m'0.00'[39m, [32m'4.34'[39m, [32m'3.41'[39m, [32m'0.00'[39m ]
data rcv RT:[ [32m'0.00'[39m, [32m'4.30'[39m, [32m'3.43'[39m, [32m'0.00'[39m ]
data rcv RT:[ [32m'0.00'[39m, [32m'4.28'[39m, [32m'3.43'[39m, [32m'0.00'[39m ]
data rcv RT:[ [32m'0.00'[39m, [32m'4.27'[39m, [32m'3.42'[39m, [32m'0.00'[39m ]
data rcv RT:[ [32m'0.00'[39m, [32m'4.27'[39m, [32m'3.39'[39m, [32m'0.00'[39m ]
data rcv RT:[ [32m'0.00'[39m, [32m'4.29'[39m, [32m'3.39'[39m, [32m'0.00'[39m ]
data rcv RT:[ [32m'0.00'[39m, [32m'4.29'[39m, [32m'3.37'[39m, [32m'0.00'[39m ]
data rcv RT:[ [32m'0.00'[39m, [32m'4.27'[39m, [32m'3.37'[39m, [32m'0.00'[39m ]
data rcv RT:[ [32m'0.00'[39m, [32m'4.31'[39m, [32m'3.37'[39m, [32m'0.00'[39m ]
data rcv RT:[ [32m'0.00'[39m, [32m'4.34'[39m, [32m'3.34'[39m, [32m'0.06'[39m ]
data rcv RT:[ [32m'0.00'[39m, [32m'4.36'[39m, [32m'3.42'[39m, [32m'0.02'[39m ]
data rcv RT:[ [32m'0.00'[39m, [32m'4.37'[39m, [32m'3.39'[39m, [32m'0.01'[39m ]
data rcv RT:[ [32m'0.00'[39m, [32m'4.36'[39m, [32m'3.44'[39m, [32m'0.00'[39m ]
data rcv RT:[ [32m'0.00'[39m, [32m'4.35'[39m, [32m'3.43'[39m, [32m'0.00'[39m ]
data rcv RT:[ [32m'0.00'[39m, [32m'4.32'[39m, [32m'3.42'[39m, [32m'0.00'[39m ]
data rcv RT:[ [32m'0.00'[39m, [32m'4.30'[39m, [32m'3.44'[39m, [32m'0.00'[39m ]
data rcv RT:[ [32m'0.00'[39m, [32m'4.29'[39m, [32m'3.45'[39m, [32m'0.00'[39m ]
data rcv RT:[ [32m'0.00'[39m, [32m'4.25'[39m, [32m'3.39'[39m, [32m'0.00'[39m ]
data rcv RT:[ [32m'0.00'[39m, [32m'4.28'[39m, [32m'3.39'[39m, [32m'0.00'[39m ]
data rcv RT:[ [32m'0.00'[39m, [32m'4.27'[39m, [32m'3.37'[39m, [32m'0.00'[39m ]
data rcv RT:[ [32m'0.00'[39m, [32m'4.29'[39m, [32m'3.35'[39m, [32m'0.01'[39m ]
data rcv RT:[ [32m'0.00'[39m, [32m'4.31'[39m, [32m'3.37'[39m, [32m'0.00'[39m ]
data rcv RT:[ [32m'0.00'[39m, [32m'4.32'[39m, [32m'3.38'[39m, [32m'0.01'[39m ]
data rcv RT:[ [32m'0.00'[39m, [32m'4.34'[39m, [32m'3.36'[39m, [32m'0.07'[39m ]
data rcv RT:[ [32m'0.00'[39m, [32m'4.38'[39m, [32m'3.41'[39m, [32m'0.01'[39m ]
data rcv RT:[ [32m'0.00'[39m, [32m'4.38'[39m, [32m'3.40'[39m, [32m'0.00'[39m ]
data rcv RT:[ [32m'0.00'[39m, [32m'4.37'[39m, [32m'3.41'[39m, [32m'0.01'[39m ]
data rcv RT:[ [32m'0.00'[39m, [32m'4.35'[39m, [32m'3.41'[39m, [32m'0.00'[39m ]
data rcv RT:[ [32m'0.00'[39m, [32m'4.35'[39m, [32m'3.41'[39m, [32m'0.00'[39m ]
data rcv RT:[ [32m'0.00'[39m, [32m'4.32'[39m, [32m'3.43'[39m, [32m'0.00'[39m ]
data rcv RT:[ [32m'0.00'[39m, [32m'4.33'[39m, [32m'3.44'[39m, [32m'0.00'[39m ]
data rcv RT:[ [32m'0.00'[39m, [32m'4.31'[39m, [32m'3.43'[39m, [32m'0.00'[39m ]
data rcv RT:[ [32m'0.00'[39m, [32m'4.32'[39m, [32m'3.45'[39m, [32m'0.00'[39m ]
data rcv RT:[ [32m'0.00'[39m, [32m'4.31'[39m, [32m'3.42'[39m, [32m'0.00'[39m ]
data rcv RT:[ [32m'0.00'[39m, [32m'4.28'[39m, [32m'3.45'[39m, [32m'0.00'[39m ]
data rcv RT:[ [32m'0.00'[39m, [32m'4.23'[39m, [32m'3.37'[39m, [32m'0.00'[39m ]
data rcv RT:[ [32m'0.00'[39m, [32m'4.25'[39m, [32m'3.42'[39m, [32m'0.00'[39m ]
data rcv RT:[ [32m'0.00'[39m, [32m'4.26'[39m, [32m'3.39'[39m, [32m'0.00'[39m ]
data rcv RT:[ [32m'0.00'[39m, [32m'4.31'[39m, [32m'3.37'[39m, [32m'0.01'[39m ]
data rcv RT:[ [32m'0.00'[39m, [32m'4.33'[39m, [32m'3.36'[39m, [32m'0.01'[39m ]
data rcv RT:[ [32m'0.00'[39m, [32m'4.33'[39m, [32m'3.39'[39m, [32m'0.00'[39m ]
data rcv RT:[ [32m'0.00'[39m, [32m'4.34'[39m, [32m'3.39'[39m, [32m'0.03'[39m ]
data rcv RT:[ [32m'0.00'[39m, [32m'4.34'[39m, [32m'3.40'[39m, [32m'0.01'[39m ]
data rcv RT:[ [32m'0.00'[39m, [32m'4.35'[39m, [32m'3.37'[39m, [32m'0.03'[39m ]
data rcv RT:[ [32m'0.00'[39m, [32m'4.37'[39m, [32m'3.43'[39m, [32m'0.01'[39m ]
data rcv RT:[ [32m'0.00'[39m, [32m'4.36'[39m, [32m'3.42'[39m, [32m'0.00'[39m ]
data rcv RT:[ [32m'0.00'[39m, [32m'4.32'[39m, [32m'3.43'[39m, [32m'0.00'[39m ]
data rcv RT:[ [32m'0.00'[39m, [32m'4.32'[39m, [32m'3.40'[39m, [32m'0.00'[39m ]
data rcv RT:[ [32m'0.00'[39m, [32m'4.31'[39m, [32m'3.42'[39m, [32m'0.00'[39m ]
data rcv RT:[ [32m'0.00'[39m, [32m'4.30'[39m, [32m'3.42'[39m, [32m'0.00'[39m ]
data rcv RT:[ [32m'0.00'[39m, [32m'4.27'[39m, [32m'3.40'[39m, [32m'0.00'[39m ]
data rcv RT:[ [32m'0.00'[39m, [32m'4.26'[39m, [32m'3.37'[39m, [32m'0.00'[39m ]
data rcv RT:[ [32m'0.00'[39m, [32m'4.29'[39m, [32m'3.40'[39m, [32m'0.00'[39m ]
data rcv RT:[ [32m'0.00'[39m, [32m'4.32'[39m, [32m'3.39'[39m, [32m'0.01'[39m ]
data rcv RT:[ [32m'0.00'[39m, [32m'4.33'[39m, [32m'3.36'[39m, [32m'0.02'[39m ]
data rcv RT:[ [32m'0.00'[39m, [32m'4.34'[39m, [32m'3.39'[39m, [32m'0.02'[39m ]
data rcv RT:[ [32m'0.00'[39m, [32m'4.39'[39m, [32m'3.38'[39m, [32m'0.04'[39m ]
data rcv RT:[ [32m'0.00'[39m, [32m'4.36'[39m, [32m'3.42'[39m, [32m'0.00'[39m ]
data rcv RT:[ [32m'0.00'[39m, [32m'4.35'[39m, [32m'3.41'[39m, [32m'0.00'[39m ]
data rcv RT:[ [32m'0.00'[39m, [32m'4.32'[39m, [32m'3.44'[39m, [32m'0.00'[39m ]
data rcv RT:[ [32m'0.00'[39m, [32m'4.33'[39m, [32m'3.43'[39m, [32m'0.00'[39m ]
data rcv RT:[ [32m'0.00'[39m, [32m'4.33'[39m, [32m'3.42'[39m, [32m'0.00'[39m ]
data rcv RT:[ [32m'0.00'[39m, [32m'4.30'[39m, [32m'3.45'[39m, [32m'0.00'[39m ]
client Front End connected
Socket {
  nsp: 
   Namespace {
     name: [32m'/'[39m,
     server: 
      Server {
        nsps: [36m[Object][39m,
        _path: [32m'/socket.io'[39m,
        _serveClient: [33mtrue[39m,
        _adapter: [36m[Function: Adapter][39m,
        _origins: [32m'*:*'[39m,
        sockets: [36m[Circular][39m,
        eio: [36m[Object][39m,
        httpServer: [36m[Object][39m,
        engine: [36m[Object][39m },
     sockets: 
      { [32m'/#xSLkmPoQJdBZrMYCAAAh'[39m: [36m[Object][39m,
        [32m'/#NUOIZ8oTTGxWc7e3AAAi'[39m: [36m[Circular][39m },
     connected: 
      { [32m'/#xSLkmPoQJdBZrMYCAAAh'[39m: [36m[Object][39m,
        [32m'/#NUOIZ8oTTGxWc7e3AAAi'[39m: [36m[Circular][39m },
     fns: [],
     ids: [33m0[39m,
     adapter: 
      Adapter {
        nsp: [36m[Circular][39m,
        rooms: [36m[Object][39m,
        sids: [36m[Object][39m,
        encoder: Encoder {} },
     _events: { connection: [36m[Function][39m },
     _eventsCount: [33m1[39m },
  server: 
   Server {
     nsps: { [32m'/'[39m: [36m[Object][39m },
     _path: [32m'/socket.io'[39m,
     _serveClient: [33mtrue[39m,
     _adapter: [36m[Function: Adapter][39m,
     _origins: [32m'*:*'[39m,
     sockets: 
      Namespace {
        name: [32m'/'[39m,
        server: [36m[Circular][39m,
        sockets: [36m[Object][39m,
        connected: [36m[Object][39m,
        fns: [],
        ids: [33m0[39m,
        adapter: [36m[Object][39m,
        _events: [36m[Object][39m,
        _eventsCount: [33m1[39m },
     eio: 
      Server {
        clients: [36m[Object][39m,
        clientsCount: [33m2[39m,
        pingTimeout: [33m60000[39m,
        pingInterval: [33m25000[39m,
        upgradeTimeout: [33m10000[39m,
        maxHttpBufferSize: [33m100000000[39m,
        transports: [36m[Object][39m,
        allowUpgrades: [33mtrue[39m,
        allowRequest: [36m[Function: bound ][39m,
        cookie: [32m'io'[39m,
        cookiePath: [33mfalse[39m,
        perMessageDeflate: [36m[Object][39m,
        httpCompression: [36m[Object][39m,
        ws: [36m[Object][39m,
        _events: [36m[Object][39m,
        _eventsCount: [33m1[39m },
     httpServer: 
      Server {
        domain: [1mnull[22m,
        _events: [36m[Object][39m,
        _eventsCount: [33m4[39m,
        _maxListeners: [90mundefined[39m,
        _connections: [33m3[39m,
        _handle: [36m[Object][39m,
        _usingSlaves: [33mfalse[39m,
        _slaves: [],
        _unref: [33mfalse[39m,
        allowHalfOpen: [33mtrue[39m,
        pauseOnConnect: [33mfalse[39m,
        httpAllowHalfOpen: [33mfalse[39m,
        timeout: [33m120000[39m,
        _pendingResponseData: [33m0[39m,
        _connectionKey: [32m'6::::3000'[39m },
     engine: 
      Server {
        clients: [36m[Object][39m,
        clientsCount: [33m2[39m,
        pingTimeout: [33m60000[39m,
        pingInterval: [33m25000[39m,
        upgradeTimeout: [33m10000[39m,
        maxHttpBufferSize: [33m100000000[39m,
        transports: [36m[Object][39m,
        allowUpgrades: [33mtrue[39m,
        allowRequest: [36m[Function: bound ][39m,
        cookie: [32m'io'[39m,
        cookiePath: [33mfalse[39m,
        perMessageDeflate: [36m[Object][39m,
        httpCompression: [36m[Object][39m,
        ws: [36m[Object][39m,
        _events: [36m[Object][39m,
        _eventsCount: [33m1[39m } },
  adapter: 
   Adapter {
     nsp: 
      Namespace {
        name: [32m'/'[39m,
        server: [36m[Object][39m,
        sockets: [36m[Object][39m,
        connected: [36m[Object][39m,
        fns: [],
        ids: [33m0[39m,
        adapter: [36m[Circular][39m,
        _events: [36m[Object][39m,
        _eventsCount: [33m1[39m },
     rooms: 
      { [32m'/#xSLkmPoQJdBZrMYCAAAh'[39m: [36m[Object][39m,
        [32m'/#NUOIZ8oTTGxWc7e3AAAi'[39m: [36m[Object][39m },
     sids: 
      { [32m'/#xSLkmPoQJdBZrMYCAAAh'[39m: [36m[Object][39m,
        [32m'/#NUOIZ8oTTGxWc7e3AAAi'[39m: [36m[Object][39m },
     encoder: Encoder {} },
  id: [32m'/#NUOIZ8oTTGxWc7e3AAAi'[39m,
  client: 
   Client {
     server: 
      Server {
        nsps: [36m[Object][39m,
        _path: [32m'/socket.io'[39m,
        _serveClient: [33mtrue[39m,
        _adapter: [36m[Function: Adapter][39m,
        _origins: [32m'*:*'[39m,
        sockets: [36m[Object][39m,
        eio: [36m[Object][39m,
        httpServer: [36m[Object][39m,
        engine: [36m[Object][39m },
     conn: 
      Socket {
        id: [32m'NUOIZ8oTTGxWc7e3AAAi'[39m,
        server: [36m[Object][39m,
        upgrading: [33mfalse[39m,
        upgraded: [33mfalse[39m,
        readyState: [32m'open'[39m,
        writeBuffer: [36m[Object][39m,
        packetsFn: [36m[Object][39m,
        sentCallbackFn: [],
        cleanupFn: [36m[Object][39m,
        request: [36m[Object][39m,
        remoteAddress: [32m'::ffff:10.210.30.32'[39m,
        checkIntervalTimer: [1mnull[22m,
        upgradeTimeoutTimer: [1mnull[22m,
        pingTimeoutTimer: [36m[Object][39m,
        transport: [36m[Object][39m,
        _events: [36m[Object][39m,
        _eventsCount: [33m3[39m },
     encoder: Encoder {},
     decoder: Decoder { reconstructor: [1mnull[22m, _callbacks: [36m[Object][39m },
     id: [32m'NUOIZ8oTTGxWc7e3AAAi'[39m,
     request: 
      IncomingMessage {
        _readableState: [36m[Object][39m,
        readable: [33mtrue[39m,
        domain: [1mnull[22m,
        _events: {},
        _eventsCount: [33m0[39m,
        _maxListeners: [90mundefined[39m,
        socket: [36m[Object][39m,
        connection: [36m[Object][39m,
        httpVersionMajor: [33m1[39m,
        httpVersionMinor: [33m1[39m,
        httpVersion: [32m'1.1'[39m,
        complete: [33mtrue[39m,
        headers: [36m[Object][39m,
        rawHeaders: [36m[Object][39m,
        trailers: {},
        rawTrailers: [],
        upgrade: [33mfalse[39m,
        url: [32m'/socket.io/?EIO=3&transport=polling&t=LTmWm0A'[39m,
        method: [32m'GET'[39m,
        statusCode: [1mnull[22m,
        statusMessage: [1mnull[22m,
        client: [36m[Object][39m,
        _consuming: [33mfalse[39m,
        _dumped: [33mtrue[39m,
        _query: [36m[Object][39m,
        res: [36m[Object][39m,
        cleanup: [36m[Function: cleanup][39m },
     onclose: [36m[Function: bound ][39m,
     ondata: [36m[Function: bound ][39m,
     onerror: [36m[Function: bound ][39m,
     ondecoded: [36m[Function: bound ][39m,
     sockets: { [32m'/#NUOIZ8oTTGxWc7e3AAAi'[39m: [36m[Circular][39m },
     nsps: { [32m'/'[39m: [36m[Circular][39m },
     connectBuffer: [] },
  conn: 
   Socket {
     id: [32m'NUOIZ8oTTGxWc7e3AAAi'[39m,
     server: 
      Server {
        clients: [36m[Object][39m,
        clientsCount: [33m2[39m,
        pingTimeout: [33m60000[39m,
        pingInterval: [33m25000[39m,
        upgradeTimeout: [33m10000[39m,
        maxHttpBufferSize: [33m100000000[39m,
        transports: [36m[Object][39m,
        allowUpgrades: [33mtrue[39m,
        allowRequest: [36m[Function: bound ][39m,
        cookie: [32m'io'[39m,
        cookiePath: [33mfalse[39m,
        perMessageDeflate: [36m[Object][39m,
        httpCompression: [36m[Object][39m,
        ws: [36m[Object][39m,
        _events: [36m[Object][39m,
        _eventsCount: [33m1[39m },
     upgrading: [33mfalse[39m,
     upgraded: [33mfalse[39m,
     readyState: [32m'open'[39m,
     writeBuffer: [ [36m[Object][39m ],
     packetsFn: [ [90mundefined[39m ],
     sentCallbackFn: [],
     cleanupFn: [ [36m[Function][39m, [36m[Function][39m ],
     request: 
      IncomingMessage {
        _readableState: [36m[Object][39m,
        readable: [33mtrue[39m,
        domain: [1mnull[22m,
        _events: {},
        _eventsCount: [33m0[39m,
        _maxListeners: [90mundefined[39m,
        socket: [36m[Object][39m,
        connection: [36m[Object][39m,
        httpVersionMajor: [33m1[39m,
        httpVersionMinor: [33m1[39m,
        httpVersion: [32m'1.1'[39m,
        complete: [33mtrue[39m,
        headers: [36m[Object][39m,
        rawHeaders: [36m[Object][39m,
        trailers: {},
        rawTrailers: [],
        upgrade: [33mfalse[39m,
        url: [32m'/socket.io/?EIO=3&transport=polling&t=LTmWm0A'[39m,
        method: [32m'GET'[39m,
        statusCode: [1mnull[22m,
        statusMessage: [1mnull[22m,
        client: [36m[Object][39m,
        _consuming: [33mfalse[39m,
        _dumped: [33mtrue[39m,
        _query: [36m[Object][39m,
        res: [36m[Object][39m,
        cleanup: [36m[Function: cleanup][39m },
     remoteAddress: [32m'::ffff:10.210.30.32'[39m,
     checkIntervalTimer: [1mnull[22m,
     upgradeTimeoutTimer: [1mnull[22m,
     pingTimeoutTimer: 
      Timeout {
        _called: [33mfalse[39m,
        _idleTimeout: [33m85000[39m,
        _idlePrev: [36m[Object][39m,
        _idleNext: [36m[Object][39m,
        _idleStart: [33m24011985[39m,
        _onTimeout: [36m[Function][39m,
        _repeat: [1mnull[22m },
     transport: 
      XHR {
        readyState: [32m'open'[39m,
        discarded: [33mfalse[39m,
        closeTimeout: [33m30000[39m,
        maxHttpBufferSize: [33m100000000[39m,
        httpCompression: [36m[Object][39m,
        supportsBinary: [33mtrue[39m,
        _events: [36m[Object][39m,
        _eventsCount: [33m5[39m,
        sid: [32m'NUOIZ8oTTGxWc7e3AAAi'[39m,
        req: [1mnull[22m,
        res: [1mnull[22m,
        writable: [33mfalse[39m },
     _events: 
      { close: [36m[Object][39m,
        data: [36m[Function: bound ][39m,
        error: [36m[Function: bound ][39m },
     _eventsCount: [33m3[39m },
  rooms: {},
  acks: {},
  connected: [33mtrue[39m,
  disconnected: [33mfalse[39m,
  handshake: 
   { headers: 
      { host: [32m'10.210.30.148:3000'[39m,
        connection: [32m'keep-alive'[39m,
        [32m'user-agent'[39m: [32m'Mozilla/5.0 (Windows NT 5.1) AppleWebKit/537.36 (KHTML, like Gecko) Chrome/49.0.2623.112 Safari/537.36'[39m,
        origin: [32m'http://10.210.30.148'[39m,
        accept: [32m'*/*'[39m,
        referer: [32m'http://10.210.30.148/sku/'[39m,
        [32m'accept-encoding'[39m: [32m'gzip, deflate, sdch'[39m,
        [32m'accept-language'[39m: [32m'ru-RU,ru;q=0.8,en-US;q=0.6,en;q=0.4'[39m,
        cookie: [32m'io=lbdPQgzaAY1NjcU2AAAM'[39m },
     time: [32m'Wed Sep 28 2016 15:15:24 GMT+0400 (SAMT)'[39m,
     address: [32m'::ffff:10.210.30.32'[39m,
     xdomain: [33mtrue[39m,
     secure: [33mfalse[39m,
     issued: [33m1475061324201[39m,
     url: [32m'/socket.io/?EIO=3&transport=polling&t=LTmWm0A'[39m,
     query: { EIO: [32m'3'[39m, transport: [32m'polling'[39m, t: [32m'LTmWm0A'[39m } } }
data rcv RT:[ [32m'0.00'[39m, [32m'4.28'[39m, [32m'3.44'[39m, [32m'0.00'[39m ]
data rcv RT:[ [32m'0.00'[39m, [32m'4.30'[39m, [32m'3.48'[39m, [32m'0.00'[39m ]
data rcv RT:[ [32m'0.00'[39m, [32m'4.24'[39m, [32m'3.41'[39m, [32m'0.00'[39m ]
data rcv RT:[ [32m'0.00'[39m, [32m'4.26'[39m, [32m'3.39'[39m, [32m'0.00'[39m ]
data rcv RT:[ [32m'0.00'[39m, [32m'4.27'[39m, [32m'3.40'[39m, [32m'0.00'[39m ]
data rcv RT:[ [32m'0.00'[39m, [32m'4.31'[39m, [32m'3.37'[39m, [32m'0.00'[39m ]
data rcv RT:[ [32m'0.00'[39m, [32m'4.32'[39m, [32m'3.37'[39m, [32m'0.03'[39m ]
data rcv RT:[ [32m'0.00'[39m, [32m'4.38'[39m, [32m'3.41'[39m, [32m'0.01'[39m ]
data rcv RT:[ [32m'0.00'[39m, [32m'4.36'[39m, [32m'3.42'[39m, [32m'0.00'[39m ]
data rcv RT:[ [32m'0.00'[39m, [32m'4.35'[39m, [32m'3.40'[39m, [32m'0.00'[39m ]
data rcv RT:[ [32m'0.00'[39m, [32m'4.36'[39m, [32m'3.46'[39m, [32m'0.00'[39m ]
min_max
MinMax Pool OK
[ RowDataPacket { minimum: [33m1474967372599[39m } ]
[ RowDataPacket { maximum: [33m1475061334733[39m } ]
[ RowDataPacket { minimum: [33m1474967320597[39m } ]
[ RowDataPacket { maximum: [33m1475061334522[39m } ]
MinMax connection released
min:1474967372599 max:1475061334733
min:1474967320597 max:1475061334522
{ min: 1474967372599, max: 1475061334733, tube: 3 }
ARJ LOAD started
interval:93962134
ArjLoad Pool OK
ArjLoad connection released
arj:
all con:[33m3[39m
free con:[33m1[39m
ARJ LOAD started
interval:93962134
ArjLoad Pool OK
ArjLoad connection released
arj:
all con:[33m3[39m
free con:[33m1[39m
data rcv RT:[ [32m'0.00'[39m, [32m'4.34'[39m, [32m'3.42'[39m, [32m'0.00'[39m ]
data rcv RT:[ [32m'0.00'[39m, [32m'4.31'[39m, [32m'3.44'[39m, [32m'0.00'[39m ]
data rcv RT:[ [32m'0.00'[39m, [32m'4.33'[39m, [32m'3.41'[39m, [32m'0.00'[39m ]
data rcv RT:[ [32m'0.00'[39m, [32m'4.29'[39m, [32m'3.44'[39m, [32m'0.00'[39m ]
data rcv RT:[ [32m'0.00'[39m, [32m'4.29'[39m, [32m'3.41'[39m, [32m'0.00'[39m ]
data rcv RT:[ [32m'0.00'[39m, [32m'4.28'[39m, [32m'3.42'[39m, [32m'0.00'[39m ]
ARJ LOAD started
interval:28800000
ArjLoad Pool OK
ArjLoad connection released
arj:
all con:[33m3[39m
free con:[33m1[39m
data rcv RT:[ [32m'0.00'[39m, [32m'4.30'[39m, [32m'3.46'[39m, [32m'0.00'[39m ]
data rcv RT:[ [32m'0.00'[39m, [32m'4.26'[39m, [32m'3.39'[39m, [32m'0.00'[39m ]
data rcv RT:[ [32m'0.00'[39m, [32m'4.27'[39m, [32m'3.43'[39m, [32m'0.00'[39m ]
data rcv RT:[ [32m'0.00'[39m, [32m'4.29'[39m, [32m'3.36'[39m, [32m'0.00'[39m ]
data rcv RT:[ [32m'0.00'[39m, [32m'4.30'[39m, [32m'3.39'[39m, [32m'0.00'[39m ]
data rcv RT:[ [32m'0.00'[39m, [32m'4.33'[39m, [32m'3.38'[39m, [32m'0.00'[39m ]
min_max
MinMax Pool OK
[ RowDataPacket { minimum: [33m1474967372599[39m } ]
[ RowDataPacket { maximum: [33m1475061346747[39m } ]
[ RowDataPacket { minimum: [33m1474967320597[39m } ]
[ RowDataPacket { maximum: [33m1475061347026[39m } ]
MinMax connection released
min:1474967372599 max:1475061346747
min:1474967320597 max:1475061347026
{ min: 1474967372599, max: 1475061347026, tube: 2 }
ARJ LOAD started
interval:93974427
ArjLoad Pool OK
ArjLoad connection released
arj:
all con:[33m3[39m
free con:[33m1[39m
ARJ LOAD started
interval:93974427
ArjLoad Pool OK
ArjLoad connection released
arj:
all con:[33m3[39m
free con:[33m1[39m
data rcv RT:[ [32m'0.00'[39m, [32m'4.35'[39m, [32m'3.38'[39m, [32m'0.04'[39m ]
data rcv RT:[ [32m'0.00'[39m, [32m'4.32'[39m, [32m'3.33'[39m, [32m'0.05'[39m ]
data rcv RT:[ [32m'0.00'[39m, [32m'4.37'[39m, [32m'3.41'[39m, [32m'0.02'[39m ]
data rcv RT:[ [32m'0.00'[39m, [32m'4.36'[39m, [32m'3.40'[39m, [32m'0.00'[39m ]
data rcv RT:[ [32m'0.00'[39m, [32m'4.32'[39m, [32m'3.44'[39m, [32m'0.00'[39m ]
data rcv RT:[ [32m'0.00'[39m, [32m'4.30'[39m, [32m'3.40'[39m, [32m'0.00'[39m ]
data rcv RT:[ [32m'0.00'[39m, [32m'4.29'[39m, [32m'3.48'[39m, [32m'0.00'[39m ]
data rcv RT:[ [32m'0.00'[39m, [32m'4.27'[39m, [32m'3.42'[39m, [32m'0.00'[39m ]
data rcv RT:[ [32m'0.00'[39m, [32m'4.28'[39m, [32m'3.40'[39m, [32m'0.00'[39m ]
data rcv RT:[ [32m'0.00'[39m, [32m'4.26'[39m, [32m'3.36'[39m, [32m'0.00'[39m ]
data rcv RT:[ [32m'0.00'[39m, [32m'4.33'[39m, [32m'3.37'[39m, [32m'0.01'[39m ]
data rcv RT:[ [32m'0.00'[39m, [32m'4.30'[39m, [32m'3.40'[39m, [32m'0.00'[39m ]
data rcv RT:[ [32m'0.00'[39m, [32m'4.34'[39m, [32m'3.37'[39m, [32m'0.00'[39m ]
data rcv RT:[ [32m'0.00'[39m, [32m'4.37'[39m, [32m'3.40'[39m, [32m'0.02'[39m ]
ARJ LOAD started
interval:86400000
ArjLoad Pool OK
ArjLoad connection released
arj:
all con:[33m3[39m
free con:[33m1[39m
data rcv RT:[ [32m'0.00'[39m, [32m'4.36'[39m, [32m'3.42'[39m, [32m'0.00'[39m ]
data rcv RT:[ [32m'0.00'[39m, [32m'4.33'[39m, [32m'3.43'[39m, [32m'0.00'[39m ]
data rcv RT:[ [32m'0.00'[39m, [32m'4.32'[39m, [32m'3.43'[39m, [32m'0.00'[39m ]
ARJ LOAD started
interval:28800000
ArjLoad Pool OK
ArjLoad connection released
arj:
all con:[33m3[39m
free con:[33m1[39m
data rcv RT:[ [32m'0.00'[39m, [32m'4.29'[39m, [32m'3.46'[39m, [32m'0.00'[39m ]
data rcv RT:[ [32m'0.00'[39m, [32m'4.28'[39m, [32m'3.42'[39m, [32m'0.00'[39m ]
data rcv RT:[ [32m'0.00'[39m, [32m'4.25'[39m, [32m'3.41'[39m, [32m'0.00'[39m ]
data rcv RT:[ [32m'0.00'[39m, [32m'4.27'[39m, [32m'3.37'[39m, [32m'0.00'[39m ]
data rcv RT:[ [32m'0.00'[39m, [32m'4.30'[39m, [32m'3.38'[39m, [32m'0.02'[39m ]
data rcv RT:[ [32m'0.00'[39m, [32m'4.34'[39m, [32m'3.37'[39m, [32m'0.02'[39m ]
ARJ LOAD started
interval:6846138.4150390625
ArjLoad Pool OK
ArjLoad connection released
arj:
all con:[33m3[39m
free con:[33m1[39m
data rcv RT:[ [32m'0.00'[39m, [32m'4.37'[39m, [32m'3.39'[39m, [32m'0.06'[39m ]
data rcv RT:[ [32m'0.00'[39m, [32m'4.39'[39m, [32m'3.40'[39m, [32m'0.00'[39m ]
data rcv RT:[ [32m'0.00'[39m, [32m'4.38'[39m, [32m'3.44'[39m, [32m'0.00'[39m ]
ARJ LOAD started
interval:3000764.7817382812
ArjLoad Pool OK
ArjLoad connection released
arj:
all con:[33m3[39m
free con:[33m1[39m
data rcv RT:[ [32m'0.00'[39m, [32m'4.32'[39m, [32m'3.45'[39m, [32m'0.00'[39m ]
data rcv RT:[ [32m'0.00'[39m, [32m'4.35'[39m, [32m'3.42'[39m, [32m'0.00'[39m ]
ARJ LOAD started
interval:1468779.5522460938
ArjLoad Pool OK
ArjLoad connection released
arj:
all con:[33m3[39m
free con:[33m1[39m
data rcv RT:[ [32m'0.00'[39m, [32m'4.33'[39m, [32m'3.42'[39m, [32m'0.00'[39m ]
data rcv RT:[ [32m'0.00'[39m, [32m'4.32'[39m, [32m'3.43'[39m, [32m'0.00'[39m ]
data rcv RT:[ [32m'0.00'[39m, [32m'4.31'[39m, [32m'3.40'[39m, [32m'0.00'[39m ]
ARJ LOAD started
interval:732179.9775390625
ArjLoad Pool OK
ArjLoad connection released
arj:
all con:[33m3[39m
free con:[33m1[39m
data rcv RT:[ [32m'0.00'[39m, [32m'4.27'[39m, [32m'3.40'[39m, [32m'0.00'[39m ]
data rcv RT:[ [32m'0.00'[39m, [32m'4.28'[39m, [32m'3.38'[39m, [32m'0.00'[39m ]
data rcv RT:[ [32m'0.00'[39m, [32m'4.31'[39m, [32m'3.38'[39m, [32m'0.00'[39m ]
data rcv RT:[ [32m'0.00'[39m, [32m'4.34'[39m, [32m'3.40'[39m, [32m'0.02'[39m ]
ARJ LOAD started
interval:362050.8815917969
ArjLoad Pool OK
ArjLoad connection released
arj:
all con:[33m3[39m
free con:[33m1[39m
data rcv RT:[ [32m'0.00'[39m, [32m'4.35'[39m, [32m'3.36'[39m, [32m'0.02'[39m ]
data rcv RT:[ [32m'0.00'[39m, [32m'4.37'[39m, [32m'3.36'[39m, [32m'0.00'[39m ]
ARJ LOAD started
interval:83522.26977539062
ArjLoad Pool OK
ArjLoad connection released
arj:
all con:[33m3[39m
free con:[33m1[39m
data rcv RT:[ [32m'0.00'[39m, [32m'4.36'[39m, [32m'3.42'[39m, [32m'0.00'[39m ]
data rcv RT:[ [32m'0.00'[39m, [32m'4.33'[39m, [32m'3.43'[39m, [32m'0.00'[39m ]
data rcv RT:[ [32m'0.00'[39m, [32m'4.30'[39m, [32m'3.45'[39m, [32m'0.00'[39m ]
data rcv RT:[ [32m'0.00'[39m, [32m'4.33'[39m, [32m'3.43'[39m, [32m'0.00'[39m ]
data rcv RT:[ [32m'0.00'[39m, [32m'4.28'[39m, [32m'3.39'[39m, [32m'0.00'[39m ]
data rcv RT:[ [32m'0.00'[39m, [32m'4.27'[39m, [32m'3.40'[39m, [32m'0.00'[39m ]
data rcv RT:[ [32m'0.00'[39m, [32m'4.28'[39m, [32m'3.37'[39m, [32m'0.00'[39m ]
data rcv RT:[ [32m'0.00'[39m, [32m'4.34'[39m, [32m'3.40'[39m, [32m'0.01'[39m ]
data rcv RT:[ [32m'0.00'[39m, [32m'4.36'[39m, [32m'3.39'[39m, [32m'0.02'[39m ]
data rcv RT:[ [32m'0.00'[39m, [32m'4.35'[39m, [32m'3.39'[39m, [32m'0.04'[39m ]
data rcv RT:[ [32m'0.00'[39m, [32m'4.38'[39m, [32m'3.40'[39m, [32m'0.00'[39m ]
data rcv RT:[ [32m'0.00'[39m, [32m'4.37'[39m, [32m'3.40'[39m, [32m'0.00'[39m ]
data rcv RT:[ [32m'0.00'[39m, [32m'4.34'[39m, [32m'3.44'[39m, [32m'0.00'[39m ]
data rcv RT:[ [32m'0.00'[39m, [32m'4.29'[39m, [32m'3.42'[39m, [32m'0.00'[39m ]
data rcv RT:[ [32m'0.00'[39m, [32m'4.31'[39m, [32m'3.45'[39m, [32m'0.00'[39m ]
data rcv RT:[ [32m'0.00'[39m, [32m'4.27'[39m, [32m'3.36'[39m, [32m'0.00'[39m ]
data rcv RT:[ [32m'0.00'[39m, [32m'4.26'[39m, [32m'3.40'[39m, [32m'0.00'[39m ]
data rcv RT:[ [32m'0.00'[39m, [32m'4.26'[39m, [32m'3.41'[39m, [32m'0.00'[39m ]
data rcv RT:[ [32m'0.00'[39m, [32m'4.30'[39m, [32m'3.38'[39m, [32m'0.00'[39m ]
data rcv RT:[ [32m'0.00'[39m, [32m'4.34'[39m, [32m'3.37'[39m, [32m'0.01'[39m ]
data rcv RT:[ [32m'0.00'[39m, [32m'4.33'[39m, [32m'3.37'[39m, [32m'0.04'[39m ]
data rcv RT:[ [32m'0.00'[39m, [32m'4.36'[39m, [32m'3.38'[39m, [32m'0.02'[39m ]
data rcv RT:[ [32m'0.00'[39m, [32m'4.37'[39m, [32m'3.40'[39m, [32m'0.00'[39m ]
data rcv RT:[ [32m'0.00'[39m, [32m'4.35'[39m, [32m'3.41'[39m, [32m'0.00'[39m ]
data rcv RT:[ [32m'0.00'[39m, [32m'4.36'[39m, [32m'3.41'[39m, [32m'0.00'[39m ]
data rcv RT:[ [32m'0.00'[39m, [32m'4.32'[39m, [32m'3.45'[39m, [32m'0.00'[39m ]
data rcv RT:[ [32m'0.00'[39m, [32m'4.29'[39m, [32m'3.44'[39m, [32m'0.00'[39m ]
data rcv RT:[ [32m'0.00'[39m, [32m'4.28'[39m, [32m'3.43'[39m, [32m'0.00'[39m ]
data rcv RT:[ [32m'0.00'[39m, [32m'4.29'[39m, [32m'3.44'[39m, [32m'0.00'[39m ]
data rcv RT:[ [32m'0.00'[39m, [32m'4.30'[39m, [32m'3.44'[39m, [32m'0.00'[39m ]
data rcv RT:[ [32m'0.00'[39m, [32m'4.28'[39m, [32m'3.40'[39m, [32m'0.00'[39m ]
data rcv RT:[ [32m'0.00'[39m, [32m'4.26'[39m, [32m'3.41'[39m, [32m'0.00'[39m ]
data rcv RT:[ [32m'0.00'[39m, [32m'4.26'[39m, [32m'3.40'[39m, [32m'0.00'[39m ]
data rcv RT:[ [32m'0.00'[39m, [32m'4.31'[39m, [32m'3.36'[39m, [32m'0.01'[39m ]
data rcv RT:[ [32m'0.00'[39m, [32m'4.32'[39m, [32m'3.38'[39m, [32m'0.01'[39m ]
data rcv RT:[ [32m'0.00'[39m, [32m'4.33'[39m, [32m'3.34'[39m, [32m'0.06'[39m ]
data rcv RT:[ [32m'0.00'[39m, [32m'4.37'[39m, [32m'3.38'[39m, [32m'0.04'[39m ]
data rcv RT:[ [32m'0.00'[39m, [32m'4.38'[39m, [32m'3.40'[39m, [32m'0.01'[39m ]
data rcv RT:[ [32m'0.00'[39m, [32m'4.38'[39m, [32m'3.37'[39m, [32m'0.01'[39m ]
data rcv RT:[ [32m'0.00'[39m, [32m'4.32'[39m, [32m'3.43'[39m, [32m'0.00'[39m ]
data rcv RT:[ [32m'0.00'[39m, [32m'4.30'[39m, [32m'3.45'[39m, [32m'0.00'[39m ]
data rcv RT:[ [32m'0.00'[39m, [32m'4.32'[39m, [32m'3.43'[39m, [32m'0.00'[39m ]
data rcv RT:[ [32m'0.00'[39m, [32m'4.31'[39m, [32m'3.44'[39m, [32m'0.00'[39m ]
data rcv RT:[ [32m'0.00'[39m, [32m'4.30'[39m, [32m'3.41'[39m, [32m'0.00'[39m ]
data rcv RT:[ [32m'0.00'[39m, [32m'4.29'[39m, [32m'3.44'[39m, [32m'0.00'[39m ]
data rcv RT:[ [32m'0.00'[39m, [32m'4.27'[39m, [32m'3.41'[39m, [32m'0.00'[39m ]
data rcv RT:[ [32m'0.00'[39m, [32m'4.29'[39m, [32m'3.42'[39m, [32m'0.00'[39m ]
data rcv RT:[ [32m'0.00'[39m, [32m'4.30'[39m, [32m'3.37'[39m, [32m'0.00'[39m ]
data rcv RT:[ [32m'0.00'[39m, [32m'4.26'[39m, [32m'3.40'[39m, [32m'0.00'[39m ]
data rcv RT:[ [32m'0.00'[39m, [32m'4.30'[39m, [32m'3.39'[39m, [32m'0.00'[39m ]
data rcv RT:[ [32m'0.00'[39m, [32m'4.33'[39m, [32m'3.36'[39m, [32m'0.01'[39m ]
data rcv RT:[ [32m'0.00'[39m, [32m'4.32'[39m, [32m'3.39'[39m, [32m'0.01'[39m ]
data rcv RT:[ [32m'0.00'[39m, [32m'4.34'[39m, [32m'3.36'[39m, [32m'0.04'[39m ]
data rcv RT:[ [32m'0.00'[39m, [32m'4.37'[39m, [32m'3.41'[39m, [32m'0.00'[39m ]
data rcv RT:[ [32m'0.00'[39m, [32m'4.36'[39m, [32m'3.40'[39m, [32m'0.00'[39m ]
data rcv RT:[ [32m'0.00'[39m, [32m'4.33'[39m, [32m'3.44'[39m, [32m'0.00'[39m ]
data rcv RT:[ [32m'0.00'[39m, [32m'4.32'[39m, [32m'3.44'[39m, [32m'0.00'[39m ]
data rcv RT:[ [32m'0.00'[39m, [32m'4.30'[39m, [32m'3.45'[39m, [32m'0.00'[39m ]
data rcv RT:[ [32m'0.00'[39m, [32m'4.28'[39m, [32m'3.43'[39m, [32m'0.00'[39m ]
data rcv RT:[ [32m'0.00'[39m, [32m'4.25'[39m, [32m'3.41'[39m, [32m'0.00'[39m ]
data rcv RT:[ [32m'0.00'[39m, [32m'4.26'[39m, [32m'3.41'[39m, [32m'0.00'[39m ]
data rcv RT:[ [32m'0.00'[39m, [32m'4.28'[39m, [32m'3.38'[39m, [32m'0.00'[39m ]
data rcv RT:[ [32m'0.00'[39m, [32m'4.32'[39m, [32m'3.37'[39m, [32m'0.01'[39m ]
data rcv RT:[ [32m'0.00'[39m, [32m'4.31'[39m, [32m'3.39'[39m, [32m'0.01'[39m ]
data rcv RT:[ [32m'0.00'[39m, [32m'4.34'[39m, [32m'3.38'[39m, [32m'0.03'[39m ]
data rcv RT:[ [32m'0.00'[39m, [32m'4.36'[39m, [32m'3.41'[39m, [32m'0.02'[39m ]
data rcv RT:[ [32m'0.00'[39m, [32m'4.33'[39m, [32m'3.39'[39m, [32m'0.03'[39m ]
data rcv RT:[ [32m'0.00'[39m, [32m'4.37'[39m, [32m'3.41'[39m, [32m'0.03'[39m ]
data rcv RT:[ [32m'0.00'[39m, [32m'4.34'[39m, [32m'3.40'[39m, [32m'0.00'[39m ]
data rcv RT:[ [32m'0.00'[39m, [32m'4.35'[39m, [32m'3.44'[39m, [32m'0.00'[39m ]
data rcv RT:[ [32m'0.00'[39m, [32m'4.33'[39m, [32m'3.42'[39m, [32m'0.00'[39m ]
data rcv RT:[ [32m'0.00'[39m, [32m'4.29'[39m, [32m'3.47'[39m, [32m'0.00'[39m ]
data rcv RT:[ [32m'0.00'[39m, [32m'4.28'[39m, [32m'3.44'[39m, [32m'0.00'[39m ]
data rcv RT:[ [32m'0.00'[39m, [32m'4.28'[39m, [32m'3.43'[39m, [32m'0.00'[39m ]
data rcv RT:[ [32m'0.00'[39m, [32m'4.27'[39m, [32m'3.41'[39m, [32m'0.00'[39m ]
data rcv RT:[ [32m'0.00'[39m, [32m'4.29'[39m, [32m'3.38'[39m, [32m'0.00'[39m ]
data rcv RT:[ [32m'0.00'[39m, [32m'4.29'[39m, [32m'3.38'[39m, [32m'0.00'[39m ]
data rcv RT:[ [32m'0.00'[39m, [32m'4.32'[39m, [32m'3.38'[39m, [32m'0.01'[39m ]
data rcv RT:[ [32m'0.00'[39m, [32m'4.35'[39m, [32m'3.37'[39m, [32m'0.03'[39m ]
data rcv RT:[ [32m'0.00'[39m, [32m'4.34'[39m, [32m'3.35'[39m, [32m'0.06'[39m ]
data rcv RT:[ [32m'0.00'[39m, [32m'4.38'[39m, [32m'3.34'[39m, [32m'0.04'[39m ]
data rcv RT:[ [32m'0.00'[39m, [32m'4.38'[39m, [32m'3.40'[39m, [32m'0.03'[39m ]
data rcv RT:[ [32m'0.00'[39m, [32m'4.37'[39m, [32m'3.39'[39m, [32m'0.00'[39m ]
data rcv RT:[ [32m'0.00'[39m, [32m'4.35'[39m, [32m'3.43'[39m, [32m'0.00'[39m ]
data rcv RT:[ [32m'0.00'[39m, [32m'4.33'[39m, [32m'3.44'[39m, [32m'0.00'[39m ]
data rcv RT:[ [32m'0.00'[39m, [32m'4.30'[39m, [32m'3.44'[39m, [32m'0.00'[39m ]
data rcv RT:[ [32m'0.00'[39m, [32m'4.33'[39m, [32m'3.42'[39m, [32m'0.00'[39m ]
data rcv RT:[ [32m'0.00'[39m, [32m'4.31'[39m, [32m'3.43'[39m, [32m'0.00'[39m ]
data rcv RT:[ [32m'0.00'[39m, [32m'4.27'[39m, [32m'3.40'[39m, [32m'0.00'[39m ]
data rcv RT:[ [32m'0.00'[39m, [32m'4.29'[39m, [32m'3.36'[39m, [32m'0.00'[39m ]
data rcv RT:[ [32m'0.00'[39m, [32m'4.27'[39m, [32m'3.38'[39m, [32m'0.00'[39m ]
data rcv RT:[ [32m'0.00'[39m, [32m'4.31'[39m, [32m'3.38'[39m, [32m'0.00'[39m ]
data rcv RT:[ [32m'0.00'[39m, [32m'4.29'[39m, [32m'3.39'[39m, [32m'0.00'[39m ]
data rcv RT:[ [32m'0.00'[39m, [32m'4.34'[39m, [32m'3.40'[39m, [32m'0.02'[39m ]
data rcv RT:[ [32m'0.00'[39m, [32m'4.34'[39m, [32m'3.40'[39m, [32m'0.01'[39m ]
data rcv RT:[ [32m'0.00'[39m, [32m'4.35'[39m, [32m'3.39'[39m, [32m'0.01'[39m ]
data rcv RT:[ [32m'0.00'[39m, [32m'4.37'[39m, [32m'3.38'[39m, [32m'0.00'[39m ]
data rcv RT:[ [32m'0.00'[39m, [32m'4.38'[39m, [32m'3.41'[39m, [32m'0.01'[39m ]
data rcv RT:[ [32m'0.00'[39m, [32m'4.34'[39m, [32m'3.44'[39m, [32m'0.00'[39m ]
data rcv RT:[ [32m'0.00'[39m, [32m'4.34'[39m, [32m'3.44'[39m, [32m'0.00'[39m ]
data rcv RT:[ [32m'0.00'[39m, [32m'4.31'[39m, [32m'3.41'[39m, [32m'0.00'[39m ]
data rcv RT:[ [32m'0.00'[39m, [32m'4.32'[39m, [32m'3.41'[39m, [32m'0.00'[39m ]
data rcv RT:[ [32m'0.00'[39m, [32m'4.29'[39m, [32m'3.43'[39m, [32m'0.00'[39m ]
data rcv RT:[ [32m'0.00'[39m, [32m'4.28'[39m, [32m'3.43'[39m, [32m'0.00'[39m ]
data rcv RT:[ [32m'0.00'[39m, [32m'4.27'[39m, [32m'3.42'[39m, [32m'0.00'[39m ]
data rcv RT:[ [32m'0.00'[39m, [32m'4.26'[39m, [32m'3.43'[39m, [32m'0.00'[39m ]
data rcv RT:[ [32m'0.00'[39m, [32m'4.27'[39m, [32m'3.39'[39m, [32m'0.00'[39m ]
data rcv RT:[ [32m'0.00'[39m, [32m'4.31'[39m, [32m'3.39'[39m, [32m'0.00'[39m ]
data rcv RT:[ [32m'0.00'[39m, [32m'4.30'[39m, [32m'3.39'[39m, [32m'0.00'[39m ]
data rcv RT:[ [32m'0.00'[39m, [32m'4.30'[39m, [32m'3.40'[39m, [32m'0.00'[39m ]
data rcv RT:[ [32m'0.00'[39m, [32m'4.35'[39m, [32m'3.38'[39m, [32m'0.02'[39m ]
data rcv RT:[ [32m'0.00'[39m, [32m'4.34'[39m, [32m'3.37'[39m, [32m'0.05'[39m ]
data rcv RT:[ [32m'0.00'[39m, [32m'4.33'[39m, [32m'3.40'[39m, [32m'0.03'[39m ]
data rcv RT:[ [32m'0.00'[39m, [32m'4.35'[39m, [32m'3.37'[39m, [32m'0.06'[39m ]
data rcv RT:[ [32m'0.00'[39m, [32m'4.38'[39m, [32m'3.40'[39m, [32m'0.01'[39m ]
data rcv RT:[ [32m'0.00'[39m, [32m'4.38'[39m, [32m'3.39'[39m, [32m'0.00'[39m ]
data rcv RT:[ [32m'0.00'[39m, [32m'4.36'[39m, [32m'3.44'[39m, [32m'0.00'[39m ]
data rcv RT:[ [32m'0.00'[39m, [32m'4.34'[39m, [32m'3.42'[39m, [32m'0.00'[39m ]
data rcv RT:[ [32m'0.00'[39m, [32m'4.33'[39m, [32m'3.42'[39m, [32m'0.00'[39m ]
data rcv RT:[ [32m'0.00'[39m, [32m'4.29'[39m, [32m'3.45'[39m, [32m'0.00'[39m ]
data rcv RT:[ [32m'0.00'[39m, [32m'4.30'[39m, [32m'3.46'[39m, [32m'0.00'[39m ]
data rcv RT:[ [32m'0.00'[39m, [32m'4.26'[39m, [32m'3.42'[39m, [32m'0.00'[39m ]
data rcv RT:[ [32m'0.00'[39m, [32m'4.25'[39m, [32m'3.44'[39m, [32m'0.00'[39m ]
data rcv RT:[ [32m'0.00'[39m, [32m'4.28'[39m, [32m'3.38'[39m, [32m'0.00'[39m ]
data rcv RT:[ [32m'0.00'[39m, [32m'4.28'[39m, [32m'3.37'[39m, [32m'0.00'[39m ]
data rcv RT:[ [32m'0.00'[39m, [32m'4.31'[39m, [32m'3.35'[39m, [32m'0.05'[39m ]
data rcv RT:[ [32m'0.00'[39m, [32m'4.38'[39m, [32m'3.36'[39m, [32m'0.04'[39m ]
data rcv RT:[ [32m'0.00'[39m, [32m'4.34'[39m, [32m'3.42'[39m, [32m'0.00'[39m ]
data rcv RT:[ [32m'0.00'[39m, [32m'4.37'[39m, [32m'3.42'[39m, [32m'0.00'[39m ]
data rcv RT:[ [32m'0.00'[39m, [32m'4.30'[39m, [32m'3.44'[39m, [32m'0.00'[39m ]
data rcv RT:[ [32m'0.00'[39m, [32m'4.31'[39m, [32m'3.44'[39m, [32m'0.00'[39m ]
data rcv RT:[ [32m'0.00'[39m, [32m'4.26'[39m, [32m'3.45'[39m, [32m'0.00'[39m ]
data rcv RT:[ [32m'0.00'[39m, [32m'4.26'[39m, [32m'3.38'[39m, [32m'0.00'[39m ]
data rcv RT:[ [32m'0.00'[39m, [32m'4.27'[39m, [32m'3.42'[39m, [32m'0.00'[39m ]
data rcv RT:[ [32m'0.00'[39m, [32m'4.27'[39m, [32m'3.38'[39m, [32m'0.00'[39m ]
data rcv RT:[ [32m'0.00'[39m, [32m'4.27'[39m, [32m'3.38'[39m, [32m'0.00'[39m ]
data rcv RT:[ [32m'0.00'[39m, [32m'4.32'[39m, [32m'3.36'[39m, [32m'0.00'[39m ]
data rcv RT:[ [32m'0.00'[39m, [32m'4.33'[39m, [32m'3.37'[39m, [32m'0.01'[39m ]
data rcv RT:[ [32m'0.00'[39m, [32m'4.33'[39m, [32m'3.40'[39m, [32m'0.00'[39m ]
data rcv RT:[ [32m'0.00'[39m, [32m'4.34'[39m, [32m'3.35'[39m, [32m'0.03'[39m ]
data rcv RT:[ [32m'0.00'[39m, [32m'4.38'[39m, [32m'3.41'[39m, [32m'0.02'[39m ]
data rcv RT:[ [32m'0.00'[39m, [32m'4.38'[39m, [32m'3.39'[39m, [32m'0.00'[39m ]
data rcv RT:[ [32m'0.00'[39m, [32m'4.35'[39m, [32m'3.41'[39m, [32m'0.00'[39m ]
data rcv RT:[ [32m'0.00'[39m, [32m'4.30'[39m, [32m'3.42'[39m, [32m'0.00'[39m ]
data rcv RT:[ [32m'0.00'[39m, [32m'4.30'[39m, [32m'3.43'[39m, [32m'0.00'[39m ]
data rcv RT:[ [32m'0.00'[39m, [32m'4.32'[39m, [32m'3.42'[39m, [32m'0.00'[39m ]
data rcv RT:[ [32m'0.00'[39m, [32m'4.31'[39m, [32m'3.40'[39m, [32m'0.00'[39m ]
data rcv RT:[ [32m'0.00'[39m, [32m'4.28'[39m, [32m'3.39'[39m, [32m'0.00'[39m ]
data rcv RT:[ [32m'0.00'[39m, [32m'4.24'[39m, [32m'3.44'[39m, [32m'0.00'[39m ]
data rcv RT:[ [32m'0.00'[39m, [32m'4.24'[39m, [32m'3.40'[39m, [32m'0.00'[39m ]
data rcv RT:[ [32m'0.00'[39m, [32m'4.27'[39m, [32m'3.40'[39m, [32m'0.00'[39m ]
data rcv RT:[ [32m'0.00'[39m, [32m'4.31'[39m, [32m'3.39'[39m, [32m'0.01'[39m ]
data rcv RT:[ [32m'0.00'[39m, [32m'4.35'[39m, [32m'3.39'[39m, [32m'0.03'[39m ]
data rcv RT:[ [32m'0.00'[39m, [32m'4.33'[39m, [32m'3.38'[39m, [32m'0.04'[39m ]
data rcv RT:[ [32m'0.00'[39m, [32m'4.35'[39m, [32m'3.41'[39m, [32m'0.00'[39m ]
data rcv RT:[ [32m'0.00'[39m, [32m'4.36'[39m, [32m'3.40'[39m, [32m'0.00'[39m ]
data rcv RT:[ [32m'0.00'[39m, [32m'4.34'[39m, [32m'3.42'[39m, [32m'0.00'[39m ]
data rcv RT:[ [32m'0.00'[39m, [32m'4.36'[39m, [32m'3.41'[39m, [32m'0.00'[39m ]
data rcv RT:[ [32m'0.00'[39m, [32m'4.33'[39m, [32m'3.42'[39m, [32m'0.00'[39m ]
data rcv RT:[ [32m'0.00'[39m, [32m'4.30'[39m, [32m'3.41'[39m, [32m'0.00'[39m ]
data rcv RT:[ [32m'0.00'[39m, [32m'4.29'[39m, [32m'3.45'[39m, [32m'0.00'[39m ]
data rcv RT:[ [32m'0.00'[39m, [32m'4.28'[39m, [32m'3.42'[39m, [32m'0.00'[39m ]
data rcv RT:[ [32m'0.00'[39m, [32m'4.25'[39m, [32m'3.40'[39m, [32m'0.00'[39m ]
data rcv RT:[ [32m'0.00'[39m, [32m'4.28'[39m, [32m'3.38'[39m, [32m'0.00'[39m ]
data rcv RT:[ [32m'0.00'[39m, [32m'4.28'[39m, [32m'3.37'[39m, [32m'0.00'[39m ]
data rcv RT:[ [32m'0.00'[39m, [32m'4.35'[39m, [32m'3.38'[39m, [32m'0.01'[39m ]
data rcv RT:[ [32m'0.00'[39m, [32m'4.33'[39m, [32m'3.40'[39m, [32m'0.00'[39m ]
data rcv RT:[ [32m'0.00'[39m, [32m'4.38'[39m, [32m'3.37'[39m, [32m'0.05'[39m ]
data rcv RT:[ [32m'0.00'[39m, [32m'4.38'[39m, [32m'3.42'[39m, [32m'0.01'[39m ]
data rcv RT:[ [32m'0.00'[39m, [32m'4.38'[39m, [32m'3.43'[39m, [32m'0.00'[39m ]
data rcv RT:[ [32m'0.00'[39m, [32m'4.32'[39m, [32m'3.43'[39m, [32m'0.00'[39m ]
data rcv RT:[ [32m'0.00'[39m, [32m'4.31'[39m, [32m'3.44'[39m, [32m'0.00'[39m ]
data rcv RT:[ [32m'0.00'[39m, [32m'4.29'[39m, [32m'3.45'[39m, [32m'0.00'[39m ]
data rcv RT:[ [32m'0.00'[39m, [32m'4.26'[39m, [32m'3.38'[39m, [32m'0.00'[39m ]
data rcv RT:[ [32m'0.00'[39m, [32m'4.26'[39m, [32m'3.38'[39m, [32m'0.00'[39m ]
data rcv RT:[ [32m'0.00'[39m, [32m'4.26'[39m, [32m'3.40'[39m, [32m'0.00'[39m ]
data rcv RT:[ [32m'0.00'[39m, [32m'4.29'[39m, [32m'3.38'[39m, [32m'0.00'[39m ]
data rcv RT:[ [32m'0.00'[39m, [32m'4.32'[39m, [32m'3.39'[39m, [32m'0.01'[39m ]
data rcv RT:[ [32m'0.00'[39m, [32m'4.30'[39m, [32m'3.39'[39m, [32m'0.01'[39m ]
data rcv RT:[ [32m'0.00'[39m, [32m'4.32'[39m, [32m'3.35'[39m, [32m'0.07'[39m ]
data rcv RT:[ [32m'0.00'[39m, [32m'4.36'[39m, [32m'3.37'[39m, [32m'0.05'[39m ]
data rcv RT:[ [32m'0.00'[39m, [32m'4.38'[39m, [32m'3.40'[39m, [32m'0.01'[39m ]
data rcv RT:[ [32m'0.00'[39m, [32m'4.36'[39m, [32m'3.40'[39m, [32m'0.00'[39m ]
data rcv RT:[ [32m'0.00'[39m, [32m'4.37'[39m, [32m'3.40'[39m, [32m'0.00'[39m ]
data rcv RT:[ [32m'0.00'[39m, [32m'4.34'[39m, [32m'3.43'[39m, [32m'0.00'[39m ]
data rcv RT:[ [32m'0.00'[39m, [32m'4.35'[39m, [32m'3.44'[39m, [32m'0.00'[39m ]
data rcv RT:[ [32m'0.00'[39m, [32m'4.31'[39m, [32m'3.43'[39m, [32m'0.00'[39m ]
data rcv RT:[ [32m'0.00'[39m, [32m'4.29'[39m, [32m'3.44'[39m, [32m'0.00'[39m ]
data rcv RT:[ [32m'0.00'[39m, [32m'4.32'[39m, [32m'3.42'[39m, [32m'0.00'[39m ]
data rcv RT:[ [32m'0.00'[39m, [32m'4.27'[39m, [32m'3.44'[39m, [32m'0.00'[39m ]
data rcv RT:[ [32m'0.00'[39m, [32m'4.27'[39m, [32m'3.38'[39m, [32m'0.00'[39m ]
data rcv RT:[ [32m'0.00'[39m, [32m'4.29'[39m, [32m'3.38'[39m, [32m'0.00'[39m ]
data rcv RT:[ [32m'0.00'[39m, [32m'4.28'[39m, [32m'3.39'[39m, [32m'0.00'[39m ]
data rcv RT:[ [32m'0.00'[39m, [32m'4.31'[39m, [32m'3.35'[39m, [32m'0.00'[39m ]
data rcv RT:[ [32m'0.00'[39m, [32m'4.33'[39m, [32m'3.36'[39m, [32m'0.02'[39m ]
data rcv RT:[ [32m'0.00'[39m, [32m'4.35'[39m, [32m'3.35'[39m, [32m'0.04'[39m ]
data rcv RT:[ [32m'0.00'[39m, [32m'4.32'[39m, [32m'3.35'[39m, [32m'0.02'[39m ]
data rcv RT:[ [32m'0.00'[39m, [32m'4.40'[39m, [32m'3.41'[39m, [32m'0.00'[39m ]
data rcv RT:[ [32m'0.00'[39m, [32m'4.36'[39m, [32m'3.41'[39m, [32m'0.00'[39m ]
data rcv RT:[ [32m'0.00'[39m, [32m'4.31'[39m, [32m'3.45'[39m, [32m'0.00'[39m ]
data rcv RT:[ [32m'0.00'[39m, [32m'4.31'[39m, [32m'3.44'[39m, [32m'0.00'[39m ]
data rcv RT:[ [32m'0.00'[39m, [32m'4.29'[39m, [32m'3.41'[39m, [32m'0.00'[39m ]
data rcv RT:[ [32m'0.00'[39m, [32m'4.27'[39m, [32m'3.42'[39m, [32m'0.00'[39m ]
data rcv RT:[ [32m'0.00'[39m, [32m'4.25'[39m, [32m'3.45'[39m, [32m'0.00'[39m ]
data rcv RT:[ [32m'0.00'[39m, [32m'4.25'[39m, [32m'3.43'[39m, [32m'0.00'[39m ]
data rcv RT:[ [32m'0.00'[39m, [32m'4.28'[39m, [32m'3.38'[39m, [32m'0.00'[39m ]
data rcv RT:[ [32m'0.00'[39m, [32m'4.30'[39m, [32m'3.37'[39m, [32m'0.00'[39m ]
data rcv RT:[ [32m'0.00'[39m, [32m'4.30'[39m, [32m'3.38'[39m, [32m'0.00'[39m ]
data rcv RT:[ [32m'0.00'[39m, [32m'4.35'[39m, [32m'3.38'[39m, [32m'0.02'[39m ]
data rcv RT:[ [32m'0.00'[39m, [32m'4.36'[39m, [32m'3.38'[39m, [32m'0.00'[39m ]
data rcv RT:[ [32m'0.00'[39m, [32m'4.35'[39m, [32m'3.37'[39m, [32m'0.01'[39m ]
data rcv RT:[ [32m'0.00'[39m, [32m'4.35'[39m, [32m'3.43'[39m, [32m'0.00'[39m ]
data rcv RT:[ [32m'0.00'[39m, [32m'4.37'[39m, [32m'3.42'[39m, [32m'0.00'[39m ]
data rcv RT:[ [32m'0.00'[39m, [32m'4.32'[39m, [32m'3.44'[39m, [32m'0.00'[39m ]
data rcv RT:[ [32m'0.00'[39m, [32m'4.29'[39m, [32m'3.44'[39m, [32m'0.00'[39m ]
data rcv RT:[ [32m'0.00'[39m, [32m'4.33'[39m, [32m'3.40'[39m, [32m'0.00'[39m ]
data rcv RT:[ [32m'0.00'[39m, [32m'4.31'[39m, [32m'3.43'[39m, [32m'0.00'[39m ]
data rcv RT:[ [32m'0.00'[39m, [32m'4.29'[39m, [32m'3.43'[39m, [32m'0.00'[39m ]
data rcv RT:[ [32m'0.00'[39m, [32m'4.28'[39m, [32m'3.39'[39m, [32m'0.00'[39m ]
data rcv RT:[ [32m'0.00'[39m, [32m'4.30'[39m, [32m'3.37'[39m, [32m'0.01'[39m ]
data rcv RT:[ [32m'0.00'[39m, [32m'4.30'[39m, [32m'3.40'[39m, [32m'0.01'[39m ]
data rcv RT:[ [32m'0.00'[39m, [32m'4.34'[39m, [32m'3.38'[39m, [32m'0.02'[39m ]
data rcv RT:[ [32m'0.00'[39m, [32m'4.36'[39m, [32m'3.41'[39m, [32m'0.01'[39m ]
data rcv RT:[ [32m'0.00'[39m, [32m'4.36'[39m, [32m'3.41'[39m, [32m'0.00'[39m ]
data rcv RT:[ [32m'0.00'[39m, [32m'4.32'[39m, [32m'3.43'[39m, [32m'0.00'[39m ]
data rcv RT:[ [32m'0.00'[39m, [32m'4.31'[39m, [32m'3.42'[39m, [32m'0.00'[39m ]
data rcv RT:[ [32m'0.00'[39m, [32m'4.29'[39m, [32m'3.43'[39m, [32m'0.00'[39m ]
data rcv RT:[ [32m'0.00'[39m, [32m'4.26'[39m, [32m'3.40'[39m, [32m'0.00'[39m ]
data rcv RT:[ [32m'0.00'[39m, [32m'4.28'[39m, [32m'3.38'[39m, [32m'0.00'[39m ]
data rcv RT:[ [32m'0.00'[39m, [32m'4.26'[39m, [32m'3.40'[39m, [32m'0.00'[39m ]
data rcv RT:[ [32m'0.00'[39m, [32m'4.30'[39m, [32m'3.39'[39m, [32m'0.00'[39m ]
data rcv RT:[ [32m'0.00'[39m, [32m'4.28'[39m, [32m'3.40'[39m, [32m'0.00'[39m ]
data rcv RT:[ [32m'0.00'[39m, [32m'4.32'[39m, [32m'3.41'[39m, [32m'0.03'[39m ]
data rcv RT:[ [32m'0.00'[39m, [32m'4.35'[39m, [32m'3.35'[39m, [32m'0.06'[39m ]
data rcv RT:[ [32m'0.00'[39m, [32m'4.35'[39m, [32m'3.39'[39m, [32m'0.03'[39m ]
data rcv RT:[ [32m'0.00'[39m, [32m'4.35'[39m, [32m'3.38'[39m, [32m'0.01'[39m ]
data rcv RT:[ [32m'0.00'[39m, [32m'4.36'[39m, [32m'3.39'[39m, [32m'0.03'[39m ]
data rcv RT:[ [32m'0.00'[39m, [32m'4.37'[39m, [32m'3.39'[39m, [32m'0.00'[39m ]
data rcv RT:[ [32m'0.00'[39m, [32m'4.38'[39m, [32m'3.38'[39m, [32m'0.02'[39m ]
data rcv RT:[ [32m'0.00'[39m, [32m'4.35'[39m, [32m'3.41'[39m, [32m'0.00'[39m ]
data rcv RT:[ [32m'0.00'[39m, [32m'4.33'[39m, [32m'3.41'[39m, [32m'0.00'[39m ]
data rcv RT:[ [32m'0.00'[39m, [32m'4.31'[39m, [32m'3.42'[39m, [32m'0.00'[39m ]
data rcv RT:[ [32m'0.00'[39m, [32m'4.29'[39m, [32m'3.44'[39m, [32m'0.00'[39m ]
data rcv RT:[ [32m'0.00'[39m, [32m'4.30'[39m, [32m'3.41'[39m, [32m'0.00'[39m ]
data rcv RT:[ [32m'0.00'[39m, [32m'4.33'[39m, [32m'3.44'[39m, [32m'0.00'[39m ]
data rcv RT:[ [32m'0.00'[39m, [32m'4.28'[39m, [32m'3.41'[39m, [32m'0.00'[39m ]
data rcv RT:[ [32m'0.00'[39m, [32m'4.28'[39m, [32m'3.42'[39m, [32m'0.00'[39m ]
data rcv RT:[ [32m'0.00'[39m, [32m'4.29'[39m, [32m'3.36'[39m, [32m'0.00'[39m ]
data rcv RT:[ [32m'0.00'[39m, [32m'4.28'[39m, [32m'3.38'[39m, [32m'0.00'[39m ]
data rcv RT:[ [32m'0.00'[39m, [32m'4.29'[39m, [32m'3.37'[39m, [32m'0.01'[39m ]
data rcv RT:[ [32m'0.00'[39m, [32m'4.32'[39m, [32m'3.36'[39m, [32m'0.01'[39m ]
data rcv RT:[ [32m'0.00'[39m, [32m'4.32'[39m, [32m'3.39'[39m, [32m'0.01'[39m ]
data rcv RT:[ [32m'0.00'[39m, [32m'4.33'[39m, [32m'3.39'[39m, [32m'0.02'[39m ]
data rcv RT:[ [32m'0.00'[39m, [32m'4.37'[39m, [32m'3.41'[39m, [32m'0.01'[39m ]
data rcv RT:[ [32m'0.00'[39m, [32m'4.38'[39m, [32m'3.38'[39m, [32m'0.03'[39m ]
data rcv RT:[ [32m'0.00'[39m, [32m'4.36'[39m, [32m'3.44'[39m, [32m'0.00'[39m ]
data rcv RT:[ [32m'0.00'[39m, [32m'4.34'[39m, [32m'3.42'[39m, [32m'0.00'[39m ]
data rcv RT:[ [32m'0.00'[39m, [32m'4.30'[39m, [32m'3.41'[39m, [32m'0.00'[39m ]
data rcv RT:[ [32m'0.00'[39m, [32m'4.32'[39m, [32m'3.41'[39m, [32m'0.00'[39m ]
data rcv RT:[ [32m'0.00'[39m, [32m'4.30'[39m, [32m'3.41'[39m, [32m'0.00'[39m ]
data rcv RT:[ [32m'0.00'[39m, [32m'4.30'[39m, [32m'3.42'[39m, [32m'0.00'[39m ]
data rcv RT:[ [32m'0.00'[39m, [32m'4.29'[39m, [32m'3.42'[39m, [32m'0.00'[39m ]
data rcv RT:[ [32m'0.00'[39m, [32m'4.30'[39m, [32m'3.42'[39m, [32m'0.00'[39m ]
data rcv RT:[ [32m'0.00'[39m, [32m'4.28'[39m, [32m'3.38'[39m, [32m'0.00'[39m ]
data rcv RT:[ [32m'0.00'[39m, [32m'4.25'[39m, [32m'3.44'[39m, [32m'0.00'[39m ]
data rcv RT:[ [32m'0.00'[39m, [32m'4.27'[39m, [32m'3.39'[39m, [32m'0.00'[39m ]
data rcv RT:[ [32m'0.00'[39m, [32m'4.28'[39m, [32m'3.38'[39m, [32m'0.00'[39m ]
data rcv RT:[ [32m'0.00'[39m, [32m'4.30'[39m, [32m'3.38'[39m, [32m'0.01'[39m ]
data rcv RT:[ [32m'0.00'[39m, [32m'4.33'[39m, [32m'3.37'[39m, [32m'0.00'[39m ]
data rcv RT:[ [32m'0.00'[39m, [32m'4.33'[39m, [32m'3.35'[39m, [32m'0.02'[39m ]
data rcv RT:[ [32m'0.00'[39m, [32m'4.38'[39m, [32m'3.37'[39m, [32m'0.03'[39m ]
data rcv RT:[ [32m'0.00'[39m, [32m'4.38'[39m, [32m'3.38'[39m, [32m'0.03'[39m ]
data rcv RT:[ [32m'0.00'[39m, [32m'4.37'[39m, [32m'3.42'[39m, [32m'0.00'[39m ]
data rcv RT:[ [32m'0.00'[39m, [32m'4.36'[39m, [32m'3.42'[39m, [32m'0.00'[39m ]
data rcv RT:[ [32m'0.00'[39m, [32m'4.34'[39m, [32m'3.42'[39m, [32m'0.00'[39m ]
data rcv RT:[ [32m'0.00'[39m, [32m'4.30'[39m, [32m'3.43'[39m, [32m'0.00'[39m ]
data rcv RT:[ [32m'0.00'[39m, [32m'4.30'[39m, [32m'3.44'[39m, [32m'0.00'[39m ]
data rcv RT:[ [32m'0.00'[39m, [32m'4.26'[39m, [32m'3.44'[39m, [32m'0.00'[39m ]
data rcv RT:[ [32m'0.00'[39m, [32m'4.26'[39m, [32m'3.39'[39m, [32m'0.00'[39m ]
data rcv RT:[ [32m'0.00'[39m, [32m'4.31'[39m, [32m'3.36'[39m, [32m'0.01'[39m ]
data rcv RT:[ [32m'0.00'[39m, [32m'4.34'[39m, [32m'3.40'[39m, [32m'0.02'[39m ]
data rcv RT:[ [32m'0.00'[39m, [32m'4.32'[39m, [32m'3.40'[39m, [32m'0.00'[39m ]
data rcv RT:[ [32m'0.00'[39m, [32m'4.36'[39m, [32m'3.38'[39m, [32m'0.00'[39m ]
data rcv RT:[ [32m'0.00'[39m, [32m'4.35'[39m, [32m'3.38'[39m, [32m'0.03'[39m ]
data rcv RT:[ [32m'0.00'[39m, [32m'4.37'[39m, [32m'3.36'[39m, [32m'0.04'[39m ]
data rcv RT:[ [32m'0.00'[39m, [32m'4.36'[39m, [32m'3.38'[39m, [32m'0.00'[39m ]
data rcv RT:[ [32m'0.00'[39m, [32m'4.36'[39m, [32m'3.44'[39m, [32m'0.00'[39m ]
data rcv RT:[ [32m'0.00'[39m, [32m'4.34'[39m, [32m'3.39'[39m, [32m'0.01'[39m ]
data rcv RT:[ [32m'0.00'[39m, [32m'4.32'[39m, [32m'3.42'[39m, [32m'0.00'[39m ]
data rcv RT:[ [32m'0.00'[39m, [32m'4.33'[39m, [32m'3.42'[39m, [32m'0.00'[39m ]
data rcv RT:[ [32m'0.00'[39m, [32m'4.31'[39m, [32m'3.44'[39m, [32m'0.00'[39m ]
data rcv RT:[ [32m'0.00'[39m, [32m'4.29'[39m, [32m'3.40'[39m, [32m'0.00'[39m ]
data rcv RT:[ [32m'0.00'[39m, [32m'4.25'[39m, [32m'3.42'[39m, [32m'0.00'[39m ]
data rcv RT:[ [32m'0.00'[39m, [32m'4.25'[39m, [32m'3.40'[39m, [32m'0.00'[39m ]
data rcv RT:[ [32m'0.00'[39m, [32m'4.28'[39m, [32m'3.36'[39m, [32m'0.00'[39m ]
data rcv RT:[ [32m'0.00'[39m, [32m'4.30'[39m, [32m'3.37'[39m, [32m'0.00'[39m ]
data rcv RT:[ [32m'0.00'[39m, [32m'4.33'[39m, [32m'3.36'[39m, [32m'0.02'[39m ]
data rcv RT:[ [32m'0.00'[39m, [32m'4.30'[39m, [32m'3.39'[39m, [32m'0.01'[39m ]
data rcv RT:[ [32m'0.00'[39m, [32m'4.36'[39m, [32m'3.36'[39m, [32m'0.02'[39m ]
data rcv RT:[ [32m'0.00'[39m, [32m'4.34'[39m, [32m'3.37'[39m, [32m'0.06'[39m ]
data rcv RT:[ [32m'0.00'[39m, [32m'4.36'[39m, [32m'3.42'[39m, [32m'0.01'[39m ]
data rcv RT:[ [32m'0.00'[39m, [32m'4.39'[39m, [32m'3.43'[39m, [32m'0.00'[39m ]
data rcv RT:[ [32m'0.00'[39m, [32m'4.34'[39m, [32m'3.44'[39m, [32m'0.00'[39m ]
data rcv RT:[ [32m'0.00'[39m, [32m'4.35'[39m, [32m'3.41'[39m, [32m'0.00'[39m ]
data rcv RT:[ [32m'0.00'[39m, [32m'4.31'[39m, [32m'3.41'[39m, [32m'0.00'[39m ]
data rcv RT:[ [32m'0.00'[39m, [32m'4.30'[39m, [32m'3.44'[39m, [32m'0.00'[39m ]
data rcv RT:[ [32m'0.00'[39m, [32m'4.30'[39m, [32m'3.42'[39m, [32m'0.00'[39m ]
data rcv RT:[ [32m'0.00'[39m, [32m'4.28'[39m, [32m'3.40'[39m, [32m'0.00'[39m ]
data rcv RT:[ [32m'0.00'[39m, [32m'4.25'[39m, [32m'3.43'[39m, [32m'0.00'[39m ]
data rcv RT:[ [32m'0.00'[39m, [32m'4.26'[39m, [32m'3.38'[39m, [32m'0.00'[39m ]
data rcv RT:[ [32m'0.00'[39m, [32m'4.28'[39m, [32m'3.34'[39m, [32m'0.00'[39m ]
data rcv RT:[ [32m'0.00'[39m, [32m'4.30'[39m, [32m'3.39'[39m, [32m'0.01'[39m ]
data rcv RT:[ [32m'0.00'[39m, [32m'4.33'[39m, [32m'3.37'[39m, [32m'0.02'[39m ]
data rcv RT:[ [32m'0.00'[39m, [32m'4.33'[39m, [32m'3.39'[39m, [32m'0.01'[39m ]
data rcv RT:[ [32m'0.00'[39m, [32m'4.35'[39m, [32m'3.35'[39m, [32m'0.04'[39m ]
data rcv RT:[ [32m'0.00'[39m, [32m'4.34'[39m, [32m'3.38'[39m, [32m'0.01'[39m ]
data rcv RT:[ [32m'0.00'[39m, [32m'4.38'[39m, [32m'3.41'[39m, [32m'0.00'[39m ]
data rcv RT:[ [32m'0.00'[39m, [32m'4.37'[39m, [32m'3.39'[39m, [32m'0.01'[39m ]
data rcv RT:[ [32m'0.00'[39m, [32m'4.35'[39m, [32m'3.43'[39m, [32m'0.00'[39m ]
data rcv RT:[ [32m'0.00'[39m, [32m'4.34'[39m, [32m'3.42'[39m, [32m'0.00'[39m ]
data rcv RT:[ [32m'0.00'[39m, [32m'4.33'[39m, [32m'3.41'[39m, [32m'0.00'[39m ]
data rcv RT:[ [32m'0.00'[39m, [32m'4.32'[39m, [32m'3.41'[39m, [32m'0.00'[39m ]
data rcv RT:[ [32m'0.00'[39m, [32m'4.29'[39m, [32m'3.48'[39m, [32m'0.00'[39m ]
data rcv RT:[ [32m'0.00'[39m, [32m'4.25'[39m, [32m'3.42'[39m, [32m'0.00'[39m ]
data rcv RT:[ [32m'0.00'[39m, [32m'4.26'[39m, [32m'3.42'[39m, [32m'0.00'[39m ]
data rcv RT:[ [32m'0.00'[39m, [32m'4.27'[39m, [32m'3.39'[39m, [32m'0.00'[39m ]
data rcv RT:[ [32m'0.00'[39m, [32m'4.28'[39m, [32m'3.39'[39m, [32m'0.00'[39m ]
data rcv RT:[ [32m'0.00'[39m, [32m'4.27'[39m, [32m'3.40'[39m, [32m'0.00'[39m ]
data rcv RT:[ [32m'0.00'[39m, [32m'4.31'[39m, [32m'3.38'[39m, [32m'0.00'[39m ]
data rcv RT:[ [32m'0.00'[39m, [32m'4.32'[39m, [32m'3.39'[39m, [32m'0.02'[39m ]
data rcv RT:[ [32m'0.00'[39m, [32m'4.36'[39m, [32m'3.37'[39m, [32m'0.01'[39m ]
data rcv RT:[ [32m'0.00'[39m, [32m'4.37'[39m, [32m'3.41'[39m, [32m'0.00'[39m ]
data rcv RT:[ [32m'0.00'[39m, [32m'4.36'[39m, [32m'3.40'[39m, [32m'0.00'[39m ]
data rcv RT:[ [32m'0.00'[39m, [32m'4.33'[39m, [32m'3.41'[39m, [32m'0.00'[39m ]
data rcv RT:[ [32m'0.00'[39m, [32m'4.32'[39m, [32m'3.43'[39m, [32m'0.00'[39m ]
data rcv RT:[ [32m'0.00'[39m, [32m'4.31'[39m, [32m'3.43'[39m, [32m'0.00'[39m ]
data rcv RT:[ [32m'0.00'[39m, [32m'4.31'[39m, [32m'3.46'[39m, [32m'0.00'[39m ]
data rcv RT:[ [32m'0.00'[39m, [32m'4.26'[39m, [32m'3.43'[39m, [32m'0.00'[39m ]
data rcv RT:[ [32m'0.00'[39m, [32m'4.27'[39m, [32m'3.38'[39m, [32m'0.00'[39m ]
data rcv RT:[ [32m'0.00'[39m, [32m'4.31'[39m, [32m'3.36'[39m, [32m'0.01'[39m ]
data rcv RT:[ [32m'0.00'[39m, [32m'4.31'[39m, [32m'3.39'[39m, [32m'0.01'[39m ]
data rcv RT:[ [32m'0.00'[39m, [32m'4.32'[39m, [32m'3.39'[39m, [32m'0.01'[39m ]
data rcv RT:[ [32m'0.00'[39m, [32m'4.36'[39m, [32m'3.37'[39m, [32m'0.05'[39m ]
data rcv RT:[ [32m'0.00'[39m, [32m'4.37'[39m, [32m'3.39'[39m, [32m'0.00'[39m ]
data rcv RT:[ [32m'0.00'[39m, [32m'4.38'[39m, [32m'3.41'[39m, [32m'0.00'[39m ]
data rcv RT:[ [32m'0.00'[39m, [32m'4.38'[39m, [32m'3.40'[39m, [32m'0.00'[39m ]
data rcv RT:[ [32m'0.00'[39m, [32m'4.37'[39m, [32m'3.42'[39m, [32m'0.00'[39m ]
data rcv RT:[ [32m'0.00'[39m, [32m'4.29'[39m, [32m'3.45'[39m, [32m'0.00'[39m ]
data rcv RT:[ [32m'0.00'[39m, [32m'4.30'[39m, [32m'3.45'[39m, [32m'0.00'[39m ]
data rcv RT:[ [32m'0.00'[39m, [32m'4.26'[39m, [32m'3.42'[39m, [32m'0.00'[39m ]
data rcv RT:[ [32m'0.00'[39m, [32m'4.25'[39m, [32m'3.43'[39m, [32m'0.00'[39m ]
data rcv RT:[ [32m'0.00'[39m, [32m'4.27'[39m, [32m'3.36'[39m, [32m'0.00'[39m ]
data rcv RT:[ [32m'0.00'[39m, [32m'4.26'[39m, [32m'3.39'[39m, [32m'0.00'[39m ]
data rcv RT:[ [32m'0.00'[39m, [32m'4.31'[39m, [32m'3.38'[39m, [32m'0.02'[39m ]
data rcv RT:[ [32m'0.00'[39m, [32m'4.31'[39m, [32m'3.39'[39m, [32m'0.02'[39m ]
data rcv RT:[ [32m'0.00'[39m, [32m'4.37'[39m, [32m'3.41'[39m, [32m'0.01'[39m ]
data rcv RT:[ [32m'0.00'[39m, [32m'4.34'[39m, [32m'3.34'[39m, [32m'0.04'[39m ]
data rcv RT:[ [32m'0.00'[39m, [32m'4.33'[39m, [32m'3.40'[39m, [32m'0.03'[39m ]
data rcv RT:[ [32m'0.00'[39m, [32m'4.36'[39m, [32m'3.43'[39m, [32m'0.00'[39m ]
data rcv RT:[ [32m'0.00'[39m, [32m'4.37'[39m, [32m'3.41'[39m, [32m'0.00'[39m ]
data rcv RT:[ [32m'0.00'[39m, [32m'4.37'[39m, [32m'3.40'[39m, [32m'0.00'[39m ]
data rcv RT:[ [32m'0.00'[39m, [32m'4.35'[39m, [32m'3.41'[39m, [32m'0.00'[39m ]
data rcv RT:[ [32m'0.00'[39m, [32m'4.32'[39m, [32m'3.42'[39m, [32m'0.00'[39m ]
data rcv RT:[ [32m'0.00'[39m, [32m'4.27'[39m, [32m'3.42'[39m, [32m'0.00'[39m ]
data rcv RT:[ [32m'0.00'[39m, [32m'4.26'[39m, [32m'3.42'[39m, [32m'0.00'[39m ]
data rcv RT:[ [32m'0.00'[39m, [32m'4.26'[39m, [32m'3.43'[39m, [32m'0.00'[39m ]
data rcv RT:[ [32m'0.00'[39m, [32m'4.28'[39m, [32m'3.38'[39m, [32m'0.00'[39m ]
data rcv RT:[ [32m'0.00'[39m, [32m'4.30'[39m, [32m'3.37'[39m, [32m'0.00'[39m ]
data rcv RT:[ [32m'0.00'[39m, [32m'4.33'[39m, [32m'3.37'[39m, [32m'0.01'[39m ]
data rcv RT:[ [32m'0.00'[39m, [32m'4.32'[39m, [32m'3.39'[39m, [32m'0.01'[39m ]
data rcv RT:[ [32m'0.00'[39m, [32m'4.35'[39m, [32m'3.36'[39m, [32m'0.05'[39m ]
data rcv RT:[ [32m'0.00'[39m, [32m'4.36'[39m, [32m'3.43'[39m, [32m'0.00'[39m ]
data rcv RT:[ [32m'0.00'[39m, [32m'4.35'[39m, [32m'3.41'[39m, [32m'0.00'[39m ]
data rcv RT:[ [32m'0.00'[39m, [32m'4.36'[39m, [32m'3.43'[39m, [32m'0.00'[39m ]
data rcv RT:[ [32m'0.00'[39m, [32m'4.33'[39m, [32m'3.42'[39m, [32m'0.00'[39m ]
data rcv RT:[ [32m'0.00'[39m, [32m'4.29'[39m, [32m'3.47'[39m, [32m'0.00'[39m ]
data rcv RT:[ [32m'0.00'[39m, [32m'4.30'[39m, [32m'3.44'[39m, [32m'0.00'[39m ]
data rcv RT:[ [32m'0.00'[39m, [32m'4.27'[39m, [32m'3.42'[39m, [32m'0.00'[39m ]
data rcv RT:[ [32m'0.00'[39m, [32m'4.27'[39m, [32m'3.38'[39m, [32m'0.00'[39m ]
data rcv RT:[ [32m'0.00'[39m, [32m'4.27'[39m, [32m'3.37'[39m, [32m'0.00'[39m ]
data rcv RT:[ [32m'0.00'[39m, [32m'4.28'[39m, [32m'3.39'[39m, [32m'0.00'[39m ]
data rcv RT:[ [32m'0.00'[39m, [32m'4.30'[39m, [32m'3.39'[39m, [32m'0.00'[39m ]
data rcv RT:[ [32m'0.00'[39m, [32m'4.35'[39m, [32m'3.37'[39m, [32m'0.06'[39m ]
data rcv RT:[ [32m'0.00'[39m, [32m'4.36'[39m, [32m'3.37'[39m, [32m'0.04'[39m ]
data rcv RT:[ [32m'0.00'[39m, [32m'4.35'[39m, [32m'3.42'[39m, [32m'0.01'[39m ]
data rcv RT:[ [32m'0.00'[39m, [32m'4.36'[39m, [32m'3.43'[39m, [32m'0.00'[39m ]
data rcv RT:[ [32m'0.00'[39m, [32m'4.34'[39m, [32m'3.42'[39m, [32m'0.00'[39m ]
data rcv RT:[ [32m'0.00'[39m, [32m'4.33'[39m, [32m'3.42'[39m, [32m'0.00'[39m ]
data rcv RT:[ [32m'0.00'[39m, [32m'4.29'[39m, [32m'3.43'[39m, [32m'0.00'[39m ]
data rcv RT:[ [32m'0.00'[39m, [32m'4.29'[39m, [32m'3.43'[39m, [32m'0.00'[39m ]
data rcv RT:[ [32m'0.00'[39m, [32m'4.25'[39m, [32m'3.43'[39m, [32m'0.00'[39m ]
data rcv RT:[ [32m'0.00'[39m, [32m'4.29'[39m, [32m'3.37'[39m, [32m'0.00'[39m ]
data rcv RT:[ [32m'0.00'[39m, [32m'4.27'[39m, [32m'3.39'[39m, [32m'0.00'[39m ]
data rcv RT:[ [32m'0.00'[39m, [32m'4.32'[39m, [32m'3.40'[39m, [32m'0.00'[39m ]
data rcv RT:[ [32m'0.00'[39m, [32m'4.33'[39m, [32m'3.37'[39m, [32m'0.01'[39m ]
data rcv RT:[ [32m'0.00'[39m, [32m'4.33'[39m, [32m'3.36'[39m, [32m'0.01'[39m ]
data rcv RT:[ [32m'0.00'[39m, [32m'4.38'[39m, [32m'3.37'[39m, [32m'0.01'[39m ]
data rcv RT:[ [32m'0.00'[39m, [32m'4.38'[39m, [32m'3.36'[39m, [32m'0.03'[39m ]
data rcv RT:[ [32m'0.00'[39m, [32m'4.38'[39m, [32m'3.42'[39m, [32m'0.00'[39m ]
data rcv RT:[ [32m'0.00'[39m, [32m'4.32'[39m, [32m'3.43'[39m, [32m'0.00'[39m ]
data rcv RT:[ [32m'0.00'[39m, [32m'4.31'[39m, [32m'3.40'[39m, [32m'0.00'[39m ]
data rcv RT:[ [32m'0.00'[39m, [32m'4.31'[39m, [32m'3.40'[39m, [32m'0.00'[39m ]
data rcv RT:[ [32m'0.00'[39m, [32m'4.27'[39m, [32m'3.40'[39m, [32m'0.00'[39m ]
data rcv RT:[ [32m'0.00'[39m, [32m'4.28'[39m, [32m'3.42'[39m, [32m'0.00'[39m ]
data rcv RT:[ [32m'0.00'[39m, [32m'4.25'[39m, [32m'3.38'[39m, [32m'0.00'[39m ]
data rcv RT:[ [32m'0.00'[39m, [32m'4.27'[39m, [32m'3.39'[39m, [32m'0.00'[39m ]
data rcv RT:[ [32m'0.00'[39m, [32m'4.30'[39m, [32m'3.39'[39m, [32m'0.00'[39m ]
data rcv RT:[ [32m'0.00'[39m, [32m'4.33'[39m, [32m'3.38'[39m, [32m'0.02'[39m ]
data rcv RT:[ [32m'0.00'[39m, [32m'4.32'[39m, [32m'3.40'[39m, [32m'0.02'[39m ]
data rcv RT:[ [32m'0.00'[39m, [32m'4.35'[39m, [32m'3.37'[39m, [32m'0.03'[39m ]
data rcv RT:[ [32m'0.00'[39m, [32m'4.36'[39m, [32m'3.44'[39m, [32m'0.00'[39m ]
data rcv RT:[ [32m'0.00'[39m, [32m'4.36'[39m, [32m'3.42'[39m, [32m'0.00'[39m ]
data rcv RT:[ [32m'0.00'[39m, [32m'4.34'[39m, [32m'3.41'[39m, [32m'0.00'[39m ]
data rcv RT:[ [32m'0.00'[39m, [32m'4.30'[39m, [32m'3.40'[39m, [32m'0.00'[39m ]
data rcv RT:[ [32m'0.00'[39m, [32m'4.30'[39m, [32m'3.44'[39m, [32m'0.00'[39m ]
data rcv RT:[ [32m'0.00'[39m, [32m'4.26'[39m, [32m'3.43'[39m, [32m'0.00'[39m ]
data rcv RT:[ [32m'0.00'[39m, [32m'4.26'[39m, [32m'3.42'[39m, [32m'0.00'[39m ]
data rcv RT:[ [32m'0.00'[39m, [32m'4.27'[39m, [32m'3.40'[39m, [32m'0.00'[39m ]
data rcv RT:[ [32m'0.00'[39m, [32m'4.29'[39m, [32m'3.38'[39m, [32m'0.00'[39m ]
data rcv RT:[ [32m'0.00'[39m, [32m'4.33'[39m, [32m'3.40'[39m, [32m'0.01'[39m ]
data rcv RT:[ [32m'0.00'[39m, [32m'4.36'[39m, [32m'3.39'[39m, [32m'0.00'[39m ]
data rcv RT:[ [32m'0.00'[39m, [32m'4.32'[39m, [32m'3.36'[39m, [32m'0.03'[39m ]
data rcv RT:[ [32m'0.00'[39m, [32m'4.37'[39m, [32m'3.38'[39m, [32m'0.04'[39m ]
data rcv RT:[ [32m'0.00'[39m, [32m'4.36'[39m, [32m'3.40'[39m, [32m'0.02'[39m ]
data rcv RT:[ [32m'0.00'[39m, [32m'4.34'[39m, [32m'3.42'[39m, [32m'0.00'[39m ]
data rcv RT:[ [32m'0.00'[39m, [32m'4.36'[39m, [32m'3.42'[39m, [32m'0.00'[39m ]
data rcv RT:[ [32m'0.00'[39m, [32m'4.32'[39m, [32m'3.41'[39m, [32m'0.00'[39m ]
data rcv RT:[ [32m'0.00'[39m, [32m'4.28'[39m, [32m'3.44'[39m, [32m'0.00'[39m ]
data rcv RT:[ [32m'0.00'[39m, [32m'4.27'[39m, [32m'3.39'[39m, [32m'0.00'[39m ]
data rcv RT:[ [32m'0.00'[39m, [32m'4.27'[39m, [32m'3.40'[39m, [32m'0.00'[39m ]
data rcv RT:[ [32m'0.00'[39m, [32m'4.25'[39m, [32m'3.39'[39m, [32m'0.00'[39m ]
data rcv RT:[ [32m'0.00'[39m, [32m'4.28'[39m, [32m'3.40'[39m, [32m'0.00'[39m ]
data rcv RT:[ [32m'0.00'[39m, [32m'4.31'[39m, [32m'3.38'[39m, [32m'0.01'[39m ]
data rcv RT:[ [32m'0.00'[39m, [32m'4.36'[39m, [32m'3.37'[39m, [32m'0.04'[39m ]
data rcv RT:[ [32m'0.00'[39m, [32m'4.34'[39m, [32m'3.36'[39m, [32m'0.03'[39m ]
data rcv RT:[ [32m'0.00'[39m, [32m'4.36'[39m, [32m'3.37'[39m, [32m'0.01'[39m ]
data rcv RT:[ [32m'0.00'[39m, [32m'4.35'[39m, [32m'3.37'[39m, [32m'0.00'[39m ]
data rcv RT:[ [32m'0.00'[39m, [32m'4.36'[39m, [32m'3.44'[39m, [32m'0.00'[39m ]
data rcv RT:[ [32m'0.00'[39m, [32m'4.36'[39m, [32m'3.42'[39m, [32m'0.00'[39m ]
data rcv RT:[ [32m'0.00'[39m, [32m'4.35'[39m, [32m'3.41'[39m, [32m'0.00'[39m ]
data rcv RT:[ [32m'0.00'[39m, [32m'4.29'[39m, [32m'3.41'[39m, [32m'0.00'[39m ]
data rcv RT:[ [32m'0.00'[39m, [32m'4.29'[39m, [32m'3.43'[39m, [32m'0.00'[39m ]
data rcv RT:[ [32m'0.00'[39m, [32m'4.28'[39m, [32m'3.39'[39m, [32m'0.00'[39m ]
data rcv RT:[ [32m'0.00'[39m, [32m'4.27'[39m, [32m'3.40'[39m, [32m'0.00'[39m ]
data rcv RT:[ [32m'0.00'[39m, [32m'4.27'[39m, [32m'3.37'[39m, [32m'0.00'[39m ]
data rcv RT:[ [32m'0.00'[39m, [32m'4.29'[39m, [32m'3.38'[39m, [32m'0.00'[39m ]
data rcv RT:[ [32m'0.00'[39m, [32m'4.33'[39m, [32m'3.40'[39m, [32m'0.00'[39m ]
data rcv RT:[ [32m'0.00'[39m, [32m'4.32'[39m, [32m'3.36'[39m, [32m'0.01'[39m ]
data rcv RT:[ [32m'0.00'[39m, [32m'4.32'[39m, [32m'3.36'[39m, [32m'0.05'[39m ]
data rcv RT:[ [32m'0.00'[39m, [32m'4.35'[39m, [32m'3.37'[39m, [32m'0.02'[39m ]
data rcv RT:[ [32m'0.00'[39m, [32m'4.36'[39m, [32m'3.37'[39m, [32m'0.04'[39m ]
data rcv RT:[ [32m'0.00'[39m, [32m'4.40'[39m, [32m'3.42'[39m, [32m'0.01'[39m ]
data rcv RT:[ [32m'0.00'[39m, [32m'4.32'[39m, [32m'3.43'[39m, [32m'0.00'[39m ]
data rcv RT:[ [32m'0.00'[39m, [32m'4.33'[39m, [32m'3.41'[39m, [32m'0.00'[39m ]
data rcv RT:[ [32m'0.00'[39m, [32m'4.32'[39m, [32m'3.45'[39m, [32m'0.00'[39m ]
data rcv RT:[ [32m'0.00'[39m, [32m'4.30'[39m, [32m'3.43'[39m, [32m'0.00'[39m ]
data rcv RT:[ [32m'0.00'[39m, [32m'4.30'[39m, [32m'3.42'[39m, [32m'0.00'[39m ]
data rcv RT:[ [32m'0.00'[39m, [32m'4.26'[39m, [32m'3.43'[39m, [32m'0.00'[39m ]
data rcv RT:[ [32m'0.00'[39m, [32m'4.27'[39m, [32m'3.43'[39m, [32m'0.00'[39m ]
data rcv RT:[ [32m'0.00'[39m, [32m'4.27'[39m, [32m'3.40'[39m, [32m'0.00'[39m ]
data rcv RT:[ [32m'0.00'[39m, [32m'4.25'[39m, [32m'3.40'[39m, [32m'0.00'[39m ]
data rcv RT:[ [32m'0.00'[39m, [32m'4.25'[39m, [32m'3.39'[39m, [32m'0.00'[39m ]
data rcv RT:[ [32m'0.00'[39m, [32m'4.28'[39m, [32m'3.38'[39m, [32m'0.00'[39m ]
data rcv RT:[ [32m'0.00'[39m, [32m'4.29'[39m, [32m'3.37'[39m, [32m'0.00'[39m ]
data rcv RT:[ [32m'0.00'[39m, [32m'4.28'[39m, [32m'3.35'[39m, [32m'0.00'[39m ]
data rcv RT:[ [32m'0.00'[39m, [32m'4.29'[39m, [32m'3.37'[39m, [32m'0.00'[39m ]
data rcv RT:[ [32m'0.00'[39m, [32m'4.32'[39m, [32m'3.40'[39m, [32m'0.02'[39m ]
data rcv RT:[ [32m'0.00'[39m, [32m'4.31'[39m, [32m'3.39'[39m, [32m'0.00'[39m ]
data rcv RT:[ [32m'0.00'[39m, [32m'4.33'[39m, [32m'3.36'[39m, [32m'0.05'[39m ]
data rcv RT:[ [32m'0.00'[39m, [32m'4.34'[39m, [32m'3.34'[39m, [32m'0.05'[39m ]
data rcv RT:[ [32m'0.00'[39m, [32m'4.36'[39m, [32m'3.37'[39m, [32m'0.04'[39m ]
data rcv RT:[ [32m'0.00'[39m, [32m'4.39'[39m, [32m'3.39'[39m, [32m'0.01'[39m ]
data rcv RT:[ [32m'0.00'[39m, [32m'4.37'[39m, [32m'3.41'[39m, [32m'0.00'[39m ]
data rcv RT:[ [32m'0.00'[39m, [32m'4.35'[39m, [32m'3.44'[39m, [32m'0.00'[39m ]
data rcv RT:[ [32m'0.00'[39m, [32m'4.33'[39m, [32m'3.40'[39m, [32m'0.00'[39m ]
data rcv RT:[ [32m'0.00'[39m, [32m'4.32'[39m, [32m'3.40'[39m, [32m'0.00'[39m ]
data rcv RT:[ [32m'0.00'[39m, [32m'4.31'[39m, [32m'3.41'[39m, [32m'0.00'[39m ]
data rcv RT:[ [32m'0.00'[39m, [32m'4.30'[39m, [32m'3.46'[39m, [32m'0.00'[39m ]
data rcv RT:[ [32m'0.00'[39m, [32m'4.30'[39m, [32m'3.45'[39m, [32m'0.00'[39m ]
data rcv RT:[ [32m'0.00'[39m, [32m'4.28'[39m, [32m'3.45'[39m, [32m'0.00'[39m ]
data rcv RT:[ [32m'0.00'[39m, [32m'4.25'[39m, [32m'3.42'[39m, [32m'0.00'[39m ]
data rcv RT:[ [32m'0.00'[39m, [32m'4.27'[39m, [32m'3.40'[39m, [32m'0.00'[39m ]
data rcv RT:[ [32m'0.00'[39m, [32m'4.28'[39m, [32m'3.39'[39m, [32m'0.00'[39m ]
data rcv RT:[ [32m'0.00'[39m, [32m'4.30'[39m, [32m'3.39'[39m, [32m'0.00'[39m ]
data rcv RT:[ [32m'0.00'[39m, [32m'4.31'[39m, [32m'3.39'[39m, [32m'0.01'[39m ]
data rcv RT:[ [32m'0.00'[39m, [32m'4.32'[39m, [32m'3.38'[39m, [32m'0.01'[39m ]
data rcv RT:[ [32m'0.00'[39m, [32m'4.36'[39m, [32m'3.39'[39m, [32m'0.05'[39m ]
data rcv RT:[ [32m'0.00'[39m, [32m'4.34'[39m, [32m'3.40'[39m, [32m'0.00'[39m ]
data rcv RT:[ [32m'0.00'[39m, [32m'4.37'[39m, [32m'3.37'[39m, [32m'0.06'[39m ]
data rcv RT:[ [32m'0.00'[39m, [32m'4.36'[39m, [32m'3.41'[39m, [32m'0.02'[39m ]
data rcv RT:[ [32m'0.00'[39m, [32m'4.36'[39m, [32m'3.42'[39m, [32m'0.00'[39m ]
data rcv RT:[ [32m'0.00'[39m, [32m'4.35'[39m, [32m'3.44'[39m, [32m'0.00'[39m ]
data rcv RT:[ [32m'0.00'[39m, [32m'4.31'[39m, [32m'3.44'[39m, [32m'0.00'[39m ]
data rcv RT:[ [32m'0.00'[39m, [32m'4.30'[39m, [32m'3.44'[39m, [32m'0.00'[39m ]
data rcv RT:[ [32m'0.00'[39m, [32m'4.28'[39m, [32m'3.45'[39m, [32m'0.00'[39m ]
data rcv RT:[ [32m'0.00'[39m, [32m'4.31'[39m, [32m'3.44'[39m, [32m'0.00'[39m ]
data rcv RT:[ [32m'0.00'[39m, [32m'4.25'[39m, [32m'3.42'[39m, [32m'0.00'[39m ]
data rcv RT:[ [32m'0.00'[39m, [32m'4.27'[39m, [32m'3.40'[39m, [32m'0.00'[39m ]
data rcv RT:[ [32m'0.00'[39m, [32m'4.29'[39m, [32m'3.39'[39m, [32m'0.00'[39m ]
data rcv RT:[ [32m'0.00'[39m, [32m'4.32'[39m, [32m'3.35'[39m, [32m'0.00'[39m ]
data rcv RT:[ [32m'0.00'[39m, [32m'4.35'[39m, [32m'3.36'[39m, [32m'0.04'[39m ]
data rcv RT:[ [32m'0.00'[39m, [32m'4.36'[39m, [32m'3.37'[39m, [32m'0.02'[39m ]
data rcv RT:[ [32m'0.00'[39m, [32m'4.38'[39m, [32m'3.40'[39m, [32m'0.01'[39m ]
data rcv RT:[ [32m'0.00'[39m, [32m'4.35'[39m, [32m'3.42'[39m, [32m'0.00'[39m ]
data rcv RT:[ [32m'0.00'[39m, [32m'4.34'[39m, [32m'3.41'[39m, [32m'0.00'[39m ]
data rcv RT:[ [32m'0.00'[39m, [32m'4.31'[39m, [32m'3.44'[39m, [32m'0.00'[39m ]
data rcv RT:[ [32m'0.00'[39m, [32m'4.32'[39m, [32m'3.44'[39m, [32m'0.00'[39m ]
data rcv RT:[ [32m'0.00'[39m, [32m'4.28'[39m, [32m'3.41'[39m, [32m'0.00'[39m ]
data rcv RT:[ [32m'0.00'[39m, [32m'4.29'[39m, [32m'3.39'[39m, [32m'0.00'[39m ]
data rcv RT:[ [32m'0.00'[39m, [32m'4.27'[39m, [32m'3.40'[39m, [32m'0.00'[39m ]
data rcv RT:[ [32m'0.00'[39m, [32m'4.27'[39m, [32m'3.39'[39m, [32m'0.00'[39m ]
data rcv RT:[ [32m'0.00'[39m, [32m'4.29'[39m, [32m'3.38'[39m, [32m'0.00'[39m ]
data rcv RT:[ [32m'0.00'[39m, [32m'4.31'[39m, [32m'3.36'[39m, [32m'0.00'[39m ]
data rcv RT:[ [32m'0.00'[39m, [32m'4.30'[39m, [32m'3.39'[39m, [32m'0.00'[39m ]
data rcv RT:[ [32m'0.00'[39m, [32m'4.36'[39m, [32m'3.40'[39m, [32m'0.00'[39m ]
data rcv RT:[ [32m'0.00'[39m, [32m'4.36'[39m, [32m'3.42'[39m, [32m'0.00'[39m ]
data rcv RT:[ [32m'0.00'[39m, [32m'4.34'[39m, [32m'3.42'[39m, [32m'0.00'[39m ]
data rcv RT:[ [32m'0.00'[39m, [32m'4.34'[39m, [32m'3.44'[39m, [32m'0.00'[39m ]
data rcv RT:[ [32m'0.00'[39m, [32m'4.34'[39m, [32m'3.43'[39m, [32m'0.00'[39m ]
data rcv RT:[ [32m'0.00'[39m, [32m'4.31'[39m, [32m'3.43'[39m, [32m'0.00'[39m ]
data rcv RT:[ [32m'0.00'[39m, [32m'4.26'[39m, [32m'3.41'[39m, [32m'0.00'[39m ]
data rcv RT:[ [32m'0.00'[39m, [32m'4.27'[39m, [32m'3.39'[39m, [32m'0.00'[39m ]
data rcv RT:[ [32m'0.00'[39m, [32m'4.27'[39m, [32m'3.40'[39m, [32m'0.00'[39m ]
data rcv RT:[ [32m'0.00'[39m, [32m'4.31'[39m, [32m'3.36'[39m, [32m'0.00'[39m ]
data rcv RT:[ [32m'0.00'[39m, [32m'4.35'[39m, [32m'3.35'[39m, [32m'0.06'[39m ]
data rcv RT:[ [32m'0.00'[39m, [32m'4.37'[39m, [32m'3.42'[39m, [32m'0.00'[39m ]
data rcv RT:[ [32m'0.00'[39m, [32m'4.38'[39m, [32m'3.40'[39m, [32m'0.00'[39m ]
data rcv RT:[ [32m'0.00'[39m, [32m'4.34'[39m, [32m'3.44'[39m, [32m'0.00'[39m ]
data rcv RT:[ [32m'0.00'[39m, [32m'4.35'[39m, [32m'3.44'[39m, [32m'0.00'[39m ]
data rcv RT:[ [32m'0.00'[39m, [32m'4.28'[39m, [32m'3.43'[39m, [32m'0.00'[39m ]
data rcv RT:[ [32m'0.00'[39m, [32m'4.30'[39m, [32m'3.39'[39m, [32m'0.00'[39m ]
data rcv RT:[ [32m'0.00'[39m, [32m'4.28'[39m, [32m'3.40'[39m, [32m'0.00'[39m ]
data rcv RT:[ [32m'0.00'[39m, [32m'4.27'[39m, [32m'3.37'[39m, [32m'0.00'[39m ]
data rcv RT:[ [32m'0.00'[39m, [32m'4.30'[39m, [32m'3.39'[39m, [32m'0.00'[39m ]
data rcv RT:[ [32m'0.00'[39m, [32m'4.32'[39m, [32m'3.38'[39m, [32m'0.01'[39m ]
data rcv RT:[ [32m'0.00'[39m, [32m'4.33'[39m, [32m'3.38'[39m, [32m'0.05'[39m ]
data rcv RT:[ [32m'0.00'[39m, [32m'4.36'[39m, [32m'3.39'[39m, [32m'0.01'[39m ]
data rcv RT:[ [32m'0.00'[39m, [32m'4.35'[39m, [32m'3.42'[39m, [32m'0.00'[39m ]
data rcv RT:[ [32m'0.00'[39m, [32m'4.36'[39m, [32m'3.42'[39m, [32m'0.00'[39m ]
data rcv RT:[ [32m'0.00'[39m, [32m'4.34'[39m, [32m'3.42'[39m, [32m'0.00'[39m ]
data rcv RT:[ [32m'0.00'[39m, [32m'4.27'[39m, [32m'3.45'[39m, [32m'0.00'[39m ]
data rcv RT:[ [32m'0.00'[39m, [32m'4.28'[39m, [32m'3.45'[39m, [32m'0.00'[39m ]
data rcv RT:[ [32m'0.00'[39m, [32m'4.26'[39m, [32m'3.40'[39m, [32m'0.00'[39m ]
data rcv RT:[ [32m'0.00'[39m, [32m'4.29'[39m, [32m'3.40'[39m, [32m'0.00'[39m ]
data rcv RT:[ [32m'0.00'[39m, [32m'4.27'[39m, [32m'3.38'[39m, [32m'0.00'[39m ]
data rcv RT:[ [32m'0.00'[39m, [32m'4.29'[39m, [32m'3.37'[39m, [32m'0.00'[39m ]
data rcv RT:[ [32m'0.00'[39m, [32m'4.34'[39m, [32m'3.37'[39m, [32m'0.02'[39m ]
data rcv RT:[ [32m'0.00'[39m, [32m'4.34'[39m, [32m'3.36'[39m, [32m'0.02'[39m ]
data rcv RT:[ [32m'0.00'[39m, [32m'4.38'[39m, [32m'3.42'[39m, [32m'0.00'[39m ]
data rcv RT:[ [32m'0.00'[39m, [32m'4.36'[39m, [32m'3.42'[39m, [32m'0.00'[39m ]
data rcv RT:[ [32m'0.00'[39m, [32m'4.35'[39m, [32m'3.42'[39m, [32m'0.00'[39m ]
data rcv RT:[ [32m'0.00'[39m, [32m'4.28'[39m, [32m'3.42'[39m, [32m'0.00'[39m ]
data rcv RT:[ [32m'0.00'[39m, [32m'4.29'[39m, [32m'3.43'[39m, [32m'0.00'[39m ]
data rcv RT:[ [32m'0.00'[39m, [32m'4.24'[39m, [32m'3.41'[39m, [32m'0.00'[39m ]
data rcv RT:[ [32m'0.00'[39m, [32m'4.27'[39m, [32m'3.40'[39m, [32m'0.00'[39m ]
data rcv RT:[ [32m'0.00'[39m, [32m'4.32'[39m, [32m'3.38'[39m, [32m'0.01'[39m ]
data rcv RT:[ [32m'0.00'[39m, [32m'4.31'[39m, [32m'3.36'[39m, [32m'0.06'[39m ]
data rcv RT:[ [32m'0.00'[39m, [32m'4.36'[39m, [32m'3.36'[39m, [32m'0.04'[39m ]
data rcv RT:[ [32m'0.00'[39m, [32m'4.36'[39m, [32m'3.39'[39m, [32m'0.04'[39m ]
data rcv RT:[ [32m'0.00'[39m, [32m'4.37'[39m, [32m'3.42'[39m, [32m'0.00'[39m ]
data rcv RT:[ [32m'0.00'[39m, [32m'4.35'[39m, [32m'3.44'[39m, [32m'0.00'[39m ]
data rcv RT:[ [32m'0.00'[39m, [32m'4.33'[39m, [32m'3.42'[39m, [32m'0.00'[39m ]
data rcv RT:[ [32m'0.00'[39m, [32m'4.30'[39m, [32m'3.44'[39m, [32m'0.00'[39m ]
data rcv RT:[ [32m'0.00'[39m, [32m'4.29'[39m, [32m'3.42'[39m, [32m'0.00'[39m ]
data rcv RT:[ [32m'0.00'[39m, [32m'4.27'[39m, [32m'3.42'[39m, [32m'0.00'[39m ]
data rcv RT:[ [32m'0.00'[39m, [32m'4.26'[39m, [32m'3.38'[39m, [32m'0.00'[39m ]
data rcv RT:[ [32m'0.00'[39m, [32m'4.28'[39m, [32m'3.39'[39m, [32m'0.00'[39m ]
data rcv RT:[ [32m'0.00'[39m, [32m'4.32'[39m, [32m'3.39'[39m, [32m'0.01'[39m ]
data rcv RT:[ [32m'0.00'[39m, [32m'4.34'[39m, [32m'3.39'[39m, [32m'0.02'[39m ]
data rcv RT:[ [32m'0.00'[39m, [32m'4.33'[39m, [32m'3.36'[39m, [32m'0.06'[39m ]
data rcv RT:[ [32m'0.00'[39m, [32m'4.36'[39m, [32m'3.38'[39m, [32m'0.02'[39m ]
data rcv RT:[ [32m'0.00'[39m, [32m'4.37'[39m, [32m'3.39'[39m, [32m'0.01'[39m ]
data rcv RT:[ [32m'0.00'[39m, [32m'4.32'[39m, [32m'3.43'[39m, [32m'0.00'[39m ]
data rcv RT:[ [32m'0.00'[39m, [32m'4.33'[39m, [32m'3.45'[39m, [32m'0.00'[39m ]
data rcv RT:[ [32m'0.00'[39m, [32m'4.31'[39m, [32m'3.40'[39m, [32m'0.00'[39m ]
data rcv RT:[ [32m'0.00'[39m, [32m'4.29'[39m, [32m'3.44'[39m, [32m'0.00'[39m ]
data rcv RT:[ [32m'0.00'[39m, [32m'4.29'[39m, [32m'3.37'[39m, [32m'0.00'[39m ]
data rcv RT:[ [32m'0.00'[39m, [32m'4.29'[39m, [32m'3.39'[39m, [32m'0.00'[39m ]
data rcv RT:[ [32m'0.00'[39m, [32m'4.29'[39m, [32m'3.39'[39m, [32m'0.00'[39m ]
data rcv RT:[ [32m'0.00'[39m, [32m'4.29'[39m, [32m'3.40'[39m, [32m'0.01'[39m ]
data rcv RT:[ [32m'0.00'[39m, [32m'4.32'[39m, [32m'3.37'[39m, [32m'0.05'[39m ]
data rcv RT:[ [32m'0.00'[39m, [32m'4.32'[39m, [32m'3.36'[39m, [32m'0.05'[39m ]
data rcv RT:[ [32m'0.00'[39m, [32m'4.36'[39m, [32m'3.40'[39m, [32m'0.03'[39m ]
data rcv RT:[ [32m'0.00'[39m, [32m'4.37'[39m, [32m'3.40'[39m, [32m'0.00'[39m ]
data rcv RT:[ [32m'0.00'[39m, [32m'4.35'[39m, [32m'3.44'[39m, [32m'0.00'[39m ]
data rcv RT:[ [32m'0.00'[39m, [32m'4.32'[39m, [32m'3.42'[39m, [32m'0.00'[39m ]
data rcv RT:[ [32m'0.00'[39m, [32m'4.29'[39m, [32m'3.42'[39m, [32m'0.00'[39m ]
data rcv RT:[ [32m'0.00'[39m, [32m'4.30'[39m, [32m'3.43'[39m, [32m'0.00'[39m ]
data rcv RT:[ [32m'0.00'[39m, [32m'4.28'[39m, [32m'3.41'[39m, [32m'0.00'[39m ]
data rcv RT:[ [32m'0.00'[39m, [32m'4.27'[39m, [32m'3.39'[39m, [32m'0.00'[39m ]
data rcv RT:[ [32m'0.00'[39m, [32m'4.27'[39m, [32m'3.39'[39m, [32m'0.00'[39m ]
data rcv RT:[ [32m'0.00'[39m, [32m'4.33'[39m, [32m'3.35'[39m, [32m'0.04'[39m ]
data rcv RT:[ [32m'0.00'[39m, [32m'4.34'[39m, [32m'3.35'[39m, [32m'0.03'[39m ]
data rcv RT:[ [32m'0.00'[39m, [32m'4.36'[39m, [32m'3.37'[39m, [32m'0.05'[39m ]
data rcv RT:[ [32m'0.00'[39m, [32m'4.39'[39m, [32m'3.41'[39m, [32m'0.00'[39m ]
data rcv RT:[ [32m'0.00'[39m, [32m'4.30'[39m, [32m'3.45'[39m, [32m'0.00'[39m ]
data rcv RT:[ [32m'0.00'[39m, [32m'4.32'[39m, [32m'3.42'[39m, [32m'0.00'[39m ]
data rcv RT:[ [32m'0.00'[39m, [32m'4.30'[39m, [32m'3.45'[39m, [32m'0.00'[39m ]
data rcv RT:[ [32m'0.00'[39m, [32m'4.34'[39m, [32m'3.43'[39m, [32m'0.00'[39m ]
data rcv RT:[ [32m'0.00'[39m, [32m'4.27'[39m, [32m'3.38'[39m, [32m'0.00'[39m ]
data rcv RT:[ [32m'0.00'[39m, [32m'4.27'[39m, [32m'3.39'[39m, [32m'0.00'[39m ]
data rcv RT:[ [32m'0.00'[39m, [32m'4.26'[39m, [32m'3.37'[39m, [32m'0.00'[39m ]
data rcv RT:[ [32m'0.00'[39m, [32m'4.28'[39m, [32m'3.37'[39m, [32m'0.00'[39m ]
data rcv RT:[ [32m'0.00'[39m, [32m'4.32'[39m, [32m'3.39'[39m, [32m'0.01'[39m ]
data rcv RT:[ [32m'0.00'[39m, [32m'4.30'[39m, [32m'3.38'[39m, [32m'0.01'[39m ]
data rcv RT:[ [32m'0.00'[39m, [32m'4.36'[39m, [32m'3.35'[39m, [32m'0.05'[39m ]
data rcv RT:[ [32m'0.00'[39m, [32m'4.34'[39m, [32m'3.41'[39m, [32m'0.02'[39m ]
data rcv RT:[ [32m'0.00'[39m, [32m'4.37'[39m, [32m'3.37'[39m, [32m'0.02'[39m ]
data rcv RT:[ [32m'0.00'[39m, [32m'4.36'[39m, [32m'3.42'[39m, [32m'0.00'[39m ]
data rcv RT:[ [32m'0.00'[39m, [32m'4.33'[39m, [32m'3.42'[39m, [32m'0.00'[39m ]
data rcv RT:[ [32m'0.00'[39m, [32m'4.30'[39m, [32m'3.45'[39m, [32m'0.00'[39m ]
data rcv RT:[ [32m'0.00'[39m, [32m'4.31'[39m, [32m'3.42'[39m, [32m'0.00'[39m ]
data rcv RT:[ [32m'0.00'[39m, [32m'4.29'[39m, [32m'3.45'[39m, [32m'0.00'[39m ]
data rcv RT:[ [32m'0.00'[39m, [32m'4.29'[39m, [32m'3.42'[39m, [32m'0.00'[39m ]
data rcv RT:[ [32m'0.00'[39m, [32m'4.26'[39m, [32m'3.38'[39m, [32m'0.00'[39m ]
data rcv RT:[ [32m'0.00'[39m, [32m'4.26'[39m, [32m'3.37'[39m, [32m'0.00'[39m ]
data rcv RT:[ [32m'0.00'[39m, [32m'4.29'[39m, [32m'3.39'[39m, [32m'0.01'[39m ]
data rcv RT:[ [32m'0.00'[39m, [32m'4.31'[39m, [32m'3.37'[39m, [32m'0.00'[39m ]
data rcv RT:[ [32m'0.00'[39m, [32m'4.31'[39m, [32m'3.38'[39m, [32m'0.00'[39m ]
data rcv RT:[ [32m'0.00'[39m, [32m'4.37'[39m, [32m'3.38'[39m, [32m'0.05'[39m ]
data rcv RT:[ [32m'0.00'[39m, [32m'4.35'[39m, [32m'3.37'[39m, [32m'0.03'[39m ]
data rcv RT:[ [32m'0.00'[39m, [32m'4.37'[39m, [32m'3.38'[39m, [32m'0.02'[39m ]
data rcv RT:[ [32m'0.00'[39m, [32m'4.37'[39m, [32m'3.41'[39m, [32m'0.01'[39m ]
data rcv RT:[ [32m'0.00'[39m, [32m'4.32'[39m, [32m'3.45'[39m, [32m'0.00'[39m ]
data rcv RT:[ [32m'0.00'[39m, [32m'4.34'[39m, [32m'3.42'[39m, [32m'0.00'[39m ]
data rcv RT:[ [32m'0.00'[39m, [32m'4.32'[39m, [32m'3.43'[39m, [32m'0.00'[39m ]
data rcv RT:[ [32m'0.00'[39m, [32m'4.30'[39m, [32m'3.40'[39m, [32m'0.00'[39m ]
data rcv RT:[ [32m'0.00'[39m, [32m'4.30'[39m, [32m'3.43'[39m, [32m'0.00'[39m ]
data rcv RT:[ [32m'0.00'[39m, [32m'4.30'[39m, [32m'3.44'[39m, [32m'0.00'[39m ]
data rcv RT:[ [32m'0.00'[39m, [32m'4.26'[39m, [32m'3.41'[39m, [32m'0.00'[39m ]
data rcv RT:[ [32m'0.00'[39m, [32m'4.24'[39m, [32m'3.40'[39m, [32m'0.00'[39m ]
data rcv RT:[ [32m'0.00'[39m, [32m'4.31'[39m, [32m'3.37'[39m, [32m'0.01'[39m ]
data rcv RT:[ [32m'0.00'[39m, [32m'4.33'[39m, [32m'3.38'[39m, [32m'0.01'[39m ]
data rcv RT:[ [32m'0.00'[39m, [32m'4.34'[39m, [32m'3.37'[39m, [32m'0.02'[39m ]
data rcv RT:[ [32m'0.00'[39m, [32m'4.34'[39m, [32m'3.35'[39m, [32m'0.04'[39m ]
data rcv RT:[ [32m'0.00'[39m, [32m'4.33'[39m, [32m'3.37'[39m, [32m'0.00'[39m ]
data rcv RT:[ [32m'0.00'[39m, [32m'4.37'[39m, [32m'3.39'[39m, [32m'0.04'[39m ]
data rcv RT:[ [32m'0.00'[39m, [32m'4.36'[39m, [32m'3.37'[39m, [32m'0.03'[39m ]
data rcv RT:[ [32m'0.00'[39m, [32m'4.37'[39m, [32m'3.39'[39m, [32m'0.02'[39m ]
data rcv RT:[ [32m'0.00'[39m, [32m'4.35'[39m, [32m'3.43'[39m, [32m'0.00'[39m ]
data rcv RT:[ [32m'0.00'[39m, [32m'4.35'[39m, [32m'3.41'[39m, [32m'0.00'[39m ]
data rcv RT:[ [32m'0.00'[39m, [32m'4.34'[39m, [32m'3.41'[39m, [32m'0.00'[39m ]
data rcv RT:[ [32m'0.00'[39m, [32m'4.31'[39m, [32m'3.43'[39m, [32m'0.00'[39m ]
data rcv RT:[ [32m'0.00'[39m, [32m'4.28'[39m, [32m'3.44'[39m, [32m'0.00'[39m ]
data rcv RT:[ [32m'0.00'[39m, [32m'4.30'[39m, [32m'3.40'[39m, [32m'0.00'[39m ]
data rcv RT:[ [32m'0.00'[39m, [32m'4.27'[39m, [32m'3.42'[39m, [32m'0.00'[39m ]
data rcv RT:[ [32m'0.00'[39m, [32m'4.28'[39m, [32m'3.39'[39m, [32m'0.00'[39m ]
data rcv RT:[ [32m'0.00'[39m, [32m'4.30'[39m, [32m'3.36'[39m, [32m'0.00'[39m ]
data rcv RT:[ [32m'0.00'[39m, [32m'4.29'[39m, [32m'3.39'[39m, [32m'0.00'[39m ]
data rcv RT:[ [32m'0.00'[39m, [32m'4.30'[39m, [32m'3.37'[39m, [32m'0.00'[39m ]
data rcv RT:[ [32m'0.00'[39m, [32m'4.36'[39m, [32m'3.40'[39m, [32m'0.01'[39m ]
data rcv RT:[ [32m'0.00'[39m, [32m'4.34'[39m, [32m'3.38'[39m, [32m'0.04'[39m ]
data rcv RT:[ [32m'0.00'[39m, [32m'4.36'[39m, [32m'3.40'[39m, [32m'0.02'[39m ]
data rcv RT:[ [32m'0.00'[39m, [32m'4.35'[39m, [32m'3.44'[39m, [32m'0.00'[39m ]
data rcv RT:[ [32m'0.00'[39m, [32m'4.37'[39m, [32m'3.41'[39m, [32m'0.00'[39m ]
data rcv RT:[ [32m'0.00'[39m, [32m'4.33'[39m, [32m'3.43'[39m, [32m'0.00'[39m ]
data rcv RT:[ [32m'0.00'[39m, [32m'4.34'[39m, [32m'3.42'[39m, [32m'0.00'[39m ]
data rcv RT:[ [32m'0.00'[39m, [32m'4.29'[39m, [32m'3.42'[39m, [32m'0.00'[39m ]
data rcv RT:[ [32m'0.00'[39m, [32m'4.30'[39m, [32m'3.41'[39m, [32m'0.00'[39m ]
data rcv RT:[ [32m'0.00'[39m, [32m'4.32'[39m, [32m'3.41'[39m, [32m'0.00'[39m ]
data rcv RT:[ [32m'0.00'[39m, [32m'4.31'[39m, [32m'3.42'[39m, [32m'0.00'[39m ]
data rcv RT:[ [32m'0.00'[39m, [32m'4.29'[39m, [32m'3.46'[39m, [32m'0.00'[39m ]
data rcv RT:[ [32m'0.00'[39m, [32m'4.27'[39m, [32m'3.38'[39m, [32m'0.00'[39m ]
data rcv RT:[ [32m'0.00'[39m, [32m'4.27'[39m, [32m'3.40'[39m, [32m'0.00'[39m ]
data rcv RT:[ [32m'0.00'[39m, [32m'4.30'[39m, [32m'3.36'[39m, [32m'0.00'[39m ]
data rcv RT:[ [32m'0.00'[39m, [32m'4.27'[39m, [32m'3.40'[39m, [32m'0.00'[39m ]
data rcv RT:[ [32m'0.00'[39m, [32m'4.31'[39m, [32m'3.38'[39m, [32m'0.01'[39m ]
data rcv RT:[ [32m'0.00'[39m, [32m'4.34'[39m, [32m'3.37'[39m, [32m'0.02'[39m ]
data rcv RT:[ [32m'0.00'[39m, [32m'4.34'[39m, [32m'3.37'[39m, [32m'0.02'[39m ]
data rcv RT:[ [32m'0.00'[39m, [32m'4.33'[39m, [32m'3.39'[39m, [32m'0.05'[39m ]
data rcv RT:[ [32m'0.00'[39m, [32m'4.36'[39m, [32m'3.37'[39m, [32m'0.05'[39m ]
data rcv RT:[ [32m'0.00'[39m, [32m'4.35'[39m, [32m'3.42'[39m, [32m'0.00'[39m ]
data rcv RT:[ [32m'0.00'[39m, [32m'4.35'[39m, [32m'3.44'[39m, [32m'0.00'[39m ]
data rcv RT:[ [32m'0.00'[39m, [32m'4.33'[39m, [32m'3.44'[39m, [32m'0.00'[39m ]
data rcv RT:[ [32m'0.00'[39m, [32m'4.30'[39m, [32m'3.44'[39m, [32m'0.00'[39m ]
data rcv RT:[ [32m'0.00'[39m, [32m'4.30'[39m, [32m'3.43'[39m, [32m'0.00'[39m ]
data rcv RT:[ [32m'0.00'[39m, [32m'4.31'[39m, [32m'3.42'[39m, [32m'0.00'[39m ]
data rcv RT:[ [32m'0.00'[39m, [32m'4.29'[39m, [32m'3.44'[39m, [32m'0.00'[39m ]
data rcv RT:[ [32m'0.00'[39m, [32m'4.27'[39m, [32m'3.42'[39m, [32m'0.00'[39m ]
data rcv RT:[ [32m'0.00'[39m, [32m'4.25'[39m, [32m'3.40'[39m, [32m'0.00'[39m ]
data rcv RT:[ [32m'0.00'[39m, [32m'4.26'[39m, [32m'3.38'[39m, [32m'0.00'[39m ]
data rcv RT:[ [32m'0.00'[39m, [32m'4.28'[39m, [32m'3.38'[39m, [32m'0.00'[39m ]
data rcv RT:[ [32m'0.00'[39m, [32m'4.30'[39m, [32m'3.40'[39m, [32m'0.00'[39m ]
data rcv RT:[ [32m'0.00'[39m, [32m'4.31'[39m, [32m'3.37'[39m, [32m'0.00'[39m ]
data rcv RT:[ [32m'0.00'[39m, [32m'4.34'[39m, [32m'3.36'[39m, [32m'0.04'[39m ]
data rcv RT:[ [32m'0.00'[39m, [32m'4.39'[39m, [32m'3.38'[39m, [32m'0.03'[39m ]
data rcv RT:[ [32m'0.00'[39m, [32m'4.36'[39m, [32m'3.39'[39m, [32m'0.02'[39m ]
data rcv RT:[ [32m'0.00'[39m, [32m'4.35'[39m, [32m'3.43'[39m, [32m'0.00'[39m ]
data rcv RT:[ [32m'0.00'[39m, [32m'4.33'[39m, [32m'3.43'[39m, [32m'0.00'[39m ]
data rcv RT:[ [32m'0.00'[39m, [32m'4.34'[39m, [32m'3.42'[39m, [32m'0.00'[39m ]
data rcv RT:[ [32m'0.00'[39m, [32m'4.37'[39m, [32m'3.42'[39m, [32m'0.00'[39m ]
data rcv RT:[ [32m'0.00'[39m, [32m'4.31'[39m, [32m'3.43'[39m, [32m'0.00'[39m ]
data rcv RT:[ [32m'0.00'[39m, [32m'4.34'[39m, [32m'3.41'[39m, [32m'0.00'[39m ]
data rcv RT:[ [32m'0.00'[39m, [32m'4.32'[39m, [32m'3.43'[39m, [32m'0.00'[39m ]
data rcv RT:[ [32m'0.00'[39m, [32m'4.27'[39m, [32m'3.40'[39m, [32m'0.00'[39m ]
data rcv RT:[ [32m'0.00'[39m, [32m'4.25'[39m, [32m'3.42'[39m, [32m'0.00'[39m ]
data rcv RT:[ [32m'0.00'[39m, [32m'4.26'[39m, [32m'3.38'[39m, [32m'0.00'[39m ]
data rcv RT:[ [32m'0.00'[39m, [32m'4.26'[39m, [32m'3.38'[39m, [32m'0.00'[39m ]
data rcv RT:[ [32m'0.00'[39m, [32m'4.31'[39m, [32m'3.36'[39m, [32m'0.00'[39m ]
data rcv RT:[ [32m'0.00'[39m, [32m'4.31'[39m, [32m'3.37'[39m, [32m'0.01'[39m ]
data rcv RT:[ [32m'0.00'[39m, [32m'4.30'[39m, [32m'3.38'[39m, [32m'0.02'[39m ]
data rcv RT:[ [32m'0.00'[39m, [32m'4.33'[39m, [32m'3.39'[39m, [32m'0.00'[39m ]
data rcv RT:[ [32m'0.00'[39m, [32m'4.35'[39m, [32m'3.38'[39m, [32m'0.01'[39m ]
data rcv RT:[ [32m'0.00'[39m, [32m'4.37'[39m, [32m'3.39'[39m, [32m'0.04'[39m ]
data rcv RT:[ [32m'0.00'[39m, [32m'4.33'[39m, [32m'3.43'[39m, [32m'0.00'[39m ]
data rcv RT:[ [32m'0.00'[39m, [32m'4.39'[39m, [32m'3.38'[39m, [32m'0.02'[39m ]
data rcv RT:[ [32m'0.00'[39m, [32m'4.34'[39m, [32m'3.41'[39m, [32m'0.00'[39m ]
data rcv RT:[ [32m'0.00'[39m, [32m'4.32'[39m, [32m'3.41'[39m, [32m'0.00'[39m ]
data rcv RT:[ [32m'0.00'[39m, [32m'4.30'[39m, [32m'3.43'[39m, [32m'0.00'[39m ]
data rcv RT:[ [32m'0.00'[39m, [32m'4.31'[39m, [32m'3.41'[39m, [32m'0.00'[39m ]
data rcv RT:[ [32m'0.00'[39m, [32m'4.31'[39m, [32m'3.45'[39m, [32m'0.00'[39m ]
data rcv RT:[ [32m'0.00'[39m, [32m'4.29'[39m, [32m'3.46'[39m, [32m'0.00'[39m ]
data rcv RT:[ [32m'0.00'[39m, [32m'4.26'[39m, [32m'3.41'[39m, [32m'0.00'[39m ]
data rcv RT:[ [32m'0.00'[39m, [32m'4.29'[39m, [32m'3.39'[39m, [32m'0.00'[39m ]
data rcv RT:[ [32m'0.00'[39m, [32m'4.28'[39m, [32m'3.40'[39m, [32m'0.00'[39m ]
data rcv RT:[ [32m'0.00'[39m, [32m'4.26'[39m, [32m'3.40'[39m, [32m'0.00'[39m ]
data rcv RT:[ [32m'0.00'[39m, [32m'4.31'[39m, [32m'3.38'[39m, [32m'0.01'[39m ]
data rcv RT:[ [32m'0.00'[39m, [32m'4.28'[39m, [32m'3.38'[39m, [32m'0.00'[39m ]
data rcv RT:[ [32m'0.00'[39m, [32m'4.35'[39m, [32m'3.39'[39m, [32m'0.02'[39m ]
data rcv RT:[ [32m'0.00'[39m, [32m'4.34'[39m, [32m'3.36'[39m, [32m'0.06'[39m ]
data rcv RT:[ [32m'0.00'[39m, [32m'4.38'[39m, [32m'3.37'[39m, [32m'0.03'[39m ]
data rcv RT:[ [32m'0.00'[39m, [32m'4.35'[39m, [32m'3.43'[39m, [32m'0.00'[39m ]
data rcv RT:[ [32m'0.00'[39m, [32m'4.35'[39m, [32m'3.43'[39m, [32m'0.00'[39m ]
data rcv RT:[ [32m'0.00'[39m, [32m'4.31'[39m, [32m'3.42'[39m, [32m'0.00'[39m ]
data rcv RT:[ [32m'0.00'[39m, [32m'4.33'[39m, [32m'3.44'[39m, [32m'0.00'[39m ]
data rcv RT:[ [32m'0.00'[39m, [32m'4.33'[39m, [32m'3.43'[39m, [32m'0.00'[39m ]
data rcv RT:[ [32m'0.00'[39m, [32m'4.31'[39m, [32m'3.42'[39m, [32m'0.00'[39m ]
data rcv RT:[ [32m'0.00'[39m, [32m'4.29'[39m, [32m'3.42'[39m, [32m'0.00'[39m ]
data rcv RT:[ [32m'0.00'[39m, [32m'4.26'[39m, [32m'3.41'[39m, [32m'0.00'[39m ]
data rcv RT:[ [32m'0.00'[39m, [32m'4.26'[39m, [32m'3.40'[39m, [32m'0.00'[39m ]
data rcv RT:[ [32m'0.00'[39m, [32m'4.26'[39m, [32m'3.38'[39m, [32m'0.00'[39m ]
data rcv RT:[ [32m'0.00'[39m, [32m'4.32'[39m, [32m'3.39'[39m, [32m'0.01'[39m ]
data rcv RT:[ [32m'0.00'[39m, [32m'4.33'[39m, [32m'3.37'[39m, [32m'0.00'[39m ]
data rcv RT:[ [32m'0.00'[39m, [32m'4.36'[39m, [32m'3.33'[39m, [32m'0.04'[39m ]
data rcv RT:[ [32m'0.00'[39m, [32m'4.34'[39m, [32m'3.37'[39m, [32m'0.04'[39m ]
data rcv RT:[ [32m'0.00'[39m, [32m'4.36'[39m, [32m'3.37'[39m, [32m'0.04'[39m ]
data rcv RT:[ [32m'0.00'[39m, [32m'4.37'[39m, [32m'3.42'[39m, [32m'0.00'[39m ]
data rcv RT:[ [32m'0.00'[39m, [32m'4.38'[39m, [32m'3.41'[39m, [32m'0.00'[39m ]
data rcv RT:[ [32m'0.00'[39m, [32m'4.37'[39m, [32m'3.42'[39m, [32m'0.00'[39m ]
data rcv RT:[ [32m'0.00'[39m, [32m'4.30'[39m, [32m'3.45'[39m, [32m'0.00'[39m ]
data rcv RT:[ [32m'0.00'[39m, [32m'4.31'[39m, [32m'3.44'[39m, [32m'0.00'[39m ]
data rcv RT:[ [32m'0.00'[39m, [32m'4.31'[39m, [32m'3.41'[39m, [32m'0.00'[39m ]
data rcv RT:[ [32m'0.00'[39m, [32m'4.27'[39m, [32m'3.41'[39m, [32m'0.00'[39m ]
data rcv RT:[ [32m'0.00'[39m, [32m'4.26'[39m, [32m'3.41'[39m, [32m'0.00'[39m ]
data rcv RT:[ [32m'0.00'[39m, [32m'4.25'[39m, [32m'3.37'[39m, [32m'0.00'[39m ]
data rcv RT:[ [32m'0.00'[39m, [32m'4.26'[39m, [32m'3.38'[39m, [32m'0.00'[39m ]
data rcv RT:[ [32m'0.00'[39m, [32m'4.29'[39m, [32m'3.40'[39m, [32m'0.00'[39m ]
data rcv RT:[ [32m'0.00'[39m, [32m'4.33'[39m, [32m'3.38'[39m, [32m'0.00'[39m ]
data rcv RT:[ [32m'0.00'[39m, [32m'4.32'[39m, [32m'3.37'[39m, [32m'0.06'[39m ]
data rcv RT:[ [32m'0.00'[39m, [32m'4.36'[39m, [32m'3.37'[39m, [32m'0.04'[39m ]
data rcv RT:[ [32m'0.00'[39m, [32m'4.33'[39m, [32m'3.42'[39m, [32m'0.03'[39m ]
data rcv RT:[ [32m'0.00'[39m, [32m'4.37'[39m, [32m'3.41'[39m, [32m'0.02'[39m ]
data rcv RT:[ [32m'0.00'[39m, [32m'4.37'[39m, [32m'3.42'[39m, [32m'0.00'[39m ]
data rcv RT:[ [32m'0.00'[39m, [32m'4.34'[39m, [32m'3.44'[39m, [32m'0.00'[39m ]
data rcv RT:[ [32m'0.00'[39m, [32m'4.31'[39m, [32m'3.43'[39m, [32m'0.00'[39m ]
data rcv RT:[ [32m'0.00'[39m, [32m'4.32'[39m, [32m'3.42'[39m, [32m'0.00'[39m ]
data rcv RT:[ [32m'0.00'[39m, [32m'4.30'[39m, [32m'3.43'[39m, [32m'0.00'[39m ]
data rcv RT:[ [32m'0.00'[39m, [32m'4.32'[39m, [32m'3.44'[39m, [32m'0.00'[39m ]
data rcv RT:[ [32m'0.00'[39m, [32m'4.27'[39m, [32m'3.39'[39m, [32m'0.00'[39m ]
data rcv RT:[ [32m'0.00'[39m, [32m'4.24'[39m, [32m'3.37'[39m, [32m'0.00'[39m ]
data rcv RT:[ [32m'0.00'[39m, [32m'4.25'[39m, [32m'3.38'[39m, [32m'0.00'[39m ]
data rcv RT:[ [32m'0.00'[39m, [32m'4.28'[39m, [32m'3.36'[39m, [32m'0.00'[39m ]
data rcv RT:[ [32m'0.00'[39m, [32m'4.32'[39m, [32m'3.38'[39m, [32m'0.00'[39m ]
data rcv RT:[ [32m'0.00'[39m, [32m'4.32'[39m, [32m'3.36'[39m, [32m'0.02'[39m ]
data rcv RT:[ [32m'0.00'[39m, [32m'4.33'[39m, [32m'3.35'[39m, [32m'0.06'[39m ]
client Front End connected
Socket {
  nsp: 
   Namespace {
     name: [32m'/'[39m,
     server: 
      Server {
        nsps: [36m[Object][39m,
        _path: [32m'/socket.io'[39m,
        _serveClient: [33mtrue[39m,
        _adapter: [36m[Function: Adapter][39m,
        _origins: [32m'*:*'[39m,
        sockets: [36m[Circular][39m,
        eio: [36m[Object][39m,
        httpServer: [36m[Object][39m,
        engine: [36m[Object][39m },
     sockets: { [32m'/#mNlfxTE9haNMNTQ8AAAj'[39m: [36m[Circular][39m },
     connected: { [32m'/#mNlfxTE9haNMNTQ8AAAj'[39m: [36m[Circular][39m },
     fns: [],
     ids: [33m0[39m,
     adapter: 
      Adapter {
        nsp: [36m[Circular][39m,
        rooms: [36m[Object][39m,
        sids: [36m[Object][39m,
        encoder: Encoder {} },
     _events: { connection: [36m[Function][39m },
     _eventsCount: [33m1[39m },
  server: 
   Server {
     nsps: { [32m'/'[39m: [36m[Object][39m },
     _path: [32m'/socket.io'[39m,
     _serveClient: [33mtrue[39m,
     _adapter: [36m[Function: Adapter][39m,
     _origins: [32m'*:*'[39m,
     sockets: 
      Namespace {
        name: [32m'/'[39m,
        server: [36m[Circular][39m,
        sockets: [36m[Object][39m,
        connected: [36m[Object][39m,
        fns: [],
        ids: [33m0[39m,
        adapter: [36m[Object][39m,
        _events: [36m[Object][39m,
        _eventsCount: [33m1[39m },
     eio: 
      Server {
        clients: [36m[Object][39m,
        clientsCount: [33m1[39m,
        pingTimeout: [33m60000[39m,
        pingInterval: [33m25000[39m,
        upgradeTimeout: [33m10000[39m,
        maxHttpBufferSize: [33m100000000[39m,
        transports: [36m[Object][39m,
        allowUpgrades: [33mtrue[39m,
        allowRequest: [36m[Function: bound ][39m,
        cookie: [32m'io'[39m,
        cookiePath: [33mfalse[39m,
        perMessageDeflate: [36m[Object][39m,
        httpCompression: [36m[Object][39m,
        ws: [36m[Object][39m,
        _events: [36m[Object][39m,
        _eventsCount: [33m1[39m },
     httpServer: 
      Server {
        domain: [1mnull[22m,
        _events: [36m[Object][39m,
        _eventsCount: [33m4[39m,
        _maxListeners: [90mundefined[39m,
        _connections: [33m1[39m,
        _handle: [36m[Object][39m,
        _usingSlaves: [33mfalse[39m,
        _slaves: [],
        _unref: [33mfalse[39m,
        allowHalfOpen: [33mtrue[39m,
        pauseOnConnect: [33mfalse[39m,
        httpAllowHalfOpen: [33mfalse[39m,
        timeout: [33m120000[39m,
        _pendingResponseData: [33m0[39m,
        _connectionKey: [32m'6::::3000'[39m },
     engine: 
      Server {
        clients: [36m[Object][39m,
        clientsCount: [33m1[39m,
        pingTimeout: [33m60000[39m,
        pingInterval: [33m25000[39m,
        upgradeTimeout: [33m10000[39m,
        maxHttpBufferSize: [33m100000000[39m,
        transports: [36m[Object][39m,
        allowUpgrades: [33mtrue[39m,
        allowRequest: [36m[Function: bound ][39m,
        cookie: [32m'io'[39m,
        cookiePath: [33mfalse[39m,
        perMessageDeflate: [36m[Object][39m,
        httpCompression: [36m[Object][39m,
        ws: [36m[Object][39m,
        _events: [36m[Object][39m,
        _eventsCount: [33m1[39m } },
  adapter: 
   Adapter {
     nsp: 
      Namespace {
        name: [32m'/'[39m,
        server: [36m[Object][39m,
        sockets: [36m[Object][39m,
        connected: [36m[Object][39m,
        fns: [],
        ids: [33m0[39m,
        adapter: [36m[Circular][39m,
        _events: [36m[Object][39m,
        _eventsCount: [33m1[39m },
     rooms: { [32m'/#mNlfxTE9haNMNTQ8AAAj'[39m: [36m[Object][39m },
     sids: { [32m'/#mNlfxTE9haNMNTQ8AAAj'[39m: [36m[Object][39m },
     encoder: Encoder {} },
  id: [32m'/#mNlfxTE9haNMNTQ8AAAj'[39m,
  client: 
   Client {
     server: 
      Server {
        nsps: [36m[Object][39m,
        _path: [32m'/socket.io'[39m,
        _serveClient: [33mtrue[39m,
        _adapter: [36m[Function: Adapter][39m,
        _origins: [32m'*:*'[39m,
        sockets: [36m[Object][39m,
        eio: [36m[Object][39m,
        httpServer: [36m[Object][39m,
        engine: [36m[Object][39m },
     conn: 
      Socket {
        id: [32m'mNlfxTE9haNMNTQ8AAAj'[39m,
        server: [36m[Object][39m,
        upgrading: [33mfalse[39m,
        upgraded: [33mfalse[39m,
        readyState: [32m'open'[39m,
        writeBuffer: [36m[Object][39m,
        packetsFn: [36m[Object][39m,
        sentCallbackFn: [],
        cleanupFn: [36m[Object][39m,
        request: [36m[Object][39m,
        remoteAddress: [32m'::ffff:10.210.30.41'[39m,
        checkIntervalTimer: [1mnull[22m,
        upgradeTimeoutTimer: [1mnull[22m,
        pingTimeoutTimer: [36m[Object][39m,
        transport: [36m[Object][39m,
        _events: [36m[Object][39m,
        _eventsCount: [33m3[39m },
     encoder: Encoder {},
     decoder: Decoder { reconstructor: [1mnull[22m, _callbacks: [36m[Object][39m },
     id: [32m'mNlfxTE9haNMNTQ8AAAj'[39m,
     request: 
      IncomingMessage {
        _readableState: [36m[Object][39m,
        readable: [33mtrue[39m,
        domain: [1mnull[22m,
        _events: {},
        _eventsCount: [33m0[39m,
        _maxListeners: [90mundefined[39m,
        socket: [36m[Object][39m,
        connection: [36m[Object][39m,
        httpVersionMajor: [33m1[39m,
        httpVersionMinor: [33m1[39m,
        httpVersion: [32m'1.1'[39m,
        complete: [33mtrue[39m,
        headers: [36m[Object][39m,
        rawHeaders: [36m[Object][39m,
        trailers: {},
        rawTrailers: [],
        upgrade: [33mfalse[39m,
        url: [32m'/socket.io/?EIO=3&transport=polling&t=LTmZcDC'[39m,
        method: [32m'GET'[39m,
        statusCode: [1mnull[22m,
        statusMessage: [1mnull[22m,
        client: [36m[Object][39m,
        _consuming: [33mfalse[39m,
        _dumped: [33mtrue[39m,
        _query: [36m[Object][39m,
        res: [36m[Object][39m,
        cleanup: [36m[Function: cleanup][39m },
     onclose: [36m[Function: bound ][39m,
     ondata: [36m[Function: bound ][39m,
     onerror: [36m[Function: bound ][39m,
     ondecoded: [36m[Function: bound ][39m,
     sockets: { [32m'/#mNlfxTE9haNMNTQ8AAAj'[39m: [36m[Circular][39m },
     nsps: { [32m'/'[39m: [36m[Circular][39m },
     connectBuffer: [] },
  conn: 
   Socket {
     id: [32m'mNlfxTE9haNMNTQ8AAAj'[39m,
     server: 
      Server {
        clients: [36m[Object][39m,
        clientsCount: [33m1[39m,
        pingTimeout: [33m60000[39m,
        pingInterval: [33m25000[39m,
        upgradeTimeout: [33m10000[39m,
        maxHttpBufferSize: [33m100000000[39m,
        transports: [36m[Object][39m,
        allowUpgrades: [33mtrue[39m,
        allowRequest: [36m[Function: bound ][39m,
        cookie: [32m'io'[39m,
        cookiePath: [33mfalse[39m,
        perMessageDeflate: [36m[Object][39m,
        httpCompression: [36m[Object][39m,
        ws: [36m[Object][39m,
        _events: [36m[Object][39m,
        _eventsCount: [33m1[39m },
     upgrading: [33mfalse[39m,
     upgraded: [33mfalse[39m,
     readyState: [32m'open'[39m,
     writeBuffer: [ [36m[Object][39m ],
     packetsFn: [ [90mundefined[39m ],
     sentCallbackFn: [],
     cleanupFn: [ [36m[Function][39m, [36m[Function][39m ],
     request: 
      IncomingMessage {
        _readableState: [36m[Object][39m,
        readable: [33mtrue[39m,
        domain: [1mnull[22m,
        _events: {},
        _eventsCount: [33m0[39m,
        _maxListeners: [90mundefined[39m,
        socket: [36m[Object][39m,
        connection: [36m[Object][39m,
        httpVersionMajor: [33m1[39m,
        httpVersionMinor: [33m1[39m,
        httpVersion: [32m'1.1'[39m,
        complete: [33mtrue[39m,
        headers: [36m[Object][39m,
        rawHeaders: [36m[Object][39m,
        trailers: {},
        rawTrailers: [],
        upgrade: [33mfalse[39m,
        url: [32m'/socket.io/?EIO=3&transport=polling&t=LTmZcDC'[39m,
        method: [32m'GET'[39m,
        statusCode: [1mnull[22m,
        statusMessage: [1mnull[22m,
        client: [36m[Object][39m,
        _consuming: [33mfalse[39m,
        _dumped: [33mtrue[39m,
        _query: [36m[Object][39m,
        res: [36m[Object][39m,
        cleanup: [36m[Function: cleanup][39m },
     remoteAddress: [32m'::ffff:10.210.30.41'[39m,
     checkIntervalTimer: [1mnull[22m,
     upgradeTimeoutTimer: [1mnull[22m,
     pingTimeoutTimer: 
      Timeout {
        _called: [33mfalse[39m,
        _idleTimeout: [33m85000[39m,
        _idlePrev: [36m[Object][39m,
        _idleNext: [36m[Object][39m,
        _idleStart: [33m24838692[39m,
        _onTimeout: [36m[Function][39m,
        _repeat: [1mnull[22m },
     transport: 
      XHR {
        readyState: [32m'open'[39m,
        discarded: [33mfalse[39m,
        closeTimeout: [33m30000[39m,
        maxHttpBufferSize: [33m100000000[39m,
        httpCompression: [36m[Object][39m,
        supportsBinary: [33mtrue[39m,
        _events: [36m[Object][39m,
        _eventsCount: [33m5[39m,
        sid: [32m'mNlfxTE9haNMNTQ8AAAj'[39m,
        req: [1mnull[22m,
        res: [1mnull[22m,
        writable: [33mfalse[39m },
     _events: 
      { close: [36m[Object][39m,
        data: [36m[Function: bound ][39m,
        error: [36m[Function: bound ][39m },
     _eventsCount: [33m3[39m },
  rooms: {},
  acks: {},
  connected: [33mtrue[39m,
  disconnected: [33mfalse[39m,
  handshake: 
   { headers: 
      { host: [32m'10.210.30.148:3000'[39m,
        connection: [32m'keep-alive'[39m,
        [32m'cache-control'[39m: [32m'max-age=0'[39m,
        origin: [32m'http://10.210.30.148'[39m,
        [32m'user-agent'[39m: [32m'Mozilla/5.0 (Windows NT 5.1) AppleWebKit/537.36 (KHTML, like Gecko) Chrome/49.0.2623.112 Safari/537.36'[39m,
        accept: [32m'*/*'[39m,
        referer: [32m'http://10.210.30.148/sku/'[39m,
        [32m'accept-encoding'[39m: [32m'gzip, deflate, sdch'[39m,
        [32m'accept-language'[39m: [32m'ru-RU,ru;q=0.8,en-US;q=0.6,en;q=0.4'[39m,
        cookie: [32m'io=xSLkmPoQJdBZrMYCAAAh'[39m },
     time: [32m'Wed Sep 28 2016 15:29:10 GMT+0400 (SAMT)'[39m,
     address: [32m'::ffff:10.210.30.41'[39m,
     xdomain: [33mtrue[39m,
     secure: [33mfalse[39m,
     issued: [33m1475062150911[39m,
     url: [32m'/socket.io/?EIO=3&transport=polling&t=LTmZcDC'[39m,
     query: { EIO: [32m'3'[39m, transport: [32m'polling'[39m, t: [32m'LTmZcDC'[39m } } }
data rcv RT:[ [32m'0.00'[39m, [32m'4.32'[39m, [32m'3.38'[39m, [32m'0.01'[39m ]
data rcv RT:[ [32m'0.00'[39m, [32m'4.39'[39m, [32m'3.36'[39m, [32m'0.04'[39m ]
data rcv RT:[ [32m'0.00'[39m, [32m'4.42'[39m, [32m'3.39'[39m, [32m'0.02'[39m ]
data rcv RT:[ [32m'0.00'[39m, [32m'4.38'[39m, [32m'3.39'[39m, [32m'0.00'[39m ]
data rcv RT:[ [32m'0.00'[39m, [32m'4.34'[39m, [32m'3.44'[39m, [32m'0.00'[39m ]
data rcv RT:[ [32m'0.00'[39m, [32m'4.31'[39m, [32m'3.41'[39m, [32m'0.00'[39m ]
data rcv RT:[ [32m'0.00'[39m, [32m'4.35'[39m, [32m'3.41'[39m, [32m'0.00'[39m ]
data rcv RT:[ [32m'0.00'[39m, [32m'4.35'[39m, [32m'3.48'[39m, [32m'0.00'[39m ]
data rcv RT:[ [32m'0.00'[39m, [32m'4.28'[39m, [32m'3.45'[39m, [32m'0.00'[39m ]
data rcv RT:[ [32m'0.00'[39m, [32m'4.25'[39m, [32m'3.41'[39m, [32m'0.00'[39m ]
data rcv RT:[ [32m'0.00'[39m, [32m'4.29'[39m, [32m'3.40'[39m, [32m'0.00'[39m ]
data rcv RT:[ [32m'0.00'[39m, [32m'4.29'[39m, [32m'3.39'[39m, [32m'0.00'[39m ]
data rcv RT:[ [32m'0.00'[39m, [32m'4.34'[39m, [32m'3.40'[39m, [32m'0.01'[39m ]
data rcv RT:[ [32m'0.00'[39m, [32m'4.34'[39m, [32m'3.36'[39m, [32m'0.05'[39m ]
data rcv RT:[ [32m'0.00'[39m, [32m'4.38'[39m, [32m'3.39'[39m, [32m'0.03'[39m ]
data rcv RT:[ [32m'0.00'[39m, [32m'4.39'[39m, [32m'3.41'[39m, [32m'0.00'[39m ]
data rcv RT:[ [32m'0.00'[39m, [32m'4.32'[39m, [32m'3.41'[39m, [32m'0.00'[39m ]
data rcv RT:[ [32m'0.00'[39m, [32m'4.30'[39m, [32m'3.42'[39m, [32m'0.00'[39m ]
data rcv RT:[ [32m'0.00'[39m, [32m'4.25'[39m, [32m'3.41'[39m, [32m'0.00'[39m ]
data rcv RT:[ [32m'0.00'[39m, [32m'4.24'[39m, [32m'3.41'[39m, [32m'0.00'[39m ]
data rcv RT:[ [32m'0.00'[39m, [32m'4.26'[39m, [32m'3.38'[39m, [32m'0.00'[39m ]
data rcv RT:[ [32m'0.00'[39m, [32m'4.32'[39m, [32m'3.39'[39m, [32m'0.01'[39m ]
data rcv RT:[ [32m'0.00'[39m, [32m'4.32'[39m, [32m'3.38'[39m, [32m'0.00'[39m ]
data rcv RT:[ [32m'0.00'[39m, [32m'4.35'[39m, [32m'3.36'[39m, [32m'0.02'[39m ]
data rcv RT:[ [32m'0.00'[39m, [32m'4.41'[39m, [32m'3.40'[39m, [32m'0.02'[39m ]
data rcv RT:[ [32m'0.00'[39m, [32m'4.39'[39m, [32m'3.40'[39m, [32m'0.01'[39m ]
data rcv RT:[ [32m'0.00'[39m, [32m'4.35'[39m, [32m'3.42'[39m, [32m'0.00'[39m ]
data rcv RT:[ [32m'0.00'[39m, [32m'4.35'[39m, [32m'3.41'[39m, [32m'0.00'[39m ]
data rcv RT:[ [32m'0.00'[39m, [32m'4.32'[39m, [32m'3.40'[39m, [32m'0.00'[39m ]
data rcv RT:[ [32m'0.00'[39m, [32m'4.31'[39m, [32m'3.41'[39m, [32m'0.00'[39m ]
data rcv RT:[ [32m'0.00'[39m, [32m'4.29'[39m, [32m'3.44'[39m, [32m'0.00'[39m ]
data rcv RT:[ [32m'0.00'[39m, [32m'4.25'[39m, [32m'3.38'[39m, [32m'0.00'[39m ]
data rcv RT:[ [32m'0.00'[39m, [32m'4.26'[39m, [32m'3.39'[39m, [32m'0.00'[39m ]
data rcv RT:[ [32m'0.00'[39m, [32m'4.29'[39m, [32m'3.38'[39m, [32m'0.00'[39m ]
data rcv RT:[ [32m'0.00'[39m, [32m'4.28'[39m, [32m'3.37'[39m, [32m'0.00'[39m ]
data rcv RT:[ [32m'0.00'[39m, [32m'4.29'[39m, [32m'3.39'[39m, [32m'0.02'[39m ]
data rcv RT:[ [32m'0.00'[39m, [32m'4.34'[39m, [32m'3.36'[39m, [32m'0.05'[39m ]
data rcv RT:[ [32m'0.00'[39m, [32m'4.39'[39m, [32m'3.44'[39m, [32m'0.01'[39m ]
data rcv RT:[ [32m'0.00'[39m, [32m'4.37'[39m, [32m'3.42'[39m, [32m'0.00'[39m ]
data rcv RT:[ [32m'0.00'[39m, [32m'4.33'[39m, [32m'3.43'[39m, [32m'0.00'[39m ]
data rcv RT:[ [32m'0.00'[39m, [32m'4.30'[39m, [32m'3.42'[39m, [32m'0.00'[39m ]
data rcv RT:[ [32m'0.00'[39m, [32m'4.29'[39m, [32m'3.42'[39m, [32m'0.00'[39m ]
data rcv RT:[ [32m'0.00'[39m, [32m'4.27'[39m, [32m'3.42'[39m, [32m'0.00'[39m ]
data rcv RT:[ [32m'0.00'[39m, [32m'4.28'[39m, [32m'3.37'[39m, [32m'0.00'[39m ]
data rcv RT:[ [32m'0.00'[39m, [32m'4.28'[39m, [32m'3.40'[39m, [32m'0.00'[39m ]
data rcv RT:[ [32m'0.00'[39m, [32m'4.29'[39m, [32m'3.37'[39m, [32m'0.00'[39m ]
data rcv RT:[ [32m'0.00'[39m, [32m'4.27'[39m, [32m'3.37'[39m, [32m'0.00'[39m ]
data rcv RT:[ [32m'0.00'[39m, [32m'4.28'[39m, [32m'3.39'[39m, [32m'0.00'[39m ]
client Front End connected
Socket {
  nsp: 
   Namespace {
     name: [32m'/'[39m,
     server: 
      Server {
        nsps: [36m[Object][39m,
        _path: [32m'/socket.io'[39m,
        _serveClient: [33mtrue[39m,
        _adapter: [36m[Function: Adapter][39m,
        _origins: [32m'*:*'[39m,
        sockets: [36m[Circular][39m,
        eio: [36m[Object][39m,
        httpServer: [36m[Object][39m,
        engine: [36m[Object][39m },
     sockets: 
      { [32m'/#mNlfxTE9haNMNTQ8AAAj'[39m: [36m[Object][39m,
        [32m'/#ZiuqJSYYRa3HBL1eAAAk'[39m: [36m[Circular][39m },
     connected: 
      { [32m'/#mNlfxTE9haNMNTQ8AAAj'[39m: [36m[Object][39m,
        [32m'/#ZiuqJSYYRa3HBL1eAAAk'[39m: [36m[Circular][39m },
     fns: [],
     ids: [33m0[39m,
     adapter: 
      Adapter {
        nsp: [36m[Circular][39m,
        rooms: [36m[Object][39m,
        sids: [36m[Object][39m,
        encoder: Encoder {} },
     _events: { connection: [36m[Function][39m },
     _eventsCount: [33m1[39m },
  server: 
   Server {
     nsps: { [32m'/'[39m: [36m[Object][39m },
     _path: [32m'/socket.io'[39m,
     _serveClient: [33mtrue[39m,
     _adapter: [36m[Function: Adapter][39m,
     _origins: [32m'*:*'[39m,
     sockets: 
      Namespace {
        name: [32m'/'[39m,
        server: [36m[Circular][39m,
        sockets: [36m[Object][39m,
        connected: [36m[Object][39m,
        fns: [],
        ids: [33m0[39m,
        adapter: [36m[Object][39m,
        _events: [36m[Object][39m,
        _eventsCount: [33m1[39m },
     eio: 
      Server {
        clients: [36m[Object][39m,
        clientsCount: [33m2[39m,
        pingTimeout: [33m60000[39m,
        pingInterval: [33m25000[39m,
        upgradeTimeout: [33m10000[39m,
        maxHttpBufferSize: [33m100000000[39m,
        transports: [36m[Object][39m,
        allowUpgrades: [33mtrue[39m,
        allowRequest: [36m[Function: bound ][39m,
        cookie: [32m'io'[39m,
        cookiePath: [33mfalse[39m,
        perMessageDeflate: [36m[Object][39m,
        httpCompression: [36m[Object][39m,
        ws: [36m[Object][39m,
        _events: [36m[Object][39m,
        _eventsCount: [33m1[39m },
     httpServer: 
      Server {
        domain: [1mnull[22m,
        _events: [36m[Object][39m,
        _eventsCount: [33m4[39m,
        _maxListeners: [90mundefined[39m,
        _connections: [33m3[39m,
        _handle: [36m[Object][39m,
        _usingSlaves: [33mfalse[39m,
        _slaves: [],
        _unref: [33mfalse[39m,
        allowHalfOpen: [33mtrue[39m,
        pauseOnConnect: [33mfalse[39m,
        httpAllowHalfOpen: [33mfalse[39m,
        timeout: [33m120000[39m,
        _pendingResponseData: [33m0[39m,
        _connectionKey: [32m'6::::3000'[39m },
     engine: 
      Server {
        clients: [36m[Object][39m,
        clientsCount: [33m2[39m,
        pingTimeout: [33m60000[39m,
        pingInterval: [33m25000[39m,
        upgradeTimeout: [33m10000[39m,
        maxHttpBufferSize: [33m100000000[39m,
        transports: [36m[Object][39m,
        allowUpgrades: [33mtrue[39m,
        allowRequest: [36m[Function: bound ][39m,
        cookie: [32m'io'[39m,
        cookiePath: [33mfalse[39m,
        perMessageDeflate: [36m[Object][39m,
        httpCompression: [36m[Object][39m,
        ws: [36m[Object][39m,
        _events: [36m[Object][39m,
        _eventsCount: [33m1[39m } },
  adapter: 
   Adapter {
     nsp: 
      Namespace {
        name: [32m'/'[39m,
        server: [36m[Object][39m,
        sockets: [36m[Object][39m,
        connected: [36m[Object][39m,
        fns: [],
        ids: [33m0[39m,
        adapter: [36m[Circular][39m,
        _events: [36m[Object][39m,
        _eventsCount: [33m1[39m },
     rooms: 
      { [32m'/#mNlfxTE9haNMNTQ8AAAj'[39m: [36m[Object][39m,
        [32m'/#ZiuqJSYYRa3HBL1eAAAk'[39m: [36m[Object][39m },
     sids: 
      { [32m'/#mNlfxTE9haNMNTQ8AAAj'[39m: [36m[Object][39m,
        [32m'/#ZiuqJSYYRa3HBL1eAAAk'[39m: [36m[Object][39m },
     encoder: Encoder {} },
  id: [32m'/#ZiuqJSYYRa3HBL1eAAAk'[39m,
  client: 
   Client {
     server: 
      Server {
        nsps: [36m[Object][39m,
        _path: [32m'/socket.io'[39m,
        _serveClient: [33mtrue[39m,
        _adapter: [36m[Function: Adapter][39m,
        _origins: [32m'*:*'[39m,
        sockets: [36m[Object][39m,
        eio: [36m[Object][39m,
        httpServer: [36m[Object][39m,
        engine: [36m[Object][39m },
     conn: 
      Socket {
        id: [32m'ZiuqJSYYRa3HBL1eAAAk'[39m,
        server: [36m[Object][39m,
        upgrading: [33mfalse[39m,
        upgraded: [33mfalse[39m,
        readyState: [32m'open'[39m,
        writeBuffer: [36m[Object][39m,
        packetsFn: [36m[Object][39m,
        sentCallbackFn: [],
        cleanupFn: [36m[Object][39m,
        request: [36m[Object][39m,
        remoteAddress: [32m'::ffff:10.210.30.32'[39m,
        checkIntervalTimer: [1mnull[22m,
        upgradeTimeoutTimer: [1mnull[22m,
        pingTimeoutTimer: [36m[Object][39m,
        transport: [36m[Object][39m,
        _events: [36m[Object][39m,
        _eventsCount: [33m3[39m },
     encoder: Encoder {},
     decoder: Decoder { reconstructor: [1mnull[22m, _callbacks: [36m[Object][39m },
     id: [32m'ZiuqJSYYRa3HBL1eAAAk'[39m,
     request: 
      IncomingMessage {
        _readableState: [36m[Object][39m,
        readable: [33mtrue[39m,
        domain: [1mnull[22m,
        _events: {},
        _eventsCount: [33m0[39m,
        _maxListeners: [90mundefined[39m,
        socket: [36m[Object][39m,
        connection: [36m[Object][39m,
        httpVersionMajor: [33m1[39m,
        httpVersionMinor: [33m1[39m,
        httpVersion: [32m'1.1'[39m,
        complete: [33mtrue[39m,
        headers: [36m[Object][39m,
        rawHeaders: [36m[Object][39m,
        trailers: {},
        rawTrailers: [],
        upgrade: [33mfalse[39m,
        url: [32m'/socket.io/?EIO=3&transport=polling&t=LTma5Uo'[39m,
        method: [32m'GET'[39m,
        statusCode: [1mnull[22m,
        statusMessage: [1mnull[22m,
        client: [36m[Object][39m,
        _consuming: [33mfalse[39m,
        _dumped: [33mtrue[39m,
        _query: [36m[Object][39m,
        res: [36m[Object][39m,
        cleanup: [36m[Function: cleanup][39m },
     onclose: [36m[Function: bound ][39m,
     ondata: [36m[Function: bound ][39m,
     onerror: [36m[Function: bound ][39m,
     ondecoded: [36m[Function: bound ][39m,
     sockets: { [32m'/#ZiuqJSYYRa3HBL1eAAAk'[39m: [36m[Circular][39m },
     nsps: { [32m'/'[39m: [36m[Circular][39m },
     connectBuffer: [] },
  conn: 
   Socket {
     id: [32m'ZiuqJSYYRa3HBL1eAAAk'[39m,
     server: 
      Server {
        clients: [36m[Object][39m,
        clientsCount: [33m2[39m,
        pingTimeout: [33m60000[39m,
        pingInterval: [33m25000[39m,
        upgradeTimeout: [33m10000[39m,
        maxHttpBufferSize: [33m100000000[39m,
        transports: [36m[Object][39m,
        allowUpgrades: [33mtrue[39m,
        allowRequest: [36m[Function: bound ][39m,
        cookie: [32m'io'[39m,
        cookiePath: [33mfalse[39m,
        perMessageDeflate: [36m[Object][39m,
        httpCompression: [36m[Object][39m,
        ws: [36m[Object][39m,
        _events: [36m[Object][39m,
        _eventsCount: [33m1[39m },
     upgrading: [33mfalse[39m,
     upgraded: [33mfalse[39m,
     readyState: [32m'open'[39m,
     writeBuffer: [ [36m[Object][39m ],
     packetsFn: [ [90mundefined[39m ],
     sentCallbackFn: [],
     cleanupFn: [ [36m[Function][39m, [36m[Function][39m ],
     request: 
      IncomingMessage {
        _readableState: [36m[Object][39m,
        readable: [33mtrue[39m,
        domain: [1mnull[22m,
        _events: {},
        _eventsCount: [33m0[39m,
        _maxListeners: [90mundefined[39m,
        socket: [36m[Object][39m,
        connection: [36m[Object][39m,
        httpVersionMajor: [33m1[39m,
        httpVersionMinor: [33m1[39m,
        httpVersion: [32m'1.1'[39m,
        complete: [33mtrue[39m,
        headers: [36m[Object][39m,
        rawHeaders: [36m[Object][39m,
        trailers: {},
        rawTrailers: [],
        upgrade: [33mfalse[39m,
        url: [32m'/socket.io/?EIO=3&transport=polling&t=LTma5Uo'[39m,
        method: [32m'GET'[39m,
        statusCode: [1mnull[22m,
        statusMessage: [1mnull[22m,
        client: [36m[Object][39m,
        _consuming: [33mfalse[39m,
        _dumped: [33mtrue[39m,
        _query: [36m[Object][39m,
        res: [36m[Object][39m,
        cleanup: [36m[Function: cleanup][39m },
     remoteAddress: [32m'::ffff:10.210.30.32'[39m,
     checkIntervalTimer: [1mnull[22m,
     upgradeTimeoutTimer: [1mnull[22m,
     pingTimeoutTimer: 
      Timeout {
        _called: [33mfalse[39m,
        _idleTimeout: [33m85000[39m,
        _idlePrev: [36m[Object][39m,
        _idleNext: [36m[Object][39m,
        _idleStart: [33m24886301[39m,
        _onTimeout: [36m[Function][39m,
        _repeat: [1mnull[22m },
     transport: 
      XHR {
        readyState: [32m'open'[39m,
        discarded: [33mfalse[39m,
        closeTimeout: [33m30000[39m,
        maxHttpBufferSize: [33m100000000[39m,
        httpCompression: [36m[Object][39m,
        supportsBinary: [33mtrue[39m,
        _events: [36m[Object][39m,
        _eventsCount: [33m5[39m,
        sid: [32m'ZiuqJSYYRa3HBL1eAAAk'[39m,
        req: [1mnull[22m,
        res: [1mnull[22m,
        writable: [33mfalse[39m },
     _events: 
      { close: [36m[Object][39m,
        data: [36m[Function: bound ][39m,
        error: [36m[Function: bound ][39m },
     _eventsCount: [33m3[39m },
  rooms: {},
  acks: {},
  connected: [33mtrue[39m,
  disconnected: [33mfalse[39m,
  handshake: 
   { headers: 
      { host: [32m'10.210.30.148:3000'[39m,
        connection: [32m'keep-alive'[39m,
        [32m'user-agent'[39m: [32m'Mozilla/5.0 (Windows NT 5.1) AppleWebKit/537.36 (KHTML, like Gecko) Chrome/49.0.2623.112 Safari/537.36'[39m,
        origin: [32m'http://10.210.30.148'[39m,
        accept: [32m'*/*'[39m,
        referer: [32m'http://10.210.30.148/sku/'[39m,
        [32m'accept-encoding'[39m: [32m'gzip, deflate, sdch'[39m,
        [32m'accept-language'[39m: [32m'ru-RU,ru;q=0.8,en-US;q=0.6,en;q=0.4'[39m,
        cookie: [32m'io=NUOIZ8oTTGxWc7e3AAAi'[39m },
     time: [32m'Wed Sep 28 2016 15:29:58 GMT+0400 (SAMT)'[39m,
     address: [32m'::ffff:10.210.30.32'[39m,
     xdomain: [33mtrue[39m,
     secure: [33mfalse[39m,
     issued: [33m1475062198518[39m,
     url: [32m'/socket.io/?EIO=3&transport=polling&t=LTma5Uo'[39m,
     query: { EIO: [32m'3'[39m, transport: [32m'polling'[39m, t: [32m'LTma5Uo'[39m } } }
data rcv RT:[ [32m'0.00'[39m, [32m'4.31'[39m, [32m'3.40'[39m, [32m'0.02'[39m ]
data rcv RT:[ [32m'0.00'[39m, [32m'4.34'[39m, [32m'3.36'[39m, [32m'0.04'[39m ]
data rcv RT:[ [32m'0.00'[39m, [32m'4.42'[39m, [32m'3.41'[39m, [32m'0.00'[39m ]
data rcv RT:[ [32m'0.00'[39m, [32m'4.40'[39m, [32m'3.40'[39m, [32m'0.00'[39m ]
data rcv RT:[ [32m'0.00'[39m, [32m'4.38'[39m, [32m'3.42'[39m, [32m'0.00'[39m ]
data rcv RT:[ [32m'0.00'[39m, [32m'4.33'[39m, [32m'3.43'[39m, [32m'0.00'[39m ]
data rcv RT:[ [32m'0.00'[39m, [32m'4.30'[39m, [32m'3.42'[39m, [32m'0.00'[39m ]
data rcv RT:[ [32m'0.00'[39m, [32m'4.30'[39m, [32m'3.41'[39m, [32m'0.00'[39m ]
data rcv RT:[ [32m'0.00'[39m, [32m'4.33'[39m, [32m'3.41'[39m, [32m'0.00'[39m ]
min_max
MinMax Pool OK
[ RowDataPacket { minimum: [33m1474967372599[39m } ]
[ RowDataPacket { maximum: [33m1475062206983[39m } ]
[ RowDataPacket { minimum: [33m1474967320597[39m } ]
[ RowDataPacket { maximum: [33m1475062206886[39m } ]
MinMax connection released
min:1474967372599 max:1475062206983
min:1474967320597 max:1475062206886
{ min: 1474967372599, max: 1475062206983, tube: 3 }
ARJ LOAD started
interval:94834384
ArjLoad Pool OK
ArjLoad connection released
arj:
all con:[33m3[39m
free con:[33m1[39m
ARJ LOAD started
interval:94834384
ArjLoad Pool OK
ArjLoad connection released
arj:
all con:[33m3[39m
free con:[33m1[39m
data rcv RT:[ [32m'0.00'[39m, [32m'4.34'[39m, [32m'3.46'[39m, [32m'0.00'[39m ]
data rcv RT:[ [32m'0.00'[39m, [32m'4.32'[39m, [32m'3.45'[39m, [32m'0.00'[39m ]
data rcv RT:[ [32m'0.00'[39m, [32m'4.25'[39m, [32m'3.42'[39m, [32m'0.00'[39m ]
data rcv RT:[ [32m'0.00'[39m, [32m'4.22'[39m, [32m'3.40'[39m, [32m'0.00'[39m ]
data rcv RT:[ [32m'0.00'[39m, [32m'4.26'[39m, [32m'3.38'[39m, [32m'0.00'[39m ]
data rcv RT:[ [32m'0.00'[39m, [32m'4.30'[39m, [32m'3.38'[39m, [32m'0.00'[39m ]
data rcv RT:[ [32m'0.00'[39m, [32m'4.30'[39m, [32m'3.41'[39m, [32m'0.00'[39m ]
data rcv RT:[ [32m'0.00'[39m, [32m'4.32'[39m, [32m'3.37'[39m, [32m'0.01'[39m ]
data rcv RT:[ [32m'0.00'[39m, [32m'4.34'[39m, [32m'3.38'[39m, [32m'0.02'[39m ]
data rcv RT:[ [32m'0.00'[39m, [32m'4.35'[39m, [32m'3.37'[39m, [32m'0.03'[39m ]
data rcv RT:[ [32m'0.00'[39m, [32m'4.32'[39m, [32m'3.41'[39m, [32m'0.00'[39m ]
data rcv RT:[ [32m'0.00'[39m, [32m'4.36'[39m, [32m'3.40'[39m, [32m'0.00'[39m ]
data rcv RT:[ [32m'0.00'[39m, [32m'4.35'[39m, [32m'3.42'[39m, [32m'0.00'[39m ]
data rcv RT:[ [32m'0.00'[39m, [32m'4.32'[39m, [32m'3.42'[39m, [32m'0.00'[39m ]
data rcv RT:[ [32m'0.00'[39m, [32m'4.30'[39m, [32m'3.41'[39m, [32m'0.00'[39m ]
data rcv RT:[ [32m'0.00'[39m, [32m'4.25'[39m, [32m'3.40'[39m, [32m'0.00'[39m ]
data rcv RT:[ [32m'0.00'[39m, [32m'4.27'[39m, [32m'3.44'[39m, [32m'0.00'[39m ]
data rcv RT:[ [32m'0.00'[39m, [32m'4.24'[39m, [32m'3.40'[39m, [32m'0.00'[39m ]
data rcv RT:[ [32m'0.00'[39m, [32m'4.26'[39m, [32m'3.41'[39m, [32m'0.00'[39m ]
data rcv RT:[ [32m'0.00'[39m, [32m'4.28'[39m, [32m'3.40'[39m, [32m'0.00'[39m ]
data rcv RT:[ [32m'0.00'[39m, [32m'4.28'[39m, [32m'3.39'[39m, [32m'0.00'[39m ]
data rcv RT:[ [32m'0.00'[39m, [32m'4.33'[39m, [32m'3.38'[39m, [32m'0.02'[39m ]
data rcv RT:[ [32m'0.00'[39m, [32m'4.35'[39m, [32m'3.36'[39m, [32m'0.00'[39m ]
data rcv RT:[ [32m'0.00'[39m, [32m'4.34'[39m, [32m'3.36'[39m, [32m'0.07'[39m ]
data rcv RT:[ [32m'0.00'[39m, [32m'4.39'[39m, [32m'3.38'[39m, [32m'0.03'[39m ]
data rcv RT:[ [32m'0.00'[39m, [32m'4.38'[39m, [32m'3.39'[39m, [32m'0.01'[39m ]
data rcv RT:[ [32m'0.00'[39m, [32m'4.37'[39m, [32m'3.38'[39m, [32m'0.03'[39m ]
data rcv RT:[ [32m'0.00'[39m, [32m'4.38'[39m, [32m'3.40'[39m, [32m'0.02'[39m ]
data rcv RT:[ [32m'0.00'[39m, [32m'4.35'[39m, [32m'3.44'[39m, [32m'0.00'[39m ]
client Front End connected
Socket {
  nsp: 
   Namespace {
     name: [32m'/'[39m,
     server: 
      Server {
        nsps: [36m[Object][39m,
        _path: [32m'/socket.io'[39m,
        _serveClient: [33mtrue[39m,
        _adapter: [36m[Function: Adapter][39m,
        _origins: [32m'*:*'[39m,
        sockets: [36m[Circular][39m,
        eio: [36m[Object][39m,
        httpServer: [36m[Object][39m,
        engine: [36m[Object][39m },
     sockets: 
      { [32m'/#mNlfxTE9haNMNTQ8AAAj'[39m: [36m[Object][39m,
        [32m'/#VsbFVko-45XRh5x4AAAl'[39m: [36m[Circular][39m },
     connected: 
      { [32m'/#mNlfxTE9haNMNTQ8AAAj'[39m: [36m[Object][39m,
        [32m'/#VsbFVko-45XRh5x4AAAl'[39m: [36m[Circular][39m },
     fns: [],
     ids: [33m0[39m,
     adapter: 
      Adapter {
        nsp: [36m[Circular][39m,
        rooms: [36m[Object][39m,
        sids: [36m[Object][39m,
        encoder: Encoder {} },
     _events: { connection: [36m[Function][39m },
     _eventsCount: [33m1[39m },
  server: 
   Server {
     nsps: { [32m'/'[39m: [36m[Object][39m },
     _path: [32m'/socket.io'[39m,
     _serveClient: [33mtrue[39m,
     _adapter: [36m[Function: Adapter][39m,
     _origins: [32m'*:*'[39m,
     sockets: 
      Namespace {
        name: [32m'/'[39m,
        server: [36m[Circular][39m,
        sockets: [36m[Object][39m,
        connected: [36m[Object][39m,
        fns: [],
        ids: [33m0[39m,
        adapter: [36m[Object][39m,
        _events: [36m[Object][39m,
        _eventsCount: [33m1[39m },
     eio: 
      Server {
        clients: [36m[Object][39m,
        clientsCount: [33m2[39m,
        pingTimeout: [33m60000[39m,
        pingInterval: [33m25000[39m,
        upgradeTimeout: [33m10000[39m,
        maxHttpBufferSize: [33m100000000[39m,
        transports: [36m[Object][39m,
        allowUpgrades: [33mtrue[39m,
        allowRequest: [36m[Function: bound ][39m,
        cookie: [32m'io'[39m,
        cookiePath: [33mfalse[39m,
        perMessageDeflate: [36m[Object][39m,
        httpCompression: [36m[Object][39m,
        ws: [36m[Object][39m,
        _events: [36m[Object][39m,
        _eventsCount: [33m1[39m },
     httpServer: 
      Server {
        domain: [1mnull[22m,
        _events: [36m[Object][39m,
        _eventsCount: [33m4[39m,
        _maxListeners: [90mundefined[39m,
        _connections: [33m3[39m,
        _handle: [36m[Object][39m,
        _usingSlaves: [33mfalse[39m,
        _slaves: [],
        _unref: [33mfalse[39m,
        allowHalfOpen: [33mtrue[39m,
        pauseOnConnect: [33mfalse[39m,
        httpAllowHalfOpen: [33mfalse[39m,
        timeout: [33m120000[39m,
        _pendingResponseData: [33m0[39m,
        _connectionKey: [32m'6::::3000'[39m },
     engine: 
      Server {
        clients: [36m[Object][39m,
        clientsCount: [33m2[39m,
        pingTimeout: [33m60000[39m,
        pingInterval: [33m25000[39m,
        upgradeTimeout: [33m10000[39m,
        maxHttpBufferSize: [33m100000000[39m,
        transports: [36m[Object][39m,
        allowUpgrades: [33mtrue[39m,
        allowRequest: [36m[Function: bound ][39m,
        cookie: [32m'io'[39m,
        cookiePath: [33mfalse[39m,
        perMessageDeflate: [36m[Object][39m,
        httpCompression: [36m[Object][39m,
        ws: [36m[Object][39m,
        _events: [36m[Object][39m,
        _eventsCount: [33m1[39m } },
  adapter: 
   Adapter {
     nsp: 
      Namespace {
        name: [32m'/'[39m,
        server: [36m[Object][39m,
        sockets: [36m[Object][39m,
        connected: [36m[Object][39m,
        fns: [],
        ids: [33m0[39m,
        adapter: [36m[Circular][39m,
        _events: [36m[Object][39m,
        _eventsCount: [33m1[39m },
     rooms: 
      { [32m'/#mNlfxTE9haNMNTQ8AAAj'[39m: [36m[Object][39m,
        [32m'/#VsbFVko-45XRh5x4AAAl'[39m: [36m[Object][39m },
     sids: 
      { [32m'/#mNlfxTE9haNMNTQ8AAAj'[39m: [36m[Object][39m,
        [32m'/#VsbFVko-45XRh5x4AAAl'[39m: [36m[Object][39m },
     encoder: Encoder {} },
  id: [32m'/#VsbFVko-45XRh5x4AAAl'[39m,
  client: 
   Client {
     server: 
      Server {
        nsps: [36m[Object][39m,
        _path: [32m'/socket.io'[39m,
        _serveClient: [33mtrue[39m,
        _adapter: [36m[Function: Adapter][39m,
        _origins: [32m'*:*'[39m,
        sockets: [36m[Object][39m,
        eio: [36m[Object][39m,
        httpServer: [36m[Object][39m,
        engine: [36m[Object][39m },
     conn: 
      Socket {
        id: [32m'VsbFVko-45XRh5x4AAAl'[39m,
        server: [36m[Object][39m,
        upgrading: [33mfalse[39m,
        upgraded: [33mfalse[39m,
        readyState: [32m'open'[39m,
        writeBuffer: [36m[Object][39m,
        packetsFn: [36m[Object][39m,
        sentCallbackFn: [],
        cleanupFn: [36m[Object][39m,
        request: [36m[Object][39m,
        remoteAddress: [32m'::ffff:10.210.30.32'[39m,
        checkIntervalTimer: [1mnull[22m,
        upgradeTimeoutTimer: [1mnull[22m,
        pingTimeoutTimer: [36m[Object][39m,
        transport: [36m[Object][39m,
        _events: [36m[Object][39m,
        _eventsCount: [33m3[39m },
     encoder: Encoder {},
     decoder: Decoder { reconstructor: [1mnull[22m, _callbacks: [36m[Object][39m },
     id: [32m'VsbFVko-45XRh5x4AAAl'[39m,
     request: 
      IncomingMessage {
        _readableState: [36m[Object][39m,
        readable: [33mtrue[39m,
        domain: [1mnull[22m,
        _events: {},
        _eventsCount: [33m0[39m,
        _maxListeners: [90mundefined[39m,
        socket: [36m[Object][39m,
        connection: [36m[Object][39m,
        httpVersionMajor: [33m1[39m,
        httpVersionMinor: [33m1[39m,
        httpVersion: [32m'1.1'[39m,
        complete: [33mtrue[39m,
        headers: [36m[Object][39m,
        rawHeaders: [36m[Object][39m,
        trailers: {},
        rawTrailers: [],
        upgrade: [33mfalse[39m,
        url: [32m'/socket.io/?EIO=3&transport=polling&t=LTmaEgH'[39m,
        method: [32m'GET'[39m,
        statusCode: [1mnull[22m,
        statusMessage: [1mnull[22m,
        client: [36m[Object][39m,
        _consuming: [33mfalse[39m,
        _dumped: [33mtrue[39m,
        _query: [36m[Object][39m,
        res: [36m[Object][39m,
        cleanup: [36m[Function: cleanup][39m },
     onclose: [36m[Function: bound ][39m,
     ondata: [36m[Function: bound ][39m,
     onerror: [36m[Function: bound ][39m,
     ondecoded: [36m[Function: bound ][39m,
     sockets: { [32m'/#VsbFVko-45XRh5x4AAAl'[39m: [36m[Circular][39m },
     nsps: { [32m'/'[39m: [36m[Circular][39m },
     connectBuffer: [] },
  conn: 
   Socket {
     id: [32m'VsbFVko-45XRh5x4AAAl'[39m,
     server: 
      Server {
        clients: [36m[Object][39m,
        clientsCount: [33m2[39m,
        pingTimeout: [33m60000[39m,
        pingInterval: [33m25000[39m,
        upgradeTimeout: [33m10000[39m,
        maxHttpBufferSize: [33m100000000[39m,
        transports: [36m[Object][39m,
        allowUpgrades: [33mtrue[39m,
        allowRequest: [36m[Function: bound ][39m,
        cookie: [32m'io'[39m,
        cookiePath: [33mfalse[39m,
        perMessageDeflate: [36m[Object][39m,
        httpCompression: [36m[Object][39m,
        ws: [36m[Object][39m,
        _events: [36m[Object][39m,
        _eventsCount: [33m1[39m },
     upgrading: [33mfalse[39m,
     upgraded: [33mfalse[39m,
     readyState: [32m'open'[39m,
     writeBuffer: [ [36m[Object][39m ],
     packetsFn: [ [90mundefined[39m ],
     sentCallbackFn: [],
     cleanupFn: [ [36m[Function][39m, [36m[Function][39m ],
     request: 
      IncomingMessage {
        _readableState: [36m[Object][39m,
        readable: [33mtrue[39m,
        domain: [1mnull[22m,
        _events: {},
        _eventsCount: [33m0[39m,
        _maxListeners: [90mundefined[39m,
        socket: [36m[Object][39m,
        connection: [36m[Object][39m,
        httpVersionMajor: [33m1[39m,
        httpVersionMinor: [33m1[39m,
        httpVersion: [32m'1.1'[39m,
        complete: [33mtrue[39m,
        headers: [36m[Object][39m,
        rawHeaders: [36m[Object][39m,
        trailers: {},
        rawTrailers: [],
        upgrade: [33mfalse[39m,
        url: [32m'/socket.io/?EIO=3&transport=polling&t=LTmaEgH'[39m,
        method: [32m'GET'[39m,
        statusCode: [1mnull[22m,
        statusMessage: [1mnull[22m,
        client: [36m[Object][39m,
        _consuming: [33mfalse[39m,
        _dumped: [33mtrue[39m,
        _query: [36m[Object][39m,
        res: [36m[Object][39m,
        cleanup: [36m[Function: cleanup][39m },
     remoteAddress: [32m'::ffff:10.210.30.32'[39m,
     checkIntervalTimer: [1mnull[22m,
     upgradeTimeoutTimer: [1mnull[22m,
     pingTimeoutTimer: 
      Timeout {
        _called: [33mfalse[39m,
        _idleTimeout: [33m85000[39m,
        _idlePrev: [36m[Object][39m,
        _idleNext: [36m[Object][39m,
        _idleStart: [33m24923883[39m,
        _onTimeout: [36m[Function][39m,
        _repeat: [1mnull[22m },
     transport: 
      XHR {
        readyState: [32m'open'[39m,
        discarded: [33mfalse[39m,
        closeTimeout: [33m30000[39m,
        maxHttpBufferSize: [33m100000000[39m,
        httpCompression: [36m[Object][39m,
        supportsBinary: [33mtrue[39m,
        _events: [36m[Object][39m,
        _eventsCount: [33m5[39m,
        sid: [32m'VsbFVko-45XRh5x4AAAl'[39m,
        req: [1mnull[22m,
        res: [1mnull[22m,
        writable: [33mfalse[39m },
     _events: 
      { close: [36m[Object][39m,
        data: [36m[Function: bound ][39m,
        error: [36m[Function: bound ][39m },
     _eventsCount: [33m3[39m },
  rooms: {},
  acks: {},
  connected: [33mtrue[39m,
  disconnected: [33mfalse[39m,
  handshake: 
   { headers: 
      { host: [32m'10.210.30.148:3000'[39m,
        connection: [32m'keep-alive'[39m,
        [32m'cache-control'[39m: [32m'max-age=0'[39m,
        [32m'user-agent'[39m: [32m'Mozilla/5.0 (Windows NT 5.1) AppleWebKit/537.36 (KHTML, like Gecko) Chrome/49.0.2623.112 Safari/537.36'[39m,
        origin: [32m'http://10.210.30.148'[39m,
        accept: [32m'*/*'[39m,
        referer: [32m'http://10.210.30.148/sku/'[39m,
        [32m'accept-encoding'[39m: [32m'gzip, deflate, sdch'[39m,
        [32m'accept-language'[39m: [32m'ru-RU,ru;q=0.8,en-US;q=0.6,en;q=0.4'[39m,
        cookie: [32m'io=ZiuqJSYYRa3HBL1eAAAk'[39m },
     time: [32m'Wed Sep 28 2016 15:30:36 GMT+0400 (SAMT)'[39m,
     address: [32m'::ffff:10.210.30.32'[39m,
     xdomain: [33mtrue[39m,
     secure: [33mfalse[39m,
     issued: [33m1475062236099[39m,
     url: [32m'/socket.io/?EIO=3&transport=polling&t=LTmaEgH'[39m,
     query: { EIO: [32m'3'[39m, transport: [32m'polling'[39m, t: [32m'LTmaEgH'[39m } } }
data rcv RT:[ [32m'0.00'[39m, [32m'4.33'[39m, [32m'3.42'[39m, [32m'0.00'[39m ]
data rcv RT:[ [32m'0.00'[39m, [32m'4.33'[39m, [32m'3.43'[39m, [32m'0.00'[39m ]
data rcv RT:[ [32m'0.00'[39m, [32m'4.33'[39m, [32m'3.44'[39m, [32m'0.00'[39m ]
data rcv RT:[ [32m'0.00'[39m, [32m'4.31'[39m, [32m'3.44'[39m, [32m'0.00'[39m ]
data rcv RT:[ [32m'0.00'[39m, [32m'4.27'[39m, [32m'3.47'[39m, [32m'0.00'[39m ]
data rcv RT:[ [32m'0.00'[39m, [32m'4.24'[39m, [32m'3.41'[39m, [32m'0.00'[39m ]
data rcv RT:[ [32m'0.00'[39m, [32m'4.30'[39m, [32m'3.37'[39m, [32m'0.00'[39m ]
data rcv RT:[ [32m'0.00'[39m, [32m'4.27'[39m, [32m'3.41'[39m, [32m'0.00'[39m ]
data rcv RT:[ [32m'0.00'[39m, [32m'4.32'[39m, [32m'3.36'[39m, [32m'0.00'[39m ]
data rcv RT:[ [32m'0.00'[39m, [32m'4.34'[39m, [32m'3.38'[39m, [32m'0.00'[39m ]
data rcv RT:[ [32m'0.00'[39m, [32m'4.36'[39m, [32m'3.36'[39m, [32m'0.07'[39m ]
data rcv RT:[ [32m'0.00'[39m, [32m'4.37'[39m, [32m'3.42'[39m, [32m'0.00'[39m ]
data rcv RT:[ [32m'0.00'[39m, [32m'4.38'[39m, [32m'3.42'[39m, [32m'0.00'[39m ]
data rcv RT:[ [32m'0.00'[39m, [32m'4.37'[39m, [32m'3.40'[39m, [32m'0.00'[39m ]
data rcv RT:[ [32m'0.00'[39m, [32m'4.33'[39m, [32m'3.43'[39m, [32m'0.00'[39m ]
data rcv RT:[ [32m'0.00'[39m, [32m'4.31'[39m, [32m'3.43'[39m, [32m'0.00'[39m ]
data rcv RT:[ [32m'0.00'[39m, [32m'4.31'[39m, [32m'3.41'[39m, [32m'0.00'[39m ]
data rcv RT:[ [32m'0.00'[39m, [32m'4.30'[39m, [32m'3.45'[39m, [32m'0.00'[39m ]
data rcv RT:[ [32m'0.00'[39m, [32m'4.26'[39m, [32m'3.41'[39m, [32m'0.00'[39m ]
data rcv RT:[ [32m'0.00'[39m, [32m'4.26'[39m, [32m'3.41'[39m, [32m'0.00'[39m ]
data rcv RT:[ [32m'0.00'[39m, [32m'4.27'[39m, [32m'3.37'[39m, [32m'0.00'[39m ]
data rcv RT:[ [32m'0.00'[39m, [32m'4.27'[39m, [32m'3.39'[39m, [32m'0.00'[39m ]
data rcv RT:[ [32m'0.00'[39m, [32m'4.30'[39m, [32m'3.38'[39m, [32m'0.00'[39m ]
data rcv RT:[ [32m'0.00'[39m, [32m'4.32'[39m, [32m'3.40'[39m, [32m'0.01'[39m ]
data rcv RT:[ [32m'0.00'[39m, [32m'4.34'[39m, [32m'3.35'[39m, [32m'0.06'[39m ]
data rcv RT:[ [32m'0.00'[39m, [32m'4.35'[39m, [32m'3.41'[39m, [32m'0.02'[39m ]
data rcv RT:[ [32m'0.00'[39m, [32m'4.38'[39m, [32m'3.39'[39m, [32m'0.00'[39m ]
data rcv RT:[ [32m'0.00'[39m, [32m'4.39'[39m, [32m'3.39'[39m, [32m'0.02'[39m ]
data rcv RT:[ [32m'0.00'[39m, [32m'4.34'[39m, [32m'3.41'[39m, [32m'0.00'[39m ]
data rcv RT:[ [32m'0.00'[39m, [32m'4.33'[39m, [32m'3.41'[39m, [32m'0.00'[39m ]
data rcv RT:[ [32m'0.00'[39m, [32m'4.31'[39m, [32m'3.43'[39m, [32m'0.00'[39m ]
data rcv RT:[ [32m'0.00'[39m, [32m'4.30'[39m, [32m'3.46'[39m, [32m'0.00'[39m ]
data rcv RT:[ [32m'0.00'[39m, [32m'4.30'[39m, [32m'3.43'[39m, [32m'0.00'[39m ]
data rcv RT:[ [32m'0.00'[39m, [32m'4.26'[39m, [32m'3.41'[39m, [32m'0.00'[39m ]
data rcv RT:[ [32m'0.00'[39m, [32m'4.26'[39m, [32m'3.39'[39m, [32m'0.00'[39m ]
data rcv RT:[ [32m'0.00'[39m, [32m'4.26'[39m, [32m'3.39'[39m, [32m'0.00'[39m ]
data rcv RT:[ [32m'0.00'[39m, [32m'4.27'[39m, [32m'3.37'[39m, [32m'0.00'[39m ]
data rcv RT:[ [32m'0.00'[39m, [32m'4.32'[39m, [32m'3.36'[39m, [32m'0.02'[39m ]
data rcv RT:[ [32m'0.00'[39m, [32m'4.31'[39m, [32m'3.38'[39m, [32m'0.01'[39m ]
data rcv RT:[ [32m'0.00'[39m, [32m'4.32'[39m, [32m'3.38'[39m, [32m'0.05'[39m ]
data rcv RT:[ [32m'0.00'[39m, [32m'4.32'[39m, [32m'3.38'[39m, [32m'0.01'[39m ]
data rcv RT:[ [32m'0.00'[39m, [32m'4.35'[39m, [32m'3.39'[39m, [32m'0.03'[39m ]
data rcv RT:[ [32m'0.00'[39m, [32m'4.38'[39m, [32m'3.41'[39m, [32m'0.01'[39m ]
data rcv RT:[ [32m'0.00'[39m, [32m'4.34'[39m, [32m'3.43'[39m, [32m'0.00'[39m ]
data rcv RT:[ [32m'0.00'[39m, [32m'4.35'[39m, [32m'3.44'[39m, [32m'0.00'[39m ]
data rcv RT:[ [32m'0.00'[39m, [32m'4.30'[39m, [32m'3.44'[39m, [32m'0.00'[39m ]
min_max
MinMax Pool OK
[ RowDataPacket { minimum: [33m1474967372599[39m } ]
[ RowDataPacket { maximum: [33m1475062282084[39m } ]
[ RowDataPacket { minimum: [33m1474967320597[39m } ]
[ RowDataPacket { maximum: [33m1475062281171[39m } ]
MinMax connection released
min:1474967372599 max:1475062282084
min:1474967320597 max:1475062281171
{ min: 1474967372599, max: 1475062282084, tube: 3 }
ARJ LOAD started
interval:94909485
ArjLoad Pool OK
ArjLoad connection released
arj:
all con:[33m3[39m
free con:[33m1[39m
ARJ LOAD started
interval:94909485
ArjLoad Pool OK
ArjLoad connection released
arj:
all con:[33m3[39m
free con:[33m1[39m
data rcv RT:[ [32m'0.00'[39m, [32m'4.30'[39m, [32m'3.43'[39m, [32m'0.00'[39m ]
data rcv RT:[ [32m'0.00'[39m, [32m'4.30'[39m, [32m'3.46'[39m, [32m'0.00'[39m ]
data rcv RT:[ [32m'0.00'[39m, [32m'4.26'[39m, [32m'3.40'[39m, [32m'0.00'[39m ]
data rcv RT:[ [32m'0.00'[39m, [32m'4.26'[39m, [32m'3.37'[39m, [32m'0.00'[39m ]
data rcv RT:[ [32m'0.00'[39m, [32m'4.29'[39m, [32m'3.40'[39m, [32m'0.00'[39m ]
data rcv RT:[ [32m'0.00'[39m, [32m'4.34'[39m, [32m'3.39'[39m, [32m'0.02'[39m ]
data rcv RT:[ [32m'0.00'[39m, [32m'4.32'[39m, [32m'3.42'[39m, [32m'0.00'[39m ]
data rcv RT:[ [32m'0.00'[39m, [32m'4.30'[39m, [32m'3.42'[39m, [32m'0.00'[39m ]
data rcv RT:[ [32m'0.00'[39m, [32m'4.26'[39m, [32m'3.43'[39m, [32m'0.00'[39m ]
data rcv RT:[ [32m'0.00'[39m, [32m'4.26'[39m, [32m'3.41'[39m, [32m'0.00'[39m ]
data rcv RT:[ [32m'0.00'[39m, [32m'4.26'[39m, [32m'3.38'[39m, [32m'0.00'[39m ]
data rcv RT:[ [32m'0.00'[39m, [32m'4.35'[39m, [32m'3.35'[39m, [32m'0.05'[39m ]
data rcv RT:[ [32m'0.00'[39m, [32m'4.35'[39m, [32m'3.42'[39m, [32m'0.00'[39m ]
data rcv RT:[ [32m'0.00'[39m, [32m'4.34'[39m, [32m'3.43'[39m, [32m'0.00'[39m ]
data rcv RT:[ [32m'0.00'[39m, [32m'4.33'[39m, [32m'3.43'[39m, [32m'0.00'[39m ]
data rcv RT:[ [32m'0.00'[39m, [32m'4.30'[39m, [32m'3.44'[39m, [32m'0.00'[39m ]
data rcv RT:[ [32m'0.00'[39m, [32m'4.30'[39m, [32m'3.42'[39m, [32m'0.00'[39m ]
data rcv RT:[ [32m'0.00'[39m, [32m'4.26'[39m, [32m'3.43'[39m, [32m'0.00'[39m ]
data rcv RT:[ [32m'0.00'[39m, [32m'4.25'[39m, [32m'3.41'[39m, [32m'0.00'[39m ]
data rcv RT:[ [32m'0.00'[39m, [32m'4.30'[39m, [32m'3.36'[39m, [32m'0.00'[39m ]
data rcv RT:[ [32m'0.00'[39m, [32m'4.29'[39m, [32m'3.38'[39m, [32m'0.01'[39m ]
data rcv RT:[ [32m'0.00'[39m, [32m'4.32'[39m, [32m'3.39'[39m, [32m'0.01'[39m ]
data rcv RT:[ [32m'0.00'[39m, [32m'4.32'[39m, [32m'3.38'[39m, [32m'0.00'[39m ]
data rcv RT:[ [32m'0.00'[39m, [32m'4.35'[39m, [32m'3.39'[39m, [32m'0.01'[39m ]
data rcv RT:[ [32m'0.00'[39m, [32m'4.32'[39m, [32m'3.38'[39m, [32m'0.04'[39m ]
data rcv RT:[ [32m'0.00'[39m, [32m'4.36'[39m, [32m'3.42'[39m, [32m'0.00'[39m ]
data rcv RT:[ [32m'0.00'[39m, [32m'4.33'[39m, [32m'3.42'[39m, [32m'0.00'[39m ]
data rcv RT:[ [32m'0.00'[39m, [32m'4.32'[39m, [32m'3.41'[39m, [32m'0.00'[39m ]
data rcv RT:[ [32m'0.00'[39m, [32m'4.30'[39m, [32m'3.42'[39m, [32m'0.00'[39m ]
data rcv RT:[ [32m'0.00'[39m, [32m'4.28'[39m, [32m'3.39'[39m, [32m'0.00'[39m ]
data rcv RT:[ [32m'0.00'[39m, [32m'4.28'[39m, [32m'3.40'[39m, [32m'0.00'[39m ]
data rcv RT:[ [32m'0.00'[39m, [32m'4.28'[39m, [32m'3.39'[39m, [32m'0.00'[39m ]
data rcv RT:[ [32m'0.00'[39m, [32m'4.29'[39m, [32m'3.36'[39m, [32m'0.00'[39m ]
data rcv RT:[ [32m'0.00'[39m, [32m'4.30'[39m, [32m'3.37'[39m, [32m'0.00'[39m ]
data rcv RT:[ [32m'0.00'[39m, [32m'4.34'[39m, [32m'3.37'[39m, [32m'0.01'[39m ]
data rcv RT:[ [32m'0.00'[39m, [32m'4.33'[39m, [32m'3.38'[39m, [32m'0.01'[39m ]
data rcv RT:[ [32m'0.00'[39m, [32m'4.38'[39m, [32m'3.41'[39m, [32m'0.00'[39m ]
data rcv RT:[ [32m'0.00'[39m, [32m'4.36'[39m, [32m'3.39'[39m, [32m'0.00'[39m ]
data rcv RT:[ [32m'0.00'[39m, [32m'4.34'[39m, [32m'3.43'[39m, [32m'0.00'[39m ]
data rcv RT:[ [32m'0.00'[39m, [32m'4.34'[39m, [32m'3.43'[39m, [32m'0.00'[39m ]
data rcv RT:[ [32m'0.00'[39m, [32m'4.31'[39m, [32m'3.44'[39m, [32m'0.00'[39m ]
data rcv RT:[ [32m'0.00'[39m, [32m'4.28'[39m, [32m'3.43'[39m, [32m'0.00'[39m ]
data rcv RT:[ [32m'0.00'[39m, [32m'4.26'[39m, [32m'3.43'[39m, [32m'0.00'[39m ]
data rcv RT:[ [32m'0.00'[39m, [32m'4.29'[39m, [32m'3.37'[39m, [32m'0.00'[39m ]
data rcv RT:[ [32m'0.00'[39m, [32m'4.28'[39m, [32m'3.40'[39m, [32m'0.00'[39m ]
data rcv RT:[ [32m'0.00'[39m, [32m'4.33'[39m, [32m'3.38'[39m, [32m'0.01'[39m ]
data rcv RT:[ [32m'0.00'[39m, [32m'4.38'[39m, [32m'3.41'[39m, [32m'0.02'[39m ]
data rcv RT:[ [32m'0.00'[39m, [32m'4.37'[39m, [32m'3.40'[39m, [32m'0.00'[39m ]
data rcv RT:[ [32m'0.00'[39m, [32m'4.32'[39m, [32m'3.44'[39m, [32m'0.00'[39m ]
data rcv RT:[ [32m'0.00'[39m, [32m'4.33'[39m, [32m'3.44'[39m, [32m'0.00'[39m ]
data rcv RT:[ [32m'0.00'[39m, [32m'4.31'[39m, [32m'3.40'[39m, [32m'0.00'[39m ]
data rcv RT:[ [32m'0.00'[39m, [32m'4.27'[39m, [32m'3.43'[39m, [32m'0.00'[39m ]
data rcv RT:[ [32m'0.00'[39m, [32m'4.27'[39m, [32m'3.39'[39m, [32m'0.00'[39m ]
data rcv RT:[ [32m'0.00'[39m, [32m'4.28'[39m, [32m'3.38'[39m, [32m'0.00'[39m ]
data rcv RT:[ [32m'0.00'[39m, [32m'4.30'[39m, [32m'3.39'[39m, [32m'0.01'[39m ]
data rcv RT:[ [32m'0.00'[39m, [32m'4.33'[39m, [32m'3.36'[39m, [32m'0.02'[39m ]
data rcv RT:[ [32m'0.00'[39m, [32m'4.36'[39m, [32m'3.35'[39m, [32m'0.06'[39m ]
data rcv RT:[ [32m'0.00'[39m, [32m'4.38'[39m, [32m'3.39'[39m, [32m'0.01'[39m ]
data rcv RT:[ [32m'0.00'[39m, [32m'4.37'[39m, [32m'3.44'[39m, [32m'0.00'[39m ]
data rcv RT:[ [32m'0.00'[39m, [32m'4.33'[39m, [32m'3.41'[39m, [32m'0.00'[39m ]
data rcv RT:[ [32m'0.00'[39m, [32m'4.30'[39m, [32m'3.41'[39m, [32m'0.00'[39m ]
data rcv RT:[ [32m'0.00'[39m, [32m'4.31'[39m, [32m'3.45'[39m, [32m'0.00'[39m ]
data rcv RT:[ [32m'0.00'[39m, [32m'4.30'[39m, [32m'3.42'[39m, [32m'0.00'[39m ]
client Front End connected
Socket {
  nsp: 
   Namespace {
     name: [32m'/'[39m,
     server: 
      Server {
        nsps: [36m[Object][39m,
        _path: [32m'/socket.io'[39m,
        _serveClient: [33mtrue[39m,
        _adapter: [36m[Function: Adapter][39m,
        _origins: [32m'*:*'[39m,
        sockets: [36m[Circular][39m,
        eio: [36m[Object][39m,
        httpServer: [36m[Object][39m,
        engine: [36m[Object][39m },
     sockets: 
      { [32m'/#mNlfxTE9haNMNTQ8AAAj'[39m: [36m[Object][39m,
        [32m'/#X44dMABaImLy_7AxAAAm'[39m: [36m[Circular][39m },
     connected: 
      { [32m'/#mNlfxTE9haNMNTQ8AAAj'[39m: [36m[Object][39m,
        [32m'/#X44dMABaImLy_7AxAAAm'[39m: [36m[Circular][39m },
     fns: [],
     ids: [33m0[39m,
     adapter: 
      Adapter {
        nsp: [36m[Circular][39m,
        rooms: [36m[Object][39m,
        sids: [36m[Object][39m,
        encoder: Encoder {} },
     _events: { connection: [36m[Function][39m },
     _eventsCount: [33m1[39m },
  server: 
   Server {
     nsps: { [32m'/'[39m: [36m[Object][39m },
     _path: [32m'/socket.io'[39m,
     _serveClient: [33mtrue[39m,
     _adapter: [36m[Function: Adapter][39m,
     _origins: [32m'*:*'[39m,
     sockets: 
      Namespace {
        name: [32m'/'[39m,
        server: [36m[Circular][39m,
        sockets: [36m[Object][39m,
        connected: [36m[Object][39m,
        fns: [],
        ids: [33m0[39m,
        adapter: [36m[Object][39m,
        _events: [36m[Object][39m,
        _eventsCount: [33m1[39m },
     eio: 
      Server {
        clients: [36m[Object][39m,
        clientsCount: [33m2[39m,
        pingTimeout: [33m60000[39m,
        pingInterval: [33m25000[39m,
        upgradeTimeout: [33m10000[39m,
        maxHttpBufferSize: [33m100000000[39m,
        transports: [36m[Object][39m,
        allowUpgrades: [33mtrue[39m,
        allowRequest: [36m[Function: bound ][39m,
        cookie: [32m'io'[39m,
        cookiePath: [33mfalse[39m,
        perMessageDeflate: [36m[Object][39m,
        httpCompression: [36m[Object][39m,
        ws: [36m[Object][39m,
        _events: [36m[Object][39m,
        _eventsCount: [33m1[39m },
     httpServer: 
      Server {
        domain: [1mnull[22m,
        _events: [36m[Object][39m,
        _eventsCount: [33m4[39m,
        _maxListeners: [90mundefined[39m,
        _connections: [33m2[39m,
        _handle: [36m[Object][39m,
        _usingSlaves: [33mfalse[39m,
        _slaves: [],
        _unref: [33mfalse[39m,
        allowHalfOpen: [33mtrue[39m,
        pauseOnConnect: [33mfalse[39m,
        httpAllowHalfOpen: [33mfalse[39m,
        timeout: [33m120000[39m,
        _pendingResponseData: [33m0[39m,
        _connectionKey: [32m'6::::3000'[39m },
     engine: 
      Server {
        clients: [36m[Object][39m,
        clientsCount: [33m2[39m,
        pingTimeout: [33m60000[39m,
        pingInterval: [33m25000[39m,
        upgradeTimeout: [33m10000[39m,
        maxHttpBufferSize: [33m100000000[39m,
        transports: [36m[Object][39m,
        allowUpgrades: [33mtrue[39m,
        allowRequest: [36m[Function: bound ][39m,
        cookie: [32m'io'[39m,
        cookiePath: [33mfalse[39m,
        perMessageDeflate: [36m[Object][39m,
        httpCompression: [36m[Object][39m,
        ws: [36m[Object][39m,
        _events: [36m[Object][39m,
        _eventsCount: [33m1[39m } },
  adapter: 
   Adapter {
     nsp: 
      Namespace {
        name: [32m'/'[39m,
        server: [36m[Object][39m,
        sockets: [36m[Object][39m,
        connected: [36m[Object][39m,
        fns: [],
        ids: [33m0[39m,
        adapter: [36m[Circular][39m,
        _events: [36m[Object][39m,
        _eventsCount: [33m1[39m },
     rooms: 
      { [32m'/#mNlfxTE9haNMNTQ8AAAj'[39m: [36m[Object][39m,
        [32m'/#X44dMABaImLy_7AxAAAm'[39m: [36m[Object][39m },
     sids: 
      { [32m'/#mNlfxTE9haNMNTQ8AAAj'[39m: [36m[Object][39m,
        [32m'/#X44dMABaImLy_7AxAAAm'[39m: [36m[Object][39m },
     encoder: Encoder {} },
  id: [32m'/#X44dMABaImLy_7AxAAAm'[39m,
  client: 
   Client {
     server: 
      Server {
        nsps: [36m[Object][39m,
        _path: [32m'/socket.io'[39m,
        _serveClient: [33mtrue[39m,
        _adapter: [36m[Function: Adapter][39m,
        _origins: [32m'*:*'[39m,
        sockets: [36m[Object][39m,
        eio: [36m[Object][39m,
        httpServer: [36m[Object][39m,
        engine: [36m[Object][39m },
     conn: 
      Socket {
        id: [32m'X44dMABaImLy_7AxAAAm'[39m,
        server: [36m[Object][39m,
        upgrading: [33mfalse[39m,
        upgraded: [33mfalse[39m,
        readyState: [32m'open'[39m,
        writeBuffer: [36m[Object][39m,
        packetsFn: [36m[Object][39m,
        sentCallbackFn: [],
        cleanupFn: [36m[Object][39m,
        request: [36m[Object][39m,
        remoteAddress: [32m'::ffff:10.210.30.32'[39m,
        checkIntervalTimer: [1mnull[22m,
        upgradeTimeoutTimer: [1mnull[22m,
        pingTimeoutTimer: [36m[Object][39m,
        transport: [36m[Object][39m,
        _events: [36m[Object][39m,
        _eventsCount: [33m3[39m },
     encoder: Encoder {},
     decoder: Decoder { reconstructor: [1mnull[22m, _callbacks: [36m[Object][39m },
     id: [32m'X44dMABaImLy_7AxAAAm'[39m,
     request: 
      IncomingMessage {
        _readableState: [36m[Object][39m,
        readable: [33mtrue[39m,
        domain: [1mnull[22m,
        _events: {},
        _eventsCount: [33m0[39m,
        _maxListeners: [90mundefined[39m,
        socket: [36m[Object][39m,
        connection: [36m[Object][39m,
        httpVersionMajor: [33m1[39m,
        httpVersionMinor: [33m1[39m,
        httpVersion: [32m'1.1'[39m,
        complete: [33mtrue[39m,
        headers: [36m[Object][39m,
        rawHeaders: [36m[Object][39m,
        trailers: {},
        rawTrailers: [],
        upgrade: [33mfalse[39m,
        url: [32m'/socket.io/?EIO=3&transport=polling&t=LTmafUO'[39m,
        method: [32m'GET'[39m,
        statusCode: [1mnull[22m,
        statusMessage: [1mnull[22m,
        client: [36m[Object][39m,
        _consuming: [33mfalse[39m,
        _dumped: [33mtrue[39m,
        _query: [36m[Object][39m,
        res: [36m[Object][39m,
        cleanup: [36m[Function: cleanup][39m },
     onclose: [36m[Function: bound ][39m,
     ondata: [36m[Function: bound ][39m,
     onerror: [36m[Function: bound ][39m,
     ondecoded: [36m[Function: bound ][39m,
     sockets: { [32m'/#X44dMABaImLy_7AxAAAm'[39m: [36m[Circular][39m },
     nsps: { [32m'/'[39m: [36m[Circular][39m },
     connectBuffer: [] },
  conn: 
   Socket {
     id: [32m'X44dMABaImLy_7AxAAAm'[39m,
     server: 
      Server {
        clients: [36m[Object][39m,
        clientsCount: [33m2[39m,
        pingTimeout: [33m60000[39m,
        pingInterval: [33m25000[39m,
        upgradeTimeout: [33m10000[39m,
        maxHttpBufferSize: [33m100000000[39m,
        transports: [36m[Object][39m,
        allowUpgrades: [33mtrue[39m,
        allowRequest: [36m[Function: bound ][39m,
        cookie: [32m'io'[39m,
        cookiePath: [33mfalse[39m,
        perMessageDeflate: [36m[Object][39m,
        httpCompression: [36m[Object][39m,
        ws: [36m[Object][39m,
        _events: [36m[Object][39m,
        _eventsCount: [33m1[39m },
     upgrading: [33mfalse[39m,
     upgraded: [33mfalse[39m,
     readyState: [32m'open'[39m,
     writeBuffer: [ [36m[Object][39m ],
     packetsFn: [ [90mundefined[39m ],
     sentCallbackFn: [],
     cleanupFn: [ [36m[Function][39m, [36m[Function][39m ],
     request: 
      IncomingMessage {
        _readableState: [36m[Object][39m,
        readable: [33mtrue[39m,
        domain: [1mnull[22m,
        _events: {},
        _eventsCount: [33m0[39m,
        _maxListeners: [90mundefined[39m,
        socket: [36m[Object][39m,
        connection: [36m[Object][39m,
        httpVersionMajor: [33m1[39m,
        httpVersionMinor: [33m1[39m,
        httpVersion: [32m'1.1'[39m,
        complete: [33mtrue[39m,
        headers: [36m[Object][39m,
        rawHeaders: [36m[Object][39m,
        trailers: {},
        rawTrailers: [],
        upgrade: [33mfalse[39m,
        url: [32m'/socket.io/?EIO=3&transport=polling&t=LTmafUO'[39m,
        method: [32m'GET'[39m,
        statusCode: [1mnull[22m,
        statusMessage: [1mnull[22m,
        client: [36m[Object][39m,
        _consuming: [33mfalse[39m,
        _dumped: [33mtrue[39m,
        _query: [36m[Object][39m,
        res: [36m[Object][39m,
        cleanup: [36m[Function: cleanup][39m },
     remoteAddress: [32m'::ffff:10.210.30.32'[39m,
     checkIntervalTimer: [1mnull[22m,
     upgradeTimeoutTimer: [1mnull[22m,
     pingTimeoutTimer: 
      Timeout {
        _called: [33mfalse[39m,
        _idleTimeout: [33m85000[39m,
        _idlePrev: [36m[Object][39m,
        _idleNext: [36m[Object][39m,
        _idleStart: [33m25033716[39m,
        _onTimeout: [36m[Function][39m,
        _repeat: [1mnull[22m },
     transport: 
      XHR {
        readyState: [32m'open'[39m,
        discarded: [33mfalse[39m,
        closeTimeout: [33m30000[39m,
        maxHttpBufferSize: [33m100000000[39m,
        httpCompression: [36m[Object][39m,
        supportsBinary: [33mtrue[39m,
        _events: [36m[Object][39m,
        _eventsCount: [33m5[39m,
        sid: [32m'X44dMABaImLy_7AxAAAm'[39m,
        req: [1mnull[22m,
        res: [1mnull[22m,
        writable: [33mfalse[39m },
     _events: 
      { close: [36m[Object][39m,
        data: [36m[Function: bound ][39m,
        error: [36m[Function: bound ][39m },
     _eventsCount: [33m3[39m },
  rooms: {},
  acks: {},
  connected: [33mtrue[39m,
  disconnected: [33mfalse[39m,
  handshake: 
   { headers: 
      { host: [32m'10.210.30.148:3000'[39m,
        connection: [32m'keep-alive'[39m,
        [32m'user-agent'[39m: [32m'Mozilla/5.0 (Windows NT 5.1) AppleWebKit/537.36 (KHTML, like Gecko) Chrome/49.0.2623.112 Safari/537.36'[39m,
        origin: [32m'http://10.210.30.148'[39m,
        accept: [32m'*/*'[39m,
        referer: [32m'http://10.210.30.148/sku/'[39m,
        [32m'accept-encoding'[39m: [32m'gzip, deflate, sdch'[39m,
        [32m'accept-language'[39m: [32m'ru-RU,ru;q=0.8,en-US;q=0.6,en;q=0.4'[39m,
        cookie: [32m'io=VsbFVko-45XRh5x4AAAl'[39m },
     time: [32m'Wed Sep 28 2016 15:32:25 GMT+0400 (SAMT)'[39m,
     address: [32m'::ffff:10.210.30.32'[39m,
     xdomain: [33mtrue[39m,
     secure: [33mfalse[39m,
     issued: [33m1475062345932[39m,
     url: [32m'/socket.io/?EIO=3&transport=polling&t=LTmafUO'[39m,
     query: { EIO: [32m'3'[39m, transport: [32m'polling'[39m, t: [32m'LTmafUO'[39m } } }
data rcv RT:[ [32m'0.00'[39m, [32m'4.26'[39m, [32m'3.39'[39m, [32m'0.00'[39m ]
data rcv RT:[ [32m'0.00'[39m, [32m'4.27'[39m, [32m'3.38'[39m, [32m'0.00'[39m ]
data rcv RT:[ [32m'0.00'[39m, [32m'4.28'[39m, [32m'3.39'[39m, [32m'0.00'[39m ]
data rcv RT:[ [32m'0.00'[39m, [32m'4.28'[39m, [32m'3.37'[39m, [32m'0.00'[39m ]
data rcv RT:[ [32m'0.00'[39m, [32m'4.32'[39m, [32m'3.39'[39m, [32m'0.00'[39m ]
min_max
MinMax Pool OK
[ RowDataPacket { minimum: [33m1474967372599[39m } ]
[ RowDataPacket { maximum: [33m1475062350204[39m } ]
[ RowDataPacket { minimum: [33m1474967320597[39m } ]
[ RowDataPacket { maximum: [33m1475062350442[39m } ]
MinMax connection released
min:1474967372599 max:1475062350204
min:1474967320597 max:1475062350442
{ min: 1474967372599, max: 1475062350442, tube: 3 }
data rcv RT:[ [32m'0.00'[39m, [32m'4.32'[39m, [32m'3.37'[39m, [32m'0.00'[39m ]
ARJ LOAD started
interval:94977843
ArjLoad Pool OK
ArjLoad connection released
arj:
all con:[33m3[39m
free con:[33m1[39m
ARJ LOAD started
interval:94977843
ArjLoad Pool OK
ArjLoad connection released
arj:
all con:[33m3[39m
free con:[33m1[39m
data rcv RT:[ [32m'0.00'[39m, [32m'4.36'[39m, [32m'3.40'[39m, [32m'0.02'[39m ]
data rcv RT:[ [32m'0.00'[39m, [32m'4.37'[39m, [32m'3.39'[39m, [32m'0.01'[39m ]
data rcv RT:[ [32m'0.00'[39m, [32m'4.40'[39m, [32m'3.40'[39m, [32m'0.02'[39m ]
data rcv RT:[ [32m'0.00'[39m, [32m'4.35'[39m, [32m'3.41'[39m, [32m'0.00'[39m ]
data rcv RT:[ [32m'0.00'[39m, [32m'4.35'[39m, [32m'3.42'[39m, [32m'0.00'[39m ]
data rcv RT:[ [32m'0.00'[39m, [32m'4.33'[39m, [32m'3.41'[39m, [32m'0.00'[39m ]
data rcv RT:[ [32m'0.00'[39m, [32m'4.33'[39m, [32m'3.44'[39m, [32m'0.00'[39m ]
data rcv RT:[ [32m'0.00'[39m, [32m'4.31'[39m, [32m'3.43'[39m, [32m'0.00'[39m ]
data rcv RT:[ [32m'0.00'[39m, [32m'4.29'[39m, [32m'3.46'[39m, [32m'0.00'[39m ]
ARJ LOAD started
interval:9240572.48852539
ArjLoad Pool OK
ArjLoad connection released
arj:
all con:[33m3[39m
free con:[33m1[39m
data rcv RT:[ [32m'0.00'[39m, [32m'4.28'[39m, [32m'3.40'[39m, [32m'0.00'[39m ]
data rcv RT:[ [32m'0.00'[39m, [32m'4.25'[39m, [32m'3.41'[39m, [32m'0.00'[39m ]
data rcv RT:[ [32m'0.00'[39m, [32m'4.28'[39m, [32m'3.39'[39m, [32m'0.00'[39m ]
data rcv RT:[ [32m'0.00'[39m, [32m'4.30'[39m, [32m'3.37'[39m, [32m'0.01'[39m ]
data rcv RT:[ [32m'0.00'[39m, [32m'4.31'[39m, [32m'3.39'[39m, [32m'0.01'[39m ]
ARJ LOAD started
interval:1084400.181640625
ArjLoad Pool OK
ArjLoad connection released
arj:
all con:[33m3[39m
free con:[33m1[39m
data rcv RT:[ [32m'0.00'[39m, [32m'4.34'[39m, [32m'3.39'[39m, [32m'0.02'[39m ]
data rcv RT:[ [32m'0.00'[39m, [32m'4.33'[39m, [32m'3.36'[39m, [32m'0.02'[39m ]
data rcv RT:[ [32m'0.00'[39m, [32m'4.39'[39m, [32m'3.40'[39m, [32m'0.00'[39m ]
data rcv RT:[ [32m'0.00'[39m, [32m'4.34'[39m, [32m'3.41'[39m, [32m'0.00'[39m ]
data rcv RT:[ [32m'0.00'[39m, [32m'4.34'[39m, [32m'3.43'[39m, [32m'0.00'[39m ]
ARJ LOAD started
interval:439415.9211425781
ArjLoad Pool OK
ArjLoad connection released
arj:
all con:[33m3[39m
free con:[33m1[39m
data rcv RT:[ [32m'0.00'[39m, [32m'4.34'[39m, [32m'3.44'[39m, [32m'0.00'[39m ]
data rcv RT:[ [32m'0.00'[39m, [32m'4.34'[39m, [32m'3.43'[39m, [32m'0.00'[39m ]
data rcv RT:[ [32m'0.00'[39m, [32m'4.30'[39m, [32m'3.41'[39m, [32m'0.00'[39m ]
data rcv RT:[ [32m'0.00'[39m, [32m'4.31'[39m, [32m'3.42'[39m, [32m'0.00'[39m ]
data rcv RT:[ [32m'0.00'[39m, [32m'4.26'[39m, [32m'3.40'[39m, [32m'0.00'[39m ]
data rcv RT:[ [32m'0.00'[39m, [32m'4.26'[39m, [32m'3.41'[39m, [32m'0.00'[39m ]
data rcv RT:[ [32m'0.00'[39m, [32m'4.26'[39m, [32m'3.40'[39m, [32m'0.00'[39m ]
data rcv RT:[ [32m'0.00'[39m, [32m'4.29'[39m, [32m'3.37'[39m, [32m'0.00'[39m ]
data rcv RT:[ [32m'0.00'[39m, [32m'4.33'[39m, [32m'3.38'[39m, [32m'0.03'[39m ]
data rcv RT:[ [32m'0.00'[39m, [32m'4.34'[39m, [32m'3.38'[39m, [32m'0.00'[39m ]
data rcv RT:[ [32m'0.00'[39m, [32m'4.38'[39m, [32m'3.41'[39m, [32m'0.02'[39m ]
data rcv RT:[ [32m'0.00'[39m, [32m'4.39'[39m, [32m'3.41'[39m, [32m'0.00'[39m ]
data rcv RT:[ [32m'0.00'[39m, [32m'4.34'[39m, [32m'3.41'[39m, [32m'0.00'[39m ]
data rcv RT:[ [32m'0.00'[39m, [32m'4.32'[39m, [32m'3.43'[39m, [32m'0.00'[39m ]
data rcv RT:[ [32m'0.00'[39m, [32m'4.31'[39m, [32m'3.43'[39m, [32m'0.00'[39m ]
data rcv RT:[ [32m'0.00'[39m, [32m'4.30'[39m, [32m'3.43'[39m, [32m'0.00'[39m ]
data rcv RT:[ [32m'0.00'[39m, [32m'4.30'[39m, [32m'3.45'[39m, [32m'0.00'[39m ]
data rcv RT:[ [32m'0.00'[39m, [32m'4.25'[39m, [32m'3.39'[39m, [32m'0.00'[39m ]
data rcv RT:[ [32m'0.00'[39m, [32m'4.27'[39m, [32m'3.39'[39m, [32m'0.00'[39m ]
data rcv RT:[ [32m'0.00'[39m, [32m'4.27'[39m, [32m'3.39'[39m, [32m'0.00'[39m ]
data rcv RT:[ [32m'0.00'[39m, [32m'4.34'[39m, [32m'3.40'[39m, [32m'0.02'[39m ]
data rcv RT:[ [32m'0.00'[39m, [32m'4.35'[39m, [32m'3.38'[39m, [32m'0.04'[39m ]
data rcv RT:[ [32m'0.00'[39m, [32m'4.34'[39m, [32m'3.34'[39m, [32m'0.06'[39m ]
data rcv RT:[ [32m'0.00'[39m, [32m'4.37'[39m, [32m'3.38'[39m, [32m'0.03'[39m ]
data rcv RT:[ [32m'0.00'[39m, [32m'4.35'[39m, [32m'3.43'[39m, [32m'0.00'[39m ]
data rcv RT:[ [32m'0.00'[39m, [32m'4.36'[39m, [32m'3.40'[39m, [32m'0.00'[39m ]
data rcv RT:[ [32m'0.00'[39m, [32m'4.34'[39m, [32m'3.43'[39m, [32m'0.00'[39m ]
data rcv RT:[ [32m'0.00'[39m, [32m'4.33'[39m, [32m'3.45'[39m, [32m'0.00'[39m ]
data rcv RT:[ [32m'0.00'[39m, [32m'4.31'[39m, [32m'3.42'[39m, [32m'0.00'[39m ]
data rcv RT:[ [32m'0.00'[39m, [32m'4.30'[39m, [32m'3.42'[39m, [32m'0.00'[39m ]
data rcv RT:[ [32m'0.00'[39m, [32m'4.29'[39m, [32m'3.43'[39m, [32m'0.00'[39m ]
data rcv RT:[ [32m'0.00'[39m, [32m'4.29'[39m, [32m'3.43'[39m, [32m'0.00'[39m ]
data rcv RT:[ [32m'0.00'[39m, [32m'4.26'[39m, [32m'3.39'[39m, [32m'0.00'[39m ]
data rcv RT:[ [32m'0.00'[39m, [32m'4.29'[39m, [32m'3.36'[39m, [32m'0.00'[39m ]
data rcv RT:[ [32m'0.00'[39m, [32m'4.29'[39m, [32m'3.39'[39m, [32m'0.00'[39m ]
data rcv RT:[ [32m'0.00'[39m, [32m'4.30'[39m, [32m'3.36'[39m, [32m'0.01'[39m ]
data rcv RT:[ [32m'0.00'[39m, [32m'4.34'[39m, [32m'3.37'[39m, [32m'0.06'[39m ]
ARJ LOAD started
interval:1602091.658203125
ArjLoad Pool OK
ArjLoad connection released
arj:
all con:[33m3[39m
free con:[33m1[39m
data rcv RT:[ [32m'0.00'[39m, [32m'4.40'[39m, [32m'3.41'[39m, [32m'0.01'[39m ]
data rcv RT:[ [32m'0.00'[39m, [32m'4.33'[39m, [32m'3.43'[39m, [32m'0.00'[39m ]
data rcv RT:[ [32m'0.00'[39m, [32m'4.29'[39m, [32m'3.44'[39m, [32m'0.00'[39m ]
data rcv RT:[ [32m'0.00'[39m, [32m'4.30'[39m, [32m'3.43'[39m, [32m'0.00'[39m ]
data rcv RT:[ [32m'0.00'[39m, [32m'4.27'[39m, [32m'3.40'[39m, [32m'0.00'[39m ]
data rcv RT:[ [32m'0.00'[39m, [32m'4.25'[39m, [32m'3.42'[39m, [32m'0.00'[39m ]
data rcv RT:[ [32m'0.00'[39m, [32m'4.30'[39m, [32m'3.38'[39m, [32m'0.00'[39m ]
data rcv RT:[ [32m'0.00'[39m, [32m'4.31'[39m, [32m'3.38'[39m, [32m'0.02'[39m ]
data rcv RT:[ [32m'0.00'[39m, [32m'4.31'[39m, [32m'3.38'[39m, [32m'0.00'[39m ]
data rcv RT:[ [32m'0.00'[39m, [32m'4.38'[39m, [32m'3.41'[39m, [32m'0.01'[39m ]
data rcv RT:[ [32m'0.00'[39m, [32m'4.37'[39m, [32m'3.40'[39m, [32m'0.02'[39m ]
data rcv RT:[ [32m'0.00'[39m, [32m'4.35'[39m, [32m'3.44'[39m, [32m'0.00'[39m ]
ARJ LOAD started
interval:4680655.290527344
ArjLoad Pool OK
ArjLoad connection released
arj:
all con:[33m3[39m
free con:[33m1[39m
data rcv RT:[ [32m'0.00'[39m, [32m'4.31'[39m, [32m'3.42'[39m, [32m'0.00'[39m ]
data rcv RT:[ [32m'0.00'[39m, [32m'4.32'[39m, [32m'3.41'[39m, [32m'0.00'[39m ]
data rcv RT:[ [32m'0.00'[39m, [32m'4.30'[39m, [32m'3.43'[39m, [32m'0.00'[39m ]
data rcv RT:[ [32m'0.00'[39m, [32m'4.30'[39m, [32m'3.45'[39m, [32m'0.00'[39m ]
data rcv RT:[ [32m'0.00'[39m, [32m'4.27'[39m, [32m'3.43'[39m, [32m'0.00'[39m ]
ARJ LOAD started
interval:1375558.6760253906
ArjLoad Pool OK
ArjLoad connection released
arj:
all con:[33m3[39m
free con:[33m1[39m
data rcv RT:[ [32m'0.00'[39m, [32m'4.28'[39m, [32m'3.44'[39m, [32m'0.00'[39m ]
data rcv RT:[ [32m'0.00'[39m, [32m'4.28'[39m, [32m'3.38'[39m, [32m'0.00'[39m ]
data rcv RT:[ [32m'0.00'[39m, [32m'4.30'[39m, [32m'3.37'[39m, [32m'0.01'[39m ]
ARJ LOAD started
interval:553258.8056640625
ArjLoad Pool OK
ArjLoad connection released
arj:
all con:[33m3[39m
free con:[33m1[39m
data rcv RT:[ [32m'0.00'[39m, [32m'4.34'[39m, [32m'3.40'[39m, [32m'0.01'[39m ]
data rcv RT:[ [32m'0.00'[39m, [32m'4.35'[39m, [32m'3.37'[39m, [32m'0.04'[39m ]
data rcv RT:[ [32m'0.00'[39m, [32m'4.39'[39m, [32m'3.41'[39m, [32m'0.02'[39m ]
data rcv RT:[ [32m'0.00'[39m, [32m'4.37'[39m, [32m'3.40'[39m, [32m'0.00'[39m ]
data rcv RT:[ [32m'0.00'[39m, [32m'4.39'[39m, [32m'3.39'[39m, [32m'0.02'[39m ]
data rcv RT:[ [32m'0.00'[39m, [32m'4.36'[39m, [32m'3.42'[39m, [32m'0.00'[39m ]
data rcv RT:[ [32m'0.00'[39m, [32m'4.33'[39m, [32m'3.44'[39m, [32m'0.00'[39m ]
data rcv RT:[ [32m'0.00'[39m, [32m'4.31'[39m, [32m'3.44'[39m, [32m'0.00'[39m ]
data rcv RT:[ [32m'0.00'[39m, [32m'4.32'[39m, [32m'3.42'[39m, [32m'0.00'[39m ]
data rcv RT:[ [32m'0.00'[39m, [32m'4.27'[39m, [32m'3.44'[39m, [32m'0.00'[39m ]
data rcv RT:[ [32m'0.00'[39m, [32m'4.27'[39m, [32m'3.42'[39m, [32m'0.00'[39m ]
data rcv RT:[ [32m'0.00'[39m, [32m'4.28'[39m, [32m'3.37'[39m, [32m'0.00'[39m ]
data rcv RT:[ [32m'0.00'[39m, [32m'4.27'[39m, [32m'3.38'[39m, [32m'0.00'[39m ]
data rcv RT:[ [32m'0.00'[39m, [32m'4.32'[39m, [32m'3.36'[39m, [32m'0.00'[39m ]
data rcv RT:[ [32m'0.00'[39m, [32m'4.27'[39m, [32m'3.38'[39m, [32m'0.01'[39m ]
data rcv RT:[ [32m'0.00'[39m, [32m'4.34'[39m, [32m'3.38'[39m, [32m'0.01'[39m ]
data rcv RT:[ [32m'0.00'[39m, [32m'4.33'[39m, [32m'3.38'[39m, [32m'0.02'[39m ]
data rcv RT:[ [32m'0.00'[39m, [32m'4.35'[39m, [32m'3.37'[39m, [32m'0.04'[39m ]
data rcv RT:[ [32m'0.00'[39m, [32m'4.34'[39m, [32m'3.37'[39m, [32m'0.01'[39m ]
data rcv RT:[ [32m'0.00'[39m, [32m'4.34'[39m, [32m'3.37'[39m, [32m'0.04'[39m ]
data rcv RT:[ [32m'0.00'[39m, [32m'4.36'[39m, [32m'3.40'[39m, [32m'0.01'[39m ]
data rcv RT:[ [32m'0.00'[39m, [32m'4.35'[39m, [32m'3.42'[39m, [32m'0.00'[39m ]
data rcv RT:[ [32m'0.00'[39m, [32m'4.35'[39m, [32m'3.41'[39m, [32m'0.00'[39m ]
data rcv RT:[ [32m'0.00'[39m, [32m'4.32'[39m, [32m'3.43'[39m, [32m'0.00'[39m ]
data rcv RT:[ [32m'0.00'[39m, [32m'4.29'[39m, [32m'3.42'[39m, [32m'0.00'[39m ]
data rcv RT:[ [32m'0.00'[39m, [32m'4.26'[39m, [32m'3.44'[39m, [32m'0.00'[39m ]
data rcv RT:[ [32m'0.00'[39m, [32m'4.26'[39m, [32m'3.41'[39m, [32m'0.00'[39m ]
data rcv RT:[ [32m'0.00'[39m, [32m'4.25'[39m, [32m'3.38'[39m, [32m'0.00'[39m ]
data rcv RT:[ [32m'0.00'[39m, [32m'4.25'[39m, [32m'3.39'[39m, [32m'0.00'[39m ]
data rcv RT:[ [32m'0.00'[39m, [32m'4.28'[39m, [32m'3.39'[39m, [32m'0.00'[39m ]
data rcv RT:[ [32m'0.00'[39m, [32m'4.29'[39m, [32m'3.39'[39m, [32m'0.00'[39m ]
data rcv RT:[ [32m'0.00'[39m, [32m'4.30'[39m, [32m'3.37'[39m, [32m'0.00'[39m ]
data rcv RT:[ [32m'0.00'[39m, [32m'4.34'[39m, [32m'3.37'[39m, [32m'0.02'[39m ]
data rcv RT:[ [32m'0.00'[39m, [32m'4.32'[39m, [32m'3.38'[39m, [32m'0.01'[39m ]
data rcv RT:[ [32m'0.00'[39m, [32m'4.37'[39m, [32m'3.39'[39m, [32m'0.05'[39m ]
data rcv RT:[ [32m'0.00'[39m, [32m'4.38'[39m, [32m'3.42'[39m, [32m'0.00'[39m ]
data rcv RT:[ [32m'0.00'[39m, [32m'4.34'[39m, [32m'3.42'[39m, [32m'0.00'[39m ]
data rcv RT:[ [32m'0.00'[39m, [32m'4.36'[39m, [32m'3.40'[39m, [32m'0.00'[39m ]
data rcv RT:[ [32m'0.00'[39m, [32m'4.32'[39m, [32m'3.42'[39m, [32m'0.00'[39m ]
data rcv RT:[ [32m'0.00'[39m, [32m'4.30'[39m, [32m'3.46'[39m, [32m'0.00'[39m ]
data rcv RT:[ [32m'0.00'[39m, [32m'4.28'[39m, [32m'3.42'[39m, [32m'0.00'[39m ]
data rcv RT:[ [32m'0.00'[39m, [32m'4.28'[39m, [32m'3.41'[39m, [32m'0.00'[39m ]
data rcv RT:[ [32m'0.00'[39m, [32m'4.28'[39m, [32m'3.37'[39m, [32m'0.00'[39m ]
data rcv RT:[ [32m'0.00'[39m, [32m'4.28'[39m, [32m'3.37'[39m, [32m'0.00'[39m ]
data rcv RT:[ [32m'0.00'[39m, [32m'4.28'[39m, [32m'3.37'[39m, [32m'0.00'[39m ]
data rcv RT:[ [32m'0.00'[39m, [32m'4.26'[39m, [32m'3.40'[39m, [32m'0.00'[39m ]
data rcv RT:[ [32m'0.00'[39m, [32m'4.29'[39m, [32m'3.39'[39m, [32m'0.00'[39m ]
data rcv RT:[ [32m'0.00'[39m, [32m'4.30'[39m, [32m'3.38'[39m, [32m'0.01'[39m ]
ARJ LOAD started
interval:539940.6396484375
ArjLoad Pool OK
ArjLoad connection released
arj:
all con:[33m3[39m
free con:[33m1[39m
data rcv RT:[ [32m'0.00'[39m, [32m'4.33'[39m, [32m'3.37'[39m, [32m'0.01'[39m ]
data rcv RT:[ [32m'0.00'[39m, [32m'4.36'[39m, [32m'3.40'[39m, [32m'0.00'[39m ]
data rcv RT:[ [32m'0.00'[39m, [32m'4.36'[39m, [32m'3.41'[39m, [32m'0.01'[39m ]
data rcv RT:[ [32m'0.00'[39m, [32m'4.36'[39m, [32m'3.41'[39m, [32m'0.00'[39m ]
data rcv RT:[ [32m'0.00'[39m, [32m'4.31'[39m, [32m'3.44'[39m, [32m'0.00'[39m ]
data rcv RT:[ [32m'0.00'[39m, [32m'4.29'[39m, [32m'3.43'[39m, [32m'0.00'[39m ]
data rcv RT:[ [32m'0.00'[39m, [32m'4.31'[39m, [32m'3.44'[39m, [32m'0.00'[39m ]
data rcv RT:[ [32m'0.00'[39m, [32m'4.31'[39m, [32m'3.45'[39m, [32m'0.00'[39m ]
data rcv RT:[ [32m'0.00'[39m, [32m'4.27'[39m, [32m'3.43'[39m, [32m'0.00'[39m ]
data rcv RT:[ [32m'0.00'[39m, [32m'4.27'[39m, [32m'3.42'[39m, [32m'0.00'[39m ]
data rcv RT:[ [32m'0.00'[39m, [32m'4.27'[39m, [32m'3.38'[39m, [32m'0.00'[39m ]
data rcv RT:[ [32m'0.00'[39m, [32m'4.33'[39m, [32m'3.37'[39m, [32m'0.01'[39m ]
data rcv RT:[ [32m'0.00'[39m, [32m'4.34'[39m, [32m'3.39'[39m, [32m'0.01'[39m ]
data rcv RT:[ [32m'0.00'[39m, [32m'4.33'[39m, [32m'3.38'[39m, [32m'0.00'[39m ]
ARJ LOAD started
interval:992602.2487792969
ArjLoad Pool OK
ArjLoad connection released
arj:
all con:[33m3[39m
free con:[33m1[39m
data rcv RT:[ [32m'0.00'[39m, [32m'4.39'[39m, [32m'3.39'[39m, [32m'0.03'[39m ]
data rcv RT:[ [32m'0.00'[39m, [32m'4.38'[39m, [32m'3.41'[39m, [32m'0.03'[39m ]
data rcv RT:[ [32m'0.00'[39m, [32m'4.40'[39m, [32m'3.42'[39m, [32m'0.01'[39m ]
ARJ LOAD started
interval:345469.3884277344
ArjLoad Pool OK
ArjLoad connection released
arj:
all con:[33m3[39m
free con:[33m1[39m
data rcv RT:[ [32m'0.00'[39m, [32m'4.34'[39m, [32m'3.41'[39m, [32m'0.00'[39m ]
data rcv RT:[ [32m'0.00'[39m, [32m'4.30'[39m, [32m'3.44'[39m, [32m'0.00'[39m ]
data rcv RT:[ [32m'0.00'[39m, [32m'4.31'[39m, [32m'3.42'[39m, [32m'0.00'[39m ]
ARJ LOAD started
interval:120585.1025390625
ArjLoad Pool OK
ArjLoad connection released
arj:
all con:[33m3[39m
free con:[33m1[39m
data rcv RT:[ [32m'0.00'[39m, [32m'4.31'[39m, [32m'3.46'[39m, [32m'0.00'[39m ]
data rcv RT:[ [32m'0.00'[39m, [32m'4.31'[39m, [32m'3.45'[39m, [32m'0.00'[39m ]
data rcv RT:[ [32m'0.00'[39m, [32m'4.32'[39m, [32m'3.43'[39m, [32m'0.00'[39m ]
data rcv RT:[ [32m'0.00'[39m, [32m'4.28'[39m, [32m'3.39'[39m, [32m'0.00'[39m ]
data rcv RT:[ [32m'0.00'[39m, [32m'4.28'[39m, [32m'3.38'[39m, [32m'0.00'[39m ]
data rcv RT:[ [32m'0.00'[39m, [32m'4.28'[39m, [32m'3.38'[39m, [32m'0.00'[39m ]
data rcv RT:[ [32m'0.00'[39m, [32m'4.30'[39m, [32m'3.37'[39m, [32m'0.01'[39m ]
data rcv RT:[ [32m'0.00'[39m, [32m'4.32'[39m, [32m'3.37'[39m, [32m'0.02'[39m ]
data rcv RT:[ [32m'0.00'[39m, [32m'4.32'[39m, [32m'3.38'[39m, [32m'0.00'[39m ]
data rcv RT:[ [32m'0.00'[39m, [32m'4.32'[39m, [32m'3.39'[39m, [32m'0.02'[39m ]
data rcv RT:[ [32m'0.00'[39m, [32m'4.31'[39m, [32m'3.37'[39m, [32m'0.02'[39m ]
data rcv RT:[ [32m'0.00'[39m, [32m'4.34'[39m, [32m'3.35'[39m, [32m'0.04'[39m ]
data rcv RT:[ [32m'0.00'[39m, [32m'4.34'[39m, [32m'3.38'[39m, [32m'0.00'[39m ]
data rcv RT:[ [32m'0.00'[39m, [32m'4.38'[39m, [32m'3.40'[39m, [32m'0.00'[39m ]
data rcv RT:[ [32m'0.00'[39m, [32m'4.38'[39m, [32m'3.40'[39m, [32m'0.02'[39m ]
data rcv RT:[ [32m'0.00'[39m, [32m'4.35'[39m, [32m'3.43'[39m, [32m'0.00'[39m ]
data rcv RT:[ [32m'0.00'[39m, [32m'4.35'[39m, [32m'3.40'[39m, [32m'0.00'[39m ]
data rcv RT:[ [32m'0.00'[39m, [32m'4.32'[39m, [32m'3.43'[39m, [32m'0.00'[39m ]
data rcv RT:[ [32m'0.00'[39m, [32m'4.33'[39m, [32m'3.41'[39m, [32m'0.00'[39m ]
data rcv RT:[ [32m'0.00'[39m, [32m'4.31'[39m, [32m'3.42'[39m, [32m'0.00'[39m ]
data rcv RT:[ [32m'0.00'[39m, [32m'4.30'[39m, [32m'3.43'[39m, [32m'0.00'[39m ]
data rcv RT:[ [32m'0.00'[39m, [32m'4.31'[39m, [32m'3.42'[39m, [32m'0.00'[39m ]
data rcv RT:[ [32m'0.00'[39m, [32m'4.30'[39m, [32m'3.42'[39m, [32m'0.00'[39m ]
data rcv RT:[ [32m'0.00'[39m, [32m'4.28'[39m, [32m'3.46'[39m, [32m'0.00'[39m ]
data rcv RT:[ [32m'0.00'[39m, [32m'4.27'[39m, [32m'3.43'[39m, [32m'0.00'[39m ]
data rcv RT:[ [32m'0.00'[39m, [32m'4.27'[39m, [32m'3.39'[39m, [32m'0.00'[39m ]
data rcv RT:[ [32m'0.00'[39m, [32m'4.30'[39m, [32m'3.37'[39m, [32m'0.00'[39m ]
data rcv RT:[ [32m'0.00'[39m, [32m'4.28'[39m, [32m'3.40'[39m, [32m'0.00'[39m ]
data rcv RT:[ [32m'0.00'[39m, [32m'4.28'[39m, [32m'3.37'[39m, [32m'0.00'[39m ]
ARJ LOAD started
interval:989996.5212402344
ArjLoad Pool OK
ArjLoad connection released
arj:
all con:[33m3[39m
free con:[33m1[39m
data rcv RT:[ [32m'0.00'[39m, [32m'4.30'[39m, [32m'3.38'[39m, [32m'0.01'[39m ]
data rcv RT:[ [32m'0.00'[39m, [32m'4.33'[39m, [32m'3.40'[39m, [32m'0.01'[39m ]
data rcv RT:[ [32m'0.00'[39m, [32m'4.35'[39m, [32m'3.36'[39m, [32m'0.06'[39m ]
data rcv RT:[ [32m'0.00'[39m, [32m'4.36'[39m, [32m'3.39'[39m, [32m'0.03'[39m ]
data rcv RT:[ [32m'0.00'[39m, [32m'4.37'[39m, [32m'3.40'[39m, [32m'0.00'[39m ]
data rcv RT:[ [32m'0.00'[39m, [32m'4.38'[39m, [32m'3.43'[39m, [32m'0.00'[39m ]
data rcv RT:[ [32m'0.00'[39m, [32m'4.33'[39m, [32m'3.43'[39m, [32m'0.00'[39m ]
data rcv RT:[ [32m'0.00'[39m, [32m'4.32'[39m, [32m'3.44'[39m, [32m'0.00'[39m ]
data rcv RT:[ [32m'0.00'[39m, [32m'4.32'[39m, [32m'3.42'[39m, [32m'0.00'[39m ]
data rcv RT:[ [32m'0.00'[39m, [32m'4.29'[39m, [32m'3.41'[39m, [32m'0.00'[39m ]
data rcv RT:[ [32m'0.00'[39m, [32m'4.25'[39m, [32m'3.39'[39m, [32m'0.00'[39m ]
data rcv RT:[ [32m'0.00'[39m, [32m'4.26'[39m, [32m'3.40'[39m, [32m'0.00'[39m ]
data rcv RT:[ [32m'0.00'[39m, [32m'4.27'[39m, [32m'3.40'[39m, [32m'0.00'[39m ]
data rcv RT:[ [32m'0.00'[39m, [32m'4.28'[39m, [32m'3.38'[39m, [32m'0.00'[39m ]
data rcv RT:[ [32m'0.00'[39m, [32m'4.27'[39m, [32m'3.39'[39m, [32m'0.00'[39m ]
data rcv RT:[ [32m'0.00'[39m, [32m'4.28'[39m, [32m'3.38'[39m, [32m'0.00'[39m ]
data rcv RT:[ [32m'0.00'[39m, [32m'4.29'[39m, [32m'3.37'[39m, [32m'0.02'[39m ]
data rcv RT:[ [32m'0.00'[39m, [32m'4.32'[39m, [32m'3.38'[39m, [32m'0.02'[39m ]
data rcv RT:[ [32m'0.00'[39m, [32m'4.30'[39m, [32m'3.38'[39m, [32m'0.01'[39m ]
data rcv RT:[ [32m'0.00'[39m, [32m'4.34'[39m, [32m'3.39'[39m, [32m'0.02'[39m ]
ARJ LOAD started
interval:968151.0612792969
ArjLoad Pool OK
ArjLoad connection released
arj:
all con:[33m3[39m
free con:[33m1[39m
data rcv RT:[ [32m'0.00'[39m, [32m'4.32'[39m, [32m'3.39'[39m, [32m'0.00'[39m ]
data rcv RT:[ [32m'0.00'[39m, [32m'4.35'[39m, [32m'3.39'[39m, [32m'0.02'[39m ]
data rcv RT:[ [32m'0.00'[39m, [32m'4.33'[39m, [32m'3.35'[39m, [32m'0.05'[39m ]
data rcv RT:[ [32m'0.00'[39m, [32m'4.35'[39m, [32m'3.39'[39m, [32m'0.04'[39m ]
data rcv RT:[ [32m'0.00'[39m, [32m'4.38'[39m, [32m'3.41'[39m, [32m'0.01'[39m ]
data rcv RT:[ [32m'0.00'[39m, [32m'4.36'[39m, [32m'3.43'[39m, [32m'0.00'[39m ]
data rcv RT:[ [32m'0.00'[39m, [32m'4.34'[39m, [32m'3.43'[39m, [32m'0.00'[39m ]
data rcv RT:[ [32m'0.00'[39m, [32m'4.33'[39m, [32m'3.42'[39m, [32m'0.00'[39m ]
data rcv RT:[ [32m'0.00'[39m, [32m'4.31'[39m, [32m'3.41'[39m, [32m'0.00'[39m ]
data rcv RT:[ [32m'0.00'[39m, [32m'4.28'[39m, [32m'3.43'[39m, [32m'0.00'[39m ]
data rcv RT:[ [32m'0.00'[39m, [32m'4.29'[39m, [32m'3.43'[39m, [32m'0.00'[39m ]
data rcv RT:[ [32m'0.00'[39m, [32m'4.25'[39m, [32m'3.40'[39m, [32m'0.00'[39m ]
data rcv RT:[ [32m'0.00'[39m, [32m'4.29'[39m, [32m'3.44'[39m, [32m'0.00'[39m ]
data rcv RT:[ [32m'0.00'[39m, [32m'4.28'[39m, [32m'3.38'[39m, [32m'0.00'[39m ]
data rcv RT:[ [32m'0.00'[39m, [32m'4.30'[39m, [32m'3.36'[39m, [32m'0.00'[39m ]
data rcv RT:[ [32m'0.00'[39m, [32m'4.31'[39m, [32m'3.37'[39m, [32m'0.00'[39m ]
ARJ LOAD started
interval:418739.9482421875
ArjLoad Pool OK
ArjLoad connection released
arj:
all con:[33m3[39m
free con:[33m1[39m
data rcv RT:[ [32m'0.00'[39m, [32m'4.32'[39m, [32m'3.37'[39m, [32m'0.01'[39m ]
data rcv RT:[ [32m'0.00'[39m, [32m'4.32'[39m, [32m'3.39'[39m, [32m'0.01'[39m ]
data rcv RT:[ [32m'0.00'[39m, [32m'4.35'[39m, [32m'3.39'[39m, [32m'0.02'[39m ]
data rcv RT:[ [32m'0.00'[39m, [32m'4.38'[39m, [32m'3.37'[39m, [32m'0.04'[39m ]
data rcv RT:[ [32m'0.00'[39m, [32m'4.37'[39m, [32m'3.42'[39m, [32m'0.00'[39m ]
data rcv RT:[ [32m'0.00'[39m, [32m'4.35'[39m, [32m'3.40'[39m, [32m'0.02'[39m ]
data rcv RT:[ [32m'0.00'[39m, [32m'4.36'[39m, [32m'3.41'[39m, [32m'0.00'[39m ]
data rcv RT:[ [32m'0.00'[39m, [32m'4.34'[39m, [32m'3.43'[39m, [32m'0.00'[39m ]
data rcv RT:[ [32m'0.00'[39m, [32m'4.31'[39m, [32m'3.44'[39m, [32m'0.00'[39m ]
data rcv RT:[ [32m'0.00'[39m, [32m'4.31'[39m, [32m'3.43'[39m, [32m'0.00'[39m ]
ARJ LOAD started
interval:364559.9548339844
ArjLoad Pool OK
ArjLoad connection released
arj:
all con:[33m3[39m
free con:[33m1[39m
data rcv RT:[ [32m'0.00'[39m, [32m'4.31'[39m, [32m'3.43'[39m, [32m'0.00'[39m ]
data rcv RT:[ [32m'0.00'[39m, [32m'4.30'[39m, [32m'3.41'[39m, [32m'0.00'[39m ]
data rcv RT:[ [32m'0.00'[39m, [32m'4.30'[39m, [32m'3.44'[39m, [32m'0.00'[39m ]
data rcv RT:[ [32m'0.00'[39m, [32m'4.27'[39m, [32m'3.43'[39m, [32m'0.00'[39m ]
ARJ LOAD started
interval:216834.55688476562
ArjLoad Pool OK
ArjLoad connection released
arj:
all con:[33m3[39m
free con:[33m1[39m
data rcv RT:[ [32m'0.00'[39m, [32m'4.29'[39m, [32m'3.40'[39m, [32m'0.00'[39m ]
data rcv RT:[ [32m'0.00'[39m, [32m'4.30'[39m, [32m'3.38'[39m, [32m'0.00'[39m ]
data rcv RT:[ [32m'0.00'[39m, [32m'4.30'[39m, [32m'3.37'[39m, [32m'0.00'[39m ]
data rcv RT:[ [32m'0.00'[39m, [32m'4.30'[39m, [32m'3.36'[39m, [32m'0.01'[39m ]
data rcv RT:[ [32m'0.00'[39m, [32m'4.29'[39m, [32m'3.39'[39m, [32m'0.00'[39m ]
data rcv RT:[ [32m'0.00'[39m, [32m'4.34'[39m, [32m'3.38'[39m, [32m'0.03'[39m ]
data rcv RT:[ [32m'0.00'[39m, [32m'4.30'[39m, [32m'3.39'[39m, [32m'0.00'[39m ]
data rcv RT:[ [32m'0.00'[39m, [32m'4.33'[39m, [32m'3.37'[39m, [32m'0.01'[39m ]
ARJ LOAD started
interval:180731.7119140625
ArjLoad Pool OK
ArjLoad connection released
arj:
all con:[33m3[39m
free con:[33m1[39m
data rcv RT:[ [32m'0.00'[39m, [32m'4.34'[39m, [32m'3.38'[39m, [32m'0.03'[39m ]
data rcv RT:[ [32m'0.00'[39m, [32m'4.37'[39m, [32m'3.42'[39m, [32m'0.00'[39m ]
data rcv RT:[ [32m'0.00'[39m, [32m'4.37'[39m, [32m'3.41'[39m, [32m'0.00'[39m ]
data rcv RT:[ [32m'0.00'[39m, [32m'4.39'[39m, [32m'3.41'[39m, [32m'0.03'[39m ]
data rcv RT:[ [32m'0.00'[39m, [32m'4.37'[39m, [32m'3.42'[39m, [32m'0.00'[39m ]
data rcv RT:[ [32m'0.00'[39m, [32m'4.35'[39m, [32m'3.43'[39m, [32m'0.00'[39m ]
data rcv RT:[ [32m'0.00'[39m, [32m'4.35'[39m, [32m'3.41'[39m, [32m'0.00'[39m ]
data rcv RT:[ [32m'0.00'[39m, [32m'4.34'[39m, [32m'3.42'[39m, [32m'0.00'[39m ]
data rcv RT:[ [32m'0.00'[39m, [32m'4.32'[39m, [32m'3.43'[39m, [32m'0.00'[39m ]
data rcv RT:[ [32m'0.00'[39m, [32m'4.32'[39m, [32m'3.41'[39m, [32m'0.00'[39m ]
data rcv RT:[ [32m'0.00'[39m, [32m'4.30'[39m, [32m'3.41'[39m, [32m'0.00'[39m ]
ARJ LOAD started
interval:2024710.5766601562
ArjLoad Pool OK
ArjLoad connection released
arj:
all con:[33m3[39m
free con:[33m1[39m
data rcv RT:[ [32m'0.00'[39m, [32m'4.28'[39m, [32m'3.45'[39m, [32m'0.00'[39m ]
data rcv RT:[ [32m'0.00'[39m, [32m'4.30'[39m, [32m'3.46'[39m, [32m'0.00'[39m ]
data rcv RT:[ [32m'0.00'[39m, [32m'4.28'[39m, [32m'3.43'[39m, [32m'0.00'[39m ]
ARJ LOAD started
interval:708750.2421875
ArjLoad Pool OK
ArjLoad connection released
arj:
all con:[33m3[39m
free con:[33m1[39m
data rcv RT:[ [32m'0.00'[39m, [32m'4.25'[39m, [32m'3.40'[39m, [32m'0.00'[39m ]
data rcv RT:[ [32m'0.00'[39m, [32m'4.25'[39m, [32m'3.39'[39m, [32m'0.00'[39m ]
data rcv RT:[ [32m'0.00'[39m, [32m'4.30'[39m, [32m'3.37'[39m, [32m'0.00'[39m ]
data rcv RT:[ [32m'0.00'[39m, [32m'4.29'[39m, [32m'3.37'[39m, [32m'0.00'[39m ]
data rcv RT:[ [32m'0.00'[39m, [32m'4.32'[39m, [32m'3.38'[39m, [32m'0.01'[39m ]
data rcv RT:[ [32m'0.00'[39m, [32m'4.31'[39m, [32m'3.38'[39m, [32m'0.00'[39m ]
data rcv RT:[ [32m'0.00'[39m, [32m'4.33'[39m, [32m'3.37'[39m, [32m'0.02'[39m ]
data rcv RT:[ [32m'0.00'[39m, [32m'4.35'[39m, [32m'3.37'[39m, [32m'0.02'[39m ]
data rcv RT:[ [32m'0.00'[39m, [32m'4.39'[39m, [32m'3.43'[39m, [32m'0.00'[39m ]
data rcv RT:[ [32m'0.00'[39m, [32m'4.37'[39m, [32m'3.37'[39m, [32m'0.02'[39m ]
data rcv RT:[ [32m'0.00'[39m, [32m'4.40'[39m, [32m'3.40'[39m, [32m'0.03'[39m ]
data rcv RT:[ [32m'0.00'[39m, [32m'4.37'[39m, [32m'3.42'[39m, [32m'0.00'[39m ]
ARJ LOAD started
interval:658988.4399414062
ArjLoad Pool OK
ArjLoad connection released
arj:
all con:[33m3[39m
free con:[33m1[39m
data rcv RT:[ [32m'0.00'[39m, [32m'4.35'[39m, [32m'3.42'[39m, [32m'0.00'[39m ]
data rcv RT:[ [32m'0.00'[39m, [32m'4.31'[39m, [32m'3.41'[39m, [32m'0.00'[39m ]
data rcv RT:[ [32m'0.00'[39m, [32m'4.32'[39m, [32m'3.46'[39m, [32m'0.00'[39m ]
data rcv RT:[ [32m'0.00'[39m, [32m'4.30'[39m, [32m'3.41'[39m, [32m'0.00'[39m ]
data rcv RT:[ [32m'0.00'[39m, [32m'4.28'[39m, [32m'3.42'[39m, [32m'0.00'[39m ]
data rcv RT:[ [32m'0.00'[39m, [32m'4.29'[39m, [32m'3.37'[39m, [32m'0.00'[39m ]
data rcv RT:[ [32m'0.00'[39m, [32m'4.27'[39m, [32m'3.39'[39m, [32m'0.00'[39m ]
data rcv RT:[ [32m'0.00'[39m, [32m'4.28'[39m, [32m'3.38'[39m, [32m'0.00'[39m ]
data rcv RT:[ [32m'0.00'[39m, [32m'4.32'[39m, [32m'3.39'[39m, [32m'0.02'[39m ]
data rcv RT:[ [32m'0.00'[39m, [32m'4.37'[39m, [32m'3.40'[39m, [32m'0.01'[39m ]
data rcv RT:[ [32m'0.00'[39m, [32m'4.36'[39m, [32m'3.39'[39m, [32m'0.01'[39m ]
data rcv RT:[ [32m'0.00'[39m, [32m'4.37'[39m, [32m'3.39'[39m, [32m'0.00'[39m ]
ARJ LOAD started
interval:622635.0153808594
ArjLoad Pool OK
ArjLoad connection released
arj:
all con:[33m3[39m
free con:[33m1[39m
data rcv RT:[ [32m'0.00'[39m, [32m'4.37'[39m, [32m'3.41'[39m, [32m'0.00'[39m ]
data rcv RT:[ [32m'0.00'[39m, [32m'4.38'[39m, [32m'3.43'[39m, [32m'0.00'[39m ]
data rcv RT:[ [32m'0.00'[39m, [32m'4.35'[39m, [32m'3.42'[39m, [32m'0.00'[39m ]
data rcv RT:[ [32m'0.00'[39m, [32m'4.31'[39m, [32m'3.41'[39m, [32m'0.00'[39m ]
data rcv RT:[ [32m'0.00'[39m, [32m'4.32'[39m, [32m'3.44'[39m, [32m'0.00'[39m ]
data rcv RT:[ [32m'0.00'[39m, [32m'4.28'[39m, [32m'3.45'[39m, [32m'0.00'[39m ]
data rcv RT:[ [32m'0.00'[39m, [32m'4.29'[39m, [32m'3.42'[39m, [32m'0.00'[39m ]
data rcv RT:[ [32m'0.00'[39m, [32m'4.25'[39m, [32m'3.40'[39m, [32m'0.00'[39m ]
data rcv RT:[ [32m'0.00'[39m, [32m'4.28'[39m, [32m'3.39'[39m, [32m'0.00'[39m ]
ARJ LOAD started
interval:497108.7985839844
ArjLoad Pool OK
ArjLoad connection released
arj:
all con:[33m3[39m
free con:[33m1[39m
data rcv RT:[ [32m'0.00'[39m, [32m'4.31'[39m, [32m'3.38'[39m, [32m'0.01'[39m ]
data rcv RT:[ [32m'0.00'[39m, [32m'4.29'[39m, [32m'3.39'[39m, [32m'0.00'[39m ]
ARJ LOAD started
interval:197447.42651367188
ArjLoad Pool OK
ArjLoad connection released
arj:
all con:[33m3[39m
free con:[33m1[39m
data rcv RT:[ [32m'0.00'[39m, [32m'4.33'[39m, [32m'3.38'[39m, [32m'0.02'[39m ]
data rcv RT:[ [32m'0.00'[39m, [32m'4.34'[39m, [32m'3.37'[39m, [32m'0.04'[39m ]
data rcv RT:[ [32m'0.00'[39m, [32m'4.37'[39m, [32m'3.40'[39m, [32m'0.02'[39m ]
ARJ LOAD started
interval:88128.490234375
ArjLoad Pool OK
ArjLoad connection released
arj:
all con:[33m3[39m
free con:[33m1[39m
data rcv RT:[ [32m'0.00'[39m, [32m'4.37'[39m, [32m'3.37'[39m, [32m'0.04'[39m ]
data rcv RT:[ [32m'0.00'[39m, [32m'4.37'[39m, [32m'3.37'[39m, [32m'0.02'[39m ]
ARJ LOAD started
interval:22451.992431640625
ArjLoad Pool OK
ArjLoad connection released
arj:
all con:[33m3[39m
free con:[33m1[39m
data rcv RT:[ [32m'0.00'[39m, [32m'4.34'[39m, [32m'3.43'[39m, [32m'0.00'[39m ]
data rcv RT:[ [32m'0.00'[39m, [32m'4.35'[39m, [32m'3.42'[39m, [32m'0.00'[39m ]
data rcv RT:[ [32m'0.00'[39m, [32m'4.32'[39m, [32m'3.43'[39m, [32m'0.00'[39m ]
data rcv RT:[ [32m'0.00'[39m, [32m'4.35'[39m, [32m'3.41'[39m, [32m'0.00'[39m ]
data rcv RT:[ [32m'0.00'[39m, [32m'4.29'[39m, [32m'3.45'[39m, [32m'0.00'[39m ]
data rcv RT:[ [32m'0.00'[39m, [32m'4.26'[39m, [32m'3.40'[39m, [32m'0.00'[39m ]
data rcv RT:[ [32m'0.00'[39m, [32m'4.28'[39m, [32m'3.42'[39m, [32m'0.00'[39m ]
data rcv RT:[ [32m'0.00'[39m, [32m'4.26'[39m, [32m'3.40'[39m, [32m'0.00'[39m ]
data rcv RT:[ [32m'0.00'[39m, [32m'4.29'[39m, [32m'3.38'[39m, [32m'0.00'[39m ]
data rcv RT:[ [32m'0.00'[39m, [32m'4.33'[39m, [32m'3.38'[39m, [32m'0.00'[39m ]
data rcv RT:[ [32m'0.00'[39m, [32m'4.32'[39m, [32m'3.39'[39m, [32m'0.00'[39m ]
data rcv RT:[ [32m'0.00'[39m, [32m'4.34'[39m, [32m'3.39'[39m, [32m'0.03'[39m ]
data rcv RT:[ [32m'0.00'[39m, [32m'4.35'[39m, [32m'3.34'[39m, [32m'0.02'[39m ]
data rcv RT:[ [32m'0.00'[39m, [32m'4.38'[39m, [32m'3.39'[39m, [32m'0.02'[39m ]
data rcv RT:[ [32m'0.00'[39m, [32m'4.34'[39m, [32m'3.43'[39m, [32m'0.00'[39m ]
data rcv RT:[ [32m'0.00'[39m, [32m'4.33'[39m, [32m'3.41'[39m, [32m'0.00'[39m ]
data rcv RT:[ [32m'0.00'[39m, [32m'4.31'[39m, [32m'3.42'[39m, [32m'0.00'[39m ]
data rcv RT:[ [32m'0.00'[39m, [32m'4.29'[39m, [32m'3.44'[39m, [32m'0.00'[39m ]
data rcv RT:[ [32m'0.00'[39m, [32m'4.33'[39m, [32m'3.44'[39m, [32m'0.00'[39m ]
data rcv RT:[ [32m'0.00'[39m, [32m'4.26'[39m, [32m'3.39'[39m, [32m'0.00'[39m ]
data rcv RT:[ [32m'0.00'[39m, [32m'4.27'[39m, [32m'3.37'[39m, [32m'0.00'[39m ]
data rcv RT:[ [32m'0.00'[39m, [32m'4.29'[39m, [32m'3.37'[39m, [32m'0.00'[39m ]
data rcv RT:[ [32m'0.00'[39m, [32m'4.30'[39m, [32m'3.36'[39m, [32m'0.00'[39m ]
data rcv RT:[ [32m'0.00'[39m, [32m'4.30'[39m, [32m'3.39'[39m, [32m'0.02'[39m ]
data rcv RT:[ [32m'0.00'[39m, [32m'4.33'[39m, [32m'3.38'[39m, [32m'0.02'[39m ]
data rcv RT:[ [32m'0.00'[39m, [32m'4.36'[39m, [32m'3.37'[39m, [32m'0.03'[39m ]
data rcv RT:[ [32m'0.00'[39m, [32m'4.40'[39m, [32m'3.40'[39m, [32m'0.00'[39m ]
data rcv RT:[ [32m'0.00'[39m, [32m'4.36'[39m, [32m'3.41'[39m, [32m'0.00'[39m ]
data rcv RT:[ [32m'0.00'[39m, [32m'4.33'[39m, [32m'3.43'[39m, [32m'0.00'[39m ]
data rcv RT:[ [32m'0.00'[39m, [32m'4.30'[39m, [32m'3.43'[39m, [32m'0.00'[39m ]
data rcv RT:[ [32m'0.00'[39m, [32m'4.31'[39m, [32m'3.47'[39m, [32m'0.00'[39m ]
data rcv RT:[ [32m'0.00'[39m, [32m'4.27'[39m, [32m'3.41'[39m, [32m'0.00'[39m ]
data rcv RT:[ [32m'0.00'[39m, [32m'4.27'[39m, [32m'3.38'[39m, [32m'0.00'[39m ]
data rcv RT:[ [32m'0.00'[39m, [32m'4.28'[39m, [32m'3.39'[39m, [32m'0.00'[39m ]
data rcv RT:[ [32m'0.00'[39m, [32m'4.32'[39m, [32m'3.37'[39m, [32m'0.00'[39m ]
data rcv RT:[ [32m'0.00'[39m, [32m'4.30'[39m, [32m'3.39'[39m, [32m'0.02'[39m ]
data rcv RT:[ [32m'0.00'[39m, [32m'4.35'[39m, [32m'3.37'[39m, [32m'0.02'[39m ]
data rcv RT:[ [32m'0.00'[39m, [32m'4.33'[39m, [32m'3.40'[39m, [32m'0.06'[39m ]
data rcv RT:[ [32m'0.00'[39m, [32m'4.35'[39m, [32m'3.42'[39m, [32m'0.00'[39m ]
data rcv RT:[ [32m'0.00'[39m, [32m'4.40'[39m, [32m'3.44'[39m, [32m'0.00'[39m ]
data rcv RT:[ [32m'0.00'[39m, [32m'4.34'[39m, [32m'3.41'[39m, [32m'0.00'[39m ]
data rcv RT:[ [32m'0.00'[39m, [32m'4.32'[39m, [32m'3.44'[39m, [32m'0.00'[39m ]
data rcv RT:[ [32m'0.00'[39m, [32m'4.31'[39m, [32m'3.45'[39m, [32m'0.00'[39m ]
data rcv RT:[ [32m'0.00'[39m, [32m'4.30'[39m, [32m'3.42'[39m, [32m'0.00'[39m ]
data rcv RT:[ [32m'0.00'[39m, [32m'4.30'[39m, [32m'3.43'[39m, [32m'0.00'[39m ]
data rcv RT:[ [32m'0.00'[39m, [32m'4.28'[39m, [32m'3.42'[39m, [32m'0.00'[39m ]
data rcv RT:[ [32m'0.00'[39m, [32m'4.27'[39m, [32m'3.42'[39m, [32m'0.00'[39m ]
data rcv RT:[ [32m'0.00'[39m, [32m'4.28'[39m, [32m'3.37'[39m, [32m'0.01'[39m ]
data rcv RT:[ [32m'0.00'[39m, [32m'4.28'[39m, [32m'3.38'[39m, [32m'0.00'[39m ]
data rcv RT:[ [32m'0.00'[39m, [32m'4.29'[39m, [32m'3.39'[39m, [32m'0.01'[39m ]
data rcv RT:[ [32m'0.00'[39m, [32m'4.33'[39m, [32m'3.35'[39m, [32m'0.06'[39m ]
data rcv RT:[ [32m'0.00'[39m, [32m'4.36'[39m, [32m'3.38'[39m, [32m'0.06'[39m ]
data rcv RT:[ [32m'0.00'[39m, [32m'4.38'[39m, [32m'3.41'[39m, [32m'0.02'[39m ]
data rcv RT:[ [32m'0.00'[39m, [32m'4.33'[39m, [32m'3.44'[39m, [32m'0.00'[39m ]
data rcv RT:[ [32m'0.00'[39m, [32m'4.34'[39m, [32m'3.43'[39m, [32m'0.00'[39m ]
data rcv RT:[ [32m'0.00'[39m, [32m'4.32'[39m, [32m'3.42'[39m, [32m'0.00'[39m ]
data rcv RT:[ [32m'0.00'[39m, [32m'4.31'[39m, [32m'3.42'[39m, [32m'0.00'[39m ]
data rcv RT:[ [32m'0.00'[39m, [32m'4.31'[39m, [32m'3.44'[39m, [32m'0.00'[39m ]
data rcv RT:[ [32m'0.00'[39m, [32m'4.25'[39m, [32m'3.37'[39m, [32m'0.00'[39m ]
data rcv RT:[ [32m'0.00'[39m, [32m'4.26'[39m, [32m'3.38'[39m, [32m'0.00'[39m ]
data rcv RT:[ [32m'0.00'[39m, [32m'4.29'[39m, [32m'3.38'[39m, [32m'0.00'[39m ]
data rcv RT:[ [32m'0.00'[39m, [32m'4.29'[39m, [32m'3.38'[39m, [32m'0.00'[39m ]
data rcv RT:[ [32m'0.00'[39m, [32m'4.28'[39m, [32m'3.39'[39m, [32m'0.00'[39m ]
data rcv RT:[ [32m'0.00'[39m, [32m'4.30'[39m, [32m'3.39'[39m, [32m'0.00'[39m ]
data rcv RT:[ [32m'0.00'[39m, [32m'4.34'[39m, [32m'3.37'[39m, [32m'0.06'[39m ]
data rcv RT:[ [32m'0.00'[39m, [32m'4.32'[39m, [32m'3.36'[39m, [32m'0.04'[39m ]
data rcv RT:[ [32m'0.00'[39m, [32m'4.38'[39m, [32m'3.38'[39m, [32m'0.01'[39m ]
data rcv RT:[ [32m'0.00'[39m, [32m'4.38'[39m, [32m'3.41'[39m, [32m'0.00'[39m ]
data rcv RT:[ [32m'0.00'[39m, [32m'4.37'[39m, [32m'3.40'[39m, [32m'0.01'[39m ]
data rcv RT:[ [32m'0.00'[39m, [32m'4.34'[39m, [32m'3.42'[39m, [32m'0.00'[39m ]
data rcv RT:[ [32m'0.00'[39m, [32m'4.35'[39m, [32m'3.42'[39m, [32m'0.00'[39m ]
data rcv RT:[ [32m'0.00'[39m, [32m'4.30'[39m, [32m'3.44'[39m, [32m'0.00'[39m ]
data rcv RT:[ [32m'0.00'[39m, [32m'4.28'[39m, [32m'3.38'[39m, [32m'0.00'[39m ]
data rcv RT:[ [32m'0.00'[39m, [32m'4.29'[39m, [32m'3.43'[39m, [32m'0.00'[39m ]
data rcv RT:[ [32m'0.00'[39m, [32m'4.24'[39m, [32m'3.39'[39m, [32m'0.00'[39m ]
data rcv RT:[ [32m'0.00'[39m, [32m'4.27'[39m, [32m'3.37'[39m, [32m'0.00'[39m ]
data rcv RT:[ [32m'0.00'[39m, [32m'4.31'[39m, [32m'3.38'[39m, [32m'0.01'[39m ]
data rcv RT:[ [32m'0.00'[39m, [32m'4.33'[39m, [32m'3.38'[39m, [32m'0.02'[39m ]
data rcv RT:[ [32m'0.00'[39m, [32m'4.33'[39m, [32m'3.38'[39m, [32m'0.01'[39m ]
data rcv RT:[ [32m'0.00'[39m, [32m'4.38'[39m, [32m'3.38'[39m, [32m'0.00'[39m ]
data rcv RT:[ [32m'0.00'[39m, [32m'4.39'[39m, [32m'3.41'[39m, [32m'0.00'[39m ]
data rcv RT:[ [32m'0.00'[39m, [32m'4.36'[39m, [32m'3.43'[39m, [32m'0.00'[39m ]
data rcv RT:[ [32m'0.00'[39m, [32m'4.34'[39m, [32m'3.43'[39m, [32m'0.00'[39m ]
data rcv RT:[ [32m'0.00'[39m, [32m'4.32'[39m, [32m'3.42'[39m, [32m'0.00'[39m ]
data rcv RT:[ [32m'0.00'[39m, [32m'4.27'[39m, [32m'3.40'[39m, [32m'0.00'[39m ]
data rcv RT:[ [32m'0.00'[39m, [32m'4.30'[39m, [32m'3.41'[39m, [32m'0.00'[39m ]
data rcv RT:[ [32m'0.00'[39m, [32m'4.26'[39m, [32m'3.40'[39m, [32m'0.00'[39m ]
data rcv RT:[ [32m'0.00'[39m, [32m'4.28'[39m, [32m'3.42'[39m, [32m'0.00'[39m ]
data rcv RT:[ [32m'0.00'[39m, [32m'4.26'[39m, [32m'3.37'[39m, [32m'0.00'[39m ]
data rcv RT:[ [32m'0.00'[39m, [32m'4.29'[39m, [32m'3.37'[39m, [32m'0.00'[39m ]
data rcv RT:[ [32m'0.00'[39m, [32m'4.30'[39m, [32m'3.38'[39m, [32m'0.01'[39m ]
data rcv RT:[ [32m'0.00'[39m, [32m'4.34'[39m, [32m'3.35'[39m, [32m'0.03'[39m ]
data rcv RT:[ [32m'0.00'[39m, [32m'4.37'[39m, [32m'3.41'[39m, [32m'0.02'[39m ]
data rcv RT:[ [32m'0.00'[39m, [32m'4.35'[39m, [32m'3.42'[39m, [32m'0.00'[39m ]
data rcv RT:[ [32m'0.00'[39m, [32m'4.36'[39m, [32m'3.42'[39m, [32m'0.00'[39m ]
data rcv RT:[ [32m'0.00'[39m, [32m'4.37'[39m, [32m'3.41'[39m, [32m'0.00'[39m ]
data rcv RT:[ [32m'0.00'[39m, [32m'4.35'[39m, [32m'3.44'[39m, [32m'0.00'[39m ]
data rcv RT:[ [32m'0.00'[39m, [32m'4.31'[39m, [32m'3.43'[39m, [32m'0.00'[39m ]
data rcv RT:[ [32m'0.00'[39m, [32m'4.32'[39m, [32m'3.43'[39m, [32m'0.00'[39m ]
data rcv RT:[ [32m'0.00'[39m, [32m'4.31'[39m, [32m'3.43'[39m, [32m'0.00'[39m ]
data rcv RT:[ [32m'0.00'[39m, [32m'4.27'[39m, [32m'3.40'[39m, [32m'0.00'[39m ]
data rcv RT:[ [32m'0.00'[39m, [32m'4.27'[39m, [32m'3.40'[39m, [32m'0.00'[39m ]
data rcv RT:[ [32m'0.00'[39m, [32m'4.30'[39m, [32m'3.36'[39m, [32m'0.00'[39m ]
data rcv RT:[ [32m'0.00'[39m, [32m'4.30'[39m, [32m'3.38'[39m, [32m'0.00'[39m ]
data rcv RT:[ [32m'0.00'[39m, [32m'4.32'[39m, [32m'3.38'[39m, [32m'0.01'[39m ]
data rcv RT:[ [32m'0.00'[39m, [32m'4.32'[39m, [32m'3.40'[39m, [32m'0.00'[39m ]
data rcv RT:[ [32m'0.00'[39m, [32m'4.36'[39m, [32m'3.37'[39m, [32m'0.03'[39m ]
data rcv RT:[ [32m'0.00'[39m, [32m'4.39'[39m, [32m'3.42'[39m, [32m'0.00'[39m ]
data rcv RT:[ [32m'0.00'[39m, [32m'4.35'[39m, [32m'3.44'[39m, [32m'0.00'[39m ]
data rcv RT:[ [32m'0.00'[39m, [32m'4.38'[39m, [32m'3.43'[39m, [32m'0.00'[39m ]
data rcv RT:[ [32m'0.00'[39m, [32m'4.35'[39m, [32m'3.41'[39m, [32m'0.00'[39m ]
data rcv RT:[ [32m'0.00'[39m, [32m'4.32'[39m, [32m'3.42'[39m, [32m'0.00'[39m ]
data rcv RT:[ [32m'0.00'[39m, [32m'4.30'[39m, [32m'3.46'[39m, [32m'0.00'[39m ]
data rcv RT:[ [32m'0.00'[39m, [32m'4.31'[39m, [32m'3.45'[39m, [32m'0.00'[39m ]
data rcv RT:[ [32m'0.00'[39m, [32m'4.25'[39m, [32m'3.43'[39m, [32m'0.00'[39m ]
data rcv RT:[ [32m'0.00'[39m, [32m'4.26'[39m, [32m'3.41'[39m, [32m'0.00'[39m ]
data rcv RT:[ [32m'0.00'[39m, [32m'4.28'[39m, [32m'3.38'[39m, [32m'0.00'[39m ]
data rcv RT:[ [32m'0.00'[39m, [32m'4.31'[39m, [32m'3.38'[39m, [32m'0.01'[39m ]
data rcv RT:[ [32m'0.00'[39m, [32m'4.32'[39m, [32m'3.39'[39m, [32m'0.00'[39m ]
data rcv RT:[ [32m'0.00'[39m, [32m'4.33'[39m, [32m'3.36'[39m, [32m'0.03'[39m ]
data rcv RT:[ [32m'0.00'[39m, [32m'4.37'[39m, [32m'3.42'[39m, [32m'0.00'[39m ]
data rcv RT:[ [32m'0.00'[39m, [32m'4.36'[39m, [32m'3.42'[39m, [32m'0.00'[39m ]
data rcv RT:[ [32m'0.00'[39m, [32m'4.35'[39m, [32m'3.42'[39m, [32m'0.00'[39m ]
data rcv RT:[ [32m'0.00'[39m, [32m'4.32'[39m, [32m'3.43'[39m, [32m'0.00'[39m ]
data rcv RT:[ [32m'0.00'[39m, [32m'4.31'[39m, [32m'3.41'[39m, [32m'0.00'[39m ]
data rcv RT:[ [32m'0.00'[39m, [32m'4.31'[39m, [32m'3.42'[39m, [32m'0.00'[39m ]
data rcv RT:[ [32m'0.00'[39m, [32m'4.30'[39m, [32m'3.45'[39m, [32m'0.00'[39m ]
data rcv RT:[ [32m'0.00'[39m, [32m'4.27'[39m, [32m'3.40'[39m, [32m'0.00'[39m ]
data rcv RT:[ [32m'0.00'[39m, [32m'4.27'[39m, [32m'3.39'[39m, [32m'0.00'[39m ]
data rcv RT:[ [32m'0.00'[39m, [32m'4.29'[39m, [32m'3.39'[39m, [32m'0.00'[39m ]
data rcv RT:[ [32m'0.00'[39m, [32m'4.27'[39m, [32m'3.37'[39m, [32m'0.00'[39m ]
data rcv RT:[ [32m'0.00'[39m, [32m'4.31'[39m, [32m'3.38'[39m, [32m'0.01'[39m ]
data rcv RT:[ [32m'0.00'[39m, [32m'4.33'[39m, [32m'3.38'[39m, [32m'0.02'[39m ]
data rcv RT:[ [32m'0.00'[39m, [32m'4.34'[39m, [32m'3.36'[39m, [32m'0.07'[39m ]
data rcv RT:[ [32m'0.00'[39m, [32m'4.36'[39m, [32m'3.36'[39m, [32m'0.02'[39m ]
data rcv RT:[ [32m'0.00'[39m, [32m'4.38'[39m, [32m'3.38'[39m, [32m'0.03'[39m ]
data rcv RT:[ [32m'0.00'[39m, [32m'4.39'[39m, [32m'3.41'[39m, [32m'0.01'[39m ]
data rcv RT:[ [32m'0.00'[39m, [32m'4.37'[39m, [32m'3.43'[39m, [32m'0.00'[39m ]
data rcv RT:[ [32m'0.00'[39m, [32m'4.32'[39m, [32m'3.43'[39m, [32m'0.00'[39m ]
data rcv RT:[ [32m'0.00'[39m, [32m'4.31'[39m, [32m'3.43'[39m, [32m'0.00'[39m ]
data rcv RT:[ [32m'0.00'[39m, [32m'4.31'[39m, [32m'3.43'[39m, [32m'0.00'[39m ]
data rcv RT:[ [32m'0.00'[39m, [32m'4.31'[39m, [32m'3.42'[39m, [32m'0.00'[39m ]
data rcv RT:[ [32m'0.00'[39m, [32m'4.29'[39m, [32m'3.42'[39m, [32m'0.00'[39m ]
data rcv RT:[ [32m'0.00'[39m, [32m'4.28'[39m, [32m'3.40'[39m, [32m'0.00'[39m ]
data rcv RT:[ [32m'0.00'[39m, [32m'4.27'[39m, [32m'3.38'[39m, [32m'0.00'[39m ]
data rcv RT:[ [32m'0.00'[39m, [32m'4.26'[39m, [32m'3.38'[39m, [32m'0.00'[39m ]
data rcv RT:[ [32m'0.00'[39m, [32m'4.30'[39m, [32m'3.37'[39m, [32m'0.00'[39m ]
data rcv RT:[ [32m'0.00'[39m, [32m'4.31'[39m, [32m'3.39'[39m, [32m'0.01'[39m ]
data rcv RT:[ [32m'0.00'[39m, [32m'4.35'[39m, [32m'3.38'[39m, [32m'0.01'[39m ]
data rcv RT:[ [32m'0.00'[39m, [32m'4.33'[39m, [32m'3.36'[39m, [32m'0.04'[39m ]
data rcv RT:[ [32m'0.00'[39m, [32m'4.36'[39m, [32m'3.41'[39m, [32m'0.00'[39m ]
data rcv RT:[ [32m'0.00'[39m, [32m'4.36'[39m, [32m'3.42'[39m, [32m'0.00'[39m ]
data rcv RT:[ [32m'0.00'[39m, [32m'4.34'[39m, [32m'3.42'[39m, [32m'0.00'[39m ]
data rcv RT:[ [32m'0.00'[39m, [32m'4.32'[39m, [32m'3.42'[39m, [32m'0.00'[39m ]
data rcv RT:[ [32m'0.00'[39m, [32m'4.30'[39m, [32m'3.44'[39m, [32m'0.00'[39m ]
data rcv RT:[ [32m'0.00'[39m, [32m'4.30'[39m, [32m'3.44'[39m, [32m'0.00'[39m ]
data rcv RT:[ [32m'0.00'[39m, [32m'4.31'[39m, [32m'3.44'[39m, [32m'0.00'[39m ]
data rcv RT:[ [32m'0.00'[39m, [32m'4.25'[39m, [32m'3.40'[39m, [32m'0.00'[39m ]
data rcv RT:[ [32m'0.00'[39m, [32m'4.28'[39m, [32m'3.39'[39m, [32m'0.00'[39m ]
data rcv RT:[ [32m'0.00'[39m, [32m'4.28'[39m, [32m'3.40'[39m, [32m'0.00'[39m ]
data rcv RT:[ [32m'0.00'[39m, [32m'4.31'[39m, [32m'3.37'[39m, [32m'0.02'[39m ]
data rcv RT:[ [32m'0.00'[39m, [32m'4.29'[39m, [32m'3.39'[39m, [32m'0.01'[39m ]
data rcv RT:[ [32m'0.00'[39m, [32m'4.35'[39m, [32m'3.39'[39m, [32m'0.03'[39m ]
data rcv RT:[ [32m'0.00'[39m, [32m'4.36'[39m, [32m'3.39'[39m, [32m'0.03'[39m ]
data rcv RT:[ [32m'0.00'[39m, [32m'4.38'[39m, [32m'3.38'[39m, [32m'0.04'[39m ]
data rcv RT:[ [32m'0.00'[39m, [32m'4.34'[39m, [32m'3.43'[39m, [32m'0.00'[39m ]
data rcv RT:[ [32m'0.00'[39m, [32m'4.35'[39m, [32m'3.43'[39m, [32m'0.00'[39m ]
data rcv RT:[ [32m'0.00'[39m, [32m'4.31'[39m, [32m'3.45'[39m, [32m'0.00'[39m ]
data rcv RT:[ [32m'0.00'[39m, [32m'4.28'[39m, [32m'3.44'[39m, [32m'0.00'[39m ]
data rcv RT:[ [32m'0.00'[39m, [32m'4.27'[39m, [32m'3.44'[39m, [32m'0.00'[39m ]
data rcv RT:[ [32m'0.00'[39m, [32m'4.26'[39m, [32m'3.38'[39m, [32m'0.00'[39m ]
data rcv RT:[ [32m'0.00'[39m, [32m'4.29'[39m, [32m'3.37'[39m, [32m'0.00'[39m ]
data rcv RT:[ [32m'0.00'[39m, [32m'4.30'[39m, [32m'3.38'[39m, [32m'0.00'[39m ]
data rcv RT:[ [32m'0.00'[39m, [32m'4.31'[39m, [32m'3.38'[39m, [32m'0.00'[39m ]
data rcv RT:[ [32m'0.00'[39m, [32m'4.34'[39m, [32m'3.37'[39m, [32m'0.06'[39m ]
data rcv RT:[ [32m'0.00'[39m, [32m'4.35'[39m, [32m'3.36'[39m, [32m'0.06'[39m ]
data rcv RT:[ [32m'0.00'[39m, [32m'4.35'[39m, [32m'3.42'[39m, [32m'0.00'[39m ]
data rcv RT:[ [32m'0.00'[39m, [32m'4.34'[39m, [32m'3.43'[39m, [32m'0.00'[39m ]
data rcv RT:[ [32m'0.00'[39m, [32m'4.34'[39m, [32m'3.43'[39m, [32m'0.00'[39m ]
data rcv RT:[ [32m'0.00'[39m, [32m'4.31'[39m, [32m'3.41'[39m, [32m'0.00'[39m ]
data rcv RT:[ [32m'0.00'[39m, [32m'4.33'[39m, [32m'3.43'[39m, [32m'0.00'[39m ]
data rcv RT:[ [32m'0.00'[39m, [32m'4.31'[39m, [32m'3.43'[39m, [32m'0.00'[39m ]
data rcv RT:[ [32m'0.00'[39m, [32m'4.32'[39m, [32m'3.45'[39m, [32m'0.00'[39m ]
data rcv RT:[ [32m'0.00'[39m, [32m'4.25'[39m, [32m'3.37'[39m, [32m'0.00'[39m ]
data rcv RT:[ [32m'0.00'[39m, [32m'4.25'[39m, [32m'3.38'[39m, [32m'0.00'[39m ]
data rcv RT:[ [32m'0.00'[39m, [32m'4.29'[39m, [32m'3.37'[39m, [32m'0.00'[39m ]
data rcv RT:[ [32m'0.00'[39m, [32m'4.30'[39m, [32m'3.39'[39m, [32m'0.00'[39m ]
data rcv RT:[ [32m'0.00'[39m, [32m'4.34'[39m, [32m'3.39'[39m, [32m'0.02'[39m ]
data rcv RT:[ [32m'0.00'[39m, [32m'4.35'[39m, [32m'3.36'[39m, [32m'0.04'[39m ]
data rcv RT:[ [32m'0.00'[39m, [32m'4.36'[39m, [32m'3.42'[39m, [32m'0.01'[39m ]
data rcv RT:[ [32m'0.00'[39m, [32m'4.39'[39m, [32m'3.40'[39m, [32m'0.00'[39m ]
data rcv RT:[ [32m'0.00'[39m, [32m'4.35'[39m, [32m'3.43'[39m, [32m'0.00'[39m ]
data rcv RT:[ [32m'0.00'[39m, [32m'4.33'[39m, [32m'3.42'[39m, [32m'0.00'[39m ]
data rcv RT:[ [32m'0.00'[39m, [32m'4.32'[39m, [32m'3.42'[39m, [32m'0.00'[39m ]
data rcv RT:[ [32m'0.00'[39m, [32m'4.32'[39m, [32m'3.43'[39m, [32m'0.00'[39m ]
data rcv RT:[ [32m'0.00'[39m, [32m'4.30'[39m, [32m'3.43'[39m, [32m'0.00'[39m ]
data rcv RT:[ [32m'0.00'[39m, [32m'4.29'[39m, [32m'3.43'[39m, [32m'0.00'[39m ]
data rcv RT:[ [32m'0.00'[39m, [32m'4.28'[39m, [32m'3.40'[39m, [32m'0.00'[39m ]
data rcv RT:[ [32m'0.00'[39m, [32m'4.28'[39m, [32m'3.39'[39m, [32m'0.00'[39m ]
data rcv RT:[ [32m'0.00'[39m, [32m'4.28'[39m, [32m'3.38'[39m, [32m'0.00'[39m ]
data rcv RT:[ [32m'0.00'[39m, [32m'4.32'[39m, [32m'3.39'[39m, [32m'0.00'[39m ]
data rcv RT:[ [32m'0.00'[39m, [32m'4.32'[39m, [32m'3.38'[39m, [32m'0.03'[39m ]
data rcv RT:[ [32m'0.00'[39m, [32m'4.35'[39m, [32m'3.38'[39m, [32m'0.02'[39m ]
data rcv RT:[ [32m'0.00'[39m, [32m'4.38'[39m, [32m'3.39'[39m, [32m'0.02'[39m ]
data rcv RT:[ [32m'0.00'[39m, [32m'4.36'[39m, [32m'3.43'[39m, [32m'0.00'[39m ]
data rcv RT:[ [32m'0.00'[39m, [32m'4.34'[39m, [32m'3.43'[39m, [32m'0.00'[39m ]
data rcv RT:[ [32m'0.00'[39m, [32m'4.31'[39m, [32m'3.42'[39m, [32m'0.00'[39m ]
data rcv RT:[ [32m'0.00'[39m, [32m'4.30'[39m, [32m'3.43'[39m, [32m'0.00'[39m ]
data rcv RT:[ [32m'0.00'[39m, [32m'4.31'[39m, [32m'3.45'[39m, [32m'0.00'[39m ]
data rcv RT:[ [32m'0.00'[39m, [32m'4.25'[39m, [32m'3.40'[39m, [32m'0.00'[39m ]
data rcv RT:[ [32m'0.00'[39m, [32m'4.27'[39m, [32m'3.41'[39m, [32m'0.00'[39m ]
data rcv RT:[ [32m'0.00'[39m, [32m'4.27'[39m, [32m'3.40'[39m, [32m'0.00'[39m ]
data rcv RT:[ [32m'0.00'[39m, [32m'4.33'[39m, [32m'3.39'[39m, [32m'0.02'[39m ]
data rcv RT:[ [32m'0.00'[39m, [32m'4.30'[39m, [32m'3.39'[39m, [32m'0.00'[39m ]
data rcv RT:[ [32m'0.00'[39m, [32m'4.33'[39m, [32m'3.39'[39m, [32m'0.01'[39m ]
data rcv RT:[ [32m'0.00'[39m, [32m'4.37'[39m, [32m'3.38'[39m, [32m'0.02'[39m ]
data rcv RT:[ [32m'0.00'[39m, [32m'4.36'[39m, [32m'3.42'[39m, [32m'0.00'[39m ]
data rcv RT:[ [32m'0.00'[39m, [32m'4.34'[39m, [32m'3.42'[39m, [32m'0.00'[39m ]
data rcv RT:[ [32m'0.00'[39m, [32m'4.32'[39m, [32m'3.42'[39m, [32m'0.00'[39m ]
data rcv RT:[ [32m'0.00'[39m, [32m'4.32'[39m, [32m'3.43'[39m, [32m'0.00'[39m ]
data rcv RT:[ [32m'0.00'[39m, [32m'4.31'[39m, [32m'3.43'[39m, [32m'0.00'[39m ]
data rcv RT:[ [32m'0.00'[39m, [32m'4.26'[39m, [32m'3.41'[39m, [32m'0.00'[39m ]
data rcv RT:[ [32m'0.00'[39m, [32m'4.27'[39m, [32m'3.41'[39m, [32m'0.00'[39m ]
data rcv RT:[ [32m'0.00'[39m, [32m'4.28'[39m, [32m'3.38'[39m, [32m'0.00'[39m ]
data rcv RT:[ [32m'0.00'[39m, [32m'4.29'[39m, [32m'3.37'[39m, [32m'0.01'[39m ]
data rcv RT:[ [32m'0.00'[39m, [32m'4.33'[39m, [32m'3.38'[39m, [32m'0.00'[39m ]
data rcv RT:[ [32m'0.00'[39m, [32m'4.34'[39m, [32m'3.38'[39m, [32m'0.02'[39m ]
data rcv RT:[ [32m'0.00'[39m, [32m'4.36'[39m, [32m'3.39'[39m, [32m'0.03'[39m ]
data rcv RT:[ [32m'0.00'[39m, [32m'4.33'[39m, [32m'3.44'[39m, [32m'0.00'[39m ]
data rcv RT:[ [32m'0.00'[39m, [32m'4.37'[39m, [32m'3.43'[39m, [32m'0.00'[39m ]
data rcv RT:[ [32m'0.00'[39m, [32m'4.35'[39m, [32m'3.43'[39m, [32m'0.00'[39m ]
data rcv RT:[ [32m'0.00'[39m, [32m'4.31'[39m, [32m'3.41'[39m, [32m'0.00'[39m ]
data rcv RT:[ [32m'0.00'[39m, [32m'4.30'[39m, [32m'3.44'[39m, [32m'0.00'[39m ]
data rcv RT:[ [32m'0.00'[39m, [32m'4.27'[39m, [32m'3.39'[39m, [32m'0.00'[39m ]
data rcv RT:[ [32m'0.00'[39m, [32m'4.28'[39m, [32m'3.39'[39m, [32m'0.00'[39m ]
data rcv RT:[ [32m'0.00'[39m, [32m'4.29'[39m, [32m'3.37'[39m, [32m'0.00'[39m ]
data rcv RT:[ [32m'0.00'[39m, [32m'4.31'[39m, [32m'3.35'[39m, [32m'0.00'[39m ]
data rcv RT:[ [32m'0.00'[39m, [32m'4.33'[39m, [32m'3.37'[39m, [32m'0.01'[39m ]
data rcv RT:[ [32m'0.00'[39m, [32m'4.33'[39m, [32m'3.37'[39m, [32m'0.02'[39m ]
data rcv RT:[ [32m'0.00'[39m, [32m'4.36'[39m, [32m'3.40'[39m, [32m'0.02'[39m ]
data rcv RT:[ [32m'0.00'[39m, [32m'4.33'[39m, [32m'3.44'[39m, [32m'0.00'[39m ]
data rcv RT:[ [32m'0.00'[39m, [32m'4.33'[39m, [32m'3.43'[39m, [32m'0.00'[39m ]
data rcv RT:[ [32m'0.00'[39m, [32m'4.31'[39m, [32m'3.43'[39m, [32m'0.00'[39m ]
data rcv RT:[ [32m'0.00'[39m, [32m'4.31'[39m, [32m'3.45'[39m, [32m'0.00'[39m ]
data rcv RT:[ [32m'0.00'[39m, [32m'4.26'[39m, [32m'3.41'[39m, [32m'0.00'[39m ]
data rcv RT:[ [32m'0.00'[39m, [32m'4.29'[39m, [32m'3.43'[39m, [32m'0.00'[39m ]
data rcv RT:[ [32m'0.00'[39m, [32m'4.29'[39m, [32m'3.39'[39m, [32m'0.00'[39m ]
data rcv RT:[ [32m'0.00'[39m, [32m'4.29'[39m, [32m'3.38'[39m, [32m'0.00'[39m ]
data rcv RT:[ [32m'0.00'[39m, [32m'4.31'[39m, [32m'3.36'[39m, [32m'0.02'[39m ]
data rcv RT:[ [32m'0.00'[39m, [32m'4.35'[39m, [32m'3.38'[39m, [32m'0.04'[39m ]
data rcv RT:[ [32m'0.00'[39m, [32m'4.39'[39m, [32m'3.41'[39m, [32m'0.00'[39m ]
data rcv RT:[ [32m'0.00'[39m, [32m'4.34'[39m, [32m'3.43'[39m, [32m'0.00'[39m ]
data rcv RT:[ [32m'0.00'[39m, [32m'4.33'[39m, [32m'3.43'[39m, [32m'0.00'[39m ]
data rcv RT:[ [32m'0.00'[39m, [32m'4.32'[39m, [32m'3.42'[39m, [32m'0.00'[39m ]
data rcv RT:[ [32m'0.00'[39m, [32m'4.31'[39m, [32m'3.47'[39m, [32m'0.00'[39m ]
data rcv RT:[ [32m'0.00'[39m, [32m'4.25'[39m, [32m'3.44'[39m, [32m'0.00'[39m ]
data rcv RT:[ [32m'0.00'[39m, [32m'4.28'[39m, [32m'3.41'[39m, [32m'0.00'[39m ]
data rcv RT:[ [32m'0.00'[39m, [32m'4.28'[39m, [32m'3.37'[39m, [32m'0.00'[39m ]
data rcv RT:[ [32m'0.00'[39m, [32m'4.31'[39m, [32m'3.37'[39m, [32m'0.00'[39m ]
data rcv RT:[ [32m'0.00'[39m, [32m'4.32'[39m, [32m'3.38'[39m, [32m'0.01'[39m ]
data rcv RT:[ [32m'0.00'[39m, [32m'4.33'[39m, [32m'3.37'[39m, [32m'0.03'[39m ]
data rcv RT:[ [32m'0.00'[39m, [32m'4.35'[39m, [32m'3.40'[39m, [32m'0.03'[39m ]
data rcv RT:[ [32m'0.00'[39m, [32m'4.38'[39m, [32m'3.40'[39m, [32m'0.00'[39m ]
data rcv RT:[ [32m'0.00'[39m, [32m'4.36'[39m, [32m'3.41'[39m, [32m'0.00'[39m ]
data rcv RT:[ [32m'0.00'[39m, [32m'4.35'[39m, [32m'3.42'[39m, [32m'0.00'[39m ]
data rcv RT:[ [32m'0.00'[39m, [32m'4.31'[39m, [32m'3.43'[39m, [32m'0.00'[39m ]
data rcv RT:[ [32m'0.00'[39m, [32m'4.31'[39m, [32m'3.42'[39m, [32m'0.00'[39m ]
data rcv RT:[ [32m'0.00'[39m, [32m'4.26'[39m, [32m'3.39'[39m, [32m'0.00'[39m ]
data rcv RT:[ [32m'0.00'[39m, [32m'4.26'[39m, [32m'3.39'[39m, [32m'0.00'[39m ]
data rcv RT:[ [32m'0.00'[39m, [32m'4.28'[39m, [32m'3.41'[39m, [32m'0.00'[39m ]
data rcv RT:[ [32m'0.00'[39m, [32m'4.30'[39m, [32m'3.36'[39m, [32m'0.00'[39m ]
data rcv RT:[ [32m'0.00'[39m, [32m'4.31'[39m, [32m'3.38'[39m, [32m'0.00'[39m ]
data rcv RT:[ [32m'0.00'[39m, [32m'4.32'[39m, [32m'3.39'[39m, [32m'0.01'[39m ]
data rcv RT:[ [32m'0.00'[39m, [32m'4.33'[39m, [32m'3.38'[39m, [32m'0.02'[39m ]
data rcv RT:[ [32m'0.00'[39m, [32m'4.39'[39m, [32m'3.41'[39m, [32m'0.00'[39m ]
data rcv RT:[ [32m'0.00'[39m, [32m'4.37'[39m, [32m'3.39'[39m, [32m'0.00'[39m ]
data rcv RT:[ [32m'0.00'[39m, [32m'4.36'[39m, [32m'3.42'[39m, [32m'0.00'[39m ]
data rcv RT:[ [32m'0.00'[39m, [32m'4.37'[39m, [32m'3.43'[39m, [32m'0.00'[39m ]
data rcv RT:[ [32m'0.00'[39m, [32m'4.34'[39m, [32m'3.42'[39m, [32m'0.00'[39m ]
data rcv RT:[ [32m'0.00'[39m, [32m'4.35'[39m, [32m'3.43'[39m, [32m'0.00'[39m ]
data rcv RT:[ [32m'0.00'[39m, [32m'4.33'[39m, [32m'3.42'[39m, [32m'0.00'[39m ]
data rcv RT:[ [32m'0.00'[39m, [32m'4.28'[39m, [32m'3.43'[39m, [32m'0.00'[39m ]
data rcv RT:[ [32m'0.00'[39m, [32m'4.31'[39m, [32m'3.44'[39m, [32m'0.00'[39m ]
data rcv RT:[ [32m'0.00'[39m, [32m'4.30'[39m, [32m'3.43'[39m, [32m'0.00'[39m ]
data rcv RT:[ [32m'0.00'[39m, [32m'4.26'[39m, [32m'3.39'[39m, [32m'0.00'[39m ]
data rcv RT:[ [32m'0.00'[39m, [32m'4.26'[39m, [32m'3.40'[39m, [32m'0.00'[39m ]
data rcv RT:[ [32m'0.00'[39m, [32m'4.26'[39m, [32m'3.39'[39m, [32m'0.00'[39m ]
data rcv RT:[ [32m'0.00'[39m, [32m'4.32'[39m, [32m'3.37'[39m, [32m'0.01'[39m ]
data rcv RT:[ [32m'0.00'[39m, [32m'4.32'[39m, [32m'3.37'[39m, [32m'0.01'[39m ]
data rcv RT:[ [32m'0.00'[39m, [32m'4.32'[39m, [32m'3.40'[39m, [32m'0.00'[39m ]
data rcv RT:[ [32m'0.00'[39m, [32m'4.33'[39m, [32m'3.37'[39m, [32m'0.04'[39m ]
data rcv RT:[ [32m'0.00'[39m, [32m'4.36'[39m, [32m'3.42'[39m, [32m'0.00'[39m ]
data rcv RT:[ [32m'0.00'[39m, [32m'4.35'[39m, [32m'3.41'[39m, [32m'0.00'[39m ]
data rcv RT:[ [32m'0.00'[39m, [32m'4.33'[39m, [32m'3.44'[39m, [32m'0.00'[39m ]
data rcv RT:[ [32m'0.00'[39m, [32m'4.31'[39m, [32m'3.45'[39m, [32m'0.00'[39m ]
data rcv RT:[ [32m'0.00'[39m, [32m'4.29'[39m, [32m'3.43'[39m, [32m'0.00'[39m ]
data rcv RT:[ [32m'0.00'[39m, [32m'4.28'[39m, [32m'3.40'[39m, [32m'0.00'[39m ]
data rcv RT:[ [32m'0.00'[39m, [32m'4.27'[39m, [32m'3.40'[39m, [32m'0.00'[39m ]
data rcv RT:[ [32m'0.00'[39m, [32m'4.28'[39m, [32m'3.37'[39m, [32m'0.00'[39m ]
data rcv RT:[ [32m'0.00'[39m, [32m'4.28'[39m, [32m'3.36'[39m, [32m'0.00'[39m ]
data rcv RT:[ [32m'0.00'[39m, [32m'4.32'[39m, [32m'3.37'[39m, [32m'0.00'[39m ]
data rcv RT:[ [32m'0.00'[39m, [32m'4.35'[39m, [32m'3.38'[39m, [32m'0.01'[39m ]
data rcv RT:[ [32m'0.00'[39m, [32m'4.33'[39m, [32m'3.40'[39m, [32m'0.00'[39m ]
data rcv RT:[ [32m'0.00'[39m, [32m'4.35'[39m, [32m'3.36'[39m, [32m'0.03'[39m ]
data rcv RT:[ [32m'0.00'[39m, [32m'4.37'[39m, [32m'3.41'[39m, [32m'0.00'[39m ]
data rcv RT:[ [32m'0.00'[39m, [32m'4.35'[39m, [32m'3.43'[39m, [32m'0.00'[39m ]
data rcv RT:[ [32m'0.00'[39m, [32m'4.31'[39m, [32m'3.43'[39m, [32m'0.00'[39m ]
data rcv RT:[ [32m'0.00'[39m, [32m'4.31'[39m, [32m'3.44'[39m, [32m'0.00'[39m ]
data rcv RT:[ [32m'0.00'[39m, [32m'4.29'[39m, [32m'3.42'[39m, [32m'0.00'[39m ]
data rcv RT:[ [32m'0.00'[39m, [32m'4.30'[39m, [32m'3.45'[39m, [32m'0.00'[39m ]
data rcv RT:[ [32m'0.00'[39m, [32m'4.28'[39m, [32m'3.42'[39m, [32m'0.00'[39m ]
data rcv RT:[ [32m'0.00'[39m, [32m'4.26'[39m, [32m'3.40'[39m, [32m'0.00'[39m ]
data rcv RT:[ [32m'0.00'[39m, [32m'4.28'[39m, [32m'3.38'[39m, [32m'0.00'[39m ]
data rcv RT:[ [32m'0.00'[39m, [32m'4.29'[39m, [32m'3.37'[39m, [32m'0.00'[39m ]
data rcv RT:[ [32m'0.00'[39m, [32m'4.33'[39m, [32m'3.38'[39m, [32m'0.01'[39m ]
data rcv RT:[ [32m'0.00'[39m, [32m'4.31'[39m, [32m'3.38'[39m, [32m'0.01'[39m ]
data rcv RT:[ [32m'0.00'[39m, [32m'4.32'[39m, [32m'3.36'[39m, [32m'0.05'[39m ]
data rcv RT:[ [32m'0.00'[39m, [32m'4.33'[39m, [32m'3.38'[39m, [32m'0.03'[39m ]
data rcv RT:[ [32m'0.00'[39m, [32m'4.37'[39m, [32m'3.40'[39m, [32m'0.00'[39m ]
data rcv RT:[ [32m'0.00'[39m, [32m'4.38'[39m, [32m'3.39'[39m, [32m'0.01'[39m ]
data rcv RT:[ [32m'0.00'[39m, [32m'4.37'[39m, [32m'3.41'[39m, [32m'0.00'[39m ]
data rcv RT:[ [32m'0.00'[39m, [32m'4.33'[39m, [32m'3.44'[39m, [32m'0.00'[39m ]
data rcv RT:[ [32m'0.00'[39m, [32m'4.34'[39m, [32m'3.41'[39m, [32m'0.00'[39m ]
data rcv RT:[ [32m'0.00'[39m, [32m'4.31'[39m, [32m'3.43'[39m, [32m'0.00'[39m ]
data rcv RT:[ [32m'0.00'[39m, [32m'4.33'[39m, [32m'3.42'[39m, [32m'0.00'[39m ]
data rcv RT:[ [32m'0.00'[39m, [32m'4.30'[39m, [32m'3.45'[39m, [32m'0.00'[39m ]
data rcv RT:[ [32m'0.00'[39m, [32m'4.25'[39m, [32m'3.41'[39m, [32m'0.00'[39m ]
data rcv RT:[ [32m'0.00'[39m, [32m'4.29'[39m, [32m'3.44'[39m, [32m'0.00'[39m ]
data rcv RT:[ [32m'0.00'[39m, [32m'4.24'[39m, [32m'3.39'[39m, [32m'0.00'[39m ]
data rcv RT:[ [32m'0.00'[39m, [32m'4.27'[39m, [32m'3.39'[39m, [32m'0.00'[39m ]
data rcv RT:[ [32m'0.00'[39m, [32m'4.31'[39m, [32m'3.39'[39m, [32m'0.00'[39m ]
data rcv RT:[ [32m'0.00'[39m, [32m'4.35'[39m, [32m'3.38'[39m, [32m'0.02'[39m ]
data rcv RT:[ [32m'0.00'[39m, [32m'4.33'[39m, [32m'3.36'[39m, [32m'0.04'[39m ]
data rcv RT:[ [32m'0.00'[39m, [32m'4.37'[39m, [32m'3.37'[39m, [32m'0.02'[39m ]
data rcv RT:[ [32m'0.00'[39m, [32m'4.37'[39m, [32m'3.38'[39m, [32m'0.04'[39m ]
data rcv RT:[ [32m'0.00'[39m, [32m'4.37'[39m, [32m'3.37'[39m, [32m'0.03'[39m ]
data rcv RT:[ [32m'0.00'[39m, [32m'4.35'[39m, [32m'3.36'[39m, [32m'0.05'[39m ]
data rcv RT:[ [32m'0.00'[39m, [32m'4.38'[39m, [32m'3.42'[39m, [32m'0.00'[39m ]
data rcv RT:[ [32m'0.00'[39m, [32m'4.38'[39m, [32m'3.43'[39m, [32m'0.00'[39m ]
data rcv RT:[ [32m'0.00'[39m, [32m'4.34'[39m, [32m'3.42'[39m, [32m'0.00'[39m ]
data rcv RT:[ [32m'0.00'[39m, [32m'4.32'[39m, [32m'3.41'[39m, [32m'0.00'[39m ]
data rcv RT:[ [32m'0.00'[39m, [32m'4.32'[39m, [32m'3.41'[39m, [32m'0.00'[39m ]
data rcv RT:[ [32m'0.00'[39m, [32m'4.26'[39m, [32m'3.44'[39m, [32m'0.00'[39m ]
data rcv RT:[ [32m'0.00'[39m, [32m'4.26'[39m, [32m'3.39'[39m, [32m'0.00'[39m ]
data rcv RT:[ [32m'0.00'[39m, [32m'4.27'[39m, [32m'3.38'[39m, [32m'0.00'[39m ]
data rcv RT:[ [32m'0.00'[39m, [32m'4.28'[39m, [32m'3.37'[39m, [32m'0.00'[39m ]
data rcv RT:[ [32m'0.00'[39m, [32m'4.27'[39m, [32m'3.37'[39m, [32m'0.00'[39m ]
data rcv RT:[ [32m'0.00'[39m, [32m'4.32'[39m, [32m'3.38'[39m, [32m'0.00'[39m ]
data rcv RT:[ [32m'0.00'[39m, [32m'4.33'[39m, [32m'3.39'[39m, [32m'0.01'[39m ]
data rcv RT:[ [32m'0.00'[39m, [32m'4.34'[39m, [32m'3.39'[39m, [32m'0.02'[39m ]
data rcv RT:[ [32m'0.00'[39m, [32m'4.35'[39m, [32m'3.39'[39m, [32m'0.01'[39m ]
data rcv RT:[ [32m'0.00'[39m, [32m'4.34'[39m, [32m'3.36'[39m, [32m'0.05'[39m ]
data rcv RT:[ [32m'0.00'[39m, [32m'4.39'[39m, [32m'3.41'[39m, [32m'0.00'[39m ]
data rcv RT:[ [32m'0.00'[39m, [32m'4.35'[39m, [32m'3.46'[39m, [32m'0.00'[39m ]
data rcv RT:[ [32m'0.00'[39m, [32m'4.31'[39m, [32m'3.44'[39m, [32m'0.00'[39m ]
data rcv RT:[ [32m'0.00'[39m, [32m'4.34'[39m, [32m'3.41'[39m, [32m'0.00'[39m ]
data rcv RT:[ [32m'0.00'[39m, [32m'4.31'[39m, [32m'3.46'[39m, [32m'0.00'[39m ]
data rcv RT:[ [32m'0.00'[39m, [32m'4.28'[39m, [32m'3.43'[39m, [32m'0.00'[39m ]
data rcv RT:[ [32m'0.00'[39m, [32m'4.25'[39m, [32m'3.41'[39m, [32m'0.00'[39m ]
data rcv RT:[ [32m'0.00'[39m, [32m'4.26'[39m, [32m'3.42'[39m, [32m'0.00'[39m ]
data rcv RT:[ [32m'0.00'[39m, [32m'4.28'[39m, [32m'3.38'[39m, [32m'0.00'[39m ]
data rcv RT:[ [32m'0.00'[39m, [32m'4.28'[39m, [32m'3.38'[39m, [32m'0.00'[39m ]
data rcv RT:[ [32m'0.00'[39m, [32m'4.32'[39m, [32m'3.38'[39m, [32m'0.01'[39m ]
data rcv RT:[ [32m'0.00'[39m, [32m'4.35'[39m, [32m'3.37'[39m, [32m'0.02'[39m ]
data rcv RT:[ [32m'0.00'[39m, [32m'4.38'[39m, [32m'3.40'[39m, [32m'0.02'[39m ]
data rcv RT:[ [32m'0.00'[39m, [32m'4.35'[39m, [32m'3.39'[39m, [32m'0.03'[39m ]
data rcv RT:[ [32m'0.00'[39m, [32m'4.33'[39m, [32m'3.44'[39m, [32m'0.00'[39m ]
data rcv RT:[ [32m'0.00'[39m, [32m'4.37'[39m, [32m'3.42'[39m, [32m'0.00'[39m ]
data rcv RT:[ [32m'0.00'[39m, [32m'4.33'[39m, [32m'3.44'[39m, [32m'0.00'[39m ]
data rcv RT:[ [32m'0.00'[39m, [32m'4.31'[39m, [32m'3.43'[39m, [32m'0.00'[39m ]
data rcv RT:[ [32m'0.00'[39m, [32m'4.29'[39m, [32m'3.42'[39m, [32m'0.00'[39m ]
data rcv RT:[ [32m'0.00'[39m, [32m'4.32'[39m, [32m'3.45'[39m, [32m'0.00'[39m ]
data rcv RT:[ [32m'0.00'[39m, [32m'4.27'[39m, [32m'3.43'[39m, [32m'0.00'[39m ]
data rcv RT:[ [32m'0.00'[39m, [32m'4.25'[39m, [32m'3.40'[39m, [32m'0.00'[39m ]
data rcv RT:[ [32m'0.00'[39m, [32m'4.30'[39m, [32m'3.38'[39m, [32m'0.01'[39m ]
data rcv RT:[ [32m'0.00'[39m, [32m'4.32'[39m, [32m'3.38'[39m, [32m'0.02'[39m ]
data rcv RT:[ [32m'0.00'[39m, [32m'4.33'[39m, [32m'3.38'[39m, [32m'0.04'[39m ]
data rcv RT:[ [32m'0.00'[39m, [32m'4.37'[39m, [32m'3.41'[39m, [32m'0.02'[39m ]
data rcv RT:[ [32m'0.00'[39m, [32m'4.35'[39m, [32m'3.43'[39m, [32m'0.00'[39m ]
data rcv RT:[ [32m'0.00'[39m, [32m'4.34'[39m, [32m'3.43'[39m, [32m'0.00'[39m ]
data rcv RT:[ [32m'0.00'[39m, [32m'4.30'[39m, [32m'3.44'[39m, [32m'0.00'[39m ]
data rcv RT:[ [32m'0.00'[39m, [32m'4.31'[39m, [32m'3.42'[39m, [32m'0.00'[39m ]
data rcv RT:[ [32m'0.00'[39m, [32m'4.29'[39m, [32m'3.44'[39m, [32m'0.00'[39m ]
data rcv RT:[ [32m'0.00'[39m, [32m'4.26'[39m, [32m'3.37'[39m, [32m'0.00'[39m ]
data rcv RT:[ [32m'0.00'[39m, [32m'4.26'[39m, [32m'3.40'[39m, [32m'0.00'[39m ]
data rcv RT:[ [32m'0.00'[39m, [32m'4.29'[39m, [32m'3.38'[39m, [32m'0.00'[39m ]
data rcv RT:[ [32m'0.00'[39m, [32m'4.32'[39m, [32m'3.39'[39m, [32m'0.01'[39m ]
data rcv RT:[ [32m'0.00'[39m, [32m'4.33'[39m, [32m'3.39'[39m, [32m'0.02'[39m ]
data rcv RT:[ [32m'0.00'[39m, [32m'4.37'[39m, [32m'3.40'[39m, [32m'0.02'[39m ]
data rcv RT:[ [32m'0.00'[39m, [32m'4.38'[39m, [32m'3.41'[39m, [32m'0.01'[39m ]
data rcv RT:[ [32m'0.00'[39m, [32m'4.37'[39m, [32m'3.43'[39m, [32m'0.00'[39m ]
data rcv RT:[ [32m'0.00'[39m, [32m'4.35'[39m, [32m'3.42'[39m, [32m'0.00'[39m ]
data rcv RT:[ [32m'0.00'[39m, [32m'4.33'[39m, [32m'3.42'[39m, [32m'0.00'[39m ]
data rcv RT:[ [32m'0.00'[39m, [32m'4.30'[39m, [32m'3.43'[39m, [32m'0.00'[39m ]
data rcv RT:[ [32m'0.00'[39m, [32m'4.30'[39m, [32m'3.42'[39m, [32m'0.00'[39m ]
data rcv RT:[ [32m'0.00'[39m, [32m'4.28'[39m, [32m'3.42'[39m, [32m'0.00'[39m ]
data rcv RT:[ [32m'0.00'[39m, [32m'4.28'[39m, [32m'3.41'[39m, [32m'0.00'[39m ]
data rcv RT:[ [32m'0.00'[39m, [32m'4.27'[39m, [32m'3.39'[39m, [32m'0.00'[39m ]
data rcv RT:[ [32m'0.00'[39m, [32m'4.27'[39m, [32m'3.39'[39m, [32m'0.00'[39m ]
data rcv RT:[ [32m'0.00'[39m, [32m'4.34'[39m, [32m'3.37'[39m, [32m'0.02'[39m ]
data rcv RT:[ [32m'0.00'[39m, [32m'4.33'[39m, [32m'3.38'[39m, [32m'0.01'[39m ]
data rcv RT:[ [32m'0.00'[39m, [32m'4.36'[39m, [32m'3.38'[39m, [32m'0.01'[39m ]
data rcv RT:[ [32m'0.00'[39m, [32m'4.33'[39m, [32m'3.42'[39m, [32m'0.00'[39m ]
data rcv RT:[ [32m'0.00'[39m, [32m'4.33'[39m, [32m'3.42'[39m, [32m'0.00'[39m ]
data rcv RT:[ [32m'0.00'[39m, [32m'4.33'[39m, [32m'3.43'[39m, [32m'0.00'[39m ]
data rcv RT:[ [32m'0.00'[39m, [32m'4.32'[39m, [32m'3.41'[39m, [32m'0.00'[39m ]
data rcv RT:[ [32m'0.00'[39m, [32m'4.28'[39m, [32m'3.42'[39m, [32m'0.00'[39m ]
data rcv RT:[ [32m'0.00'[39m, [32m'4.27'[39m, [32m'3.41'[39m, [32m'0.00'[39m ]
data rcv RT:[ [32m'0.00'[39m, [32m'4.25'[39m, [32m'3.43'[39m, [32m'0.00'[39m ]
data rcv RT:[ [32m'0.00'[39m, [32m'4.26'[39m, [32m'3.40'[39m, [32m'0.00'[39m ]
data rcv RT:[ [32m'0.00'[39m, [32m'4.31'[39m, [32m'3.39'[39m, [32m'0.01'[39m ]
data rcv RT:[ [32m'0.00'[39m, [32m'4.34'[39m, [32m'3.39'[39m, [32m'0.01'[39m ]
data rcv RT:[ [32m'0.00'[39m, [32m'4.34'[39m, [32m'3.38'[39m, [32m'0.03'[39m ]
data rcv RT:[ [32m'0.00'[39m, [32m'4.35'[39m, [32m'3.35'[39m, [32m'0.06'[39m ]
data rcv RT:[ [32m'0.00'[39m, [32m'4.37'[39m, [32m'3.40'[39m, [32m'0.00'[39m ]
data rcv RT:[ [32m'0.00'[39m, [32m'4.33'[39m, [32m'3.43'[39m, [32m'0.00'[39m ]
data rcv RT:[ [32m'0.00'[39m, [32m'4.32'[39m, [32m'3.42'[39m, [32m'0.00'[39m ]
data rcv RT:[ [32m'0.00'[39m, [32m'4.30'[39m, [32m'3.44'[39m, [32m'0.00'[39m ]
data rcv RT:[ [32m'0.00'[39m, [32m'4.30'[39m, [32m'3.47'[39m, [32m'0.00'[39m ]
data rcv RT:[ [32m'0.00'[39m, [32m'4.26'[39m, [32m'3.40'[39m, [32m'0.00'[39m ]
data rcv RT:[ [32m'0.00'[39m, [32m'4.28'[39m, [32m'3.36'[39m, [32m'0.00'[39m ]
data rcv RT:[ [32m'0.00'[39m, [32m'4.31'[39m, [32m'3.37'[39m, [32m'0.02'[39m ]
data rcv RT:[ [32m'0.00'[39m, [32m'4.32'[39m, [32m'3.37'[39m, [32m'0.01'[39m ]
data rcv RT:[ [32m'0.00'[39m, [32m'4.33'[39m, [32m'3.35'[39m, [32m'0.05'[39m ]
data rcv RT:[ [32m'0.00'[39m, [32m'4.33'[39m, [32m'3.35'[39m, [32m'0.03'[39m ]
data rcv RT:[ [32m'0.00'[39m, [32m'4.37'[39m, [32m'3.40'[39m, [32m'0.01'[39m ]
data rcv RT:[ [32m'0.00'[39m, [32m'4.38'[39m, [32m'3.42'[39m, [32m'0.01'[39m ]
data rcv RT:[ [32m'0.00'[39m, [32m'4.33'[39m, [32m'3.43'[39m, [32m'0.00'[39m ]
data rcv RT:[ [32m'0.00'[39m, [32m'4.32'[39m, [32m'3.45'[39m, [32m'0.00'[39m ]
data rcv RT:[ [32m'0.00'[39m, [32m'4.31'[39m, [32m'3.42'[39m, [32m'0.00'[39m ]
data rcv RT:[ [32m'0.00'[39m, [32m'4.29'[39m, [32m'3.43'[39m, [32m'0.00'[39m ]
data rcv RT:[ [32m'0.00'[39m, [32m'4.28'[39m, [32m'3.41'[39m, [32m'0.00'[39m ]
data rcv RT:[ [32m'0.00'[39m, [32m'4.25'[39m, [32m'3.40'[39m, [32m'0.00'[39m ]
data rcv RT:[ [32m'0.00'[39m, [32m'4.27'[39m, [32m'3.39'[39m, [32m'0.00'[39m ]
data rcv RT:[ [32m'0.00'[39m, [32m'4.28'[39m, [32m'3.38'[39m, [32m'0.00'[39m ]
data rcv RT:[ [32m'0.00'[39m, [32m'4.32'[39m, [32m'3.38'[39m, [32m'0.00'[39m ]
data rcv RT:[ [32m'0.00'[39m, [32m'4.32'[39m, [32m'3.39'[39m, [32m'0.02'[39m ]
data rcv RT:[ [32m'0.00'[39m, [32m'4.35'[39m, [32m'3.36'[39m, [32m'0.02'[39m ]
data rcv RT:[ [32m'0.00'[39m, [32m'4.34'[39m, [32m'3.35'[39m, [32m'0.05'[39m ]
data rcv RT:[ [32m'0.00'[39m, [32m'4.36'[39m, [32m'3.41'[39m, [32m'0.01'[39m ]
data rcv RT:[ [32m'0.00'[39m, [32m'4.36'[39m, [32m'3.42'[39m, [32m'0.00'[39m ]
data rcv RT:[ [32m'0.00'[39m, [32m'4.33'[39m, [32m'3.42'[39m, [32m'0.00'[39m ]
data rcv RT:[ [32m'0.00'[39m, [32m'4.33'[39m, [32m'3.41'[39m, [32m'0.00'[39m ]
data rcv RT:[ [32m'0.00'[39m, [32m'4.32'[39m, [32m'3.42'[39m, [32m'0.00'[39m ]
data rcv RT:[ [32m'0.00'[39m, [32m'4.31'[39m, [32m'3.42'[39m, [32m'0.00'[39m ]
data rcv RT:[ [32m'0.00'[39m, [32m'4.29'[39m, [32m'3.43'[39m, [32m'0.00'[39m ]
data rcv RT:[ [32m'0.00'[39m, [32m'4.28'[39m, [32m'3.42'[39m, [32m'0.00'[39m ]
data rcv RT:[ [32m'0.00'[39m, [32m'4.26'[39m, [32m'3.39'[39m, [32m'0.00'[39m ]
data rcv RT:[ [32m'0.00'[39m, [32m'4.28'[39m, [32m'3.38'[39m, [32m'0.00'[39m ]
data rcv RT:[ [32m'0.00'[39m, [32m'4.28'[39m, [32m'3.39'[39m, [32m'0.00'[39m ]
data rcv RT:[ [32m'0.00'[39m, [32m'4.30'[39m, [32m'3.39'[39m, [32m'0.00'[39m ]
data rcv RT:[ [32m'0.00'[39m, [32m'4.37'[39m, [32m'3.38'[39m, [32m'0.03'[39m ]
data rcv RT:[ [32m'0.00'[39m, [32m'4.36'[39m, [32m'3.34'[39m, [32m'0.08'[39m ]
data rcv RT:[ [32m'0.00'[39m, [32m'4.35'[39m, [32m'3.38'[39m, [32m'0.02'[39m ]
data rcv RT:[ [32m'0.00'[39m, [32m'4.36'[39m, [32m'3.42'[39m, [32m'0.00'[39m ]
data rcv RT:[ [32m'0.00'[39m, [32m'4.31'[39m, [32m'3.43'[39m, [32m'0.00'[39m ]
data rcv RT:[ [32m'0.00'[39m, [32m'4.30'[39m, [32m'3.42'[39m, [32m'0.00'[39m ]
data rcv RT:[ [32m'0.00'[39m, [32m'4.30'[39m, [32m'3.44'[39m, [32m'0.00'[39m ]
data rcv RT:[ [32m'0.00'[39m, [32m'4.24'[39m, [32m'3.39'[39m, [32m'0.00'[39m ]
data rcv RT:[ [32m'0.00'[39m, [32m'4.26'[39m, [32m'3.38'[39m, [32m'0.00'[39m ]
data rcv RT:[ [32m'0.00'[39m, [32m'4.27'[39m, [32m'3.38'[39m, [32m'0.00'[39m ]
data rcv RT:[ [32m'0.00'[39m, [32m'4.29'[39m, [32m'3.38'[39m, [32m'0.00'[39m ]
data rcv RT:[ [32m'0.00'[39m, [32m'4.31'[39m, [32m'3.38'[39m, [32m'0.01'[39m ]
data rcv RT:[ [32m'0.00'[39m, [32m'4.34'[39m, [32m'3.34'[39m, [32m'0.05'[39m ]
data rcv RT:[ [32m'0.00'[39m, [32m'4.37'[39m, [32m'3.41'[39m, [32m'0.00'[39m ]
data rcv RT:[ [32m'0.00'[39m, [32m'4.36'[39m, [32m'3.43'[39m, [32m'0.00'[39m ]
data rcv RT:[ [32m'0.00'[39m, [32m'4.33'[39m, [32m'3.44'[39m, [32m'0.00'[39m ]
data rcv RT:[ [32m'0.00'[39m, [32m'4.32'[39m, [32m'3.42'[39m, [32m'0.00'[39m ]
data rcv RT:[ [32m'0.00'[39m, [32m'4.31'[39m, [32m'3.43'[39m, [32m'0.00'[39m ]
data rcv RT:[ [32m'0.00'[39m, [32m'4.26'[39m, [32m'3.44'[39m, [32m'0.00'[39m ]
data rcv RT:[ [32m'0.00'[39m, [32m'4.31'[39m, [32m'3.44'[39m, [32m'0.00'[39m ]
data rcv RT:[ [32m'0.00'[39m, [32m'4.24'[39m, [32m'3.39'[39m, [32m'0.00'[39m ]
data rcv RT:[ [32m'0.00'[39m, [32m'4.28'[39m, [32m'3.39'[39m, [32m'0.00'[39m ]
data rcv RT:[ [32m'0.00'[39m, [32m'4.27'[39m, [32m'3.38'[39m, [32m'0.00'[39m ]
data rcv RT:[ [32m'0.00'[39m, [32m'4.31'[39m, [32m'3.38'[39m, [32m'0.00'[39m ]
data rcv RT:[ [32m'0.00'[39m, [32m'4.31'[39m, [32m'3.37'[39m, [32m'0.00'[39m ]
data rcv RT:[ [32m'0.00'[39m, [32m'4.32'[39m, [32m'3.38'[39m, [32m'0.03'[39m ]
data rcv RT:[ [32m'0.00'[39m, [32m'4.37'[39m, [32m'3.40'[39m, [32m'0.00'[39m ]
data rcv RT:[ [32m'0.00'[39m, [32m'4.38'[39m, [32m'3.41'[39m, [32m'0.00'[39m ]
data rcv RT:[ [32m'0.00'[39m, [32m'4.36'[39m, [32m'3.42'[39m, [32m'0.00'[39m ]
data rcv RT:[ [32m'0.00'[39m, [32m'4.32'[39m, [32m'3.41'[39m, [32m'0.00'[39m ]
data rcv RT:[ [32m'0.00'[39m, [32m'4.29'[39m, [32m'3.43'[39m, [32m'0.00'[39m ]
data rcv RT:[ [32m'0.00'[39m, [32m'4.27'[39m, [32m'3.40'[39m, [32m'0.00'[39m ]
data rcv RT:[ [32m'0.00'[39m, [32m'4.28'[39m, [32m'3.41'[39m, [32m'0.00'[39m ]
data rcv RT:[ [32m'0.00'[39m, [32m'4.30'[39m, [32m'3.39'[39m, [32m'0.00'[39m ]
data rcv RT:[ [32m'0.00'[39m, [32m'4.28'[39m, [32m'3.38'[39m, [32m'0.00'[39m ]
data rcv RT:[ [32m'0.00'[39m, [32m'4.31'[39m, [32m'3.36'[39m, [32m'0.00'[39m ]
data rcv RT:[ [32m'0.00'[39m, [32m'4.35'[39m, [32m'3.37'[39m, [32m'0.05'[39m ]
data rcv RT:[ [32m'0.00'[39m, [32m'4.35'[39m, [32m'3.35'[39m, [32m'0.02'[39m ]
data rcv RT:[ [32m'0.00'[39m, [32m'4.37'[39m, [32m'3.38'[39m, [32m'0.01'[39m ]
data rcv RT:[ [32m'0.00'[39m, [32m'4.37'[39m, [32m'3.39'[39m, [32m'0.00'[39m ]
data rcv RT:[ [32m'0.00'[39m, [32m'4.34'[39m, [32m'3.42'[39m, [32m'0.00'[39m ]
data rcv RT:[ [32m'0.00'[39m, [32m'4.33'[39m, [32m'3.43'[39m, [32m'0.00'[39m ]
data rcv RT:[ [32m'0.00'[39m, [32m'4.30'[39m, [32m'3.44'[39m, [32m'0.00'[39m ]
data rcv RT:[ [32m'0.00'[39m, [32m'4.29'[39m, [32m'3.44'[39m, [32m'0.00'[39m ]
data rcv RT:[ [32m'0.00'[39m, [32m'4.27'[39m, [32m'3.42'[39m, [32m'0.00'[39m ]
data rcv RT:[ [32m'0.00'[39m, [32m'4.27'[39m, [32m'3.41'[39m, [32m'0.00'[39m ]
data rcv RT:[ [32m'0.00'[39m, [32m'4.29'[39m, [32m'3.37'[39m, [32m'0.00'[39m ]
data rcv RT:[ [32m'0.00'[39m, [32m'4.29'[39m, [32m'3.37'[39m, [32m'0.00'[39m ]
data rcv RT:[ [32m'0.00'[39m, [32m'4.29'[39m, [32m'3.37'[39m, [32m'0.00'[39m ]
data rcv RT:[ [32m'0.00'[39m, [32m'4.34'[39m, [32m'3.37'[39m, [32m'0.03'[39m ]
data rcv RT:[ [32m'0.00'[39m, [32m'4.36'[39m, [32m'3.40'[39m, [32m'0.02'[39m ]
data rcv RT:[ [32m'0.00'[39m, [32m'4.33'[39m, [32m'3.37'[39m, [32m'0.01'[39m ]
data rcv RT:[ [32m'0.00'[39m, [32m'4.38'[39m, [32m'3.41'[39m, [32m'0.00'[39m ]
data rcv RT:[ [32m'0.00'[39m, [32m'4.36'[39m, [32m'3.41'[39m, [32m'0.00'[39m ]
data rcv RT:[ [32m'0.00'[39m, [32m'4.38'[39m, [32m'3.38'[39m, [32m'0.02'[39m ]
data rcv RT:[ [32m'0.00'[39m, [32m'4.33'[39m, [32m'3.43'[39m, [32m'0.00'[39m ]
data rcv RT:[ [32m'0.00'[39m, [32m'4.32'[39m, [32m'3.43'[39m, [32m'0.00'[39m ]
data rcv RT:[ [32m'0.00'[39m, [32m'4.30'[39m, [32m'3.43'[39m, [32m'0.00'[39m ]
data rcv RT:[ [32m'0.00'[39m, [32m'4.29'[39m, [32m'3.43'[39m, [32m'0.00'[39m ]
data rcv RT:[ [32m'0.00'[39m, [32m'4.29'[39m, [32m'3.46'[39m, [32m'0.00'[39m ]
data rcv RT:[ [32m'0.00'[39m, [32m'4.26'[39m, [32m'3.40'[39m, [32m'0.00'[39m ]
data rcv RT:[ [32m'0.00'[39m, [32m'4.27'[39m, [32m'3.37'[39m, [32m'0.00'[39m ]
data rcv RT:[ [32m'0.00'[39m, [32m'4.28'[39m, [32m'3.39'[39m, [32m'0.00'[39m ]
data rcv RT:[ [32m'0.00'[39m, [32m'4.26'[39m, [32m'3.39'[39m, [32m'0.00'[39m ]
data rcv RT:[ [32m'0.00'[39m, [32m'4.33'[39m, [32m'3.40'[39m, [32m'0.01'[39m ]
data rcv RT:[ [32m'0.00'[39m, [32m'4.35'[39m, [32m'3.39'[39m, [32m'0.01'[39m ]
data rcv RT:[ [32m'0.00'[39m, [32m'4.33'[39m, [32m'3.37'[39m, [32m'0.01'[39m ]
data rcv RT:[ [32m'0.00'[39m, [32m'4.35'[39m, [32m'3.38'[39m, [32m'0.01'[39m ]
data rcv RT:[ [32m'0.00'[39m, [32m'4.36'[39m, [32m'3.43'[39m, [32m'0.00'[39m ]
data rcv RT:[ [32m'0.00'[39m, [32m'4.36'[39m, [32m'3.40'[39m, [32m'0.01'[39m ]
data rcv RT:[ [32m'0.00'[39m, [32m'4.36'[39m, [32m'3.40'[39m, [32m'0.02'[39m ]
data rcv RT:[ [32m'0.00'[39m, [32m'4.36'[39m, [32m'3.42'[39m, [32m'0.00'[39m ]
data rcv RT:[ [32m'0.00'[39m, [32m'4.33'[39m, [32m'3.43'[39m, [32m'0.00'[39m ]
data rcv RT:[ [32m'0.00'[39m, [32m'4.31'[39m, [32m'3.45'[39m, [32m'0.00'[39m ]
data rcv RT:[ [32m'0.00'[39m, [32m'4.27'[39m, [32m'3.45'[39m, [32m'0.00'[39m ]
data rcv RT:[ [32m'0.00'[39m, [32m'4.28'[39m, [32m'3.41'[39m, [32m'0.00'[39m ]
data rcv RT:[ [32m'0.00'[39m, [32m'4.25'[39m, [32m'3.39'[39m, [32m'0.00'[39m ]
data rcv RT:[ [32m'0.00'[39m, [32m'4.28'[39m, [32m'3.46'[39m, [32m'0.00'[39m ]
data rcv RT:[ [32m'0.00'[39m, [32m'4.28'[39m, [32m'3.39'[39m, [32m'0.00'[39m ]
data rcv RT:[ [32m'0.00'[39m, [32m'4.30'[39m, [32m'3.37'[39m, [32m'0.00'[39m ]
data rcv RT:[ [32m'0.00'[39m, [32m'4.33'[39m, [32m'3.38'[39m, [32m'0.00'[39m ]
data rcv RT:[ [32m'0.00'[39m, [32m'4.33'[39m, [32m'3.39'[39m, [32m'0.01'[39m ]
data rcv RT:[ [32m'0.00'[39m, [32m'4.32'[39m, [32m'3.35'[39m, [32m'0.05'[39m ]
data rcv RT:[ [32m'0.00'[39m, [32m'4.38'[39m, [32m'3.41'[39m, [32m'0.00'[39m ]
data rcv RT:[ [32m'0.00'[39m, [32m'4.38'[39m, [32m'3.40'[39m, [32m'0.02'[39m ]
data rcv RT:[ [32m'0.00'[39m, [32m'4.37'[39m, [32m'3.41'[39m, [32m'0.00'[39m ]
data rcv RT:[ [32m'0.00'[39m, [32m'4.37'[39m, [32m'3.43'[39m, [32m'0.00'[39m ]
data rcv RT:[ [32m'0.00'[39m, [32m'4.36'[39m, [32m'3.42'[39m, [32m'0.00'[39m ]
data rcv RT:[ [32m'0.00'[39m, [32m'4.33'[39m, [32m'3.43'[39m, [32m'0.00'[39m ]
data rcv RT:[ [32m'0.00'[39m, [32m'4.33'[39m, [32m'3.41'[39m, [32m'0.00'[39m ]
data rcv RT:[ [32m'0.00'[39m, [32m'4.31'[39m, [32m'3.41'[39m, [32m'0.00'[39m ]
data rcv RT:[ [32m'0.00'[39m, [32m'4.31'[39m, [32m'3.44'[39m, [32m'0.00'[39m ]
data rcv RT:[ [32m'0.00'[39m, [32m'4.25'[39m, [32m'3.41'[39m, [32m'0.00'[39m ]
data rcv RT:[ [32m'0.00'[39m, [32m'4.26'[39m, [32m'3.39'[39m, [32m'0.00'[39m ]
data rcv RT:[ [32m'0.00'[39m, [32m'4.26'[39m, [32m'3.41'[39m, [32m'0.00'[39m ]
data rcv RT:[ [32m'0.00'[39m, [32m'4.31'[39m, [32m'3.37'[39m, [32m'0.00'[39m ]
data rcv RT:[ [32m'0.00'[39m, [32m'4.28'[39m, [32m'3.39'[39m, [32m'0.00'[39m ]
data rcv RT:[ [32m'0.00'[39m, [32m'4.28'[39m, [32m'3.39'[39m, [32m'0.01'[39m ]
data rcv RT:[ [32m'0.00'[39m, [32m'4.37'[39m, [32m'3.37'[39m, [32m'0.03'[39m ]
data rcv RT:[ [32m'0.00'[39m, [32m'4.35'[39m, [32m'3.37'[39m, [32m'0.02'[39m ]
data rcv RT:[ [32m'0.00'[39m, [32m'4.37'[39m, [32m'3.40'[39m, [32m'0.00'[39m ]
data rcv RT:[ [32m'0.00'[39m, [32m'4.36'[39m, [32m'3.43'[39m, [32m'0.00'[39m ]
data rcv RT:[ [32m'0.00'[39m, [32m'4.33'[39m, [32m'3.41'[39m, [32m'0.00'[39m ]
data rcv RT:[ [32m'0.00'[39m, [32m'4.33'[39m, [32m'3.42'[39m, [32m'0.00'[39m ]
data rcv RT:[ [32m'0.00'[39m, [32m'4.30'[39m, [32m'3.47'[39m, [32m'0.00'[39m ]
data rcv RT:[ [32m'0.00'[39m, [32m'4.29'[39m, [32m'3.43'[39m, [32m'0.00'[39m ]
data rcv RT:[ [32m'0.00'[39m, [32m'4.29'[39m, [32m'3.43'[39m, [32m'0.00'[39m ]
data rcv RT:[ [32m'0.00'[39m, [32m'4.29'[39m, [32m'3.37'[39m, [32m'0.00'[39m ]
data rcv RT:[ [32m'0.00'[39m, [32m'4.27'[39m, [32m'3.38'[39m, [32m'0.00'[39m ]
data rcv RT:[ [32m'0.00'[39m, [32m'4.30'[39m, [32m'3.37'[39m, [32m'0.00'[39m ]
data rcv RT:[ [32m'0.00'[39m, [32m'4.34'[39m, [32m'3.39'[39m, [32m'0.01'[39m ]
data rcv RT:[ [32m'0.00'[39m, [32m'4.36'[39m, [32m'3.36'[39m, [32m'0.06'[39m ]
data rcv RT:[ [32m'0.00'[39m, [32m'4.38'[39m, [32m'3.40'[39m, [32m'0.04'[39m ]
data rcv RT:[ [32m'0.00'[39m, [32m'4.37'[39m, [32m'3.42'[39m, [32m'0.00'[39m ]
data rcv RT:[ [32m'0.00'[39m, [32m'4.37'[39m, [32m'3.41'[39m, [32m'0.00'[39m ]
data rcv RT:[ [32m'0.00'[39m, [32m'4.34'[39m, [32m'3.44'[39m, [32m'0.00'[39m ]
data rcv RT:[ [32m'0.00'[39m, [32m'4.30'[39m, [32m'3.44'[39m, [32m'0.00'[39m ]
data rcv RT:[ [32m'0.00'[39m, [32m'4.32'[39m, [32m'3.46'[39m, [32m'0.00'[39m ]
data rcv RT:[ [32m'0.00'[39m, [32m'4.32'[39m, [32m'3.42'[39m, [32m'0.00'[39m ]
data rcv RT:[ [32m'0.00'[39m, [32m'4.30'[39m, [32m'3.41'[39m, [32m'0.00'[39m ]
data rcv RT:[ [32m'0.00'[39m, [32m'4.28'[39m, [32m'3.42'[39m, [32m'0.00'[39m ]
data rcv RT:[ [32m'0.00'[39m, [32m'4.27'[39m, [32m'3.40'[39m, [32m'0.00'[39m ]
data rcv RT:[ [32m'0.00'[39m, [32m'4.26'[39m, [32m'3.37'[39m, [32m'0.00'[39m ]
data rcv RT:[ [32m'0.00'[39m, [32m'4.29'[39m, [32m'3.38'[39m, [32m'0.01'[39m ]
data rcv RT:[ [32m'0.00'[39m, [32m'4.29'[39m, [32m'3.38'[39m, [32m'0.00'[39m ]
data rcv RT:[ [32m'0.00'[39m, [32m'4.33'[39m, [32m'3.36'[39m, [32m'0.05'[39m ]
data rcv RT:[ [32m'0.00'[39m, [32m'4.36'[39m, [32m'3.38'[39m, [32m'0.03'[39m ]
data rcv RT:[ [32m'0.00'[39m, [32m'4.38'[39m, [32m'3.37'[39m, [32m'0.03'[39m ]
data rcv RT:[ [32m'0.00'[39m, [32m'4.37'[39m, [32m'3.44'[39m, [32m'0.00'[39m ]
data rcv RT:[ [32m'0.00'[39m, [32m'4.34'[39m, [32m'3.42'[39m, [32m'0.00'[39m ]
data rcv RT:[ [32m'0.00'[39m, [32m'4.34'[39m, [32m'3.43'[39m, [32m'0.00'[39m ]
data rcv RT:[ [32m'0.00'[39m, [32m'4.31'[39m, [32m'3.47'[39m, [32m'0.00'[39m ]
data rcv RT:[ [32m'0.00'[39m, [32m'4.28'[39m, [32m'3.44'[39m, [32m'0.00'[39m ]
data rcv RT:[ [32m'0.00'[39m, [32m'4.28'[39m, [32m'3.38'[39m, [32m'0.00'[39m ]
data rcv RT:[ [32m'0.00'[39m, [32m'4.29'[39m, [32m'3.38'[39m, [32m'0.00'[39m ]
data rcv RT:[ [32m'0.00'[39m, [32m'4.29'[39m, [32m'3.36'[39m, [32m'0.01'[39m ]
data rcv RT:[ [32m'0.00'[39m, [32m'4.32'[39m, [32m'3.40'[39m, [32m'0.00'[39m ]
data rcv RT:[ [32m'0.00'[39m, [32m'4.31'[39m, [32m'3.39'[39m, [32m'0.02'[39m ]
data rcv RT:[ [32m'0.00'[39m, [32m'4.35'[39m, [32m'3.37'[39m, [32m'0.05'[39m ]
data rcv RT:[ [32m'0.00'[39m, [32m'4.36'[39m, [32m'3.36'[39m, [32m'0.02'[39m ]
data rcv RT:[ [32m'0.00'[39m, [32m'4.34'[39m, [32m'3.44'[39m, [32m'0.00'[39m ]
data rcv RT:[ [32m'0.00'[39m, [32m'4.35'[39m, [32m'3.42'[39m, [32m'0.00'[39m ]
data rcv RT:[ [32m'0.00'[39m, [32m'4.32'[39m, [32m'3.44'[39m, [32m'0.00'[39m ]
data rcv RT:[ [32m'0.00'[39m, [32m'4.29'[39m, [32m'3.42'[39m, [32m'0.00'[39m ]
data rcv RT:[ [32m'0.00'[39m, [32m'4.28'[39m, [32m'3.42'[39m, [32m'0.00'[39m ]
data rcv RT:[ [32m'0.00'[39m, [32m'4.25'[39m, [32m'3.37'[39m, [32m'0.00'[39m ]
data rcv RT:[ [32m'0.00'[39m, [32m'4.30'[39m, [32m'3.36'[39m, [32m'0.00'[39m ]
data rcv RT:[ [32m'0.00'[39m, [32m'4.29'[39m, [32m'3.38'[39m, [32m'0.00'[39m ]
data rcv RT:[ [32m'0.00'[39m, [32m'4.32'[39m, [32m'3.37'[39m, [32m'0.02'[39m ]
data rcv RT:[ [32m'0.00'[39m, [32m'4.36'[39m, [32m'3.38'[39m, [32m'0.03'[39m ]
data rcv RT:[ [32m'0.00'[39m, [32m'4.37'[39m, [32m'3.38'[39m, [32m'0.01'[39m ]
data rcv RT:[ [32m'0.00'[39m, [32m'4.34'[39m, [32m'3.42'[39m, [32m'0.00'[39m ]
data rcv RT:[ [32m'0.00'[39m, [32m'4.31'[39m, [32m'3.43'[39m, [32m'0.00'[39m ]
data rcv RT:[ [32m'0.00'[39m, [32m'4.30'[39m, [32m'3.43'[39m, [32m'0.00'[39m ]
data rcv RT:[ [32m'0.00'[39m, [32m'4.29'[39m, [32m'3.44'[39m, [32m'0.00'[39m ]
data rcv RT:[ [32m'0.00'[39m, [32m'4.26'[39m, [32m'3.42'[39m, [32m'0.00'[39m ]
data rcv RT:[ [32m'0.00'[39m, [32m'4.27'[39m, [32m'3.38'[39m, [32m'0.00'[39m ]
data rcv RT:[ [32m'0.00'[39m, [32m'4.29'[39m, [32m'3.39'[39m, [32m'0.00'[39m ]
data rcv RT:[ [32m'0.00'[39m, [32m'4.33'[39m, [32m'3.35'[39m, [32m'0.03'[39m ]
data rcv RT:[ [32m'0.00'[39m, [32m'4.32'[39m, [32m'3.36'[39m, [32m'0.04'[39m ]
data rcv RT:[ [32m'0.00'[39m, [32m'4.37'[39m, [32m'3.42'[39m, [32m'0.00'[39m ]
data rcv RT:[ [32m'0.00'[39m, [32m'4.38'[39m, [32m'3.41'[39m, [32m'0.03'[39m ]
data rcv RT:[ [32m'0.00'[39m, [32m'4.39'[39m, [32m'3.40'[39m, [32m'0.01'[39m ]
data rcv RT:[ [32m'0.00'[39m, [32m'4.36'[39m, [32m'3.40'[39m, [32m'0.00'[39m ]
data rcv RT:[ [32m'0.00'[39m, [32m'4.33'[39m, [32m'3.42'[39m, [32m'0.00'[39m ]
data rcv RT:[ [32m'0.00'[39m, [32m'4.31'[39m, [32m'3.42'[39m, [32m'0.00'[39m ]
data rcv RT:[ [32m'0.00'[39m, [32m'4.32'[39m, [32m'3.41'[39m, [32m'0.00'[39m ]
data rcv RT:[ [32m'0.00'[39m, [32m'4.27'[39m, [32m'3.43'[39m, [32m'0.00'[39m ]
data rcv RT:[ [32m'0.00'[39m, [32m'4.26'[39m, [32m'3.38'[39m, [32m'0.00'[39m ]
data rcv RT:[ [32m'0.00'[39m, [32m'4.26'[39m, [32m'3.40'[39m, [32m'0.00'[39m ]
data rcv RT:[ [32m'0.00'[39m, [32m'4.28'[39m, [32m'3.36'[39m, [32m'0.00'[39m ]
data rcv RT:[ [32m'0.00'[39m, [32m'4.30'[39m, [32m'3.40'[39m, [32m'0.01'[39m ]
data rcv RT:[ [32m'0.00'[39m, [32m'4.31'[39m, [32m'3.36'[39m, [32m'0.00'[39m ]
data rcv RT:[ [32m'0.00'[39m, [32m'4.33'[39m, [32m'3.38'[39m, [32m'0.02'[39m ]
data rcv RT:[ [32m'0.00'[39m, [32m'4.34'[39m, [32m'3.37'[39m, [32m'0.02'[39m ]
data rcv RT:[ [32m'0.00'[39m, [32m'4.37'[39m, [32m'3.39'[39m, [32m'0.02'[39m ]
data rcv RT:[ [32m'0.00'[39m, [32m'4.39'[39m, [32m'3.42'[39m, [32m'0.00'[39m ]
data rcv RT:[ [32m'0.00'[39m, [32m'4.35'[39m, [32m'3.42'[39m, [32m'0.00'[39m ]
data rcv RT:[ [32m'0.00'[39m, [32m'4.36'[39m, [32m'3.42'[39m, [32m'0.00'[39m ]
data rcv RT:[ [32m'0.00'[39m, [32m'4.32'[39m, [32m'3.42'[39m, [32m'0.00'[39m ]
data rcv RT:[ [32m'0.00'[39m, [32m'4.31'[39m, [32m'3.44'[39m, [32m'0.00'[39m ]
data rcv RT:[ [32m'0.00'[39m, [32m'4.29'[39m, [32m'3.43'[39m, [32m'0.00'[39m ]
data rcv RT:[ [32m'0.00'[39m, [32m'4.30'[39m, [32m'3.44'[39m, [32m'0.00'[39m ]
data rcv RT:[ [32m'0.00'[39m, [32m'4.26'[39m, [32m'3.38'[39m, [32m'0.00'[39m ]
data rcv RT:[ [32m'0.00'[39m, [32m'4.26'[39m, [32m'3.38'[39m, [32m'0.00'[39m ]
data rcv RT:[ [32m'0.00'[39m, [32m'4.30'[39m, [32m'3.37'[39m, [32m'0.00'[39m ]
data rcv RT:[ [32m'0.00'[39m, [32m'4.31'[39m, [32m'3.37'[39m, [32m'0.00'[39m ]
data rcv RT:[ [32m'0.00'[39m, [32m'4.32'[39m, [32m'3.39'[39m, [32m'0.01'[39m ]
data rcv RT:[ [32m'0.00'[39m, [32m'4.31'[39m, [32m'3.38'[39m, [32m'0.01'[39m ]
data rcv RT:[ [32m'0.00'[39m, [32m'4.34'[39m, [32m'3.39'[39m, [32m'0.06'[39m ]
data rcv RT:[ [32m'0.00'[39m, [32m'4.36'[39m, [32m'3.38'[39m, [32m'0.00'[39m ]
data rcv RT:[ [32m'0.00'[39m, [32m'4.36'[39m, [32m'3.42'[39m, [32m'0.00'[39m ]
data rcv RT:[ [32m'0.00'[39m, [32m'4.34'[39m, [32m'3.43'[39m, [32m'0.00'[39m ]
data rcv RT:[ [32m'0.00'[39m, [32m'4.30'[39m, [32m'3.43'[39m, [32m'0.00'[39m ]
data rcv RT:[ [32m'0.00'[39m, [32m'4.31'[39m, [32m'3.44'[39m, [32m'0.00'[39m ]
data rcv RT:[ [32m'0.00'[39m, [32m'4.29'[39m, [32m'3.43'[39m, [32m'0.00'[39m ]
data rcv RT:[ [32m'0.00'[39m, [32m'4.31'[39m, [32m'3.42'[39m, [32m'0.00'[39m ]
data rcv RT:[ [32m'0.00'[39m, [32m'4.26'[39m, [32m'3.39'[39m, [32m'0.00'[39m ]
data rcv RT:[ [32m'0.00'[39m, [32m'4.26'[39m, [32m'3.41'[39m, [32m'0.00'[39m ]
data rcv RT:[ [32m'0.00'[39m, [32m'4.31'[39m, [32m'3.38'[39m, [32m'0.00'[39m ]
data rcv RT:[ [32m'0.00'[39m, [32m'4.30'[39m, [32m'3.36'[39m, [32m'0.00'[39m ]
data rcv RT:[ [32m'0.00'[39m, [32m'4.31'[39m, [32m'3.37'[39m, [32m'0.01'[39m ]
data rcv RT:[ [32m'0.00'[39m, [32m'4.32'[39m, [32m'3.39'[39m, [32m'0.01'[39m ]
data rcv RT:[ [32m'0.00'[39m, [32m'4.36'[39m, [32m'3.40'[39m, [32m'0.02'[39m ]
data rcv RT:[ [32m'0.00'[39m, [32m'4.35'[39m, [32m'3.36'[39m, [32m'0.06'[39m ]
data rcv RT:[ [32m'0.00'[39m, [32m'4.35'[39m, [32m'3.44'[39m, [32m'0.00'[39m ]
data rcv RT:[ [32m'0.00'[39m, [32m'4.36'[39m, [32m'3.42'[39m, [32m'0.00'[39m ]
data rcv RT:[ [32m'0.00'[39m, [32m'4.31'[39m, [32m'3.43'[39m, [32m'0.00'[39m ]
data rcv RT:[ [32m'0.00'[39m, [32m'4.31'[39m, [32m'3.43'[39m, [32m'0.00'[39m ]
data rcv RT:[ [32m'0.00'[39m, [32m'4.29'[39m, [32m'3.42'[39m, [32m'0.00'[39m ]
data rcv RT:[ [32m'0.00'[39m, [32m'4.27'[39m, [32m'3.42'[39m, [32m'0.00'[39m ]
data rcv RT:[ [32m'0.00'[39m, [32m'4.25'[39m, [32m'3.41'[39m, [32m'0.00'[39m ]
data rcv RT:[ [32m'0.00'[39m, [32m'4.27'[39m, [32m'3.37'[39m, [32m'0.00'[39m ]
data rcv RT:[ [32m'0.00'[39m, [32m'4.27'[39m, [32m'3.39'[39m, [32m'0.00'[39m ]
data rcv RT:[ [32m'0.00'[39m, [32m'4.31'[39m, [32m'3.37'[39m, [32m'0.01'[39m ]
data rcv RT:[ [32m'0.00'[39m, [32m'4.34'[39m, [32m'3.38'[39m, [32m'0.02'[39m ]
data rcv RT:[ [32m'0.00'[39m, [32m'4.34'[39m, [32m'3.37'[39m, [32m'0.04'[39m ]
data rcv RT:[ [32m'0.00'[39m, [32m'4.37'[39m, [32m'3.41'[39m, [32m'0.00'[39m ]
data rcv RT:[ [32m'0.00'[39m, [32m'4.35'[39m, [32m'3.43'[39m, [32m'0.00'[39m ]
data rcv RT:[ [32m'0.00'[39m, [32m'4.35'[39m, [32m'3.42'[39m, [32m'0.00'[39m ]
data rcv RT:[ [32m'0.00'[39m, [32m'4.32'[39m, [32m'3.42'[39m, [32m'0.00'[39m ]
data rcv RT:[ [32m'0.00'[39m, [32m'4.30'[39m, [32m'3.41'[39m, [32m'0.00'[39m ]
data rcv RT:[ [32m'0.00'[39m, [32m'4.32'[39m, [32m'3.44'[39m, [32m'0.00'[39m ]
data rcv RT:[ [32m'0.00'[39m, [32m'4.31'[39m, [32m'3.45'[39m, [32m'0.00'[39m ]
data rcv RT:[ [32m'0.00'[39m, [32m'4.30'[39m, [32m'3.42'[39m, [32m'0.00'[39m ]
data rcv RT:[ [32m'0.00'[39m, [32m'4.27'[39m, [32m'3.42'[39m, [32m'0.00'[39m ]
data rcv RT:[ [32m'0.00'[39m, [32m'4.26'[39m, [32m'3.40'[39m, [32m'0.00'[39m ]
data rcv RT:[ [32m'0.00'[39m, [32m'4.28'[39m, [32m'3.37'[39m, [32m'0.00'[39m ]
data rcv RT:[ [32m'0.00'[39m, [32m'4.30'[39m, [32m'3.39'[39m, [32m'0.00'[39m ]
data rcv RT:[ [32m'0.00'[39m, [32m'4.33'[39m, [32m'3.39'[39m, [32m'0.01'[39m ]
data rcv RT:[ [32m'0.00'[39m, [32m'4.32'[39m, [32m'3.34'[39m, [32m'0.08'[39m ]
data rcv RT:[ [32m'0.00'[39m, [32m'4.39'[39m, [32m'3.40'[39m, [32m'0.01'[39m ]
data rcv RT:[ [32m'0.00'[39m, [32m'4.36'[39m, [32m'3.40'[39m, [32m'0.01'[39m ]
data rcv RT:[ [32m'0.00'[39m, [32m'4.38'[39m, [32m'3.41'[39m, [32m'0.00'[39m ]
data rcv RT:[ [32m'0.00'[39m, [32m'4.34'[39m, [32m'3.43'[39m, [32m'0.00'[39m ]
data rcv RT:[ [32m'0.00'[39m, [32m'4.31'[39m, [32m'3.42'[39m, [32m'0.00'[39m ]
data rcv RT:[ [32m'0.00'[39m, [32m'4.32'[39m, [32m'3.42'[39m, [32m'0.00'[39m ]
data rcv RT:[ [32m'0.00'[39m, [32m'4.30'[39m, [32m'3.43'[39m, [32m'0.00'[39m ]
data rcv RT:[ [32m'0.00'[39m, [32m'4.26'[39m, [32m'3.40'[39m, [32m'0.00'[39m ]
data rcv RT:[ [32m'0.00'[39m, [32m'4.28'[39m, [32m'3.42'[39m, [32m'0.00'[39m ]
data rcv RT:[ [32m'0.00'[39m, [32m'4.26'[39m, [32m'3.40'[39m, [32m'0.00'[39m ]
data rcv RT:[ [32m'0.00'[39m, [32m'4.28'[39m, [32m'3.38'[39m, [32m'0.00'[39m ]
data rcv RT:[ [32m'0.00'[39m, [32m'4.31'[39m, [32m'3.39'[39m, [32m'0.00'[39m ]
data rcv RT:[ [32m'0.00'[39m, [32m'4.33'[39m, [32m'3.39'[39m, [32m'0.02'[39m ]
data rcv RT:[ [32m'0.00'[39m, [32m'4.34'[39m, [32m'3.37'[39m, [32m'0.05'[39m ]
data rcv RT:[ [32m'0.00'[39m, [32m'4.33'[39m, [32m'3.35'[39m, [32m'0.03'[39m ]
data rcv RT:[ [32m'0.00'[39m, [32m'4.36'[39m, [32m'3.39'[39m, [32m'0.02'[39m ]
data rcv RT:[ [32m'0.00'[39m, [32m'4.38'[39m, [32m'3.41'[39m, [32m'0.02'[39m ]
data rcv RT:[ [32m'0.00'[39m, [32m'4.35'[39m, [32m'3.43'[39m, [32m'0.00'[39m ]
data rcv RT:[ [32m'0.00'[39m, [32m'4.35'[39m, [32m'3.44'[39m, [32m'0.00'[39m ]
data rcv RT:[ [32m'0.00'[39m, [32m'4.31'[39m, [32m'3.44'[39m, [32m'0.00'[39m ]
data rcv RT:[ [32m'0.00'[39m, [32m'4.30'[39m, [32m'3.47'[39m, [32m'0.00'[39m ]
data rcv RT:[ [32m'0.00'[39m, [32m'4.27'[39m, [32m'3.41'[39m, [32m'0.00'[39m ]
data rcv RT:[ [32m'0.00'[39m, [32m'4.28'[39m, [32m'3.42'[39m, [32m'0.00'[39m ]
data rcv RT:[ [32m'0.00'[39m, [32m'4.26'[39m, [32m'3.40'[39m, [32m'0.00'[39m ]
data rcv RT:[ [32m'0.00'[39m, [32m'4.27'[39m, [32m'3.40'[39m, [32m'0.00'[39m ]
data rcv RT:[ [32m'0.00'[39m, [32m'4.33'[39m, [32m'3.38'[39m, [32m'0.01'[39m ]
data rcv RT:[ [32m'0.00'[39m, [32m'4.32'[39m, [32m'3.39'[39m, [32m'0.01'[39m ]
data rcv RT:[ [32m'0.00'[39m, [32m'4.36'[39m, [32m'3.37'[39m, [32m'0.02'[39m ]
data rcv RT:[ [32m'0.00'[39m, [32m'4.37'[39m, [32m'3.41'[39m, [32m'0.00'[39m ]
data rcv RT:[ [32m'0.00'[39m, [32m'4.39'[39m, [32m'3.40'[39m, [32m'0.01'[39m ]
data rcv RT:[ [32m'0.00'[39m, [32m'4.37'[39m, [32m'3.41'[39m, [32m'0.00'[39m ]
data rcv RT:[ [32m'0.00'[39m, [32m'4.36'[39m, [32m'3.42'[39m, [32m'0.00'[39m ]
data rcv RT:[ [32m'0.00'[39m, [32m'4.34'[39m, [32m'3.43'[39m, [32m'0.00'[39m ]
data rcv RT:[ [32m'0.00'[39m, [32m'4.33'[39m, [32m'3.43'[39m, [32m'0.00'[39m ]
data rcv RT:[ [32m'0.00'[39m, [32m'4.32'[39m, [32m'3.45'[39m, [32m'0.00'[39m ]
data rcv RT:[ [32m'0.00'[39m, [32m'4.28'[39m, [32m'3.45'[39m, [32m'0.00'[39m ]
data rcv RT:[ [32m'0.00'[39m, [32m'4.31'[39m, [32m'3.44'[39m, [32m'0.00'[39m ]
data rcv RT:[ [32m'0.00'[39m, [32m'4.27'[39m, [32m'3.39'[39m, [32m'0.00'[39m ]
data rcv RT:[ [32m'0.00'[39m, [32m'4.31'[39m, [32m'3.37'[39m, [32m'0.00'[39m ]
data rcv RT:[ [32m'0.00'[39m, [32m'4.31'[39m, [32m'3.39'[39m, [32m'0.01'[39m ]
data rcv RT:[ [32m'0.00'[39m, [32m'4.31'[39m, [32m'3.37'[39m, [32m'0.01'[39m ]
data rcv RT:[ [32m'0.00'[39m, [32m'4.36'[39m, [32m'3.38'[39m, [32m'0.03'[39m ]
data rcv RT:[ [32m'0.00'[39m, [32m'4.39'[39m, [32m'3.39'[39m, [32m'0.00'[39m ]
data rcv RT:[ [32m'0.00'[39m, [32m'4.37'[39m, [32m'3.40'[39m, [32m'0.03'[39m ]
data rcv RT:[ [32m'0.00'[39m, [32m'4.37'[39m, [32m'3.41'[39m, [32m'0.00'[39m ]
data rcv RT:[ [32m'0.00'[39m, [32m'4.37'[39m, [32m'3.41'[39m, [32m'0.00'[39m ]
data rcv RT:[ [32m'0.00'[39m, [32m'4.32'[39m, [32m'3.43'[39m, [32m'0.00'[39m ]
data rcv RT:[ [32m'0.00'[39m, [32m'4.29'[39m, [32m'3.43'[39m, [32m'0.00'[39m ]
data rcv RT:[ [32m'0.00'[39m, [32m'4.31'[39m, [32m'3.41'[39m, [32m'0.00'[39m ]
data rcv RT:[ [32m'0.00'[39m, [32m'4.29'[39m, [32m'3.45'[39m, [32m'0.00'[39m ]
data rcv RT:[ [32m'0.00'[39m, [32m'4.28'[39m, [32m'3.45'[39m, [32m'0.00'[39m ]
data rcv RT:[ [32m'0.00'[39m, [32m'4.26'[39m, [32m'3.40'[39m, [32m'0.00'[39m ]
data rcv RT:[ [32m'0.00'[39m, [32m'4.26'[39m, [32m'3.39'[39m, [32m'0.00'[39m ]
data rcv RT:[ [32m'0.00'[39m, [32m'4.28'[39m, [32m'3.39'[39m, [32m'0.00'[39m ]
data rcv RT:[ [32m'0.00'[39m, [32m'4.28'[39m, [32m'3.36'[39m, [32m'0.01'[39m ]
data rcv RT:[ [32m'0.00'[39m, [32m'4.29'[39m, [32m'3.37'[39m, [32m'0.00'[39m ]
data rcv RT:[ [32m'0.00'[39m, [32m'4.32'[39m, [32m'3.38'[39m, [32m'0.00'[39m ]
data rcv RT:[ [32m'0.00'[39m, [32m'4.31'[39m, [32m'3.37'[39m, [32m'0.01'[39m ]
data rcv RT:[ [32m'0.00'[39m, [32m'4.33'[39m, [32m'3.36'[39m, [32m'0.05'[39m ]
data rcv RT:[ [32m'0.00'[39m, [32m'4.35'[39m, [32m'3.38'[39m, [32m'0.01'[39m ]
data rcv RT:[ [32m'0.00'[39m, [32m'4.37'[39m, [32m'3.39'[39m, [32m'0.00'[39m ]
data rcv RT:[ [32m'0.00'[39m, [32m'4.37'[39m, [32m'3.40'[39m, [32m'0.01'[39m ]
data rcv RT:[ [32m'0.00'[39m, [32m'4.39'[39m, [32m'3.43'[39m, [32m'0.00'[39m ]
data rcv RT:[ [32m'0.00'[39m, [32m'4.32'[39m, [32m'3.43'[39m, [32m'0.00'[39m ]
data rcv RT:[ [32m'0.00'[39m, [32m'4.31'[39m, [32m'3.42'[39m, [32m'0.00'[39m ]
data rcv RT:[ [32m'0.00'[39m, [32m'4.31'[39m, [32m'3.43'[39m, [32m'0.00'[39m ]
data rcv RT:[ [32m'0.00'[39m, [32m'4.31'[39m, [32m'3.44'[39m, [32m'0.00'[39m ]
data rcv RT:[ [32m'0.00'[39m, [32m'4.28'[39m, [32m'3.45'[39m, [32m'0.00'[39m ]
data rcv RT:[ [32m'0.00'[39m, [32m'4.27'[39m, [32m'3.38'[39m, [32m'0.00'[39m ]
data rcv RT:[ [32m'0.00'[39m, [32m'4.28'[39m, [32m'3.38'[39m, [32m'0.00'[39m ]
data rcv RT:[ [32m'0.00'[39m, [32m'4.30'[39m, [32m'3.39'[39m, [32m'0.01'[39m ]
data rcv RT:[ [32m'0.00'[39m, [32m'4.32'[39m, [32m'3.36'[39m, [32m'0.02'[39m ]
data rcv RT:[ [32m'0.00'[39m, [32m'4.35'[39m, [32m'3.37'[39m, [32m'0.02'[39m ]
data rcv RT:[ [32m'0.00'[39m, [32m'4.36'[39m, [32m'3.37'[39m, [32m'0.04'[39m ]
data rcv RT:[ [32m'0.00'[39m, [32m'4.38'[39m, [32m'3.41'[39m, [32m'0.00'[39m ]
data rcv RT:[ [32m'0.00'[39m, [32m'4.39'[39m, [32m'3.38'[39m, [32m'0.04'[39m ]
data rcv RT:[ [32m'0.00'[39m, [32m'4.37'[39m, [32m'3.42'[39m, [32m'0.00'[39m ]
data rcv RT:[ [32m'0.00'[39m, [32m'4.39'[39m, [32m'3.41'[39m, [32m'0.00'[39m ]
data rcv RT:[ [32m'0.00'[39m, [32m'4.36'[39m, [32m'3.42'[39m, [32m'0.00'[39m ]
data rcv RT:[ [32m'0.00'[39m, [32m'4.34'[39m, [32m'3.42'[39m, [32m'0.00'[39m ]
data rcv RT:[ [32m'0.00'[39m, [32m'4.32'[39m, [32m'3.42'[39m, [32m'0.00'[39m ]
data rcv RT:[ [32m'0.00'[39m, [32m'4.29'[39m, [32m'3.41'[39m, [32m'0.00'[39m ]
data rcv RT:[ [32m'0.00'[39m, [32m'4.32'[39m, [32m'3.43'[39m, [32m'0.00'[39m ]
data rcv RT:[ [32m'0.00'[39m, [32m'4.27'[39m, [32m'3.42'[39m, [32m'0.00'[39m ]
data rcv RT:[ [32m'0.00'[39m, [32m'4.30'[39m, [32m'3.43'[39m, [32m'0.00'[39m ]
data rcv RT:[ [32m'0.00'[39m, [32m'4.30'[39m, [32m'3.44'[39m, [32m'0.00'[39m ]
data rcv RT:[ [32m'0.00'[39m, [32m'4.27'[39m, [32m'3.40'[39m, [32m'0.00'[39m ]
data rcv RT:[ [32m'0.00'[39m, [32m'4.25'[39m, [32m'3.39'[39m, [32m'0.00'[39m ]
data rcv RT:[ [32m'0.00'[39m, [32m'4.27'[39m, [32m'3.37'[39m, [32m'0.00'[39m ]
data rcv RT:[ [32m'0.00'[39m, [32m'4.32'[39m, [32m'3.36'[39m, [32m'0.01'[39m ]
data rcv RT:[ [32m'0.00'[39m, [32m'4.35'[39m, [32m'3.39'[39m, [32m'0.03'[39m ]
data rcv RT:[ [32m'0.00'[39m, [32m'4.35'[39m, [32m'3.37'[39m, [32m'0.03'[39m ]
data rcv RT:[ [32m'0.00'[39m, [32m'4.38'[39m, [32m'3.41'[39m, [32m'0.00'[39m ]
data rcv RT:[ [32m'0.00'[39m, [32m'4.35'[39m, [32m'3.42'[39m, [32m'0.00'[39m ]
data rcv RT:[ [32m'0.00'[39m, [32m'4.35'[39m, [32m'3.44'[39m, [32m'0.00'[39m ]
data rcv RT:[ [32m'0.00'[39m, [32m'4.30'[39m, [32m'3.41'[39m, [32m'0.00'[39m ]
data rcv RT:[ [32m'0.00'[39m, [32m'4.29'[39m, [32m'3.44'[39m, [32m'0.00'[39m ]
data rcv RT:[ [32m'0.00'[39m, [32m'4.26'[39m, [32m'3.39'[39m, [32m'0.00'[39m ]
data rcv RT:[ [32m'0.00'[39m, [32m'4.25'[39m, [32m'3.44'[39m, [32m'0.00'[39m ]
data rcv RT:[ [32m'0.00'[39m, [32m'4.28'[39m, [32m'3.36'[39m, [32m'0.00'[39m ]
data rcv RT:[ [32m'0.00'[39m, [32m'4.30'[39m, [32m'3.38'[39m, [32m'0.01'[39m ]
data rcv RT:[ [32m'0.00'[39m, [32m'4.31'[39m, [32m'3.39'[39m, [32m'0.01'[39m ]
data rcv RT:[ [32m'0.00'[39m, [32m'4.34'[39m, [32m'3.33'[39m, [32m'0.02'[39m ]
data rcv RT:[ [32m'0.00'[39m, [32m'4.35'[39m, [32m'3.37'[39m, [32m'0.05'[39m ]
data rcv RT:[ [32m'0.00'[39m, [32m'4.38'[39m, [32m'3.41'[39m, [32m'0.01'[39m ]
data rcv RT:[ [32m'0.00'[39m, [32m'4.38'[39m, [32m'3.43'[39m, [32m'0.00'[39m ]
data rcv RT:[ [32m'0.00'[39m, [32m'4.33'[39m, [32m'3.42'[39m, [32m'0.00'[39m ]
data rcv RT:[ [32m'0.00'[39m, [32m'4.32'[39m, [32m'3.42'[39m, [32m'0.00'[39m ]
data rcv RT:[ [32m'0.00'[39m, [32m'4.31'[39m, [32m'3.41'[39m, [32m'0.00'[39m ]
data rcv RT:[ [32m'0.00'[39m, [32m'4.29'[39m, [32m'3.45'[39m, [32m'0.00'[39m ]
data rcv RT:[ [32m'0.00'[39m, [32m'4.28'[39m, [32m'3.42'[39m, [32m'0.00'[39m ]
data rcv RT:[ [32m'0.00'[39m, [32m'4.26'[39m, [32m'3.38'[39m, [32m'0.00'[39m ]
data rcv RT:[ [32m'0.00'[39m, [32m'4.28'[39m, [32m'3.39'[39m, [32m'0.00'[39m ]
data rcv RT:[ [32m'0.00'[39m, [32m'4.30'[39m, [32m'3.37'[39m, [32m'0.00'[39m ]
data rcv RT:[ [32m'0.00'[39m, [32m'4.31'[39m, [32m'3.38'[39m, [32m'0.01'[39m ]
data rcv RT:[ [32m'0.00'[39m, [32m'4.33'[39m, [32m'3.35'[39m, [32m'0.06'[39m ]
data rcv RT:[ [32m'0.00'[39m, [32m'4.33'[39m, [32m'3.39'[39m, [32m'0.03'[39m ]
data rcv RT:[ [32m'0.00'[39m, [32m'4.37'[39m, [32m'3.41'[39m, [32m'0.01'[39m ]
data rcv RT:[ [32m'0.00'[39m, [32m'4.39'[39m, [32m'3.39'[39m, [32m'0.01'[39m ]
data rcv RT:[ [32m'0.00'[39m, [32m'4.34'[39m, [32m'3.44'[39m, [32m'0.00'[39m ]
data rcv RT:[ [32m'0.00'[39m, [32m'4.35'[39m, [32m'3.42'[39m, [32m'0.00'[39m ]
data rcv RT:[ [32m'0.00'[39m, [32m'4.33'[39m, [32m'3.43'[39m, [32m'0.00'[39m ]
data rcv RT:[ [32m'0.00'[39m, [32m'4.32'[39m, [32m'3.43'[39m, [32m'0.00'[39m ]
data rcv RT:[ [32m'0.00'[39m, [32m'4.26'[39m, [32m'3.42'[39m, [32m'0.00'[39m ]
data rcv RT:[ [32m'0.00'[39m, [32m'4.28'[39m, [32m'3.39'[39m, [32m'0.00'[39m ]
data rcv RT:[ [32m'0.00'[39m, [32m'4.29'[39m, [32m'3.43'[39m, [32m'0.00'[39m ]
data rcv RT:[ [32m'0.00'[39m, [32m'4.25'[39m, [32m'3.38'[39m, [32m'0.00'[39m ]
data rcv RT:[ [32m'0.00'[39m, [32m'4.28'[39m, [32m'3.37'[39m, [32m'0.00'[39m ]
data rcv RT:[ [32m'0.00'[39m, [32m'4.31'[39m, [32m'3.38'[39m, [32m'0.02'[39m ]
data rcv RT:[ [32m'0.00'[39m, [32m'4.34'[39m, [32m'3.39'[39m, [32m'0.02'[39m ]
data rcv RT:[ [32m'0.00'[39m, [32m'4.34'[39m, [32m'3.35'[39m, [32m'0.04'[39m ]
data rcv RT:[ [32m'0.00'[39m, [32m'4.37'[39m, [32m'3.39'[39m, [32m'0.04'[39m ]
data rcv RT:[ [32m'0.00'[39m, [32m'4.35'[39m, [32m'3.38'[39m, [32m'0.01'[39m ]
data rcv RT:[ [32m'0.00'[39m, [32m'4.35'[39m, [32m'3.41'[39m, [32m'0.00'[39m ]
data rcv RT:[ [32m'0.00'[39m, [32m'4.32'[39m, [32m'3.43'[39m, [32m'0.00'[39m ]
data rcv RT:[ [32m'0.00'[39m, [32m'4.32'[39m, [32m'3.43'[39m, [32m'0.00'[39m ]
data rcv RT:[ [32m'0.00'[39m, [32m'4.30'[39m, [32m'3.45'[39m, [32m'0.00'[39m ]
data rcv RT:[ [32m'0.00'[39m, [32m'4.26'[39m, [32m'3.43'[39m, [32m'0.00'[39m ]
data rcv RT:[ [32m'0.00'[39m, [32m'4.26'[39m, [32m'3.40'[39m, [32m'0.00'[39m ]
data rcv RT:[ [32m'0.00'[39m, [32m'4.28'[39m, [32m'3.39'[39m, [32m'0.00'[39m ]
data rcv RT:[ [32m'0.00'[39m, [32m'4.29'[39m, [32m'3.37'[39m, [32m'0.00'[39m ]
data rcv RT:[ [32m'0.00'[39m, [32m'4.29'[39m, [32m'3.39'[39m, [32m'0.00'[39m ]
data rcv RT:[ [32m'0.00'[39m, [32m'4.31'[39m, [32m'3.37'[39m, [32m'0.02'[39m ]
data rcv RT:[ [32m'0.00'[39m, [32m'4.33'[39m, [32m'3.36'[39m, [32m'0.02'[39m ]
data rcv RT:[ [32m'0.00'[39m, [32m'4.38'[39m, [32m'3.38'[39m, [32m'0.03'[39m ]
data rcv RT:[ [32m'0.00'[39m, [32m'4.36'[39m, [32m'3.42'[39m, [32m'0.00'[39m ]
data rcv RT:[ [32m'0.00'[39m, [32m'4.35'[39m, [32m'3.41'[39m, [32m'0.00'[39m ]
data rcv RT:[ [32m'0.00'[39m, [32m'4.34'[39m, [32m'3.43'[39m, [32m'0.00'[39m ]
data rcv RT:[ [32m'0.00'[39m, [32m'4.32'[39m, [32m'3.44'[39m, [32m'0.00'[39m ]
data rcv RT:[ [32m'0.00'[39m, [32m'4.31'[39m, [32m'3.41'[39m, [32m'0.00'[39m ]
data rcv RT:[ [32m'0.00'[39m, [32m'4.31'[39m, [32m'3.43'[39m, [32m'0.00'[39m ]
data rcv RT:[ [32m'0.00'[39m, [32m'4.28'[39m, [32m'3.44'[39m, [32m'0.00'[39m ]
data rcv RT:[ [32m'0.00'[39m, [32m'4.25'[39m, [32m'3.41'[39m, [32m'0.00'[39m ]
data rcv RT:[ [32m'0.00'[39m, [32m'4.26'[39m, [32m'3.40'[39m, [32m'0.00'[39m ]
data rcv RT:[ [32m'0.00'[39m, [32m'4.33'[39m, [32m'3.38'[39m, [32m'0.02'[39m ]
data rcv RT:[ [32m'0.00'[39m, [32m'4.30'[39m, [32m'3.37'[39m, [32m'0.00'[39m ]
data rcv RT:[ [32m'0.00'[39m, [32m'4.33'[39m, [32m'3.40'[39m, [32m'0.00'[39m ]
data rcv RT:[ [32m'0.00'[39m, [32m'4.30'[39m, [32m'3.39'[39m, [32m'0.00'[39m ]
data rcv RT:[ [32m'0.00'[39m, [32m'4.37'[39m, [32m'3.39'[39m, [32m'0.03'[39m ]
data rcv RT:[ [32m'0.00'[39m, [32m'4.38'[39m, [32m'3.42'[39m, [32m'0.00'[39m ]
data rcv RT:[ [32m'0.00'[39m, [32m'4.37'[39m, [32m'3.37'[39m, [32m'0.02'[39m ]
data rcv RT:[ [32m'0.00'[39m, [32m'4.36'[39m, [32m'3.41'[39m, [32m'0.00'[39m ]
data rcv RT:[ [32m'0.00'[39m, [32m'4.34'[39m, [32m'3.43'[39m, [32m'0.00'[39m ]
data rcv RT:[ [32m'0.00'[39m, [32m'4.35'[39m, [32m'3.43'[39m, [32m'0.00'[39m ]
data rcv RT:[ [32m'0.00'[39m, [32m'4.31'[39m, [32m'3.42'[39m, [32m'0.00'[39m ]
data rcv RT:[ [32m'0.00'[39m, [32m'4.30'[39m, [32m'3.41'[39m, [32m'0.00'[39m ]
data rcv RT:[ [32m'0.00'[39m, [32m'4.27'[39m, [32m'3.43'[39m, [32m'0.00'[39m ]
data rcv RT:[ [32m'0.00'[39m, [32m'4.27'[39m, [32m'3.39'[39m, [32m'0.00'[39m ]
data rcv RT:[ [32m'0.00'[39m, [32m'4.29'[39m, [32m'3.37'[39m, [32m'0.00'[39m ]
data rcv RT:[ [32m'0.00'[39m, [32m'4.27'[39m, [32m'3.37'[39m, [32m'0.00'[39m ]
data rcv RT:[ [32m'0.00'[39m, [32m'4.33'[39m, [32m'3.37'[39m, [32m'0.02'[39m ]
data rcv RT:[ [32m'0.00'[39m, [32m'4.31'[39m, [32m'3.38'[39m, [32m'0.01'[39m ]
data rcv RT:[ [32m'0.00'[39m, [32m'4.32'[39m, [32m'3.36'[39m, [32m'0.03'[39m ]
data rcv RT:[ [32m'0.00'[39m, [32m'4.38'[39m, [32m'3.41'[39m, [32m'0.00'[39m ]
data rcv RT:[ [32m'0.00'[39m, [32m'4.37'[39m, [32m'3.42'[39m, [32m'0.00'[39m ]
data rcv RT:[ [32m'0.00'[39m, [32m'4.36'[39m, [32m'3.43'[39m, [32m'0.00'[39m ]
data rcv RT:[ [32m'0.00'[39m, [32m'4.34'[39m, [32m'3.42'[39m, [32m'0.00'[39m ]
data rcv RT:[ [32m'0.00'[39m, [32m'4.35'[39m, [32m'3.42'[39m, [32m'0.00'[39m ]
data rcv RT:[ [32m'0.00'[39m, [32m'4.32'[39m, [32m'3.42'[39m, [32m'0.00'[39m ]
data rcv RT:[ [32m'0.00'[39m, [32m'4.28'[39m, [32m'3.47'[39m, [32m'0.00'[39m ]
data rcv RT:[ [32m'0.00'[39m, [32m'4.31'[39m, [32m'3.43'[39m, [32m'0.00'[39m ]
data rcv RT:[ [32m'0.00'[39m, [32m'4.26'[39m, [32m'3.44'[39m, [32m'0.00'[39m ]
data rcv RT:[ [32m'0.00'[39m, [32m'4.26'[39m, [32m'3.41'[39m, [32m'0.00'[39m ]
data rcv RT:[ [32m'0.00'[39m, [32m'4.26'[39m, [32m'3.40'[39m, [32m'0.00'[39m ]
data rcv RT:[ [32m'0.00'[39m, [32m'4.30'[39m, [32m'3.37'[39m, [32m'0.01'[39m ]
data rcv RT:[ [32m'0.00'[39m, [32m'4.30'[39m, [32m'3.38'[39m, [32m'0.00'[39m ]
data rcv RT:[ [32m'0.00'[39m, [32m'4.31'[39m, [32m'3.37'[39m, [32m'0.00'[39m ]
data rcv RT:[ [32m'0.00'[39m, [32m'4.35'[39m, [32m'3.35'[39m, [32m'0.03'[39m ]
data rcv RT:[ [32m'0.00'[39m, [32m'4.36'[39m, [32m'3.39'[39m, [32m'0.03'[39m ]
data rcv RT:[ [32m'0.00'[39m, [32m'4.39'[39m, [32m'3.41'[39m, [32m'0.04'[39m ]
data rcv RT:[ [32m'0.00'[39m, [32m'4.37'[39m, [32m'3.43'[39m, [32m'0.00'[39m ]
data rcv RT:[ [32m'0.00'[39m, [32m'4.33'[39m, [32m'3.42'[39m, [32m'0.00'[39m ]
data rcv RT:[ [32m'0.00'[39m, [32m'4.33'[39m, [32m'3.42'[39m, [32m'0.00'[39m ]
data rcv RT:[ [32m'0.00'[39m, [32m'4.30'[39m, [32m'3.43'[39m, [32m'0.00'[39m ]
data rcv RT:[ [32m'0.00'[39m, [32m'4.31'[39m, [32m'3.42'[39m, [32m'0.00'[39m ]
data rcv RT:[ [32m'0.00'[39m, [32m'4.28'[39m, [32m'3.42'[39m, [32m'0.00'[39m ]
data rcv RT:[ [32m'0.00'[39m, [32m'4.30'[39m, [32m'3.45'[39m, [32m'0.00'[39m ]
data rcv RT:[ [32m'0.00'[39m, [32m'4.28'[39m, [32m'3.39'[39m, [32m'0.00'[39m ]
data rcv RT:[ [32m'0.00'[39m, [32m'4.28'[39m, [32m'3.38'[39m, [32m'0.00'[39m ]
data rcv RT:[ [32m'0.00'[39m, [32m'4.28'[39m, [32m'3.37'[39m, [32m'0.00'[39m ]
data rcv RT:[ [32m'0.00'[39m, [32m'4.33'[39m, [32m'3.38'[39m, [32m'0.00'[39m ]
data rcv RT:[ [32m'0.00'[39m, [32m'4.32'[39m, [32m'3.39'[39m, [32m'0.01'[39m ]
data rcv RT:[ [32m'0.00'[39m, [32m'4.34'[39m, [32m'3.37'[39m, [32m'0.03'[39m ]
data rcv RT:[ [32m'0.00'[39m, [32m'4.37'[39m, [32m'3.38'[39m, [32m'0.02'[39m ]
data rcv RT:[ [32m'0.00'[39m, [32m'4.36'[39m, [32m'3.44'[39m, [32m'0.00'[39m ]
data rcv RT:[ [32m'0.00'[39m, [32m'4.33'[39m, [32m'3.44'[39m, [32m'0.00'[39m ]
data rcv RT:[ [32m'0.00'[39m, [32m'4.33'[39m, [32m'3.42'[39m, [32m'0.00'[39m ]
data rcv RT:[ [32m'0.00'[39m, [32m'4.30'[39m, [32m'3.42'[39m, [32m'0.00'[39m ]
data rcv RT:[ [32m'0.00'[39m, [32m'4.31'[39m, [32m'3.45'[39m, [32m'0.00'[39m ]
data rcv RT:[ [32m'0.00'[39m, [32m'4.30'[39m, [32m'3.45'[39m, [32m'0.00'[39m ]
data rcv RT:[ [32m'0.00'[39m, [32m'4.25'[39m, [32m'3.41'[39m, [32m'0.00'[39m ]
data rcv RT:[ [32m'0.00'[39m, [32m'4.29'[39m, [32m'3.38'[39m, [32m'0.00'[39m ]
data rcv RT:[ [32m'0.00'[39m, [32m'4.27'[39m, [32m'3.39'[39m, [32m'0.00'[39m ]
data rcv RT:[ [32m'0.00'[39m, [32m'4.31'[39m, [32m'3.37'[39m, [32m'0.01'[39m ]
data rcv RT:[ [32m'0.00'[39m, [32m'4.33'[39m, [32m'3.36'[39m, [32m'0.07'[39m ]
data rcv RT:[ [32m'0.00'[39m, [32m'4.35'[39m, [32m'3.37'[39m, [32m'0.06'[39m ]
data rcv RT:[ [32m'0.00'[39m, [32m'4.38'[39m, [32m'3.40'[39m, [32m'0.03'[39m ]
data rcv RT:[ [32m'0.00'[39m, [32m'4.36'[39m, [32m'3.42'[39m, [32m'0.00'[39m ]
data rcv RT:[ [32m'0.00'[39m, [32m'4.34'[39m, [32m'3.42'[39m, [32m'0.00'[39m ]
data rcv RT:[ [32m'0.00'[39m, [32m'4.31'[39m, [32m'3.44'[39m, [32m'0.00'[39m ]
data rcv RT:[ [32m'0.00'[39m, [32m'4.29'[39m, [32m'3.44'[39m, [32m'0.00'[39m ]
data rcv RT:[ [32m'0.00'[39m, [32m'4.27'[39m, [32m'3.42'[39m, [32m'0.00'[39m ]
data rcv RT:[ [32m'0.00'[39m, [32m'4.27'[39m, [32m'3.39'[39m, [32m'0.00'[39m ]
data rcv RT:[ [32m'0.00'[39m, [32m'4.27'[39m, [32m'3.39'[39m, [32m'0.00'[39m ]
data rcv RT:[ [32m'0.00'[39m, [32m'4.29'[39m, [32m'3.38'[39m, [32m'0.01'[39m ]
data rcv RT:[ [32m'0.00'[39m, [32m'4.31'[39m, [32m'3.39'[39m, [32m'0.01'[39m ]
data rcv RT:[ [32m'0.00'[39m, [32m'4.34'[39m, [32m'3.39'[39m, [32m'0.01'[39m ]
data rcv RT:[ [32m'0.00'[39m, [32m'4.37'[39m, [32m'3.37'[39m, [32m'0.06'[39m ]
data rcv RT:[ [32m'0.00'[39m, [32m'4.36'[39m, [32m'3.41'[39m, [32m'0.00'[39m ]
data rcv RT:[ [32m'0.00'[39m, [32m'4.37'[39m, [32m'3.42'[39m, [32m'0.01'[39m ]
data rcv RT:[ [32m'0.00'[39m, [32m'4.35'[39m, [32m'3.42'[39m, [32m'0.00'[39m ]
data rcv RT:[ [32m'0.00'[39m, [32m'4.34'[39m, [32m'3.44'[39m, [32m'0.00'[39m ]
data rcv RT:[ [32m'0.00'[39m, [32m'4.30'[39m, [32m'3.43'[39m, [32m'0.00'[39m ]
data rcv RT:[ [32m'0.00'[39m, [32m'4.30'[39m, [32m'3.42'[39m, [32m'0.00'[39m ]
data rcv RT:[ [32m'0.00'[39m, [32m'4.28'[39m, [32m'3.43'[39m, [32m'0.00'[39m ]
data rcv RT:[ [32m'0.00'[39m, [32m'4.31'[39m, [32m'3.46'[39m, [32m'0.00'[39m ]
data rcv RT:[ [32m'0.00'[39m, [32m'4.30'[39m, [32m'3.44'[39m, [32m'0.00'[39m ]
data rcv RT:[ [32m'0.00'[39m, [32m'4.28'[39m, [32m'3.39'[39m, [32m'0.00'[39m ]
data rcv RT:[ [32m'0.00'[39m, [32m'4.28'[39m, [32m'3.38'[39m, [32m'0.00'[39m ]
data rcv RT:[ [32m'0.00'[39m, [32m'4.28'[39m, [32m'3.39'[39m, [32m'0.00'[39m ]
data rcv RT:[ [32m'0.00'[39m, [32m'4.31'[39m, [32m'3.40'[39m, [32m'0.01'[39m ]
data rcv RT:[ [32m'0.00'[39m, [32m'4.30'[39m, [32m'3.39'[39m, [32m'0.00'[39m ]
data rcv RT:[ [32m'0.00'[39m, [32m'4.32'[39m, [32m'3.37'[39m, [32m'0.01'[39m ]
data rcv RT:[ [32m'0.00'[39m, [32m'4.36'[39m, [32m'3.40'[39m, [32m'0.01'[39m ]
data rcv RT:[ [32m'0.00'[39m, [32m'4.39'[39m, [32m'3.43'[39m, [32m'0.00'[39m ]
data rcv RT:[ [32m'0.00'[39m, [32m'4.36'[39m, [32m'3.44'[39m, [32m'0.00'[39m ]
data rcv RT:[ [32m'0.00'[39m, [32m'4.34'[39m, [32m'3.43'[39m, [32m'0.00'[39m ]
data rcv RT:[ [32m'0.00'[39m, [32m'4.35'[39m, [32m'3.43'[39m, [32m'0.00'[39m ]
data rcv RT:[ [32m'0.00'[39m, [32m'4.32'[39m, [32m'3.43'[39m, [32m'0.00'[39m ]
data rcv RT:[ [32m'0.00'[39m, [32m'4.33'[39m, [32m'3.43'[39m, [32m'0.00'[39m ]
data rcv RT:[ [32m'0.00'[39m, [32m'4.30'[39m, [32m'3.46'[39m, [32m'0.00'[39m ]
data rcv RT:[ [32m'0.00'[39m, [32m'4.25'[39m, [32m'3.38'[39m, [32m'0.00'[39m ]
data rcv RT:[ [32m'0.00'[39m, [32m'4.27'[39m, [32m'3.40'[39m, [32m'0.00'[39m ]
data rcv RT:[ [32m'0.00'[39m, [32m'4.27'[39m, [32m'3.37'[39m, [32m'0.00'[39m ]
data rcv RT:[ [32m'0.00'[39m, [32m'4.30'[39m, [32m'3.37'[39m, [32m'0.00'[39m ]
data rcv RT:[ [32m'0.00'[39m, [32m'4.32'[39m, [32m'3.39'[39m, [32m'0.02'[39m ]
data rcv RT:[ [32m'0.00'[39m, [32m'4.34'[39m, [32m'3.34'[39m, [32m'0.06'[39m ]
data rcv RT:[ [32m'0.00'[39m, [32m'4.34'[39m, [32m'3.36'[39m, [32m'0.05'[39m ]
data rcv RT:[ [32m'0.00'[39m, [32m'4.36'[39m, [32m'3.41'[39m, [32m'0.00'[39m ]
data rcv RT:[ [32m'0.00'[39m, [32m'4.34'[39m, [32m'3.41'[39m, [32m'0.00'[39m ]
